Error: error_code = 15; Access denied: user deactivated; id = 143831152
Error: error_code = 30; This profile is private; id = 283494282
Error: error_code = 15; Access denied: user deactivated; id = 328955670
Error: error_code = 30; This profile is private; id = 473723629
Error: error_code = 15; Access denied: user deactivated; id = 437719372
Error: error_code = 30; This profile is private; id = 91236397
Error: error_code = 15; Access denied: user deactivated; id = 250428875
Error: error_code = 30; This profile is private; id = 138059493
Error: error_code = 15; Access denied: user deactivated; id = 425590023
Error: error_code = 30; This profile is private; id = 345959673
Error: error_code = 30; This profile is private; id = 59406453
Error: error_code = 30; This profile is private; id = 12747813
Error: error_code = 30; This profile is private; id = 222602774
Error: error_code = 30; This profile is private; id = 261752070
Error: error_code = 15; Access denied: user deactivated; id = 283511374
Error: error_code = 15; Access denied: user deactivated; id = 567128318
Error: error_code = 15; Access denied: user deactivated; id = 522661505
Error: error_code = 30; This profile is private; id = 144089094
Error: error_code = 15; Access denied: user deactivated; id = 119409784
Error: error_code = 30; This profile is private; id = 560122536
Error: error_code = 30; This profile is private; id = 681177454
Error: error_code = 30; This profile is private; id = 79055470
Error: error_code = 30; This profile is private; id = 47665480
Error: error_code = 15; Access denied: user deactivated; id = 176812600
Error: error_code = 15; Access denied: user deactivated; id = 580187753
Error: error_code = 15; Access denied: user deactivated; id = 534980622
Error: error_code = 30; This profile is private; id = 677220278
Error: error_code = 15; Access denied: user deactivated; id = 561394995
Error: error_code = 30; This profile is private; id = 19523110
Error: error_code = 15; Access denied: user deactivated; id = 435312588
Error: error_code = 30; This profile is private; id = 686480935
Error: error_code = 30; This profile is private; id = 338590679
Error: error_code = 30; This profile is private; id = 224602526
Error: error_code = 15; Access denied: user deactivated; id = 320081170
Error: error_code = 30; This profile is private; id = 556205741
Error: error_code = 30; This profile is private; id = 491697360
Error: error_code = 15; Access denied: user deactivated; id = 140262257
Error: error_code = 30; This profile is private; id = 384518023
Error: error_code = 15; Access denied: user deactivated; id = 233385429
Error: error_code = 30; This profile is private; id = 79881738
Error: error_code = 30; This profile is private; id = 579205653
Error: error_code = 30; This profile is private; id = 773302
Error: error_code = 30; This profile is private; id = 461019236
Error: error_code = 30; This profile is private; id = 165503490
Error: error_code = 30; This profile is private; id = 78807500
Error: error_code = 30; This profile is private; id = 573705365
Error: error_code = 30; This profile is private; id = 9393817
Error: error_code = 15; Access denied: user deactivated; id = 206139272
Error: error_code = 15; Access denied: user deactivated; id = 461668782
Error: error_code = 30; This profile is private; id = 139132727
Error: error_code = 30; This profile is private; id = 597233868
Error: error_code = 15; Access denied: user deactivated; id = 387839259
Error: error_code = 15; Access denied: user deactivated; id = 530067837
Error: error_code = 15; Access denied: user deactivated; id = 461597648
Error: error_code = 30; This profile is private; id = 272537597
Error: error_code = 30; This profile is private; id = 560711114
Error: error_code = 15; Access denied: user deactivated; id = 311387485
Error: error_code = 15; Access denied: user deactivated; id = 31857879
Error: error_code = 30; This profile is private; id = 114456711
Error: error_code = 30; This profile is private; id = 142357061
Error: error_code = 15; Access denied: user deactivated; id = 561621625
Error: error_code = 15; Access denied: user deactivated; id = 151865768
Error: error_code = 30; This profile is private; id = 656964482
Error: error_code = 30; This profile is private; id = 283587040
Error: error_code = 30; This profile is private; id = 62370333
Error: error_code = 30; This profile is private; id = 140785079
Error: error_code = 30; This profile is private; id = 177278498
Error: error_code = 30; This profile is private; id = 3678560
Error: error_code = 15; Access denied: user deactivated; id = 422221268
Error: error_code = 30; This profile is private; id = 410686209
Error: error_code = 15; Access denied: user deactivated; id = 204764142
Error: error_code = 15; Access denied: user deactivated; id = 683786862
Error: error_code = 30; This profile is private; id = 258793656
Error: error_code = 15; Access denied: user deactivated; id = 537054265
Error: error_code = 30; This profile is private; id = 664836171
Error: error_code = 30; This profile is private; id = 471571063
Error: error_code = 30; This profile is private; id = 440646749
Error: error_code = 30; This profile is private; id = 364840753
Error: error_code = 15; Access denied: user deactivated; id = 320429089
Error: error_code = 30; This profile is private; id = 451730380
Error: error_code = 15; Access denied: user deactivated; id = 292419326
Error: error_code = 30; This profile is private; id = 629314470
Error: error_code = 30; This profile is private; id = 662120423
Error: error_code = 30; This profile is private; id = 233909203
Error: error_code = 30; This profile is private; id = 433061952
Error: error_code = 30; This profile is private; id = 7452693
Error: error_code = 30; This profile is private; id = 29031646
Error: error_code = 15; Access denied: user deactivated; id = 288298739
Error: error_code = 15; Access denied: user deactivated; id = 134468670
Error: error_code = 15; Access denied: user deactivated; id = 345356075
Error: error_code = 15; Access denied: user deactivated; id = 4188352
Error: error_code = 30; This profile is private; id = 709437656
Error: error_code = 15; Access denied: user deactivated; id = 137974206
Error: error_code = 30; This profile is private; id = 620624596
Error: error_code = 30; This profile is private; id = 104166342
Error: error_code = 30; This profile is private; id = 463867715
Error: error_code = 15; Access denied: user deactivated; id = 637345806
Error: error_code = 30; This profile is private; id = 234412119
Error: error_code = 30; This profile is private; id = 257829189
Error: error_code = 15; Access denied: user deactivated; id = 421426673
Error: error_code = 30; This profile is private; id = 95617546
Error: error_code = 30; This profile is private; id = 624678320
Error: error_code = 30; This profile is private; id = 42736969
Error: error_code = 30; This profile is private; id = 529727983
Error: error_code = 30; This profile is private; id = 604934871
Error: error_code = 30; This profile is private; id = 282284572
Error: error_code = 15; Access denied: user deactivated; id = 315356454
Error: error_code = 30; This profile is private; id = 600553919
Error: error_code = 30; This profile is private; id = 710680465
Error: error_code = 30; This profile is private; id = 672118311
Error: error_code = 15; Access denied: user deactivated; id = 238517617
Error: error_code = 30; This profile is private; id = 169488956
Error: error_code = 30; This profile is private; id = 629097512
Error: error_code = 15; Access denied: user deactivated; id = 221641278
Error: error_code = 15; Access denied: user deactivated; id = 431645718
Error: error_code = 30; This profile is private; id = 520079966
Error: error_code = 30; This profile is private; id = 609307541
Error: error_code = 30; This profile is private; id = 547180106
Error: error_code = 15; Access denied: user deactivated; id = 226225144
Error: error_code = 30; This profile is private; id = 678350124
Error: error_code = 15; Access denied: user deactivated; id = 691523456
Error: error_code = 30; This profile is private; id = 417125555
Error: error_code = 30; This profile is private; id = 277344342
Error: error_code = 30; This profile is private; id = 103232480
Error: error_code = 30; This profile is private; id = 410221385
Error: error_code = 30; This profile is private; id = 420287376
Error: error_code = 30; This profile is private; id = 652252654
Error: error_code = 30; This profile is private; id = 4320814
Error: error_code = 30; This profile is private; id = 589404272
Error: error_code = 30; This profile is private; id = 584371012
Error: error_code = 30; This profile is private; id = 521199591
Error: error_code = 30; This profile is private; id = 241903405
Error: error_code = 15; Access denied: user deactivated; id = 419385803
Error: error_code = 30; This profile is private; id = 442354622
Error: error_code = 30; This profile is private; id = 557145977
Error: error_code = 30; This profile is private; id = 154240120
Error: error_code = 30; This profile is private; id = 652815965
Error: error_code = 30; This profile is private; id = 567792381
Error: error_code = 30; This profile is private; id = 447647611
Error: error_code = 30; This profile is private; id = 272645625
Error: error_code = 15; Access denied: user deactivated; id = 310020555
Error: error_code = 30; This profile is private; id = 459546939
Error: error_code = 30; This profile is private; id = 30222047
Error: error_code = 15; Access denied: user deactivated; id = 263485095
Error: error_code = 30; This profile is private; id = 545697740
Error: error_code = 30; This profile is private; id = 703300302
Error: error_code = 30; This profile is private; id = 504936106
Error: error_code = 30; This profile is private; id = 245996773
Error: error_code = 15; Access denied: user deactivated; id = 563667176
Error: error_code = 30; This profile is private; id = 19135780
Error: error_code = 30; This profile is private; id = 560476485
Error: error_code = 15; Access denied: user deactivated; id = 340706638
Error: error_code = 30; This profile is private; id = 33659388
Error: error_code = 30; This profile is private; id = 302511782
Error: error_code = 15; Access denied: user deactivated; id = 420273716
Error: error_code = 30; This profile is private; id = 421179636
Error: error_code = 30; This profile is private; id = 465840333
Error: error_code = 30; This profile is private; id = 11874620
Error: error_code = 30; This profile is private; id = 603273623
Error: error_code = 30; This profile is private; id = 20653623
Error: error_code = 30; This profile is private; id = 221533828
Error: error_code = 30; This profile is private; id = 540156524
Error: error_code = 30; This profile is private; id = 220153622
Error: error_code = 30; This profile is private; id = 127985738
Error: error_code = 15; Access denied: user deactivated; id = 336242417
Error: error_code = 30; This profile is private; id = 350873794
Error: error_code = 30; This profile is private; id = 165751328
Error: error_code = 30; This profile is private; id = 46379224
Error: error_code = 30; This profile is private; id = 62420450
Error: error_code = 15; Access denied: user deactivated; id = 430275934
Error: error_code = 15; Access denied: user deactivated; id = 342905449
Error: error_code = 15; Access denied: user deactivated; id = 238808399
Error: error_code = 15; Access denied: user deactivated; id = 543465937
Error: error_code = 15; Access denied: user deactivated; id = 17890696
Error: error_code = 30; This profile is private; id = 151029235
Error: error_code = 30; This profile is private; id = 662188690
Error: error_code = 15; Access denied: user deactivated; id = 208430828
Error: error_code = 15; Access denied: user deactivated; id = 414130304
Error: error_code = 30; This profile is private; id = 93248791
Error: error_code = 30; This profile is private; id = 554966345
Error: error_code = 30; This profile is private; id = 653567019
Error: error_code = 30; This profile is private; id = 275156509
Error: error_code = 15; Access denied: user deactivated; id = 212399364
Error: error_code = 30; This profile is private; id = 621155735
Error: error_code = 30; This profile is private; id = 459080831
Error: error_code = 15; Access denied: user deactivated; id = 40528677
Error: error_code = 30; This profile is private; id = 184082528
Error: error_code = 30; This profile is private; id = 591606467
Error: error_code = 30; This profile is private; id = 521882522
Error: error_code = 30; This profile is private; id = 117093930
Error: error_code = 15; Access denied: user deactivated; id = 84969513
Error: error_code = 30; This profile is private; id = 11085165
Error: error_code = 30; This profile is private; id = 414056594
Error: error_code = 30; This profile is private; id = 13234605
Error: error_code = 15; Access denied: user deactivated; id = 355216813
Error: error_code = 30; This profile is private; id = 495648023
Error: error_code = 30; This profile is private; id = 498201240
Error: error_code = 30; This profile is private; id = 279375064
Error: error_code = 15; Access denied: user deactivated; id = 609866083
Error: error_code = 30; This profile is private; id = 12865756
Error: error_code = 30; This profile is private; id = 672971371
Error: error_code = 30; This profile is private; id = 161373795
Error: error_code = 15; Access denied: user deactivated; id = 416371773
Error: error_code = 15; Access denied: user deactivated; id = 197380860
Error: error_code = 15; Access denied: user deactivated; id = 429352174
Error: error_code = 30; This profile is private; id = 689013972
Error: error_code = 30; This profile is private; id = 164815849
Error: error_code = 30; This profile is private; id = 302559570
Error: error_code = 30; This profile is private; id = 23877640
Error: error_code = 15; Access denied: user deactivated; id = 602358948
Error: error_code = 30; This profile is private; id = 594265636
Error: error_code = 30; This profile is private; id = 578184957
Error: error_code = 15; Access denied: user deactivated; id = 489100365
Error: error_code = 30; This profile is private; id = 684235973
Error: error_code = 30; This profile is private; id = 583693076
Error: error_code = 30; This profile is private; id = 138254862
Error: error_code = 30; This profile is private; id = 217152806
Error: error_code = 30; This profile is private; id = 511773420
Error: error_code = 30; This profile is private; id = 158072585
Error: error_code = 15; Access denied: user deactivated; id = 290716761
Error: error_code = 30; This profile is private; id = 550216340
Error: error_code = 30; This profile is private; id = 195154495
Error: error_code = 30; This profile is private; id = 579193452
Error: error_code = 15; Access denied: user deactivated; id = 185910427
Error: error_code = 30; This profile is private; id = 367989496
Error: error_code = 15; Access denied: user deactivated; id = 158471259
Error: error_code = 15; Access denied: user deactivated; id = 350143331
Error: error_code = 30; This profile is private; id = 286038809
Error: error_code = 15; Access denied: user deactivated; id = 231363850
Error: error_code = 30; This profile is private; id = 264724589
Error: error_code = 15; Access denied: user deactivated; id = 289074694
Error: error_code = 30; This profile is private; id = 617430696
Error: error_code = 30; This profile is private; id = 179698169
Error: error_code = 15; Access denied: user deactivated; id = 227562158
Error: error_code = 30; This profile is private; id = 9356568
Error: error_code = 30; This profile is private; id = 170834874
Error: error_code = 30; This profile is private; id = 458824882
Error: error_code = 15; Access denied: user deactivated; id = 230353646
Error: error_code = 30; This profile is private; id = 78024304
Error: error_code = 30; This profile is private; id = 552359082
Error: error_code = 30; This profile is private; id = 9500887
Error: error_code = 30; This profile is private; id = 361187906
Error: error_code = 15; Access denied: user deactivated; id = 41547349
Error: error_code = 30; This profile is private; id = 603916595
Error: error_code = 30; This profile is private; id = 1336477
Error: error_code = 15; Access denied: user deactivated; id = 245100382
Error: error_code = 30; This profile is private; id = 5422328
Error: error_code = 30; This profile is private; id = 343847663
Error: error_code = 30; This profile is private; id = 246951647
Error: error_code = 30; This profile is private; id = 587013648
Error: error_code = 30; This profile is private; id = 700790656
Error: error_code = 15; Access denied: user deactivated; id = 591465920
Error: error_code = 30; This profile is private; id = 355196846
Error: error_code = 30; This profile is private; id = 254649863
Error: error_code = 30; This profile is private; id = 262762601
Error: error_code = 15; Access denied: user deactivated; id = 538125135
Error: error_code = 30; This profile is private; id = 518053924
Error: error_code = 30; This profile is private; id = 267279518
Error: error_code = 15; Access denied: user deactivated; id = 454691993
Error: error_code = 30; This profile is private; id = 31883989
Error: error_code = 30; This profile is private; id = 165417868
Error: error_code = 30; This profile is private; id = 399651958
Error: error_code = 30; This profile is private; id = 270556932
Error: error_code = 30; This profile is private; id = 221883058
Error: error_code = 15; Access denied: user deactivated; id = 315943458
Error: error_code = 15; Access denied: user deactivated; id = 27840058
Error: error_code = 30; This profile is private; id = 119411881
Error: error_code = 30; This profile is private; id = 644098052
Error: error_code = 15; Access denied: user deactivated; id = 459787028
Error: error_code = 30; This profile is private; id = 23164738
Error: error_code = 30; This profile is private; id = 666461627
Error: error_code = 30; This profile is private; id = 596900593
Error: error_code = 30; This profile is private; id = 589402192
Error: error_code = 30; This profile is private; id = 53399866
Error: error_code = 15; Access denied: user deactivated; id = 263642673
Error: error_code = 30; This profile is private; id = 532648563
Error: error_code = 30; This profile is private; id = 167139048
Error: error_code = 15; Access denied: user deactivated; id = 430575588
Error: error_code = 15; Access denied: user deactivated; id = 703213607
Error: error_code = 15; Access denied: user deactivated; id = 537709027
Error: error_code = 30; This profile is private; id = 194181586
Error: error_code = 15; Access denied: user deactivated; id = 348137365
Error: error_code = 15; Access denied: user deactivated; id = 73769909
Error: error_code = 30; This profile is private; id = 194961751
Error: error_code = 30; This profile is private; id = 435023690
Error: error_code = 30; This profile is private; id = 234970358
Error: error_code = 15; Access denied: user deactivated; id = 395049536
Error: error_code = 15; Access denied: user deactivated; id = 16043
Error: error_code = 15; Access denied: user deactivated; id = 217636195
Error: error_code = 30; This profile is private; id = 144628390
Error: error_code = 30; This profile is private; id = 420586050
Error: error_code = 15; Access denied: user deactivated; id = 126408037
Error: error_code = 30; This profile is private; id = 193113674
Error: error_code = 30; This profile is private; id = 308938974
Error: error_code = 30; This profile is private; id = 707097776
Error: error_code = 30; This profile is private; id = 17073422
Error: error_code = 30; This profile is private; id = 451592564
Error: error_code = 30; This profile is private; id = 8973169
Error: error_code = 30; This profile is private; id = 579543673
Error: error_code = 30; This profile is private; id = 649056654
Error: error_code = 30; This profile is private; id = 2921067
Error: error_code = 15; Access denied: user deactivated; id = 229393279
Error: error_code = 30; This profile is private; id = 204032293
Error: error_code = 15; Access denied: user deactivated; id = 327715677
Error: error_code = 30; This profile is private; id = 523786664
Error: error_code = 30; This profile is private; id = 325028038
Error: error_code = 30; This profile is private; id = 257920449
Error: error_code = 30; This profile is private; id = 4790068
Error: error_code = 30; This profile is private; id = 225270769
Error: error_code = 30; This profile is private; id = 248247536
Error: error_code = 30; This profile is private; id = 520136986
Error: error_code = 30; This profile is private; id = 145374227
Error: error_code = 30; This profile is private; id = 216777920
Error: error_code = 15; Access denied: user deactivated; id = 214298912
Error: error_code = 15; Access denied: user deactivated; id = 445118334
Error: error_code = 15; Access denied: user deactivated; id = 495677915
Error: error_code = 30; This profile is private; id = 239498486
Error: error_code = 15; Access denied: user deactivated; id = 213932937
Error: error_code = 30; This profile is private; id = 283478823
Error: error_code = 15; Access denied: user deactivated; id = 413108609
Error: error_code = 30; This profile is private; id = 524538244
Error: error_code = 30; This profile is private; id = 6349698
Error: error_code = 30; This profile is private; id = 437384147
Error: error_code = 30; This profile is private; id = 472495576
Error: error_code = 30; This profile is private; id = 180225703
Error: error_code = 30; This profile is private; id = 194308708
Error: error_code = 30; This profile is private; id = 49757547
Error: error_code = 15; Access denied: user deactivated; id = 415056755
Error: error_code = 15; Access denied: user deactivated; id = 95127169
Error: error_code = 30; This profile is private; id = 285784408
Error: error_code = 30; This profile is private; id = 608588141
Error: error_code = 15; Access denied: user deactivated; id = 340008711
Error: error_code = 15; Access denied: user deactivated; id = 340454770
Error: error_code = 30; This profile is private; id = 582399450
Error: error_code = 30; This profile is private; id = 370519654
Error: error_code = 30; This profile is private; id = 159623420
Error: error_code = 30; This profile is private; id = 342007497
Error: error_code = 30; This profile is private; id = 32513472
Error: error_code = 30; This profile is private; id = 276226094
Error: error_code = 30; This profile is private; id = 118365081
Error: error_code = 30; This profile is private; id = 306218061
Error: error_code = 15; Access denied: user deactivated; id = 6793428
Error: error_code = 15; Access denied: user deactivated; id = 259033899
Error: error_code = 30; This profile is private; id = 202533969
Error: error_code = 30; This profile is private; id = 314753382
Error: error_code = 30; This profile is private; id = 240253366
Error: error_code = 30; This profile is private; id = 122202327
Error: error_code = 15; Access denied: user deactivated; id = 220470578
Error: error_code = 30; This profile is private; id = 333340280
Error: error_code = 30; This profile is private; id = 450518018
Error: error_code = 30; This profile is private; id = 508915314
Error: error_code = 15; Access denied: user deactivated; id = 478202164
Error: error_code = 15; Access denied: user deactivated; id = 23356063
Error: error_code = 30; This profile is private; id = 170459858
Error: error_code = 30; This profile is private; id = 418034019
Error: error_code = 15; Access denied: user deactivated; id = 181926968
Error: error_code = 15; Access denied: user deactivated; id = 41614096
Error: error_code = 15; Access denied: user deactivated; id = 474414030
Error: error_code = 30; This profile is private; id = 169868256
Error: error_code = 15; Access denied: user deactivated; id = 318557826
Error: error_code = 30; This profile is private; id = 136049173
Error: error_code = 30; This profile is private; id = 351169236
Error: error_code = 30; This profile is private; id = 482452324
Error: error_code = 30; This profile is private; id = 344385070
Error: error_code = 30; This profile is private; id = 715282887
Error: error_code = 30; This profile is private; id = 214605614
Error: error_code = 15; Access denied: user deactivated; id = 401983975
Error: error_code = 30; This profile is private; id = 518914830
Error: error_code = 30; This profile is private; id = 50386905
Error: error_code = 30; This profile is private; id = 532877332
Error: error_code = 30; This profile is private; id = 552006308
Error: error_code = 30; This profile is private; id = 716003178
Error: error_code = 15; Access denied: user deactivated; id = 175413780
Error: error_code = 15; Access denied: user deactivated; id = 358971803
Error: error_code = 30; This profile is private; id = 183778113
Error: error_code = 30; This profile is private; id = 615162372
Error: error_code = 30; This profile is private; id = 54514360
Error: error_code = 15; Access denied: user deactivated; id = 90028122
Error: error_code = 15; Access denied: user deactivated; id = 8689221
Error: error_code = 30; This profile is private; id = 77317857
Error: error_code = 30; This profile is private; id = 289528710
Error: error_code = 30; This profile is private; id = 238699617
Error: error_code = 30; This profile is private; id = 185864513
Error: error_code = 15; Access denied: user deactivated; id = 564496818
Error: error_code = 30; This profile is private; id = 563269739
Error: error_code = 15; Access denied: user deactivated; id = 73850270
Error: error_code = 15; Access denied: user deactivated; id = 189454195
Error: error_code = 15; Access denied: user deactivated; id = 412201898
Error: error_code = 30; This profile is private; id = 67284005
Error: error_code = 30; This profile is private; id = 229016356
Error: error_code = 30; This profile is private; id = 177120283
Error: error_code = 30; This profile is private; id = 2489993
Error: error_code = 30; This profile is private; id = 661250061
Error: error_code = 15; Access denied: user deactivated; id = 561913624
Error: error_code = 30; This profile is private; id = 81635513
Error: error_code = 15; Access denied: user deactivated; id = 254860771
Error: error_code = 30; This profile is private; id = 701313877
Error: error_code = 30; This profile is private; id = 155178762
Error: error_code = 15; Access denied: user deactivated; id = 696273992
Error: error_code = 15; Access denied: user deactivated; id = 539405688
Error: error_code = 30; This profile is private; id = 394459586
Error: error_code = 30; This profile is private; id = 174439937
Error: error_code = 30; This profile is private; id = 619239316
Error: error_code = 15; Access denied: user deactivated; id = 514081683
Error: error_code = 30; This profile is private; id = 505146318
Error: error_code = 30; This profile is private; id = 131784132
Error: error_code = 30; This profile is private; id = 600814822
Error: error_code = 30; This profile is private; id = 225066994
Error: error_code = 30; This profile is private; id = 293738863
Error: error_code = 15; Access denied: user deactivated; id = 181674001
Error: error_code = 30; This profile is private; id = 317002773
Error: error_code = 30; This profile is private; id = 113529861
Error: error_code = 30; This profile is private; id = 183185480
Error: error_code = 30; This profile is private; id = 260386886
Error: error_code = 15; Access denied: user deactivated; id = 411040980
Error: error_code = 30; This profile is private; id = 197857322
Error: error_code = 30; This profile is private; id = 171266217
Error: error_code = 30; This profile is private; id = 164140473
Error: error_code = 15; Access denied: user deactivated; id = 207907281
Error: error_code = 30; This profile is private; id = 8476097
Error: error_code = 30; This profile is private; id = 8247350
Error: error_code = 30; This profile is private; id = 50940606
Error: error_code = 15; Access denied: user deactivated; id = 314340609
Error: error_code = 15; Access denied: user deactivated; id = 44039326
Error: error_code = 30; This profile is private; id = 659337709
Error: error_code = 30; This profile is private; id = 207607798
Error: error_code = 30; This profile is private; id = 168690227
Error: error_code = 15; Access denied: user deactivated; id = 524831311
Error: error_code = 30; This profile is private; id = 541191333
Error: error_code = 30; This profile is private; id = 658196039
Error: error_code = 30; This profile is private; id = 669668833
Error: error_code = 30; This profile is private; id = 546732804
Error: error_code = 30; This profile is private; id = 486765761
Error: error_code = 30; This profile is private; id = 682601313
Error: error_code = 15; Access denied: user deactivated; id = 437933600
Error: error_code = 15; Access denied: user deactivated; id = 255278201
Error: error_code = 30; This profile is private; id = 210169927
Error: error_code = 30; This profile is private; id = 563618985
Error: error_code = 30; This profile is private; id = 236692529
Error: error_code = 30; This profile is private; id = 132065981
Error: error_code = 15; Access denied: user deactivated; id = 140689820
Error: error_code = 15; Access denied: user deactivated; id = 326718543
Error: error_code = 30; This profile is private; id = 320638663
Error: error_code = 30; This profile is private; id = 446184085
Error: error_code = 30; This profile is private; id = 694960326
Error: error_code = 30; This profile is private; id = 534076746
Error: error_code = 30; This profile is private; id = 678634103
Error: error_code = 30; This profile is private; id = 580039280
Error: error_code = 15; Access denied: user deactivated; id = 543478789
Error: error_code = 15; Access denied: user deactivated; id = 186022755
Error: error_code = 30; This profile is private; id = 628905618
Error: error_code = 30; This profile is private; id = 14162191
Error: error_code = 30; This profile is private; id = 99688069
Error: error_code = 15; Access denied: user deactivated; id = 432393892
Error: error_code = 30; This profile is private; id = 668749944
Error: error_code = 30; This profile is private; id = 287794576
Error: error_code = 15; Access denied: user deactivated; id = 258240744
Error: error_code = 15; Access denied: user deactivated; id = 222663482
Error: error_code = 30; This profile is private; id = 241516060
Error: error_code = 30; This profile is private; id = 140723097
Error: error_code = 30; This profile is private; id = 25017823
Error: error_code = 30; This profile is private; id = 338293037
Error: error_code = 15; Access denied: user deactivated; id = 639214552
Error: error_code = 15; Access denied: user deactivated; id = 187075872
Error: error_code = 15; Access denied: user deactivated; id = 402796229
Error: error_code = 15; Access denied: user deactivated; id = 125555903
Error: error_code = 30; This profile is private; id = 647242168
Error: error_code = 30; This profile is private; id = 499334357
Error: error_code = 15; Access denied: user deactivated; id = 267874640
Error: error_code = 30; This profile is private; id = 613499452
Error: error_code = 30; This profile is private; id = 606623016
Error: error_code = 30; This profile is private; id = 434924506
Error: error_code = 30; This profile is private; id = 212782644
Error: error_code = 30; This profile is private; id = 312091147
Error: error_code = 30; This profile is private; id = 461277331
Error: error_code = 30; This profile is private; id = 449940349
Error: error_code = 30; This profile is private; id = 13690926
Error: error_code = 30; This profile is private; id = 393767354
Error: error_code = 30; This profile is private; id = 153740752
Error: error_code = 15; Access denied: user deactivated; id = 356732889
Error: error_code = 30; This profile is private; id = 42495634
Error: error_code = 30; This profile is private; id = 654484206
Error: error_code = 15; Access denied: user deactivated; id = 28566398
Error: error_code = 15; Access denied: user deactivated; id = 43059260
Error: error_code = 30; This profile is private; id = 605949281
Error: error_code = 30; This profile is private; id = 431155086
Error: error_code = 30; This profile is private; id = 484515579
Error: error_code = 15; Access denied: user deactivated; id = 11888809
Error: error_code = 15; Access denied: user deactivated; id = 467413755
Error: error_code = 15; Access denied: user deactivated; id = 106321802
Error: error_code = 30; This profile is private; id = 198263387
Error: error_code = 15; Access denied: user deactivated; id = 316050602
Error: error_code = 30; This profile is private; id = 113425127
Error: error_code = 30; This profile is private; id = 365009749
Error: error_code = 30; This profile is private; id = 686684569
Error: error_code = 15; Access denied: user deactivated; id = 465313415
Error: error_code = 15; Access denied: user deactivated; id = 627759487
Error: error_code = 30; This profile is private; id = 521827091
Error: error_code = 15; Access denied: user deactivated; id = 382617134
Error: error_code = 30; This profile is private; id = 152930564
Error: error_code = 15; Access denied: user deactivated; id = 516518474
Error: error_code = 30; This profile is private; id = 429778698
Error: error_code = 15; Access denied: user deactivated; id = 110991692
Error: error_code = 30; This profile is private; id = 472320604
Error: error_code = 15; Access denied: user deactivated; id = 547015495
Error: error_code = 15; Access denied: user deactivated; id = 334232966
Error: error_code = 30; This profile is private; id = 525737486
Error: error_code = 30; This profile is private; id = 312624505
Error: error_code = 30; This profile is private; id = 61326589
Error: error_code = 15; Access denied: user deactivated; id = 676177748
Error: error_code = 15; Access denied: user deactivated; id = 198776724
Error: error_code = 30; This profile is private; id = 383506127
Error: error_code = 30; This profile is private; id = 110695682
Error: error_code = 30; This profile is private; id = 103384764
Error: error_code = 30; This profile is private; id = 475751809
Error: error_code = 15; Access denied: user deactivated; id = 252191777
Error: error_code = 30; This profile is private; id = 30169192
Error: error_code = 15; Access denied: user deactivated; id = 207075072
Error: error_code = 30; This profile is private; id = 535158755
Error: error_code = 30; This profile is private; id = 208524934
Error: error_code = 30; This profile is private; id = 318723822
Error: error_code = 30; This profile is private; id = 331261761
Error: error_code = 15; Access denied: user deactivated; id = 522317720
Error: error_code = 15; Access denied: user deactivated; id = 217899025
Error: error_code = 30; This profile is private; id = 531679672
Error: error_code = 30; This profile is private; id = 79077861
Error: error_code = 30; This profile is private; id = 36569336
Error: error_code = 15; Access denied: user deactivated; id = 348299389
Error: error_code = 30; This profile is private; id = 231936561
Error: error_code = 30; This profile is private; id = 66548714
Error: error_code = 15; Access denied: user deactivated; id = 620600333
Error: error_code = 30; This profile is private; id = 596723072
Error: error_code = 30; This profile is private; id = 712916567
Error: error_code = 15; Access denied: user deactivated; id = 161210694
Error: error_code = 30; This profile is private; id = 112517072
Error: error_code = 30; This profile is private; id = 561580532
Error: error_code = 30; This profile is private; id = 545122458
Error: error_code = 30; This profile is private; id = 378521292
Error: error_code = 30; This profile is private; id = 13497500
Error: error_code = 15; Access denied: user deactivated; id = 200762805
Error: error_code = 30; This profile is private; id = 551581839
Error: error_code = 30; This profile is private; id = 691068137
Error: error_code = 15; Access denied: user deactivated; id = 434513489
Error: error_code = 30; This profile is private; id = 41574008
Error: error_code = 30; This profile is private; id = 63971065
Error: error_code = 30; This profile is private; id = 360027815
Error: error_code = 30; This profile is private; id = 592430964
Error: error_code = 30; This profile is private; id = 483876979
Error: error_code = 30; This profile is private; id = 536209558
Error: error_code = 30; This profile is private; id = 275342844
Error: error_code = 15; Access denied: user deactivated; id = 552667748
Error: error_code = 30; This profile is private; id = 221374965
Error: error_code = 15; Access denied: user deactivated; id = 405356585
Error: error_code = 30; This profile is private; id = 25250418
Error: error_code = 30; This profile is private; id = 622821196
Error: error_code = 30; This profile is private; id = 204718351
Error: error_code = 30; This profile is private; id = 134631971
Error: error_code = 30; This profile is private; id = 336020658
Error: error_code = 30; This profile is private; id = 56239572
Error: error_code = 30; This profile is private; id = 138910263
Error: error_code = 30; This profile is private; id = 483756878
Error: error_code = 30; This profile is private; id = 395908355
Error: error_code = 30; This profile is private; id = 559303359
Error: error_code = 30; This profile is private; id = 572676949
Error: error_code = 30; This profile is private; id = 212760516
Error: error_code = 30; This profile is private; id = 4040274
Error: error_code = 15; Access denied: user deactivated; id = 396350668
Error: error_code = 15; Access denied: user deactivated; id = 28487165
Error: error_code = 30; This profile is private; id = 534865883
Error: error_code = 15; Access denied: user deactivated; id = 154566306
Error: error_code = 30; This profile is private; id = 340311020
Error: error_code = 30; This profile is private; id = 5941736
Error: error_code = 15; Access denied: user deactivated; id = 206636531
Error: error_code = 30; This profile is private; id = 11008587
Error: error_code = 30; This profile is private; id = 34860723
Error: error_code = 30; This profile is private; id = 417671637
Error: error_code = 15; Access denied: user deactivated; id = 414370081
Error: error_code = 30; This profile is private; id = 182013931
Error: error_code = 15; Access denied: user deactivated; id = 553166207
Error: error_code = 30; This profile is private; id = 670766335
Error: error_code = 30; This profile is private; id = 21523724
Error: error_code = 30; This profile is private; id = 392206981
Error: error_code = 30; This profile is private; id = 329296573
Error: error_code = 30; This profile is private; id = 268743029
Error: error_code = 15; Access denied: user deactivated; id = 40740860
Error: error_code = 30; This profile is private; id = 435645897
Error: error_code = 30; This profile is private; id = 57078448
Error: error_code = 30; This profile is private; id = 52064187
Error: error_code = 30; This profile is private; id = 133177808
Error: error_code = 30; This profile is private; id = 269901339
Error: error_code = 30; This profile is private; id = 697134262
Error: error_code = 15; Access denied: user deactivated; id = 201205052
Error: error_code = 30; This profile is private; id = 88753518
Error: error_code = 30; This profile is private; id = 543501850
Error: error_code = 30; This profile is private; id = 643867538
Error: error_code = 30; This profile is private; id = 124864637
Error: error_code = 30; This profile is private; id = 29337639
Error: error_code = 30; This profile is private; id = 654333505
Error: error_code = 30; This profile is private; id = 281083968
Error: error_code = 30; This profile is private; id = 315893093
Error: error_code = 30; This profile is private; id = 691408335
Error: error_code = 30; This profile is private; id = 17958446
Error: error_code = 30; This profile is private; id = 357123179
Error: error_code = 30; This profile is private; id = 221501526
Error: error_code = 30; This profile is private; id = 277885949
Error: error_code = 30; This profile is private; id = 366461706
Error: error_code = 15; Access denied: user deactivated; id = 350989660
Error: error_code = 30; This profile is private; id = 498357398
Error: error_code = 30; This profile is private; id = 457690318
Error: error_code = 15; Access denied: user deactivated; id = 323817518
Error: error_code = 15; Access denied: user deactivated; id = 388771383
Error: error_code = 30; This profile is private; id = 534187730
Error: error_code = 30; This profile is private; id = 459442592
Error: error_code = 15; Access denied: user deactivated; id = 363614611
Error: error_code = 30; This profile is private; id = 232520554
Error: error_code = 15; Access denied: user deactivated; id = 199327166
Error: error_code = 15; Access denied: user deactivated; id = 305051497
Error: error_code = 30; This profile is private; id = 508446860
Error: error_code = 30; This profile is private; id = 321997236
Error: error_code = 30; This profile is private; id = 664807058
Error: error_code = 30; This profile is private; id = 182375892
Error: error_code = 30; This profile is private; id = 584811518
Error: error_code = 30; This profile is private; id = 127478251
Error: error_code = 30; This profile is private; id = 4792019
Error: error_code = 30; This profile is private; id = 621600665
Error: error_code = 15; Access denied: user deactivated; id = 247834737
Error: error_code = 15; Access denied: user deactivated; id = 510913184
Error: error_code = 30; This profile is private; id = 505661565
Error: error_code = 15; Access denied: user deactivated; id = 512120906
Error: error_code = 30; This profile is private; id = 20027687
Error: error_code = 15; Access denied: user deactivated; id = 404112134
Error: error_code = 30; This profile is private; id = 212842792
Error: error_code = 30; This profile is private; id = 624452000
Error: error_code = 30; This profile is private; id = 692409825
Error: error_code = 30; This profile is private; id = 497167934
Error: error_code = 30; This profile is private; id = 455525256
Error: error_code = 15; Access denied: user deactivated; id = 76560203
Error: error_code = 15; Access denied: user deactivated; id = 407843334
Error: error_code = 30; This profile is private; id = 638959084
Error: error_code = 15; Access denied: user deactivated; id = 456708774
Error: error_code = 30; This profile is private; id = 571933984
Error: error_code = 30; This profile is private; id = 306818292
Error: error_code = 30; This profile is private; id = 101185710
Error: error_code = 30; This profile is private; id = 116696425
Error: error_code = 15; Access denied: user deactivated; id = 512641935
Error: error_code = 30; This profile is private; id = 132350961
Error: error_code = 15; Access denied: user deactivated; id = 340812605
Error: error_code = 15; Access denied: user deactivated; id = 509688562
Error: error_code = 30; This profile is private; id = 586450543
Error: error_code = 15; Access denied: user deactivated; id = 230602999
Error: error_code = 30; This profile is private; id = 697572018
Error: error_code = 30; This profile is private; id = 87830086
Error: error_code = 15; Access denied: user deactivated; id = 229717975
Error: error_code = 30; This profile is private; id = 322740687
Error: error_code = 30; This profile is private; id = 1147799
Error: error_code = 15; Access denied: user deactivated; id = 396793679
Error: error_code = 15; Access denied: user deactivated; id = 286556715
Error: error_code = 15; Access denied: user deactivated; id = 221973902
Error: error_code = 15; Access denied: user deactivated; id = 407679344
Error: error_code = 15; Access denied: user deactivated; id = 426712330
Error: error_code = 30; This profile is private; id = 65094290
Error: error_code = 30; This profile is private; id = 526134803
Error: error_code = 15; Access denied: user deactivated; id = 83694514
Error: error_code = 15; Access denied: user deactivated; id = 133030525
Error: error_code = 15; Access denied: user deactivated; id = 421552499
Error: error_code = 30; This profile is private; id = 132086650
Error: error_code = 30; This profile is private; id = 355162461
Error: error_code = 30; This profile is private; id = 325060373
Error: error_code = 30; This profile is private; id = 478092062
Error: error_code = 15; Access denied: user deactivated; id = 561067211
Error: error_code = 30; This profile is private; id = 674811820
Error: error_code = 30; This profile is private; id = 388440233
Error: error_code = 15; Access denied: user deactivated; id = 139162107
Error: error_code = 30; This profile is private; id = 536705018
Error: error_code = 30; This profile is private; id = 19573112
Error: error_code = 15; Access denied: user deactivated; id = 216421163
Error: error_code = 15; Access denied: user deactivated; id = 434871455
Error: error_code = 15; Access denied: user deactivated; id = 7983554
Error: error_code = 30; This profile is private; id = 334700683
Error: error_code = 15; Access denied: user deactivated; id = 318846321
Error: error_code = 15; Access denied: user deactivated; id = 140889131
Error: error_code = 30; This profile is private; id = 133010999
Error: error_code = 30; This profile is private; id = 270632059
Error: error_code = 15; Access denied: user deactivated; id = 35205716
Error: error_code = 30; This profile is private; id = 498842964
Error: error_code = 30; This profile is private; id = 437273450
Error: error_code = 30; This profile is private; id = 109286991
Error: error_code = 30; This profile is private; id = 327350574
Error: error_code = 30; This profile is private; id = 141172262
Error: error_code = 30; This profile is private; id = 477214533
Error: error_code = 30; This profile is private; id = 645405337
Error: error_code = 30; This profile is private; id = 624002378
Error: error_code = 30; This profile is private; id = 562125048
Error: error_code = 30; This profile is private; id = 272770841
Error: error_code = 30; This profile is private; id = 292208796
Error: error_code = 30; This profile is private; id = 144744691
Error: error_code = 15; Access denied: user deactivated; id = 554944133
Error: error_code = 30; This profile is private; id = 618847800
Error: error_code = 15; Access denied: user deactivated; id = 521774363
Error: error_code = 15; Access denied: user deactivated; id = 32729832
Error: error_code = 30; This profile is private; id = 184911575
Error: error_code = 15; Access denied: user deactivated; id = 195354440
Error: error_code = 15; Access denied: user deactivated; id = 185986255
Error: error_code = 30; This profile is private; id = 573661248
Error: error_code = 30; This profile is private; id = 277466948
Error: error_code = 15; Access denied: user deactivated; id = 640053980
Error: error_code = 15; Access denied: user deactivated; id = 339096432
Error: error_code = 30; This profile is private; id = 557218699
Error: error_code = 30; This profile is private; id = 576632300
Error: error_code = 15; Access denied: user deactivated; id = 217108012
Error: error_code = 30; This profile is private; id = 561796211
Error: error_code = 15; Access denied: user deactivated; id = 609506392
Error: error_code = 15; Access denied: user deactivated; id = 532080053
Error: error_code = 15; Access denied: user deactivated; id = 439884332
Error: error_code = 15; Access denied: user deactivated; id = 534123709
Error: error_code = 30; This profile is private; id = 175095679
Error: error_code = 30; This profile is private; id = 675297736
Error: error_code = 30; This profile is private; id = 531498392
Error: error_code = 30; This profile is private; id = 266589736
Error: error_code = 15; Access denied: user deactivated; id = 702892093
Error: error_code = 30; This profile is private; id = 327825423
Error: error_code = 30; This profile is private; id = 105432794
Error: error_code = 30; This profile is private; id = 64408530
Error: error_code = 30; This profile is private; id = 536450448
Error: error_code = 15; Access denied: user deactivated; id = 392691789
Error: error_code = 30; This profile is private; id = 352992848
Error: error_code = 30; This profile is private; id = 679122941
Error: error_code = 30; This profile is private; id = 592125
Error: error_code = 30; This profile is private; id = 711889604
Error: error_code = 30; This profile is private; id = 437846521
Error: error_code = 30; This profile is private; id = 65903986
Error: error_code = 15; Access denied: user deactivated; id = 188024728
Error: error_code = 30; This profile is private; id = 675671073
Error: error_code = 15; Access denied: user deactivated; id = 101945246
Error: error_code = 15; Access denied: user deactivated; id = 8969380
Error: error_code = 15; Access denied: user deactivated; id = 103194031
Error: error_code = 15; Access denied: user deactivated; id = 501108489
Error: error_code = 15; Access denied: user deactivated; id = 84120828
Error: error_code = 30; This profile is private; id = 627156946
Error: error_code = 15; Access denied: user deactivated; id = 230953961
Error: error_code = 15; Access denied: user deactivated; id = 357855397
Error: error_code = 30; This profile is private; id = 466603172
Error: error_code = 30; This profile is private; id = 635317689
Error: error_code = 30; This profile is private; id = 305210978
Error: error_code = 30; This profile is private; id = 516179491
Error: error_code = 30; This profile is private; id = 152862
Error: error_code = 30; This profile is private; id = 333583728
Error: error_code = 15; Access denied: user deactivated; id = 18218609
Error: error_code = 15; Access denied: user deactivated; id = 217442671
Error: error_code = 15; Access denied: user deactivated; id = 569982927
Error: error_code = 30; This profile is private; id = 137126640
Error: error_code = 30; This profile is private; id = 487770426
Error: error_code = 15; Access denied: user deactivated; id = 218196174
Error: error_code = 15; Access denied: user deactivated; id = 369294570
Error: error_code = 30; This profile is private; id = 267409171
Error: error_code = 30; This profile is private; id = 161932186
Error: error_code = 15; Access denied: user deactivated; id = 655669675
Error: error_code = 30; This profile is private; id = 536944933
Error: error_code = 30; This profile is private; id = 623906789
Error: error_code = 30; This profile is private; id = 57210048
Error: error_code = 15; Access denied: user deactivated; id = 243071060
Error: error_code = 30; This profile is private; id = 708644624
Error: error_code = 30; This profile is private; id = 354686653
Error: error_code = 15; Access denied: user deactivated; id = 478421726
Error: error_code = 30; This profile is private; id = 40746798
Error: error_code = 15; Access denied: user deactivated; id = 411744904
Error: error_code = 30; This profile is private; id = 383773528
Error: error_code = 30; This profile is private; id = 176464660
Error: error_code = 30; This profile is private; id = 97916964
Error: error_code = 30; This profile is private; id = 700559425
Error: error_code = 30; This profile is private; id = 325778523
Error: error_code = 30; This profile is private; id = 71445988
Error: error_code = 30; This profile is private; id = 713239266
Error: error_code = 30; This profile is private; id = 687467919
Error: error_code = 30; This profile is private; id = 236615694
Error: error_code = 30; This profile is private; id = 150394297
Error: error_code = 15; Access denied: user deactivated; id = 404921297
Error: error_code = 30; This profile is private; id = 10832206
Error: error_code = 30; This profile is private; id = 638336133
Error: error_code = 30; This profile is private; id = 6080717
Error: error_code = 15; Access denied: user deactivated; id = 276373551
Error: error_code = 15; Access denied: user deactivated; id = 12165980
Error: error_code = 30; This profile is private; id = 343983579
Error: error_code = 30; This profile is private; id = 224204847
Error: error_code = 15; Access denied: user deactivated; id = 170732371
Error: error_code = 15; Access denied: user deactivated; id = 479948232
Error: error_code = 30; This profile is private; id = 558850725
Error: error_code = 15; Access denied: user deactivated; id = 260725793
Error: error_code = 15; Access denied: user deactivated; id = 417839387
Error: error_code = 15; Access denied: user deactivated; id = 29810018
Error: error_code = 15; Access denied: user deactivated; id = 416435377
Error: error_code = 15; Access denied: user deactivated; id = 634395778
Error: error_code = 30; This profile is private; id = 239490817
Error: error_code = 15; Access denied: user deactivated; id = 141327756
Error: error_code = 15; Access denied: user deactivated; id = 477742342
Error: error_code = 30; This profile is private; id = 95760343
Error: error_code = 30; This profile is private; id = 569816063
Error: error_code = 15; Access denied: user deactivated; id = 245947370
Error: error_code = 30; This profile is private; id = 377798570
Error: error_code = 30; This profile is private; id = 405908445
Error: error_code = 30; This profile is private; id = 116538381
Error: error_code = 15; Access denied: user deactivated; id = 452721343
Error: error_code = 30; This profile is private; id = 56443703
Error: error_code = 30; This profile is private; id = 28996502
Error: error_code = 30; This profile is private; id = 239305746
Error: error_code = 30; This profile is private; id = 284452640
Error: error_code = 15; Access denied: user deactivated; id = 197990075
Error: error_code = 15; Access denied: user deactivated; id = 634597325
Error: error_code = 30; This profile is private; id = 246007330
Error: error_code = 30; This profile is private; id = 91759140
Error: error_code = 30; This profile is private; id = 407528531
Error: error_code = 15; Access denied: user deactivated; id = 372500693
Error: error_code = 30; This profile is private; id = 657809500
Error: error_code = 15; Access denied: user deactivated; id = 182370014
Error: error_code = 30; This profile is private; id = 325553908
Error: error_code = 15; Access denied: user deactivated; id = 709573110
Error: error_code = 30; This profile is private; id = 173323641
Error: error_code = 30; This profile is private; id = 525887608
Error: error_code = 30; This profile is private; id = 429243634
Error: error_code = 30; This profile is private; id = 454503435
Error: error_code = 15; Access denied: user deactivated; id = 262052297
Error: error_code = 15; Access denied: user deactivated; id = 39663115
Error: error_code = 15; Access denied: user deactivated; id = 435645321
Error: error_code = 30; This profile is private; id = 9193568
Error: error_code = 15; Access denied: user deactivated; id = 195057847
Error: error_code = 30; This profile is private; id = 68132065
Error: error_code = 30; This profile is private; id = 158418822
Error: error_code = 30; This profile is private; id = 181936465
Error: error_code = 15; Access denied: user deactivated; id = 548663575
Error: error_code = 30; This profile is private; id = 189128517
Error: error_code = 30; This profile is private; id = 446754944
Error: error_code = 30; This profile is private; id = 529800
Error: error_code = 15; Access denied: user deactivated; id = 520269975
Error: error_code = 30; This profile is private; id = 219008096
Error: error_code = 30; This profile is private; id = 455737290
Error: error_code = 30; This profile is private; id = 9187332
Error: error_code = 30; This profile is private; id = 135454697
Error: error_code = 15; Access denied: user deactivated; id = 583020741
Error: error_code = 30; This profile is private; id = 278074902
Error: error_code = 30; This profile is private; id = 381495368
Error: error_code = 30; This profile is private; id = 385417021
Error: error_code = 15; Access denied: user deactivated; id = 316963182
Error: error_code = 15; Access denied: user deactivated; id = 599883909
Error: error_code = 30; This profile is private; id = 327918658
Error: error_code = 15; Access denied: user deactivated; id = 348306549
Error: error_code = 30; This profile is private; id = 482098277
Error: error_code = 15; Access denied: user deactivated; id = 244530998
Error: error_code = 30; This profile is private; id = 643939829
Error: error_code = 15; Access denied: user deactivated; id = 407073860
Error: error_code = 15; Access denied: user deactivated; id = 209968700
Error: error_code = 30; This profile is private; id = 447189703
Error: error_code = 30; This profile is private; id = 708034760
Error: error_code = 30; This profile is private; id = 64288992
Error: error_code = 15; Access denied: user deactivated; id = 217322915
Error: error_code = 30; This profile is private; id = 206562186
Error: error_code = 30; This profile is private; id = 298527476
Error: error_code = 30; This profile is private; id = 241873945
Error: error_code = 30; This profile is private; id = 304429705
Error: error_code = 30; This profile is private; id = 290366733
Error: error_code = 15; Access denied: user deactivated; id = 684258455
Error: error_code = 30; This profile is private; id = 674743744
Error: error_code = 30; This profile is private; id = 196665664
Error: error_code = 30; This profile is private; id = 268344042
Error: error_code = 30; This profile is private; id = 201281572
Error: error_code = 30; This profile is private; id = 178801636
Error: error_code = 15; Access denied: user deactivated; id = 436634324
Error: error_code = 30; This profile is private; id = 481781852
Error: error_code = 30; This profile is private; id = 619029741
Error: error_code = 15; Access denied: user deactivated; id = 231953613
Error: error_code = 15; Access denied: user deactivated; id = 22358615
Error: error_code = 30; This profile is private; id = 492908411
Error: error_code = 15; Access denied: user deactivated; id = 546020302
Error: error_code = 30; This profile is private; id = 421299596
Error: error_code = 30; This profile is private; id = 165962291
Error: error_code = 30; This profile is private; id = 182804566
Error: error_code = 30; This profile is private; id = 664504799
Error: error_code = 30; This profile is private; id = 96240684
Error: error_code = 15; Access denied: user deactivated; id = 368182814
Error: error_code = 15; Access denied: user deactivated; id = 705219048
Error: error_code = 15; Access denied: user deactivated; id = 551526188
Error: error_code = 30; This profile is private; id = 186315043
Error: error_code = 15; Access denied: user deactivated; id = 316945365
Error: error_code = 30; This profile is private; id = 677055232
Error: error_code = 30; This profile is private; id = 468590364
Error: error_code = 30; This profile is private; id = 375264100
Error: error_code = 30; This profile is private; id = 403533519
Error: error_code = 30; This profile is private; id = 177947785
Error: error_code = 30; This profile is private; id = 707241680
Error: error_code = 30; This profile is private; id = 523993196
Error: error_code = 30; This profile is private; id = 137768596
Error: error_code = 30; This profile is private; id = 691181330
Error: error_code = 30; This profile is private; id = 598798797
Error: error_code = 15; Access denied: user deactivated; id = 83274867
Error: error_code = 30; This profile is private; id = 189239719
Error: error_code = 30; This profile is private; id = 142019567
Error: error_code = 30; This profile is private; id = 593209234
Error: error_code = 30; This profile is private; id = 171551870
Error: error_code = 30; This profile is private; id = 85742720
Error: error_code = 30; This profile is private; id = 396694366
Error: error_code = 30; This profile is private; id = 343574249
Error: error_code = 30; This profile is private; id = 275850138
Error: error_code = 15; Access denied: user deactivated; id = 403606066
Error: error_code = 30; This profile is private; id = 576676533
Error: error_code = 30; This profile is private; id = 657135596
Error: error_code = 30; This profile is private; id = 135750241
Error: error_code = 30; This profile is private; id = 715256804
Error: error_code = 15; Access denied: user deactivated; id = 656467540
Error: error_code = 30; This profile is private; id = 293061744
Error: error_code = 30; This profile is private; id = 539523214
Error: error_code = 30; This profile is private; id = 241219193
Error: error_code = 30; This profile is private; id = 167451862
Error: error_code = 30; This profile is private; id = 82018907
Error: error_code = 30; This profile is private; id = 201775767
Error: error_code = 30; This profile is private; id = 263616838
Error: error_code = 30; This profile is private; id = 425653686
Error: error_code = 30; This profile is private; id = 391389400
Error: error_code = 30; This profile is private; id = 675816617
Error: error_code = 30; This profile is private; id = 248055255
Error: error_code = 15; Access denied: user deactivated; id = 334373404
Error: error_code = 30; This profile is private; id = 358658690
Error: error_code = 30; This profile is private; id = 49793844
Error: error_code = 30; This profile is private; id = 560296428
Error: error_code = 30; This profile is private; id = 408721257
Error: error_code = 30; This profile is private; id = 102593794
Error: error_code = 15; Access denied: user deactivated; id = 191090221
Error: error_code = 30; This profile is private; id = 83097977
Error: error_code = 15; Access denied: user deactivated; id = 263813012
Error: error_code = 15; Access denied: user deactivated; id = 65957660
Error: error_code = 30; This profile is private; id = 53854619
Error: error_code = 30; This profile is private; id = 689572150
Error: error_code = 30; This profile is private; id = 623633572
Error: error_code = 30; This profile is private; id = 246754237
Error: error_code = 30; This profile is private; id = 474086786
Error: error_code = 30; This profile is private; id = 709277425
Error: error_code = 15; Access denied: user deactivated; id = 346861273
Error: error_code = 15; Access denied: user deactivated; id = 404565498
Error: error_code = 30; This profile is private; id = 416325072
Error: error_code = 30; This profile is private; id = 609390570
Error: error_code = 30; This profile is private; id = 246260728
Error: error_code = 30; This profile is private; id = 251983668
Error: error_code = 15; Access denied: user deactivated; id = 378808410
Error: error_code = 30; This profile is private; id = 201350923
Error: error_code = 30; This profile is private; id = 517002613
Error: error_code = 15; Access denied: user deactivated; id = 560035782
Error: error_code = 30; This profile is private; id = 6555159
Error: error_code = 15; Access denied: user deactivated; id = 301957977
Error: error_code = 30; This profile is private; id = 15646333
Error: error_code = 30; This profile is private; id = 294312647
Error: error_code = 30; This profile is private; id = 186148
Error: error_code = 15; Access denied: user deactivated; id = 288942188
Error: error_code = 15; Access denied: user deactivated; id = 369188947
Error: error_code = 15; Access denied: user deactivated; id = 509726389
Error: error_code = 15; Access denied: user deactivated; id = 228013539
Error: error_code = 30; This profile is private; id = 494778441
Error: error_code = 15; Access denied: user deactivated; id = 231516055
Error: error_code = 15; Access denied: user deactivated; id = 382000633
Error: error_code = 15; Access denied: user deactivated; id = 695133777
Error: error_code = 30; This profile is private; id = 434422684
Error: error_code = 30; This profile is private; id = 592021941
Error: error_code = 30; This profile is private; id = 56904327
Error: error_code = 30; This profile is private; id = 267777466
Error: error_code = 30; This profile is private; id = 467245398
Error: error_code = 30; This profile is private; id = 85470975
Error: error_code = 15; Access denied: user deactivated; id = 236773852
Error: error_code = 30; This profile is private; id = 683682111
Error: error_code = 15; Access denied: user deactivated; id = 213867769
Error: error_code = 30; This profile is private; id = 324328480
Error: error_code = 30; This profile is private; id = 446406594
Error: error_code = 30; This profile is private; id = 209140297
Error: error_code = 15; Access denied: user deactivated; id = 16115488
Error: error_code = 15; Access denied: user deactivated; id = 216234211
Error: error_code = 30; This profile is private; id = 271206828
Error: error_code = 15; Access denied: user deactivated; id = 382061936
Error: error_code = 15; Access denied: user deactivated; id = 24383255
Error: error_code = 30; This profile is private; id = 240388431
Error: error_code = 30; This profile is private; id = 237129612
Error: error_code = 30; This profile is private; id = 334910383
Error: error_code = 15; Access denied: user deactivated; id = 222437121
Error: error_code = 30; This profile is private; id = 441326064
Error: error_code = 30; This profile is private; id = 210475289
Error: error_code = 30; This profile is private; id = 400147861
Error: error_code = 30; This profile is private; id = 340493670
Error: error_code = 15; Access denied: user deactivated; id = 571476264
Error: error_code = 15; Access denied: user deactivated; id = 544811209
Error: error_code = 30; This profile is private; id = 568760426
Error: error_code = 15; Access denied: user deactivated; id = 338413535
Error: error_code = 15; Access denied: user deactivated; id = 148192091
Error: error_code = 30; This profile is private; id = 452918815
Error: error_code = 30; This profile is private; id = 372519000
Error: error_code = 30; This profile is private; id = 280248332
Error: error_code = 30; This profile is private; id = 283458449
Error: error_code = 30; This profile is private; id = 712522829
Error: error_code = 30; This profile is private; id = 707438514
Error: error_code = 30; This profile is private; id = 579824068
Error: error_code = 30; This profile is private; id = 75199475
Error: error_code = 15; Access denied: user deactivated; id = 287594604
Error: error_code = 30; This profile is private; id = 320091628
Error: error_code = 15; Access denied: user deactivated; id = 330818348
Error: error_code = 15; Access denied: user deactivated; id = 446826117
Error: error_code = 30; This profile is private; id = 51663090
Error: error_code = 15; Access denied: user deactivated; id = 577419494
Error: error_code = 30; This profile is private; id = 377510290
Error: error_code = 15; Access denied: user deactivated; id = 421868225
Error: error_code = 30; This profile is private; id = 53713302
Error: error_code = 15; Access denied: user deactivated; id = 540967716
Error: error_code = 15; Access denied: user deactivated; id = 17893398
Error: error_code = 30; This profile is private; id = 13637329
Error: error_code = 30; This profile is private; id = 451869040
Error: error_code = 15; Access denied: user deactivated; id = 540082074
Error: error_code = 15; Access denied: user deactivated; id = 375667781
Error: error_code = 30; This profile is private; id = 351493794
Error: error_code = 15; Access denied: user deactivated; id = 353632597
Error: error_code = 30; This profile is private; id = 48253703
Error: error_code = 30; This profile is private; id = 367820182
Error: error_code = 30; This profile is private; id = 324190350
Error: error_code = 30; This profile is private; id = 538078378
Error: error_code = 15; Access denied: user deactivated; id = 396265019
Error: error_code = 30; This profile is private; id = 41240345
Error: error_code = 15; Access denied: user deactivated; id = 124121718
Error: error_code = 15; Access denied: user deactivated; id = 221644709
Error: error_code = 30; This profile is private; id = 230893129
Error: error_code = 30; This profile is private; id = 6217748
Error: error_code = 15; Access denied: user deactivated; id = 409647809
Error: error_code = 30; This profile is private; id = 633581987
Error: error_code = 30; This profile is private; id = 559434749
Error: error_code = 15; Access denied: user deactivated; id = 398671471
Error: error_code = 30; This profile is private; id = 7004391
Error: error_code = 15; Access denied: user deactivated; id = 14722019
Error: error_code = 30; This profile is private; id = 514362736
Error: error_code = 15; Access denied: user deactivated; id = 203169783
Error: error_code = 30; This profile is private; id = 177327825
Error: error_code = 30; This profile is private; id = 713725448
Error: error_code = 30; This profile is private; id = 66748444
Error: error_code = 30; This profile is private; id = 578138556
Error: error_code = 15; Access denied: user deactivated; id = 194600917
Error: error_code = 30; This profile is private; id = 374469771
Error: error_code = 30; This profile is private; id = 203296157
Error: error_code = 30; This profile is private; id = 554594754
Error: error_code = 30; This profile is private; id = 694564076
Error: error_code = 15; Access denied: user deactivated; id = 275075530
Error: error_code = 30; This profile is private; id = 219520321
Error: error_code = 15; Access denied: user deactivated; id = 333383571
Error: error_code = 30; This profile is private; id = 288221150
Error: error_code = 30; This profile is private; id = 135737176
Error: error_code = 30; This profile is private; id = 530185387
Error: error_code = 15; Access denied: user deactivated; id = 154957310
Error: error_code = 30; This profile is private; id = 81746157
Error: error_code = 15; Access denied: user deactivated; id = 279285583
Error: error_code = 30; This profile is private; id = 404523891
Error: error_code = 30; This profile is private; id = 432596932
Error: error_code = 15; Access denied: user deactivated; id = 526169155
Error: error_code = 15; Access denied: user deactivated; id = 160099649
Error: error_code = 30; This profile is private; id = 379886410
Error: error_code = 30; This profile is private; id = 653869875
Error: error_code = 30; This profile is private; id = 87078532
Error: error_code = 15; Access denied: user deactivated; id = 352170138
Error: error_code = 30; This profile is private; id = 585016244
Error: error_code = 30; This profile is private; id = 63986367
Error: error_code = 30; This profile is private; id = 314828048
Error: error_code = 30; This profile is private; id = 240905880
Error: error_code = 30; This profile is private; id = 142742259
Error: error_code = 30; This profile is private; id = 575573231
Error: error_code = 30; This profile is private; id = 182288530
Error: error_code = 15; Access denied: user deactivated; id = 147138450
Error: error_code = 30; This profile is private; id = 169854820
Error: error_code = 30; This profile is private; id = 540972877
Error: error_code = 30; This profile is private; id = 396741637
Error: error_code = 30; This profile is private; id = 566717563
Error: error_code = 30; This profile is private; id = 174558769
Error: error_code = 15; Access denied: user deactivated; id = 434705861
Error: error_code = 30; This profile is private; id = 243844827
Error: error_code = 30; This profile is private; id = 7569867
Error: error_code = 30; This profile is private; id = 596112816
Error: error_code = 30; This profile is private; id = 514133457
Error: error_code = 30; This profile is private; id = 512191939
Error: error_code = 30; This profile is private; id = 472034417
Error: error_code = 30; This profile is private; id = 249670842
Error: error_code = 30; This profile is private; id = 182352769
Error: error_code = 30; This profile is private; id = 260769367
Error: error_code = 15; Access denied: user deactivated; id = 212066969
Error: error_code = 15; Access denied: user deactivated; id = 137336414
Error: error_code = 15; Access denied: user deactivated; id = 156622759
Error: error_code = 30; This profile is private; id = 245491875
Error: error_code = 15; Access denied: user deactivated; id = 150993870
Error: error_code = 30; This profile is private; id = 251525228
Error: error_code = 30; This profile is private; id = 37758227
Error: error_code = 30; This profile is private; id = 72147782
Error: error_code = 15; Access denied: user deactivated; id = 413849997
Error: error_code = 15; Access denied: user deactivated; id = 401826440
Error: error_code = 30; This profile is private; id = 311818515
Error: error_code = 15; Access denied: user deactivated; id = 225449876
Error: error_code = 30; This profile is private; id = 22331773
Error: error_code = 15; Access denied: user deactivated; id = 387880823
Error: error_code = 30; This profile is private; id = 645851696
Error: error_code = 15; Access denied: user deactivated; id = 161640877
Error: error_code = 30; This profile is private; id = 692589704
Error: error_code = 30; This profile is private; id = 133784
Error: error_code = 30; This profile is private; id = 474397674
Error: error_code = 30; This profile is private; id = 5579717
Error: error_code = 30; This profile is private; id = 86179545
Error: error_code = 30; This profile is private; id = 425764676
Error: error_code = 15; Access denied: user deactivated; id = 298162212
Error: error_code = 30; This profile is private; id = 656014814
Error: error_code = 30; This profile is private; id = 37251795
Error: error_code = 30; This profile is private; id = 504852886
Error: error_code = 30; This profile is private; id = 133860863
Error: error_code = 15; Access denied: user deactivated; id = 166378974
Error: error_code = 15; Access denied: user deactivated; id = 132223930
Error: error_code = 15; Access denied: user deactivated; id = 518228194
Error: error_code = 30; This profile is private; id = 257606005
Error: error_code = 30; This profile is private; id = 424793224
Error: error_code = 30; This profile is private; id = 253263313
Error: error_code = 30; This profile is private; id = 357635288
Error: error_code = 15; Access denied: user deactivated; id = 229476884
Error: error_code = 30; This profile is private; id = 159834898
Error: error_code = 30; This profile is private; id = 353534496
Error: error_code = 30; This profile is private; id = 384737342
Error: error_code = 15; Access denied: user deactivated; id = 210985989
Error: error_code = 30; This profile is private; id = 563933587
Error: error_code = 30; This profile is private; id = 321685308
Error: error_code = 30; This profile is private; id = 159231302
Error: error_code = 30; This profile is private; id = 692522479
Error: error_code = 30; This profile is private; id = 646726442
Error: error_code = 30; This profile is private; id = 527943940
Error: error_code = 30; This profile is private; id = 303162549
Error: error_code = 30; This profile is private; id = 391899453
Error: error_code = 15; Access denied: user deactivated; id = 385659351
Error: error_code = 30; This profile is private; id = 531127512
Error: error_code = 30; This profile is private; id = 551855965
Error: error_code = 30; This profile is private; id = 65569306
Error: error_code = 15; Access denied: user deactivated; id = 302652942
Error: error_code = 30; This profile is private; id = 203081397
Error: error_code = 15; Access denied: user deactivated; id = 91292298
Error: error_code = 30; This profile is private; id = 588340999
Error: error_code = 15; Access denied: user deactivated; id = 254224190
Error: error_code = 30; This profile is private; id = 122837788
Error: error_code = 30; This profile is private; id = 529925045
Error: error_code = 30; This profile is private; id = 686322282
Error: error_code = 15; Access denied: user deactivated; id = 5879836
Error: error_code = 15; Access denied: user deactivated; id = 715168306
Error: error_code = 30; This profile is private; id = 444024571
Error: error_code = 30; This profile is private; id = 450544233
Error: error_code = 30; This profile is private; id = 643240092
Error: error_code = 15; Access denied: user deactivated; id = 224667674
Error: error_code = 30; This profile is private; id = 450825849
Error: error_code = 30; This profile is private; id = 542095312
Error: error_code = 30; This profile is private; id = 243325048
Error: error_code = 30; This profile is private; id = 113145334
Error: error_code = 30; This profile is private; id = 465602099
Error: error_code = 15; Access denied: user deactivated; id = 655485988
Error: error_code = 30; This profile is private; id = 177584151
Error: error_code = 30; This profile is private; id = 671492207
Error: error_code = 30; This profile is private; id = 59293072
Error: error_code = 30; This profile is private; id = 12985872
Error: error_code = 30; This profile is private; id = 13589315
Error: error_code = 30; This profile is private; id = 262397952
Error: error_code = 15; Access denied: user deactivated; id = 221088611
Error: error_code = 30; This profile is private; id = 8177858
Error: error_code = 30; This profile is private; id = 58755083
Error: error_code = 30; This profile is private; id = 119451740
Error: error_code = 30; This profile is private; id = 412692471
Error: error_code = 15; Access denied: user deactivated; id = 219472323
Error: error_code = 30; This profile is private; id = 583288747
Error: error_code = 30; This profile is private; id = 50749351
Error: error_code = 30; This profile is private; id = 34379027
Error: error_code = 15; Access denied: user deactivated; id = 582517070
Error: error_code = 30; This profile is private; id = 541679440
Error: error_code = 30; This profile is private; id = 66984978
Error: error_code = 30; This profile is private; id = 235138333
Error: error_code = 30; This profile is private; id = 49541417
Error: error_code = 30; This profile is private; id = 613011296
Error: error_code = 30; This profile is private; id = 5307475
Error: error_code = 15; Access denied: user deactivated; id = 277377782
Error: error_code = 30; This profile is private; id = 666657049
Error: error_code = 30; This profile is private; id = 162565039
Error: error_code = 30; This profile is private; id = 455023215
Error: error_code = 15; Access denied: user deactivated; id = 385621512
Error: error_code = 30; This profile is private; id = 77513044
Error: error_code = 30; This profile is private; id = 206711559
Error: error_code = 15; Access denied: user deactivated; id = 589440067
Error: error_code = 30; This profile is private; id = 424073912
Error: error_code = 15; Access denied: user deactivated; id = 516458405
Error: error_code = 30; This profile is private; id = 628876088
Error: error_code = 15; Access denied: user deactivated; id = 159265767
Error: error_code = 30; This profile is private; id = 36909879
Error: error_code = 30; This profile is private; id = 156184095
Error: error_code = 15; Access denied: user deactivated; id = 343130200
Error: error_code = 15; Access denied: user deactivated; id = 91682795
Error: error_code = 30; This profile is private; id = 495381162
Error: error_code = 15; Access denied: user deactivated; id = 231426329
Error: error_code = 15; Access denied: user deactivated; id = 150574248
Error: error_code = 30; This profile is private; id = 144529576
Error: error_code = 30; This profile is private; id = 671346671
Error: error_code = 30; This profile is private; id = 383447531
Error: error_code = 30; This profile is private; id = 139954638
Error: error_code = 30; This profile is private; id = 575523042
Error: error_code = 30; This profile is private; id = 19730968
Error: error_code = 15; Access denied: user deactivated; id = 401172001
Error: error_code = 15; Access denied: user deactivated; id = 708165201
Error: error_code = 30; This profile is private; id = 301749850
Error: error_code = 30; This profile is private; id = 463519331
Error: error_code = 15; Access denied: user deactivated; id = 528041792
Error: error_code = 30; This profile is private; id = 276823037
Error: error_code = 30; This profile is private; id = 664851737
Error: error_code = 30; This profile is private; id = 530367178
Error: error_code = 30; This profile is private; id = 327376680
Error: error_code = 30; This profile is private; id = 451911841
Error: error_code = 30; This profile is private; id = 512307472
Error: error_code = 15; Access denied: user deactivated; id = 228351603
Error: error_code = 30; This profile is private; id = 189079688
Error: error_code = 30; This profile is private; id = 83832009
Error: error_code = 30; This profile is private; id = 511379018
Error: error_code = 30; This profile is private; id = 37158223
Error: error_code = 30; This profile is private; id = 606470473
Error: error_code = 30; This profile is private; id = 578084858
Error: error_code = 15; Access denied: user deactivated; id = 424207046
Error: error_code = 15; Access denied: user deactivated; id = 490884782
Error: error_code = 30; This profile is private; id = 65546760
Error: error_code = 15; Access denied: user deactivated; id = 383309041
Error: error_code = 30; This profile is private; id = 378324539
Error: error_code = 30; This profile is private; id = 57654360
Error: error_code = 15; Access denied: user deactivated; id = 398744928
Error: error_code = 30; This profile is private; id = 648804625
Error: error_code = 15; Access denied: user deactivated; id = 574140005
Error: error_code = 30; This profile is private; id = 502855921
Error: error_code = 30; This profile is private; id = 194485542
Error: error_code = 30; This profile is private; id = 450966162
Error: error_code = 30; This profile is private; id = 613279491
Error: error_code = 30; This profile is private; id = 622667957
Error: error_code = 15; Access denied: user deactivated; id = 220302555
Error: error_code = 30; This profile is private; id = 217527496
Error: error_code = 30; This profile is private; id = 456042234
Error: error_code = 30; This profile is private; id = 427820124
Error: error_code = 30; This profile is private; id = 181215063
Error: error_code = 30; This profile is private; id = 9941889
Error: error_code = 15; Access denied: user deactivated; id = 713069880
Error: error_code = 15; Access denied: user deactivated; id = 421258503
Error: error_code = 30; This profile is private; id = 381643338
Error: error_code = 30; This profile is private; id = 12438237
Error: error_code = 15; Access denied: user deactivated; id = 212957724
Error: error_code = 15; Access denied: user deactivated; id = 246401833
Error: error_code = 15; Access denied: user deactivated; id = 60429424
Error: error_code = 30; This profile is private; id = 284214551
Error: error_code = 15; Access denied: user deactivated; id = 439164041
Error: error_code = 15; Access denied: user deactivated; id = 191849820
Error: error_code = 30; This profile is private; id = 131768485
Error: error_code = 15; Access denied: user deactivated; id = 271539558
Error: error_code = 30; This profile is private; id = 173974012
Error: error_code = 30; This profile is private; id = 430194900
Error: error_code = 30; This profile is private; id = 674493189
Error: error_code = 15; Access denied: user deactivated; id = 184459940
Error: error_code = 15; Access denied: user deactivated; id = 349032624
Error: error_code = 15; Access denied: user deactivated; id = 471969344
Error: error_code = 30; This profile is private; id = 54143972
Error: error_code = 30; This profile is private; id = 12401401
Error: error_code = 30; This profile is private; id = 208132736
Error: error_code = 30; This profile is private; id = 208167804
Error: error_code = 30; This profile is private; id = 4036655
Error: error_code = 30; This profile is private; id = 310332451
Error: error_code = 30; This profile is private; id = 356924113
Error: error_code = 30; This profile is private; id = 74645152
Error: error_code = 30; This profile is private; id = 527702314
Error: error_code = 30; This profile is private; id = 136090505
Error: error_code = 30; This profile is private; id = 377436474
Error: error_code = 30; This profile is private; id = 58494374
Error: error_code = 30; This profile is private; id = 564039673
Error: error_code = 30; This profile is private; id = 139223149
Error: error_code = 30; This profile is private; id = 587735313
Error: error_code = 15; Access denied: user deactivated; id = 270931899
Error: error_code = 30; This profile is private; id = 484506357
Error: error_code = 30; This profile is private; id = 308941381
Error: error_code = 30; This profile is private; id = 178053826
Error: error_code = 30; This profile is private; id = 582656303
Error: error_code = 30; This profile is private; id = 183873290
Error: error_code = 30; This profile is private; id = 6533443
Error: error_code = 15; Access denied: user deactivated; id = 420467411
Error: error_code = 15; Access denied: user deactivated; id = 217943800
Error: error_code = 30; This profile is private; id = 308972728
Error: error_code = 15; Access denied: user deactivated; id = 539889444
Error: error_code = 30; This profile is private; id = 321436560
Error: error_code = 30; This profile is private; id = 181406186
Error: error_code = 30; This profile is private; id = 76773823
Error: error_code = 30; This profile is private; id = 626873
Error: error_code = 30; This profile is private; id = 568341160
Error: error_code = 30; This profile is private; id = 526410153
Error: error_code = 15; Access denied: user deactivated; id = 431176104
Error: error_code = 30; This profile is private; id = 87742438
Error: error_code = 30; This profile is private; id = 698669535
Error: error_code = 15; Access denied: user deactivated; id = 115314270
Error: error_code = 30; This profile is private; id = 696614046
Error: error_code = 30; This profile is private; id = 138240848
Error: error_code = 15; Access denied: user deactivated; id = 422789854
Error: error_code = 30; This profile is private; id = 2219486
Error: error_code = 30; This profile is private; id = 348080055
Error: error_code = 30; This profile is private; id = 702960913
Error: error_code = 30; This profile is private; id = 547490984
Error: error_code = 30; This profile is private; id = 308479409
Error: error_code = 30; This profile is private; id = 397178556
Error: error_code = 30; This profile is private; id = 396793966
Error: error_code = 15; Access denied: user deactivated; id = 71005520
Error: error_code = 30; This profile is private; id = 381165633
Error: error_code = 15; Access denied: user deactivated; id = 382317154
Error: error_code = 30; This profile is private; id = 536877440
Error: error_code = 30; This profile is private; id = 617639647
Error: error_code = 30; This profile is private; id = 563851199
Error: error_code = 30; This profile is private; id = 649383648
Error: error_code = 30; This profile is private; id = 559726741
Error: error_code = 15; Access denied: user deactivated; id = 226864627
Error: error_code = 15; Access denied: user deactivated; id = 545489211
Error: error_code = 30; This profile is private; id = 435861584
Error: error_code = 15; Access denied: user deactivated; id = 211586229
Error: error_code = 30; This profile is private; id = 238839848
Error: error_code = 30; This profile is private; id = 631491928
Error: error_code = 30; This profile is private; id = 97300162
Error: error_code = 15; Access denied: user deactivated; id = 426450380
Error: error_code = 15; Access denied: user deactivated; id = 421971006
Error: error_code = 30; This profile is private; id = 1051808
Error: error_code = 30; This profile is private; id = 15823052
Error: error_code = 15; Access denied: user deactivated; id = 406825547
Error: error_code = 30; This profile is private; id = 163214154
Error: error_code = 30; This profile is private; id = 239837261
Error: error_code = 15; Access denied: user deactivated; id = 219626047
Error: error_code = 30; This profile is private; id = 368061942
Error: error_code = 30; This profile is private; id = 61494694
Error: error_code = 30; This profile is private; id = 558654612
Error: error_code = 15; Access denied: user deactivated; id = 481529405
Error: error_code = 15; Access denied: user deactivated; id = 67016308
Error: error_code = 30; This profile is private; id = 342845062
Error: error_code = 30; This profile is private; id = 353322611
Error: error_code = 15; Access denied: user deactivated; id = 533376668
Error: error_code = 30; This profile is private; id = 597151102
Error: error_code = 30; This profile is private; id = 1012158
Error: error_code = 15; Access denied: user deactivated; id = 404028756
Error: error_code = 30; This profile is private; id = 17526834
Error: error_code = 30; This profile is private; id = 490489265
Error: error_code = 30; This profile is private; id = 145790654
Error: error_code = 30; This profile is private; id = 485694689
Error: error_code = 30; This profile is private; id = 46593878
Error: error_code = 15; Access denied: user deactivated; id = 565275396
Error: error_code = 30; This profile is private; id = 226393724
Error: error_code = 30; This profile is private; id = 202052481
Error: error_code = 15; Access denied: user deactivated; id = 381074924
Error: error_code = 30; This profile is private; id = 370389315
Error: error_code = 30; This profile is private; id = 440960536
Error: error_code = 15; Access denied: user deactivated; id = 240145450
Error: error_code = 30; This profile is private; id = 465521797
Error: error_code = 30; This profile is private; id = 32297801
Error: error_code = 30; This profile is private; id = 602223615
Error: error_code = 30; This profile is private; id = 109101145
Error: error_code = 30; This profile is private; id = 463253876
Error: error_code = 15; Access denied: user deactivated; id = 236689925
Error: error_code = 15; Access denied: user deactivated; id = 545839500
Error: error_code = 30; This profile is private; id = 705773882
Error: error_code = 30; This profile is private; id = 701761964
Error: error_code = 15; Access denied: user deactivated; id = 176665947
Error: error_code = 15; Access denied: user deactivated; id = 345944119
Error: error_code = 30; This profile is private; id = 408649453
Error: error_code = 15; Access denied: user deactivated; id = 162700911
Error: error_code = 30; This profile is private; id = 360856373
Error: error_code = 15; Access denied: user deactivated; id = 157385014
Error: error_code = 30; This profile is private; id = 355258784
Error: error_code = 30; This profile is private; id = 15290642
Error: error_code = 15; Access denied: user deactivated; id = 403332046
Error: error_code = 15; Access denied: user deactivated; id = 62575849
Error: error_code = 30; This profile is private; id = 317969696
Error: error_code = 15; Access denied: user deactivated; id = 666955335
Error: error_code = 30; This profile is private; id = 178128593
Error: error_code = 30; This profile is private; id = 458167941
Error: error_code = 30; This profile is private; id = 631340016
Error: error_code = 30; This profile is private; id = 356886947
Error: error_code = 30; This profile is private; id = 59070987
Error: error_code = 30; This profile is private; id = 596941072
Error: error_code = 30; This profile is private; id = 598675328
Error: error_code = 30; This profile is private; id = 244895793
Error: error_code = 30; This profile is private; id = 684239105
Error: error_code = 15; Access denied: user deactivated; id = 438102028
Error: error_code = 30; This profile is private; id = 232348368
Error: error_code = 30; This profile is private; id = 71186057
Error: error_code = 30; This profile is private; id = 132302136
Error: error_code = 30; This profile is private; id = 402393898
Error: error_code = 15; Access denied: user deactivated; id = 356828934
Error: error_code = 30; This profile is private; id = 345420859
Error: error_code = 30; This profile is private; id = 216845103
Error: error_code = 30; This profile is private; id = 92456369
Error: error_code = 30; This profile is private; id = 104443534
Error: error_code = 30; This profile is private; id = 610413823
Error: error_code = 15; Access denied: user deactivated; id = 375180
Error: error_code = 15; Access denied: user deactivated; id = 194358919
Error: error_code = 30; This profile is private; id = 44947238
Error: error_code = 30; This profile is private; id = 695395920
Error: error_code = 15; Access denied: user deactivated; id = 22177522
Error: error_code = 15; Access denied: user deactivated; id = 206983803
Error: error_code = 15; Access denied: user deactivated; id = 623933613
Error: error_code = 30; This profile is private; id = 388287316
Error: error_code = 15; Access denied: user deactivated; id = 133848191
Error: error_code = 15; Access denied: user deactivated; id = 387764040
Error: error_code = 30; This profile is private; id = 702553239
Error: error_code = 30; This profile is private; id = 102765375
Error: error_code = 30; This profile is private; id = 113330659
Error: error_code = 15; Access denied: user deactivated; id = 264169897
Error: error_code = 30; This profile is private; id = 549146447
Error: error_code = 30; This profile is private; id = 364632867
Error: error_code = 15; Access denied: user deactivated; id = 385044656
Error: error_code = 15; Access denied: user deactivated; id = 161068602
Error: error_code = 15; Access denied: user deactivated; id = 6234900
Error: error_code = 30; This profile is private; id = 86072656
Error: error_code = 30; This profile is private; id = 88773129
Error: error_code = 30; This profile is private; id = 201568625
Error: error_code = 15; Access denied: user deactivated; id = 218637691
Error: error_code = 30; This profile is private; id = 387766875
Error: error_code = 15; Access denied: user deactivated; id = 16509320
Error: error_code = 30; This profile is private; id = 579361230
Error: error_code = 30; This profile is private; id = 625451936
Error: error_code = 30; This profile is private; id = 508324624
Error: error_code = 30; This profile is private; id = 210908966
Error: error_code = 15; Access denied: user deactivated; id = 597257551
Error: error_code = 30; This profile is private; id = 17323359
Error: error_code = 15; Access denied: user deactivated; id = 184085031
Error: error_code = 15; Access denied: user deactivated; id = 261750995
Error: error_code = 30; This profile is private; id = 36885753
Error: error_code = 15; Access denied: user deactivated; id = 295132641
Error: error_code = 30; This profile is private; id = 484506699
Error: error_code = 30; This profile is private; id = 377426010
Error: error_code = 30; This profile is private; id = 303025869
Error: error_code = 15; Access denied: user deactivated; id = 144617295
Error: error_code = 15; Access denied: user deactivated; id = 58422141
Error: error_code = 15; Access denied: user deactivated; id = 162564334
Error: error_code = 30; This profile is private; id = 105300692
Error: error_code = 30; This profile is private; id = 573373857
Error: error_code = 15; Access denied: user deactivated; id = 11210547
Error: error_code = 15; Access denied: user deactivated; id = 619957334
Error: error_code = 30; This profile is private; id = 371739841
Error: error_code = 30; This profile is private; id = 137265431
Error: error_code = 30; This profile is private; id = 101286400
Error: error_code = 30; This profile is private; id = 32590701
Error: error_code = 15; Access denied: user deactivated; id = 432881568
Error: error_code = 30; This profile is private; id = 465623976
Error: error_code = 30; This profile is private; id = 457732259
Error: error_code = 30; This profile is private; id = 638895250
Error: error_code = 15; Access denied: user deactivated; id = 177764091
Error: error_code = 30; This profile is private; id = 314182335
Error: error_code = 30; This profile is private; id = 324299615
Error: error_code = 30; This profile is private; id = 402094174
Error: error_code = 30; This profile is private; id = 619110448
Error: error_code = 15; Access denied: user deactivated; id = 214298231
Error: error_code = 30; This profile is private; id = 645229582
Error: error_code = 30; This profile is private; id = 331406276
Error: error_code = 30; This profile is private; id = 380145417
Error: error_code = 30; This profile is private; id = 95016544
Error: error_code = 15; Access denied: user deactivated; id = 109409463
Error: error_code = 30; This profile is private; id = 132808303
Error: error_code = 15; Access denied: user deactivated; id = 534309682
Error: error_code = 30; This profile is private; id = 714295288
Error: error_code = 15; Access denied: user deactivated; id = 702517934
Error: error_code = 15; Access denied: user deactivated; id = 180807448
Error: error_code = 30; This profile is private; id = 187246361
Error: error_code = 30; This profile is private; id = 230055964
Error: error_code = 30; This profile is private; id = 266076092
Error: error_code = 30; This profile is private; id = 125406545
Error: error_code = 30; This profile is private; id = 297950552
Error: error_code = 30; This profile is private; id = 161372252
Error: error_code = 15; Access denied: user deactivated; id = 219495165
Error: error_code = 30; This profile is private; id = 319423521
Error: error_code = 30; This profile is private; id = 345718307
Error: error_code = 30; This profile is private; id = 441641924
Error: error_code = 15; Access denied: user deactivated; id = 318156390
Error: error_code = 15; Access denied: user deactivated; id = 333865174
Error: error_code = 30; This profile is private; id = 62165848
Error: error_code = 30; This profile is private; id = 539131555
Error: error_code = 15; Access denied: user deactivated; id = 158568475
Error: error_code = 30; This profile is private; id = 164704313
Error: error_code = 30; This profile is private; id = 71054041
Error: error_code = 30; This profile is private; id = 573571789
Error: error_code = 15; Access denied: user deactivated; id = 226994702
Error: error_code = 30; This profile is private; id = 521740410
Error: error_code = 30; This profile is private; id = 280939118
Error: error_code = 15; Access denied: user deactivated; id = 294962304
Error: error_code = 30; This profile is private; id = 612697566
Error: error_code = 30; This profile is private; id = 161498577
Error: error_code = 30; This profile is private; id = 2747638
Error: error_code = 30; This profile is private; id = 91980561
Error: error_code = 30; This profile is private; id = 7139848
Error: error_code = 15; Access denied: user deactivated; id = 78970766
Error: error_code = 30; This profile is private; id = 294282578
Error: error_code = 30; This profile is private; id = 372852257
Error: error_code = 15; Access denied: user deactivated; id = 221362425
Error: error_code = 30; This profile is private; id = 44652455
Error: error_code = 30; This profile is private; id = 692963795
Error: error_code = 30; This profile is private; id = 628278178
Error: error_code = 15; Access denied: user deactivated; id = 414840305
Error: error_code = 15; Access denied: user deactivated; id = 356151018
Error: error_code = 15; Access denied: user deactivated; id = 206156045
Error: error_code = 30; This profile is private; id = 405485634
Error: error_code = 15; Access denied: user deactivated; id = 577408324
Error: error_code = 15; Access denied: user deactivated; id = 29469759
Error: error_code = 30; This profile is private; id = 33957923
Error: error_code = 30; This profile is private; id = 713035621
Error: error_code = 30; This profile is private; id = 145780645
Error: error_code = 15; Access denied: user deactivated; id = 274589273
Error: error_code = 30; This profile is private; id = 468767023
Error: error_code = 15; Access denied: user deactivated; id = 321522293
Error: error_code = 15; Access denied: user deactivated; id = 353849271
Error: error_code = 30; This profile is private; id = 507681278
Error: error_code = 30; This profile is private; id = 286495164
Error: error_code = 30; This profile is private; id = 53175780
Error: error_code = 30; This profile is private; id = 25672542
Error: error_code = 30; This profile is private; id = 552817785
Error: error_code = 30; This profile is private; id = 22834394
Error: error_code = 30; This profile is private; id = 39582820
Error: error_code = 30; This profile is private; id = 469270856
Error: error_code = 15; Access denied: user deactivated; id = 506955998
Error: error_code = 30; This profile is private; id = 120183470
Error: error_code = 30; This profile is private; id = 279442701
Error: error_code = 30; This profile is private; id = 456878930
Error: error_code = 30; This profile is private; id = 159749443
Error: error_code = 30; This profile is private; id = 366830034
Error: error_code = 30; This profile is private; id = 24265828
Error: error_code = 30; This profile is private; id = 465995605
Error: error_code = 30; This profile is private; id = 386366353
Error: error_code = 30; This profile is private; id = 210901491
Error: error_code = 15; Access denied: user deactivated; id = 220317442
Error: error_code = 30; This profile is private; id = 292489789
Error: error_code = 15; Access denied: user deactivated; id = 493474426
Error: error_code = 15; Access denied: user deactivated; id = 557770443
Error: error_code = 15; Access denied: user deactivated; id = 210625228
Error: error_code = 15; Access denied: user deactivated; id = 409193459
Error: error_code = 30; This profile is private; id = 126825109
Error: error_code = 30; This profile is private; id = 395038152
Error: error_code = 15; Access denied: user deactivated; id = 340601470
Error: error_code = 30; This profile is private; id = 331851095
Error: error_code = 15; Access denied: user deactivated; id = 506811996
Error: error_code = 15; Access denied: user deactivated; id = 241521517
Error: error_code = 30; This profile is private; id = 658147766
Error: error_code = 30; This profile is private; id = 180234991
Error: error_code = 15; Access denied: user deactivated; id = 273410151
Error: error_code = 15; Access denied: user deactivated; id = 123081654
Error: error_code = 30; This profile is private; id = 65800753
Error: error_code = 15; Access denied: user deactivated; id = 702535576
Error: error_code = 15; Access denied: user deactivated; id = 134080603
Error: error_code = 30; This profile is private; id = 347592570
Error: error_code = 15; Access denied: user deactivated; id = 30654093
Error: error_code = 15; Access denied: user deactivated; id = 197580283
Error: error_code = 30; This profile is private; id = 222480182
Error: error_code = 15; Access denied: user deactivated; id = 169115140
Error: error_code = 30; This profile is private; id = 616908614
Error: error_code = 30; This profile is private; id = 608278049
Error: error_code = 15; Access denied: user deactivated; id = 400321086
Error: error_code = 30; This profile is private; id = 135535595
Error: error_code = 30; This profile is private; id = 608567830
Error: error_code = 15; Access denied: user deactivated; id = 476504193
Error: error_code = 30; This profile is private; id = 119127
Error: error_code = 30; This profile is private; id = 299881260
Error: error_code = 30; This profile is private; id = 219996732
Error: error_code = 30; This profile is private; id = 34185162
Error: error_code = 30; This profile is private; id = 326828513
Error: error_code = 15; Access denied: user deactivated; id = 219488852
Error: error_code = 15; Access denied: user deactivated; id = 620557271
Error: error_code = 30; This profile is private; id = 153597282
Error: error_code = 30; This profile is private; id = 166769398
Error: error_code = 30; This profile is private; id = 232734555
Error: error_code = 15; Access denied: user deactivated; id = 357450307
Error: error_code = 30; This profile is private; id = 103079058
Error: error_code = 30; This profile is private; id = 716427376
Error: error_code = 30; This profile is private; id = 59076003
Error: error_code = 30; This profile is private; id = 589887198
Error: error_code = 15; Access denied: user deactivated; id = 340709236
Error: error_code = 30; This profile is private; id = 59765335
Error: error_code = 30; This profile is private; id = 20028146
Error: error_code = 30; This profile is private; id = 132229906
Error: error_code = 30; This profile is private; id = 322159368
Error: error_code = 30; This profile is private; id = 21236536
Error: error_code = 15; Access denied: user deactivated; id = 275920657
Error: error_code = 15; Access denied: user deactivated; id = 65589681
Error: error_code = 30; This profile is private; id = 649027620
Error: error_code = 30; This profile is private; id = 28785871
Error: error_code = 30; This profile is private; id = 154955292
Error: error_code = 30; This profile is private; id = 97519571
Error: error_code = 30; This profile is private; id = 651046925
Error: error_code = 30; This profile is private; id = 558677259
Error: error_code = 30; This profile is private; id = 178383349
Error: error_code = 30; This profile is private; id = 682817669
Error: error_code = 30; This profile is private; id = 673609062
Error: error_code = 15; Access denied: user deactivated; id = 541690014
Error: error_code = 30; This profile is private; id = 268248531
Error: error_code = 15; Access denied: user deactivated; id = 442032071
Error: error_code = 30; This profile is private; id = 365886433
Error: error_code = 30; This profile is private; id = 706531868
Error: error_code = 15; Access denied: user deactivated; id = 425656550
Error: error_code = 15; Access denied: user deactivated; id = 229528290
Error: error_code = 30; This profile is private; id = 536092196
Error: error_code = 15; Access denied: user deactivated; id = 386277221
Error: error_code = 30; This profile is private; id = 166793897
Error: error_code = 30; This profile is private; id = 673183446
Error: error_code = 30; This profile is private; id = 12052993
Error: error_code = 15; Access denied: user deactivated; id = 104480058
Error: error_code = 30; This profile is private; id = 584188336
Error: error_code = 30; This profile is private; id = 382038807
Error: error_code = 30; This profile is private; id = 120901812
Error: error_code = 30; This profile is private; id = 521578031
Error: error_code = 30; This profile is private; id = 47064822
Error: error_code = 30; This profile is private; id = 681902650
Error: error_code = 30; This profile is private; id = 46259230
Error: error_code = 15; Access denied: user deactivated; id = 272453771
Error: error_code = 15; Access denied: user deactivated; id = 105726158
Error: error_code = 30; This profile is private; id = 209826530
Error: error_code = 30; This profile is private; id = 712079759
Error: error_code = 15; Access denied: user deactivated; id = 400791539
Error: error_code = 30; This profile is private; id = 424475827
Error: error_code = 30; This profile is private; id = 74126926
Error: error_code = 30; This profile is private; id = 573906739
Error: error_code = 30; This profile is private; id = 413228322
Error: error_code = 15; Access denied: user deactivated; id = 231747720
Error: error_code = 30; This profile is private; id = 127142192
Error: error_code = 15; Access denied: user deactivated; id = 475164140
Error: error_code = 15; Access denied: user deactivated; id = 422904874
Error: error_code = 15; Access denied: user deactivated; id = 237765975
Error: error_code = 30; This profile is private; id = 375777689
Error: error_code = 30; This profile is private; id = 623927976
Error: error_code = 15; Access denied: user deactivated; id = 287163989
Error: error_code = 15; Access denied: user deactivated; id = 199606990
Error: error_code = 15; Access denied: user deactivated; id = 546808593
Error: error_code = 30; This profile is private; id = 339959431
Error: error_code = 30; This profile is private; id = 673793604
Error: error_code = 15; Access denied: user deactivated; id = 216243092
Error: error_code = 30; This profile is private; id = 628870919
Error: error_code = 30; This profile is private; id = 577467136
Error: error_code = 30; This profile is private; id = 564778427
Error: error_code = 30; This profile is private; id = 33332453
Error: error_code = 30; This profile is private; id = 272008329
Error: error_code = 30; This profile is private; id = 32123246
Error: error_code = 15; Access denied: user deactivated; id = 11994416
Error: error_code = 15; Access denied: user deactivated; id = 403819852
Error: error_code = 30; This profile is private; id = 17345795
Error: error_code = 30; This profile is private; id = 613593532
Error: error_code = 15; Access denied: user deactivated; id = 643032097
Error: error_code = 15; Access denied: user deactivated; id = 218744297
Error: error_code = 30; This profile is private; id = 16464557
Error: error_code = 30; This profile is private; id = 552941223
Error: error_code = 30; This profile is private; id = 31979490
Error: error_code = 15; Access denied: user deactivated; id = 327756256
Error: error_code = 15; Access denied: user deactivated; id = 198022373
Error: error_code = 30; This profile is private; id = 460233134
Error: error_code = 30; This profile is private; id = 340434553
Error: error_code = 30; This profile is private; id = 337444079
Error: error_code = 15; Access denied: user deactivated; id = 398751748
Error: error_code = 30; This profile is private; id = 91786109
Error: error_code = 15; Access denied: user deactivated; id = 19705694
Error: error_code = 30; This profile is private; id = 98633412
Error: error_code = 15; Access denied: user deactivated; id = 16558029
Error: error_code = 15; Access denied: user deactivated; id = 519886897
Error: error_code = 30; This profile is private; id = 143917164
Error: error_code = 30; This profile is private; id = 250937345
Error: error_code = 15; Access denied: user deactivated; id = 552243485
Error: error_code = 30; This profile is private; id = 234533759
Error: error_code = 30; This profile is private; id = 619065940
Error: error_code = 15; Access denied: user deactivated; id = 67134908
Error: error_code = 30; This profile is private; id = 576650111
Error: error_code = 30; This profile is private; id = 675663415
Error: error_code = 30; This profile is private; id = 469764012
Error: error_code = 30; This profile is private; id = 378463085
Error: error_code = 15; Access denied: user deactivated; id = 198985719
Error: error_code = 15; Access denied: user deactivated; id = 435167089
Error: error_code = 15; Access denied: user deactivated; id = 212180428
Error: error_code = 15; Access denied: user deactivated; id = 398697587
Error: error_code = 30; This profile is private; id = 253666000
Error: error_code = 30; This profile is private; id = 353027230
Error: error_code = 15; Access denied: user deactivated; id = 341057038
Error: error_code = 15; Access denied: user deactivated; id = 411229986
Error: error_code = 15; Access denied: user deactivated; id = 11204620
Error: error_code = 15; Access denied: user deactivated; id = 284622623
Error: error_code = 30; This profile is private; id = 257863596
Error: error_code = 30; This profile is private; id = 513150721
Error: error_code = 15; Access denied: user deactivated; id = 547336696
Error: error_code = 30; This profile is private; id = 452947417
Error: error_code = 30; This profile is private; id = 609824693
Error: error_code = 30; This profile is private; id = 151256624
Error: error_code = 30; This profile is private; id = 656341571
Error: error_code = 30; This profile is private; id = 86311226
Error: error_code = 30; This profile is private; id = 508874169
Error: error_code = 30; This profile is private; id = 561089586
Error: error_code = 15; Access denied: user deactivated; id = 106122041
Error: error_code = 30; This profile is private; id = 80186871
Error: error_code = 30; This profile is private; id = 72170324
Error: error_code = 30; This profile is private; id = 94896076
Error: error_code = 30; This profile is private; id = 136262389
Error: error_code = 30; This profile is private; id = 240346178
Error: error_code = 15; Access denied: user deactivated; id = 540184993
Error: error_code = 15; Access denied: user deactivated; id = 214510833
Error: error_code = 30; This profile is private; id = 230617681
Error: error_code = 30; This profile is private; id = 58543613
Error: error_code = 15; Access denied: user deactivated; id = 29033439
Error: error_code = 15; Access denied: user deactivated; id = 654570202
Error: error_code = 15; Access denied: user deactivated; id = 414157399
Error: error_code = 30; This profile is private; id = 493402378
Error: error_code = 30; This profile is private; id = 629659882
Error: error_code = 15; Access denied: user deactivated; id = 122507034
Error: error_code = 30; This profile is private; id = 695093002
Error: error_code = 30; This profile is private; id = 75411285
Error: error_code = 30; This profile is private; id = 4703750
Error: error_code = 30; This profile is private; id = 134977154
Error: error_code = 30; This profile is private; id = 9450436
Error: error_code = 15; Access denied: user deactivated; id = 193564935
Error: error_code = 30; This profile is private; id = 651331065
Error: error_code = 30; This profile is private; id = 523879884
Error: error_code = 15; Access denied: user deactivated; id = 405243478
Error: error_code = 30; This profile is private; id = 135472018
Error: error_code = 15; Access denied: user deactivated; id = 408500970
Error: error_code = 15; Access denied: user deactivated; id = 462214738
Error: error_code = 15; Access denied: user deactivated; id = 156795906
Error: error_code = 30; This profile is private; id = 299733237
Error: error_code = 30; This profile is private; id = 569732800
Error: error_code = 15; Access denied: user deactivated; id = 436056020
Error: error_code = 30; This profile is private; id = 302606789
Error: error_code = 30; This profile is private; id = 323578836
Error: error_code = 15; Access denied: user deactivated; id = 501843455
Error: error_code = 30; This profile is private; id = 50020388
Error: error_code = 30; This profile is private; id = 466333992
Error: error_code = 30; This profile is private; id = 561232086
Error: error_code = 30; This profile is private; id = 242157648
Error: error_code = 15; Access denied: user deactivated; id = 446777608
Error: error_code = 30; This profile is private; id = 436351379
Error: error_code = 30; This profile is private; id = 393405177
Error: error_code = 30; This profile is private; id = 628630010
Error: error_code = 15; Access denied: user deactivated; id = 560828821
Error: error_code = 15; Access denied: user deactivated; id = 354504635
Error: error_code = 30; This profile is private; id = 309963450
Error: error_code = 30; This profile is private; id = 4311798
Error: error_code = 15; Access denied: user deactivated; id = 401541150
Error: error_code = 30; This profile is private; id = 614524791
Error: error_code = 30; This profile is private; id = 469063110
Error: error_code = 30; This profile is private; id = 196528763
Error: error_code = 15; Access denied: user deactivated; id = 567670461
Error: error_code = 30; This profile is private; id = 165913089
Error: error_code = 30; This profile is private; id = 144971213
Error: error_code = 30; This profile is private; id = 233005250
Error: error_code = 30; This profile is private; id = 305665612
Error: error_code = 15; Access denied: user deactivated; id = 526666734
Error: error_code = 30; This profile is private; id = 213382307
Error: error_code = 30; This profile is private; id = 565284022
Error: error_code = 30; This profile is private; id = 277340107
Error: error_code = 15; Access denied: user deactivated; id = 430223451
Error: error_code = 15; Access denied: user deactivated; id = 600602691
Error: error_code = 30; This profile is private; id = 321299297
Error: error_code = 30; This profile is private; id = 20762441
Error: error_code = 30; This profile is private; id = 29808088
Error: error_code = 30; This profile is private; id = 74299717
Error: error_code = 30; This profile is private; id = 491109899
Error: error_code = 15; Access denied: user deactivated; id = 285189766
Error: error_code = 15; Access denied: user deactivated; id = 345598990
Error: error_code = 30; This profile is private; id = 364355778
Error: error_code = 15; Access denied: user deactivated; id = 172309632
Error: error_code = 30; This profile is private; id = 544639968
Error: error_code = 15; Access denied: user deactivated; id = 277353216
Error: error_code = 30; This profile is private; id = 120406948
Error: error_code = 30; This profile is private; id = 28614402
Error: error_code = 30; This profile is private; id = 145654010
Error: error_code = 30; This profile is private; id = 91954626
Error: error_code = 15; Access denied: user deactivated; id = 426798378
Error: error_code = 30; This profile is private; id = 49694878
Error: error_code = 15; Access denied: user deactivated; id = 225535757
Error: error_code = 15; Access denied: user deactivated; id = 91578619
Error: error_code = 15; Access denied: user deactivated; id = 446801535
Error: error_code = 15; Access denied: user deactivated; id = 538143635
Error: error_code = 15; Access denied: user deactivated; id = 461014512
Error: error_code = 15; Access denied: user deactivated; id = 715043275
Error: error_code = 15; Access denied: user deactivated; id = 396394167
Error: error_code = 15; Access denied: user deactivated; id = 555754904
Error: error_code = 30; This profile is private; id = 273772820
Error: error_code = 30; This profile is private; id = 588676034
Error: error_code = 30; This profile is private; id = 540251721
Error: error_code = 15; Access denied: user deactivated; id = 393848014
Error: error_code = 15; Access denied: user deactivated; id = 405152471
Error: error_code = 30; This profile is private; id = 284747908
Error: error_code = 30; This profile is private; id = 504768453
Error: error_code = 30; This profile is private; id = 134977938
Error: error_code = 30; This profile is private; id = 497856323
Error: error_code = 30; This profile is private; id = 105633579
Error: error_code = 30; This profile is private; id = 568032560
Error: error_code = 30; This profile is private; id = 522589678
Error: error_code = 30; This profile is private; id = 21591025
Error: error_code = 30; This profile is private; id = 514920971
Error: error_code = 15; Access denied: user deactivated; id = 103931846
Error: error_code = 30; This profile is private; id = 421760084
Error: error_code = 30; This profile is private; id = 182288224
Error: error_code = 30; This profile is private; id = 394788527
Error: error_code = 30; This profile is private; id = 299923689
Error: error_code = 30; This profile is private; id = 485548505
Error: error_code = 30; This profile is private; id = 619746678
Error: error_code = 30; This profile is private; id = 211328524
Error: error_code = 15; Access denied: user deactivated; id = 526721439
Error: error_code = 30; This profile is private; id = 360313253
Error: error_code = 30; This profile is private; id = 7899026
Error: error_code = 15; Access denied: user deactivated; id = 514737318
Error: error_code = 30; This profile is private; id = 195954412
Error: error_code = 15; Access denied: user deactivated; id = 184252772
Error: error_code = 30; This profile is private; id = 92180344
Error: error_code = 30; This profile is private; id = 565092373
Error: error_code = 30; This profile is private; id = 153741647
Error: error_code = 30; This profile is private; id = 611754573
Error: error_code = 30; This profile is private; id = 452387232
Error: error_code = 15; Access denied: user deactivated; id = 208371275
Error: error_code = 30; This profile is private; id = 543003717
Error: error_code = 30; This profile is private; id = 141416409
Error: error_code = 30; This profile is private; id = 540402398
Error: error_code = 15; Access denied: user deactivated; id = 165439029
Error: error_code = 30; This profile is private; id = 214268933
Error: error_code = 30; This profile is private; id = 670330864
Error: error_code = 30; This profile is private; id = 611803247
Error: error_code = 15; Access denied: user deactivated; id = 405146547
Error: error_code = 30; This profile is private; id = 246861104
Error: error_code = 30; This profile is private; id = 494195170
Error: error_code = 15; Access denied: user deactivated; id = 211475274
Error: error_code = 30; This profile is private; id = 166504573
Error: error_code = 15; Access denied: user deactivated; id = 210311441
Error: error_code = 30; This profile is private; id = 355901170
Error: error_code = 30; This profile is private; id = 139536099
Error: error_code = 30; This profile is private; id = 124425173
Error: error_code = 15; Access denied: user deactivated; id = 431939977
Error: error_code = 30; This profile is private; id = 142839453
Error: error_code = 30; This profile is private; id = 302966594
Error: error_code = 30; This profile is private; id = 199313389
Error: error_code = 30; This profile is private; id = 315234615
Error: error_code = 15; Access denied: user deactivated; id = 157579677
Error: error_code = 30; This profile is private; id = 171325914
Error: error_code = 15; Access denied: user deactivated; id = 615817292
Error: error_code = 30; This profile is private; id = 51664682
Error: error_code = 30; This profile is private; id = 401232929
Error: error_code = 15; Access denied: user deactivated; id = 382744267
Error: error_code = 15; Access denied: user deactivated; id = 220602354
Error: error_code = 15; Access denied: user deactivated; id = 393156193
Error: error_code = 30; This profile is private; id = 714293511
Error: error_code = 30; This profile is private; id = 261804813
Error: error_code = 30; This profile is private; id = 623715068
Error: error_code = 30; This profile is private; id = 362812960
Error: error_code = 30; This profile is private; id = 148128405
Error: error_code = 15; Access denied: user deactivated; id = 282086513
Error: error_code = 30; This profile is private; id = 675366975
Error: error_code = 15; Access denied: user deactivated; id = 394634703
Error: error_code = 15; Access denied: user deactivated; id = 134444630
Error: error_code = 30; This profile is private; id = 169736685
Error: error_code = 15; Access denied: user deactivated; id = 227335446
Error: error_code = 30; This profile is private; id = 64205047
Error: error_code = 30; This profile is private; id = 129040389
Error: error_code = 30; This profile is private; id = 658345120
Error: error_code = 30; This profile is private; id = 21065186
Error: error_code = 15; Access denied: user deactivated; id = 635981516
Error: error_code = 30; This profile is private; id = 312102942
Error: error_code = 15; Access denied: user deactivated; id = 700108830
Error: error_code = 15; Access denied: user deactivated; id = 416172517
Error: error_code = 30; This profile is private; id = 247157421
Error: error_code = 30; This profile is private; id = 267061987
Error: error_code = 30; This profile is private; id = 190873364
Error: error_code = 30; This profile is private; id = 185725775
Error: error_code = 30; This profile is private; id = 295470955
Error: error_code = 30; This profile is private; id = 682974354
Error: error_code = 30; This profile is private; id = 395177683
Error: error_code = 15; Access denied: user deactivated; id = 523153711
Error: error_code = 15; Access denied: user deactivated; id = 701316311
Error: error_code = 30; This profile is private; id = 302467501
Error: error_code = 15; Access denied: user deactivated; id = 214394120
Error: error_code = 30; This profile is private; id = 146859920
Error: error_code = 30; This profile is private; id = 34712748
Error: error_code = 30; This profile is private; id = 152413216
Error: error_code = 30; This profile is private; id = 8120693
Error: error_code = 15; Access denied: user deactivated; id = 211170624
Error: error_code = 30; This profile is private; id = 197352143
Error: error_code = 30; This profile is private; id = 139439406
Error: error_code = 30; This profile is private; id = 190648097
Error: error_code = 30; This profile is private; id = 541805170
Error: error_code = 30; This profile is private; id = 654609522
Error: error_code = 30; This profile is private; id = 268721927
Error: error_code = 30; This profile is private; id = 35765561
Error: error_code = 30; This profile is private; id = 377264865
Error: error_code = 30; This profile is private; id = 634718016
Error: error_code = 30; This profile is private; id = 546962524
Error: error_code = 15; Access denied: user deactivated; id = 16844223
Error: error_code = 30; This profile is private; id = 153581035
Error: error_code = 30; This profile is private; id = 253997903
Error: error_code = 30; This profile is private; id = 519403863
Error: error_code = 30; This profile is private; id = 105320332
Error: error_code = 15; Access denied: user deactivated; id = 215341986
Error: error_code = 15; Access denied: user deactivated; id = 76795687
Error: error_code = 30; This profile is private; id = 84877586
Error: error_code = 30; This profile is private; id = 587914484
Error: error_code = 30; This profile is private; id = 275189035
Error: error_code = 30; This profile is private; id = 115177056
Error: error_code = 30; This profile is private; id = 71619401
Error: error_code = 15; Access denied: user deactivated; id = 326890609
Error: error_code = 30; This profile is private; id = 9022530
Error: error_code = 30; This profile is private; id = 710765428
Error: error_code = 30; This profile is private; id = 224797110
Error: error_code = 30; This profile is private; id = 15820088
Error: error_code = 15; Access denied: user deactivated; id = 422870929
Error: error_code = 30; This profile is private; id = 580677968
Error: error_code = 15; Access denied: user deactivated; id = 217156531
Error: error_code = 30; This profile is private; id = 123511586
Error: error_code = 30; This profile is private; id = 578351999
Error: error_code = 15; Access denied: user deactivated; id = 505419997
Error: error_code = 15; Access denied: user deactivated; id = 199725939
Error: error_code = 30; This profile is private; id = 28971861
Error: error_code = 30; This profile is private; id = 464454646
Error: error_code = 30; This profile is private; id = 539181160
Error: error_code = 15; Access denied: user deactivated; id = 160252313
Error: error_code = 15; Access denied: user deactivated; id = 549850773
Error: error_code = 30; This profile is private; id = 102545656
Error: error_code = 30; This profile is private; id = 644686820
Error: error_code = 30; This profile is private; id = 560931938
Error: error_code = 30; This profile is private; id = 549653760
Error: error_code = 30; This profile is private; id = 382911771
Error: error_code = 30; This profile is private; id = 347596307
Error: error_code = 30; This profile is private; id = 123463615
Error: error_code = 30; This profile is private; id = 659081815
Error: error_code = 30; This profile is private; id = 454712632
Error: error_code = 30; This profile is private; id = 525045071
Error: error_code = 30; This profile is private; id = 448037517
Error: error_code = 15; Access denied: user deactivated; id = 431992393
Error: error_code = 30; This profile is private; id = 691974369
Error: error_code = 30; This profile is private; id = 661402193
Error: error_code = 15; Access denied: user deactivated; id = 46375032
Error: error_code = 30; This profile is private; id = 65741481
Error: error_code = 30; This profile is private; id = 75102640
Error: error_code = 15; Access denied: user deactivated; id = 265598127
Error: error_code = 30; This profile is private; id = 519181792
Error: error_code = 30; This profile is private; id = 688766963
Error: error_code = 15; Access denied: user deactivated; id = 678246576
Error: error_code = 15; Access denied: user deactivated; id = 529514378
Error: error_code = 30; This profile is private; id = 647440443
Error: error_code = 30; This profile is private; id = 580060168
Error: error_code = 30; This profile is private; id = 300555782
Error: error_code = 30; This profile is private; id = 145120504
Error: error_code = 30; This profile is private; id = 395731563
Error: error_code = 15; Access denied: user deactivated; id = 449687614
Error: error_code = 30; This profile is private; id = 407090665
Error: error_code = 30; This profile is private; id = 578931818
Error: error_code = 30; This profile is private; id = 118683014
Error: error_code = 30; This profile is private; id = 534199527
Error: error_code = 15; Access denied: user deactivated; id = 703852117
Error: error_code = 30; This profile is private; id = 542310286
Error: error_code = 15; Access denied: user deactivated; id = 297919773
Error: error_code = 30; This profile is private; id = 391865698
Error: error_code = 30; This profile is private; id = 599594668
Error: error_code = 30; This profile is private; id = 694256083
Error: error_code = 30; This profile is private; id = 554960232
Error: error_code = 30; This profile is private; id = 590200235
Error: error_code = 30; This profile is private; id = 669571560
Error: error_code = 15; Access denied: user deactivated; id = 279414350
Error: error_code = 30; This profile is private; id = 417008194
Error: error_code = 30; This profile is private; id = 692385940
Error: error_code = 15; Access denied: user deactivated; id = 686767439
Error: error_code = 30; This profile is private; id = 22176233
Error: error_code = 30; This profile is private; id = 539339437
Error: error_code = 15; Access denied: user deactivated; id = 345618992
Error: error_code = 15; Access denied: user deactivated; id = 663071345
Error: error_code = 30; This profile is private; id = 331106725
Error: error_code = 30; This profile is private; id = 475602653
Error: error_code = 30; This profile is private; id = 4626210
Error: error_code = 30; This profile is private; id = 144304255
Error: error_code = 30; This profile is private; id = 597148203
Error: error_code = 30; This profile is private; id = 582525808
Error: error_code = 30; This profile is private; id = 341059431
Error: error_code = 30; This profile is private; id = 527755912
Error: error_code = 15; Access denied: user deactivated; id = 217346159
Error: error_code = 30; This profile is private; id = 265456456
Error: error_code = 30; This profile is private; id = 123005444
Error: error_code = 30; This profile is private; id = 219126318
Error: error_code = 30; This profile is private; id = 187889780
Error: error_code = 30; This profile is private; id = 702255033
Error: error_code = 30; This profile is private; id = 458851194
Error: error_code = 30; This profile is private; id = 438786019
Error: error_code = 30; This profile is private; id = 65178756
Error: error_code = 15; Access denied: user deactivated; id = 503577204
Error: error_code = 15; Access denied: user deactivated; id = 271444660
Error: error_code = 15; Access denied: user deactivated; id = 350784322
Error: error_code = 15; Access denied: user deactivated; id = 555919566
Error: error_code = 15; Access denied: user deactivated; id = 226624821
Error: error_code = 30; This profile is private; id = 364781434
Error: error_code = 15; Access denied: user deactivated; id = 29042881
Error: error_code = 30; This profile is private; id = 711454121
Error: error_code = 15; Access denied: user deactivated; id = 398599228
Error: error_code = 30; This profile is private; id = 476069004
Error: error_code = 15; Access denied: user deactivated; id = 623507427
Error: error_code = 30; This profile is private; id = 610376997
Error: error_code = 30; This profile is private; id = 458979693
Error: error_code = 30; This profile is private; id = 1485219
Error: error_code = 30; This profile is private; id = 238448156
Error: error_code = 15; Access denied: user deactivated; id = 388688730
Error: error_code = 30; This profile is private; id = 929389
Error: error_code = 15; Access denied: user deactivated; id = 401403297
Error: error_code = 15; Access denied: user deactivated; id = 439085050
Error: error_code = 30; This profile is private; id = 3521922
Error: error_code = 30; This profile is private; id = 194550848
Error: error_code = 30; This profile is private; id = 248071064
Error: error_code = 30; This profile is private; id = 34837447
Error: error_code = 30; This profile is private; id = 593728212
Error: error_code = 30; This profile is private; id = 439648300
Error: error_code = 15; Access denied: user deactivated; id = 404347534
Error: error_code = 30; This profile is private; id = 590520719
Error: error_code = 30; This profile is private; id = 684534716
Error: error_code = 15; Access denied: user deactivated; id = 528640753
Error: error_code = 30; This profile is private; id = 29693205
Error: error_code = 15; Access denied: user deactivated; id = 19193280
Error: error_code = 15; Access denied: user deactivated; id = 572021910
Error: error_code = 30; This profile is private; id = 384742607
Error: error_code = 15; Access denied: user deactivated; id = 323649194
Error: error_code = 30; This profile is private; id = 272790530
Error: error_code = 30; This profile is private; id = 308272969
Error: error_code = 30; This profile is private; id = 293279020
Error: error_code = 30; This profile is private; id = 448587189
Error: error_code = 30; This profile is private; id = 188654103
Error: error_code = 15; Access denied: user deactivated; id = 195259177
Error: error_code = 30; This profile is private; id = 391286876
Error: error_code = 30; This profile is private; id = 78931222
Error: error_code = 30; This profile is private; id = 15640458
Error: error_code = 30; This profile is private; id = 518889644
Error: error_code = 15; Access denied: user deactivated; id = 516507600
Error: error_code = 15; Access denied: user deactivated; id = 626976363
Error: error_code = 15; Access denied: user deactivated; id = 3910890
Error: error_code = 30; This profile is private; id = 631045457
Error: error_code = 15; Access denied: user deactivated; id = 687933765
Error: error_code = 15; Access denied: user deactivated; id = 154464793
Error: error_code = 30; This profile is private; id = 293348548
Error: error_code = 30; This profile is private; id = 470190717
Error: error_code = 15; Access denied: user deactivated; id = 196843936
Error: error_code = 30; This profile is private; id = 15552818
Error: error_code = 30; This profile is private; id = 329711009
Error: error_code = 30; This profile is private; id = 121944268
Error: error_code = 30; This profile is private; id = 144338865
Error: error_code = 15; Access denied: user deactivated; id = 221304014
Error: error_code = 30; This profile is private; id = 700341448
Error: error_code = 15; Access denied: user deactivated; id = 528712617
Error: error_code = 30; This profile is private; id = 571688674
Error: error_code = 15; Access denied: user deactivated; id = 679904342
Error: error_code = 15; Access denied: user deactivated; id = 131813925
Error: error_code = 15; Access denied: user deactivated; id = 172044621
Error: error_code = 30; This profile is private; id = 26986762
Error: error_code = 15; Access denied: user deactivated; id = 537588686
Error: error_code = 30; This profile is private; id = 126377380
Error: error_code = 15; Access denied: user deactivated; id = 637701893
Error: error_code = 15; Access denied: user deactivated; id = 227423649
Error: error_code = 30; This profile is private; id = 680489416
Error: error_code = 30; This profile is private; id = 489584320
Error: error_code = 30; This profile is private; id = 180576471
Error: error_code = 15; Access denied: user deactivated; id = 473161314
Error: error_code = 30; This profile is private; id = 456611330
Error: error_code = 30; This profile is private; id = 380732469
Error: error_code = 30; This profile is private; id = 385771746
Error: error_code = 15; Access denied: user deactivated; id = 332194521
Error: error_code = 30; This profile is private; id = 566730700
Error: error_code = 30; This profile is private; id = 223961656
Error: error_code = 30; This profile is private; id = 57618279
Error: error_code = 30; This profile is private; id = 422360483
Error: error_code = 30; This profile is private; id = 140733279
Error: error_code = 30; This profile is private; id = 336658035
Error: error_code = 15; Access denied: user deactivated; id = 364294150
Error: error_code = 15; Access denied: user deactivated; id = 557501191
Error: error_code = 30; This profile is private; id = 3381095
Error: error_code = 30; This profile is private; id = 436830329
Error: error_code = 30; This profile is private; id = 7353202
Error: error_code = 15; Access denied: user deactivated; id = 219262368
Error: error_code = 15; Access denied: user deactivated; id = 338006268
Error: error_code = 30; This profile is private; id = 499372366
Error: error_code = 30; This profile is private; id = 458215461
Error: error_code = 30; This profile is private; id = 639527999
Error: error_code = 30; This profile is private; id = 247848168
Error: error_code = 30; This profile is private; id = 67828963
Error: error_code = 15; Access denied: user deactivated; id = 155728776
Error: error_code = 30; This profile is private; id = 9023731
Error: error_code = 30; This profile is private; id = 46451679
Error: error_code = 30; This profile is private; id = 188827936
Error: error_code = 30; This profile is private; id = 704533102
Error: error_code = 15; Access denied: user deactivated; id = 537242868
Error: error_code = 30; This profile is private; id = 607666274
Error: error_code = 15; Access denied: user deactivated; id = 31198
Error: error_code = 15; Access denied: user deactivated; id = 552888902
Error: error_code = 30; This profile is private; id = 222824710
Error: error_code = 30; This profile is private; id = 329989032
Error: error_code = 15; Access denied: user deactivated; id = 286893685
Error: error_code = 30; This profile is private; id = 359571008
Error: error_code = 30; This profile is private; id = 287347244
Error: error_code = 15; Access denied: user deactivated; id = 136977120
Error: error_code = 30; This profile is private; id = 605720398
Error: error_code = 30; This profile is private; id = 102334158
Error: error_code = 15; Access denied: user deactivated; id = 82497765
Error: error_code = 30; This profile is private; id = 372949271
Error: error_code = 15; Access denied: user deactivated; id = 238236072
Error: error_code = 15; Access denied: user deactivated; id = 396849537
Error: error_code = 15; Access denied: user deactivated; id = 522402914
Error: error_code = 15; Access denied: user deactivated; id = 521176068
Error: error_code = 15; Access denied: user deactivated; id = 225951357
Error: error_code = 30; This profile is private; id = 478762173
Error: error_code = 30; This profile is private; id = 379736851
Error: error_code = 15; Access denied: user deactivated; id = 411457730
Error: error_code = 30; This profile is private; id = 18809468
Error: error_code = 30; This profile is private; id = 15149195
Error: error_code = 30; This profile is private; id = 222622549
Error: error_code = 30; This profile is private; id = 97205196
Error: error_code = 30; This profile is private; id = 323408130
Error: error_code = 30; This profile is private; id = 141356187
Error: error_code = 30; This profile is private; id = 503575807
Error: error_code = 15; Access denied: user deactivated; id = 430062036
Error: error_code = 30; This profile is private; id = 4481407
Error: error_code = 30; This profile is private; id = 632743655
Error: error_code = 30; This profile is private; id = 260341744
Error: error_code = 30; This profile is private; id = 263388022
Error: error_code = 15; Access denied: user deactivated; id = 279090931
Error: error_code = 30; This profile is private; id = 50438058
Error: error_code = 30; This profile is private; id = 387268076
Error: error_code = 30; This profile is private; id = 477030771
Error: error_code = 15; Access denied: user deactivated; id = 408862060
Error: error_code = 30; This profile is private; id = 706909507
Error: error_code = 30; This profile is private; id = 37930006
Error: error_code = 15; Access denied: user deactivated; id = 283545005
Error: error_code = 30; This profile is private; id = 259225517
Error: error_code = 15; Access denied: user deactivated; id = 228051090
Error: error_code = 30; This profile is private; id = 484002375
Error: error_code = 30; This profile is private; id = 162365698
Error: error_code = 15; Access denied: user deactivated; id = 482357928
Error: error_code = 15; Access denied: user deactivated; id = 348709721
Error: error_code = 15; Access denied: user deactivated; id = 205660438
Error: error_code = 15; Access denied: user deactivated; id = 438925859
Error: error_code = 30; This profile is private; id = 183767763
Error: error_code = 15; Access denied: user deactivated; id = 690202352
Error: error_code = 30; This profile is private; id = 597105595
Error: error_code = 30; This profile is private; id = 53663975
Error: error_code = 30; This profile is private; id = 210436715
Error: error_code = 30; This profile is private; id = 70297150
Error: error_code = 30; This profile is private; id = 54410666
Error: error_code = 30; This profile is private; id = 10217562
Error: error_code = 15; Access denied: user deactivated; id = 199267548
Error: error_code = 30; This profile is private; id = 714559004
Error: error_code = 30; This profile is private; id = 705944744
Error: error_code = 30; This profile is private; id = 25055565
Error: error_code = 30; This profile is private; id = 334011414
Error: error_code = 30; This profile is private; id = 76195328
Error: error_code = 15; Access denied: user deactivated; id = 247161192
Error: error_code = 15; Access denied: user deactivated; id = 356400658
Error: error_code = 30; This profile is private; id = 98364826
Error: error_code = 30; This profile is private; id = 10801069
Error: error_code = 15; Access denied: user deactivated; id = 564781709
Error: error_code = 30; This profile is private; id = 576537430
Error: error_code = 15; Access denied: user deactivated; id = 197126422
Error: error_code = 30; This profile is private; id = 350923291
Error: error_code = 15; Access denied: user deactivated; id = 296937768
Error: error_code = 15; Access denied: user deactivated; id = 606396007
Error: error_code = 30; This profile is private; id = 340175768
Error: error_code = 15; Access denied: user deactivated; id = 238894140
Error: error_code = 30; This profile is private; id = 702364165
Error: error_code = 30; This profile is private; id = 547275997
Error: error_code = 30; This profile is private; id = 343972180
Error: error_code = 15; Access denied: user deactivated; id = 91665735
Error: error_code = 30; This profile is private; id = 483131486
Error: error_code = 30; This profile is private; id = 101070165
Error: error_code = 30; This profile is private; id = 195708161
Error: error_code = 15; Access denied: user deactivated; id = 398667693
Error: error_code = 30; This profile is private; id = 11381137
Error: error_code = 15; Access denied: user deactivated; id = 481403677
Error: error_code = 30; This profile is private; id = 32681097
Error: error_code = 30; This profile is private; id = 499282799
Error: error_code = 30; This profile is private; id = 567178746
Error: error_code = 15; Access denied: user deactivated; id = 535704984
Error: error_code = 15; Access denied: user deactivated; id = 5474246
Error: error_code = 15; Access denied: user deactivated; id = 94466428
Error: error_code = 30; This profile is private; id = 216473136
Error: error_code = 30; This profile is private; id = 553481940
Error: error_code = 30; This profile is private; id = 432989971
Error: error_code = 30; This profile is private; id = 548783071
Error: error_code = 30; This profile is private; id = 502039761
Error: error_code = 30; This profile is private; id = 294945102
Error: error_code = 30; This profile is private; id = 109466037
Error: error_code = 30; This profile is private; id = 193684949
Error: error_code = 30; This profile is private; id = 321755416
Error: error_code = 30; This profile is private; id = 141636405
Error: error_code = 30; This profile is private; id = 200396382
Error: error_code = 30; This profile is private; id = 93545384
Error: error_code = 15; Access denied: user deactivated; id = 249089314
Error: error_code = 15; Access denied: user deactivated; id = 221087725
Error: error_code = 15; Access denied: user deactivated; id = 426606839
Error: error_code = 30; This profile is private; id = 296762702
Error: error_code = 30; This profile is private; id = 91573387
Error: error_code = 30; This profile is private; id = 479157762
Error: error_code = 15; Access denied: user deactivated; id = 344480462
Error: error_code = 30; This profile is private; id = 306004843
Error: error_code = 30; This profile is private; id = 262880690
Error: error_code = 30; This profile is private; id = 186008120
Error: error_code = 30; This profile is private; id = 515413299
Error: error_code = 15; Access denied: user deactivated; id = 424751323
Error: error_code = 30; This profile is private; id = 385449050
Error: error_code = 15; Access denied: user deactivated; id = 355208048
Error: error_code = 15; Access denied: user deactivated; id = 203908541
Error: error_code = 30; This profile is private; id = 565647703
Error: error_code = 30; This profile is private; id = 230045686
Error: error_code = 15; Access denied: user deactivated; id = 51164983
Error: error_code = 30; This profile is private; id = 253977676
Error: error_code = 30; This profile is private; id = 687179202
Error: error_code = 30; This profile is private; id = 57435936
Error: error_code = 30; This profile is private; id = 436998340
Error: error_code = 30; This profile is private; id = 6795486
Error: error_code = 30; This profile is private; id = 94853414
Error: error_code = 30; This profile is private; id = 407178908
Error: error_code = 15; Access denied: user deactivated; id = 556948262
Error: error_code = 30; This profile is private; id = 199266302
Error: error_code = 15; Access denied: user deactivated; id = 549213404
Error: error_code = 15; Access denied: user deactivated; id = 273319809
Error: error_code = 30; This profile is private; id = 506307539
Error: error_code = 15; Access denied: user deactivated; id = 473353253
Error: error_code = 15; Access denied: user deactivated; id = 257117002
Error: error_code = 30; This profile is private; id = 346204058
Error: error_code = 30; This profile is private; id = 62145860
Error: error_code = 15; Access denied: user deactivated; id = 217643272
Error: error_code = 30; This profile is private; id = 542402290
Error: error_code = 30; This profile is private; id = 236415128
Error: error_code = 30; This profile is private; id = 277674564
Error: error_code = 15; Access denied: user deactivated; id = 349839994
Error: error_code = 30; This profile is private; id = 584849874
Error: error_code = 30; This profile is private; id = 276859994
Error: error_code = 30; This profile is private; id = 99191514
Error: error_code = 30; This profile is private; id = 87787832
Error: error_code = 15; Access denied: user deactivated; id = 420651784
Error: error_code = 30; This profile is private; id = 27626634
Error: error_code = 30; This profile is private; id = 642368907
Error: error_code = 30; This profile is private; id = 583537706
Error: error_code = 15; Access denied: user deactivated; id = 346479590
Error: error_code = 30; This profile is private; id = 567102247
Error: error_code = 15; Access denied: user deactivated; id = 369120344
Error: error_code = 15; Access denied: user deactivated; id = 11824758
Error: error_code = 30; This profile is private; id = 305162201
Error: error_code = 30; This profile is private; id = 640654841
Error: error_code = 15; Access denied: user deactivated; id = 400860324
Error: error_code = 15; Access denied: user deactivated; id = 551001440
Error: error_code = 30; This profile is private; id = 295013670
Error: error_code = 30; This profile is private; id = 110594747
Error: error_code = 15; Access denied: user deactivated; id = 251901675
Error: error_code = 15; Access denied: user deactivated; id = 590385160
Error: error_code = 30; This profile is private; id = 235466038
Error: error_code = 30; This profile is private; id = 19730453
Error: error_code = 15; Access denied: user deactivated; id = 169243554
Error: error_code = 15; Access denied: user deactivated; id = 8824270
Error: error_code = 15; Access denied: user deactivated; id = 402673842
Error: error_code = 15; Access denied: user deactivated; id = 422260637
Error: error_code = 15; Access denied: user deactivated; id = 717023336
Error: error_code = 15; Access denied: user deactivated; id = 62706828
Error: error_code = 30; This profile is private; id = 72442761
Error: error_code = 30; This profile is private; id = 97144684
Error: error_code = 15; Access denied: user deactivated; id = 655721968
Error: error_code = 15; Access denied: user deactivated; id = 600697150
Error: error_code = 30; This profile is private; id = 501229517
Error: error_code = 15; Access denied: user deactivated; id = 484479526
Error: error_code = 15; Access denied: user deactivated; id = 582376545
Error: error_code = 30; This profile is private; id = 565273943
Error: error_code = 15; Access denied: user deactivated; id = 496486283
Error: error_code = 30; This profile is private; id = 332984793
Error: error_code = 30; This profile is private; id = 157751642
Error: error_code = 15; Access denied: user deactivated; id = 223693490
Error: error_code = 30; This profile is private; id = 714069097
Error: error_code = 15; Access denied: user deactivated; id = 200216272
Error: error_code = 30; This profile is private; id = 457331133
Error: error_code = 15; Access denied: user deactivated; id = 570840141
Error: error_code = 30; This profile is private; id = 544203015
Error: error_code = 30; This profile is private; id = 69409587
Error: error_code = 30; This profile is private; id = 261138211
Error: error_code = 30; This profile is private; id = 194238599
Error: error_code = 30; This profile is private; id = 187296479
Error: error_code = 30; This profile is private; id = 95892512
Error: error_code = 30; This profile is private; id = 415850561
Error: error_code = 15; Access denied: user deactivated; id = 401428153
Error: error_code = 15; Access denied: user deactivated; id = 488182496
Error: error_code = 30; This profile is private; id = 552557650
Error: error_code = 30; This profile is private; id = 501751105
Error: error_code = 30; This profile is private; id = 253711776
Error: error_code = 30; This profile is private; id = 35635906
Error: error_code = 15; Access denied: user deactivated; id = 543372930
Error: error_code = 30; This profile is private; id = 199733732
Error: error_code = 30; This profile is private; id = 433557672
Error: error_code = 30; This profile is private; id = 120080516
Error: error_code = 30; This profile is private; id = 93480155
Error: error_code = 30; This profile is private; id = 500683751
Error: error_code = 30; This profile is private; id = 137198880
Error: error_code = 30; This profile is private; id = 4081809
Error: error_code = 30; This profile is private; id = 183139891
Error: error_code = 30; This profile is private; id = 471463042
Error: error_code = 15; Access denied: user deactivated; id = 229971312
Error: error_code = 30; This profile is private; id = 213151022
Error: error_code = 30; This profile is private; id = 708783390
Error: error_code = 30; This profile is private; id = 240641416
Error: error_code = 30; This profile is private; id = 225118966
Error: error_code = 30; This profile is private; id = 507347681
Error: error_code = 15; Access denied: user deactivated; id = 523509129
Error: error_code = 30; This profile is private; id = 89946873
Error: error_code = 30; This profile is private; id = 55653506
Error: error_code = 15; Access denied: user deactivated; id = 364216848
Error: error_code = 15; Access denied: user deactivated; id = 400820792
Error: error_code = 30; This profile is private; id = 628334993
Error: error_code = 30; This profile is private; id = 419770980
Error: error_code = 30; This profile is private; id = 33157126
Error: error_code = 15; Access denied: user deactivated; id = 336221197
Error: error_code = 15; Access denied: user deactivated; id = 498918020
Error: error_code = 30; This profile is private; id = 120403038
Error: error_code = 30; This profile is private; id = 542238394
Error: error_code = 30; This profile is private; id = 193628108
Error: error_code = 15; Access denied: user deactivated; id = 464514075
Error: error_code = 30; This profile is private; id = 509681634
Error: error_code = 30; This profile is private; id = 160123766
Error: error_code = 30; This profile is private; id = 602316861
Error: error_code = 30; This profile is private; id = 296406316
Error: error_code = 15; Access denied: user deactivated; id = 377598070
Error: error_code = 30; This profile is private; id = 208362547
Error: error_code = 15; Access denied: user deactivated; id = 715139180
Error: error_code = 15; Access denied: user deactivated; id = 39411891
Error: error_code = 30; This profile is private; id = 6358753
Error: error_code = 30; This profile is private; id = 622213067
Error: error_code = 30; This profile is private; id = 566933223
Error: error_code = 15; Access denied: user deactivated; id = 386053297
Error: error_code = 30; This profile is private; id = 555491932
Error: error_code = 30; This profile is private; id = 391130586
Error: error_code = 30; This profile is private; id = 61585282
Error: error_code = 30; This profile is private; id = 583447626
Error: error_code = 30; This profile is private; id = 322586792
Error: error_code = 30; This profile is private; id = 496350616
Error: error_code = 15; Access denied: user deactivated; id = 319120924
Error: error_code = 15; Access denied: user deactivated; id = 421567912
Error: error_code = 30; This profile is private; id = 364150398
Error: error_code = 30; This profile is private; id = 604406313
Error: error_code = 30; This profile is private; id = 13149606
Error: error_code = 30; This profile is private; id = 475724361
Error: error_code = 30; This profile is private; id = 602358851
Error: error_code = 15; Access denied: user deactivated; id = 461083036
Error: error_code = 30; This profile is private; id = 357194663
Error: error_code = 30; This profile is private; id = 450201082
Error: error_code = 30; This profile is private; id = 74845374
Error: error_code = 15; Access denied: user deactivated; id = 280589729
Error: error_code = 30; This profile is private; id = 500302350
Error: error_code = 15; Access denied: user deactivated; id = 329778181
Error: error_code = 15; Access denied: user deactivated; id = 233867292
Error: error_code = 30; This profile is private; id = 305136831
Error: error_code = 30; This profile is private; id = 112289103
Error: error_code = 15; Access denied: user deactivated; id = 160142669
Error: error_code = 30; This profile is private; id = 101176989
Error: error_code = 15; Access denied: user deactivated; id = 402047774
Error: error_code = 30; This profile is private; id = 697953196
Error: error_code = 15; Access denied: user deactivated; id = 608729268
Error: error_code = 30; This profile is private; id = 480364932
Error: error_code = 30; This profile is private; id = 238933760
Error: error_code = 30; This profile is private; id = 300237037
Error: error_code = 30; This profile is private; id = 12178142
Error: error_code = 30; This profile is private; id = 303720321
Error: error_code = 15; Access denied: user deactivated; id = 645245970
Error: error_code = 15; Access denied: user deactivated; id = 24560851
Error: error_code = 30; This profile is private; id = 706545117
Error: error_code = 15; Access denied: user deactivated; id = 385121631
Error: error_code = 30; This profile is private; id = 137579151
Error: error_code = 15; Access denied: user deactivated; id = 391039514
Error: error_code = 30; This profile is private; id = 31381376
Error: error_code = 15; Access denied: user deactivated; id = 290044703
Error: error_code = 30; This profile is private; id = 260776727
Error: error_code = 30; This profile is private; id = 439142556
Error: error_code = 30; This profile is private; id = 214776096
Error: error_code = 30; This profile is private; id = 60647037
Error: error_code = 15; Access denied: user deactivated; id = 615305978
Error: error_code = 30; This profile is private; id = 263757317
Error: error_code = 30; This profile is private; id = 650424828
Error: error_code = 30; This profile is private; id = 560881484
Error: error_code = 15; Access denied: user deactivated; id = 570151820
Error: error_code = 15; Access denied: user deactivated; id = 59341771
Error: error_code = 30; This profile is private; id = 595563081
Error: error_code = 30; This profile is private; id = 556821477
Error: error_code = 30; This profile is private; id = 591507049
Error: error_code = 30; This profile is private; id = 321913651
Error: error_code = 30; This profile is private; id = 302260083
Error: error_code = 30; This profile is private; id = 223081309
Error: error_code = 30; This profile is private; id = 396725346
Error: error_code = 15; Access denied: user deactivated; id = 418602294
Error: error_code = 15; Access denied: user deactivated; id = 188476879
Error: error_code = 30; This profile is private; id = 96007260
Error: error_code = 30; This profile is private; id = 41051452
Error: error_code = 15; Access denied: user deactivated; id = 533453823
Error: error_code = 15; Access denied: user deactivated; id = 435075083
Error: error_code = 15; Access denied: user deactivated; id = 122336852
Error: error_code = 30; This profile is private; id = 710549650
Error: error_code = 30; This profile is private; id = 1837507
Error: error_code = 30; This profile is private; id = 450164688
Error: error_code = 15; Access denied: user deactivated; id = 44243939
Error: error_code = 15; Access denied: user deactivated; id = 136812133
Error: error_code = 30; This profile is private; id = 141751799
Error: error_code = 15; Access denied: user deactivated; id = 225829225
Error: error_code = 30; This profile is private; id = 648044411
Error: error_code = 30; This profile is private; id = 371570707
Error: error_code = 15; Access denied: user deactivated; id = 431573871
Error: error_code = 30; This profile is private; id = 97655199
Error: error_code = 30; This profile is private; id = 645113592
Error: error_code = 30; This profile is private; id = 3154330
Error: error_code = 30; This profile is private; id = 237801725
Error: error_code = 30; This profile is private; id = 591662653
Error: error_code = 30; This profile is private; id = 487313003
Error: error_code = 30; This profile is private; id = 178696383
Error: error_code = 15; Access denied: user deactivated; id = 574268161
Error: error_code = 30; This profile is private; id = 539183753
Error: error_code = 15; Access denied: user deactivated; id = 252786335
Error: error_code = 30; This profile is private; id = 184115406
Error: error_code = 15; Access denied: user deactivated; id = 400443135
Error: error_code = 30; This profile is private; id = 184047434
Error: error_code = 30; This profile is private; id = 137053830
Error: error_code = 15; Access denied: user deactivated; id = 702906758
Error: error_code = 30; This profile is private; id = 62003203
Error: error_code = 30; This profile is private; id = 109536298
Error: error_code = 30; This profile is private; id = 659727092
Error: error_code = 30; This profile is private; id = 240833692
Error: error_code = 30; This profile is private; id = 409908888
Error: error_code = 15; Access denied: user deactivated; id = 202407058
Error: error_code = 30; This profile is private; id = 23048392
Error: error_code = 30; This profile is private; id = 170230622
Error: error_code = 15; Access denied: user deactivated; id = 375389874
Error: error_code = 15; Access denied: user deactivated; id = 454407738
Error: error_code = 30; This profile is private; id = 91588373
Error: error_code = 30; This profile is private; id = 435193438
Error: error_code = 15; Access denied: user deactivated; id = 229105219
Error: error_code = 30; This profile is private; id = 164041942
Error: error_code = 15; Access denied: user deactivated; id = 539638289
Error: error_code = 30; This profile is private; id = 485194988
Error: error_code = 30; This profile is private; id = 397813046
Error: error_code = 30; This profile is private; id = 688575358
Error: error_code = 30; This profile is private; id = 453231711
Error: error_code = 30; This profile is private; id = 514080526
Error: error_code = 30; This profile is private; id = 10231681
Error: error_code = 30; This profile is private; id = 711631618
Error: error_code = 30; This profile is private; id = 146144445
Error: error_code = 30; This profile is private; id = 161347759
Error: error_code = 30; This profile is private; id = 590287357
Error: error_code = 30; This profile is private; id = 467068731
Error: error_code = 15; Access denied: user deactivated; id = 145690674
Error: error_code = 30; This profile is private; id = 73103208
Error: error_code = 30; This profile is private; id = 48425830
Error: error_code = 15; Access denied: user deactivated; id = 31092884
Error: error_code = 30; This profile is private; id = 32833773
Error: error_code = 15; Access denied: user deactivated; id = 137993146
Error: error_code = 30; This profile is private; id = 393138515
Error: error_code = 15; Access denied: user deactivated; id = 160582202
Error: error_code = 30; This profile is private; id = 28814634
Error: error_code = 15; Access denied: user deactivated; id = 235851379
Error: error_code = 30; This profile is private; id = 10957926
Error: error_code = 30; This profile is private; id = 220855848
Error: error_code = 30; This profile is private; id = 99677158
Error: error_code = 30; This profile is private; id = 330503153
Error: error_code = 15; Access denied: user deactivated; id = 55425356
Error: error_code = 30; This profile is private; id = 47789394
Error: error_code = 15; Access denied: user deactivated; id = 229690894
Error: error_code = 30; This profile is private; id = 42185214
Error: error_code = 15; Access denied: user deactivated; id = 227309821
Error: error_code = 30; This profile is private; id = 52560266
Error: error_code = 15; Access denied: user deactivated; id = 412698070
Error: error_code = 30; This profile is private; id = 513376329
Error: error_code = 30; This profile is private; id = 5220687
Error: error_code = 30; This profile is private; id = 208542788
Error: error_code = 30; This profile is private; id = 686363025
Error: error_code = 30; This profile is private; id = 605857339
Error: error_code = 30; This profile is private; id = 12654293
Error: error_code = 30; This profile is private; id = 612112962
Error: error_code = 30; This profile is private; id = 53735746
Error: error_code = 30; This profile is private; id = 405007346
Error: error_code = 15; Access denied: user deactivated; id = 536105361
Error: error_code = 15; Access denied: user deactivated; id = 413439434
Error: error_code = 30; This profile is private; id = 447267352
Error: error_code = 30; This profile is private; id = 480159275
Error: error_code = 30; This profile is private; id = 328697627
Error: error_code = 15; Access denied: user deactivated; id = 60042559
Error: error_code = 30; This profile is private; id = 575361422
Error: error_code = 30; This profile is private; id = 145825872
Error: error_code = 15; Access denied: user deactivated; id = 542216311
Error: error_code = 30; This profile is private; id = 618460103
Error: error_code = 30; This profile is private; id = 472370339
Error: error_code = 30; This profile is private; id = 193106005
Error: error_code = 30; This profile is private; id = 493830982
Error: error_code = 30; This profile is private; id = 169178860
Error: error_code = 30; This profile is private; id = 167853284
Error: error_code = 30; This profile is private; id = 514868421
Error: error_code = 30; This profile is private; id = 576904049
Error: error_code = 30; This profile is private; id = 604275132
Error: error_code = 30; This profile is private; id = 585474875
Error: error_code = 30; This profile is private; id = 446520842
Error: error_code = 30; This profile is private; id = 425409923
Error: error_code = 15; Access denied: user deactivated; id = 826117
Error: error_code = 30; This profile is private; id = 504489594
Error: error_code = 15; Access denied: user deactivated; id = 581286372
Error: error_code = 15; Access denied: user deactivated; id = 8124253
Error: error_code = 30; This profile is private; id = 556640989
Error: error_code = 15; Access denied: user deactivated; id = 221351262
Error: error_code = 30; This profile is private; id = 324859339
Error: error_code = 30; This profile is private; id = 45600446
Error: error_code = 30; This profile is private; id = 507130835
Error: error_code = 30; This profile is private; id = 498268914
Error: error_code = 15; Access denied: user deactivated; id = 222375129
Error: error_code = 30; This profile is private; id = 404863991
Error: error_code = 30; This profile is private; id = 134684452
Error: error_code = 30; This profile is private; id = 233444431
Error: error_code = 30; This profile is private; id = 281529140
Error: error_code = 30; This profile is private; id = 314446983
Error: error_code = 30; This profile is private; id = 137425500
Error: error_code = 30; This profile is private; id = 598228046
Error: error_code = 30; This profile is private; id = 473823125
Error: error_code = 15; Access denied: user deactivated; id = 545719520
Error: error_code = 15; Access denied: user deactivated; id = 383651106
Error: error_code = 15; Access denied: user deactivated; id = 475781548
Error: error_code = 30; This profile is private; id = 173918942
Error: error_code = 30; This profile is private; id = 54892027
Error: error_code = 30; This profile is private; id = 634343885
Error: error_code = 30; This profile is private; id = 560123422
Error: error_code = 30; This profile is private; id = 678730331
Error: error_code = 30; This profile is private; id = 2138774
Error: error_code = 30; This profile is private; id = 555846963
Error: error_code = 15; Access denied: user deactivated; id = 542929106
Error: error_code = 30; This profile is private; id = 59484865
Error: error_code = 30; This profile is private; id = 55469434
Error: error_code = 30; This profile is private; id = 613986265
Error: error_code = 30; This profile is private; id = 32167402
Error: error_code = 30; This profile is private; id = 437731091
Error: error_code = 15; Access denied: user deactivated; id = 224970533
Error: error_code = 30; This profile is private; id = 19113654
Error: error_code = 15; Access denied: user deactivated; id = 305408577
Error: error_code = 30; This profile is private; id = 435663883
Error: error_code = 15; Access denied: user deactivated; id = 606117586
Error: error_code = 30; This profile is private; id = 13249361
Error: error_code = 30; This profile is private; id = 236138670
Error: error_code = 30; This profile is private; id = 664472640
Error: error_code = 30; This profile is private; id = 544603141
Error: error_code = 30; This profile is private; id = 530027414
Error: error_code = 30; This profile is private; id = 445823306
Error: error_code = 30; This profile is private; id = 605905904
Error: error_code = 30; This profile is private; id = 541970887
Error: error_code = 15; Access denied: user deactivated; id = 282669065
Error: error_code = 30; This profile is private; id = 382756108
Error: error_code = 15; Access denied: user deactivated; id = 422260813
Error: error_code = 15; Access denied: user deactivated; id = 228668363
Error: error_code = 15; Access denied: user deactivated; id = 325465666
Error: error_code = 30; This profile is private; id = 19499343
Error: error_code = 30; This profile is private; id = 176734005
Error: error_code = 15; Access denied: user deactivated; id = 357146391
Error: error_code = 30; This profile is private; id = 461371115
Error: error_code = 30; This profile is private; id = 172222294
Error: error_code = 15; Access denied: user deactivated; id = 556845803
Error: error_code = 15; Access denied: user deactivated; id = 141296310
Error: error_code = 30; This profile is private; id = 116352258
Error: error_code = 30; This profile is private; id = 700260476
Error: error_code = 30; This profile is private; id = 271209933
Error: error_code = 15; Access denied: user deactivated; id = 217347461
Error: error_code = 30; This profile is private; id = 699436320
Error: error_code = 30; This profile is private; id = 318529897
Error: error_code = 15; Access denied: user deactivated; id = 539819140
Error: error_code = 30; This profile is private; id = 400639470
Error: error_code = 30; This profile is private; id = 372643295
Error: error_code = 30; This profile is private; id = 69435529
Error: error_code = 30; This profile is private; id = 709670524
Error: error_code = 30; This profile is private; id = 199398385
Error: error_code = 30; This profile is private; id = 712342765
Error: error_code = 30; This profile is private; id = 55388374
Error: error_code = 30; This profile is private; id = 89840644
Error: error_code = 30; This profile is private; id = 654320118
Error: error_code = 30; This profile is private; id = 2507796
Error: error_code = 30; This profile is private; id = 230231806
Error: error_code = 15; Access denied: user deactivated; id = 323325223
Error: error_code = 30; This profile is private; id = 582169688
Error: error_code = 30; This profile is private; id = 258692174
Error: error_code = 30; This profile is private; id = 22733626
Error: error_code = 30; This profile is private; id = 577873838
Error: error_code = 30; This profile is private; id = 47288474
Error: error_code = 30; This profile is private; id = 543743428
Error: error_code = 15; Access denied: user deactivated; id = 509810061
Error: error_code = 30; This profile is private; id = 367134690
Error: error_code = 30; This profile is private; id = 312820539
Error: error_code = 15; Access denied: user deactivated; id = 475545654
Error: error_code = 30; This profile is private; id = 447466750
Error: error_code = 30; This profile is private; id = 122589491
Error: error_code = 30; This profile is private; id = 485628968
Error: error_code = 30; This profile is private; id = 463030
Error: error_code = 30; This profile is private; id = 530022891
Error: error_code = 30; This profile is private; id = 138406632
Error: error_code = 30; This profile is private; id = 152867776
Error: error_code = 30; This profile is private; id = 94153234
Error: error_code = 30; This profile is private; id = 483497290
Error: error_code = 30; This profile is private; id = 267209634
Error: error_code = 30; This profile is private; id = 502885222
Error: error_code = 30; This profile is private; id = 473429944
Error: error_code = 15; Access denied: user deactivated; id = 242860164
Error: error_code = 30; This profile is private; id = 240931679
Error: error_code = 30; This profile is private; id = 226103083
Error: error_code = 30; This profile is private; id = 629699272
Error: error_code = 15; Access denied: user deactivated; id = 26267269
Error: error_code = 30; This profile is private; id = 930278
Error: error_code = 15; Access denied: user deactivated; id = 625365280
Error: error_code = 30; This profile is private; id = 241187563
Error: error_code = 30; This profile is private; id = 636748935
Error: error_code = 15; Access denied: user deactivated; id = 204277538
Error: error_code = 15; Access denied: user deactivated; id = 20745612
Error: error_code = 30; This profile is private; id = 6113342
Error: error_code = 30; This profile is private; id = 133613068
Error: error_code = 15; Access denied: user deactivated; id = 213912318
Error: error_code = 15; Access denied: user deactivated; id = 219408359
Error: error_code = 15; Access denied: user deactivated; id = 676002880
Error: error_code = 15; Access denied: user deactivated; id = 224761400
Error: error_code = 15; Access denied: user deactivated; id = 110552996
Error: error_code = 30; This profile is private; id = 213012640
Error: error_code = 30; This profile is private; id = 568904833
Error: error_code = 30; This profile is private; id = 37214558
Error: error_code = 30; This profile is private; id = 26143172
Error: error_code = 30; This profile is private; id = 455888340
Error: error_code = 30; This profile is private; id = 305213102
Error: error_code = 30; This profile is private; id = 122735288
Error: error_code = 30; This profile is private; id = 286687022
Error: error_code = 15; Access denied: user deactivated; id = 213976746
Error: error_code = 30; This profile is private; id = 523116061
Error: error_code = 15; Access denied: user deactivated; id = 91478410
Error: error_code = 30; This profile is private; id = 288529874
Error: error_code = 30; This profile is private; id = 427555929
Error: error_code = 30; This profile is private; id = 466847994
Error: error_code = 15; Access denied: user deactivated; id = 73963780
Error: error_code = 30; This profile is private; id = 403079435
Error: error_code = 15; Access denied: user deactivated; id = 702526542
Error: error_code = 30; This profile is private; id = 253161560
Error: error_code = 15; Access denied: user deactivated; id = 248187367
Error: error_code = 30; This profile is private; id = 627810036
Error: error_code = 30; This profile is private; id = 41719753
Error: error_code = 15; Access denied: user deactivated; id = 715137588
Error: error_code = 30; This profile is private; id = 606707190
Error: error_code = 30; This profile is private; id = 56609321
Error: error_code = 30; This profile is private; id = 185696808
Error: error_code = 15; Access denied: user deactivated; id = 633350817
Error: error_code = 30; This profile is private; id = 269767329
Error: error_code = 15; Access denied: user deactivated; id = 292236552
Error: error_code = 15; Access denied: user deactivated; id = 275141369
Error: error_code = 30; This profile is private; id = 562297616
Error: error_code = 30; This profile is private; id = 553902997
Error: error_code = 30; This profile is private; id = 590302695
Error: error_code = 15; Access denied: user deactivated; id = 688550645
Error: error_code = 30; This profile is private; id = 104029030
Error: error_code = 30; This profile is private; id = 22266338
Error: error_code = 15; Access denied: user deactivated; id = 59334915
Error: error_code = 30; This profile is private; id = 236258875
Error: error_code = 30; This profile is private; id = 224156013
Error: error_code = 30; This profile is private; id = 132129588
Error: error_code = 30; This profile is private; id = 123017986
Error: error_code = 30; This profile is private; id = 57831385
Error: error_code = 30; This profile is private; id = 348160517
Error: error_code = 30; This profile is private; id = 249348567
Error: error_code = 30; This profile is private; id = 641438873
Error: error_code = 30; This profile is private; id = 595581184
Error: error_code = 15; Access denied: user deactivated; id = 582941329
Error: error_code = 30; This profile is private; id = 675214344
Error: error_code = 30; This profile is private; id = 141046846
Error: error_code = 15; Access denied: user deactivated; id = 699612727
Error: error_code = 30; This profile is private; id = 544414980
Error: error_code = 15; Access denied: user deactivated; id = 348682257
Error: error_code = 30; This profile is private; id = 427826185
Error: error_code = 15; Access denied: user deactivated; id = 145299877
Error: error_code = 30; This profile is private; id = 432994134
Error: error_code = 30; This profile is private; id = 27132625
Error: error_code = 30; This profile is private; id = 672955626
Error: error_code = 30; This profile is private; id = 4522197
Error: error_code = 15; Access denied: user deactivated; id = 161017677
Error: error_code = 30; This profile is private; id = 581336378
Error: error_code = 30; This profile is private; id = 422648928
Error: error_code = 15; Access denied: user deactivated; id = 420412925
Error: error_code = 30; This profile is private; id = 366167071
Error: error_code = 15; Access denied: user deactivated; id = 229860799
Error: error_code = 30; This profile is private; id = 19757351
Error: error_code = 30; This profile is private; id = 166464487
Error: error_code = 30; This profile is private; id = 245497437
Error: error_code = 30; This profile is private; id = 709163439
Error: error_code = 15; Access denied: user deactivated; id = 545683440
Error: error_code = 30; This profile is private; id = 582502889
Error: error_code = 30; This profile is private; id = 595124440
Error: error_code = 30; This profile is private; id = 233136708
Error: error_code = 30; This profile is private; id = 334485576
Error: error_code = 30; This profile is private; id = 509771178
Error: error_code = 30; This profile is private; id = 352947561
Error: error_code = 30; This profile is private; id = 362197214
Error: error_code = 15; Access denied: user deactivated; id = 8907368
Error: error_code = 30; This profile is private; id = 543461136
Error: error_code = 15; Access denied: user deactivated; id = 340422327
Error: error_code = 15; Access denied: user deactivated; id = 190708295
Error: error_code = 15; Access denied: user deactivated; id = 136913688
Error: error_code = 30; This profile is private; id = 137852880
Error: error_code = 15; Access denied: user deactivated; id = 194036166
Error: error_code = 30; This profile is private; id = 39699135
Error: error_code = 30; This profile is private; id = 215852993
Error: error_code = 30; This profile is private; id = 439356800
Error: error_code = 15; Access denied: user deactivated; id = 520719634
Error: error_code = 30; This profile is private; id = 607384734
Error: error_code = 30; This profile is private; id = 691607820
Error: error_code = 30; This profile is private; id = 147475794
Error: error_code = 30; This profile is private; id = 283625279
Error: error_code = 30; This profile is private; id = 139775278
Error: error_code = 30; This profile is private; id = 623604477
Error: error_code = 30; This profile is private; id = 6037806
Error: error_code = 30; This profile is private; id = 248697998
Error: error_code = 30; This profile is private; id = 2516191
Error: error_code = 30; This profile is private; id = 630348935
Error: error_code = 15; Access denied: user deactivated; id = 656493518
Error: error_code = 30; This profile is private; id = 683668621
Error: error_code = 30; This profile is private; id = 657589897
Error: error_code = 30; This profile is private; id = 215707775
Error: error_code = 30; This profile is private; id = 435703872
Error: error_code = 30; This profile is private; id = 587810439
Error: error_code = 15; Access denied: user deactivated; id = 509476493
Error: error_code = 30; This profile is private; id = 24429258
Error: error_code = 15; Access denied: user deactivated; id = 547077125
Error: error_code = 30; This profile is private; id = 692539909
Error: error_code = 30; This profile is private; id = 188559798
Error: error_code = 15; Access denied: user deactivated; id = 544349508
Error: error_code = 15; Access denied: user deactivated; id = 328426312
Error: error_code = 30; This profile is private; id = 25204207
Error: error_code = 30; This profile is private; id = 680871181
Error: error_code = 30; This profile is private; id = 70094693
Error: error_code = 30; This profile is private; id = 217109070
Error: error_code = 30; This profile is private; id = 497434125
Error: error_code = 30; This profile is private; id = 625723569
Error: error_code = 15; Access denied: user deactivated; id = 269585723
Error: error_code = 15; Access denied: user deactivated; id = 500807359
Error: error_code = 30; This profile is private; id = 173036807
Error: error_code = 30; This profile is private; id = 571915513
Error: error_code = 30; This profile is private; id = 227265737
Error: error_code = 15; Access denied: user deactivated; id = 545534883
Error: error_code = 15; Access denied: user deactivated; id = 262184054
Error: error_code = 30; This profile is private; id = 106314414
Error: error_code = 30; This profile is private; id = 141654361
Error: error_code = 30; This profile is private; id = 392462354
Error: error_code = 30; This profile is private; id = 4034995
Error: error_code = 30; This profile is private; id = 173105870
Error: error_code = 30; This profile is private; id = 220698479
Error: error_code = 30; This profile is private; id = 172626399
Error: error_code = 15; Access denied: user deactivated; id = 379363856
Error: error_code = 30; This profile is private; id = 176175255
Error: error_code = 15; Access denied: user deactivated; id = 202860766
Error: error_code = 30; This profile is private; id = 475797261
Error: error_code = 15; Access denied: user deactivated; id = 243418159
Error: error_code = 30; This profile is private; id = 252016254
Error: error_code = 30; This profile is private; id = 984048
Error: error_code = 30; This profile is private; id = 689317477
Error: error_code = 30; This profile is private; id = 380668614
Error: error_code = 15; Access denied: user deactivated; id = 389288341
Error: error_code = 15; Access denied: user deactivated; id = 271203613
Error: error_code = 30; This profile is private; id = 26944891
Error: error_code = 30; This profile is private; id = 494034217
Error: error_code = 30; This profile is private; id = 43570916
Error: error_code = 30; This profile is private; id = 235263242
Error: error_code = 15; Access denied: user deactivated; id = 105420188
Error: error_code = 30; This profile is private; id = 635741507
Error: error_code = 30; This profile is private; id = 567975870
Error: error_code = 30; This profile is private; id = 9866716
Error: error_code = 15; Access denied: user deactivated; id = 575060117
Error: error_code = 15; Access denied: user deactivated; id = 339231356
Error: error_code = 30; This profile is private; id = 704805863
Error: error_code = 30; This profile is private; id = 84101686
Error: error_code = 15; Access denied: user deactivated; id = 242719064
Error: error_code = 30; This profile is private; id = 152403598
Error: error_code = 30; This profile is private; id = 618372148
Error: error_code = 30; This profile is private; id = 593834302
Error: error_code = 15; Access denied: user deactivated; id = 181481111
Error: error_code = 30; This profile is private; id = 570978024
Error: error_code = 30; This profile is private; id = 291945044
Error: error_code = 15; Access denied: user deactivated; id = 204440200
Error: error_code = 30; This profile is private; id = 116754971
Error: error_code = 15; Access denied: user deactivated; id = 543615407
Error: error_code = 30; This profile is private; id = 638763814
Error: error_code = 30; This profile is private; id = 81935726
Error: error_code = 30; This profile is private; id = 699029364
Error: error_code = 30; This profile is private; id = 2640780
Error: error_code = 30; This profile is private; id = 46622853
Error: error_code = 15; Access denied: user deactivated; id = 34890185
Error: error_code = 30; This profile is private; id = 157037637
Error: error_code = 30; This profile is private; id = 138341727
Error: error_code = 30; This profile is private; id = 505305799
Error: error_code = 30; This profile is private; id = 684001674
Error: error_code = 30; This profile is private; id = 251629637
Error: error_code = 30; This profile is private; id = 462392548
Error: error_code = 15; Access denied: user deactivated; id = 351963086
Error: error_code = 30; This profile is private; id = 9764892
Error: error_code = 30; This profile is private; id = 21428031
Error: error_code = 30; This profile is private; id = 58315929
Error: error_code = 30; This profile is private; id = 224760506
Error: error_code = 30; This profile is private; id = 585757779
Error: error_code = 30; This profile is private; id = 234459892
Error: error_code = 30; This profile is private; id = 650650371
Error: error_code = 15; Access denied: user deactivated; id = 32459624
Error: error_code = 30; This profile is private; id = 703969709
Error: error_code = 15; Access denied: user deactivated; id = 428947998
Error: error_code = 30; This profile is private; id = 715632031
Error: error_code = 30; This profile is private; id = 144682086
Error: error_code = 30; This profile is private; id = 59250010
Error: error_code = 30; This profile is private; id = 137789955
Error: error_code = 30; This profile is private; id = 522470379
Error: error_code = 30; This profile is private; id = 164912467
Error: error_code = 15; Access denied: user deactivated; id = 198081266
Error: error_code = 15; Access denied: user deactivated; id = 273807329
Error: error_code = 15; Access denied: user deactivated; id = 346044654
Error: error_code = 15; Access denied: user deactivated; id = 542418296
Error: error_code = 15; Access denied: user deactivated; id = 561734315
Error: error_code = 15; Access denied: user deactivated; id = 410326166
Error: error_code = 30; This profile is private; id = 219679147
Error: error_code = 30; This profile is private; id = 621461460
Error: error_code = 30; This profile is private; id = 164560685
Error: error_code = 15; Access denied: user deactivated; id = 163583899
Error: error_code = 30; This profile is private; id = 707880748
Error: error_code = 30; This profile is private; id = 684349755
Error: error_code = 30; This profile is private; id = 82448167
Error: error_code = 15; Access denied: user deactivated; id = 528871849
Error: error_code = 15; Access denied: user deactivated; id = 547717770
Error: error_code = 30; This profile is private; id = 48825072
Error: error_code = 30; This profile is private; id = 195347968
Error: error_code = 30; This profile is private; id = 104056848
Error: error_code = 30; This profile is private; id = 712243876
Error: error_code = 15; Access denied: user deactivated; id = 348338539
Error: error_code = 30; This profile is private; id = 608449016
Error: error_code = 30; This profile is private; id = 173219557
Error: error_code = 30; This profile is private; id = 696738934
Error: error_code = 30; This profile is private; id = 400415450
Error: error_code = 30; This profile is private; id = 232924172
Error: error_code = 15; Access denied: user deactivated; id = 429893013
Error: error_code = 30; This profile is private; id = 212342621
Error: error_code = 30; This profile is private; id = 229225233
Error: error_code = 15; Access denied: user deactivated; id = 248025732
Error: error_code = 15; Access denied: user deactivated; id = 481206881
Error: error_code = 30; This profile is private; id = 287902483
Error: error_code = 15; Access denied: user deactivated; id = 434797833
Error: error_code = 30; This profile is private; id = 52457660
Error: error_code = 15; Access denied: user deactivated; id = 416903419
Error: error_code = 30; This profile is private; id = 10113845
Error: error_code = 30; This profile is private; id = 389397088
Error: error_code = 30; This profile is private; id = 695188946
Error: error_code = 15; Access denied: user deactivated; id = 174093309
Error: error_code = 15; Access denied: user deactivated; id = 545120486
Error: error_code = 15; Access denied: user deactivated; id = 391002686
Error: error_code = 30; This profile is private; id = 323026631
Error: error_code = 30; This profile is private; id = 2469160
Error: error_code = 30; This profile is private; id = 513731161
Error: error_code = 15; Access denied: user deactivated; id = 397215788
Error: error_code = 30; This profile is private; id = 673176681
Error: error_code = 30; This profile is private; id = 527068135
Error: error_code = 30; This profile is private; id = 669238989
Error: error_code = 30; This profile is private; id = 600474712
Error: error_code = 30; This profile is private; id = 669790233
Error: error_code = 30; This profile is private; id = 173763170
Error: error_code = 15; Access denied: user deactivated; id = 306763177
Error: error_code = 30; This profile is private; id = 239940074
Error: error_code = 30; This profile is private; id = 59773079
Error: error_code = 30; This profile is private; id = 153135925
Error: error_code = 15; Access denied: user deactivated; id = 184972815
Error: error_code = 30; This profile is private; id = 325244496
Error: error_code = 30; This profile is private; id = 82497960
Error: error_code = 30; This profile is private; id = 31197790
Error: error_code = 15; Access denied: user deactivated; id = 6317914
Error: error_code = 30; This profile is private; id = 26617220
Error: error_code = 15; Access denied: user deactivated; id = 503745349
Error: error_code = 30; This profile is private; id = 694407516
Error: error_code = 30; This profile is private; id = 583521417
Error: error_code = 15; Access denied: user deactivated; id = 427369078
Error: error_code = 30; This profile is private; id = 13167197
Error: error_code = 30; This profile is private; id = 555423703
Error: error_code = 30; This profile is private; id = 349772198
Error: error_code = 15; Access denied: user deactivated; id = 250874748
Error: error_code = 30; This profile is private; id = 704599361
Error: error_code = 30; This profile is private; id = 281029579
Error: error_code = 30; This profile is private; id = 702561076
Error: error_code = 15; Access denied: user deactivated; id = 701318795
Error: error_code = 15; Access denied: user deactivated; id = 392569809
Error: error_code = 15; Access denied: user deactivated; id = 689856938
Error: error_code = 30; This profile is private; id = 66490489
Error: error_code = 30; This profile is private; id = 619769019
Error: error_code = 30; This profile is private; id = 232865898
Error: error_code = 30; This profile is private; id = 138644449
Error: error_code = 15; Access denied: user deactivated; id = 590054348
Error: error_code = 30; This profile is private; id = 366083043
Error: error_code = 30; This profile is private; id = 96423563
Error: error_code = 15; Access denied: user deactivated; id = 543097987
Error: error_code = 30; This profile is private; id = 343964108
Error: error_code = 30; This profile is private; id = 24376016
Error: error_code = 15; Access denied: user deactivated; id = 161989163
Error: error_code = 30; This profile is private; id = 145062270
Error: error_code = 15; Access denied: user deactivated; id = 42249148
Error: error_code = 30; This profile is private; id = 150896043
Error: error_code = 30; This profile is private; id = 356390881
Error: error_code = 30; This profile is private; id = 172206656
Error: error_code = 30; This profile is private; id = 65133219
Error: error_code = 15; Access denied: user deactivated; id = 6858077
Error: error_code = 30; This profile is private; id = 600251014
Error: error_code = 15; Access denied: user deactivated; id = 402187773
Error: error_code = 15; Access denied: user deactivated; id = 530503350
Error: error_code = 30; This profile is private; id = 191446271
Error: error_code = 30; This profile is private; id = 689454688
Error: error_code = 30; This profile is private; id = 278661430
Error: error_code = 30; This profile is private; id = 575918148
Error: error_code = 30; This profile is private; id = 165864119
Error: error_code = 30; This profile is private; id = 614197262
Error: error_code = 30; This profile is private; id = 417953197
Error: error_code = 30; This profile is private; id = 587983483
Error: error_code = 15; Access denied: user deactivated; id = 442137920
Error: error_code = 30; This profile is private; id = 98241321
Error: error_code = 30; This profile is private; id = 181472316
Error: error_code = 15; Access denied: user deactivated; id = 680644736
Error: error_code = 15; Access denied: user deactivated; id = 199322726
Error: error_code = 15; Access denied: user deactivated; id = 587324448
Error: error_code = 30; This profile is private; id = 382989776
Error: error_code = 15; Access denied: user deactivated; id = 366162723
Error: error_code = 30; This profile is private; id = 686579843
Error: error_code = 30; This profile is private; id = 466712285
Error: error_code = 30; This profile is private; id = 250597177
Error: error_code = 30; This profile is private; id = 301951770
Error: error_code = 30; This profile is private; id = 219233329
Error: error_code = 30; This profile is private; id = 555242563
Error: error_code = 30; This profile is private; id = 1236379
Error: error_code = 30; This profile is private; id = 674341118
Error: error_code = 30; This profile is private; id = 644526023
Error: error_code = 15; Access denied: user deactivated; id = 353278644
Error: error_code = 30; This profile is private; id = 246453933
Error: error_code = 30; This profile is private; id = 67808638
Error: error_code = 30; This profile is private; id = 382086584
Error: error_code = 15; Access denied: user deactivated; id = 689659876
Error: error_code = 15; Access denied: user deactivated; id = 219246951
Error: error_code = 30; This profile is private; id = 1219078
Error: error_code = 15; Access denied: user deactivated; id = 267041153
Error: error_code = 30; This profile is private; id = 193240392
Error: error_code = 30; This profile is private; id = 478362514
Error: error_code = 30; This profile is private; id = 63471256
Error: error_code = 15; Access denied: user deactivated; id = 318304219
Error: error_code = 30; This profile is private; id = 503910722
Error: error_code = 15; Access denied: user deactivated; id = 537957277
Error: error_code = 30; This profile is private; id = 202229159
Error: error_code = 30; This profile is private; id = 259829260
Error: error_code = 30; This profile is private; id = 103036877
Error: error_code = 30; This profile is private; id = 170893242
Error: error_code = 15; Access denied: user deactivated; id = 350902738
Error: error_code = 30; This profile is private; id = 51863253
Error: error_code = 30; This profile is private; id = 524305438
Error: error_code = 30; This profile is private; id = 670735687
Error: error_code = 30; This profile is private; id = 237251840
Error: error_code = 15; Access denied: user deactivated; id = 289847363
Error: error_code = 30; This profile is private; id = 91553052
Error: error_code = 15; Access denied: user deactivated; id = 420270008
Error: error_code = 15; Access denied: user deactivated; id = 576493935
Error: error_code = 30; This profile is private; id = 226203219
Error: error_code = 30; This profile is private; id = 28624073
Error: error_code = 30; This profile is private; id = 292222445
Error: error_code = 15; Access denied: user deactivated; id = 307625590
Error: error_code = 15; Access denied: user deactivated; id = 33194841
Error: error_code = 30; This profile is private; id = 658994438
Error: error_code = 15; Access denied: user deactivated; id = 135471762
Error: error_code = 30; This profile is private; id = 2703803
Error: error_code = 15; Access denied: user deactivated; id = 350778209
Error: error_code = 30; This profile is private; id = 563435973
Error: error_code = 30; This profile is private; id = 153287215
Error: error_code = 30; This profile is private; id = 241477690
Error: error_code = 15; Access denied: user deactivated; id = 197651978
Error: error_code = 15; Access denied: user deactivated; id = 299237921
Error: error_code = 30; This profile is private; id = 8346644
Error: error_code = 30; This profile is private; id = 556859257
Error: error_code = 30; This profile is private; id = 384677495
Error: error_code = 30; This profile is private; id = 184945600
Error: error_code = 30; This profile is private; id = 198483533
Error: error_code = 30; This profile is private; id = 484919564
Error: error_code = 30; This profile is private; id = 510450592
Error: error_code = 30; This profile is private; id = 204513582
Error: error_code = 30; This profile is private; id = 275915744
Error: error_code = 15; Access denied: user deactivated; id = 219511593
Error: error_code = 30; This profile is private; id = 668282731
Error: error_code = 15; Access denied: user deactivated; id = 287756567
Error: error_code = 30; This profile is private; id = 668877249
Error: error_code = 30; This profile is private; id = 575373025
Error: error_code = 30; This profile is private; id = 272497915
Error: error_code = 30; This profile is private; id = 579661018
Error: error_code = 30; This profile is private; id = 280834411
Error: error_code = 30; This profile is private; id = 248374418
Error: error_code = 15; Access denied: user deactivated; id = 516362558
Error: error_code = 30; This profile is private; id = 675861533
Error: error_code = 30; This profile is private; id = 178393550
Error: error_code = 15; Access denied: user deactivated; id = 278346127
Error: error_code = 15; Access denied: user deactivated; id = 151022191
Error: error_code = 30; This profile is private; id = 558871098
Error: error_code = 15; Access denied: user deactivated; id = 67218700
Error: error_code = 15; Access denied: user deactivated; id = 498247592
Error: error_code = 30; This profile is private; id = 335316663
Error: error_code = 15; Access denied: user deactivated; id = 169718473
Error: error_code = 30; This profile is private; id = 646716958
Error: error_code = 30; This profile is private; id = 662287936
Error: error_code = 30; This profile is private; id = 468332233
Error: error_code = 30; This profile is private; id = 590299202
Error: error_code = 30; This profile is private; id = 210587148
Error: error_code = 30; This profile is private; id = 49759196
Error: error_code = 15; Access denied: user deactivated; id = 211302264
Error: error_code = 30; This profile is private; id = 299576137
Error: error_code = 30; This profile is private; id = 183078023
Error: error_code = 30; This profile is private; id = 460440199
Error: error_code = 15; Access denied: user deactivated; id = 38632722
Error: error_code = 15; Access denied: user deactivated; id = 176324693
Error: error_code = 15; Access denied: user deactivated; id = 205017071
Error: error_code = 30; This profile is private; id = 626078572
Error: error_code = 30; This profile is private; id = 162790331
Error: error_code = 15; Access denied: user deactivated; id = 299378302
Error: error_code = 30; This profile is private; id = 188091011
Error: error_code = 30; This profile is private; id = 349701311
Error: error_code = 15; Access denied: user deactivated; id = 692722972
Error: error_code = 30; This profile is private; id = 5236066
Error: error_code = 30; This profile is private; id = 248618123
Error: error_code = 30; This profile is private; id = 367966301
Error: error_code = 30; This profile is private; id = 424388606
Error: error_code = 15; Access denied: user deactivated; id = 387275506
Error: error_code = 15; Access denied: user deactivated; id = 527346399
Error: error_code = 15; Access denied: user deactivated; id = 541272207
Error: error_code = 30; This profile is private; id = 367160865
Error: error_code = 30; This profile is private; id = 617161104
Error: error_code = 15; Access denied: user deactivated; id = 206648577
Error: error_code = 30; This profile is private; id = 195416805
Error: error_code = 30; This profile is private; id = 612388159
Error: error_code = 30; This profile is private; id = 704180166
Error: error_code = 30; This profile is private; id = 574041877
Error: error_code = 30; This profile is private; id = 450424444
Error: error_code = 30; This profile is private; id = 65864896
Error: error_code = 15; Access denied: user deactivated; id = 393859355
Error: error_code = 30; This profile is private; id = 240604339
Error: error_code = 15; Access denied: user deactivated; id = 682244775
Error: error_code = 30; This profile is private; id = 18010237
Error: error_code = 15; Access denied: user deactivated; id = 702519202
Error: error_code = 30; This profile is private; id = 280183026
Error: error_code = 30; This profile is private; id = 276347333
Error: error_code = 30; This profile is private; id = 71460705
Error: error_code = 15; Access denied: user deactivated; id = 491582286
Error: error_code = 30; This profile is private; id = 373318925
Error: error_code = 15; Access denied: user deactivated; id = 486779793
Error: error_code = 30; This profile is private; id = 197855983
Error: error_code = 30; This profile is private; id = 35261562
Error: error_code = 30; This profile is private; id = 229292435
Error: error_code = 30; This profile is private; id = 420897451
Error: error_code = 30; This profile is private; id = 560042242
Error: error_code = 30; This profile is private; id = 139188895
Error: error_code = 30; This profile is private; id = 56613305
Error: error_code = 15; Access denied: user deactivated; id = 360682285
Error: error_code = 15; Access denied: user deactivated; id = 195944532
Error: error_code = 15; Access denied: user deactivated; id = 30200638
Error: error_code = 15; Access denied: user deactivated; id = 174315030
Error: error_code = 30; This profile is private; id = 467539571
Error: error_code = 30; This profile is private; id = 562520297
Error: error_code = 30; This profile is private; id = 615337679
Error: error_code = 15; Access denied: user deactivated; id = 193017346
Error: error_code = 30; This profile is private; id = 93115620
Error: error_code = 30; This profile is private; id = 331427548
Error: error_code = 30; This profile is private; id = 361438384
Error: error_code = 30; This profile is private; id = 159093063
Error: error_code = 30; This profile is private; id = 590904982
Error: error_code = 30; This profile is private; id = 558373641
Error: error_code = 30; This profile is private; id = 38289059
Error: error_code = 30; This profile is private; id = 85209296
Error: error_code = 30; This profile is private; id = 52472932
Error: error_code = 30; This profile is private; id = 245591193
Error: error_code = 30; This profile is private; id = 158806503
Error: error_code = 30; This profile is private; id = 368257841
Error: error_code = 30; This profile is private; id = 405344461
Error: error_code = 30; This profile is private; id = 374263718
Error: error_code = 30; This profile is private; id = 673366948
Error: error_code = 30; This profile is private; id = 209655853
Error: error_code = 30; This profile is private; id = 272981346
Error: error_code = 15; Access denied: user deactivated; id = 211215933
Error: error_code = 30; This profile is private; id = 136060437
Error: error_code = 30; This profile is private; id = 586719372
Error: error_code = 15; Access denied: user deactivated; id = 263188598
Error: error_code = 30; This profile is private; id = 518911117
Error: error_code = 30; This profile is private; id = 625686599
Error: error_code = 30; This profile is private; id = 469219937
Error: error_code = 30; This profile is private; id = 241930983
Error: error_code = 30; This profile is private; id = 70594259
Error: error_code = 30; This profile is private; id = 36464867
Error: error_code = 15; Access denied: user deactivated; id = 43873272
Error: error_code = 15; Access denied: user deactivated; id = 340159317
Error: error_code = 30; This profile is private; id = 21808597
Error: error_code = 30; This profile is private; id = 209187475
Error: error_code = 30; This profile is private; id = 9927460
Error: error_code = 15; Access denied: user deactivated; id = 466872927
Error: error_code = 30; This profile is private; id = 605848468
Error: error_code = 15; Access denied: user deactivated; id = 497281919
Error: error_code = 30; This profile is private; id = 535507421
Error: error_code = 30; This profile is private; id = 221009560
Error: error_code = 30; This profile is private; id = 147048112
Error: error_code = 30; This profile is private; id = 552286223
Error: error_code = 15; Access denied: user deactivated; id = 707530884
Error: error_code = 30; This profile is private; id = 167270667
Error: error_code = 30; This profile is private; id = 715242856
Error: error_code = 30; This profile is private; id = 567172520
Error: error_code = 30; This profile is private; id = 223789710
Error: error_code = 15; Access denied: user deactivated; id = 191784771
Error: error_code = 30; This profile is private; id = 327143752
Error: error_code = 15; Access denied: user deactivated; id = 356332052
Error: error_code = 15; Access denied: user deactivated; id = 226422553
Error: error_code = 30; This profile is private; id = 559583637
Error: error_code = 30; This profile is private; id = 345572734
Error: error_code = 30; This profile is private; id = 200442457
Error: error_code = 15; Access denied: user deactivated; id = 136684807
Error: error_code = 30; This profile is private; id = 7905624
Error: error_code = 30; This profile is private; id = 356195205
Error: error_code = 30; This profile is private; id = 273216579
Error: error_code = 30; This profile is private; id = 16403013
Error: error_code = 30; This profile is private; id = 476124461
Error: error_code = 30; This profile is private; id = 255830426
Error: error_code = 30; This profile is private; id = 506574823
Error: error_code = 15; Access denied: user deactivated; id = 558473952
Error: error_code = 15; Access denied: user deactivated; id = 215127185
Error: error_code = 15; Access denied: user deactivated; id = 354219337
Error: error_code = 30; This profile is private; id = 301990261
Error: error_code = 30; This profile is private; id = 409965515
Error: error_code = 15; Access denied: user deactivated; id = 147850010
Error: error_code = 15; Access denied: user deactivated; id = 402576471
Error: error_code = 30; This profile is private; id = 566906723
Error: error_code = 15; Access denied: user deactivated; id = 426234874
Error: error_code = 15; Access denied: user deactivated; id = 205083626
Error: error_code = 30; This profile is private; id = 301712099
Error: error_code = 30; This profile is private; id = 469809183
Error: error_code = 15; Access denied: user deactivated; id = 489708548
Error: error_code = 30; This profile is private; id = 5229860
Error: error_code = 15; Access denied: user deactivated; id = 253774264
Error: error_code = 15; Access denied: user deactivated; id = 297978090
Error: error_code = 30; This profile is private; id = 227369511
Error: error_code = 15; Access denied: user deactivated; id = 139717219
Error: error_code = 15; Access denied: user deactivated; id = 172153578
Error: error_code = 15; Access denied: user deactivated; id = 280339083
Error: error_code = 30; This profile is private; id = 9020171
Error: error_code = 30; This profile is private; id = 176810137
Error: error_code = 30; This profile is private; id = 604163461
Error: error_code = 30; This profile is private; id = 709872740
Error: error_code = 30; This profile is private; id = 515973109
Error: error_code = 30; This profile is private; id = 700748047
Error: error_code = 15; Access denied: user deactivated; id = 273242174
Error: error_code = 30; This profile is private; id = 221667870
Error: error_code = 30; This profile is private; id = 261396947
Error: error_code = 15; Access denied: user deactivated; id = 417108458
Error: error_code = 15; Access denied: user deactivated; id = 252158060
Error: error_code = 15; Access denied: user deactivated; id = 317415188
Error: error_code = 15; Access denied: user deactivated; id = 549422504
Error: error_code = 30; This profile is private; id = 387003135
Error: error_code = 15; Access denied: user deactivated; id = 272385852
Error: error_code = 30; This profile is private; id = 339547119
Error: error_code = 30; This profile is private; id = 714154256
Error: error_code = 15; Access denied: user deactivated; id = 86459955
Error: error_code = 30; This profile is private; id = 403215917
Error: error_code = 15; Access denied: user deactivated; id = 624208952
Error: error_code = 15; Access denied: user deactivated; id = 216601622
Error: error_code = 30; This profile is private; id = 427059640
Error: error_code = 15; Access denied: user deactivated; id = 430072743
Error: error_code = 30; This profile is private; id = 307624010
Error: error_code = 15; Access denied: user deactivated; id = 323288090
Error: error_code = 30; This profile is private; id = 125847
Error: error_code = 15; Access denied: user deactivated; id = 522873341
Error: error_code = 30; This profile is private; id = 175243323
Error: error_code = 30; This profile is private; id = 418071732
Error: error_code = 15; Access denied: user deactivated; id = 405473375
Error: error_code = 30; This profile is private; id = 309948685
Error: error_code = 15; Access denied: user deactivated; id = 227195913
Error: error_code = 30; This profile is private; id = 471836428
Error: error_code = 15; Access denied: user deactivated; id = 44199102
Error: error_code = 15; Access denied: user deactivated; id = 341234029
Error: error_code = 15; Access denied: user deactivated; id = 520350890
Error: error_code = 15; Access denied: user deactivated; id = 185917794
Error: error_code = 30; This profile is private; id = 434089697
Error: error_code = 15; Access denied: user deactivated; id = 162048928
Error: error_code = 15; Access denied: user deactivated; id = 133680878
Error: error_code = 15; Access denied: user deactivated; id = 403424675
Error: error_code = 30; This profile is private; id = 371029241
Error: error_code = 30; This profile is private; id = 19231367
Error: error_code = 30; This profile is private; id = 315467944
Error: error_code = 15; Access denied: user deactivated; id = 204962745
Error: error_code = 15; Access denied: user deactivated; id = 558683
Error: error_code = 15; Access denied: user deactivated; id = 388618326
Error: error_code = 30; This profile is private; id = 195385907
Error: error_code = 15; Access denied: user deactivated; id = 379746209
Error: error_code = 15; Access denied: user deactivated; id = 277058029
Error: error_code = 30; This profile is private; id = 427884380
Error: error_code = 30; This profile is private; id = 94191368
Error: error_code = 30; This profile is private; id = 680954454
Error: error_code = 15; Access denied: user deactivated; id = 417707922
Error: error_code = 30; This profile is private; id = 711453350
Error: error_code = 15; Access denied: user deactivated; id = 705588876
Error: error_code = 30; This profile is private; id = 220703584
Error: error_code = 15; Access denied: user deactivated; id = 213214579
Error: error_code = 30; This profile is private; id = 413600713
Error: error_code = 30; This profile is private; id = 173705093
Error: error_code = 30; This profile is private; id = 66779771
Error: error_code = 15; Access denied: user deactivated; id = 669233338
Error: error_code = 15; Access denied: user deactivated; id = 137067086
Error: error_code = 15; Access denied: user deactivated; id = 428796427
Error: error_code = 15; Access denied: user deactivated; id = 257026463
Error: error_code = 15; Access denied: user deactivated; id = 538652201
Error: error_code = 15; Access denied: user deactivated; id = 247023997
Error: error_code = 30; This profile is private; id = 698470696
Error: error_code = 30; This profile is private; id = 214800416
Error: error_code = 15; Access denied: user deactivated; id = 371384248
Error: error_code = 30; This profile is private; id = 588835845
Error: error_code = 15; Access denied: user deactivated; id = 39652443
Error: error_code = 30; This profile is private; id = 156492712
Error: error_code = 30; This profile is private; id = 558352795
Error: error_code = 15; Access denied: user deactivated; id = 440142628
Error: error_code = 15; Access denied: user deactivated; id = 299847623
Error: error_code = 30; This profile is private; id = 545547528
Error: error_code = 15; Access denied: user deactivated; id = 370325501
Error: error_code = 30; This profile is private; id = 515897244
Error: error_code = 30; This profile is private; id = 234641695
Error: error_code = 15; Access denied: user deactivated; id = 278103482
Error: error_code = 15; Access denied: user deactivated; id = 614361276
Error: error_code = 15; Access denied: user deactivated; id = 704564054
Error: error_code = 15; Access denied: user deactivated; id = 536115633
Error: error_code = 30; This profile is private; id = 123937262
Error: error_code = 30; This profile is private; id = 112388446
Error: error_code = 15; Access denied: user deactivated; id = 341237084
Error: error_code = 15; Access denied: user deactivated; id = 464744189
Error: error_code = 15; Access denied: user deactivated; id = 571871155
Error: error_code = 30; This profile is private; id = 677067672
Error: error_code = 15; Access denied: user deactivated; id = 398741205
Error: error_code = 15; Access denied: user deactivated; id = 545443512
Error: error_code = 30; This profile is private; id = 485703652
Error: error_code = 15; Access denied: user deactivated; id = 473315990
Error: error_code = 30; This profile is private; id = 644248628
Error: error_code = 15; Access denied: user deactivated; id = 330505198
Error: error_code = 30; This profile is private; id = 470617713
Error: error_code = 30; This profile is private; id = 59196519
Error: error_code = 30; This profile is private; id = 461182090
Error: error_code = 30; This profile is private; id = 258833844
Error: error_code = 30; This profile is private; id = 580998586
Error: error_code = 15; Access denied: user deactivated; id = 347996903
Error: error_code = 30; This profile is private; id = 401492006
Error: error_code = 30; This profile is private; id = 155492326
Error: error_code = 30; This profile is private; id = 436941205
Error: error_code = 15; Access denied: user deactivated; id = 316712527
Error: error_code = 30; This profile is private; id = 549257657
Error: error_code = 30; This profile is private; id = 662746156
Error: error_code = 30; This profile is private; id = 280609555
Error: error_code = 30; This profile is private; id = 30373639
Error: error_code = 30; This profile is private; id = 262803193
Error: error_code = 15; Access denied: user deactivated; id = 218401792
Error: error_code = 30; This profile is private; id = 8765918
Error: error_code = 30; This profile is private; id = 462971292
Error: error_code = 30; This profile is private; id = 299894297
Error: error_code = 30; This profile is private; id = 552407742
Error: error_code = 15; Access denied: user deactivated; id = 360554819
Error: error_code = 15; Access denied: user deactivated; id = 252018376
Error: error_code = 30; This profile is private; id = 95563950
Error: error_code = 30; This profile is private; id = 543543875
Error: error_code = 30; This profile is private; id = 374835571
Error: error_code = 30; This profile is private; id = 316755477
Error: error_code = 30; This profile is private; id = 636557589
Error: error_code = 30; This profile is private; id = 282455889
Error: error_code = 30; This profile is private; id = 675282931
Error: error_code = 15; Access denied: user deactivated; id = 332889624
Error: error_code = 15; Access denied: user deactivated; id = 556550698
Error: error_code = 15; Access denied: user deactivated; id = 434337338
Error: error_code = 30; This profile is private; id = 555536257
Error: error_code = 15; Access denied: user deactivated; id = 543228295
Error: error_code = 30; This profile is private; id = 624225529
Error: error_code = 15; Access denied: user deactivated; id = 274376161
Error: error_code = 30; This profile is private; id = 586772623
Error: error_code = 30; This profile is private; id = 599692454
Error: error_code = 30; This profile is private; id = 616687199
Error: error_code = 30; This profile is private; id = 566237930
Error: error_code = 30; This profile is private; id = 76429405
Error: error_code = 30; This profile is private; id = 648006215
Error: error_code = 30; This profile is private; id = 217600621
Error: error_code = 30; This profile is private; id = 630078717
Error: error_code = 30; This profile is private; id = 579813472
Error: error_code = 15; Access denied: user deactivated; id = 468499442
Error: error_code = 30; This profile is private; id = 277885768
Error: error_code = 30; This profile is private; id = 2531011
Error: error_code = 30; This profile is private; id = 522413021
Error: error_code = 30; This profile is private; id = 595366121
Error: error_code = 30; This profile is private; id = 681210
Error: error_code = 30; This profile is private; id = 622466627
Error: error_code = 30; This profile is private; id = 9770989
Error: error_code = 30; This profile is private; id = 153920107
Error: error_code = 30; This profile is private; id = 100177562
Error: error_code = 30; This profile is private; id = 412186119
Error: error_code = 30; This profile is private; id = 389523466
Error: error_code = 30; This profile is private; id = 619561906
Error: error_code = 30; This profile is private; id = 232169229
Error: error_code = 30; This profile is private; id = 154233340
Error: error_code = 15; Access denied: user deactivated; id = 420237125
Error: error_code = 15; Access denied: user deactivated; id = 363540020
Error: error_code = 30; This profile is private; id = 490749035
Error: error_code = 30; This profile is private; id = 640284573
Error: error_code = 30; This profile is private; id = 16270316
Error: error_code = 30; This profile is private; id = 18214140
Error: error_code = 30; This profile is private; id = 29489682
Error: error_code = 15; Access denied: user deactivated; id = 218764544
Error: error_code = 30; This profile is private; id = 3450784
Error: error_code = 15; Access denied: user deactivated; id = 72292682
Error: error_code = 15; Access denied: user deactivated; id = 227637643
Error: error_code = 30; This profile is private; id = 602335010
Error: error_code = 15; Access denied: user deactivated; id = 162471754
Error: error_code = 30; This profile is private; id = 338587953
Error: error_code = 30; This profile is private; id = 6062742
Error: error_code = 30; This profile is private; id = 673843328
Error: error_code = 15; Access denied: user deactivated; id = 363922557
Error: error_code = 30; This profile is private; id = 680078121
Error: error_code = 30; This profile is private; id = 192918864
Error: error_code = 30; This profile is private; id = 16853725
Error: error_code = 30; This profile is private; id = 476127509
Error: error_code = 15; Access denied: user deactivated; id = 590066692
Error: error_code = 30; This profile is private; id = 152052206
Error: error_code = 30; This profile is private; id = 542051328
Error: error_code = 30; This profile is private; id = 1386316
Error: error_code = 30; This profile is private; id = 293362653
Error: error_code = 30; This profile is private; id = 31303909
Error: error_code = 30; This profile is private; id = 514871290
Error: error_code = 15; Access denied: user deactivated; id = 132354330
Error: error_code = 30; This profile is private; id = 376715272
Error: error_code = 30; This profile is private; id = 483385896
Error: error_code = 30; This profile is private; id = 160499467
Error: error_code = 15; Access denied: user deactivated; id = 636724060
Error: error_code = 30; This profile is private; id = 346319913
Error: error_code = 30; This profile is private; id = 581017902
Error: error_code = 30; This profile is private; id = 526786682
Error: error_code = 30; This profile is private; id = 498753295
Error: error_code = 30; This profile is private; id = 462370908
Error: error_code = 15; Access denied: user deactivated; id = 711419714
Error: error_code = 30; This profile is private; id = 419503322
Error: error_code = 15; Access denied: user deactivated; id = 361255264
Error: error_code = 30; This profile is private; id = 481916826
Error: error_code = 30; This profile is private; id = 371900046
Error: error_code = 30; This profile is private; id = 129563430
Error: error_code = 30; This profile is private; id = 693402598
Error: error_code = 15; Access denied: user deactivated; id = 566895262
Error: error_code = 30; This profile is private; id = 381220410
Error: error_code = 30; This profile is private; id = 461666997
Error: error_code = 30; This profile is private; id = 34460115
Error: error_code = 30; This profile is private; id = 626006575
Error: error_code = 15; Access denied: user deactivated; id = 55773589
Error: error_code = 30; This profile is private; id = 693203792
Error: error_code = 15; Access denied: user deactivated; id = 337572462
Error: error_code = 30; This profile is private; id = 364938620
Error: error_code = 15; Access denied: user deactivated; id = 274725339
Error: error_code = 15; Access denied: user deactivated; id = 339481652
Error: error_code = 15; Access denied: user deactivated; id = 266995269
Error: error_code = 15; Access denied: user deactivated; id = 175009557
Error: error_code = 15; Access denied: user deactivated; id = 281112874
Error: error_code = 30; This profile is private; id = 706004531
Error: error_code = 30; This profile is private; id = 495603614
Error: error_code = 15; Access denied: user deactivated; id = 706512775
Error: error_code = 30; This profile is private; id = 435734114
Error: error_code = 15; Access denied: user deactivated; id = 470218254
Error: error_code = 30; This profile is private; id = 213375953
Error: error_code = 30; This profile is private; id = 447395761
Error: error_code = 30; This profile is private; id = 423698937
Error: error_code = 30; This profile is private; id = 10311670
Error: error_code = 15; Access denied: user deactivated; id = 202027575
Error: error_code = 30; This profile is private; id = 425481415
Error: error_code = 15; Access denied: user deactivated; id = 191098970
Error: error_code = 30; This profile is private; id = 400886686
Error: error_code = 30; This profile is private; id = 654432667
Error: error_code = 30; This profile is private; id = 713557772
Error: error_code = 30; This profile is private; id = 170935279
Error: error_code = 30; This profile is private; id = 91590209
Error: error_code = 30; This profile is private; id = 3583874
Error: error_code = 30; This profile is private; id = 466364731
Error: error_code = 30; This profile is private; id = 255332480
Error: error_code = 15; Access denied: user deactivated; id = 292587639
Error: error_code = 30; This profile is private; id = 425747517
Error: error_code = 30; This profile is private; id = 221031535
Error: error_code = 30; This profile is private; id = 712138318
Error: error_code = 30; This profile is private; id = 387003580
Error: error_code = 30; This profile is private; id = 660826577
Error: error_code = 30; This profile is private; id = 671939523
Error: error_code = 30; This profile is private; id = 35717496
Error: error_code = 30; This profile is private; id = 184560535
Error: error_code = 15; Access denied: user deactivated; id = 350707780
Error: error_code = 30; This profile is private; id = 301091140
Error: error_code = 30; This profile is private; id = 13953958
Error: error_code = 30; This profile is private; id = 147981221
Error: error_code = 30; This profile is private; id = 102055203
Error: error_code = 15; Access denied: user deactivated; id = 55066085
Error: error_code = 30; This profile is private; id = 542059811
Error: error_code = 30; This profile is private; id = 452099979
Error: error_code = 15; Access denied: user deactivated; id = 713837602
Error: error_code = 15; Access denied: user deactivated; id = 533481452
Error: error_code = 30; This profile is private; id = 88969619
Error: error_code = 15; Access denied: user deactivated; id = 526891791
Error: error_code = 30; This profile is private; id = 615034047
Error: error_code = 30; This profile is private; id = 717836845
Error: error_code = 30; This profile is private; id = 199840694
Error: error_code = 30; This profile is private; id = 7423350
Error: error_code = 30; This profile is private; id = 57583194
Error: error_code = 15; Access denied: user deactivated; id = 405828997
Error: error_code = 30; This profile is private; id = 322569083
Error: error_code = 15; Access denied: user deactivated; id = 535269824
Error: error_code = 30; This profile is private; id = 173015456
Error: error_code = 30; This profile is private; id = 381831344
Error: error_code = 30; This profile is private; id = 443364664
Error: error_code = 30; This profile is private; id = 177811583
Error: error_code = 15; Access denied: user deactivated; id = 422370577
Error: error_code = 30; This profile is private; id = 643486752
Error: error_code = 30; This profile is private; id = 154897188
Error: error_code = 30; This profile is private; id = 460624946
Error: error_code = 30; This profile is private; id = 539610396
Error: error_code = 30; This profile is private; id = 176699984
Error: error_code = 30; This profile is private; id = 383991521
Error: error_code = 30; This profile is private; id = 161339330
Error: error_code = 30; This profile is private; id = 239327446
Error: error_code = 15; Access denied: user deactivated; id = 401250248
Error: error_code = 15; Access denied: user deactivated; id = 219292229
Error: error_code = 30; This profile is private; id = 185705216
Error: error_code = 30; This profile is private; id = 602898976
Error: error_code = 30; This profile is private; id = 131917894
Error: error_code = 30; This profile is private; id = 50244501
Error: error_code = 30; This profile is private; id = 672307554
Error: error_code = 15; Access denied: user deactivated; id = 341684032
Error: error_code = 30; This profile is private; id = 397173751
Error: error_code = 30; This profile is private; id = 682243220
Error: error_code = 30; This profile is private; id = 564217562
Error: error_code = 30; This profile is private; id = 74645014
Error: error_code = 30; This profile is private; id = 44784212
Error: error_code = 30; This profile is private; id = 20688172
Error: error_code = 15; Access denied: user deactivated; id = 322855438
Error: error_code = 30; This profile is private; id = 38528317
Error: error_code = 30; This profile is private; id = 157580091
Error: error_code = 30; This profile is private; id = 358867389
Error: error_code = 15; Access denied: user deactivated; id = 544792270
Error: error_code = 30; This profile is private; id = 344518469
Error: error_code = 30; This profile is private; id = 427623131
Error: error_code = 30; This profile is private; id = 12293399
Error: error_code = 15; Access denied: user deactivated; id = 421904906
Error: error_code = 30; This profile is private; id = 542492943
Error: error_code = 30; This profile is private; id = 303407243
Error: error_code = 30; This profile is private; id = 298033686
Error: error_code = 30; This profile is private; id = 401711619
Error: error_code = 15; Access denied: user deactivated; id = 261283073
Error: error_code = 30; This profile is private; id = 159073987
Error: error_code = 30; This profile is private; id = 196126707
Error: error_code = 30; This profile is private; id = 146480487
Error: error_code = 30; This profile is private; id = 174170887
Error: error_code = 15; Access denied: user deactivated; id = 388475115
Error: error_code = 30; This profile is private; id = 333120235
Error: error_code = 15; Access denied: user deactivated; id = 261516720
Error: error_code = 15; Access denied: user deactivated; id = 556928726
Error: error_code = 30; This profile is private; id = 390122613
Error: error_code = 30; This profile is private; id = 540881651
Error: error_code = 30; This profile is private; id = 390114474
Error: error_code = 30; This profile is private; id = 676044986
Error: error_code = 30; This profile is private; id = 52110537
Error: error_code = 30; This profile is private; id = 517490011
Error: error_code = 30; This profile is private; id = 546525366
Error: error_code = 30; This profile is private; id = 327069523
Error: error_code = 30; This profile is private; id = 411866848
Error: error_code = 15; Access denied: user deactivated; id = 678958988
Error: error_code = 30; This profile is private; id = 24508707
Error: error_code = 15; Access denied: user deactivated; id = 84304390
Error: error_code = 30; This profile is private; id = 14838622
Error: error_code = 30; This profile is private; id = 666926551
Error: error_code = 15; Access denied: user deactivated; id = 396401349
Error: error_code = 30; This profile is private; id = 371216198
Error: error_code = 30; This profile is private; id = 71164155
Error: error_code = 30; This profile is private; id = 135727447
Error: error_code = 30; This profile is private; id = 65323488
Error: error_code = 15; Access denied: user deactivated; id = 1273961
Error: error_code = 30; This profile is private; id = 133904767
Error: error_code = 30; This profile is private; id = 709238738
Error: error_code = 15; Access denied: user deactivated; id = 534368164
Error: error_code = 15; Access denied: user deactivated; id = 230058619
Error: error_code = 15; Access denied: user deactivated; id = 183592312
Error: error_code = 30; This profile is private; id = 273826281
Error: error_code = 15; Access denied: user deactivated; id = 547283324
Error: error_code = 30; This profile is private; id = 342083417
Error: error_code = 30; This profile is private; id = 194467711
Error: error_code = 30; This profile is private; id = 13040100
Error: error_code = 30; This profile is private; id = 335646347
Error: error_code = 30; This profile is private; id = 154646810
Error: error_code = 15; Access denied: user deactivated; id = 538318172
Error: error_code = 30; This profile is private; id = 460020382
Error: error_code = 30; This profile is private; id = 33651851
Error: error_code = 15; Access denied: user deactivated; id = 27591120
Error: error_code = 15; Access denied: user deactivated; id = 418697195
Error: error_code = 30; This profile is private; id = 133721129
Error: error_code = 30; This profile is private; id = 8027643
Error: error_code = 30; This profile is private; id = 58642450
Error: error_code = 30; This profile is private; id = 444679776
Error: error_code = 30; This profile is private; id = 183912043
Error: error_code = 30; This profile is private; id = 229101648
Error: error_code = 15; Access denied: user deactivated; id = 382724370
Error: error_code = 30; This profile is private; id = 348562729
Error: error_code = 15; Access denied: user deactivated; id = 325179054
Error: error_code = 15; Access denied: user deactivated; id = 517514837
Error: error_code = 30; This profile is private; id = 4924211
Error: error_code = 30; This profile is private; id = 489385080
Error: error_code = 30; This profile is private; id = 23764413
Error: error_code = 30; This profile is private; id = 340995902
Error: error_code = 30; This profile is private; id = 25786685
Error: error_code = 30; This profile is private; id = 667382606
Error: error_code = 15; Access denied: user deactivated; id = 520727782
Error: error_code = 30; This profile is private; id = 148004377
Error: error_code = 30; This profile is private; id = 162797742
Error: error_code = 15; Access denied: user deactivated; id = 684239305
Error: error_code = 15; Access denied: user deactivated; id = 212003135
Error: error_code = 30; This profile is private; id = 468419277
Error: error_code = 30; This profile is private; id = 662440592
Error: error_code = 30; This profile is private; id = 334221339
Error: error_code = 30; This profile is private; id = 299294256
Error: error_code = 30; This profile is private; id = 337854588
Error: error_code = 30; This profile is private; id = 259133364
Error: error_code = 30; This profile is private; id = 27917270
Error: error_code = 15; Access denied: user deactivated; id = 219551357
Error: error_code = 30; This profile is private; id = 590037688
Error: error_code = 30; This profile is private; id = 132025479
Error: error_code = 30; This profile is private; id = 306808318
Error: error_code = 30; This profile is private; id = 213268057
Error: error_code = 30; This profile is private; id = 270768852
Error: error_code = 30; This profile is private; id = 92942720
Error: error_code = 15; Access denied: user deactivated; id = 11435556
Error: error_code = 30; This profile is private; id = 190191644
Error: error_code = 15; Access denied: user deactivated; id = 206863384
Error: error_code = 30; This profile is private; id = 601237216
Error: error_code = 30; This profile is private; id = 198451666
Error: error_code = 30; This profile is private; id = 208151749
Error: error_code = 30; This profile is private; id = 137758457
Error: error_code = 30; This profile is private; id = 637074608
Error: error_code = 30; This profile is private; id = 545397739
Error: error_code = 30; This profile is private; id = 545505877
Error: error_code = 30; This profile is private; id = 112553923
Error: error_code = 30; This profile is private; id = 396315553
Error: error_code = 30; This profile is private; id = 194715604
Error: error_code = 30; This profile is private; id = 135943520
Error: error_code = 30; This profile is private; id = 563492610
Error: error_code = 15; Access denied: user deactivated; id = 161707465
Error: error_code = 30; This profile is private; id = 453969743
Error: error_code = 30; This profile is private; id = 282253392
Error: error_code = 30; This profile is private; id = 499057738
Error: error_code = 30; This profile is private; id = 425404398
Error: error_code = 30; This profile is private; id = 137844247
Error: error_code = 30; This profile is private; id = 685451157
Error: error_code = 30; This profile is private; id = 702589905
Error: error_code = 30; This profile is private; id = 21772582
Error: error_code = 15; Access denied: user deactivated; id = 299714483
Error: error_code = 30; This profile is private; id = 342721127
Error: error_code = 30; This profile is private; id = 136469916
Error: error_code = 30; This profile is private; id = 61038990
Error: error_code = 30; This profile is private; id = 537515218
Error: error_code = 15; Access denied: user deactivated; id = 303330418
Error: error_code = 30; This profile is private; id = 405765555
Error: error_code = 30; This profile is private; id = 364171192
Error: error_code = 15; Access denied: user deactivated; id = 494572971
Error: error_code = 15; Access denied: user deactivated; id = 262607091
Error: error_code = 30; This profile is private; id = 456673068
Error: error_code = 15; Access denied: user deactivated; id = 180976402
Error: error_code = 30; This profile is private; id = 425974913
Error: error_code = 15; Access denied: user deactivated; id = 173888037
Error: error_code = 15; Access denied: user deactivated; id = 535239702
Error: error_code = 15; Access denied: user deactivated; id = 243635
Error: error_code = 30; This profile is private; id = 138083713
Error: error_code = 15; Access denied: user deactivated; id = 209693243
Error: error_code = 15; Access denied: user deactivated; id = 327162887
Error: error_code = 30; This profile is private; id = 632839908
Error: error_code = 30; This profile is private; id = 509736082
Error: error_code = 30; This profile is private; id = 52761730
Error: error_code = 30; This profile is private; id = 220251698
Error: error_code = 30; This profile is private; id = 591505602
Error: error_code = 30; This profile is private; id = 3044844
Error: error_code = 30; This profile is private; id = 307189716
Error: error_code = 30; This profile is private; id = 452385537
Error: error_code = 15; Access denied: user deactivated; id = 109030759
Error: error_code = 30; This profile is private; id = 282346166
Error: error_code = 30; This profile is private; id = 70521494
Error: error_code = 30; This profile is private; id = 8831954
Error: error_code = 30; This profile is private; id = 2812552
Error: error_code = 30; This profile is private; id = 26046268
Error: error_code = 15; Access denied: user deactivated; id = 215688562
Error: error_code = 30; This profile is private; id = 15464128
Error: error_code = 30; This profile is private; id = 79058103
Error: error_code = 15; Access denied: user deactivated; id = 268549402
Error: error_code = 15; Access denied: user deactivated; id = 254275447
Error: error_code = 30; This profile is private; id = 516124248
Error: error_code = 15; Access denied: user deactivated; id = 572547866
Error: error_code = 30; This profile is private; id = 192033204
Error: error_code = 15; Access denied: user deactivated; id = 501358015
Error: error_code = 30; This profile is private; id = 142503621
Error: error_code = 15; Access denied: user deactivated; id = 405758799
Error: error_code = 30; This profile is private; id = 606959865
Error: error_code = 15; Access denied: user deactivated; id = 548627198
Error: error_code = 30; This profile is private; id = 636387473
Error: error_code = 30; This profile is private; id = 667791789
Error: error_code = 30; This profile is private; id = 476008177
Error: error_code = 15; Access denied: user deactivated; id = 293783856
Error: error_code = 30; This profile is private; id = 447409040
Error: error_code = 15; Access denied: user deactivated; id = 219093789
Error: error_code = 15; Access denied: user deactivated; id = 711506271
Error: error_code = 30; This profile is private; id = 282554104
Error: error_code = 15; Access denied: user deactivated; id = 435914973
Error: error_code = 30; This profile is private; id = 16638573
Error: error_code = 30; This profile is private; id = 480990183
Error: error_code = 30; This profile is private; id = 30049523
Error: error_code = 30; This profile is private; id = 240971770
Error: error_code = 30; This profile is private; id = 234873125
Error: error_code = 30; This profile is private; id = 144126461
Error: error_code = 30; This profile is private; id = 702930170
Error: error_code = 15; Access denied: user deactivated; id = 77424363
Error: error_code = 15; Access denied: user deactivated; id = 493977127
Error: error_code = 30; This profile is private; id = 658997096
Error: error_code = 30; This profile is private; id = 190022608
Error: error_code = 30; This profile is private; id = 674168201
Error: error_code = 15; Access denied: user deactivated; id = 415671907
Error: error_code = 30; This profile is private; id = 703172802
Error: error_code = 30; This profile is private; id = 256212554
Error: error_code = 15; Access denied: user deactivated; id = 422455622
Error: error_code = 15; Access denied: user deactivated; id = 178064551
Error: error_code = 30; This profile is private; id = 152085364
Error: error_code = 30; This profile is private; id = 188362435
Error: error_code = 15; Access denied: user deactivated; id = 348314354
Error: error_code = 30; This profile is private; id = 623525417
Error: error_code = 30; This profile is private; id = 522213362
Error: error_code = 30; This profile is private; id = 524498827
Error: error_code = 15; Access denied: user deactivated; id = 375785918
Error: error_code = 15; Access denied: user deactivated; id = 212095679
Error: error_code = 30; This profile is private; id = 123914690
Error: error_code = 30; This profile is private; id = 329299390
Error: error_code = 30; This profile is private; id = 324602297
Error: error_code = 30; This profile is private; id = 615705336
Error: error_code = 30; This profile is private; id = 346119541
Error: error_code = 30; This profile is private; id = 456903499
Error: error_code = 30; This profile is private; id = 200967438
Error: error_code = 15; Access denied: user deactivated; id = 373520780
Error: error_code = 15; Access denied: user deactivated; id = 16088891
Error: error_code = 30; This profile is private; id = 391446311
Error: error_code = 30; This profile is private; id = 180048719
Error: error_code = 30; This profile is private; id = 13156233
Error: error_code = 30; This profile is private; id = 504155709
Error: error_code = 30; This profile is private; id = 79319146
Error: error_code = 30; This profile is private; id = 640971777
Error: error_code = 30; This profile is private; id = 557995706
Error: error_code = 30; This profile is private; id = 226054239
Error: error_code = 15; Access denied: user deactivated; id = 215666896
Error: error_code = 30; This profile is private; id = 59869044
Error: error_code = 30; This profile is private; id = 522660640
Error: error_code = 15; Access denied: user deactivated; id = 258838940
Error: error_code = 30; This profile is private; id = 168609940
Error: error_code = 30; This profile is private; id = 77213966
Error: error_code = 15; Access denied: user deactivated; id = 346302949
Error: error_code = 30; This profile is private; id = 12719760
Error: error_code = 30; This profile is private; id = 138143654
Error: error_code = 30; This profile is private; id = 151908850
Error: error_code = 30; This profile is private; id = 609685568
Error: error_code = 30; This profile is private; id = 217505613
Error: error_code = 30; This profile is private; id = 297754815
Error: error_code = 30; This profile is private; id = 497062640
Error: error_code = 30; This profile is private; id = 72525252
Error: error_code = 15; Access denied: user deactivated; id = 701829999
Error: error_code = 30; This profile is private; id = 304929161
Error: error_code = 30; This profile is private; id = 272328266
Error: error_code = 30; This profile is private; id = 153314625
Error: error_code = 30; This profile is private; id = 152203467
Error: error_code = 30; This profile is private; id = 72948919
Error: error_code = 15; Access denied: user deactivated; id = 402344737
Error: error_code = 15; Access denied: user deactivated; id = 196785470
Error: error_code = 30; This profile is private; id = 230918221
Error: error_code = 30; This profile is private; id = 566842608
Error: error_code = 30; This profile is private; id = 651767429
Error: error_code = 30; This profile is private; id = 51554474
Error: error_code = 30; This profile is private; id = 552624463
Error: error_code = 15; Access denied: user deactivated; id = 177677466
Error: error_code = 30; This profile is private; id = 2474192
Error: error_code = 30; This profile is private; id = 117003573
Error: error_code = 15; Access denied: user deactivated; id = 79332295
Error: error_code = 30; This profile is private; id = 193701318
Error: error_code = 30; This profile is private; id = 534594529
Error: error_code = 30; This profile is private; id = 613787639
Error: error_code = 15; Access denied: user deactivated; id = 152340997
Error: error_code = 30; This profile is private; id = 689972347
Error: error_code = 30; This profile is private; id = 79007162
Error: error_code = 15; Access denied: user deactivated; id = 354716767
Error: error_code = 30; This profile is private; id = 204775682
Error: error_code = 30; This profile is private; id = 40781142
Error: error_code = 30; This profile is private; id = 672985651
Error: error_code = 15; Access denied: user deactivated; id = 277286408
Error: error_code = 30; This profile is private; id = 286709884
Error: error_code = 30; This profile is private; id = 216733034
Error: error_code = 30; This profile is private; id = 590735518
Error: error_code = 30; This profile is private; id = 187260176
Error: error_code = 15; Access denied: user deactivated; id = 381705605
Error: error_code = 15; Access denied: user deactivated; id = 382477410
Error: error_code = 15; Access denied: user deactivated; id = 238516042
Error: error_code = 30; This profile is private; id = 195314110
Error: error_code = 15; Access denied: user deactivated; id = 486135368
Error: error_code = 30; This profile is private; id = 176782774
Error: error_code = 15; Access denied: user deactivated; id = 134914408
Error: error_code = 15; Access denied: user deactivated; id = 214602589
Error: error_code = 30; This profile is private; id = 102045333
Error: error_code = 30; This profile is private; id = 203550934
Error: error_code = 15; Access denied: user deactivated; id = 224017043
Error: error_code = 30; This profile is private; id = 566761978
Error: error_code = 30; This profile is private; id = 7788261
Error: error_code = 30; This profile is private; id = 318115678
Error: error_code = 30; This profile is private; id = 271044039
Error: error_code = 30; This profile is private; id = 582595495
Error: error_code = 30; This profile is private; id = 608841677
Error: error_code = 30; This profile is private; id = 5844861
Error: error_code = 15; Access denied: user deactivated; id = 56345616
Error: error_code = 15; Access denied: user deactivated; id = 360704402
Error: error_code = 15; Access denied: user deactivated; id = 113372213
Error: error_code = 15; Access denied: user deactivated; id = 665116162
Error: error_code = 30; This profile is private; id = 327424922
Error: error_code = 15; Access denied: user deactivated; id = 611144791
Error: error_code = 30; This profile is private; id = 103503440
Error: error_code = 30; This profile is private; id = 287214822
Error: error_code = 30; This profile is private; id = 707695780
Error: error_code = 30; This profile is private; id = 666197097
Error: error_code = 30; This profile is private; id = 297727357
Error: error_code = 30; This profile is private; id = 58600620
Error: error_code = 30; This profile is private; id = 584860129
Error: error_code = 30; This profile is private; id = 10330326
Error: error_code = 30; This profile is private; id = 36284613
Error: error_code = 30; This profile is private; id = 564944899
Error: error_code = 30; This profile is private; id = 66152847
Error: error_code = 30; This profile is private; id = 487452485
Error: error_code = 15; Access denied: user deactivated; id = 7267581
Error: error_code = 30; This profile is private; id = 175256385
Error: error_code = 30; This profile is private; id = 438666696
Error: error_code = 15; Access denied: user deactivated; id = 487783674
Error: error_code = 15; Access denied: user deactivated; id = 229324649
Error: error_code = 15; Access denied: user deactivated; id = 96629259
Error: error_code = 30; This profile is private; id = 466775935
Error: error_code = 15; Access denied: user deactivated; id = 229636583
Error: error_code = 30; This profile is private; id = 174395861
Error: error_code = 15; Access denied: user deactivated; id = 241741643
Error: error_code = 30; This profile is private; id = 139132049
Error: error_code = 30; This profile is private; id = 11401557
Error: error_code = 30; This profile is private; id = 253019105
Error: error_code = 30; This profile is private; id = 226545062
Error: error_code = 30; This profile is private; id = 349878484
Error: error_code = 30; This profile is private; id = 325141913
Error: error_code = 30; This profile is private; id = 552546823
Error: error_code = 30; This profile is private; id = 429591642
Error: error_code = 30; This profile is private; id = 217611963
Error: error_code = 15; Access denied: user deactivated; id = 197767180
Error: error_code = 30; This profile is private; id = 589375064
Error: error_code = 30; This profile is private; id = 666445456
Error: error_code = 15; Access denied: user deactivated; id = 297052077
Error: error_code = 15; Access denied: user deactivated; id = 424058296
Error: error_code = 30; This profile is private; id = 22712859
Error: error_code = 30; This profile is private; id = 131542395
Error: error_code = 15; Access denied: user deactivated; id = 226929826
Error: error_code = 30; This profile is private; id = 6104439
Error: error_code = 30; This profile is private; id = 228269248
Error: error_code = 30; This profile is private; id = 267513513
Error: error_code = 30; This profile is private; id = 331971583
Error: error_code = 15; Access denied: user deactivated; id = 241920469
Error: error_code = 30; This profile is private; id = 610339740
Error: error_code = 30; This profile is private; id = 229720336
Error: error_code = 30; This profile is private; id = 669784070
Error: error_code = 15; Access denied: user deactivated; id = 682514748
Error: error_code = 30; This profile is private; id = 330265554
Error: error_code = 30; This profile is private; id = 345010365
Error: error_code = 30; This profile is private; id = 96374272
Error: error_code = 30; This profile is private; id = 35313209
Error: error_code = 30; This profile is private; id = 516242622
Error: error_code = 15; Access denied: user deactivated; id = 514575146
Error: error_code = 15; Access denied: user deactivated; id = 511437840
Error: error_code = 30; This profile is private; id = 668270827
Error: error_code = 30; This profile is private; id = 497559175
Error: error_code = 15; Access denied: user deactivated; id = 419291590
Error: error_code = 30; This profile is private; id = 167220568
Error: error_code = 15; Access denied: user deactivated; id = 196035725
Error: error_code = 30; This profile is private; id = 344358922
Error: error_code = 30; This profile is private; id = 534240523
Error: error_code = 30; This profile is private; id = 14486559
Error: error_code = 30; This profile is private; id = 218152280
Error: error_code = 15; Access denied: user deactivated; id = 602474975
Error: error_code = 30; This profile is private; id = 39466211
Error: error_code = 30; This profile is private; id = 103919898
Error: error_code = 30; This profile is private; id = 4620370
Error: error_code = 15; Access denied: user deactivated; id = 341076107
Error: error_code = 15; Access denied: user deactivated; id = 534313699
Error: error_code = 30; This profile is private; id = 237152596
Error: error_code = 30; This profile is private; id = 59760272
Error: error_code = 15; Access denied: user deactivated; id = 73125347
Error: error_code = 15; Access denied: user deactivated; id = 417257713
Error: error_code = 15; Access denied: user deactivated; id = 440018297
Error: error_code = 30; This profile is private; id = 379562483
Error: error_code = 15; Access denied: user deactivated; id = 229160225
Error: error_code = 30; This profile is private; id = 650863180
Error: error_code = 30; This profile is private; id = 154088319
Error: error_code = 30; This profile is private; id = 120536850
Error: error_code = 30; This profile is private; id = 551246533
Error: error_code = 30; This profile is private; id = 233558412
Error: error_code = 30; This profile is private; id = 465561576
Error: error_code = 30; This profile is private; id = 471938985
Error: error_code = 30; This profile is private; id = 526411752
Error: error_code = 15; Access denied: user deactivated; id = 465993551
Error: error_code = 30; This profile is private; id = 464132152
Error: error_code = 15; Access denied: user deactivated; id = 332334977
Error: error_code = 15; Access denied: user deactivated; id = 479072616
Error: error_code = 30; This profile is private; id = 502086550
Error: error_code = 30; This profile is private; id = 95524604
Error: error_code = 30; This profile is private; id = 554155645
Error: error_code = 30; This profile is private; id = 111414298
Error: error_code = 30; This profile is private; id = 318819404
Error: error_code = 15; Access denied: user deactivated; id = 347403967
Error: error_code = 30; This profile is private; id = 23439547
Error: error_code = 30; This profile is private; id = 609716728
Error: error_code = 30; This profile is private; id = 640991642
Error: error_code = 15; Access denied: user deactivated; id = 702894793
Error: error_code = 30; This profile is private; id = 641307255
Error: error_code = 30; This profile is private; id = 210085658
Error: error_code = 15; Access denied: user deactivated; id = 33875399
Error: error_code = 30; This profile is private; id = 54944652
Error: error_code = 30; This profile is private; id = 136942897
Error: error_code = 30; This profile is private; id = 362946562
Error: error_code = 15; Access denied: user deactivated; id = 433672716
Error: error_code = 30; This profile is private; id = 115811093
Error: error_code = 30; This profile is private; id = 138589067
Error: error_code = 15; Access denied: user deactivated; id = 503494648
Error: error_code = 15; Access denied: user deactivated; id = 292410372
Error: error_code = 30; This profile is private; id = 540859297
Error: error_code = 30; This profile is private; id = 692298572
Error: error_code = 15; Access denied: user deactivated; id = 272500778
Error: error_code = 30; This profile is private; id = 70082007
Error: error_code = 15; Access denied: user deactivated; id = 527388727
Error: error_code = 15; Access denied: user deactivated; id = 159314879
Error: error_code = 30; This profile is private; id = 273058002
Error: error_code = 30; This profile is private; id = 568452566
Error: error_code = 30; This profile is private; id = 678110483
Error: error_code = 15; Access denied: user deactivated; id = 429349562
Error: error_code = 30; This profile is private; id = 418943428
Error: error_code = 15; Access denied: user deactivated; id = 524737475
Error: error_code = 15; Access denied: user deactivated; id = 425838842
Error: error_code = 15; Access denied: user deactivated; id = 554424626
Error: error_code = 30; This profile is private; id = 620525246
Error: error_code = 30; This profile is private; id = 121337803
Error: error_code = 30; This profile is private; id = 11866177
Error: error_code = 30; This profile is private; id = 27933498
Error: error_code = 30; This profile is private; id = 137149278
Error: error_code = 30; This profile is private; id = 475389161
Error: error_code = 30; This profile is private; id = 229755437
Error: error_code = 30; This profile is private; id = 576152165
Error: error_code = 15; Access denied: user deactivated; id = 429814424
Error: error_code = 15; Access denied: user deactivated; id = 619473104
Error: error_code = 30; This profile is private; id = 344911880
Error: error_code = 30; This profile is private; id = 357944684
Error: error_code = 15; Access denied: user deactivated; id = 279438356
Error: error_code = 30; This profile is private; id = 22863945
Error: error_code = 15; Access denied: user deactivated; id = 542215045
Error: error_code = 30; This profile is private; id = 574501525
Error: error_code = 30; This profile is private; id = 494758573
Error: error_code = 30; This profile is private; id = 30272078
Error: error_code = 30; This profile is private; id = 41822337
Error: error_code = 30; This profile is private; id = 470916587
Error: error_code = 15; Access denied: user deactivated; id = 373118894
Error: error_code = 30; This profile is private; id = 178391868
Error: error_code = 15; Access denied: user deactivated; id = 430839779
Error: error_code = 30; This profile is private; id = 191436793
Error: error_code = 30; This profile is private; id = 478713231
Error: error_code = 30; This profile is private; id = 133033515
Error: error_code = 15; Access denied: user deactivated; id = 655736626
Error: error_code = 30; This profile is private; id = 349228149
Error: error_code = 30; This profile is private; id = 705396522
Error: error_code = 15; Access denied: user deactivated; id = 373577590
Error: error_code = 15; Access denied: user deactivated; id = 219694397
Error: error_code = 30; This profile is private; id = 575149746
Error: error_code = 15; Access denied: user deactivated; id = 349884573
Error: error_code = 30; This profile is private; id = 87708718
Error: error_code = 30; This profile is private; id = 454198975
Error: error_code = 15; Access denied: user deactivated; id = 217198467
Error: error_code = 30; This profile is private; id = 679163742
Error: error_code = 30; This profile is private; id = 268923819
Error: error_code = 30; This profile is private; id = 612579710
Error: error_code = 30; This profile is private; id = 657757153
Error: error_code = 15; Access denied: user deactivated; id = 230161676
Error: error_code = 15; Access denied: user deactivated; id = 335322004
Error: error_code = 30; This profile is private; id = 194280896
Error: error_code = 15; Access denied: user deactivated; id = 411503262
Error: error_code = 30; This profile is private; id = 479499791
Error: error_code = 15; Access denied: user deactivated; id = 260933328
Error: error_code = 30; This profile is private; id = 351618880
Error: error_code = 15; Access denied: user deactivated; id = 302397033
Error: error_code = 30; This profile is private; id = 89372156
Error: error_code = 15; Access denied: user deactivated; id = 229143122
Error: error_code = 30; This profile is private; id = 153638081
Error: error_code = 15; Access denied: user deactivated; id = 198719377
Error: error_code = 30; This profile is private; id = 218960820
Error: error_code = 30; This profile is private; id = 1411444
Error: error_code = 30; This profile is private; id = 422028716
Error: error_code = 30; This profile is private; id = 97241559
Error: error_code = 30; This profile is private; id = 263176326
Error: error_code = 30; This profile is private; id = 404128037
Error: error_code = 30; This profile is private; id = 18137159
Error: error_code = 30; This profile is private; id = 285653360
Error: error_code = 15; Access denied: user deactivated; id = 471643693
Error: error_code = 30; This profile is private; id = 149184299
Error: error_code = 30; This profile is private; id = 132944648
Error: error_code = 30; This profile is private; id = 686960896
Error: error_code = 30; This profile is private; id = 68573398
Error: error_code = 15; Access denied: user deactivated; id = 622893432
Error: error_code = 30; This profile is private; id = 661607911
Error: error_code = 15; Access denied: user deactivated; id = 339579645
Error: error_code = 30; This profile is private; id = 156513029
Error: error_code = 30; This profile is private; id = 612306952
Error: error_code = 30; This profile is private; id = 455010671
Error: error_code = 15; Access denied: user deactivated; id = 202562163
Error: error_code = 15; Access denied: user deactivated; id = 522377835
Error: error_code = 15; Access denied: user deactivated; id = 162961118
Error: error_code = 30; This profile is private; id = 324925039
Error: error_code = 30; This profile is private; id = 9491150
Error: error_code = 30; This profile is private; id = 11279709
Error: error_code = 30; This profile is private; id = 7464865
Error: error_code = 30; This profile is private; id = 71748646
Error: error_code = 30; This profile is private; id = 9863460
Error: error_code = 15; Access denied: user deactivated; id = 404278630
Error: error_code = 30; This profile is private; id = 312718515
Error: error_code = 30; This profile is private; id = 711916187
Error: error_code = 30; This profile is private; id = 306687609
Error: error_code = 30; This profile is private; id = 159052566
Error: error_code = 30; This profile is private; id = 581800299
Error: error_code = 30; This profile is private; id = 210728096
Error: error_code = 15; Access denied: user deactivated; id = 516297949
Error: error_code = 30; This profile is private; id = 668703931
Error: error_code = 15; Access denied: user deactivated; id = 123361716
Error: error_code = 15; Access denied: user deactivated; id = 252887009
Error: error_code = 30; This profile is private; id = 70699276
Error: error_code = 30; This profile is private; id = 23029237
Error: error_code = 15; Access denied: user deactivated; id = 416698575
Error: error_code = 15; Access denied: user deactivated; id = 366128840
Error: error_code = 15; Access denied: user deactivated; id = 715137427
Error: error_code = 15; Access denied: user deactivated; id = 189956503
Error: error_code = 15; Access denied: user deactivated; id = 448881899
Error: error_code = 30; This profile is private; id = 151301057
Error: error_code = 30; This profile is private; id = 206701570
Error: error_code = 15; Access denied: user deactivated; id = 201284016
Error: error_code = 30; This profile is private; id = 546332301
Error: error_code = 30; This profile is private; id = 620846857
Error: error_code = 15; Access denied: user deactivated; id = 243674553
Error: error_code = 30; This profile is private; id = 156462178
Error: error_code = 30; This profile is private; id = 309002227
Error: error_code = 30; This profile is private; id = 199280401
Error: error_code = 15; Access denied: user deactivated; id = 221765437
Error: error_code = 15; Access denied: user deactivated; id = 436320250
Error: error_code = 30; This profile is private; id = 118799938
Error: error_code = 30; This profile is private; id = 51130488
Error: error_code = 30; This profile is private; id = 470308490
Error: error_code = 15; Access denied: user deactivated; id = 348122189
Error: error_code = 15; Access denied: user deactivated; id = 203703606
Error: error_code = 30; This profile is private; id = 173263411
Error: error_code = 15; Access denied: user deactivated; id = 476109656
Error: error_code = 15; Access denied: user deactivated; id = 83134105
Error: error_code = 30; This profile is private; id = 66610842
Error: error_code = 30; This profile is private; id = 2111149
Error: error_code = 30; This profile is private; id = 195023706
Error: error_code = 30; This profile is private; id = 500896332
Error: error_code = 30; This profile is private; id = 681632346
Error: error_code = 30; This profile is private; id = 700409338
Error: error_code = 30; This profile is private; id = 142449892
Error: error_code = 30; This profile is private; id = 651723982
Error: error_code = 30; This profile is private; id = 319974302
Error: error_code = 15; Access denied: user deactivated; id = 82279900
Error: error_code = 30; This profile is private; id = 77195463
Error: error_code = 30; This profile is private; id = 419574766
Error: error_code = 30; This profile is private; id = 302993967
Error: error_code = 30; This profile is private; id = 142958234
Error: error_code = 15; Access denied: user deactivated; id = 304736208
Error: error_code = 15; Access denied: user deactivated; id = 247358143
Error: error_code = 15; Access denied: user deactivated; id = 392103762
Error: error_code = 30; This profile is private; id = 675861172
Error: error_code = 30; This profile is private; id = 66953584
Error: error_code = 15; Access denied: user deactivated; id = 188060448
Error: error_code = 30; This profile is private; id = 379562769
Error: error_code = 30; This profile is private; id = 508221547
Error: error_code = 15; Access denied: user deactivated; id = 70073608
Error: error_code = 30; This profile is private; id = 668408614
Error: error_code = 15; Access denied: user deactivated; id = 456757435
Error: error_code = 30; This profile is private; id = 274972092
Error: error_code = 30; This profile is private; id = 272776889
Error: error_code = 30; This profile is private; id = 377423370
Error: error_code = 30; This profile is private; id = 125153636
Error: error_code = 30; This profile is private; id = 136474799
Error: error_code = 30; This profile is private; id = 655857022
Error: error_code = 30; This profile is private; id = 635207623
Error: error_code = 15; Access denied: user deactivated; id = 550474656
Error: error_code = 30; This profile is private; id = 482451654
Error: error_code = 30; This profile is private; id = 54962895
Error: error_code = 30; This profile is private; id = 89344903
Error: error_code = 30; This profile is private; id = 470516195
Error: error_code = 15; Access denied: user deactivated; id = 75607115
Error: error_code = 30; This profile is private; id = 543101606
Error: error_code = 30; This profile is private; id = 522120777
Error: error_code = 30; This profile is private; id = 531490605
Error: error_code = 30; This profile is private; id = 692352635
Error: error_code = 15; Access denied: user deactivated; id = 633873488
Error: error_code = 30; This profile is private; id = 3503234
Error: error_code = 30; This profile is private; id = 52908687
Error: error_code = 30; This profile is private; id = 9588527
Error: error_code = 15; Access denied: user deactivated; id = 697674782
Error: error_code = 30; This profile is private; id = 588557649
Error: error_code = 30; This profile is private; id = 469624662
Error: error_code = 30; This profile is private; id = 396752304
Error: error_code = 30; This profile is private; id = 557751094
Error: error_code = 30; This profile is private; id = 161327668
Error: error_code = 15; Access denied: user deactivated; id = 221635478
Error: error_code = 30; This profile is private; id = 559835147
Error: error_code = 30; This profile is private; id = 343481410
Error: error_code = 30; This profile is private; id = 116555280
Error: error_code = 15; Access denied: user deactivated; id = 153175918
Error: error_code = 15; Access denied: user deactivated; id = 206583828
Error: error_code = 30; This profile is private; id = 432303919
Error: error_code = 30; This profile is private; id = 688202008
Error: error_code = 30; This profile is private; id = 366369259
Error: error_code = 30; This profile is private; id = 680631467
Error: error_code = 30; This profile is private; id = 244468818
Error: error_code = 30; This profile is private; id = 612524957
Error: error_code = 15; Access denied: user deactivated; id = 349988157
Error: error_code = 30; This profile is private; id = 221480546
Error: error_code = 15; Access denied: user deactivated; id = 490440686
Error: error_code = 30; This profile is private; id = 535525337
Error: error_code = 15; Access denied: user deactivated; id = 207687818
Error: error_code = 30; This profile is private; id = 569463852
Error: error_code = 30; This profile is private; id = 21378009
Error: error_code = 30; This profile is private; id = 714839388
Error: error_code = 30; This profile is private; id = 20610838
Error: error_code = 15; Access denied: user deactivated; id = 334940030
Error: error_code = 30; This profile is private; id = 483244218
Error: error_code = 30; This profile is private; id = 572302085
Error: error_code = 30; This profile is private; id = 76633032
Error: error_code = 30; This profile is private; id = 515993052
Error: error_code = 30; This profile is private; id = 124341153
Error: error_code = 30; This profile is private; id = 404393795
Error: error_code = 15; Access denied: user deactivated; id = 205461418
Error: error_code = 15; Access denied: user deactivated; id = 151682296
Error: error_code = 30; This profile is private; id = 413719349
Error: error_code = 30; This profile is private; id = 555671455
Error: error_code = 15; Access denied: user deactivated; id = 373523550
Error: error_code = 15; Access denied: user deactivated; id = 714457371
Error: error_code = 30; This profile is private; id = 184115245
Error: error_code = 30; This profile is private; id = 282035652
Error: error_code = 30; This profile is private; id = 141622368
Error: error_code = 30; This profile is private; id = 307827718
Error: error_code = 30; This profile is private; id = 28078176
Error: error_code = 30; This profile is private; id = 504746509
Error: error_code = 30; This profile is private; id = 183731446
Error: error_code = 30; This profile is private; id = 516967285
Error: error_code = 15; Access denied: user deactivated; id = 243585943
Error: error_code = 15; Access denied: user deactivated; id = 157768471
Error: error_code = 30; This profile is private; id = 153953596
Error: error_code = 15; Access denied: user deactivated; id = 108014074
Error: error_code = 30; This profile is private; id = 142663430
Error: error_code = 30; This profile is private; id = 560438188
Error: error_code = 15; Access denied: user deactivated; id = 480322935
Error: error_code = 30; This profile is private; id = 330575683
Error: error_code = 30; This profile is private; id = 7121715
Error: error_code = 15; Access denied: user deactivated; id = 157890474
Error: error_code = 30; This profile is private; id = 132790529
Error: error_code = 30; This profile is private; id = 29785639
Error: error_code = 30; This profile is private; id = 702197944
Error: error_code = 15; Access denied: user deactivated; id = 39543590
Error: error_code = 15; Access denied: user deactivated; id = 219073790
Error: error_code = 15; Access denied: user deactivated; id = 164578196
Error: error_code = 30; This profile is private; id = 150381839
Error: error_code = 15; Access denied: user deactivated; id = 432121290
Error: error_code = 30; This profile is private; id = 30751365
Error: error_code = 15; Access denied: user deactivated; id = 399872539
Error: error_code = 30; This profile is private; id = 46743586
Error: error_code = 30; This profile is private; id = 640424985
Error: error_code = 30; This profile is private; id = 478432060
Error: error_code = 30; This profile is private; id = 224626625
Error: error_code = 15; Access denied: user deactivated; id = 425664711
Error: error_code = 15; Access denied: user deactivated; id = 225974408
Error: error_code = 30; This profile is private; id = 250947161
Error: error_code = 15; Access denied: user deactivated; id = 568845449
Error: error_code = 30; This profile is private; id = 134706415
Error: error_code = 30; This profile is private; id = 213919594
Error: error_code = 15; Access denied: user deactivated; id = 205417433
Error: error_code = 15; Access denied: user deactivated; id = 209666536
Error: error_code = 30; This profile is private; id = 35300948
Error: error_code = 30; This profile is private; id = 272287373
Error: error_code = 30; This profile is private; id = 249663459
Error: error_code = 30; This profile is private; id = 627301988
Error: error_code = 30; This profile is private; id = 666813088
Error: error_code = 30; This profile is private; id = 239487315
Error: error_code = 15; Access denied: user deactivated; id = 185735512
Error: error_code = 30; This profile is private; id = 642021783
Error: error_code = 30; This profile is private; id = 145874690
Error: error_code = 30; This profile is private; id = 7112533
Error: error_code = 30; This profile is private; id = 139932794
Error: error_code = 30; This profile is private; id = 1447127
Error: error_code = 30; This profile is private; id = 173793339
Error: error_code = 30; This profile is private; id = 497402716
Error: error_code = 30; This profile is private; id = 437912032
Error: error_code = 30; This profile is private; id = 449545109
Error: error_code = 15; Access denied: user deactivated; id = 707902796
Error: error_code = 15; Access denied: user deactivated; id = 432311630
Error: error_code = 30; This profile is private; id = 83952135
Error: error_code = 15; Access denied: user deactivated; id = 175050577
Error: error_code = 30; This profile is private; id = 650192106
Error: error_code = 15; Access denied: user deactivated; id = 223069089
Error: error_code = 30; This profile is private; id = 582793390
Error: error_code = 30; This profile is private; id = 583777
Error: error_code = 30; This profile is private; id = 43113559
Error: error_code = 30; This profile is private; id = 713543926
Error: error_code = 30; This profile is private; id = 679040003
Error: error_code = 30; This profile is private; id = 352395059
Error: error_code = 15; Access denied: user deactivated; id = 258133358
Error: error_code = 30; This profile is private; id = 610191085
Error: error_code = 30; This profile is private; id = 56277826
Error: error_code = 30; This profile is private; id = 672744376
Error: error_code = 30; This profile is private; id = 76645261
Error: error_code = 30; This profile is private; id = 22219405
Error: error_code = 30; This profile is private; id = 711559300
Error: error_code = 30; This profile is private; id = 138451478
Error: error_code = 15; Access denied: user deactivated; id = 440798571
Error: error_code = 30; This profile is private; id = 605274728
Error: error_code = 30; This profile is private; id = 306852858
Error: error_code = 30; This profile is private; id = 642595474
Error: error_code = 30; This profile is private; id = 625621389
Error: error_code = 30; This profile is private; id = 628639024
Error: error_code = 15; Access denied: user deactivated; id = 318299637
Error: error_code = 15; Access denied: user deactivated; id = 401848683
Error: error_code = 15; Access denied: user deactivated; id = 521095138
Error: error_code = 30; This profile is private; id = 402188895
Error: error_code = 30; This profile is private; id = 190170798
Error: error_code = 30; This profile is private; id = 251128424
Error: error_code = 30; This profile is private; id = 187070667
Error: error_code = 15; Access denied: user deactivated; id = 488444218
Error: error_code = 30; This profile is private; id = 714342377
Error: error_code = 15; Access denied: user deactivated; id = 142000884
Error: error_code = 30; This profile is private; id = 215010735
Error: error_code = 30; This profile is private; id = 494688087
Error: error_code = 30; This profile is private; id = 10199766
Error: error_code = 30; This profile is private; id = 356176484
Error: error_code = 30; This profile is private; id = 492764005
Error: error_code = 30; This profile is private; id = 439018678
Error: error_code = 30; This profile is private; id = 694575585
Error: error_code = 30; This profile is private; id = 223975671
Error: error_code = 30; This profile is private; id = 290277780
Error: error_code = 30; This profile is private; id = 3106740
Error: error_code = 30; This profile is private; id = 198829338
Error: error_code = 15; Access denied: user deactivated; id = 10954991
Error: error_code = 15; Access denied: user deactivated; id = 252172018
Error: error_code = 30; This profile is private; id = 16191947
Error: error_code = 30; This profile is private; id = 172638902
Error: error_code = 15; Access denied: user deactivated; id = 268705837
Error: error_code = 15; Access denied: user deactivated; id = 498192268
Error: error_code = 30; This profile is private; id = 144224362
Error: error_code = 30; This profile is private; id = 4510231
Error: error_code = 30; This profile is private; id = 436259786
Error: error_code = 15; Access denied: user deactivated; id = 280797459
Error: error_code = 30; This profile is private; id = 134612497
Error: error_code = 15; Access denied: user deactivated; id = 561424555
Error: error_code = 15; Access denied: user deactivated; id = 205893402
Error: error_code = 30; This profile is private; id = 17237893
Error: error_code = 15; Access denied: user deactivated; id = 494539954
Error: error_code = 30; This profile is private; id = 107989247
Error: error_code = 30; This profile is private; id = 486129442
Error: error_code = 30; This profile is private; id = 426277689
Error: error_code = 30; This profile is private; id = 474245709
Error: error_code = 30; This profile is private; id = 22809633
Error: error_code = 15; Access denied: user deactivated; id = 431026479
Error: error_code = 30; This profile is private; id = 697263423
Error: error_code = 15; Access denied: user deactivated; id = 544746841
Error: error_code = 30; This profile is private; id = 16545911
Error: error_code = 30; This profile is private; id = 478232463
Error: error_code = 30; This profile is private; id = 475504355
Error: error_code = 30; This profile is private; id = 635675526
Error: error_code = 30; This profile is private; id = 75007192
Error: error_code = 30; This profile is private; id = 66039417
Error: error_code = 30; This profile is private; id = 57664238
Error: error_code = 30; This profile is private; id = 383115119
Error: error_code = 15; Access denied: user deactivated; id = 281126709
Error: error_code = 30; This profile is private; id = 631480748
Error: error_code = 30; This profile is private; id = 117557625
Error: error_code = 30; This profile is private; id = 2208968
Error: error_code = 15; Access denied: user deactivated; id = 684443243
Error: error_code = 30; This profile is private; id = 449222718
Error: error_code = 15; Access denied: user deactivated; id = 168411159
Error: error_code = 30; This profile is private; id = 458728599
Error: error_code = 30; This profile is private; id = 107008284
Error: error_code = 30; This profile is private; id = 567057824
Error: error_code = 30; This profile is private; id = 134055482
Error: error_code = 30; This profile is private; id = 266224529
Error: error_code = 30; This profile is private; id = 176247142
Error: error_code = 30; This profile is private; id = 220780762
Error: error_code = 30; This profile is private; id = 628063820
Error: error_code = 30; This profile is private; id = 659532071
Error: error_code = 30; This profile is private; id = 532358321
Error: error_code = 15; Access denied: user deactivated; id = 665420856
Error: error_code = 30; This profile is private; id = 689670570
Error: error_code = 15; Access denied: user deactivated; id = 304267073
Error: error_code = 30; This profile is private; id = 324417799
Error: error_code = 15; Access denied: user deactivated; id = 715215485
Error: error_code = 30; This profile is private; id = 224966388
Error: error_code = 30; This profile is private; id = 456001584
Error: error_code = 15; Access denied: user deactivated; id = 321813485
Error: error_code = 30; This profile is private; id = 20575792
Error: error_code = 15; Access denied: user deactivated; id = 594557131
Error: error_code = 15; Access denied: user deactivated; id = 63292561
Error: error_code = 30; This profile is private; id = 9333996
Error: error_code = 30; This profile is private; id = 596844385
Error: error_code = 30; This profile is private; id = 98626117
Error: error_code = 30; This profile is private; id = 297151183
Error: error_code = 15; Access denied: user deactivated; id = 432320644
Error: error_code = 15; Access denied: user deactivated; id = 434570967
Error: error_code = 30; This profile is private; id = 340980503
Error: error_code = 15; Access denied: user deactivated; id = 147269612
Error: error_code = 30; This profile is private; id = 424654164
Error: error_code = 15; Access denied: user deactivated; id = 614755764
Error: error_code = 15; Access denied: user deactivated; id = 396578639
Error: error_code = 15; Access denied: user deactivated; id = 194370069
Error: error_code = 30; This profile is private; id = 299884622
Error: error_code = 15; Access denied: user deactivated; id = 488913985
Error: error_code = 15; Access denied: user deactivated; id = 454899777
Error: error_code = 30; This profile is private; id = 258863364
Error: error_code = 30; This profile is private; id = 353282842
Error: error_code = 30; This profile is private; id = 138365583
Error: error_code = 30; This profile is private; id = 185445602
Error: error_code = 15; Access denied: user deactivated; id = 371370439
Error: error_code = 30; This profile is private; id = 332238493
Error: error_code = 15; Access denied: user deactivated; id = 215552730
Error: error_code = 30; This profile is private; id = 186214678
Error: error_code = 15; Access denied: user deactivated; id = 398752630
Error: error_code = 30; This profile is private; id = 334388585
Error: error_code = 30; This profile is private; id = 586770362
Error: error_code = 30; This profile is private; id = 255839868
Error: error_code = 30; This profile is private; id = 213498862
Error: error_code = 30; This profile is private; id = 169311989
Error: error_code = 30; This profile is private; id = 162395020
Error: error_code = 15; Access denied: user deactivated; id = 318193651
Error: error_code = 15; Access denied: user deactivated; id = 502739038
Error: error_code = 15; Access denied: user deactivated; id = 326109456
Error: error_code = 30; This profile is private; id = 345323522
Error: error_code = 30; This profile is private; id = 499374933
Error: error_code = 30; This profile is private; id = 115007598
Error: error_code = 30; This profile is private; id = 252054363
Error: error_code = 30; This profile is private; id = 33094178
Error: error_code = 30; This profile is private; id = 562744382
Error: error_code = 30; This profile is private; id = 234481545
Error: error_code = 30; This profile is private; id = 237127599
Error: error_code = 30; This profile is private; id = 594853895
Error: error_code = 30; This profile is private; id = 451728154
Error: error_code = 30; This profile is private; id = 51891893
Error: error_code = 30; This profile is private; id = 296113528
Error: error_code = 30; This profile is private; id = 306051684
Error: error_code = 30; This profile is private; id = 582503099
Error: error_code = 30; This profile is private; id = 648685274
Error: error_code = 30; This profile is private; id = 202672472
Error: error_code = 30; This profile is private; id = 475113294
Error: error_code = 15; Access denied: user deactivated; id = 420688563
Error: error_code = 15; Access denied: user deactivated; id = 348675801
Error: error_code = 30; This profile is private; id = 675257249
Error: error_code = 30; This profile is private; id = 14098182
Error: error_code = 15; Access denied: user deactivated; id = 477284680
Error: error_code = 15; Access denied: user deactivated; id = 364398267
Error: error_code = 30; This profile is private; id = 38436206
Error: error_code = 15; Access denied: user deactivated; id = 603011052
Error: error_code = 15; Access denied: user deactivated; id = 221653120
Error: error_code = 30; This profile is private; id = 169406723
Error: error_code = 30; This profile is private; id = 152681392
Error: error_code = 30; This profile is private; id = 443826195
Error: error_code = 30; This profile is private; id = 700795772
Error: error_code = 30; This profile is private; id = 395906954
Error: error_code = 30; This profile is private; id = 303309689
Error: error_code = 15; Access denied: user deactivated; id = 28954712
Error: error_code = 30; This profile is private; id = 373469219
Error: error_code = 30; This profile is private; id = 390245414
Error: error_code = 30; This profile is private; id = 248712895
Error: error_code = 30; This profile is private; id = 492607328
Error: error_code = 30; This profile is private; id = 14798765
Error: error_code = 30; This profile is private; id = 362611468
Error: error_code = 15; Access denied: user deactivated; id = 206602227
Error: error_code = 30; This profile is private; id = 660634799
Error: error_code = 30; This profile is private; id = 138814142
Error: error_code = 15; Access denied: user deactivated; id = 226983515
Error: error_code = 30; This profile is private; id = 314296456
Error: error_code = 15; Access denied: user deactivated; id = 342514319
Error: error_code = 30; This profile is private; id = 15047267
Error: error_code = 30; This profile is private; id = 449179075
Error: error_code = 30; This profile is private; id = 134133848
Error: error_code = 30; This profile is private; id = 578154584
Error: error_code = 30; This profile is private; id = 21007461
Error: error_code = 30; This profile is private; id = 195663389
Error: error_code = 15; Access denied: user deactivated; id = 474574682
Error: error_code = 15; Access denied: user deactivated; id = 350776112
Error: error_code = 15; Access denied: user deactivated; id = 34183531
Error: error_code = 30; This profile is private; id = 32803527
Error: error_code = 15; Access denied: user deactivated; id = 545489972
Error: error_code = 30; This profile is private; id = 439113331
Error: error_code = 15; Access denied: user deactivated; id = 403888841
Error: error_code = 30; This profile is private; id = 493168021
Error: error_code = 15; Access denied: user deactivated; id = 188098749
Error: error_code = 15; Access denied: user deactivated; id = 57325019
Error: error_code = 15; Access denied: user deactivated; id = 547368888
Error: error_code = 15; Access denied: user deactivated; id = 536846632
Error: error_code = 15; Access denied: user deactivated; id = 265995862
Error: error_code = 15; Access denied: user deactivated; id = 397416020
Error: error_code = 15; Access denied: user deactivated; id = 296347133
Error: error_code = 30; This profile is private; id = 253810381
Error: error_code = 30; This profile is private; id = 138984558
Error: error_code = 30; This profile is private; id = 156892307
Error: error_code = 15; Access denied: user deactivated; id = 248087028
Error: error_code = 30; This profile is private; id = 94813830
Error: error_code = 30; This profile is private; id = 46891108
Error: error_code = 15; Access denied: user deactivated; id = 547377738
Error: error_code = 30; This profile is private; id = 466868269
Error: error_code = 15; Access denied: user deactivated; id = 396367543
Error: error_code = 30; This profile is private; id = 551125368
Error: error_code = 30; This profile is private; id = 6757775
Error: error_code = 30; This profile is private; id = 538759398
Error: error_code = 30; This profile is private; id = 23802205
Error: error_code = 30; This profile is private; id = 643056790
Error: error_code = 30; This profile is private; id = 349983511
Error: error_code = 15; Access denied: user deactivated; id = 536391053
Error: error_code = 30; This profile is private; id = 6014884
Error: error_code = 30; This profile is private; id = 243468664
Error: error_code = 30; This profile is private; id = 413967733
Error: error_code = 15; Access denied: user deactivated; id = 400078426
Error: error_code = 15; Access denied: user deactivated; id = 541518792
Error: error_code = 15; Access denied: user deactivated; id = 238428802
Error: error_code = 30; This profile is private; id = 194383666
Error: error_code = 15; Access denied: user deactivated; id = 223568578
Error: error_code = 30; This profile is private; id = 17395578
Error: error_code = 30; This profile is private; id = 65792742
Error: error_code = 30; This profile is private; id = 107029194
Error: error_code = 30; This profile is private; id = 137995201
Error: error_code = 30; This profile is private; id = 157483738
Error: error_code = 30; This profile is private; id = 1328630
Error: error_code = 15; Access denied: user deactivated; id = 510721063
Error: error_code = 30; This profile is private; id = 630282352
Error: error_code = 30; This profile is private; id = 547617826
Error: error_code = 30; This profile is private; id = 281019085
Error: error_code = 30; This profile is private; id = 32256927
Error: error_code = 30; This profile is private; id = 457059050
Error: error_code = 30; This profile is private; id = 92617788
Error: error_code = 15; Access denied: user deactivated; id = 319412254
Error: error_code = 15; Access denied: user deactivated; id = 516470550
Error: error_code = 30; This profile is private; id = 116998182
Error: error_code = 30; This profile is private; id = 588223789
Error: error_code = 15; Access denied: user deactivated; id = 408065025
Error: error_code = 15; Access denied: user deactivated; id = 447336906
Error: error_code = 15; Access denied: user deactivated; id = 477398849
Error: error_code = 15; Access denied: user deactivated; id = 215361723
Error: error_code = 30; This profile is private; id = 60819283
Error: error_code = 15; Access denied: user deactivated; id = 58836414
Error: error_code = 15; Access denied: user deactivated; id = 690107029
Error: error_code = 30; This profile is private; id = 454397452
Error: error_code = 15; Access denied: user deactivated; id = 526556393
Error: error_code = 30; This profile is private; id = 542904255
Error: error_code = 30; This profile is private; id = 203514576
Error: error_code = 15; Access denied: user deactivated; id = 252863103
Error: error_code = 30; This profile is private; id = 218467876
Error: error_code = 30; This profile is private; id = 261416837
Error: error_code = 30; This profile is private; id = 176447198
Error: error_code = 30; This profile is private; id = 2185120
Error: error_code = 30; This profile is private; id = 672421570
Error: error_code = 15; Access denied: user deactivated; id = 469511941
Error: error_code = 15; Access denied: user deactivated; id = 553664099
Error: error_code = 15; Access denied: user deactivated; id = 275595586
Error: error_code = 15; Access denied: user deactivated; id = 462271245
Error: error_code = 15; Access denied: user deactivated; id = 156580149
Error: error_code = 30; This profile is private; id = 36509459
Error: error_code = 15; Access denied: user deactivated; id = 184663833
Error: error_code = 30; This profile is private; id = 671366155
Error: error_code = 30; This profile is private; id = 85862824
Error: error_code = 30; This profile is private; id = 51529792
Error: error_code = 30; This profile is private; id = 327671496
Error: error_code = 30; This profile is private; id = 712012017
Error: error_code = 30; This profile is private; id = 548602368
Error: error_code = 15; Access denied: user deactivated; id = 528288195
Error: error_code = 30; This profile is private; id = 93691336
Error: error_code = 30; This profile is private; id = 313377968
Error: error_code = 15; Access denied: user deactivated; id = 4829411
Error: error_code = 30; This profile is private; id = 190963731
Error: error_code = 30; This profile is private; id = 189698913
Error: error_code = 30; This profile is private; id = 708092424
Error: error_code = 30; This profile is private; id = 80686283
Error: error_code = 30; This profile is private; id = 410482889
Error: error_code = 30; This profile is private; id = 440623673
Error: error_code = 30; This profile is private; id = 400486604
Error: error_code = 15; Access denied: user deactivated; id = 169579937
Error: error_code = 30; This profile is private; id = 220059322
Error: error_code = 30; This profile is private; id = 471625767
Error: error_code = 15; Access denied: user deactivated; id = 186386085
Error: error_code = 30; This profile is private; id = 269024682
Error: error_code = 30; This profile is private; id = 141418968
Error: error_code = 15; Access denied: user deactivated; id = 345009562
Error: error_code = 30; This profile is private; id = 58125658
Error: error_code = 30; This profile is private; id = 704217478
Error: error_code = 30; This profile is private; id = 246665747
Error: error_code = 15; Access denied: user deactivated; id = 715171601
Error: error_code = 30; This profile is private; id = 525217109
Error: error_code = 30; This profile is private; id = 119932340
Error: error_code = 30; This profile is private; id = 423540769
Error: error_code = 30; This profile is private; id = 423374725
Error: error_code = 30; This profile is private; id = 511783716
Error: error_code = 30; This profile is private; id = 365866947
Error: error_code = 30; This profile is private; id = 669175534
Error: error_code = 15; Access denied: user deactivated; id = 136578313
Error: error_code = 15; Access denied: user deactivated; id = 30876594
Error: error_code = 15; Access denied: user deactivated; id = 264821463
Error: error_code = 30; This profile is private; id = 681854764
Error: error_code = 30; This profile is private; id = 232826107
Error: error_code = 30; This profile is private; id = 12557625
Error: error_code = 30; This profile is private; id = 458514163
Error: error_code = 15; Access denied: user deactivated; id = 500288073
Error: error_code = 30; This profile is private; id = 575173446
Error: error_code = 30; This profile is private; id = 548664809
Error: error_code = 15; Access denied: user deactivated; id = 538256964
Error: error_code = 15; Access denied: user deactivated; id = 429678449
Error: error_code = 30; This profile is private; id = 59442582
Error: error_code = 30; This profile is private; id = 546850354
Error: error_code = 15; Access denied: user deactivated; id = 143237917
Error: error_code = 15; Access denied: user deactivated; id = 144763082
Error: error_code = 15; Access denied: user deactivated; id = 675071157
Error: error_code = 15; Access denied: user deactivated; id = 360024247
Error: error_code = 15; Access denied: user deactivated; id = 197447998
Error: error_code = 30; This profile is private; id = 139915102
Error: error_code = 30; This profile is private; id = 6353261
Error: error_code = 30; This profile is private; id = 198342706
Error: error_code = 30; This profile is private; id = 127050761
Error: error_code = 30; This profile is private; id = 353914543
Error: error_code = 30; This profile is private; id = 437595222
Error: error_code = 30; This profile is private; id = 151942930
Error: error_code = 15; Access denied: user deactivated; id = 281916547
Error: error_code = 30; This profile is private; id = 29021536
Error: error_code = 30; This profile is private; id = 308479151
Error: error_code = 15; Access denied: user deactivated; id = 230135190
Error: error_code = 15; Access denied: user deactivated; id = 212185608
Error: error_code = 15; Access denied: user deactivated; id = 259684356
Error: error_code = 15; Access denied: user deactivated; id = 180064179
Error: error_code = 30; This profile is private; id = 133190489
Error: error_code = 30; This profile is private; id = 186614366
Error: error_code = 30; This profile is private; id = 269331282
Error: error_code = 30; This profile is private; id = 252922283
Error: error_code = 15; Access denied: user deactivated; id = 163792879
Error: error_code = 30; This profile is private; id = 708999039
Error: error_code = 30; This profile is private; id = 31626603
Error: error_code = 15; Access denied: user deactivated; id = 193811603
Error: error_code = 30; This profile is private; id = 71054903
Error: error_code = 15; Access denied: user deactivated; id = 25429366
Error: error_code = 30; This profile is private; id = 590969113
Error: error_code = 15; Access denied: user deactivated; id = 542796829
Error: error_code = 15; Access denied: user deactivated; id = 49315220
Error: error_code = 30; This profile is private; id = 237064913
Error: error_code = 30; This profile is private; id = 214811790
Error: error_code = 15; Access denied: user deactivated; id = 394031013
Error: error_code = 15; Access denied: user deactivated; id = 325787937
Error: error_code = 30; This profile is private; id = 42001835
Error: error_code = 30; This profile is private; id = 582003491
Error: error_code = 30; This profile is private; id = 229518797
Error: error_code = 30; This profile is private; id = 673029892
Error: error_code = 30; This profile is private; id = 105420158
Error: error_code = 15; Access denied: user deactivated; id = 409178553
Error: error_code = 30; This profile is private; id = 248469459
Error: error_code = 30; This profile is private; id = 489766473
Error: error_code = 30; This profile is private; id = 21741450
Error: error_code = 30; This profile is private; id = 644681858
Error: error_code = 30; This profile is private; id = 175380657
Error: error_code = 30; This profile is private; id = 63780496
Error: error_code = 30; This profile is private; id = 255545633
Error: error_code = 30; This profile is private; id = 575319319
Error: error_code = 15; Access denied: user deactivated; id = 547517639
Error: error_code = 15; Access denied: user deactivated; id = 134088292
Error: error_code = 30; This profile is private; id = 242137321
Error: error_code = 30; This profile is private; id = 220920496
Error: error_code = 30; This profile is private; id = 410224725
Error: error_code = 30; This profile is private; id = 13348395
Error: error_code = 30; This profile is private; id = 663479120
Error: error_code = 30; This profile is private; id = 693831301
Error: error_code = 30; This profile is private; id = 22681023
Error: error_code = 30; This profile is private; id = 84981849
Error: error_code = 30; This profile is private; id = 457885121
Error: error_code = 15; Access denied: user deactivated; id = 281697788
Error: error_code = 15; Access denied: user deactivated; id = 229275845
Error: error_code = 30; This profile is private; id = 279119449
Error: error_code = 30; This profile is private; id = 280927912
Error: error_code = 30; This profile is private; id = 17044191
Error: error_code = 30; This profile is private; id = 498890240
Error: error_code = 15; Access denied: user deactivated; id = 221453573
Error: error_code = 30; This profile is private; id = 79404365
Error: error_code = 30; This profile is private; id = 521895338
Error: error_code = 30; This profile is private; id = 76529078
Error: error_code = 30; This profile is private; id = 599588716
Error: error_code = 15; Access denied: user deactivated; id = 714687579
Error: error_code = 30; This profile is private; id = 245679507
Error: error_code = 30; This profile is private; id = 402276394
Error: error_code = 30; This profile is private; id = 184205554
Error: error_code = 30; This profile is private; id = 125419668
Error: error_code = 15; Access denied: user deactivated; id = 475235387
Error: error_code = 30; This profile is private; id = 32860291
Error: error_code = 15; Access denied: user deactivated; id = 597541852
Error: error_code = 15; Access denied: user deactivated; id = 532888134
Error: error_code = 15; Access denied: user deactivated; id = 702622767
Error: error_code = 15; Access denied: user deactivated; id = 170108526
Error: error_code = 15; Access denied: user deactivated; id = 357953348
Error: error_code = 30; This profile is private; id = 128225243
Error: error_code = 15; Access denied: user deactivated; id = 593105289
Error: error_code = 30; This profile is private; id = 500405945
Error: error_code = 30; This profile is private; id = 705851537
Error: error_code = 30; This profile is private; id = 5677656
Error: error_code = 30; This profile is private; id = 539654130
Error: error_code = 30; This profile is private; id = 263218409
Error: error_code = 30; This profile is private; id = 514673633
Error: error_code = 30; This profile is private; id = 421817197
Error: error_code = 30; This profile is private; id = 562301852
Error: error_code = 15; Access denied: user deactivated; id = 200115661
Error: error_code = 30; This profile is private; id = 447450729
Error: error_code = 30; This profile is private; id = 489227789
Error: error_code = 30; This profile is private; id = 557894990
Error: error_code = 30; This profile is private; id = 145809475
Error: error_code = 30; This profile is private; id = 596814082
Error: error_code = 30; This profile is private; id = 244391054
Error: error_code = 30; This profile is private; id = 333831608
Error: error_code = 30; This profile is private; id = 601488612
Error: error_code = 30; This profile is private; id = 132051564
Error: error_code = 30; This profile is private; id = 305866293
Error: error_code = 30; This profile is private; id = 13603715
Error: error_code = 30; This profile is private; id = 138970690
Error: error_code = 30; This profile is private; id = 508300982
Error: error_code = 30; This profile is private; id = 700516272
Error: error_code = 30; This profile is private; id = 576555865
Error: error_code = 15; Access denied: user deactivated; id = 287688260
Error: error_code = 30; This profile is private; id = 550098525
Error: error_code = 30; This profile is private; id = 357903005
Error: error_code = 30; This profile is private; id = 354706567
Error: error_code = 15; Access denied: user deactivated; id = 359527673
Error: error_code = 30; This profile is private; id = 49137422
Error: error_code = 30; This profile is private; id = 77005795
Error: error_code = 15; Access denied: user deactivated; id = 134794673
Error: error_code = 15; Access denied: user deactivated; id = 96288205
Error: error_code = 15; Access denied: user deactivated; id = 369403498
Error: error_code = 30; This profile is private; id = 562357782
Error: error_code = 15; Access denied: user deactivated; id = 339748352
Error: error_code = 30; This profile is private; id = 401676824
Error: error_code = 30; This profile is private; id = 67333677
Error: error_code = 15; Access denied: user deactivated; id = 221347580
Error: error_code = 30; This profile is private; id = 686043299
Error: error_code = 30; This profile is private; id = 345473934
Error: error_code = 30; This profile is private; id = 581267908
Error: error_code = 30; This profile is private; id = 326845704
Error: error_code = 15; Access denied: user deactivated; id = 354505888
Error: error_code = 30; This profile is private; id = 168680423
Error: error_code = 30; This profile is private; id = 262429915
Error: error_code = 15; Access denied: user deactivated; id = 401825064
Error: error_code = 30; This profile is private; id = 20493262
Error: error_code = 30; This profile is private; id = 3208668
Error: error_code = 30; This profile is private; id = 555456230
Error: error_code = 30; This profile is private; id = 285431175
Error: error_code = 30; This profile is private; id = 22078745
Error: error_code = 30; This profile is private; id = 460670
Error: error_code = 30; This profile is private; id = 26726391
Error: error_code = 30; This profile is private; id = 152924230
Error: error_code = 30; This profile is private; id = 20781843
Error: error_code = 30; This profile is private; id = 619524022
Error: error_code = 30; This profile is private; id = 685382180
Error: error_code = 30; This profile is private; id = 471276411
Error: error_code = 15; Access denied: user deactivated; id = 230224437
Error: error_code = 30; This profile is private; id = 79202285
Error: error_code = 15; Access denied: user deactivated; id = 228116112
Error: error_code = 30; This profile is private; id = 527862211
Error: error_code = 30; This profile is private; id = 2951917
Error: error_code = 30; This profile is private; id = 350458367
Error: error_code = 30; This profile is private; id = 146589831
Error: error_code = 15; Access denied: user deactivated; id = 276940026
Error: error_code = 30; This profile is private; id = 245949378
Error: error_code = 30; This profile is private; id = 395953106
Error: error_code = 15; Access denied: user deactivated; id = 9570128
Error: error_code = 30; This profile is private; id = 2119724
Error: error_code = 30; This profile is private; id = 49191505
Error: error_code = 30; This profile is private; id = 651542500
Error: error_code = 30; This profile is private; id = 146505172
Error: error_code = 30; This profile is private; id = 557300311
Error: error_code = 30; This profile is private; id = 73808761
Error: error_code = 30; This profile is private; id = 159941568
Error: error_code = 30; This profile is private; id = 549733567
Error: error_code = 30; This profile is private; id = 147812502
Error: error_code = 15; Access denied: user deactivated; id = 564946365
Error: error_code = 30; This profile is private; id = 347313985
Error: error_code = 30; This profile is private; id = 82183729
Error: error_code = 30; This profile is private; id = 566483136
Error: error_code = 30; This profile is private; id = 399279823
Error: error_code = 30; This profile is private; id = 570645504
Error: error_code = 15; Access denied: user deactivated; id = 485296872
Error: error_code = 15; Access denied: user deactivated; id = 631620329
Error: error_code = 30; This profile is private; id = 561239726
Error: error_code = 15; Access denied: user deactivated; id = 21138359
Error: error_code = 15; Access denied: user deactivated; id = 229039446
Error: error_code = 30; This profile is private; id = 96622770
Error: error_code = 15; Access denied: user deactivated; id = 350632595
Error: error_code = 15; Access denied: user deactivated; id = 288428743
Error: error_code = 15; Access denied: user deactivated; id = 218556604
Error: error_code = 15; Access denied: user deactivated; id = 230663187
Error: error_code = 30; This profile is private; id = 705250990
Error: error_code = 15; Access denied: user deactivated; id = 198422555
Error: error_code = 30; This profile is private; id = 651291423
Error: error_code = 15; Access denied: user deactivated; id = 144385148
Error: error_code = 30; This profile is private; id = 9205652
Error: error_code = 30; This profile is private; id = 656358038
Error: error_code = 30; This profile is private; id = 501779801
Error: error_code = 15; Access denied: user deactivated; id = 183656928
Error: error_code = 30; This profile is private; id = 530149410
Error: error_code = 30; This profile is private; id = 568470726
Error: error_code = 30; This profile is private; id = 515990228
Error: error_code = 15; Access denied: user deactivated; id = 131883806
Error: error_code = 30; This profile is private; id = 549769569
Error: error_code = 30; This profile is private; id = 110276814
Error: error_code = 30; This profile is private; id = 418757938
Error: error_code = 30; This profile is private; id = 628808181
Error: error_code = 15; Access denied: user deactivated; id = 139994723
Error: error_code = 30; This profile is private; id = 196261205
Error: error_code = 15; Access denied: user deactivated; id = 62705863
Error: error_code = 15; Access denied: user deactivated; id = 213572649
Error: error_code = 30; This profile is private; id = 28673996
Error: error_code = 30; This profile is private; id = 564312104
Error: error_code = 30; This profile is private; id = 254038340
Error: error_code = 30; This profile is private; id = 663914819
Error: error_code = 30; This profile is private; id = 1224041
Error: error_code = 30; This profile is private; id = 11754332
Error: error_code = 30; This profile is private; id = 168407015
Error: error_code = 30; This profile is private; id = 566173468
Error: error_code = 15; Access denied: user deactivated; id = 420196507
Error: error_code = 30; This profile is private; id = 323402463
Error: error_code = 30; This profile is private; id = 578756734
Error: error_code = 30; This profile is private; id = 39645156
Error: error_code = 30; This profile is private; id = 422292169
Error: error_code = 15; Access denied: user deactivated; id = 556226586
Error: error_code = 30; This profile is private; id = 107993489
Error: error_code = 30; This profile is private; id = 302129379
Error: error_code = 15; Access denied: user deactivated; id = 220448436
Error: error_code = 15; Access denied: user deactivated; id = 225794498
Error: error_code = 30; This profile is private; id = 556117093
Error: error_code = 15; Access denied: user deactivated; id = 463466642
Error: error_code = 30; This profile is private; id = 27211474
Error: error_code = 15; Access denied: user deactivated; id = 507478077
Error: error_code = 30; This profile is private; id = 145408844
Error: error_code = 30; This profile is private; id = 571908295
Error: error_code = 15; Access denied: user deactivated; id = 347825997
Error: error_code = 30; This profile is private; id = 647959320
Error: error_code = 15; Access denied: user deactivated; id = 235229371
Error: error_code = 30; This profile is private; id = 458805321
Error: error_code = 30; This profile is private; id = 173470027
Error: error_code = 15; Access denied: user deactivated; id = 370106682
Error: error_code = 15; Access denied: user deactivated; id = 716073979
Error: error_code = 15; Access denied: user deactivated; id = 705571235
Error: error_code = 30; This profile is private; id = 88527420
Error: error_code = 15; Access denied: user deactivated; id = 373488881
Error: error_code = 15; Access denied: user deactivated; id = 244931351
Error: error_code = 15; Access denied: user deactivated; id = 168353629
Error: error_code = 30; This profile is private; id = 340892062
Error: error_code = 15; Access denied: user deactivated; id = 544655316
Error: error_code = 30; This profile is private; id = 53458825
Error: error_code = 30; This profile is private; id = 5720948
Error: error_code = 30; This profile is private; id = 441323355
Error: error_code = 30; This profile is private; id = 4761336
Error: error_code = 30; This profile is private; id = 152087171
Error: error_code = 30; This profile is private; id = 644353721
Error: error_code = 30; This profile is private; id = 243318123
Error: error_code = 30; This profile is private; id = 118556115
Error: error_code = 30; This profile is private; id = 512437259
Error: error_code = 30; This profile is private; id = 468207774
Error: error_code = 30; This profile is private; id = 489672259
Error: error_code = 30; This profile is private; id = 289615113
Error: error_code = 30; This profile is private; id = 653417018
Error: error_code = 30; This profile is private; id = 558707876
Error: error_code = 30; This profile is private; id = 450981895
Error: error_code = 30; This profile is private; id = 300676572
Error: error_code = 15; Access denied: user deactivated; id = 181502467
Error: error_code = 30; This profile is private; id = 208969048
Error: error_code = 30; This profile is private; id = 662698453
Error: error_code = 30; This profile is private; id = 596462983
Error: error_code = 15; Access denied: user deactivated; id = 203415122
Error: error_code = 30; This profile is private; id = 74813673
Error: error_code = 30; This profile is private; id = 392513788
Error: error_code = 15; Access denied: user deactivated; id = 233680727
Error: error_code = 15; Access denied: user deactivated; id = 362161441
Error: error_code = 15; Access denied: user deactivated; id = 67439777
Error: error_code = 30; This profile is private; id = 529684727
Error: error_code = 30; This profile is private; id = 224959888
Error: error_code = 30; This profile is private; id = 171956781
Error: error_code = 30; This profile is private; id = 521688461
Error: error_code = 15; Access denied: user deactivated; id = 199149178
Error: error_code = 30; This profile is private; id = 487103203
Error: error_code = 30; This profile is private; id = 586113351
Error: error_code = 15; Access denied: user deactivated; id = 223887043
Error: error_code = 30; This profile is private; id = 576191505
Error: error_code = 30; This profile is private; id = 606521464
Error: error_code = 30; This profile is private; id = 608905207
Error: error_code = 15; Access denied: user deactivated; id = 293240854
Error: error_code = 15; Access denied: user deactivated; id = 283124731
Error: error_code = 30; This profile is private; id = 491248084
Error: error_code = 30; This profile is private; id = 176287480
Error: error_code = 15; Access denied: user deactivated; id = 11755645
Error: error_code = 30; This profile is private; id = 400857327
Error: error_code = 30; This profile is private; id = 123571264
Error: error_code = 15; Access denied: user deactivated; id = 397727869
Error: error_code = 30; This profile is private; id = 342949622
Error: error_code = 15; Access denied: user deactivated; id = 302318003
Error: error_code = 30; This profile is private; id = 401446819
Error: error_code = 15; Access denied: user deactivated; id = 622278762
Error: error_code = 30; This profile is private; id = 341275153
Error: error_code = 30; This profile is private; id = 28836022
Error: error_code = 15; Access denied: user deactivated; id = 418457903
Error: error_code = 30; This profile is private; id = 365097587
Error: error_code = 15; Access denied: user deactivated; id = 34202204
Error: error_code = 15; Access denied: user deactivated; id = 157200839
Error: error_code = 30; This profile is private; id = 618231758
Error: error_code = 30; This profile is private; id = 72827156
Error: error_code = 30; This profile is private; id = 193715294
Error: error_code = 30; This profile is private; id = 319185906
Error: error_code = 15; Access denied: user deactivated; id = 447826034
Error: error_code = 30; This profile is private; id = 32421176
Error: error_code = 30; This profile is private; id = 711528611
Error: error_code = 15; Access denied: user deactivated; id = 615476228
Error: error_code = 30; This profile is private; id = 409735418
Error: error_code = 30; This profile is private; id = 379160339
Error: error_code = 30; This profile is private; id = 625085989
Error: error_code = 30; This profile is private; id = 478761447
Error: error_code = 15; Access denied: user deactivated; id = 694075250
Error: error_code = 15; Access denied: user deactivated; id = 507991139
Error: error_code = 15; Access denied: user deactivated; id = 423301660
Error: error_code = 15; Access denied: user deactivated; id = 561684851
Error: error_code = 30; This profile is private; id = 52950087
Error: error_code = 15; Access denied: user deactivated; id = 184600908
Error: error_code = 30; This profile is private; id = 26111720
Error: error_code = 15; Access denied: user deactivated; id = 445571441
Error: error_code = 30; This profile is private; id = 702974587
Error: error_code = 30; This profile is private; id = 294991676
Error: error_code = 15; Access denied: user deactivated; id = 210025563
Error: error_code = 30; This profile is private; id = 239201206
Error: error_code = 30; This profile is private; id = 349783641
Error: error_code = 30; This profile is private; id = 461489267
Error: error_code = 30; This profile is private; id = 160625954
Error: error_code = 30; This profile is private; id = 353190967
Error: error_code = 30; This profile is private; id = 16962058
Error: error_code = 15; Access denied: user deactivated; id = 618070769
Error: error_code = 30; This profile is private; id = 567697512
Error: error_code = 15; Access denied: user deactivated; id = 555798049
Error: error_code = 15; Access denied: user deactivated; id = 679364160
Error: error_code = 30; This profile is private; id = 18525604
Error: error_code = 30; This profile is private; id = 28553455
Error: error_code = 15; Access denied: user deactivated; id = 424572768
Error: error_code = 30; This profile is private; id = 413738633
Error: error_code = 15; Access denied: user deactivated; id = 432607863
Error: error_code = 30; This profile is private; id = 623808254
Error: error_code = 30; This profile is private; id = 493855194
Error: error_code = 30; This profile is private; id = 684120280
Error: error_code = 15; Access denied: user deactivated; id = 355575192
Error: error_code = 30; This profile is private; id = 455659308
Error: error_code = 15; Access denied: user deactivated; id = 505985477
Error: error_code = 30; This profile is private; id = 156767304
Error: error_code = 15; Access denied: user deactivated; id = 611033860
Error: error_code = 30; This profile is private; id = 23873617
Error: error_code = 30; This profile is private; id = 532642761
Error: error_code = 30; This profile is private; id = 526415504
Error: error_code = 30; This profile is private; id = 257354412
Error: error_code = 30; This profile is private; id = 231537142
Error: error_code = 30; This profile is private; id = 63755081
Error: error_code = 15; Access denied: user deactivated; id = 6507178
Error: error_code = 30; This profile is private; id = 188101883
Error: error_code = 30; This profile is private; id = 264678507
Error: error_code = 15; Access denied: user deactivated; id = 586112508
Error: error_code = 30; This profile is private; id = 587367042
Error: error_code = 30; This profile is private; id = 127051064
Error: error_code = 30; This profile is private; id = 234151084
Error: error_code = 15; Access denied: user deactivated; id = 94498987
Error: error_code = 30; This profile is private; id = 21633298
Error: error_code = 30; This profile is private; id = 152979494
Error: error_code = 30; This profile is private; id = 39862628
Error: error_code = 30; This profile is private; id = 430449191
Error: error_code = 15; Access denied: user deactivated; id = 206628557
Error: error_code = 30; This profile is private; id = 135087652
Error: error_code = 15; Access denied: user deactivated; id = 156737687
Error: error_code = 15; Access denied: user deactivated; id = 546765517
Error: error_code = 30; This profile is private; id = 384859805
Error: error_code = 15; Access denied: user deactivated; id = 452788592
Error: error_code = 30; This profile is private; id = 613172813
Error: error_code = 15; Access denied: user deactivated; id = 269832732
Error: error_code = 15; Access denied: user deactivated; id = 207681258
Error: error_code = 30; This profile is private; id = 284131650
Error: error_code = 30; This profile is private; id = 42856065
Error: error_code = 15; Access denied: user deactivated; id = 455341011
Error: error_code = 30; This profile is private; id = 690152752
Error: error_code = 30; This profile is private; id = 690971159
Error: error_code = 15; Access denied: user deactivated; id = 563141355
Error: error_code = 30; This profile is private; id = 69412031
Error: error_code = 30; This profile is private; id = 538267449
Error: error_code = 15; Access denied: user deactivated; id = 303469943
Error: error_code = 30; This profile is private; id = 87245813
Error: error_code = 30; This profile is private; id = 277265907
Error: error_code = 15; Access denied: user deactivated; id = 16632216
Error: error_code = 30; This profile is private; id = 585853211
Error: error_code = 30; This profile is private; id = 704313502
Error: error_code = 15; Access denied: user deactivated; id = 510254389
Error: error_code = 30; This profile is private; id = 383399940
Error: error_code = 15; Access denied: user deactivated; id = 522877435
Error: error_code = 30; This profile is private; id = 587567598
Error: error_code = 30; This profile is private; id = 188109623
Error: error_code = 30; This profile is private; id = 684460642
Error: error_code = 15; Access denied: user deactivated; id = 133870780
Error: error_code = 30; This profile is private; id = 9597280
Error: error_code = 30; This profile is private; id = 546310127
Error: error_code = 30; This profile is private; id = 47426500
Error: error_code = 15; Access denied: user deactivated; id = 423535377
Error: error_code = 15; Access denied: user deactivated; id = 435328245
Error: error_code = 30; This profile is private; id = 592696628
Error: error_code = 15; Access denied: user deactivated; id = 643811340
Error: error_code = 30; This profile is private; id = 213846144
Error: error_code = 30; This profile is private; id = 25940371
Error: error_code = 15; Access denied: user deactivated; id = 189642147
Error: error_code = 30; This profile is private; id = 703600540
Error: error_code = 30; This profile is private; id = 251934380
Error: error_code = 30; This profile is private; id = 614607081
Error: error_code = 30; This profile is private; id = 179489978
Error: error_code = 15; Access denied: user deactivated; id = 715188051
Error: error_code = 30; This profile is private; id = 455444965
Error: error_code = 30; This profile is private; id = 396225113
Error: error_code = 30; This profile is private; id = 633755050
Error: error_code = 30; This profile is private; id = 144358474
Error: error_code = 30; This profile is private; id = 529037472
Error: error_code = 30; This profile is private; id = 657499292
Error: error_code = 30; This profile is private; id = 470343548
Error: error_code = 30; This profile is private; id = 179183273
Error: error_code = 15; Access denied: user deactivated; id = 502358066
Error: error_code = 30; This profile is private; id = 538642517
Error: error_code = 30; This profile is private; id = 199446262
Error: error_code = 30; This profile is private; id = 356216333
Error: error_code = 30; This profile is private; id = 166367149
Error: error_code = 30; This profile is private; id = 698953784
Error: error_code = 30; This profile is private; id = 96385504
Error: error_code = 30; This profile is private; id = 475029117
Error: error_code = 30; This profile is private; id = 375121441
Error: error_code = 30; This profile is private; id = 165189679
Error: error_code = 30; This profile is private; id = 17531518
Error: error_code = 30; This profile is private; id = 253104121
Error: error_code = 30; This profile is private; id = 582953490
Error: error_code = 30; This profile is private; id = 243385858
Error: error_code = 30; This profile is private; id = 434499493
Error: error_code = 30; This profile is private; id = 141352527
Error: error_code = 30; This profile is private; id = 152410031
Error: error_code = 30; This profile is private; id = 716396725
Error: error_code = 15; Access denied: user deactivated; id = 343023957
Error: error_code = 30; This profile is private; id = 446243859
Error: error_code = 30; This profile is private; id = 136438552
Error: error_code = 15; Access denied: user deactivated; id = 163042103
Error: error_code = 15; Access denied: user deactivated; id = 414100527
Error: error_code = 30; This profile is private; id = 91501696
Error: error_code = 15; Access denied: user deactivated; id = 393209709
Error: error_code = 30; This profile is private; id = 711719014
Error: error_code = 30; This profile is private; id = 574135089
Error: error_code = 15; Access denied: user deactivated; id = 699639954
Error: error_code = 15; Access denied: user deactivated; id = 226397384
Error: error_code = 30; This profile is private; id = 573636900
Error: error_code = 30; This profile is private; id = 550628915
Error: error_code = 15; Access denied: user deactivated; id = 352525476
Error: error_code = 30; This profile is private; id = 147267623
Error: error_code = 30; This profile is private; id = 172613400
Error: error_code = 15; Access denied: user deactivated; id = 541915821
Error: error_code = 30; This profile is private; id = 467305579
Error: error_code = 15; Access denied: user deactivated; id = 150357155
Error: error_code = 30; This profile is private; id = 6069851
Error: error_code = 15; Access denied: user deactivated; id = 225042961
Error: error_code = 30; This profile is private; id = 266286239
Error: error_code = 30; This profile is private; id = 581775840
Error: error_code = 30; This profile is private; id = 351088231
Error: error_code = 30; This profile is private; id = 16225215
Error: error_code = 30; This profile is private; id = 73425533
Error: error_code = 30; This profile is private; id = 75286608
Error: error_code = 30; This profile is private; id = 165964703
Error: error_code = 30; This profile is private; id = 429143966
Error: error_code = 30; This profile is private; id = 222090867
Error: error_code = 30; This profile is private; id = 229101282
Error: error_code = 15; Access denied: user deactivated; id = 423732625
Error: error_code = 30; This profile is private; id = 258902196
Error: error_code = 30; This profile is private; id = 163977069
Error: error_code = 15; Access denied: user deactivated; id = 712064088
Error: error_code = 15; Access denied: user deactivated; id = 241894001
Error: error_code = 30; This profile is private; id = 87672406
Error: error_code = 15; Access denied: user deactivated; id = 425719344
Error: error_code = 30; This profile is private; id = 272261678
Error: error_code = 30; This profile is private; id = 698501372
Error: error_code = 30; This profile is private; id = 538071529
Error: error_code = 30; This profile is private; id = 172440350
Error: error_code = 30; This profile is private; id = 499956986
Error: error_code = 30; This profile is private; id = 1262226
Error: error_code = 30; This profile is private; id = 200274611
Error: error_code = 30; This profile is private; id = 581244840
Error: error_code = 15; Access denied: user deactivated; id = 508400125
Error: error_code = 30; This profile is private; id = 12504288
Error: error_code = 30; This profile is private; id = 487348492
Error: error_code = 30; This profile is private; id = 142709383
Error: error_code = 30; This profile is private; id = 282473429
Error: error_code = 30; This profile is private; id = 63345247
Error: error_code = 15; Access denied: user deactivated; id = 673839865
Error: error_code = 30; This profile is private; id = 545434880
Error: error_code = 15; Access denied: user deactivated; id = 363609223
Error: error_code = 30; This profile is private; id = 409576730
Error: error_code = 30; This profile is private; id = 95011384
Error: error_code = 15; Access denied: user deactivated; id = 193266920
Error: error_code = 30; This profile is private; id = 186124979
Error: error_code = 30; This profile is private; id = 225069595
Error: error_code = 30; This profile is private; id = 635989698
Error: error_code = 30; This profile is private; id = 558538047
Error: error_code = 30; This profile is private; id = 253738804
Error: error_code = 15; Access denied: user deactivated; id = 240284598
Error: error_code = 30; This profile is private; id = 54287291
Error: error_code = 30; This profile is private; id = 690428794
Error: error_code = 15; Access denied: user deactivated; id = 221517661
Error: error_code = 30; This profile is private; id = 585021626
Error: error_code = 30; This profile is private; id = 29393492
Error: error_code = 15; Access denied: user deactivated; id = 227529583
Error: error_code = 30; This profile is private; id = 518148960
Error: error_code = 15; Access denied: user deactivated; id = 247775155
Error: error_code = 30; This profile is private; id = 164706215
Error: error_code = 15; Access denied: user deactivated; id = 398077686
Error: error_code = 15; Access denied: user deactivated; id = 49776570
Error: error_code = 30; This profile is private; id = 364492888
Error: error_code = 15; Access denied: user deactivated; id = 494493176
Error: error_code = 30; This profile is private; id = 484964121
Error: error_code = 30; This profile is private; id = 542992211
Error: error_code = 30; This profile is private; id = 46813752
Error: error_code = 30; This profile is private; id = 383391204
Error: error_code = 30; This profile is private; id = 375101537
Error: error_code = 30; This profile is private; id = 692252097
Error: error_code = 30; This profile is private; id = 196097550
Error: error_code = 30; This profile is private; id = 482775590
Error: error_code = 30; This profile is private; id = 520621357
Error: error_code = 30; This profile is private; id = 568499166
Error: error_code = 30; This profile is private; id = 683008555
Error: error_code = 15; Access denied: user deactivated; id = 428186382
Error: error_code = 30; This profile is private; id = 491723998
Error: error_code = 30; This profile is private; id = 40108764
Error: error_code = 30; This profile is private; id = 346928900
Error: error_code = 30; This profile is private; id = 86283498
Error: error_code = 30; This profile is private; id = 594388842
Error: error_code = 30; This profile is private; id = 671085338
Error: error_code = 30; This profile is private; id = 427272373
Error: error_code = 30; This profile is private; id = 144316243
Error: error_code = 15; Access denied: user deactivated; id = 137020230
Error: error_code = 30; This profile is private; id = 89861010
Error: error_code = 15; Access denied: user deactivated; id = 1751384
Error: error_code = 15; Access denied: user deactivated; id = 239929008
Error: error_code = 15; Access denied: user deactivated; id = 217110421
Error: error_code = 30; This profile is private; id = 456760843
Error: error_code = 30; This profile is private; id = 646220097
Error: error_code = 30; This profile is private; id = 193180490
Error: error_code = 15; Access denied: user deactivated; id = 8448300
Error: error_code = 30; This profile is private; id = 550366809
Error: error_code = 30; This profile is private; id = 282099997
Error: error_code = 15; Access denied: user deactivated; id = 559462232
Error: error_code = 15; Access denied: user deactivated; id = 228641090
Error: error_code = 15; Access denied: user deactivated; id = 66707522
Error: error_code = 30; This profile is private; id = 568121182
Error: error_code = 15; Access denied: user deactivated; id = 282071380
Error: error_code = 30; This profile is private; id = 514031319
Error: error_code = 30; This profile is private; id = 671159486
Error: error_code = 15; Access denied: user deactivated; id = 202038767
Error: error_code = 15; Access denied: user deactivated; id = 506984130
Error: error_code = 30; This profile is private; id = 16375604
Error: error_code = 15; Access denied: user deactivated; id = 584321242
Error: error_code = 30; This profile is private; id = 361397048
Error: error_code = 30; This profile is private; id = 179064001
Error: error_code = 30; This profile is private; id = 335531894
Error: error_code = 15; Access denied: user deactivated; id = 435640953
Error: error_code = 15; Access denied: user deactivated; id = 396682401
Error: error_code = 30; This profile is private; id = 160892290
Error: error_code = 30; This profile is private; id = 187009311
Error: error_code = 30; This profile is private; id = 668185236
Error: error_code = 15; Access denied: user deactivated; id = 347022721
Error: error_code = 30; This profile is private; id = 206389675
Error: error_code = 30; This profile is private; id = 659531357
Error: error_code = 30; This profile is private; id = 586426284
Error: error_code = 30; This profile is private; id = 268345641
Error: error_code = 30; This profile is private; id = 158054232
Error: error_code = 30; This profile is private; id = 591156491
Error: error_code = 15; Access denied: user deactivated; id = 19510165
Error: error_code = 15; Access denied: user deactivated; id = 615045661
Error: error_code = 15; Access denied: user deactivated; id = 400774991
Error: error_code = 30; This profile is private; id = 15068436
Error: error_code = 30; This profile is private; id = 5804152
Error: error_code = 15; Access denied: user deactivated; id = 703703927
Error: error_code = 30; This profile is private; id = 594584918
Error: error_code = 30; This profile is private; id = 279111038
Error: error_code = 30; This profile is private; id = 43588855
Error: error_code = 30; This profile is private; id = 41131803
Error: error_code = 15; Access denied: user deactivated; id = 327942025
Error: error_code = 15; Access denied: user deactivated; id = 410912840
Error: error_code = 15; Access denied: user deactivated; id = 712597140
Error: error_code = 30; This profile is private; id = 545127234
Error: error_code = 15; Access denied: user deactivated; id = 623991460
Error: error_code = 15; Access denied: user deactivated; id = 356883444
Error: error_code = 15; Access denied: user deactivated; id = 411535655
Error: error_code = 30; This profile is private; id = 692674456
Error: error_code = 30; This profile is private; id = 317286768
Error: error_code = 15; Access denied: user deactivated; id = 154803959
Error: error_code = 30; This profile is private; id = 142097460
Error: error_code = 15; Access denied: user deactivated; id = 380209918
Error: error_code = 30; This profile is private; id = 53902666
Error: error_code = 30; This profile is private; id = 472840763
Error: error_code = 30; This profile is private; id = 208061742
Error: error_code = 30; This profile is private; id = 156586557
Error: error_code = 30; This profile is private; id = 639983529
Error: error_code = 30; This profile is private; id = 170070961
Error: error_code = 30; This profile is private; id = 602286911
Error: error_code = 15; Access denied: user deactivated; id = 436394917
Error: error_code = 30; This profile is private; id = 438340667
Error: error_code = 30; This profile is private; id = 187622817
Error: error_code = 30; This profile is private; id = 444636084
Error: error_code = 30; This profile is private; id = 449750942
Error: error_code = 30; This profile is private; id = 372499345
Error: error_code = 30; This profile is private; id = 644643526
Error: error_code = 30; This profile is private; id = 6230787
Error: error_code = 15; Access denied: user deactivated; id = 431486617
Error: error_code = 30; This profile is private; id = 405488402
Error: error_code = 30; This profile is private; id = 101804871
Error: error_code = 15; Access denied: user deactivated; id = 211849930
Error: error_code = 30; This profile is private; id = 78333049
Error: error_code = 30; This profile is private; id = 457705516
Error: error_code = 15; Access denied: user deactivated; id = 557108994
Error: error_code = 30; This profile is private; id = 705818579
Error: error_code = 30; This profile is private; id = 1882031
Error: error_code = 30; This profile is private; id = 531434064
Error: error_code = 30; This profile is private; id = 561727630
Error: error_code = 15; Access denied: user deactivated; id = 651465117
Error: error_code = 30; This profile is private; id = 291300596
Error: error_code = 15; Access denied: user deactivated; id = 641525449
Error: error_code = 30; This profile is private; id = 570676507
Error: error_code = 30; This profile is private; id = 133342015
Error: error_code = 15; Access denied: user deactivated; id = 572070185
Error: error_code = 30; This profile is private; id = 686579891
Error: error_code = 30; This profile is private; id = 429286847
Error: error_code = 30; This profile is private; id = 649391237
Error: error_code = 30; This profile is private; id = 649080178
Error: error_code = 30; This profile is private; id = 416206771
Error: error_code = 30; This profile is private; id = 120865981
Error: error_code = 15; Access denied: user deactivated; id = 216845486
Error: error_code = 30; This profile is private; id = 552798968
Error: error_code = 30; This profile is private; id = 252601630
Error: error_code = 30; This profile is private; id = 3839494
Error: error_code = 30; This profile is private; id = 54666919
Error: error_code = 15; Access denied: user deactivated; id = 27220367
Error: error_code = 15; Access denied: user deactivated; id = 345943688
Error: error_code = 30; This profile is private; id = 707083009
Error: error_code = 30; This profile is private; id = 697849951
Error: error_code = 30; This profile is private; id = 301355978
Error: error_code = 15; Access denied: user deactivated; id = 402150401
Error: error_code = 30; This profile is private; id = 681018989
Error: error_code = 30; This profile is private; id = 214455969
Error: error_code = 15; Access denied: user deactivated; id = 110917071
Error: error_code = 15; Access denied: user deactivated; id = 417073344
Error: error_code = 15; Access denied: user deactivated; id = 552653718
Error: error_code = 30; This profile is private; id = 229193073
Error: error_code = 30; This profile is private; id = 111073620
Error: error_code = 30; This profile is private; id = 605504696
Error: error_code = 30; This profile is private; id = 458983398
Error: error_code = 30; This profile is private; id = 44286888
Error: error_code = 30; This profile is private; id = 5755209
Error: error_code = 30; This profile is private; id = 218296479
Error: error_code = 15; Access denied: user deactivated; id = 426189911
Error: error_code = 15; Access denied: user deactivated; id = 84528830
Error: error_code = 30; This profile is private; id = 601528547
Error: error_code = 15; Access denied: user deactivated; id = 526791311
Error: error_code = 30; This profile is private; id = 351900692
Error: error_code = 30; This profile is private; id = 134868698
Error: error_code = 30; This profile is private; id = 27480032
Error: error_code = 30; This profile is private; id = 647851837
Error: error_code = 30; This profile is private; id = 29123983
Error: error_code = 30; This profile is private; id = 9697049
Error: error_code = 30; This profile is private; id = 460546618
Error: error_code = 30; This profile is private; id = 18499713
Error: error_code = 30; This profile is private; id = 674180146
Error: error_code = 30; This profile is private; id = 258512424
Error: error_code = 30; This profile is private; id = 158827992
Error: error_code = 30; This profile is private; id = 113809878
Error: error_code = 15; Access denied: user deactivated; id = 340943242
Error: error_code = 30; This profile is private; id = 353886145
Error: error_code = 30; This profile is private; id = 230029147
Error: error_code = 30; This profile is private; id = 369848363
Error: error_code = 30; This profile is private; id = 525058302
Error: error_code = 15; Access denied: user deactivated; id = 222058983
Error: error_code = 15; Access denied: user deactivated; id = 201588509
Error: error_code = 30; This profile is private; id = 690645626
Error: error_code = 30; This profile is private; id = 645433601
Error: error_code = 15; Access denied: user deactivated; id = 447230618
Error: error_code = 30; This profile is private; id = 139487124
Error: error_code = 15; Access denied: user deactivated; id = 50506125
Error: error_code = 30; This profile is private; id = 584789394
Error: error_code = 30; This profile is private; id = 424953976
Error: error_code = 30; This profile is private; id = 425221722
Error: error_code = 30; This profile is private; id = 310362863
Error: error_code = 30; This profile is private; id = 366140000
Error: error_code = 30; This profile is private; id = 471100233
Error: error_code = 15; Access denied: user deactivated; id = 394640619
Error: error_code = 30; This profile is private; id = 54918718
Error: error_code = 15; Access denied: user deactivated; id = 537743820
Error: error_code = 15; Access denied: user deactivated; id = 650787044
Error: error_code = 30; This profile is private; id = 101964231
Error: error_code = 30; This profile is private; id = 372286995
Error: error_code = 30; This profile is private; id = 145671892
Error: error_code = 30; This profile is private; id = 353614551
Error: error_code = 30; This profile is private; id = 325433064
Error: error_code = 30; This profile is private; id = 537685767
Error: error_code = 15; Access denied: user deactivated; id = 418849763
Error: error_code = 30; This profile is private; id = 5385847
Error: error_code = 15; Access denied: user deactivated; id = 135381383
Error: error_code = 15; Access denied: user deactivated; id = 281332818
Error: error_code = 30; This profile is private; id = 603272264
Error: error_code = 30; This profile is private; id = 332175100
Error: error_code = 15; Access denied: user deactivated; id = 568932877
Error: error_code = 30; This profile is private; id = 619655
Error: error_code = 30; This profile is private; id = 365188442
Error: error_code = 30; This profile is private; id = 254205000
Error: error_code = 15; Access denied: user deactivated; id = 269821411
Error: error_code = 15; Access denied: user deactivated; id = 432522970
Error: error_code = 30; This profile is private; id = 215690654
Error: error_code = 30; This profile is private; id = 172723382
Error: error_code = 15; Access denied: user deactivated; id = 688931346
Error: error_code = 30; This profile is private; id = 556160801
Error: error_code = 15; Access denied: user deactivated; id = 418892629
Error: error_code = 15; Access denied: user deactivated; id = 374388551
Error: error_code = 30; This profile is private; id = 3271369
Error: error_code = 30; This profile is private; id = 208999229
Error: error_code = 30; This profile is private; id = 677176041
Error: error_code = 30; This profile is private; id = 489084119
Error: error_code = 30; This profile is private; id = 27659741
Error: error_code = 15; Access denied: user deactivated; id = 713605288
Error: error_code = 30; This profile is private; id = 103876292
Error: error_code = 30; This profile is private; id = 229873296
Error: error_code = 30; This profile is private; id = 545073224
Error: error_code = 30; This profile is private; id = 84152256
Error: error_code = 15; Access denied: user deactivated; id = 288468516
Error: error_code = 30; This profile is private; id = 157465195
Error: error_code = 15; Access denied: user deactivated; id = 261930203
Error: error_code = 15; Access denied: user deactivated; id = 414167140
Error: error_code = 30; This profile is private; id = 287459564
Error: error_code = 15; Access denied: user deactivated; id = 151808118
Error: error_code = 30; This profile is private; id = 556627297
Error: error_code = 15; Access denied: user deactivated; id = 205839725
Error: error_code = 30; This profile is private; id = 36864424
Error: error_code = 30; This profile is private; id = 581193148
Error: error_code = 30; This profile is private; id = 510374024
Error: error_code = 15; Access denied: user deactivated; id = 572650211
Error: error_code = 30; This profile is private; id = 611109202
Error: error_code = 30; This profile is private; id = 410289797
Error: error_code = 30; This profile is private; id = 225882577
Error: error_code = 30; This profile is private; id = 564560978
Error: error_code = 30; This profile is private; id = 348449378
Error: error_code = 30; This profile is private; id = 642285561
Error: error_code = 15; Access denied: user deactivated; id = 188417782
Error: error_code = 15; Access denied: user deactivated; id = 322043028
Error: error_code = 15; Access denied: user deactivated; id = 547514690
Error: error_code = 15; Access denied: user deactivated; id = 244276368
Error: error_code = 15; Access denied: user deactivated; id = 395851509
Error: error_code = 30; This profile is private; id = 469816295
Error: error_code = 30; This profile is private; id = 266146989
Error: error_code = 30; This profile is private; id = 135497639
Error: error_code = 15; Access denied: user deactivated; id = 104081640
Error: error_code = 30; This profile is private; id = 4094877
Error: error_code = 15; Access denied: user deactivated; id = 427348794
Error: error_code = 30; This profile is private; id = 159970934
Error: error_code = 15; Access denied: user deactivated; id = 534608462
Error: error_code = 30; This profile is private; id = 670869946
Error: error_code = 30; This profile is private; id = 95184117
Error: error_code = 30; This profile is private; id = 199686913
Error: error_code = 30; This profile is private; id = 450740447
Error: error_code = 15; Access denied: user deactivated; id = 537664077
Error: error_code = 15; Access denied: user deactivated; id = 480433103
Error: error_code = 30; This profile is private; id = 55326585
Error: error_code = 15; Access denied: user deactivated; id = 35467475
Error: error_code = 15; Access denied: user deactivated; id = 23457987
Error: error_code = 15; Access denied: user deactivated; id = 83225560
Error: error_code = 15; Access denied: user deactivated; id = 518866541
Error: error_code = 15; Access denied: user deactivated; id = 429978642
Error: error_code = 30; This profile is private; id = 114715900
Error: error_code = 15; Access denied: user deactivated; id = 332311007
Error: error_code = 30; This profile is private; id = 224037276
Error: error_code = 15; Access denied: user deactivated; id = 393194541
Error: error_code = 30; This profile is private; id = 25479549
Error: error_code = 15; Access denied: user deactivated; id = 226097789
Error: error_code = 15; Access denied: user deactivated; id = 152116374
Error: error_code = 30; This profile is private; id = 592517083
Error: error_code = 30; This profile is private; id = 19158873
Error: error_code = 15; Access denied: user deactivated; id = 412141854
Error: error_code = 15; Access denied: user deactivated; id = 89732770
Error: error_code = 15; Access denied: user deactivated; id = 216105753
Error: error_code = 15; Access denied: user deactivated; id = 461750531
Error: error_code = 30; This profile is private; id = 458185421
Error: error_code = 30; This profile is private; id = 552398961
Error: error_code = 30; This profile is private; id = 63378630
Error: error_code = 15; Access denied: user deactivated; id = 191873034
Error: error_code = 30; This profile is private; id = 165942840
Error: error_code = 30; This profile is private; id = 147507911
Error: error_code = 30; This profile is private; id = 19201373
Error: error_code = 30; This profile is private; id = 56272434
Error: error_code = 15; Access denied: user deactivated; id = 675112543
Error: error_code = 30; This profile is private; id = 437038318
Error: error_code = 30; This profile is private; id = 476420932
Error: error_code = 30; This profile is private; id = 125882
Error: error_code = 15; Access denied: user deactivated; id = 57266335
Error: error_code = 15; Access denied: user deactivated; id = 497388935
Error: error_code = 30; This profile is private; id = 463220835
Error: error_code = 15; Access denied: user deactivated; id = 715139256
Error: error_code = 30; This profile is private; id = 88133500
Error: error_code = 15; Access denied: user deactivated; id = 493100945
Error: error_code = 30; This profile is private; id = 526898823
Error: error_code = 30; This profile is private; id = 266701745
Error: error_code = 30; This profile is private; id = 4549154
Error: error_code = 30; This profile is private; id = 215808200
Error: error_code = 30; This profile is private; id = 442271338
Error: error_code = 30; This profile is private; id = 624662036
Error: error_code = 30; This profile is private; id = 69760781
Error: error_code = 30; This profile is private; id = 211485494
Error: error_code = 15; Access denied: user deactivated; id = 653216322
Error: error_code = 30; This profile is private; id = 427480436
Error: error_code = 30; This profile is private; id = 547928474
Error: error_code = 30; This profile is private; id = 40105842
Error: error_code = 30; This profile is private; id = 175084084
Error: error_code = 30; This profile is private; id = 475712310
Error: error_code = 15; Access denied: user deactivated; id = 230474713
Error: error_code = 30; This profile is private; id = 92035785
Error: error_code = 15; Access denied: user deactivated; id = 413820533
Error: error_code = 30; This profile is private; id = 560428722
Error: error_code = 15; Access denied: user deactivated; id = 8528664
Error: error_code = 30; This profile is private; id = 597944797
Error: error_code = 30; This profile is private; id = 684048368
Error: error_code = 30; This profile is private; id = 278391789
Error: error_code = 15; Access denied: user deactivated; id = 682531701
Error: error_code = 30; This profile is private; id = 152093443
Error: error_code = 30; This profile is private; id = 350919611
Error: error_code = 15; Access denied: user deactivated; id = 268091358
Error: error_code = 15; Access denied: user deactivated; id = 32170278
Error: error_code = 30; This profile is private; id = 612864662
Error: error_code = 30; This profile is private; id = 107523573
Error: error_code = 15; Access denied: user deactivated; id = 268482943
Error: error_code = 15; Access denied: user deactivated; id = 323595763
Error: error_code = 15; Access denied: user deactivated; id = 40019379
Error: error_code = 30; This profile is private; id = 382015981
Error: error_code = 15; Access denied: user deactivated; id = 126597405
Error: error_code = 30; This profile is private; id = 210137929
Error: error_code = 30; This profile is private; id = 183904508
Error: error_code = 15; Access denied: user deactivated; id = 284068975
Error: error_code = 15; Access denied: user deactivated; id = 467953319
Error: error_code = 15; Access denied: user deactivated; id = 169479360
Error: error_code = 15; Access denied: user deactivated; id = 17536433
Error: error_code = 30; This profile is private; id = 246242491
Error: error_code = 15; Access denied: user deactivated; id = 519482057
Error: error_code = 15; Access denied: user deactivated; id = 717826298
Error: error_code = 30; This profile is private; id = 607130128
Error: error_code = 30; This profile is private; id = 2915415
Error: error_code = 30; This profile is private; id = 565771886
Error: error_code = 30; This profile is private; id = 561436975
Error: error_code = 30; This profile is private; id = 6234399
Error: error_code = 30; This profile is private; id = 187984692
Error: error_code = 30; This profile is private; id = 596527557
Error: error_code = 15; Access denied: user deactivated; id = 371056605
Error: error_code = 30; This profile is private; id = 232659230
Error: error_code = 15; Access denied: user deactivated; id = 701312944
Error: error_code = 15; Access denied: user deactivated; id = 603587505
Error: error_code = 30; This profile is private; id = 208200143
Error: error_code = 15; Access denied: user deactivated; id = 317445403
Error: error_code = 30; This profile is private; id = 192138301
Error: error_code = 30; This profile is private; id = 87603641
Error: error_code = 30; This profile is private; id = 583255947
Error: error_code = 30; This profile is private; id = 38046344
Error: error_code = 15; Access denied: user deactivated; id = 533011473
Error: error_code = 15; Access denied: user deactivated; id = 431850661
Error: error_code = 30; This profile is private; id = 469820613
Error: error_code = 30; This profile is private; id = 223656535
Error: error_code = 30; This profile is private; id = 692875017
Error: error_code = 30; This profile is private; id = 517064262
Error: error_code = 15; Access denied: user deactivated; id = 714703777
Error: error_code = 30; This profile is private; id = 128776269
Error: error_code = 30; This profile is private; id = 482215165
Error: error_code = 30; This profile is private; id = 59368518
Error: error_code = 15; Access denied: user deactivated; id = 437856967
Error: error_code = 30; This profile is private; id = 28771158
Error: error_code = 30; This profile is private; id = 98227596
Error: error_code = 30; This profile is private; id = 151256518
Error: error_code = 15; Access denied: user deactivated; id = 138703992
Error: error_code = 30; This profile is private; id = 247683662
Error: error_code = 15; Access denied: user deactivated; id = 636930864
Error: error_code = 30; This profile is private; id = 652347062
Error: error_code = 30; This profile is private; id = 679622853
Error: error_code = 15; Access denied: user deactivated; id = 544503175
Error: error_code = 15; Access denied: user deactivated; id = 429878775
Error: error_code = 30; This profile is private; id = 66005188
Error: error_code = 30; This profile is private; id = 456235383
Error: error_code = 30; This profile is private; id = 698523224
Error: error_code = 30; This profile is private; id = 66433198
Error: error_code = 15; Access denied: user deactivated; id = 26609889
Error: error_code = 30; This profile is private; id = 389704544
Error: error_code = 30; This profile is private; id = 414317157
Error: error_code = 30; This profile is private; id = 272763378
Error: error_code = 30; This profile is private; id = 445651528
Error: error_code = 30; This profile is private; id = 92451343
Error: error_code = 30; This profile is private; id = 534655719
Error: error_code = 30; This profile is private; id = 265682071
Error: error_code = 30; This profile is private; id = 582092756
Error: error_code = 30; This profile is private; id = 619520341
Error: error_code = 30; This profile is private; id = 294188178
Error: error_code = 15; Access denied: user deactivated; id = 43317126
Error: error_code = 30; This profile is private; id = 24732455
Error: error_code = 30; This profile is private; id = 698752035
Error: error_code = 30; This profile is private; id = 32702481
Error: error_code = 30; This profile is private; id = 57705186
Error: error_code = 15; Access denied: user deactivated; id = 318098512
Error: error_code = 15; Access denied: user deactivated; id = 453850131
Error: error_code = 30; This profile is private; id = 186559045
Error: error_code = 30; This profile is private; id = 563215387
Error: error_code = 15; Access denied: user deactivated; id = 354636724
Error: error_code = 15; Access denied: user deactivated; id = 543607831
Error: error_code = 30; This profile is private; id = 619538509
Error: error_code = 15; Access denied: user deactivated; id = 683810196
Error: error_code = 15; Access denied: user deactivated; id = 49477919
Error: error_code = 30; This profile is private; id = 142660275
Error: error_code = 30; This profile is private; id = 585429492
Error: error_code = 30; This profile is private; id = 490865268
Error: error_code = 15; Access denied: user deactivated; id = 177675671
Error: error_code = 15; Access denied: user deactivated; id = 231180136
Error: error_code = 30; This profile is private; id = 466079306
Error: error_code = 15; Access denied: user deactivated; id = 184563120
Error: error_code = 15; Access denied: user deactivated; id = 75728251
Error: error_code = 15; Access denied: user deactivated; id = 211703722
Error: error_code = 30; This profile is private; id = 153858527
Error: error_code = 30; This profile is private; id = 455038545
Error: error_code = 30; This profile is private; id = 104838185
Error: error_code = 30; This profile is private; id = 391465342
Error: error_code = 30; This profile is private; id = 196021827
Error: error_code = 30; This profile is private; id = 121693496
Error: error_code = 30; This profile is private; id = 474055837
Error: error_code = 30; This profile is private; id = 103203832
Error: error_code = 30; This profile is private; id = 532248557
Error: error_code = 30; This profile is private; id = 100756029
Error: error_code = 30; This profile is private; id = 439315284
Error: error_code = 30; This profile is private; id = 244774098
Error: error_code = 30; This profile is private; id = 34938636
Error: error_code = 15; Access denied: user deactivated; id = 428440126
Error: error_code = 30; This profile is private; id = 525940368
Error: error_code = 30; This profile is private; id = 174334935
Error: error_code = 30; This profile is private; id = 255636751
Error: error_code = 30; This profile is private; id = 518875866
Error: error_code = 30; This profile is private; id = 659290432
Error: error_code = 30; This profile is private; id = 440111367
Error: error_code = 15; Access denied: user deactivated; id = 50493023
Error: error_code = 30; This profile is private; id = 138124317
Error: error_code = 15; Access denied: user deactivated; id = 197266968
Error: error_code = 15; Access denied: user deactivated; id = 548897427
Error: error_code = 30; This profile is private; id = 501871986
Error: error_code = 15; Access denied: user deactivated; id = 205400790
Error: error_code = 30; This profile is private; id = 187718493
Error: error_code = 30; This profile is private; id = 154029248
Error: error_code = 15; Access denied: user deactivated; id = 210775373
Error: error_code = 30; This profile is private; id = 69585168
Error: error_code = 30; This profile is private; id = 611816186
Error: error_code = 30; This profile is private; id = 561563005
Error: error_code = 30; This profile is private; id = 641815525
Error: error_code = 30; This profile is private; id = 524882849
Error: error_code = 30; This profile is private; id = 278730000
Error: error_code = 15; Access denied: user deactivated; id = 174126474
Error: error_code = 15; Access denied: user deactivated; id = 55190288
Error: error_code = 30; This profile is private; id = 192667826
Error: error_code = 30; This profile is private; id = 502261175
Error: error_code = 30; This profile is private; id = 464592845
Error: error_code = 15; Access denied: user deactivated; id = 275138315
Error: error_code = 30; This profile is private; id = 632673241
Error: error_code = 15; Access denied: user deactivated; id = 671111063
Error: error_code = 30; This profile is private; id = 527578473
Error: error_code = 15; Access denied: user deactivated; id = 343087327
Error: error_code = 15; Access denied: user deactivated; id = 352217476
Error: error_code = 30; This profile is private; id = 653788942
Error: error_code = 15; Access denied: user deactivated; id = 346490404
Error: error_code = 30; This profile is private; id = 25646310
Error: error_code = 30; This profile is private; id = 337452453
Error: error_code = 30; This profile is private; id = 125102954
Error: error_code = 30; This profile is private; id = 538644287
Error: error_code = 30; This profile is private; id = 614888917
Error: error_code = 30; This profile is private; id = 11860542
Error: error_code = 15; Access denied: user deactivated; id = 196188014
Error: error_code = 30; This profile is private; id = 169216568
Error: error_code = 15; Access denied: user deactivated; id = 252070471
Error: error_code = 30; This profile is private; id = 7558004
Error: error_code = 30; This profile is private; id = 204551155
Error: error_code = 30; This profile is private; id = 569210130
Error: error_code = 15; Access denied: user deactivated; id = 715255588
Error: error_code = 15; Access denied: user deactivated; id = 166100930
Error: error_code = 30; This profile is private; id = 637817978
Error: error_code = 30; This profile is private; id = 653893101
Error: error_code = 30; This profile is private; id = 255261575
Error: error_code = 15; Access denied: user deactivated; id = 648700279
Error: error_code = 15; Access denied: user deactivated; id = 411116068
Error: error_code = 30; This profile is private; id = 683543497
Error: error_code = 30; This profile is private; id = 485716231
Error: error_code = 30; This profile is private; id = 58704
Error: error_code = 30; This profile is private; id = 55004585
Error: error_code = 15; Access denied: user deactivated; id = 156309609
Error: error_code = 15; Access denied: user deactivated; id = 541266206
Error: error_code = 30; This profile is private; id = 486268788
Error: error_code = 15; Access denied: user deactivated; id = 223524424
Error: error_code = 15; Access denied: user deactivated; id = 15855717
Error: error_code = 15; Access denied: user deactivated; id = 537849241
Error: error_code = 30; This profile is private; id = 102026102
Error: error_code = 30; This profile is private; id = 7428939
Error: error_code = 30; This profile is private; id = 135533856
Error: error_code = 15; Access denied: user deactivated; id = 428806152
Error: error_code = 15; Access denied: user deactivated; id = 420324183
Error: error_code = 30; This profile is private; id = 180680681
Error: error_code = 30; This profile is private; id = 235570550
Error: error_code = 30; This profile is private; id = 517004392
Error: error_code = 30; This profile is private; id = 29896015
Error: error_code = 30; This profile is private; id = 185013998
Error: error_code = 15; Access denied: user deactivated; id = 203818776
Error: error_code = 15; Access denied: user deactivated; id = 486657822
Error: error_code = 30; This profile is private; id = 42932847
Error: error_code = 30; This profile is private; id = 394459467
Error: error_code = 30; This profile is private; id = 210082004
Error: error_code = 30; This profile is private; id = 640151242
Error: error_code = 30; This profile is private; id = 102295
Error: error_code = 30; This profile is private; id = 556576576
Error: error_code = 15; Access denied: user deactivated; id = 307701661
Error: error_code = 30; This profile is private; id = 128123381
Error: error_code = 15; Access denied: user deactivated; id = 311867255
Error: error_code = 15; Access denied: user deactivated; id = 64822336
Error: error_code = 30; This profile is private; id = 358900708
Error: error_code = 30; This profile is private; id = 85446605
Error: error_code = 15; Access denied: user deactivated; id = 683722239
Error: error_code = 30; This profile is private; id = 51955985
Error: error_code = 30; This profile is private; id = 77776349
Error: error_code = 15; Access denied: user deactivated; id = 683875948
Error: error_code = 30; This profile is private; id = 327662595
Error: error_code = 15; Access denied: user deactivated; id = 433306068
Error: error_code = 15; Access denied: user deactivated; id = 231949400
Error: error_code = 30; This profile is private; id = 625375256
Error: error_code = 30; This profile is private; id = 251317522
Error: error_code = 15; Access denied: user deactivated; id = 345151118
Error: error_code = 30; This profile is private; id = 319796426
Error: error_code = 30; This profile is private; id = 511762611
Error: error_code = 30; This profile is private; id = 538985011
Error: error_code = 30; This profile is private; id = 420672664
Error: error_code = 30; This profile is private; id = 22731713
Error: error_code = 30; This profile is private; id = 281708665
Error: error_code = 15; Access denied: user deactivated; id = 690491543
Error: error_code = 30; This profile is private; id = 183275642
Error: error_code = 30; This profile is private; id = 39411951
Error: error_code = 30; This profile is private; id = 486802411
Error: error_code = 30; This profile is private; id = 643897360
Error: error_code = 30; This profile is private; id = 224921457
Error: error_code = 15; Access denied: user deactivated; id = 401151971
Error: error_code = 30; This profile is private; id = 358509225
Error: error_code = 30; This profile is private; id = 219838787
Error: error_code = 30; This profile is private; id = 678927515
Error: error_code = 30; This profile is private; id = 426485250
Error: error_code = 30; This profile is private; id = 571284865
Error: error_code = 15; Access denied: user deactivated; id = 104886455
Error: error_code = 30; This profile is private; id = 366927944
Error: error_code = 30; This profile is private; id = 661796716
Error: error_code = 30; This profile is private; id = 162170410
Error: error_code = 15; Access denied: user deactivated; id = 70687998
Error: error_code = 15; Access denied: user deactivated; id = 54855648
Error: error_code = 30; This profile is private; id = 47218234
Error: error_code = 30; This profile is private; id = 482629187
Error: error_code = 15; Access denied: user deactivated; id = 366141403
Error: error_code = 30; This profile is private; id = 37400826
Error: error_code = 15; Access denied: user deactivated; id = 33517837
Error: error_code = 15; Access denied: user deactivated; id = 24883510
Error: error_code = 15; Access denied: user deactivated; id = 220062224
Error: error_code = 15; Access denied: user deactivated; id = 356467403
Error: error_code = 30; This profile is private; id = 158175028
Error: error_code = 15; Access denied: user deactivated; id = 218967854
Error: error_code = 30; This profile is private; id = 146718057
Error: error_code = 30; This profile is private; id = 123090688
Error: error_code = 30; This profile is private; id = 505287415
Error: error_code = 30; This profile is private; id = 104571137
Error: error_code = 15; Access denied: user deactivated; id = 49124550
Error: error_code = 30; This profile is private; id = 519192277
Error: error_code = 15; Access denied: user deactivated; id = 227255234
Error: error_code = 30; This profile is private; id = 632060335
Error: error_code = 15; Access denied: user deactivated; id = 183967208
Error: error_code = 30; This profile is private; id = 150840697
Error: error_code = 30; This profile is private; id = 607118083
Error: error_code = 15; Access denied: user deactivated; id = 114085678
Error: error_code = 15; Access denied: user deactivated; id = 222380370
Error: error_code = 30; This profile is private; id = 84929604
Error: error_code = 30; This profile is private; id = 524168347
Error: error_code = 30; This profile is private; id = 73800062
Error: error_code = 30; This profile is private; id = 222037248
Error: error_code = 30; This profile is private; id = 332016079
Error: error_code = 30; This profile is private; id = 163123966
Error: error_code = 30; This profile is private; id = 352140963
Error: error_code = 30; This profile is private; id = 80970830
Error: error_code = 30; This profile is private; id = 61538633
Error: error_code = 15; Access denied: user deactivated; id = 20295094
Error: error_code = 15; Access denied: user deactivated; id = 220388117
Error: error_code = 30; This profile is private; id = 353407374
Error: error_code = 30; This profile is private; id = 215765323
Error: error_code = 30; This profile is private; id = 312690272
Error: error_code = 15; Access denied: user deactivated; id = 339534205
Error: error_code = 30; This profile is private; id = 57857649
Error: error_code = 30; This profile is private; id = 662713078
Error: error_code = 30; This profile is private; id = 60665307
Error: error_code = 30; This profile is private; id = 425216856
Error: error_code = 30; This profile is private; id = 250518638
Error: error_code = 30; This profile is private; id = 439868085
Error: error_code = 30; This profile is private; id = 386461854
Error: error_code = 30; This profile is private; id = 158795665
Error: error_code = 30; This profile is private; id = 545455073
Error: error_code = 30; This profile is private; id = 260631273
Error: error_code = 30; This profile is private; id = 27269561
Error: error_code = 30; This profile is private; id = 125673470
Error: error_code = 30; This profile is private; id = 391395955
Error: error_code = 15; Access denied: user deactivated; id = 228462581
Error: error_code = 30; This profile is private; id = 185377278
Error: error_code = 30; This profile is private; id = 413241726
Error: error_code = 30; This profile is private; id = 462232163
Error: error_code = 30; This profile is private; id = 182718516
Error: error_code = 15; Access denied: user deactivated; id = 339139501
Error: error_code = 30; This profile is private; id = 614695783
Error: error_code = 15; Access denied: user deactivated; id = 232383639
Error: error_code = 30; This profile is private; id = 394019095
Error: error_code = 30; This profile is private; id = 186576593
Error: error_code = 30; This profile is private; id = 606182925
Error: error_code = 30; This profile is private; id = 145197970
Error: error_code = 15; Access denied: user deactivated; id = 221318731
Error: error_code = 15; Access denied: user deactivated; id = 587233781
Error: error_code = 15; Access denied: user deactivated; id = 705739253
Error: error_code = 30; This profile is private; id = 342701136
Error: error_code = 30; This profile is private; id = 354993272
Error: error_code = 30; This profile is private; id = 374231499
Error: error_code = 30; This profile is private; id = 128158117
Error: error_code = 30; This profile is private; id = 583817130
Error: error_code = 30; This profile is private; id = 234283051
Error: error_code = 30; This profile is private; id = 16660894
Error: error_code = 30; This profile is private; id = 145705894
Error: error_code = 30; This profile is private; id = 158038738
Error: error_code = 30; This profile is private; id = 642129901
Error: error_code = 30; This profile is private; id = 302726705
Error: error_code = 30; This profile is private; id = 564322530
Error: error_code = 30; This profile is private; id = 109332566
Error: error_code = 15; Access denied: user deactivated; id = 414540730
Error: error_code = 30; This profile is private; id = 264802031
Error: error_code = 30; This profile is private; id = 662112486
Error: error_code = 30; This profile is private; id = 48680602
Error: error_code = 30; This profile is private; id = 168431770
Error: error_code = 15; Access denied: user deactivated; id = 471212851
Error: error_code = 15; Access denied: user deactivated; id = 61825167
Error: error_code = 30; This profile is private; id = 646251950
Error: error_code = 30; This profile is private; id = 591832267
Error: error_code = 15; Access denied: user deactivated; id = 546358579
Error: error_code = 30; This profile is private; id = 657632557
Error: error_code = 30; This profile is private; id = 49789754
Error: error_code = 15; Access denied: user deactivated; id = 18247712
Error: error_code = 15; Access denied: user deactivated; id = 430477154
Error: error_code = 30; This profile is private; id = 60140921
Error: error_code = 30; This profile is private; id = 676191235
Error: error_code = 30; This profile is private; id = 621271721
Error: error_code = 15; Access denied: user deactivated; id = 710123179
Error: error_code = 30; This profile is private; id = 515384919
Error: error_code = 30; This profile is private; id = 76494480
Error: error_code = 30; This profile is private; id = 17141570
Error: error_code = 30; This profile is private; id = 117975720
Error: error_code = 30; This profile is private; id = 334696265
Error: error_code = 15; Access denied: user deactivated; id = 135725236
Error: error_code = 30; This profile is private; id = 311187954
Error: error_code = 30; This profile is private; id = 354536246
Error: error_code = 30; This profile is private; id = 209170871
Error: error_code = 30; This profile is private; id = 376682511
Error: error_code = 15; Access denied: user deactivated; id = 627076322
Error: error_code = 30; This profile is private; id = 28040066
Error: error_code = 30; This profile is private; id = 510460180
Error: error_code = 30; This profile is private; id = 170309710
Error: error_code = 15; Access denied: user deactivated; id = 231940446
Error: error_code = 30; This profile is private; id = 491882604
Error: error_code = 30; This profile is private; id = 142266493
Error: error_code = 30; This profile is private; id = 202972846
Error: error_code = 30; This profile is private; id = 7391296
Error: error_code = 30; This profile is private; id = 556779928
Error: error_code = 30; This profile is private; id = 21044957
Error: error_code = 30; This profile is private; id = 681293252
Error: error_code = 30; This profile is private; id = 551589881
Error: error_code = 30; This profile is private; id = 43426626
Error: error_code = 30; This profile is private; id = 554011122
Error: error_code = 30; This profile is private; id = 569909776
Error: error_code = 30; This profile is private; id = 575031591
Error: error_code = 15; Access denied: user deactivated; id = 500830731
Error: error_code = 30; This profile is private; id = 695296539
Error: error_code = 30; This profile is private; id = 194548386
Error: error_code = 30; This profile is private; id = 92405112
Error: error_code = 30; This profile is private; id = 678269501
Error: error_code = 30; This profile is private; id = 385150192
Error: error_code = 15; Access denied: user deactivated; id = 451403142
Error: error_code = 30; This profile is private; id = 277551514
Error: error_code = 15; Access denied: user deactivated; id = 495572405
Error: error_code = 30; This profile is private; id = 155501115
Error: error_code = 15; Access denied: user deactivated; id = 523843887
Error: error_code = 30; This profile is private; id = 465647536
Error: error_code = 30; This profile is private; id = 55563548
Error: error_code = 30; This profile is private; id = 67872316
Error: error_code = 30; This profile is private; id = 437532488
Error: error_code = 30; This profile is private; id = 580505117
Error: error_code = 15; Access denied: user deactivated; id = 715187036
Error: error_code = 30; This profile is private; id = 179277953
Error: error_code = 30; This profile is private; id = 578025837
Error: error_code = 30; This profile is private; id = 122658178
Error: error_code = 15; Access denied: user deactivated; id = 533186363
Error: error_code = 30; This profile is private; id = 155271646
Error: error_code = 30; This profile is private; id = 376371444
Error: error_code = 30; This profile is private; id = 420071867
Error: error_code = 15; Access denied: user deactivated; id = 216549623
Error: error_code = 15; Access denied: user deactivated; id = 688428700
Error: error_code = 30; This profile is private; id = 677962334
Error: error_code = 30; This profile is private; id = 205849551
Error: error_code = 30; This profile is private; id = 291339626
Error: error_code = 30; This profile is private; id = 313028182
Error: error_code = 15; Access denied: user deactivated; id = 284150547
Error: error_code = 30; This profile is private; id = 372525923
Error: error_code = 30; This profile is private; id = 210110351
Error: error_code = 30; This profile is private; id = 537873407
Error: error_code = 30; This profile is private; id = 130144553
Error: error_code = 15; Access denied: user deactivated; id = 302165146
Error: error_code = 30; This profile is private; id = 681129684
Error: error_code = 15; Access denied: user deactivated; id = 371169882
Error: error_code = 30; This profile is private; id = 9348233
Error: error_code = 15; Access denied: user deactivated; id = 98251735
Error: error_code = 30; This profile is private; id = 565531066
Error: error_code = 30; This profile is private; id = 588457665
Error: error_code = 30; This profile is private; id = 54259654
Error: error_code = 30; This profile is private; id = 71066635
Error: error_code = 30; This profile is private; id = 500030818
Error: error_code = 30; This profile is private; id = 45278325
Error: error_code = 30; This profile is private; id = 23006020
Error: error_code = 15; Access denied: user deactivated; id = 633446446
Error: error_code = 15; Access denied: user deactivated; id = 599524740
Error: error_code = 30; This profile is private; id = 139621122
Error: error_code = 15; Access denied: user deactivated; id = 378229154
Error: error_code = 30; This profile is private; id = 608294154
Error: error_code = 30; This profile is private; id = 575552704
Error: error_code = 15; Access denied: user deactivated; id = 426793452
Error: error_code = 30; This profile is private; id = 566677147
Error: error_code = 30; This profile is private; id = 16615458
Error: error_code = 30; This profile is private; id = 58455322
Error: error_code = 30; This profile is private; id = 462544883
Error: error_code = 30; This profile is private; id = 454020440
Error: error_code = 30; This profile is private; id = 383975666
Error: error_code = 30; This profile is private; id = 276477792
Error: error_code = 15; Access denied: user deactivated; id = 321812617
Error: error_code = 15; Access denied: user deactivated; id = 163620190
Error: error_code = 30; This profile is private; id = 581822265
Error: error_code = 15; Access denied: user deactivated; id = 379218746
Error: error_code = 30; This profile is private; id = 545322344
Error: error_code = 30; This profile is private; id = 506943662
Error: error_code = 30; This profile is private; id = 13143131
Error: error_code = 15; Access denied: user deactivated; id = 16069293
Error: error_code = 30; This profile is private; id = 156355630
Error: error_code = 15; Access denied: user deactivated; id = 14370799
Error: error_code = 30; This profile is private; id = 7391773
Error: error_code = 30; This profile is private; id = 309697671
Error: error_code = 15; Access denied: user deactivated; id = 375755340
Error: error_code = 30; This profile is private; id = 578793072
Error: error_code = 30; This profile is private; id = 648308309
Error: error_code = 15; Access denied: user deactivated; id = 345663429
Error: error_code = 30; This profile is private; id = 66509131
Error: error_code = 30; This profile is private; id = 46547444
Error: error_code = 15; Access denied: user deactivated; id = 191411146
Error: error_code = 30; This profile is private; id = 432055203
Error: error_code = 15; Access denied: user deactivated; id = 409464727
Error: error_code = 30; This profile is private; id = 602589276
Error: error_code = 30; This profile is private; id = 290107679
Error: error_code = 30; This profile is private; id = 156209025
Error: error_code = 30; This profile is private; id = 95399055
Error: error_code = 30; This profile is private; id = 270644645
Error: error_code = 15; Access denied: user deactivated; id = 95983937
Error: error_code = 30; This profile is private; id = 261560444
Error: error_code = 30; This profile is private; id = 588529444
Error: error_code = 15; Access denied: user deactivated; id = 534586110
Error: error_code = 15; Access denied: user deactivated; id = 557579411
Error: error_code = 30; This profile is private; id = 599454369
Error: error_code = 30; This profile is private; id = 491997394
Error: error_code = 30; This profile is private; id = 29950294
Error: error_code = 30; This profile is private; id = 215290037
Error: error_code = 30; This profile is private; id = 708417723
Error: error_code = 30; This profile is private; id = 205561646
Error: error_code = 30; This profile is private; id = 365163702
Error: error_code = 30; This profile is private; id = 240753860
Error: error_code = 15; Access denied: user deactivated; id = 205241964
Error: error_code = 30; This profile is private; id = 169108024
Error: error_code = 30; This profile is private; id = 145692746
Error: error_code = 15; Access denied: user deactivated; id = 217306939
Error: error_code = 15; Access denied: user deactivated; id = 213969527
Error: error_code = 30; This profile is private; id = 590742252
Error: error_code = 15; Access denied: user deactivated; id = 407493425
Error: error_code = 15; Access denied: user deactivated; id = 340167829
Error: error_code = 30; This profile is private; id = 52229743
Error: error_code = 30; This profile is private; id = 70629457
Error: error_code = 30; This profile is private; id = 159482976
Error: error_code = 30; This profile is private; id = 604067
Error: error_code = 30; This profile is private; id = 234534110
Error: error_code = 30; This profile is private; id = 522636001
Error: error_code = 30; This profile is private; id = 139918438
Error: error_code = 30; This profile is private; id = 429920555
Error: error_code = 30; This profile is private; id = 397081120
Error: error_code = 30; This profile is private; id = 337272501
Error: error_code = 30; This profile is private; id = 440483964
Error: error_code = 15; Access denied: user deactivated; id = 354018542
Error: error_code = 30; This profile is private; id = 184244345
Error: error_code = 30; This profile is private; id = 101320832
Error: error_code = 30; This profile is private; id = 265254731
Error: error_code = 15; Access denied: user deactivated; id = 219137052
Error: error_code = 30; This profile is private; id = 70428945
Error: error_code = 30; This profile is private; id = 649124116
Error: error_code = 30; This profile is private; id = 508536221
Error: error_code = 30; This profile is private; id = 542167325
Error: error_code = 30; This profile is private; id = 58175542
Error: error_code = 15; Access denied: user deactivated; id = 339618374
Error: error_code = 30; This profile is private; id = 232124100
Error: error_code = 30; This profile is private; id = 80185877
Error: error_code = 30; This profile is private; id = 577167217
Error: error_code = 30; This profile is private; id = 651336459
Error: error_code = 30; This profile is private; id = 261125810
Error: error_code = 30; This profile is private; id = 370579458
Error: error_code = 30; This profile is private; id = 458032547
Error: error_code = 30; This profile is private; id = 217900286
Error: error_code = 30; This profile is private; id = 684494602
Error: error_code = 30; This profile is private; id = 35465025
Error: error_code = 15; Access denied: user deactivated; id = 187618433
Error: error_code = 30; This profile is private; id = 168944131
Error: error_code = 30; This profile is private; id = 309255545
Error: error_code = 15; Access denied: user deactivated; id = 242526844
Error: error_code = 30; This profile is private; id = 24781361
Error: error_code = 15; Access denied: user deactivated; id = 215976313
Error: error_code = 30; This profile is private; id = 609233505
Error: error_code = 15; Access denied: user deactivated; id = 409030093
Error: error_code = 15; Access denied: user deactivated; id = 102486410
Error: error_code = 30; This profile is private; id = 495717276
Error: error_code = 30; This profile is private; id = 631487225
Error: error_code = 30; This profile is private; id = 74650073
Error: error_code = 30; This profile is private; id = 286891727
Error: error_code = 15; Access denied: user deactivated; id = 444954736
Error: error_code = 30; This profile is private; id = 350916140
Error: error_code = 30; This profile is private; id = 598276807
Error: error_code = 30; This profile is private; id = 561554737
Error: error_code = 30; This profile is private; id = 247658798
Error: error_code = 15; Access denied: user deactivated; id = 425555761
Error: error_code = 30; This profile is private; id = 620436015
Error: error_code = 30; This profile is private; id = 434319807
Error: error_code = 30; This profile is private; id = 487559890
Error: error_code = 30; This profile is private; id = 309933219
Error: error_code = 30; This profile is private; id = 571648178
Error: error_code = 30; This profile is private; id = 427351186
Error: error_code = 15; Access denied: user deactivated; id = 4339065
Error: error_code = 15; Access denied: user deactivated; id = 516899574
Error: error_code = 30; This profile is private; id = 24536112
Error: error_code = 30; This profile is private; id = 81781163
Error: error_code = 30; This profile is private; id = 157376894
Error: error_code = 30; This profile is private; id = 103916325
Error: error_code = 30; This profile is private; id = 485940763
Error: error_code = 30; This profile is private; id = 97256707
Error: error_code = 30; This profile is private; id = 444500669
Error: error_code = 15; Access denied: user deactivated; id = 362907527
Error: error_code = 30; This profile is private; id = 366062945
Error: error_code = 15; Access denied: user deactivated; id = 542488404
Error: error_code = 15; Access denied: user deactivated; id = 600603918
Error: error_code = 15; Access denied: user deactivated; id = 211491552
Error: error_code = 30; This profile is private; id = 200303314
Error: error_code = 30; This profile is private; id = 444898835
Error: error_code = 30; This profile is private; id = 31681057
Error: error_code = 30; This profile is private; id = 182360220
Error: error_code = 15; Access denied: user deactivated; id = 480817291
Error: error_code = 30; This profile is private; id = 691235426
Error: error_code = 15; Access denied: user deactivated; id = 224889784
Error: error_code = 30; This profile is private; id = 139250643
Error: error_code = 30; This profile is private; id = 145863028
Error: error_code = 15; Access denied: user deactivated; id = 225720414
Error: error_code = 30; This profile is private; id = 539078651
Error: error_code = 30; This profile is private; id = 603862428
Error: error_code = 30; This profile is private; id = 250404714
Error: error_code = 30; This profile is private; id = 150544275
Error: error_code = 30; This profile is private; id = 281799520
Error: error_code = 30; This profile is private; id = 42384630
Error: error_code = 15; Access denied: user deactivated; id = 342557028
Error: error_code = 15; Access denied: user deactivated; id = 260731078
Error: error_code = 30; This profile is private; id = 406152481
Error: error_code = 30; This profile is private; id = 384211275
Error: error_code = 30; This profile is private; id = 688657574
Error: error_code = 30; This profile is private; id = 596320841
Error: error_code = 30; This profile is private; id = 579476723
Error: error_code = 30; This profile is private; id = 320879601
Error: error_code = 30; This profile is private; id = 463406846
Error: error_code = 30; This profile is private; id = 44866826
Error: error_code = 30; This profile is private; id = 154623303
Error: error_code = 30; This profile is private; id = 181252707
Error: error_code = 30; This profile is private; id = 181351207
Error: error_code = 15; Access denied: user deactivated; id = 197435112
Error: error_code = 30; This profile is private; id = 251226868
Error: error_code = 30; This profile is private; id = 588445492
Error: error_code = 15; Access denied: user deactivated; id = 186135561
Error: error_code = 15; Access denied: user deactivated; id = 316875632
Error: error_code = 30; This profile is private; id = 159840308
Error: error_code = 30; This profile is private; id = 687106939
Error: error_code = 15; Access denied: user deactivated; id = 184611259
Error: error_code = 30; This profile is private; id = 678108446
Error: error_code = 15; Access denied: user deactivated; id = 561299970
Error: error_code = 30; This profile is private; id = 176599710
Error: error_code = 30; This profile is private; id = 250470808
Error: error_code = 30; This profile is private; id = 45419780
Error: error_code = 15; Access denied: user deactivated; id = 403867307
Error: error_code = 30; This profile is private; id = 586814339
Error: error_code = 30; This profile is private; id = 525207294
Error: error_code = 15; Access denied: user deactivated; id = 59112058
Error: error_code = 30; This profile is private; id = 471265795
Error: error_code = 30; This profile is private; id = 302278553
Error: error_code = 30; This profile is private; id = 687996107
Error: error_code = 15; Access denied: user deactivated; id = 185978204
Error: error_code = 30; This profile is private; id = 302744291
Error: error_code = 15; Access denied: user deactivated; id = 436281378
Error: error_code = 30; This profile is private; id = 151761244
Error: error_code = 30; This profile is private; id = 112429778
Error: error_code = 30; This profile is private; id = 530747314
Error: error_code = 30; This profile is private; id = 230655127
Error: error_code = 15; Access denied: user deactivated; id = 348849780
Error: error_code = 30; This profile is private; id = 1742231
Error: error_code = 30; This profile is private; id = 130847964
Error: error_code = 30; This profile is private; id = 125749707
Error: error_code = 15; Access denied: user deactivated; id = 383437334
Error: error_code = 30; This profile is private; id = 259149680
Error: error_code = 30; This profile is private; id = 189172710
Error: error_code = 30; This profile is private; id = 478989516
Error: error_code = 15; Access denied: user deactivated; id = 550077569
Error: error_code = 30; This profile is private; id = 277920932
Error: error_code = 30; This profile is private; id = 631555698
Error: error_code = 30; This profile is private; id = 11972452
Error: error_code = 15; Access denied: user deactivated; id = 3947358
Error: error_code = 15; Access denied: user deactivated; id = 398119002
Error: error_code = 30; This profile is private; id = 113993100
Error: error_code = 30; This profile is private; id = 54694063
Error: error_code = 30; This profile is private; id = 447474617
Error: error_code = 15; Access denied: user deactivated; id = 378480646
Error: error_code = 15; Access denied: user deactivated; id = 209696938
Error: error_code = 15; Access denied: user deactivated; id = 298406966
Error: error_code = 15; Access denied: user deactivated; id = 221080262
Error: error_code = 30; This profile is private; id = 154355894
Error: error_code = 30; This profile is private; id = 201097340
Error: error_code = 15; Access denied: user deactivated; id = 255857879
Error: error_code = 30; This profile is private; id = 667786005
Error: error_code = 30; This profile is private; id = 252929502
Error: error_code = 15; Access denied: user deactivated; id = 206177252
Error: error_code = 30; This profile is private; id = 249063309
Error: error_code = 30; This profile is private; id = 306738861
Error: error_code = 15; Access denied: user deactivated; id = 454272570
Error: error_code = 15; Access denied: user deactivated; id = 384307613
Error: error_code = 30; This profile is private; id = 2566134
Error: error_code = 30; This profile is private; id = 260200846
Error: error_code = 30; This profile is private; id = 191533363
Error: error_code = 30; This profile is private; id = 143174323
Error: error_code = 30; This profile is private; id = 16953879
Error: error_code = 30; This profile is private; id = 523801844
Error: error_code = 30; This profile is private; id = 54410457
Error: error_code = 30; This profile is private; id = 580308360
Error: error_code = 15; Access denied: user deactivated; id = 395195857
Error: error_code = 30; This profile is private; id = 529329166
Error: error_code = 30; This profile is private; id = 444337562
Error: error_code = 30; This profile is private; id = 361080361
Error: error_code = 30; This profile is private; id = 346385210
Error: error_code = 30; This profile is private; id = 463029566
Error: error_code = 30; This profile is private; id = 463308446
Error: error_code = 30; This profile is private; id = 581567951
Error: error_code = 30; This profile is private; id = 382395158
Error: error_code = 30; This profile is private; id = 100634076
Error: error_code = 30; This profile is private; id = 60422085
Error: error_code = 30; This profile is private; id = 471806291
Error: error_code = 30; This profile is private; id = 459064333
Error: error_code = 30; This profile is private; id = 131860042
Error: error_code = 30; This profile is private; id = 56255638
Error: error_code = 30; This profile is private; id = 433929458
Error: error_code = 30; This profile is private; id = 364775495
Error: error_code = 30; This profile is private; id = 479351080
Error: error_code = 30; This profile is private; id = 90503948
Error: error_code = 30; This profile is private; id = 207902919
Error: error_code = 15; Access denied: user deactivated; id = 436002515
Error: error_code = 15; Access denied: user deactivated; id = 438331940
Error: error_code = 30; This profile is private; id = 189958530
Error: error_code = 30; This profile is private; id = 168915080
Error: error_code = 30; This profile is private; id = 672266168
Error: error_code = 30; This profile is private; id = 579219012
Error: error_code = 30; This profile is private; id = 252112554
Error: error_code = 30; This profile is private; id = 449608597
Error: error_code = 15; Access denied: user deactivated; id = 383417952
Error: error_code = 30; This profile is private; id = 184747623
Error: error_code = 30; This profile is private; id = 122221765
Error: error_code = 15; Access denied: user deactivated; id = 378415675
Error: error_code = 15; Access denied: user deactivated; id = 425763747
Error: error_code = 15; Access denied: user deactivated; id = 288202796
Error: error_code = 30; This profile is private; id = 7111206
Error: error_code = 30; This profile is private; id = 293931927
Error: error_code = 30; This profile is private; id = 308637825
Error: error_code = 30; This profile is private; id = 250497532
Error: error_code = 30; This profile is private; id = 152347762
Error: error_code = 15; Access denied: user deactivated; id = 426389373
Error: error_code = 30; This profile is private; id = 142691073
Error: error_code = 30; This profile is private; id = 11487918
Error: error_code = 15; Access denied: user deactivated; id = 60884154
Error: error_code = 30; This profile is private; id = 291649478
Error: error_code = 30; This profile is private; id = 565855820
Error: error_code = 30; This profile is private; id = 194388320
Error: error_code = 15; Access denied: user deactivated; id = 660100163
Error: error_code = 30; This profile is private; id = 211175355
Error: error_code = 15; Access denied: user deactivated; id = 255350544
Error: error_code = 30; This profile is private; id = 37094466
Error: error_code = 15; Access denied: user deactivated; id = 172226044
Error: error_code = 30; This profile is private; id = 386060973
Error: error_code = 30; This profile is private; id = 18614591
Error: error_code = 30; This profile is private; id = 569725490
Error: error_code = 15; Access denied: user deactivated; id = 426051096
Error: error_code = 30; This profile is private; id = 60291761
Error: error_code = 15; Access denied: user deactivated; id = 496551909
Error: error_code = 30; This profile is private; id = 273981975
Error: error_code = 30; This profile is private; id = 248031064
Error: error_code = 15; Access denied: user deactivated; id = 346826576
Error: error_code = 30; This profile is private; id = 489951201
Error: error_code = 15; Access denied: user deactivated; id = 213565812
Error: error_code = 30; This profile is private; id = 58616289
Error: error_code = 30; This profile is private; id = 384874556
Error: error_code = 30; This profile is private; id = 713503899
Error: error_code = 15; Access denied: user deactivated; id = 185445610
Error: error_code = 30; This profile is private; id = 478279039
Error: error_code = 15; Access denied: user deactivated; id = 538329217
Error: error_code = 30; This profile is private; id = 143957570
Error: error_code = 30; This profile is private; id = 36882497
Error: error_code = 30; This profile is private; id = 581396815
Error: error_code = 30; This profile is private; id = 654023309
Error: error_code = 30; This profile is private; id = 625234436
Error: error_code = 30; This profile is private; id = 121560769
Error: error_code = 30; This profile is private; id = 623787910
Error: error_code = 30; This profile is private; id = 67158410
Error: error_code = 30; This profile is private; id = 297248201
Error: error_code = 30; This profile is private; id = 31354319
Error: error_code = 30; This profile is private; id = 231136314
Error: error_code = 15; Access denied: user deactivated; id = 435087389
Error: error_code = 30; This profile is private; id = 432442611
Error: error_code = 30; This profile is private; id = 605536366
Error: error_code = 30; This profile is private; id = 122012052
Error: error_code = 30; This profile is private; id = 154219284
Error: error_code = 15; Access denied: user deactivated; id = 111928926
Error: error_code = 30; This profile is private; id = 582232675
Error: error_code = 30; This profile is private; id = 253098944
Error: error_code = 30; This profile is private; id = 103721096
Error: error_code = 30; This profile is private; id = 152197695
Error: error_code = 30; This profile is private; id = 283719852
Error: error_code = 30; This profile is private; id = 574639796
Error: error_code = 30; This profile is private; id = 368531071
Error: error_code = 15; Access denied: user deactivated; id = 155149363
Error: error_code = 30; This profile is private; id = 40345521
Error: error_code = 30; This profile is private; id = 555875350
Error: error_code = 30; This profile is private; id = 27388016
Error: error_code = 30; This profile is private; id = 581329363
Error: error_code = 30; This profile is private; id = 518485566
Error: error_code = 30; This profile is private; id = 335452222
Error: error_code = 15; Access denied: user deactivated; id = 467047402
Error: error_code = 30; This profile is private; id = 98519784
Error: error_code = 30; This profile is private; id = 444351012
Error: error_code = 15; Access denied: user deactivated; id = 548718171
Error: error_code = 30; This profile is private; id = 57325659
Error: error_code = 15; Access denied: user deactivated; id = 431672659
Error: error_code = 15; Access denied: user deactivated; id = 525046715
Error: error_code = 30; This profile is private; id = 381441132
Error: error_code = 30; This profile is private; id = 36282665
Error: error_code = 30; This profile is private; id = 187273256
Error: error_code = 30; This profile is private; id = 132285250
Error: error_code = 15; Access denied: user deactivated; id = 384941968
Error: error_code = 30; This profile is private; id = 561854081
Error: error_code = 15; Access denied: user deactivated; id = 574040712
Error: error_code = 30; This profile is private; id = 648844417
Error: error_code = 15; Access denied: user deactivated; id = 431553670
Error: error_code = 30; This profile is private; id = 189657156
Error: error_code = 30; This profile is private; id = 55174666
Error: error_code = 30; This profile is private; id = 69486474
Error: error_code = 30; This profile is private; id = 610983456
Error: error_code = 30; This profile is private; id = 302068560
Error: error_code = 30; This profile is private; id = 642323803
Error: error_code = 30; This profile is private; id = 29616684
Error: error_code = 15; Access denied: user deactivated; id = 543367883
Error: error_code = 30; This profile is private; id = 519615256
Error: error_code = 30; This profile is private; id = 574159550
Error: error_code = 30; This profile is private; id = 347774081
Error: error_code = 15; Access denied: user deactivated; id = 409612457
Error: error_code = 30; This profile is private; id = 541859032
Error: error_code = 15; Access denied: user deactivated; id = 220150979
Error: error_code = 30; This profile is private; id = 9873839
Error: error_code = 30; This profile is private; id = 156442447
Error: error_code = 30; This profile is private; id = 650272827
Error: error_code = 15; Access denied: user deactivated; id = 496333909
Error: error_code = 30; This profile is private; id = 253734904
Error: error_code = 30; This profile is private; id = 716719019
Error: error_code = 30; This profile is private; id = 580473820
Error: error_code = 30; This profile is private; id = 243001123
Error: error_code = 30; This profile is private; id = 571278862
Error: error_code = 30; This profile is private; id = 574698121
Error: error_code = 15; Access denied: user deactivated; id = 502046522
Error: error_code = 30; This profile is private; id = 372979078
Error: error_code = 15; Access denied: user deactivated; id = 193991675
Error: error_code = 30; This profile is private; id = 295335823
Error: error_code = 30; This profile is private; id = 298409695
Error: error_code = 15; Access denied: user deactivated; id = 606814547
Error: error_code = 30; This profile is private; id = 49228504
Error: error_code = 15; Access denied: user deactivated; id = 238783535
Error: error_code = 30; This profile is private; id = 702107925
Error: error_code = 15; Access denied: user deactivated; id = 208420301
Error: error_code = 30; This profile is private; id = 704141254
Error: error_code = 30; This profile is private; id = 344694232
Error: error_code = 30; This profile is private; id = 285766805
Error: error_code = 30; This profile is private; id = 253947422
Error: error_code = 30; This profile is private; id = 273579307
Error: error_code = 15; Access denied: user deactivated; id = 229869083
Error: error_code = 30; This profile is private; id = 710703108
Error: error_code = 15; Access denied: user deactivated; id = 357126414
Error: error_code = 30; This profile is private; id = 642363561
Error: error_code = 30; This profile is private; id = 238741138
Error: error_code = 30; This profile is private; id = 393099284
Error: error_code = 15; Access denied: user deactivated; id = 234409921
Error: error_code = 30; This profile is private; id = 65358914
Error: error_code = 30; This profile is private; id = 484189191
Error: error_code = 30; This profile is private; id = 207670847
Error: error_code = 30; This profile is private; id = 375754583
Error: error_code = 30; This profile is private; id = 368423561
Error: error_code = 30; This profile is private; id = 591159845
Error: error_code = 30; This profile is private; id = 320715964
Error: error_code = 30; This profile is private; id = 9444238
Error: error_code = 30; This profile is private; id = 682197340
Error: error_code = 30; This profile is private; id = 326535399
Error: error_code = 30; This profile is private; id = 164069526
Error: error_code = 15; Access denied: user deactivated; id = 421355372
Error: error_code = 15; Access denied: user deactivated; id = 560110274
Error: error_code = 30; This profile is private; id = 353859617
Error: error_code = 30; This profile is private; id = 675232136
Error: error_code = 30; This profile is private; id = 7734538
Error: error_code = 15; Access denied: user deactivated; id = 268309488
Error: error_code = 30; This profile is private; id = 187809979
Error: error_code = 15; Access denied: user deactivated; id = 573307260
Error: error_code = 15; Access denied: user deactivated; id = 404220872
Error: error_code = 15; Access denied: user deactivated; id = 487936203
Error: error_code = 15; Access denied: user deactivated; id = 423545235
Error: error_code = 30; This profile is private; id = 546769348
Error: error_code = 30; This profile is private; id = 462947597
Error: error_code = 15; Access denied: user deactivated; id = 267083843
Error: error_code = 30; This profile is private; id = 21141033
Error: error_code = 30; This profile is private; id = 683919245
Error: error_code = 30; This profile is private; id = 273902406
Error: error_code = 30; This profile is private; id = 582516257
Error: error_code = 30; This profile is private; id = 148570350
Error: error_code = 15; Access denied: user deactivated; id = 527047291
Error: error_code = 30; This profile is private; id = 679148765
Error: error_code = 30; This profile is private; id = 31608617
Error: error_code = 15; Access denied: user deactivated; id = 271789746
Error: error_code = 30; This profile is private; id = 448750526
Error: error_code = 30; This profile is private; id = 645904916
Error: error_code = 30; This profile is private; id = 476605950
Error: error_code = 30; This profile is private; id = 160683627
Error: error_code = 15; Access denied: user deactivated; id = 276799715
Error: error_code = 30; This profile is private; id = 153873909
Error: error_code = 30; This profile is private; id = 639553475
Error: error_code = 30; This profile is private; id = 495039634
Error: error_code = 30; This profile is private; id = 283692921
Error: error_code = 15; Access denied: user deactivated; id = 400395484
Error: error_code = 30; This profile is private; id = 225393935
Error: error_code = 15; Access denied: user deactivated; id = 498131756
Error: error_code = 15; Access denied: user deactivated; id = 148524064
Error: error_code = 15; Access denied: user deactivated; id = 257635470
Error: error_code = 30; This profile is private; id = 639868581
Error: error_code = 30; This profile is private; id = 250491882
Error: error_code = 15; Access denied: user deactivated; id = 346293409
Error: error_code = 30; This profile is private; id = 473753503
Error: error_code = 30; This profile is private; id = 156455250
Error: error_code = 15; Access denied: user deactivated; id = 393206886
Error: error_code = 15; Access denied: user deactivated; id = 192413411
Error: error_code = 30; This profile is private; id = 18549633
Error: error_code = 30; This profile is private; id = 4176501
Error: error_code = 15; Access denied: user deactivated; id = 533995528
Error: error_code = 30; This profile is private; id = 4699564
Error: error_code = 30; This profile is private; id = 277171076
Error: error_code = 15; Access denied: user deactivated; id = 261591378
Error: error_code = 15; Access denied: user deactivated; id = 229687289
Error: error_code = 30; This profile is private; id = 137581713
Error: error_code = 30; This profile is private; id = 281526513
Error: error_code = 30; This profile is private; id = 146516734
Error: error_code = 15; Access denied: user deactivated; id = 29124991
Error: error_code = 30; This profile is private; id = 599303299
Error: error_code = 30; This profile is private; id = 3149789
Error: error_code = 15; Access denied: user deactivated; id = 426768794
Error: error_code = 30; This profile is private; id = 710361712
Error: error_code = 30; This profile is private; id = 226840993
Error: error_code = 15; Access denied: user deactivated; id = 373603728
Error: error_code = 30; This profile is private; id = 601178750
Error: error_code = 30; This profile is private; id = 133175820
Error: error_code = 30; This profile is private; id = 649860723
Error: error_code = 30; This profile is private; id = 556128758
Error: error_code = 30; This profile is private; id = 24893402
Error: error_code = 15; Access denied: user deactivated; id = 179580113
Error: error_code = 15; Access denied: user deactivated; id = 549527759
Error: error_code = 30; This profile is private; id = 12949777
Error: error_code = 30; This profile is private; id = 240027325
Error: error_code = 30; This profile is private; id = 604387901
Error: error_code = 30; This profile is private; id = 457151582
Error: error_code = 30; This profile is private; id = 297294360
Error: error_code = 30; This profile is private; id = 275283746
Error: error_code = 30; This profile is private; id = 757849
Error: error_code = 15; Access denied: user deactivated; id = 546070996
Error: error_code = 30; This profile is private; id = 292225839
Error: error_code = 15; Access denied: user deactivated; id = 396322659
Error: error_code = 30; This profile is private; id = 633773800
Error: error_code = 30; This profile is private; id = 225891933
Error: error_code = 30; This profile is private; id = 377756625
Error: error_code = 15; Access denied: user deactivated; id = 219875310
Error: error_code = 30; This profile is private; id = 248439203
Error: error_code = 30; This profile is private; id = 133204463
Error: error_code = 30; This profile is private; id = 245998620
Error: error_code = 30; This profile is private; id = 272324628
Error: error_code = 30; This profile is private; id = 240208794
Error: error_code = 30; This profile is private; id = 306649663
Error: error_code = 30; This profile is private; id = 547188058
Error: error_code = 15; Access denied: user deactivated; id = 240638342
Error: error_code = 15; Access denied: user deactivated; id = 391367454
Error: error_code = 30; This profile is private; id = 539090375
Error: error_code = 30; This profile is private; id = 642925136
Error: error_code = 30; This profile is private; id = 239282721
Error: error_code = 15; Access denied: user deactivated; id = 278120079
Error: error_code = 30; This profile is private; id = 492718050
Error: error_code = 30; This profile is private; id = 465530729
Error: error_code = 30; This profile is private; id = 617476684
Error: error_code = 30; This profile is private; id = 228023135
Error: error_code = 15; Access denied: user deactivated; id = 331145656
Error: error_code = 30; This profile is private; id = 146856569
Error: error_code = 30; This profile is private; id = 227514512
Error: error_code = 15; Access denied: user deactivated; id = 482702188
Error: error_code = 15; Access denied: user deactivated; id = 498629289
Error: error_code = 30; This profile is private; id = 672500550
Error: error_code = 15; Access denied: user deactivated; id = 201039207
Error: error_code = 30; This profile is private; id = 450622121
Error: error_code = 30; This profile is private; id = 325134003
Error: error_code = 30; This profile is private; id = 181909450
Error: error_code = 15; Access denied: user deactivated; id = 19776645
Error: error_code = 30; This profile is private; id = 406957982
Error: error_code = 30; This profile is private; id = 364807832
Error: error_code = 30; This profile is private; id = 657155758
Error: error_code = 30; This profile is private; id = 68009050
Error: error_code = 30; This profile is private; id = 611319411
Error: error_code = 30; This profile is private; id = 168098136
Error: error_code = 15; Access denied: user deactivated; id = 436684424
Error: error_code = 30; This profile is private; id = 182266146
Error: error_code = 15; Access denied: user deactivated; id = 20219818
Error: error_code = 30; This profile is private; id = 138037205
Error: error_code = 30; This profile is private; id = 127487450
Error: error_code = 30; This profile is private; id = 243544232
Error: error_code = 30; This profile is private; id = 540005821
Error: error_code = 15; Access denied: user deactivated; id = 263522505
Error: error_code = 30; This profile is private; id = 144928522
Error: error_code = 15; Access denied: user deactivated; id = 584287502
Error: error_code = 15; Access denied: user deactivated; id = 14019863
Error: error_code = 30; This profile is private; id = 380337863
Error: error_code = 30; This profile is private; id = 657758589
Error: error_code = 30; This profile is private; id = 26984129
Error: error_code = 30; This profile is private; id = 331502694
Error: error_code = 30; This profile is private; id = 448484843
Error: error_code = 30; This profile is private; id = 18939027
Error: error_code = 15; Access denied: user deactivated; id = 428335551
Error: error_code = 15; Access denied: user deactivated; id = 262013121
Error: error_code = 30; This profile is private; id = 633665497
Error: error_code = 30; This profile is private; id = 673113018
Error: error_code = 30; This profile is private; id = 535007229
Error: error_code = 15; Access denied: user deactivated; id = 334266868
Error: error_code = 15; Access denied: user deactivated; id = 240800128
Error: error_code = 30; This profile is private; id = 18679287
Error: error_code = 30; This profile is private; id = 286361751
Error: error_code = 30; This profile is private; id = 565360418
Error: error_code = 30; This profile is private; id = 954424
Error: error_code = 30; This profile is private; id = 314645951
Error: error_code = 15; Access denied: user deactivated; id = 649591579
Error: error_code = 30; This profile is private; id = 146004555
Error: error_code = 30; This profile is private; id = 153582131
Error: error_code = 15; Access denied: user deactivated; id = 561877988
Error: error_code = 30; This profile is private; id = 132667956
Error: error_code = 30; This profile is private; id = 487579876
Error: error_code = 15; Access denied: user deactivated; id = 468577965
Error: error_code = 15; Access denied: user deactivated; id = 201696519
Error: error_code = 15; Access denied: user deactivated; id = 49502404
Error: error_code = 30; This profile is private; id = 579755279
Error: error_code = 15; Access denied: user deactivated; id = 448040331
Error: error_code = 30; This profile is private; id = 318707911
Error: error_code = 15; Access denied: user deactivated; id = 92357106
Error: error_code = 30; This profile is private; id = 484179653
Error: error_code = 15; Access denied: user deactivated; id = 188914315
Error: error_code = 30; This profile is private; id = 699350552
Error: error_code = 15; Access denied: user deactivated; id = 203111794
Error: error_code = 30; This profile is private; id = 599985265
Error: error_code = 30; This profile is private; id = 132146176
Error: error_code = 15; Access denied: user deactivated; id = 442491049
Error: error_code = 15; Access denied: user deactivated; id = 43317145
Error: error_code = 30; This profile is private; id = 435382460
Error: error_code = 30; This profile is private; id = 709747666
Error: error_code = 30; This profile is private; id = 521153975
Error: error_code = 30; This profile is private; id = 90375742
Error: error_code = 30; This profile is private; id = 8948260
Error: error_code = 15; Access denied: user deactivated; id = 40490933
Error: error_code = 30; This profile is private; id = 542855892
Error: error_code = 30; This profile is private; id = 514686988
Error: error_code = 30; This profile is private; id = 83588183
Error: error_code = 30; This profile is private; id = 6947359
Error: error_code = 15; Access denied: user deactivated; id = 102010438
Error: error_code = 30; This profile is private; id = 2202457
Error: error_code = 30; This profile is private; id = 5783556
Error: error_code = 30; This profile is private; id = 343814452
Error: error_code = 30; This profile is private; id = 352221303
Error: error_code = 30; This profile is private; id = 427027910
Error: error_code = 15; Access denied: user deactivated; id = 414160334
Error: error_code = 15; Access denied: user deactivated; id = 96395244
Error: error_code = 30; This profile is private; id = 542029819
Error: error_code = 30; This profile is private; id = 134753500
Error: error_code = 30; This profile is private; id = 184862020
Error: error_code = 15; Access denied: user deactivated; id = 547043386
Error: error_code = 30; This profile is private; id = 388574541
Error: error_code = 30; This profile is private; id = 217162748
Error: error_code = 30; This profile is private; id = 551951380
Error: error_code = 30; This profile is private; id = 209245673
Error: error_code = 15; Access denied: user deactivated; id = 290271422
Error: error_code = 30; This profile is private; id = 134573218
Error: error_code = 15; Access denied: user deactivated; id = 432035449
Error: error_code = 30; This profile is private; id = 698193546
Error: error_code = 30; This profile is private; id = 389213098
Error: error_code = 15; Access denied: user deactivated; id = 184641396
Error: error_code = 15; Access denied: user deactivated; id = 382436895
Error: error_code = 30; This profile is private; id = 691945753
Error: error_code = 30; This profile is private; id = 52857271
Error: error_code = 15; Access denied: user deactivated; id = 338263439
Error: error_code = 30; This profile is private; id = 19464107
Error: error_code = 30; This profile is private; id = 240085512
Error: error_code = 30; This profile is private; id = 347068695
Error: error_code = 30; This profile is private; id = 129417151
Error: error_code = 30; This profile is private; id = 544585824
Error: error_code = 15; Access denied: user deactivated; id = 168952458
Error: error_code = 15; Access denied: user deactivated; id = 275844760
Error: error_code = 30; This profile is private; id = 478189552
Error: error_code = 30; This profile is private; id = 597942895
Error: error_code = 30; This profile is private; id = 263917643
Error: error_code = 30; This profile is private; id = 204544808
Error: error_code = 30; This profile is private; id = 436500214
Error: error_code = 15; Access denied: user deactivated; id = 514978193
Error: error_code = 15; Access denied: user deactivated; id = 231160838
Error: error_code = 30; This profile is private; id = 3909808
Error: error_code = 30; This profile is private; id = 241835365
Error: error_code = 30; This profile is private; id = 557217886
Error: error_code = 30; This profile is private; id = 650953686
Error: error_code = 15; Access denied: user deactivated; id = 150428237
Error: error_code = 15; Access denied: user deactivated; id = 540198030
Error: error_code = 30; This profile is private; id = 331779658
Error: error_code = 30; This profile is private; id = 380060388
Error: error_code = 30; This profile is private; id = 258378521
Error: error_code = 30; This profile is private; id = 347960699
Error: error_code = 30; This profile is private; id = 383622140
Error: error_code = 30; This profile is private; id = 713796674
Error: error_code = 15; Access denied: user deactivated; id = 175876014
Error: error_code = 15; Access denied: user deactivated; id = 402862295
Error: error_code = 30; This profile is private; id = 186643758
Error: error_code = 15; Access denied: user deactivated; id = 209634668
Error: error_code = 30; This profile is private; id = 339978840
Error: error_code = 30; This profile is private; id = 278002203
Error: error_code = 15; Access denied: user deactivated; id = 318152713
Error: error_code = 15; Access denied: user deactivated; id = 208036223
Error: error_code = 30; This profile is private; id = 5819239
Error: error_code = 15; Access denied: user deactivated; id = 538104905
Error: error_code = 30; This profile is private; id = 19134839
Error: error_code = 30; This profile is private; id = 287273605
Error: error_code = 30; This profile is private; id = 664436546
Error: error_code = 30; This profile is private; id = 178695455
Error: error_code = 30; This profile is private; id = 444708344
Error: error_code = 30; This profile is private; id = 33341604
Error: error_code = 30; This profile is private; id = 7707479
Error: error_code = 15; Access denied: user deactivated; id = 475525508
Error: error_code = 30; This profile is private; id = 73926854
Error: error_code = 30; This profile is private; id = 214087149
Error: error_code = 30; This profile is private; id = 464144671
Error: error_code = 30; This profile is private; id = 638700583
Error: error_code = 15; Access denied: user deactivated; id = 171721768
Error: error_code = 30; This profile is private; id = 663250183
Error: error_code = 15; Access denied: user deactivated; id = 271333127
Error: error_code = 30; This profile is private; id = 66388318
Error: error_code = 30; This profile is private; id = 330260348
Error: error_code = 15; Access denied: user deactivated; id = 222195529
Error: error_code = 30; This profile is private; id = 634951613
Error: error_code = 30; This profile is private; id = 665866849
Error: error_code = 30; This profile is private; id = 335200002
Error: error_code = 30; This profile is private; id = 23823413
Error: error_code = 15; Access denied: user deactivated; id = 196445439
Error: error_code = 30; This profile is private; id = 585228086
Error: error_code = 30; This profile is private; id = 670093474
Error: error_code = 30; This profile is private; id = 322186642
Error: error_code = 30; This profile is private; id = 466376133
Error: error_code = 30; This profile is private; id = 264952546
Error: error_code = 30; This profile is private; id = 382157667
Error: error_code = 15; Access denied: user deactivated; id = 244704692
Error: error_code = 30; This profile is private; id = 430496397
Error: error_code = 30; This profile is private; id = 570239630
Error: error_code = 30; This profile is private; id = 396183876
Error: error_code = 30; This profile is private; id = 360641497
Error: error_code = 15; Access denied: user deactivated; id = 349709280
Error: error_code = 15; Access denied: user deactivated; id = 230404635
Error: error_code = 30; This profile is private; id = 308364999
Error: error_code = 15; Access denied: user deactivated; id = 244306087
Error: error_code = 30; This profile is private; id = 526741499
Error: error_code = 15; Access denied: user deactivated; id = 467363500
Error: error_code = 15; Access denied: user deactivated; id = 342377140
Error: error_code = 15; Access denied: user deactivated; id = 427806765
Error: error_code = 30; This profile is private; id = 165627976
Error: error_code = 30; This profile is private; id = 381894203
Error: error_code = 30; This profile is private; id = 312542439
Error: error_code = 15; Access denied: user deactivated; id = 212657256
Error: error_code = 30; This profile is private; id = 333801646
Error: error_code = 30; This profile is private; id = 96564
Error: error_code = 30; This profile is private; id = 209714936
Error: error_code = 30; This profile is private; id = 175342174
Error: error_code = 15; Access denied: user deactivated; id = 401557109
Error: error_code = 30; This profile is private; id = 193360563
Error: error_code = 15; Access denied: user deactivated; id = 426779472
Error: error_code = 30; This profile is private; id = 585838559
Error: error_code = 30; This profile is private; id = 258937607
Error: error_code = 15; Access denied: user deactivated; id = 714313757
Error: error_code = 30; This profile is private; id = 640809994
Error: error_code = 30; This profile is private; id = 7423719
Error: error_code = 30; This profile is private; id = 248348335
Error: error_code = 30; This profile is private; id = 517843865
Error: error_code = 15; Access denied: user deactivated; id = 266830964
Error: error_code = 30; This profile is private; id = 485019848
Error: error_code = 30; This profile is private; id = 557390709
Error: error_code = 15; Access denied: user deactivated; id = 528689554
Error: error_code = 15; Access denied: user deactivated; id = 663462448
Error: error_code = 30; This profile is private; id = 619571018
Error: error_code = 30; This profile is private; id = 536971918
Error: error_code = 30; This profile is private; id = 315740040
Error: error_code = 15; Access denied: user deactivated; id = 273721968
Error: error_code = 15; Access denied: user deactivated; id = 212362995
Error: error_code = 30; This profile is private; id = 63405671
Error: error_code = 30; This profile is private; id = 320876392
Error: error_code = 15; Access denied: user deactivated; id = 538212116
Error: error_code = 15; Access denied: user deactivated; id = 177354359
Error: error_code = 30; This profile is private; id = 166979719
Error: error_code = 15; Access denied: user deactivated; id = 406817651
Error: error_code = 15; Access denied: user deactivated; id = 269585316
Error: error_code = 30; This profile is private; id = 10337818
Error: error_code = 30; This profile is private; id = 85458299
Error: error_code = 15; Access denied: user deactivated; id = 399505438
Error: error_code = 30; This profile is private; id = 372331688
Error: error_code = 15; Access denied: user deactivated; id = 431910113
Error: error_code = 30; This profile is private; id = 415735680
Error: error_code = 30; This profile is private; id = 166313049
Error: error_code = 30; This profile is private; id = 438303725
Error: error_code = 30; This profile is private; id = 7021996
Error: error_code = 30; This profile is private; id = 449149310
Error: error_code = 15; Access denied: user deactivated; id = 293223031
Error: error_code = 30; This profile is private; id = 294052516
Error: error_code = 30; This profile is private; id = 583073416
Error: error_code = 30; This profile is private; id = 690051649
Error: error_code = 30; This profile is private; id = 169956109
Error: error_code = 15; Access denied: user deactivated; id = 394707460
Error: error_code = 30; This profile is private; id = 274497378
Error: error_code = 30; This profile is private; id = 384711258
Error: error_code = 15; Access denied: user deactivated; id = 111421141
Error: error_code = 30; This profile is private; id = 432812745
Error: error_code = 30; This profile is private; id = 163090650
Error: error_code = 30; This profile is private; id = 409692986
Error: error_code = 30; This profile is private; id = 485716305
Error: error_code = 15; Access denied: user deactivated; id = 688439217
Error: error_code = 15; Access denied: user deactivated; id = 712158071
Error: error_code = 15; Access denied: user deactivated; id = 713761775
Error: error_code = 30; This profile is private; id = 233644479
Error: error_code = 30; This profile is private; id = 357134823
Error: error_code = 30; This profile is private; id = 662973807
Error: error_code = 30; This profile is private; id = 133968346
Error: error_code = 30; This profile is private; id = 491069163
Error: error_code = 30; This profile is private; id = 584439876
Error: error_code = 30; This profile is private; id = 37010962
Error: error_code = 30; This profile is private; id = 14374817
Error: error_code = 30; This profile is private; id = 458664415
Error: error_code = 30; This profile is private; id = 55289115
Error: error_code = 15; Access denied: user deactivated; id = 219512075
Error: error_code = 15; Access denied: user deactivated; id = 12083632
Error: error_code = 30; This profile is private; id = 41095277
Error: error_code = 30; This profile is private; id = 710478979
Error: error_code = 15; Access denied: user deactivated; id = 397762528
Error: error_code = 30; This profile is private; id = 234428334
Error: error_code = 30; This profile is private; id = 72044392
Error: error_code = 30; This profile is private; id = 146917202
Error: error_code = 30; This profile is private; id = 700995609
Error: error_code = 30; This profile is private; id = 450032983
Error: error_code = 15; Access denied: user deactivated; id = 665496219
Error: error_code = 30; This profile is private; id = 167206350
Error: error_code = 30; This profile is private; id = 10472465
Error: error_code = 15; Access denied: user deactivated; id = 348549269
Error: error_code = 15; Access denied: user deactivated; id = 446964583
Error: error_code = 15; Access denied: user deactivated; id = 213726650
Error: error_code = 30; This profile is private; id = 298292054
Error: error_code = 30; This profile is private; id = 389699111
Error: error_code = 30; This profile is private; id = 95040832
Error: error_code = 15; Access denied: user deactivated; id = 53576755
Error: error_code = 15; Access denied: user deactivated; id = 308946190
Error: error_code = 15; Access denied: user deactivated; id = 660912855
Error: error_code = 30; This profile is private; id = 540087065
Error: error_code = 30; This profile is private; id = 466569481
Error: error_code = 15; Access denied: user deactivated; id = 151810021
Error: error_code = 30; This profile is private; id = 216698977
Error: error_code = 15; Access denied: user deactivated; id = 284182452
Error: error_code = 30; This profile is private; id = 335221769
Error: error_code = 15; Access denied: user deactivated; id = 4496255
Error: error_code = 30; This profile is private; id = 2056074
Error: error_code = 30; This profile is private; id = 187637063
Error: error_code = 30; This profile is private; id = 204031561
Error: error_code = 30; This profile is private; id = 377628047
Error: error_code = 15; Access denied: user deactivated; id = 415756216
Error: error_code = 30; This profile is private; id = 152984184
Error: error_code = 30; This profile is private; id = 435886033
Error: error_code = 15; Access denied: user deactivated; id = 549338379
Error: error_code = 30; This profile is private; id = 10143946
Error: error_code = 15; Access denied: user deactivated; id = 295910109
Error: error_code = 30; This profile is private; id = 18081202
Error: error_code = 30; This profile is private; id = 504110604
Error: error_code = 30; This profile is private; id = 515650618
Error: error_code = 30; This profile is private; id = 202474475
Error: error_code = 15; Access denied: user deactivated; id = 440592886
Error: error_code = 30; This profile is private; id = 307663644
Error: error_code = 30; This profile is private; id = 488559936
Error: error_code = 30; This profile is private; id = 12606327
Error: error_code = 15; Access denied: user deactivated; id = 394686334
Error: error_code = 30; This profile is private; id = 345911582
Error: error_code = 30; This profile is private; id = 190775259
Error: error_code = 15; Access denied: user deactivated; id = 202539770
Error: error_code = 30; This profile is private; id = 606203731
Error: error_code = 15; Access denied: user deactivated; id = 541067803
Error: error_code = 30; This profile is private; id = 416705942
Error: error_code = 30; This profile is private; id = 236412799
Error: error_code = 30; This profile is private; id = 103515786
Error: error_code = 30; This profile is private; id = 272033093
Error: error_code = 30; This profile is private; id = 573758160
Error: error_code = 15; Access denied: user deactivated; id = 705253214
Error: error_code = 15; Access denied: user deactivated; id = 191418264
Error: error_code = 15; Access denied: user deactivated; id = 343693896
Error: error_code = 30; This profile is private; id = 649296948
Error: error_code = 30; This profile is private; id = 280273443
Error: error_code = 15; Access denied: user deactivated; id = 288488862
Error: error_code = 30; This profile is private; id = 315700950
Error: error_code = 15; Access denied: user deactivated; id = 548626897
Error: error_code = 15; Access denied: user deactivated; id = 217023312
Error: error_code = 30; This profile is private; id = 229003997
Error: error_code = 30; This profile is private; id = 154064702
Error: error_code = 30; This profile is private; id = 142206825
Error: error_code = 30; This profile is private; id = 581153299
Error: error_code = 15; Access denied: user deactivated; id = 402909701
Error: error_code = 30; This profile is private; id = 102280163
Error: error_code = 30; This profile is private; id = 254941134
Error: error_code = 15; Access denied: user deactivated; id = 467041989
Error: error_code = 30; This profile is private; id = 254326605
Error: error_code = 30; This profile is private; id = 408588798
Error: error_code = 30; This profile is private; id = 2666385
Error: error_code = 30; This profile is private; id = 23251525
Error: error_code = 30; This profile is private; id = 332775051
Error: error_code = 30; This profile is private; id = 369805380
Error: error_code = 15; Access denied: user deactivated; id = 682148189
Error: error_code = 30; This profile is private; id = 358341461
Error: error_code = 30; This profile is private; id = 692559
Error: error_code = 30; This profile is private; id = 474394494
Error: error_code = 30; This profile is private; id = 88413258
Error: error_code = 30; This profile is private; id = 221679667
Error: error_code = 30; This profile is private; id = 287476637
Error: error_code = 15; Access denied: user deactivated; id = 169445402
Error: error_code = 30; This profile is private; id = 672838951
Error: error_code = 15; Access denied: user deactivated; id = 662918442
Error: error_code = 15; Access denied: user deactivated; id = 187674288
Error: error_code = 15; Access denied: user deactivated; id = 193436950
Error: error_code = 30; This profile is private; id = 717120342
Error: error_code = 15; Access denied: user deactivated; id = 136741344
Error: error_code = 30; This profile is private; id = 362800159
Error: error_code = 15; Access denied: user deactivated; id = 508685644
Error: error_code = 30; This profile is private; id = 600283181
Error: error_code = 30; This profile is private; id = 282445744
Error: error_code = 30; This profile is private; id = 131495213
Error: error_code = 15; Access denied: user deactivated; id = 448890129
Error: error_code = 15; Access denied: user deactivated; id = 623998598
Error: error_code = 15; Access denied: user deactivated; id = 231198470
Error: error_code = 30; This profile is private; id = 623486467
Error: error_code = 30; This profile is private; id = 468054148
Error: error_code = 30; This profile is private; id = 369139044
Error: error_code = 30; This profile is private; id = 9216585
Error: error_code = 30; This profile is private; id = 36391023
Error: error_code = 15; Access denied: user deactivated; id = 399711897
Error: error_code = 30; This profile is private; id = 664419157
Error: error_code = 15; Access denied: user deactivated; id = 544274740
Error: error_code = 30; This profile is private; id = 113946128
Error: error_code = 30; This profile is private; id = 345608024
Error: error_code = 30; This profile is private; id = 574278846
Error: error_code = 30; This profile is private; id = 113728440
Error: error_code = 30; This profile is private; id = 77942771
Error: error_code = 30; This profile is private; id = 104469596
Error: error_code = 15; Access denied: user deactivated; id = 274082917
Error: error_code = 15; Access denied: user deactivated; id = 253829745
Error: error_code = 30; This profile is private; id = 412639696
Error: error_code = 30; This profile is private; id = 583990073
Error: error_code = 30; This profile is private; id = 167924839
Error: error_code = 15; Access denied: user deactivated; id = 488852590
Error: error_code = 15; Access denied: user deactivated; id = 420371257
Error: error_code = 30; This profile is private; id = 25938939
Error: error_code = 15; Access denied: user deactivated; id = 390429318
Error: error_code = 15; Access denied: user deactivated; id = 296645742
Error: error_code = 30; This profile is private; id = 541438387
Error: error_code = 30; This profile is private; id = 321337799
Error: error_code = 30; This profile is private; id = 502062324
Error: error_code = 30; This profile is private; id = 678607331
Error: error_code = 30; This profile is private; id = 115259781
Error: error_code = 15; Access denied: user deactivated; id = 537035787
Error: error_code = 30; This profile is private; id = 522220720
Error: error_code = 15; Access denied: user deactivated; id = 67009242
Error: error_code = 30; This profile is private; id = 243018636
Error: error_code = 30; This profile is private; id = 89410010
Error: error_code = 30; This profile is private; id = 293331443
Error: error_code = 30; This profile is private; id = 22187404
Error: error_code = 30; This profile is private; id = 583699819
Error: error_code = 30; This profile is private; id = 574107373
Error: error_code = 30; This profile is private; id = 382389503
Error: error_code = 30; This profile is private; id = 456001229
Error: error_code = 30; This profile is private; id = 644063963
Error: error_code = 30; This profile is private; id = 550326940
Error: error_code = 30; This profile is private; id = 466016054
Error: error_code = 30; This profile is private; id = 557759696
Error: error_code = 30; This profile is private; id = 335869507
Error: error_code = 30; This profile is private; id = 71508218
Error: error_code = 15; Access denied: user deactivated; id = 268756400
Error: error_code = 15; Access denied: user deactivated; id = 344043922
Error: error_code = 15; Access denied: user deactivated; id = 294000002
Error: error_code = 30; This profile is private; id = 465543971
Error: error_code = 15; Access denied: user deactivated; id = 486027940
Error: error_code = 15; Access denied: user deactivated; id = 221189006
Error: error_code = 30; This profile is private; id = 563785477
Error: error_code = 30; This profile is private; id = 689373508
Error: error_code = 30; This profile is private; id = 703404846
Error: error_code = 30; This profile is private; id = 147393891
Error: error_code = 15; Access denied: user deactivated; id = 242580490
Error: error_code = 15; Access denied: user deactivated; id = 200301936
Error: error_code = 15; Access denied: user deactivated; id = 264021738
Error: error_code = 15; Access denied: user deactivated; id = 572792751
Error: error_code = 30; This profile is private; id = 88017136
Error: error_code = 30; This profile is private; id = 463978835
Error: error_code = 30; This profile is private; id = 103004
Error: error_code = 30; This profile is private; id = 157753373
Error: error_code = 30; This profile is private; id = 482866798
Error: error_code = 30; This profile is private; id = 32528611
Error: error_code = 30; This profile is private; id = 1432322
Error: error_code = 15; Access denied: user deactivated; id = 503407980
Error: error_code = 30; This profile is private; id = 606403894
Error: error_code = 15; Access denied: user deactivated; id = 220478352
Error: error_code = 30; This profile is private; id = 460941185
Error: error_code = 30; This profile is private; id = 494097623
Error: error_code = 15; Access denied: user deactivated; id = 269617181
Error: error_code = 30; This profile is private; id = 431949271
Error: error_code = 15; Access denied: user deactivated; id = 595689927
Error: error_code = 15; Access denied: user deactivated; id = 527754826
Error: error_code = 30; This profile is private; id = 185148226
Error: error_code = 30; This profile is private; id = 366836710
Error: error_code = 15; Access denied: user deactivated; id = 197333751
Error: error_code = 30; This profile is private; id = 61396910
Error: error_code = 15; Access denied: user deactivated; id = 259377361
Error: error_code = 30; This profile is private; id = 518325360
Error: error_code = 30; This profile is private; id = 713161235
Error: error_code = 15; Access denied: user deactivated; id = 143804175
Error: error_code = 15; Access denied: user deactivated; id = 274157487
Error: error_code = 15; Access denied: user deactivated; id = 197202983
Error: error_code = 15; Access denied: user deactivated; id = 594086564
Error: error_code = 30; This profile is private; id = 466374252
Error: error_code = 30; This profile is private; id = 145861303
Error: error_code = 30; This profile is private; id = 166024984
Error: error_code = 30; This profile is private; id = 442014647
Error: error_code = 30; This profile is private; id = 11433996
Error: error_code = 30; This profile is private; id = 170438511
Error: error_code = 15; Access denied: user deactivated; id = 318458118
Error: error_code = 15; Access denied: user deactivated; id = 519425333
Error: error_code = 15; Access denied: user deactivated; id = 550676661
Error: error_code = 30; This profile is private; id = 260198832
Error: error_code = 15; Access denied: user deactivated; id = 206886838
Error: error_code = 15; Access denied: user deactivated; id = 476148229
Error: error_code = 30; This profile is private; id = 439279642
Error: error_code = 30; This profile is private; id = 171691368
Error: error_code = 30; This profile is private; id = 186882198
Error: error_code = 15; Access denied: user deactivated; id = 273486249
Error: error_code = 30; This profile is private; id = 315440249
Error: error_code = 30; This profile is private; id = 414441967
Error: error_code = 30; This profile is private; id = 9225484
Error: error_code = 15; Access denied: user deactivated; id = 713494813
Error: error_code = 30; This profile is private; id = 674676009
Error: error_code = 15; Access denied: user deactivated; id = 143542093
Error: error_code = 15; Access denied: user deactivated; id = 642524787
Error: error_code = 30; This profile is private; id = 131690933
Error: error_code = 30; This profile is private; id = 277748572
Error: error_code = 30; This profile is private; id = 15798974
Error: error_code = 15; Access denied: user deactivated; id = 132760312
Error: error_code = 15; Access denied: user deactivated; id = 478422648
Error: error_code = 30; This profile is private; id = 590819382
Error: error_code = 30; This profile is private; id = 639277224
Error: error_code = 30; This profile is private; id = 255398915
Error: error_code = 15; Access denied: user deactivated; id = 98639820
Error: error_code = 15; Access denied: user deactivated; id = 558526698
Error: error_code = 15; Access denied: user deactivated; id = 610332731
Error: error_code = 15; Access denied: user deactivated; id = 556309636
Error: error_code = 30; This profile is private; id = 143315963
Error: error_code = 30; This profile is private; id = 138700397
Error: error_code = 30; This profile is private; id = 154338079
Error: error_code = 30; This profile is private; id = 274877416
Error: error_code = 30; This profile is private; id = 616248887
Error: error_code = 30; This profile is private; id = 1716220
Error: error_code = 30; This profile is private; id = 164666496
Error: error_code = 30; This profile is private; id = 123026958
Error: error_code = 15; Access denied: user deactivated; id = 222336967
Error: error_code = 30; This profile is private; id = 196257632
Error: error_code = 15; Access denied: user deactivated; id = 192972604
Error: error_code = 30; This profile is private; id = 283728624
Error: error_code = 15; Access denied: user deactivated; id = 312641066
Error: error_code = 30; This profile is private; id = 228127021
Error: error_code = 30; This profile is private; id = 633401817
Error: error_code = 30; This profile is private; id = 295950460
Error: error_code = 15; Access denied: user deactivated; id = 415205661
Error: error_code = 15; Access denied: user deactivated; id = 200712632
Error: error_code = 30; This profile is private; id = 45155956
Error: error_code = 30; This profile is private; id = 296692654
Error: error_code = 30; This profile is private; id = 198577054
Error: error_code = 30; This profile is private; id = 66582477
Error: error_code = 30; This profile is private; id = 116682652
Error: error_code = 15; Access denied: user deactivated; id = 715196590
Error: error_code = 30; This profile is private; id = 32043468
Error: error_code = 30; This profile is private; id = 206770412
Error: error_code = 30; This profile is private; id = 403424795
Error: error_code = 30; This profile is private; id = 111863153
Error: error_code = 15; Access denied: user deactivated; id = 250753289
Error: error_code = 30; This profile is private; id = 469636873
Error: error_code = 30; This profile is private; id = 320981225
Error: error_code = 30; This profile is private; id = 430052798
Error: error_code = 30; This profile is private; id = 615681145
Error: error_code = 15; Access denied: user deactivated; id = 351433235
Error: error_code = 30; This profile is private; id = 662509828
Error: error_code = 30; This profile is private; id = 382503099
Error: error_code = 30; This profile is private; id = 618014948
Error: error_code = 15; Access denied: user deactivated; id = 38090663
Error: error_code = 15; Access denied: user deactivated; id = 596518551
Error: error_code = 30; This profile is private; id = 238591783
Error: error_code = 15; Access denied: user deactivated; id = 280669434
Error: error_code = 30; This profile is private; id = 280159830
Error: error_code = 15; Access denied: user deactivated; id = 429106600
Error: error_code = 15; Access denied: user deactivated; id = 175497946
Error: error_code = 30; This profile is private; id = 613659143
Error: error_code = 30; This profile is private; id = 188888645
Error: error_code = 15; Access denied: user deactivated; id = 527619887
Error: error_code = 30; This profile is private; id = 270408913
Error: error_code = 15; Access denied: user deactivated; id = 216958099
Error: error_code = 15; Access denied: user deactivated; id = 208543029
Error: error_code = 15; Access denied: user deactivated; id = 234699251
Error: error_code = 30; This profile is private; id = 531980035
Error: error_code = 15; Access denied: user deactivated; id = 475623620
Error: error_code = 30; This profile is private; id = 13550896
Error: error_code = 30; This profile is private; id = 12831004
Error: error_code = 15; Access denied: user deactivated; id = 53262440
Error: error_code = 15; Access denied: user deactivated; id = 371855396
Error: error_code = 30; This profile is private; id = 680715946
Error: error_code = 30; This profile is private; id = 9534973
Error: error_code = 30; This profile is private; id = 232999529
Error: error_code = 30; This profile is private; id = 215164223
Error: error_code = 30; This profile is private; id = 437719160
Error: error_code = 30; This profile is private; id = 651832650
Error: error_code = 30; This profile is private; id = 613767461
Error: error_code = 30; This profile is private; id = 8217256
Error: error_code = 15; Access denied: user deactivated; id = 415399968
Error: error_code = 30; This profile is private; id = 692357931
Error: error_code = 30; This profile is private; id = 566766723
Error: error_code = 15; Access denied: user deactivated; id = 365945662
Error: error_code = 30; This profile is private; id = 275423441
Error: error_code = 15; Access denied: user deactivated; id = 410232987
Error: error_code = 30; This profile is private; id = 22707317
Error: error_code = 30; This profile is private; id = 696249778
Error: error_code = 15; Access denied: user deactivated; id = 254246910
Error: error_code = 30; This profile is private; id = 342608671
Error: error_code = 30; This profile is private; id = 431826695
Error: error_code = 15; Access denied: user deactivated; id = 169006245
Error: error_code = 30; This profile is private; id = 500502884
Error: error_code = 30; This profile is private; id = 660646122
Error: error_code = 30; This profile is private; id = 105143889
Error: error_code = 30; This profile is private; id = 44408134
Error: error_code = 30; This profile is private; id = 136499641
Error: error_code = 30; This profile is private; id = 178197515
Error: error_code = 30; This profile is private; id = 383368462
Error: error_code = 15; Access denied: user deactivated; id = 159201780
Error: error_code = 30; This profile is private; id = 5727446
Error: error_code = 30; This profile is private; id = 246082091
Error: error_code = 30; This profile is private; id = 341025645
Error: error_code = 30; This profile is private; id = 616369643
Error: error_code = 30; This profile is private; id = 644151473
Error: error_code = 30; This profile is private; id = 627360945
Error: error_code = 30; This profile is private; id = 192154180
Error: error_code = 15; Access denied: user deactivated; id = 214019389
Error: error_code = 30; This profile is private; id = 139928346
Error: error_code = 30; This profile is private; id = 498602918
Error: error_code = 30; This profile is private; id = 427029669
Error: error_code = 30; This profile is private; id = 435138216
Error: error_code = 30; This profile is private; id = 3829194
Error: error_code = 15; Access denied: user deactivated; id = 176789101
Error: error_code = 15; Access denied: user deactivated; id = 51933546
Error: error_code = 30; This profile is private; id = 421799733
Error: error_code = 30; This profile is private; id = 142134327
Error: error_code = 15; Access denied: user deactivated; id = 366983169
Error: error_code = 15; Access denied: user deactivated; id = 696563470
Error: error_code = 30; This profile is private; id = 496904387
Error: error_code = 30; This profile is private; id = 183537706
Error: error_code = 30; This profile is private; id = 69096207
Error: error_code = 30; This profile is private; id = 252048456
Error: error_code = 30; This profile is private; id = 92414113
Error: error_code = 30; This profile is private; id = 602420548
Error: error_code = 30; This profile is private; id = 440912499
Error: error_code = 30; This profile is private; id = 595871478
Error: error_code = 30; This profile is private; id = 603454782
Error: error_code = 30; This profile is private; id = 575395960
Error: error_code = 30; This profile is private; id = 2001884
Error: error_code = 30; This profile is private; id = 669823894
Error: error_code = 30; This profile is private; id = 155798957
Error: error_code = 15; Access denied: user deactivated; id = 530785518
Error: error_code = 30; This profile is private; id = 597863832
Error: error_code = 30; This profile is private; id = 493681712
Error: error_code = 30; This profile is private; id = 54113357
Error: error_code = 30; This profile is private; id = 416775765
Error: error_code = 30; This profile is private; id = 140937353
Error: error_code = 30; This profile is private; id = 516863293
Error: error_code = 30; This profile is private; id = 340815194
Error: error_code = 30; This profile is private; id = 5899598
Error: error_code = 30; This profile is private; id = 270624083
Error: error_code = 15; Access denied: user deactivated; id = 231165490
Error: error_code = 15; Access denied: user deactivated; id = 239958030
Error: error_code = 15; Access denied: user deactivated; id = 132192586
Error: error_code = 30; This profile is private; id = 516181722
Error: error_code = 15; Access denied: user deactivated; id = 142751685
Error: error_code = 30; This profile is private; id = 119785172
Error: error_code = 15; Access denied: user deactivated; id = 60021009
Error: error_code = 15; Access denied: user deactivated; id = 556251789
Error: error_code = 30; This profile is private; id = 310970315
Error: error_code = 30; This profile is private; id = 659547719
Error: error_code = 30; This profile is private; id = 687659495
Error: error_code = 15; Access denied: user deactivated; id = 257685110
Error: error_code = 15; Access denied: user deactivated; id = 370954968
Error: error_code = 30; This profile is private; id = 3785573
Error: error_code = 30; This profile is private; id = 357539552
Error: error_code = 15; Access denied: user deactivated; id = 303094820
Error: error_code = 15; Access denied: user deactivated; id = 418053456
Error: error_code = 30; This profile is private; id = 357897238
Error: error_code = 30; This profile is private; id = 505585712
Error: error_code = 30; This profile is private; id = 636407086
Error: error_code = 30; This profile is private; id = 42261259
Error: error_code = 30; This profile is private; id = 409302160
Error: error_code = 30; This profile is private; id = 104746594
Error: error_code = 30; This profile is private; id = 122561565
Error: error_code = 15; Access denied: user deactivated; id = 131710445
Error: error_code = 30; This profile is private; id = 6852955
Error: error_code = 15; Access denied: user deactivated; id = 391458336
Error: error_code = 15; Access denied: user deactivated; id = 22368765
Error: error_code = 30; This profile is private; id = 169905910
Error: error_code = 30; This profile is private; id = 510164755
Error: error_code = 30; This profile is private; id = 626148538
Error: error_code = 15; Access denied: user deactivated; id = 412074506
Error: error_code = 30; This profile is private; id = 326279414
Error: error_code = 30; This profile is private; id = 209765041
Error: error_code = 15; Access denied: user deactivated; id = 640115467
Error: error_code = 15; Access denied: user deactivated; id = 663878653
Error: error_code = 30; This profile is private; id = 90591373
Error: error_code = 30; This profile is private; id = 527820096
Error: error_code = 15; Access denied: user deactivated; id = 334688698
Error: error_code = 30; This profile is private; id = 116957967
Error: error_code = 30; This profile is private; id = 526194725
Error: error_code = 30; This profile is private; id = 562564241
Error: error_code = 30; This profile is private; id = 279309455
Error: error_code = 30; This profile is private; id = 527307811
Error: error_code = 30; This profile is private; id = 594312825
Error: error_code = 30; This profile is private; id = 658578231
Error: error_code = 30; This profile is private; id = 555213582
Error: error_code = 30; This profile is private; id = 622515782
Error: error_code = 30; This profile is private; id = 580949811
Error: error_code = 30; This profile is private; id = 5505534
Error: error_code = 30; This profile is private; id = 518619739
Error: error_code = 30; This profile is private; id = 165735180
Error: error_code = 30; This profile is private; id = 50442688
Error: error_code = 30; This profile is private; id = 22301611
Error: error_code = 15; Access denied: user deactivated; id = 466646957
Error: error_code = 30; This profile is private; id = 498802856
Error: error_code = 30; This profile is private; id = 683385660
Error: error_code = 30; This profile is private; id = 29149185
Error: error_code = 30; This profile is private; id = 202457200
Error: error_code = 15; Access denied: user deactivated; id = 603763631
Error: error_code = 30; This profile is private; id = 190671895
Error: error_code = 30; This profile is private; id = 89252453
Error: error_code = 15; Access denied: user deactivated; id = 173192744
Error: error_code = 15; Access denied: user deactivated; id = 229112619
Error: error_code = 30; This profile is private; id = 661697966
Error: error_code = 30; This profile is private; id = 55091071
Error: error_code = 15; Access denied: user deactivated; id = 284416891
Error: error_code = 15; Access denied: user deactivated; id = 178049458
Error: error_code = 30; This profile is private; id = 174653625
Error: error_code = 30; This profile is private; id = 452779970
Error: error_code = 30; This profile is private; id = 1268865
Error: error_code = 15; Access denied: user deactivated; id = 303343510
Error: error_code = 30; This profile is private; id = 539234067
Error: error_code = 15; Access denied: user deactivated; id = 250354522
Error: error_code = 15; Access denied: user deactivated; id = 238395965
Error: error_code = 15; Access denied: user deactivated; id = 701851008
Error: error_code = 15; Access denied: user deactivated; id = 149155869
Error: error_code = 30; This profile is private; id = 202441680
Error: error_code = 30; This profile is private; id = 333661135
Error: error_code = 15; Access denied: user deactivated; id = 699939500
Error: error_code = 15; Access denied: user deactivated; id = 445576054
Error: error_code = 30; This profile is private; id = 475482281
Error: error_code = 30; This profile is private; id = 294968631
Error: error_code = 30; This profile is private; id = 523844123
Error: error_code = 30; This profile is private; id = 563670675
Error: error_code = 30; This profile is private; id = 428460274
Error: error_code = 30; This profile is private; id = 611888797
Error: error_code = 30; This profile is private; id = 546246638
Error: error_code = 30; This profile is private; id = 220788437
Error: error_code = 15; Access denied: user deactivated; id = 341348316
Error: error_code = 30; This profile is private; id = 60832347
Error: error_code = 15; Access denied: user deactivated; id = 172051430
Error: error_code = 30; This profile is private; id = 204523249
Error: error_code = 30; This profile is private; id = 46732059
Error: error_code = 15; Access denied: user deactivated; id = 644362971
Error: error_code = 30; This profile is private; id = 467972482
Error: error_code = 15; Access denied: user deactivated; id = 338742773
Error: error_code = 30; This profile is private; id = 189304043
Error: error_code = 30; This profile is private; id = 2422238
Error: error_code = 15; Access denied: user deactivated; id = 421376242
Error: error_code = 15; Access denied: user deactivated; id = 707894353
Error: error_code = 30; This profile is private; id = 514088502
Error: error_code = 30; This profile is private; id = 170464809
Error: error_code = 30; This profile is private; id = 700030162
Error: error_code = 30; This profile is private; id = 326474037
Error: error_code = 30; This profile is private; id = 351763166
Error: error_code = 15; Access denied: user deactivated; id = 217210290
Error: error_code = 30; This profile is private; id = 290981088
Error: error_code = 30; This profile is private; id = 189317265
Error: error_code = 30; This profile is private; id = 295846548
Error: error_code = 30; This profile is private; id = 21534365
Error: error_code = 30; This profile is private; id = 113113459
Error: error_code = 30; This profile is private; id = 14957200
Error: error_code = 30; This profile is private; id = 578229069
Error: error_code = 15; Access denied: user deactivated; id = 688784512
Error: error_code = 30; This profile is private; id = 24786254
Error: error_code = 30; This profile is private; id = 178313903
Error: error_code = 30; This profile is private; id = 492630470
Error: error_code = 30; This profile is private; id = 154216084
Error: error_code = 30; This profile is private; id = 59370745
Error: error_code = 30; This profile is private; id = 382162224
Error: error_code = 15; Access denied: user deactivated; id = 280846393
Error: error_code = 30; This profile is private; id = 221889013
Error: error_code = 30; This profile is private; id = 432156005
Error: error_code = 30; This profile is private; id = 430140120
Error: error_code = 30; This profile is private; id = 540280179
Error: error_code = 30; This profile is private; id = 675402277
Error: error_code = 15; Access denied: user deactivated; id = 571051630
Error: error_code = 30; This profile is private; id = 245262786
Error: error_code = 30; This profile is private; id = 198296957
Error: error_code = 30; This profile is private; id = 450992645
Error: error_code = 15; Access denied: user deactivated; id = 282252049
Error: error_code = 15; Access denied: user deactivated; id = 513944440
Error: error_code = 30; This profile is private; id = 157641646
Error: error_code = 30; This profile is private; id = 236648046
Error: error_code = 30; This profile is private; id = 17266108
Error: error_code = 30; This profile is private; id = 588990228
Error: error_code = 30; This profile is private; id = 707838672
Error: error_code = 30; This profile is private; id = 110676079
Error: error_code = 30; This profile is private; id = 435153064
Error: error_code = 30; This profile is private; id = 609629558
Error: error_code = 30; This profile is private; id = 611230090
Error: error_code = 15; Access denied: user deactivated; id = 396398721
Error: error_code = 30; This profile is private; id = 144262027
Error: error_code = 30; This profile is private; id = 455351215
Error: error_code = 30; This profile is private; id = 243953078
Error: error_code = 30; This profile is private; id = 471165158
Error: error_code = 15; Access denied: user deactivated; id = 222574261
Error: error_code = 30; This profile is private; id = 563382683
Error: error_code = 15; Access denied: user deactivated; id = 431714213
Error: error_code = 30; This profile is private; id = 378216141
Error: error_code = 15; Access denied: user deactivated; id = 623615273
Error: error_code = 30; This profile is private; id = 613745986
Error: error_code = 15; Access denied: user deactivated; id = 228935200
Error: error_code = 30; This profile is private; id = 682919239
Error: error_code = 30; This profile is private; id = 578996550
Error: error_code = 30; This profile is private; id = 402920360
Error: error_code = 30; This profile is private; id = 185317207
Error: error_code = 30; This profile is private; id = 171558623
Error: error_code = 30; This profile is private; id = 569956725
Error: error_code = 30; This profile is private; id = 82530098
Error: error_code = 30; This profile is private; id = 132800044
Error: error_code = 30; This profile is private; id = 365265140
Error: error_code = 30; This profile is private; id = 622301944
Error: error_code = 30; This profile is private; id = 98752452
Error: error_code = 15; Access denied: user deactivated; id = 715223227
Error: error_code = 30; This profile is private; id = 212697528
Error: error_code = 30; This profile is private; id = 641416900
Error: error_code = 15; Access denied: user deactivated; id = 237478795
Error: error_code = 30; This profile is private; id = 193374558
Error: error_code = 30; This profile is private; id = 661506681
Error: error_code = 30; This profile is private; id = 621730733
Error: error_code = 30; This profile is private; id = 534675403
Error: error_code = 15; Access denied: user deactivated; id = 348273531
Error: error_code = 30; This profile is private; id = 12034067
Error: error_code = 15; Access denied: user deactivated; id = 422001613
Error: error_code = 15; Access denied: user deactivated; id = 401815087
Error: error_code = 15; Access denied: user deactivated; id = 379839214
Error: error_code = 15; Access denied: user deactivated; id = 411890640
Error: error_code = 15; Access denied: user deactivated; id = 375592066
Error: error_code = 30; This profile is private; id = 582920242
Error: error_code = 15; Access denied: user deactivated; id = 253172558
Error: error_code = 15; Access denied: user deactivated; id = 571588891
Error: error_code = 30; This profile is private; id = 468195310
Error: error_code = 15; Access denied: user deactivated; id = 369642654
Error: error_code = 30; This profile is private; id = 638513415
Error: error_code = 30; This profile is private; id = 273096627
Error: error_code = 30; This profile is private; id = 575353112
Error: error_code = 30; This profile is private; id = 363896514
Error: error_code = 30; This profile is private; id = 115039303
Error: error_code = 30; This profile is private; id = 616742533
Error: error_code = 30; This profile is private; id = 678653902
Error: error_code = 15; Access denied: user deactivated; id = 304344947
Error: error_code = 30; This profile is private; id = 703130953
Error: error_code = 15; Access denied: user deactivated; id = 21378774
Error: error_code = 30; This profile is private; id = 512764560
Error: error_code = 30; This profile is private; id = 353929815
Error: error_code = 30; This profile is private; id = 67383764
Error: error_code = 15; Access denied: user deactivated; id = 290341832
Error: error_code = 30; This profile is private; id = 393137097
Error: error_code = 30; This profile is private; id = 171870363
Error: error_code = 15; Access denied: user deactivated; id = 167126859
Error: error_code = 30; This profile is private; id = 316870901
Error: error_code = 30; This profile is private; id = 198435998
Error: error_code = 15; Access denied: user deactivated; id = 97792766
Error: error_code = 30; This profile is private; id = 514220072
Error: error_code = 30; This profile is private; id = 505182910
Error: error_code = 30; This profile is private; id = 141148673
Error: error_code = 30; This profile is private; id = 272412162
Error: error_code = 30; This profile is private; id = 200571364
Error: error_code = 30; This profile is private; id = 695195040
Error: error_code = 30; This profile is private; id = 105198907
Error: error_code = 30; This profile is private; id = 675091676
Error: error_code = 30; This profile is private; id = 474783908
Error: error_code = 30; This profile is private; id = 146203011
Error: error_code = 30; This profile is private; id = 409615805
Error: error_code = 15; Access denied: user deactivated; id = 280154297
Error: error_code = 15; Access denied: user deactivated; id = 155677380
Error: error_code = 15; Access denied: user deactivated; id = 414485608
Error: error_code = 15; Access denied: user deactivated; id = 618644736
Error: error_code = 30; This profile is private; id = 154264566
Error: error_code = 30; This profile is private; id = 694362495
Error: error_code = 30; This profile is private; id = 194886086
Error: error_code = 30; This profile is private; id = 711173535
Error: error_code = 30; This profile is private; id = 495347511
Error: error_code = 15; Access denied: user deactivated; id = 361625857
Error: error_code = 30; This profile is private; id = 666336467
Error: error_code = 30; This profile is private; id = 224788423
Error: error_code = 15; Access denied: user deactivated; id = 710124528
Error: error_code = 15; Access denied: user deactivated; id = 525465970
Error: error_code = 15; Access denied: user deactivated; id = 564766524
Error: error_code = 30; This profile is private; id = 228258402
Error: error_code = 15; Access denied: user deactivated; id = 540673742
Error: error_code = 30; This profile is private; id = 395080717
Error: error_code = 30; This profile is private; id = 151449371
Error: error_code = 15; Access denied: user deactivated; id = 459310944
Error: error_code = 15; Access denied: user deactivated; id = 344923044
Error: error_code = 30; This profile is private; id = 582586833
Error: error_code = 30; This profile is private; id = 594404949
Error: error_code = 15; Access denied: user deactivated; id = 233077647
Error: error_code = 30; This profile is private; id = 140949114
Error: error_code = 30; This profile is private; id = 495584530
Error: error_code = 30; This profile is private; id = 255640317
Error: error_code = 15; Access denied: user deactivated; id = 545817668
Error: error_code = 30; This profile is private; id = 364134749
Error: error_code = 30; This profile is private; id = 367062923
Error: error_code = 30; This profile is private; id = 289571574
Error: error_code = 30; This profile is private; id = 523681776
Error: error_code = 30; This profile is private; id = 449567200
Error: error_code = 30; This profile is private; id = 101083765
Error: error_code = 30; This profile is private; id = 334745982
Error: error_code = 30; This profile is private; id = 494495104
Error: error_code = 30; This profile is private; id = 464325129
Error: error_code = 30; This profile is private; id = 674054313
Error: error_code = 30; This profile is private; id = 25840796
Error: error_code = 30; This profile is private; id = 131417786
Error: error_code = 30; This profile is private; id = 439263356
Error: error_code = 30; This profile is private; id = 211626760
Error: error_code = 30; This profile is private; id = 248180895
Error: error_code = 15; Access denied: user deactivated; id = 675473197
Error: error_code = 15; Access denied: user deactivated; id = 225089807
Error: error_code = 30; This profile is private; id = 476172508
Error: error_code = 15; Access denied: user deactivated; id = 171689303
Error: error_code = 30; This profile is private; id = 632265118
Error: error_code = 15; Access denied: user deactivated; id = 256905626
Error: error_code = 30; This profile is private; id = 503899625
Error: error_code = 30; This profile is private; id = 663194185
Error: error_code = 15; Access denied: user deactivated; id = 327664891
Error: error_code = 30; This profile is private; id = 11767113
Error: error_code = 30; This profile is private; id = 579476785
Error: error_code = 30; This profile is private; id = 552306536
Error: error_code = 15; Access denied: user deactivated; id = 290140967
Error: error_code = 15; Access denied: user deactivated; id = 376551614
Error: error_code = 30; This profile is private; id = 147314015
Error: error_code = 30; This profile is private; id = 550650187
Error: error_code = 15; Access denied: user deactivated; id = 185213150
Error: error_code = 30; This profile is private; id = 208139003
Error: error_code = 15; Access denied: user deactivated; id = 539828845
Error: error_code = 30; This profile is private; id = 41656294
Error: error_code = 30; This profile is private; id = 238105509
Error: error_code = 15; Access denied: user deactivated; id = 5374628
Error: error_code = 30; This profile is private; id = 577733850
Error: error_code = 15; Access denied: user deactivated; id = 284742054
Error: error_code = 30; This profile is private; id = 139024396
Error: error_code = 30; This profile is private; id = 576153340
Error: error_code = 15; Access denied: user deactivated; id = 195430803
Error: error_code = 15; Access denied: user deactivated; id = 428431367
Error: error_code = 30; This profile is private; id = 459956690
Error: error_code = 30; This profile is private; id = 253372156
Error: error_code = 30; This profile is private; id = 211787265
Error: error_code = 15; Access denied: user deactivated; id = 228194433
Error: error_code = 15; Access denied: user deactivated; id = 140208870
Error: error_code = 30; This profile is private; id = 270106525
Error: error_code = 30; This profile is private; id = 238976837
Error: error_code = 30; This profile is private; id = 613941034
Error: error_code = 30; This profile is private; id = 266376874
Error: error_code = 30; This profile is private; id = 299176333
Error: error_code = 30; This profile is private; id = 27287418
Error: error_code = 15; Access denied: user deactivated; id = 256329062
Error: error_code = 15; Access denied: user deactivated; id = 163493154
Error: error_code = 15; Access denied: user deactivated; id = 423005481
Error: error_code = 30; This profile is private; id = 361852327
Error: error_code = 30; This profile is private; id = 623702022
Error: error_code = 15; Access denied: user deactivated; id = 498872781
Error: error_code = 30; This profile is private; id = 628143237
Error: error_code = 30; This profile is private; id = 289026003
Error: error_code = 30; This profile is private; id = 553062508
Error: error_code = 30; This profile is private; id = 41225200
Error: error_code = 30; This profile is private; id = 407355805
Error: error_code = 15; Access denied: user deactivated; id = 348165982
Error: error_code = 15; Access denied: user deactivated; id = 184603773
Error: error_code = 15; Access denied: user deactivated; id = 679442008
Error: error_code = 15; Access denied: user deactivated; id = 235855628
Error: error_code = 30; This profile is private; id = 543990112
Error: error_code = 15; Access denied: user deactivated; id = 577936850
Error: error_code = 15; Access denied: user deactivated; id = 118437194
Error: error_code = 30; This profile is private; id = 581286515
Error: error_code = 30; This profile is private; id = 499949137
Error: error_code = 30; This profile is private; id = 568422446
Error: error_code = 30; This profile is private; id = 623979338
Error: error_code = 30; This profile is private; id = 512314011
Error: error_code = 15; Access denied: user deactivated; id = 222121284
Error: error_code = 30; This profile is private; id = 520988812
Error: error_code = 30; This profile is private; id = 379048077
Error: error_code = 30; This profile is private; id = 530521052
Error: error_code = 30; This profile is private; id = 598882284
Error: error_code = 15; Access denied: user deactivated; id = 181326757
Error: error_code = 30; This profile is private; id = 363573856
Error: error_code = 30; This profile is private; id = 107620306
Error: error_code = 30; This profile is private; id = 365596126
Error: error_code = 15; Access denied: user deactivated; id = 159905397
Error: error_code = 15; Access denied: user deactivated; id = 207972289
Error: error_code = 15; Access denied: user deactivated; id = 497102127
Error: error_code = 30; This profile is private; id = 665298859
Error: error_code = 30; This profile is private; id = 630918144
Error: error_code = 30; This profile is private; id = 307321555
Error: error_code = 30; This profile is private; id = 317050869
Error: error_code = 15; Access denied: user deactivated; id = 379273594
Error: error_code = 15; Access denied: user deactivated; id = 435283413
Error: error_code = 30; This profile is private; id = 72356035
Error: error_code = 30; This profile is private; id = 20888443
Error: error_code = 15; Access denied: user deactivated; id = 294505786
Error: error_code = 15; Access denied: user deactivated; id = 562127683
Error: error_code = 15; Access denied: user deactivated; id = 549824098
Error: error_code = 30; This profile is private; id = 5364066
Error: error_code = 30; This profile is private; id = 481975174
Error: error_code = 15; Access denied: user deactivated; id = 161857416
Error: error_code = 30; This profile is private; id = 333413446
Error: error_code = 30; This profile is private; id = 558208984
Error: error_code = 30; This profile is private; id = 142095933
Error: error_code = 15; Access denied: user deactivated; id = 557543737
Error: error_code = 30; This profile is private; id = 710286210
Error: error_code = 30; This profile is private; id = 599724481
Error: error_code = 30; This profile is private; id = 439455777
Error: error_code = 30; This profile is private; id = 1042974
Error: error_code = 15; Access denied: user deactivated; id = 2535315
Error: error_code = 30; This profile is private; id = 186688331
Error: error_code = 30; This profile is private; id = 262903116
Error: error_code = 15; Access denied: user deactivated; id = 290606110
Error: error_code = 30; This profile is private; id = 299765520
Error: error_code = 30; This profile is private; id = 175586215
Error: error_code = 30; This profile is private; id = 334095428
Error: error_code = 15; Access denied: user deactivated; id = 209002740
Error: error_code = 15; Access denied: user deactivated; id = 523880912
Error: error_code = 30; This profile is private; id = 135240176
Error: error_code = 15; Access denied: user deactivated; id = 90360782
Error: error_code = 30; This profile is private; id = 593360128
Error: error_code = 15; Access denied: user deactivated; id = 416754617
Error: error_code = 30; This profile is private; id = 531539989
Error: error_code = 30; This profile is private; id = 517704644
Error: error_code = 30; This profile is private; id = 687585210
Error: error_code = 30; This profile is private; id = 527466755
Error: error_code = 30; This profile is private; id = 336604593
Error: error_code = 15; Access denied: user deactivated; id = 325675181
Error: error_code = 15; Access denied: user deactivated; id = 60845558
Error: error_code = 30; This profile is private; id = 164447015
Error: error_code = 15; Access denied: user deactivated; id = 210892058
Error: error_code = 15; Access denied: user deactivated; id = 273954205
Error: error_code = 30; This profile is private; id = 409627554
Error: error_code = 30; This profile is private; id = 178087326
Error: error_code = 30; This profile is private; id = 692331707
Error: error_code = 30; This profile is private; id = 318372242
Error: error_code = 30; This profile is private; id = 82197910
Error: error_code = 30; This profile is private; id = 137969409
Error: error_code = 30; This profile is private; id = 137994150
Error: error_code = 30; This profile is private; id = 294728573
Error: error_code = 15; Access denied: user deactivated; id = 374542790
Error: error_code = 30; This profile is private; id = 455610543
Error: error_code = 30; This profile is private; id = 458633046
Error: error_code = 15; Access denied: user deactivated; id = 692983344
Error: error_code = 30; This profile is private; id = 42008634
Error: error_code = 30; This profile is private; id = 471029751
Error: error_code = 30; This profile is private; id = 462369857
Error: error_code = 30; This profile is private; id = 416951
Error: error_code = 30; This profile is private; id = 290006923
Error: error_code = 30; This profile is private; id = 156160303
Error: error_code = 30; This profile is private; id = 620635912
Error: error_code = 30; This profile is private; id = 483439619
Error: error_code = 30; This profile is private; id = 186937921
Error: error_code = 30; This profile is private; id = 92247574
Error: error_code = 30; This profile is private; id = 412442818
Error: error_code = 30; This profile is private; id = 556639381
Error: error_code = 30; This profile is private; id = 52087552
Error: error_code = 15; Access denied: user deactivated; id = 201283720
Error: error_code = 15; Access denied: user deactivated; id = 235102973
Error: error_code = 30; This profile is private; id = 40706541
Error: error_code = 15; Access denied: user deactivated; id = 175502155
Error: error_code = 30; This profile is private; id = 316242109
Error: error_code = 30; This profile is private; id = 174644205
Error: error_code = 30; This profile is private; id = 568984930
Error: error_code = 30; This profile is private; id = 690085262
Error: error_code = 30; This profile is private; id = 312686365
Error: error_code = 15; Access denied: user deactivated; id = 527686646
Error: error_code = 15; Access denied: user deactivated; id = 370186171
Error: error_code = 15; Access denied: user deactivated; id = 196593996
Error: error_code = 15; Access denied: user deactivated; id = 314456147
Error: error_code = 30; This profile is private; id = 564575025
Error: error_code = 30; This profile is private; id = 25174173
Error: error_code = 15; Access denied: user deactivated; id = 416787206
Error: error_code = 30; This profile is private; id = 216333321
Error: error_code = 15; Access denied: user deactivated; id = 345146133
Error: error_code = 30; This profile is private; id = 308308323
Error: error_code = 30; This profile is private; id = 601830031
Error: error_code = 30; This profile is private; id = 443165284
Error: error_code = 15; Access denied: user deactivated; id = 29245893
Error: error_code = 30; This profile is private; id = 309152655
Error: error_code = 15; Access denied: user deactivated; id = 400363743
Error: error_code = 30; This profile is private; id = 670549064
Error: error_code = 15; Access denied: user deactivated; id = 347894748
Error: error_code = 30; This profile is private; id = 69647197
Error: error_code = 30; This profile is private; id = 589563115
Error: error_code = 15; Access denied: user deactivated; id = 333747834
Error: error_code = 30; This profile is private; id = 97675467
Error: error_code = 30; This profile is private; id = 291420296
Error: error_code = 30; This profile is private; id = 340514160
Error: error_code = 15; Access denied: user deactivated; id = 157740078
Error: error_code = 30; This profile is private; id = 527937668
Error: error_code = 15; Access denied: user deactivated; id = 715137915
Error: error_code = 30; This profile is private; id = 384734570
Error: error_code = 30; This profile is private; id = 404331255
Error: error_code = 30; This profile is private; id = 161068560
Error: error_code = 30; This profile is private; id = 673410306
Error: error_code = 15; Access denied: user deactivated; id = 520362227
Error: error_code = 30; This profile is private; id = 340630452
Error: error_code = 30; This profile is private; id = 170911735
Error: error_code = 30; This profile is private; id = 424774269
Error: error_code = 30; This profile is private; id = 19712321
Error: error_code = 30; This profile is private; id = 349858560
Error: error_code = 30; This profile is private; id = 144542788
Error: error_code = 30; This profile is private; id = 357702464
Error: error_code = 30; This profile is private; id = 340170647
Error: error_code = 30; This profile is private; id = 499199134
Error: error_code = 30; This profile is private; id = 307392413
Error: error_code = 15; Access denied: user deactivated; id = 74011749
Error: error_code = 30; This profile is private; id = 526873663
Error: error_code = 30; This profile is private; id = 444488987
Error: error_code = 30; This profile is private; id = 275338322
Error: error_code = 15; Access denied: user deactivated; id = 488249204
Error: error_code = 30; This profile is private; id = 400730950
Error: error_code = 30; This profile is private; id = 18558662
Error: error_code = 15; Access denied: user deactivated; id = 106374356
Error: error_code = 30; This profile is private; id = 291140109
Error: error_code = 30; This profile is private; id = 259055442
Error: error_code = 30; This profile is private; id = 75109533
Error: error_code = 30; This profile is private; id = 384313642
Error: error_code = 30; This profile is private; id = 439636810
Error: error_code = 30; This profile is private; id = 602466222
Error: error_code = 30; This profile is private; id = 257767702
Error: error_code = 30; This profile is private; id = 317148003
Error: error_code = 30; This profile is private; id = 214753799
Error: error_code = 30; This profile is private; id = 615047820
Error: error_code = 15; Access denied: user deactivated; id = 537510476
Error: error_code = 15; Access denied: user deactivated; id = 398750818
Error: error_code = 15; Access denied: user deactivated; id = 74325522
Error: error_code = 15; Access denied: user deactivated; id = 420864393
Error: error_code = 30; This profile is private; id = 361762784
Error: error_code = 30; This profile is private; id = 247158653
Error: error_code = 30; This profile is private; id = 316396233
Error: error_code = 15; Access denied: user deactivated; id = 197582554
Error: error_code = 30; This profile is private; id = 3008579
Error: error_code = 30; This profile is private; id = 124096063
Error: error_code = 30; This profile is private; id = 65587816
Error: error_code = 30; This profile is private; id = 585854021
Error: error_code = 30; This profile is private; id = 38975620
Error: error_code = 15; Access denied: user deactivated; id = 158441794
Error: error_code = 15; Access denied: user deactivated; id = 228809751
Error: error_code = 15; Access denied: user deactivated; id = 174562215
Error: error_code = 30; This profile is private; id = 640683745
Error: error_code = 30; This profile is private; id = 409590394
Error: error_code = 15; Access denied: user deactivated; id = 541101186
Error: error_code = 30; This profile is private; id = 493471203
Error: error_code = 30; This profile is private; id = 395325527
Error: error_code = 15; Access denied: user deactivated; id = 92750461
Error: error_code = 30; This profile is private; id = 661153667
Error: error_code = 30; This profile is private; id = 17112932
Error: error_code = 15; Access denied: user deactivated; id = 657608662
Error: error_code = 30; This profile is private; id = 479789356
Error: error_code = 15; Access denied: user deactivated; id = 419805105
Error: error_code = 15; Access denied: user deactivated; id = 16724986
Error: error_code = 15; Access denied: user deactivated; id = 177402043
Error: error_code = 30; This profile is private; id = 679064896
Error: error_code = 30; This profile is private; id = 240134748
Error: error_code = 30; This profile is private; id = 182326620
Error: error_code = 30; This profile is private; id = 263483957
Error: error_code = 30; This profile is private; id = 376964915
Error: error_code = 30; This profile is private; id = 157075272
Error: error_code = 15; Access denied: user deactivated; id = 292842478
Error: error_code = 30; This profile is private; id = 382221044
Error: error_code = 30; This profile is private; id = 107512586
Error: error_code = 30; This profile is private; id = 447834177
Error: error_code = 15; Access denied: user deactivated; id = 426782764
Error: error_code = 30; This profile is private; id = 167134536
Error: error_code = 30; This profile is private; id = 612623364
Error: error_code = 15; Access denied: user deactivated; id = 599291475
Error: error_code = 30; This profile is private; id = 645778875
Error: error_code = 30; This profile is private; id = 441570024
Error: error_code = 30; This profile is private; id = 529373118
Error: error_code = 30; This profile is private; id = 693084600
Error: error_code = 15; Access denied: user deactivated; id = 401465219
Error: error_code = 30; This profile is private; id = 502779541
Error: error_code = 30; This profile is private; id = 33263523
Error: error_code = 15; Access denied: user deactivated; id = 223654602
Error: error_code = 30; This profile is private; id = 248362933
Error: error_code = 30; This profile is private; id = 7241257
Error: error_code = 30; This profile is private; id = 207597890
Error: error_code = 30; This profile is private; id = 542466525
Error: error_code = 15; Access denied: user deactivated; id = 703128181
Error: error_code = 30; This profile is private; id = 241164576
Error: error_code = 30; This profile is private; id = 523019744
Error: error_code = 15; Access denied: user deactivated; id = 434002158
Error: error_code = 30; This profile is private; id = 100687712
Error: error_code = 15; Access denied: user deactivated; id = 288299862
Error: error_code = 30; This profile is private; id = 46402379
Error: error_code = 30; This profile is private; id = 286393350
Error: error_code = 30; This profile is private; id = 233929986
Error: error_code = 30; This profile is private; id = 615488759
Error: error_code = 30; This profile is private; id = 3312162
Error: error_code = 30; This profile is private; id = 295515921
Error: error_code = 15; Access denied: user deactivated; id = 272056832
Error: error_code = 15; Access denied: user deactivated; id = 400000901
Error: error_code = 30; This profile is private; id = 345216891
Error: error_code = 30; This profile is private; id = 195952631
Error: error_code = 30; This profile is private; id = 715029121
Error: error_code = 30; This profile is private; id = 186757766
Error: error_code = 30; This profile is private; id = 134046058
Error: error_code = 30; This profile is private; id = 690467066
Error: error_code = 15; Access denied: user deactivated; id = 268207291
Error: error_code = 15; Access denied: user deactivated; id = 305381344
Error: error_code = 30; This profile is private; id = 445876817
Error: error_code = 30; This profile is private; id = 476977870
Error: error_code = 15; Access denied: user deactivated; id = 516548607
Error: error_code = 30; This profile is private; id = 299733030
Error: error_code = 30; This profile is private; id = 621658051
Error: error_code = 30; This profile is private; id = 529892876
Error: error_code = 30; This profile is private; id = 78630006
Error: error_code = 30; This profile is private; id = 50207920
Error: error_code = 15; Access denied: user deactivated; id = 20443261
Error: error_code = 30; This profile is private; id = 263225974
Error: error_code = 30; This profile is private; id = 46103163
Error: error_code = 15; Access denied: user deactivated; id = 265408282
Error: error_code = 30; This profile is private; id = 19177668
Error: error_code = 30; This profile is private; id = 2000964
Error: error_code = 30; This profile is private; id = 4159052
Error: error_code = 30; This profile is private; id = 683007697
Error: error_code = 30; This profile is private; id = 247744088
Error: error_code = 15; Access denied: user deactivated; id = 311660043
Error: error_code = 15; Access denied: user deactivated; id = 355133411
Error: error_code = 15; Access denied: user deactivated; id = 708695734
Error: error_code = 15; Access denied: user deactivated; id = 246176304
Error: error_code = 30; This profile is private; id = 282566926
Error: error_code = 30; This profile is private; id = 330594843
Error: error_code = 30; This profile is private; id = 530548518
Error: error_code = 30; This profile is private; id = 585291233
Error: error_code = 30; This profile is private; id = 597759526
Error: error_code = 30; This profile is private; id = 107242498
Error: error_code = 30; This profile is private; id = 602478834
Error: error_code = 30; This profile is private; id = 576552671
Error: error_code = 30; This profile is private; id = 219382423
Error: error_code = 30; This profile is private; id = 690367779
Error: error_code = 15; Access denied: user deactivated; id = 136695447
Error: error_code = 15; Access denied: user deactivated; id = 489048376
Error: error_code = 15; Access denied: user deactivated; id = 533165294
Error: error_code = 30; This profile is private; id = 670274724
Error: error_code = 15; Access denied: user deactivated; id = 399231227
Error: error_code = 15; Access denied: user deactivated; id = 427908092
Error: error_code = 30; This profile is private; id = 285025024
Error: error_code = 15; Access denied: user deactivated; id = 249324323
Error: error_code = 30; This profile is private; id = 431654477
Error: error_code = 30; This profile is private; id = 402319140
Error: error_code = 30; This profile is private; id = 173871679
Error: error_code = 30; This profile is private; id = 10730694
Error: error_code = 15; Access denied: user deactivated; id = 460905825
Error: error_code = 30; This profile is private; id = 605916111
Error: error_code = 30; This profile is private; id = 705120251
Error: error_code = 30; This profile is private; id = 403092186
Error: error_code = 30; This profile is private; id = 164892431
Error: error_code = 30; This profile is private; id = 697245313
Error: error_code = 30; This profile is private; id = 66273924
Error: error_code = 30; This profile is private; id = 298949675
Error: error_code = 30; This profile is private; id = 407597762
Error: error_code = 30; This profile is private; id = 601778170
Error: error_code = 30; This profile is private; id = 420495878
Error: error_code = 30; This profile is private; id = 52950440
Error: error_code = 30; This profile is private; id = 498168056
Error: error_code = 15; Access denied: user deactivated; id = 218919180
Error: error_code = 15; Access denied: user deactivated; id = 598793811
Error: error_code = 30; This profile is private; id = 555541033
Error: error_code = 15; Access denied: user deactivated; id = 312107650
Error: error_code = 15; Access denied: user deactivated; id = 231237201
Error: error_code = 30; This profile is private; id = 595762844
Error: error_code = 30; This profile is private; id = 158055266
Error: error_code = 30; This profile is private; id = 665766422
Error: error_code = 15; Access denied: user deactivated; id = 397744846
Error: error_code = 30; This profile is private; id = 598374440
Error: error_code = 30; This profile is private; id = 206293014
Error: error_code = 30; This profile is private; id = 23122233
Error: error_code = 30; This profile is private; id = 510636428
Error: error_code = 30; This profile is private; id = 538725305
Error: error_code = 30; This profile is private; id = 116216315
Error: error_code = 30; This profile is private; id = 373149824
Error: error_code = 30; This profile is private; id = 366975866
Error: error_code = 30; This profile is private; id = 554410465
Error: error_code = 30; This profile is private; id = 81337086
Error: error_code = 15; Access denied: user deactivated; id = 55510593
Error: error_code = 30; This profile is private; id = 656678396
Error: error_code = 30; This profile is private; id = 283218425
Error: error_code = 30; This profile is private; id = 389612031
Error: error_code = 30; This profile is private; id = 80925870
Error: error_code = 30; This profile is private; id = 128401930
Error: error_code = 15; Access denied: user deactivated; id = 182484389
Error: error_code = 30; This profile is private; id = 301728778
Error: error_code = 30; This profile is private; id = 96018535
Error: error_code = 30; This profile is private; id = 157692158
Error: error_code = 30; This profile is private; id = 33821119
Error: error_code = 30; This profile is private; id = 665512950
Error: error_code = 15; Access denied: user deactivated; id = 205331007
Error: error_code = 15; Access denied: user deactivated; id = 223398089
Error: error_code = 15; Access denied: user deactivated; id = 407324438
Error: error_code = 30; This profile is private; id = 569079726
Error: error_code = 15; Access denied: user deactivated; id = 715109383
Error: error_code = 15; Access denied: user deactivated; id = 602269445
Error: error_code = 15; Access denied: user deactivated; id = 214617335
Error: error_code = 30; This profile is private; id = 487313094
Error: error_code = 30; This profile is private; id = 282396077
Error: error_code = 30; This profile is private; id = 385747747
Error: error_code = 30; This profile is private; id = 235115366
Error: error_code = 30; This profile is private; id = 41338555
Error: error_code = 15; Access denied: user deactivated; id = 81264482
Error: error_code = 30; This profile is private; id = 567112153
Error: error_code = 30; This profile is private; id = 55031119
Error: error_code = 30; This profile is private; id = 435360918
Error: error_code = 30; This profile is private; id = 347501833
Error: error_code = 15; Access denied: user deactivated; id = 219005636
Error: error_code = 15; Access denied: user deactivated; id = 266989230
Error: error_code = 30; This profile is private; id = 135902857
Error: error_code = 30; This profile is private; id = 489034459
Error: error_code = 30; This profile is private; id = 670023870
Error: error_code = 30; This profile is private; id = 646433329
Error: error_code = 15; Access denied: user deactivated; id = 334916620
Error: error_code = 30; This profile is private; id = 99985918
Error: error_code = 15; Access denied: user deactivated; id = 229845194
Error: error_code = 30; This profile is private; id = 194599171
Error: error_code = 15; Access denied: user deactivated; id = 668063756
Error: error_code = 30; This profile is private; id = 239884801
Error: error_code = 30; This profile is private; id = 359969530
Error: error_code = 30; This profile is private; id = 472115580
Error: error_code = 15; Access denied: user deactivated; id = 313641900
Error: error_code = 30; This profile is private; id = 692205762
Error: error_code = 30; This profile is private; id = 535484269
Error: error_code = 15; Access denied: user deactivated; id = 238887996
Error: error_code = 30; This profile is private; id = 179012740
Error: error_code = 30; This profile is private; id = 706802754
Error: error_code = 15; Access denied: user deactivated; id = 680968509
Error: error_code = 30; This profile is private; id = 585839330
Error: error_code = 30; This profile is private; id = 663627761
Error: error_code = 30; This profile is private; id = 316958498
Error: error_code = 15; Access denied: user deactivated; id = 525423985
Error: error_code = 30; This profile is private; id = 83595503
Error: error_code = 15; Access denied: user deactivated; id = 696800610
Error: error_code = 15; Access denied: user deactivated; id = 431147337
Error: error_code = 15; Access denied: user deactivated; id = 463646496
Error: error_code = 30; This profile is private; id = 42022406
Error: error_code = 15; Access denied: user deactivated; id = 188255349
Error: error_code = 30; This profile is private; id = 265283024
Error: error_code = 15; Access denied: user deactivated; id = 427872957
Error: error_code = 15; Access denied: user deactivated; id = 322259794
Error: error_code = 15; Access denied: user deactivated; id = 242518057
Error: error_code = 30; This profile is private; id = 55757494
Error: error_code = 30; This profile is private; id = 291294294
Error: error_code = 30; This profile is private; id = 10923699
Error: error_code = 30; This profile is private; id = 658756575
Error: error_code = 15; Access denied: user deactivated; id = 508009473
Error: error_code = 30; This profile is private; id = 95981757
Error: error_code = 15; Access denied: user deactivated; id = 230513935
Error: error_code = 30; This profile is private; id = 2525557
Error: error_code = 30; This profile is private; id = 268302750
Error: error_code = 30; This profile is private; id = 399752555
Error: error_code = 15; Access denied: user deactivated; id = 212245455
Error: error_code = 30; This profile is private; id = 145681648
Error: error_code = 30; This profile is private; id = 321347954
Error: error_code = 15; Access denied: user deactivated; id = 84391362
Error: error_code = 15; Access denied: user deactivated; id = 406434174
Error: error_code = 30; This profile is private; id = 634934371
Error: error_code = 30; This profile is private; id = 664966670
Error: error_code = 15; Access denied: user deactivated; id = 363576704
Error: error_code = 15; Access denied: user deactivated; id = 595412410
Error: error_code = 15; Access denied: user deactivated; id = 704445176
Error: error_code = 30; This profile is private; id = 39662218
Error: error_code = 15; Access denied: user deactivated; id = 399884881
Error: error_code = 30; This profile is private; id = 11313072
Error: error_code = 30; This profile is private; id = 609195314
Error: error_code = 15; Access denied: user deactivated; id = 322454092
Error: error_code = 30; This profile is private; id = 230562354
Error: error_code = 15; Access denied: user deactivated; id = 713921763
Error: error_code = 30; This profile is private; id = 670367449
Error: error_code = 30; This profile is private; id = 407670372
Error: error_code = 15; Access denied: user deactivated; id = 707896485
Error: error_code = 15; Access denied: user deactivated; id = 264840925
Error: error_code = 15; Access denied: user deactivated; id = 121474001
Error: error_code = 30; This profile is private; id = 478675843
Error: error_code = 15; Access denied: user deactivated; id = 208671721
Error: error_code = 15; Access denied: user deactivated; id = 65683343
Error: error_code = 30; This profile is private; id = 648682321
Error: error_code = 15; Access denied: user deactivated; id = 707912239
Error: error_code = 30; This profile is private; id = 133284592
Error: error_code = 15; Access denied: user deactivated; id = 219649275
Error: error_code = 15; Access denied: user deactivated; id = 352651389
Error: error_code = 30; This profile is private; id = 183939564
Error: error_code = 15; Access denied: user deactivated; id = 552278692
Error: error_code = 30; This profile is private; id = 182028631
Error: error_code = 30; This profile is private; id = 159228996
Error: error_code = 15; Access denied: user deactivated; id = 535380510
Error: error_code = 15; Access denied: user deactivated; id = 640701488
Error: error_code = 15; Access denied: user deactivated; id = 348849634
Error: error_code = 30; This profile is private; id = 63432525
Error: error_code = 15; Access denied: user deactivated; id = 443672795
Error: error_code = 30; This profile is private; id = 125303185
Error: error_code = 30; This profile is private; id = 664960020
Error: error_code = 30; This profile is private; id = 558135742
Error: error_code = 15; Access denied: user deactivated; id = 238790848
Error: error_code = 30; This profile is private; id = 352118895
Error: error_code = 30; This profile is private; id = 479200970
Error: error_code = 30; This profile is private; id = 552820267
Error: error_code = 15; Access denied: user deactivated; id = 223317275
Error: error_code = 15; Access denied: user deactivated; id = 207880275
Error: error_code = 30; This profile is private; id = 249575034
Error: error_code = 15; Access denied: user deactivated; id = 327477371
Error: error_code = 30; This profile is private; id = 600706234
Error: error_code = 15; Access denied: user deactivated; id = 328258793
Error: error_code = 30; This profile is private; id = 459670523
Error: error_code = 30; This profile is private; id = 590418562
Error: error_code = 15; Access denied: user deactivated; id = 481625248
Error: error_code = 30; This profile is private; id = 217473045
Error: error_code = 30; This profile is private; id = 446889845
Error: error_code = 30; This profile is private; id = 635326621
Error: error_code = 15; Access denied: user deactivated; id = 322132652
Error: error_code = 30; This profile is private; id = 126787536
Error: error_code = 15; Access denied: user deactivated; id = 289665246
Error: error_code = 30; This profile is private; id = 696211457
Error: error_code = 30; This profile is private; id = 423902899
Error: error_code = 30; This profile is private; id = 583823170
Error: error_code = 30; This profile is private; id = 258911985
Error: error_code = 30; This profile is private; id = 682400727
Error: error_code = 30; This profile is private; id = 37201652
Error: error_code = 30; This profile is private; id = 40234792
Error: error_code = 15; Access denied: user deactivated; id = 520073494
Error: error_code = 15; Access denied: user deactivated; id = 68188725
Error: error_code = 30; This profile is private; id = 496413769
Error: error_code = 30; This profile is private; id = 199019729
Error: error_code = 30; This profile is private; id = 382211920
Error: error_code = 15; Access denied: user deactivated; id = 153914405
Error: error_code = 15; Access denied: user deactivated; id = 586980183
Error: error_code = 15; Access denied: user deactivated; id = 400156665
Error: error_code = 30; This profile is private; id = 618107621
Error: error_code = 30; This profile is private; id = 25400833
Error: error_code = 15; Access denied: user deactivated; id = 670264888
Error: error_code = 30; This profile is private; id = 379329645
Error: error_code = 30; This profile is private; id = 603345392
Error: error_code = 30; This profile is private; id = 690474206
Error: error_code = 30; This profile is private; id = 638570332
Error: error_code = 30; This profile is private; id = 456227908
Error: error_code = 30; This profile is private; id = 20195429
Error: error_code = 30; This profile is private; id = 23237938
Error: error_code = 15; Access denied: user deactivated; id = 533265772
Error: error_code = 30; This profile is private; id = 324821247
Error: error_code = 15; Access denied: user deactivated; id = 166109008
Error: error_code = 30; This profile is private; id = 651361443
Error: error_code = 30; This profile is private; id = 104544842
Error: error_code = 15; Access denied: user deactivated; id = 276567911
Error: error_code = 30; This profile is private; id = 305283747
Error: error_code = 30; This profile is private; id = 307830122
Error: error_code = 30; This profile is private; id = 352314403
Error: error_code = 30; This profile is private; id = 368866855
Error: error_code = 30; This profile is private; id = 486153702
Error: error_code = 30; This profile is private; id = 241791990
Error: error_code = 30; This profile is private; id = 207674117
Error: error_code = 15; Access denied: user deactivated; id = 537250520
Error: error_code = 30; This profile is private; id = 156677499
Error: error_code = 15; Access denied: user deactivated; id = 265280074
Error: error_code = 30; This profile is private; id = 638964585
Error: error_code = 30; This profile is private; id = 58660503
Error: error_code = 30; This profile is private; id = 302236527
Error: error_code = 30; This profile is private; id = 664927575
Error: error_code = 30; This profile is private; id = 566885324
Error: error_code = 15; Access denied: user deactivated; id = 368642417
Error: error_code = 15; Access denied: user deactivated; id = 199153918
Error: error_code = 30; This profile is private; id = 426434386
Error: error_code = 30; This profile is private; id = 106674358
Error: error_code = 30; This profile is private; id = 510977252
Error: error_code = 30; This profile is private; id = 595437516
Error: error_code = 30; This profile is private; id = 183881017
Error: error_code = 15; Access denied: user deactivated; id = 636658722
Error: error_code = 30; This profile is private; id = 697094587
Error: error_code = 15; Access denied: user deactivated; id = 230452332
Error: error_code = 30; This profile is private; id = 270563445
Error: error_code = 30; This profile is private; id = 656329192
Error: error_code = 30; This profile is private; id = 269328522
Error: error_code = 15; Access denied: user deactivated; id = 399623847
Error: error_code = 30; This profile is private; id = 186378830
Error: error_code = 30; This profile is private; id = 182335887
Error: error_code = 30; This profile is private; id = 560726687
Error: error_code = 30; This profile is private; id = 466249815
Error: error_code = 30; This profile is private; id = 306134973
Error: error_code = 30; This profile is private; id = 317047351
Error: error_code = 30; This profile is private; id = 480972923
Error: error_code = 15; Access denied: user deactivated; id = 401940828
Error: error_code = 15; Access denied: user deactivated; id = 324021796
Error: error_code = 30; This profile is private; id = 576433034
Error: error_code = 15; Access denied: user deactivated; id = 257998071
Error: error_code = 15; Access denied: user deactivated; id = 187654923
Error: error_code = 30; This profile is private; id = 563889271
Error: error_code = 15; Access denied: user deactivated; id = 536799088
Error: error_code = 15; Access denied: user deactivated; id = 191885915
Error: error_code = 30; This profile is private; id = 307027856
Error: error_code = 30; This profile is private; id = 18590682
Error: error_code = 15; Access denied: user deactivated; id = 406689470
Error: error_code = 30; This profile is private; id = 499870308
Error: error_code = 30; This profile is private; id = 33114064
Error: error_code = 30; This profile is private; id = 138219926
Error: error_code = 30; This profile is private; id = 233034501
Error: error_code = 30; This profile is private; id = 156096274
Error: error_code = 30; This profile is private; id = 115173127
Error: error_code = 30; This profile is private; id = 532221327
Error: error_code = 30; This profile is private; id = 547325173
Error: error_code = 30; This profile is private; id = 479443670
Error: error_code = 30; This profile is private; id = 516802756
Error: error_code = 30; This profile is private; id = 6010737
Error: error_code = 15; Access denied: user deactivated; id = 213365426
Error: error_code = 30; This profile is private; id = 215297094
Error: error_code = 15; Access denied: user deactivated; id = 382223035
Error: error_code = 30; This profile is private; id = 58527928
Error: error_code = 15; Access denied: user deactivated; id = 206086275
Error: error_code = 15; Access denied: user deactivated; id = 181183836
Error: error_code = 30; This profile is private; id = 65227832
Error: error_code = 30; This profile is private; id = 22774698
Error: error_code = 30; This profile is private; id = 693065810
Error: error_code = 30; This profile is private; id = 164361282
Error: error_code = 30; This profile is private; id = 278798464
Error: error_code = 15; Access denied: user deactivated; id = 41813523
Error: error_code = 30; This profile is private; id = 623207051
Error: error_code = 30; This profile is private; id = 211157159
Error: error_code = 30; This profile is private; id = 573326408
Error: error_code = 15; Access denied: user deactivated; id = 443931586
Error: error_code = 30; This profile is private; id = 133070532
Error: error_code = 30; This profile is private; id = 174974067
Error: error_code = 30; This profile is private; id = 334254609
Error: error_code = 30; This profile is private; id = 519085641
Error: error_code = 30; This profile is private; id = 16698864
Error: error_code = 30; This profile is private; id = 612157950
Error: error_code = 15; Access denied: user deactivated; id = 252317355
Error: error_code = 30; This profile is private; id = 648800520
Error: error_code = 30; This profile is private; id = 416452646
Error: error_code = 30; This profile is private; id = 325136398
Error: error_code = 30; This profile is private; id = 511366842
Error: error_code = 15; Access denied: user deactivated; id = 175803999
Error: error_code = 30; This profile is private; id = 357300803
Error: error_code = 15; Access denied: user deactivated; id = 394706005
Error: error_code = 15; Access denied: user deactivated; id = 224488875
Error: error_code = 30; This profile is private; id = 528371309
Error: error_code = 15; Access denied: user deactivated; id = 556674759
Error: error_code = 30; This profile is private; id = 391804036
Error: error_code = 30; This profile is private; id = 7933680
Error: error_code = 30; This profile is private; id = 308691584
Error: error_code = 15; Access denied: user deactivated; id = 544453274
Error: error_code = 30; This profile is private; id = 228683786
Error: error_code = 30; This profile is private; id = 299090620
Error: error_code = 30; This profile is private; id = 423087458
Error: error_code = 30; This profile is private; id = 63499133
Error: error_code = 30; This profile is private; id = 423047638
Error: error_code = 30; This profile is private; id = 20887901
Error: error_code = 30; This profile is private; id = 143785481
Error: error_code = 30; This profile is private; id = 177660430
Error: error_code = 30; This profile is private; id = 556085475
Error: error_code = 30; This profile is private; id = 224015455
Error: error_code = 30; This profile is private; id = 520335858
Error: error_code = 30; This profile is private; id = 569644566
Error: error_code = 30; This profile is private; id = 440176506
Error: error_code = 30; This profile is private; id = 156853628
Error: error_code = 15; Access denied: user deactivated; id = 144320018
Error: error_code = 30; This profile is private; id = 284230322
Error: error_code = 30; This profile is private; id = 109463315
Error: error_code = 30; This profile is private; id = 162216552
Error: error_code = 30; This profile is private; id = 632303368
Error: error_code = 30; This profile is private; id = 625559163
Error: error_code = 15; Access denied: user deactivated; id = 73963567
Error: error_code = 30; This profile is private; id = 126783404
Error: error_code = 15; Access denied: user deactivated; id = 173088219
Error: error_code = 30; This profile is private; id = 445351623
Error: error_code = 30; This profile is private; id = 320655540
Error: error_code = 15; Access denied: user deactivated; id = 150920974
Error: error_code = 30; This profile is private; id = 257528793
Error: error_code = 30; This profile is private; id = 71283441
Error: error_code = 15; Access denied: user deactivated; id = 402463504
Error: error_code = 30; This profile is private; id = 428673099
Error: error_code = 30; This profile is private; id = 333228735
Error: error_code = 30; This profile is private; id = 1340684
Error: error_code = 15; Access denied: user deactivated; id = 416175770
Error: error_code = 15; Access denied: user deactivated; id = 374237955
Error: error_code = 30; This profile is private; id = 704105446
Error: error_code = 15; Access denied: user deactivated; id = 594091197
Error: error_code = 15; Access denied: user deactivated; id = 19414212
Error: error_code = 15; Access denied: user deactivated; id = 227400368
Error: error_code = 30; This profile is private; id = 391187336
Error: error_code = 15; Access denied: user deactivated; id = 592913868
Error: error_code = 30; This profile is private; id = 233515971
Error: error_code = 30; This profile is private; id = 13917566
Error: error_code = 15; Access denied: user deactivated; id = 393471428
Error: error_code = 30; This profile is private; id = 150889936
Error: error_code = 30; This profile is private; id = 323142781
Error: error_code = 30; This profile is private; id = 226544253
Error: error_code = 30; This profile is private; id = 702300997
Error: error_code = 30; This profile is private; id = 197541798
Error: error_code = 15; Access denied: user deactivated; id = 172596862
Error: error_code = 15; Access denied: user deactivated; id = 316589259
Error: error_code = 15; Access denied: user deactivated; id = 253003702
Error: error_code = 30; This profile is private; id = 7252100
Error: error_code = 30; This profile is private; id = 444890572
Error: error_code = 30; This profile is private; id = 181029150
Error: error_code = 30; This profile is private; id = 528294233
Error: error_code = 15; Access denied: user deactivated; id = 166707647
Error: error_code = 30; This profile is private; id = 187333850
Error: error_code = 30; This profile is private; id = 156854491
Error: error_code = 30; This profile is private; id = 235386535
Error: error_code = 30; This profile is private; id = 173602854
Error: error_code = 30; This profile is private; id = 451537494
Error: error_code = 30; This profile is private; id = 161604301
Error: error_code = 30; This profile is private; id = 678824900
Error: error_code = 30; This profile is private; id = 215224211
Error: error_code = 30; This profile is private; id = 693611062
Error: error_code = 30; This profile is private; id = 661055539
Error: error_code = 15; Access denied: user deactivated; id = 27123661
Error: error_code = 15; Access denied: user deactivated; id = 230691038
Error: error_code = 15; Access denied: user deactivated; id = 300663393
Error: error_code = 15; Access denied: user deactivated; id = 239908315
Error: error_code = 30; This profile is private; id = 417569621
Error: error_code = 30; This profile is private; id = 56756044
Error: error_code = 30; This profile is private; id = 577492395
Error: error_code = 15; Access denied: user deactivated; id = 357113933
Error: error_code = 15; Access denied: user deactivated; id = 234586654
Error: error_code = 30; This profile is private; id = 332272062
Error: error_code = 15; Access denied: user deactivated; id = 705431716
Error: error_code = 15; Access denied: user deactivated; id = 147466604
Error: error_code = 30; This profile is private; id = 684981743
Error: error_code = 30; This profile is private; id = 136959931
Error: error_code = 30; This profile is private; id = 65344007
Error: error_code = 15; Access denied: user deactivated; id = 425347954
Error: error_code = 30; This profile is private; id = 411865244
Error: error_code = 30; This profile is private; id = 26754337
Error: error_code = 30; This profile is private; id = 433857336
Error: error_code = 30; This profile is private; id = 160203022
Error: error_code = 15; Access denied: user deactivated; id = 236499990
Error: error_code = 15; Access denied: user deactivated; id = 229278294
Error: error_code = 15; Access denied: user deactivated; id = 435795186
Error: error_code = 15; Access denied: user deactivated; id = 150580533
Error: error_code = 15; Access denied: user deactivated; id = 543444371
Error: error_code = 15; Access denied: user deactivated; id = 178225892
Error: error_code = 30; This profile is private; id = 154936957
Error: error_code = 15; Access denied: user deactivated; id = 239034766
Error: error_code = 30; This profile is private; id = 301069502
Error: error_code = 30; This profile is private; id = 386897502
Error: error_code = 15; Access denied: user deactivated; id = 713924740
Error: error_code = 15; Access denied: user deactivated; id = 57015241
Error: error_code = 30; This profile is private; id = 177989859
Error: error_code = 15; Access denied: user deactivated; id = 27535924
Error: error_code = 15; Access denied: user deactivated; id = 313143420
Error: error_code = 15; Access denied: user deactivated; id = 475876664
Error: error_code = 15; Access denied: user deactivated; id = 174557386
Error: error_code = 30; This profile is private; id = 583894087
Error: error_code = 30; This profile is private; id = 224709233
Error: error_code = 30; This profile is private; id = 348999231
Error: error_code = 15; Access denied: user deactivated; id = 223952697
Error: error_code = 30; This profile is private; id = 583253223
Error: error_code = 30; This profile is private; id = 56423358
Error: error_code = 15; Access denied: user deactivated; id = 17394302
Error: error_code = 30; This profile is private; id = 53070387
Error: error_code = 30; This profile is private; id = 55656649
Error: error_code = 15; Access denied: user deactivated; id = 494555709
Error: error_code = 15; Access denied: user deactivated; id = 540518387
Error: error_code = 30; This profile is private; id = 162423168
Error: error_code = 30; This profile is private; id = 296950118
Error: error_code = 15; Access denied: user deactivated; id = 663639025
Error: error_code = 30; This profile is private; id = 665667629
Error: error_code = 30; This profile is private; id = 34314353
Error: error_code = 15; Access denied: user deactivated; id = 225588136
Error: error_code = 15; Access denied: user deactivated; id = 188345905
Error: error_code = 30; This profile is private; id = 121553218
Error: error_code = 15; Access denied: user deactivated; id = 713651125
Error: error_code = 15; Access denied: user deactivated; id = 188009215
Error: error_code = 30; This profile is private; id = 528263550
Error: error_code = 30; This profile is private; id = 246104262
Error: error_code = 30; This profile is private; id = 577058880
Error: error_code = 30; This profile is private; id = 628341461
Error: error_code = 30; This profile is private; id = 146997156
Error: error_code = 15; Access denied: user deactivated; id = 534460526
Error: error_code = 15; Access denied: user deactivated; id = 271393672
Error: error_code = 30; This profile is private; id = 118878024
Error: error_code = 30; This profile is private; id = 391894062
Error: error_code = 30; This profile is private; id = 605867327
Error: error_code = 15; Access denied: user deactivated; id = 498130902
Error: error_code = 30; This profile is private; id = 670830864
Error: error_code = 30; This profile is private; id = 47824735
Error: error_code = 30; This profile is private; id = 115715228
Error: error_code = 30; This profile is private; id = 213666057
Error: error_code = 30; This profile is private; id = 644633629
Error: error_code = 30; This profile is private; id = 184724795
Error: error_code = 30; This profile is private; id = 404041285
Error: error_code = 30; This profile is private; id = 362536126
Error: error_code = 15; Access denied: user deactivated; id = 222957882
Error: error_code = 30; This profile is private; id = 95828394
Error: error_code = 30; This profile is private; id = 245778815
Error: error_code = 30; This profile is private; id = 648292754
Error: error_code = 15; Access denied: user deactivated; id = 244098815
Error: error_code = 15; Access denied: user deactivated; id = 455887971
Error: error_code = 30; This profile is private; id = 317040659
Error: error_code = 30; This profile is private; id = 223764431
Error: error_code = 30; This profile is private; id = 6103995
Error: error_code = 30; This profile is private; id = 624161045
Error: error_code = 15; Access denied: user deactivated; id = 113731297
Error: error_code = 30; This profile is private; id = 509347985
Error: error_code = 30; This profile is private; id = 243236196
Error: error_code = 30; This profile is private; id = 392102261
Error: error_code = 30; This profile is private; id = 151803933
Error: error_code = 30; This profile is private; id = 14710240
Error: error_code = 30; This profile is private; id = 312358442
Error: error_code = 30; This profile is private; id = 620719425
Error: error_code = 15; Access denied: user deactivated; id = 340621832
Error: error_code = 15; Access denied: user deactivated; id = 30121476
Error: error_code = 30; This profile is private; id = 679406705
Error: error_code = 30; This profile is private; id = 165205999
Error: error_code = 15; Access denied: user deactivated; id = 218674163
Error: error_code = 15; Access denied: user deactivated; id = 214965157
Error: error_code = 15; Access denied: user deactivated; id = 301289476
Error: error_code = 30; This profile is private; id = 182350520
Error: error_code = 30; This profile is private; id = 455470558
Error: error_code = 30; This profile is private; id = 53287273
Error: error_code = 30; This profile is private; id = 198926775
Error: error_code = 15; Access denied: user deactivated; id = 199692539
Error: error_code = 30; This profile is private; id = 436232756
Error: error_code = 15; Access denied: user deactivated; id = 220784039
Error: error_code = 30; This profile is private; id = 134847211
Error: error_code = 30; This profile is private; id = 701251242
Error: error_code = 30; This profile is private; id = 567534540
Error: error_code = 30; This profile is private; id = 652277631
Error: error_code = 30; This profile is private; id = 374140643
Error: error_code = 15; Access denied: user deactivated; id = 201493177
Error: error_code = 30; This profile is private; id = 582177475
Error: error_code = 30; This profile is private; id = 140505733
Error: error_code = 30; This profile is private; id = 135072793
Error: error_code = 30; This profile is private; id = 259701256
Error: error_code = 15; Access denied: user deactivated; id = 255355044
Error: error_code = 30; This profile is private; id = 639521978
Error: error_code = 30; This profile is private; id = 226498160
Error: error_code = 30; This profile is private; id = 556443592
Error: error_code = 30; This profile is private; id = 343791370
Error: error_code = 30; This profile is private; id = 147447823
Error: error_code = 30; This profile is private; id = 42441534
Error: error_code = 15; Access denied: user deactivated; id = 698239763
Error: error_code = 30; This profile is private; id = 38972424
Error: error_code = 30; This profile is private; id = 317062965
Error: error_code = 30; This profile is private; id = 167912337
Error: error_code = 30; This profile is private; id = 497033636
Error: error_code = 30; This profile is private; id = 339465487
Error: error_code = 30; This profile is private; id = 248181031
Error: error_code = 30; This profile is private; id = 238726192
Error: error_code = 15; Access denied: user deactivated; id = 476596926
Error: error_code = 30; This profile is private; id = 9189440
Error: error_code = 30; This profile is private; id = 638388116
Error: error_code = 15; Access denied: user deactivated; id = 555798378
Error: error_code = 30; This profile is private; id = 296945412
Error: error_code = 30; This profile is private; id = 625251126
Error: error_code = 15; Access denied: user deactivated; id = 695281361
Error: error_code = 15; Access denied: user deactivated; id = 394581977
Error: error_code = 30; This profile is private; id = 404449827
Error: error_code = 30; This profile is private; id = 133757565
Error: error_code = 15; Access denied: user deactivated; id = 512753653
Error: error_code = 15; Access denied: user deactivated; id = 694607733
Error: error_code = 30; This profile is private; id = 567425852
Error: error_code = 15; Access denied: user deactivated; id = 628393941
Error: error_code = 30; This profile is private; id = 673238369
Error: error_code = 15; Access denied: user deactivated; id = 314842786
Error: error_code = 30; This profile is private; id = 167419139
Error: error_code = 30; This profile is private; id = 451270328
Error: error_code = 15; Access denied: user deactivated; id = 340225672
Error: error_code = 30; This profile is private; id = 420358227
Error: error_code = 30; This profile is private; id = 171583872
Error: error_code = 30; This profile is private; id = 120388311
Error: error_code = 30; This profile is private; id = 467183216
Error: error_code = 30; This profile is private; id = 501228898
Error: error_code = 30; This profile is private; id = 193208443
Error: error_code = 30; This profile is private; id = 651262761
Error: error_code = 30; This profile is private; id = 348903229
Error: error_code = 15; Access denied: user deactivated; id = 229103502
Error: error_code = 30; This profile is private; id = 2700646
Error: error_code = 15; Access denied: user deactivated; id = 215599102
Error: error_code = 15; Access denied: user deactivated; id = 156333689
Error: error_code = 30; This profile is private; id = 3940869
Error: error_code = 30; This profile is private; id = 221906374
Error: error_code = 30; This profile is private; id = 388221720
Error: error_code = 30; This profile is private; id = 82110001
Error: error_code = 30; This profile is private; id = 708702864
Error: error_code = 15; Access denied: user deactivated; id = 345265642
Error: error_code = 30; This profile is private; id = 418160971
Error: error_code = 30; This profile is private; id = 566148154
Error: error_code = 30; This profile is private; id = 212430392
Error: error_code = 15; Access denied: user deactivated; id = 164850705
Error: error_code = 30; This profile is private; id = 657775114
Error: error_code = 30; This profile is private; id = 704037276
Error: error_code = 30; This profile is private; id = 2594052
Error: error_code = 30; This profile is private; id = 644255037
Error: error_code = 30; This profile is private; id = 668694194
Error: error_code = 15; Access denied: user deactivated; id = 197105358
Error: error_code = 30; This profile is private; id = 429200951
Error: error_code = 15; Access denied: user deactivated; id = 541068986
Error: error_code = 30; This profile is private; id = 53774214
Error: error_code = 30; This profile is private; id = 18606914
Error: error_code = 15; Access denied: user deactivated; id = 534482976
Error: error_code = 30; This profile is private; id = 520209389
Error: error_code = 15; Access denied: user deactivated; id = 706225719
Error: error_code = 30; This profile is private; id = 711327910
Error: error_code = 30; This profile is private; id = 524413439
Error: error_code = 15; Access denied: user deactivated; id = 512938438
Error: error_code = 15; Access denied: user deactivated; id = 606888984
Error: error_code = 15; Access denied: user deactivated; id = 217942444
Error: error_code = 30; This profile is private; id = 670691665
Error: error_code = 30; This profile is private; id = 677144703
Error: error_code = 30; This profile is private; id = 620263554
Error: error_code = 15; Access denied: user deactivated; id = 435509043
Error: error_code = 15; Access denied: user deactivated; id = 546120405
Error: error_code = 30; This profile is private; id = 102938138
Error: error_code = 30; This profile is private; id = 40778837
Error: error_code = 15; Access denied: user deactivated; id = 371049147
Error: error_code = 30; This profile is private; id = 509809814
Error: error_code = 30; This profile is private; id = 85194554
Error: error_code = 15; Access denied: user deactivated; id = 413861448
Error: error_code = 30; This profile is private; id = 700710946
Error: error_code = 30; This profile is private; id = 352201556
Error: error_code = 15; Access denied: user deactivated; id = 441346554
Error: error_code = 30; This profile is private; id = 119743299
Error: error_code = 15; Access denied: user deactivated; id = 191123807
Error: error_code = 30; This profile is private; id = 394104524
Error: error_code = 30; This profile is private; id = 689922703
Error: error_code = 30; This profile is private; id = 80507143
Error: error_code = 30; This profile is private; id = 28184487
Error: error_code = 30; This profile is private; id = 14642197
Error: error_code = 30; This profile is private; id = 4104383
Error: error_code = 15; Access denied: user deactivated; id = 217319890
Error: error_code = 30; This profile is private; id = 539710901
Error: error_code = 30; This profile is private; id = 204221899
Error: error_code = 30; This profile is private; id = 168073918
Error: error_code = 30; This profile is private; id = 527211958
Error: error_code = 15; Access denied: user deactivated; id = 420744882
Error: error_code = 30; This profile is private; id = 2921143
Error: error_code = 15; Access denied: user deactivated; id = 207439907
Error: error_code = 30; This profile is private; id = 1880874
Error: error_code = 15; Access denied: user deactivated; id = 523300088
Error: error_code = 15; Access denied: user deactivated; id = 189748464
Error: error_code = 30; This profile is private; id = 26068660
Error: error_code = 30; This profile is private; id = 702440218
Error: error_code = 15; Access denied: user deactivated; id = 228602480
Error: error_code = 30; This profile is private; id = 285950761
Error: error_code = 30; This profile is private; id = 107839512
Error: error_code = 30; This profile is private; id = 374689399
Error: error_code = 30; This profile is private; id = 278208391
Error: error_code = 15; Access denied: user deactivated; id = 423728341
Error: error_code = 15; Access denied: user deactivated; id = 223283007
Error: error_code = 30; This profile is private; id = 593781560
Error: error_code = 30; This profile is private; id = 420904777
Error: error_code = 15; Access denied: user deactivated; id = 542882855
Error: error_code = 15; Access denied: user deactivated; id = 537872827
Error: error_code = 30; This profile is private; id = 595244696
Error: error_code = 30; This profile is private; id = 252149178
Error: error_code = 30; This profile is private; id = 576847887
Error: error_code = 30; This profile is private; id = 364792710
Error: error_code = 15; Access denied: user deactivated; id = 388677101
Error: error_code = 30; This profile is private; id = 200160306
Error: error_code = 15; Access denied: user deactivated; id = 181917319
Error: error_code = 15; Access denied: user deactivated; id = 400107095
Error: error_code = 30; This profile is private; id = 360827610
Error: error_code = 30; This profile is private; id = 116291235
Error: error_code = 30; This profile is private; id = 703354957
Error: error_code = 15; Access denied: user deactivated; id = 345657057
Error: error_code = 15; Access denied: user deactivated; id = 237154365
Error: error_code = 30; This profile is private; id = 436939234
Error: error_code = 30; This profile is private; id = 564218952
Error: error_code = 15; Access denied: user deactivated; id = 426018125
Error: error_code = 30; This profile is private; id = 78261500
Error: error_code = 15; Access denied: user deactivated; id = 63235641
Error: error_code = 15; Access denied: user deactivated; id = 649003247
Error: error_code = 30; This profile is private; id = 669244890
Error: error_code = 30; This profile is private; id = 418438366
Error: error_code = 30; This profile is private; id = 14305002
Error: error_code = 15; Access denied: user deactivated; id = 161766432
Error: error_code = 30; This profile is private; id = 294106608
Error: error_code = 30; This profile is private; id = 452604132
Error: error_code = 30; This profile is private; id = 546435911
Error: error_code = 30; This profile is private; id = 562918371
Error: error_code = 30; This profile is private; id = 177006636
Error: error_code = 15; Access denied: user deactivated; id = 301657090
Error: error_code = 30; This profile is private; id = 180404283
Error: error_code = 30; This profile is private; id = 632180273
Error: error_code = 30; This profile is private; id = 264423684
Error: error_code = 30; This profile is private; id = 710916416
Error: error_code = 30; This profile is private; id = 662556487
Error: error_code = 15; Access denied: user deactivated; id = 173484521
Error: error_code = 30; This profile is private; id = 9812489
Error: error_code = 30; This profile is private; id = 490017265
Error: error_code = 15; Access denied: user deactivated; id = 239989563
Error: error_code = 30; This profile is private; id = 267776385
Error: error_code = 15; Access denied: user deactivated; id = 64753569
Error: error_code = 30; This profile is private; id = 488224186
Error: error_code = 30; This profile is private; id = 694360601
Error: error_code = 30; This profile is private; id = 464185877
Error: error_code = 15; Access denied: user deactivated; id = 546120877
Error: error_code = 15; Access denied: user deactivated; id = 713085594
Error: error_code = 30; This profile is private; id = 226511098
Error: error_code = 30; This profile is private; id = 311147137
Error: error_code = 30; This profile is private; id = 375249028
Error: error_code = 30; This profile is private; id = 36814784
Error: error_code = 30; This profile is private; id = 498819459
Error: error_code = 15; Access denied: user deactivated; id = 65809574
Error: error_code = 30; This profile is private; id = 587718320
Error: error_code = 30; This profile is private; id = 692732206
Error: error_code = 15; Access denied: user deactivated; id = 697459043
Error: error_code = 15; Access denied: user deactivated; id = 15057492
Error: error_code = 30; This profile is private; id = 257130464
Error: error_code = 30; This profile is private; id = 584855371
Error: error_code = 30; This profile is private; id = 13195750
Error: error_code = 15; Access denied: user deactivated; id = 345855268
Error: error_code = 30; This profile is private; id = 563235898
Error: error_code = 30; This profile is private; id = 699173078
Error: error_code = 30; This profile is private; id = 472365087
Error: error_code = 30; This profile is private; id = 664181744
Error: error_code = 30; This profile is private; id = 508107964
Error: error_code = 30; This profile is private; id = 311126026
Error: error_code = 30; This profile is private; id = 375891583
Error: error_code = 30; This profile is private; id = 133218392
Error: error_code = 15; Access denied: user deactivated; id = 116221864
Error: error_code = 15; Access denied: user deactivated; id = 459237975
Error: error_code = 15; Access denied: user deactivated; id = 313373293
Error: error_code = 15; Access denied: user deactivated; id = 534140204
Error: error_code = 30; This profile is private; id = 198245805
Error: error_code = 30; This profile is private; id = 517228883
Error: error_code = 15; Access denied: user deactivated; id = 286033830
Error: error_code = 30; This profile is private; id = 369986811
Error: error_code = 30; This profile is private; id = 685349100
Error: error_code = 30; This profile is private; id = 423152889
Error: error_code = 15; Access denied: user deactivated; id = 281954771
Error: error_code = 30; This profile is private; id = 538682564
Error: error_code = 30; This profile is private; id = 297374866
Error: error_code = 30; This profile is private; id = 144227826
Error: error_code = 30; This profile is private; id = 74049200
Error: error_code = 30; This profile is private; id = 493020778
Error: error_code = 15; Access denied: user deactivated; id = 419796982
Error: error_code = 15; Access denied: user deactivated; id = 344918153
Error: error_code = 15; Access denied: user deactivated; id = 172042431
Error: error_code = 30; This profile is private; id = 171506230
Error: error_code = 30; This profile is private; id = 135103971
Error: error_code = 30; This profile is private; id = 687433727
Error: error_code = 30; This profile is private; id = 102690311
Error: error_code = 15; Access denied: user deactivated; id = 481104974
Error: error_code = 30; This profile is private; id = 553347162
Error: error_code = 30; This profile is private; id = 614952481
Error: error_code = 30; This profile is private; id = 649061859
Error: error_code = 30; This profile is private; id = 630140042
Error: error_code = 30; This profile is private; id = 153363030
Error: error_code = 30; This profile is private; id = 345824401
Error: error_code = 30; This profile is private; id = 183954427
Error: error_code = 30; This profile is private; id = 50331107
Error: error_code = 15; Access denied: user deactivated; id = 402788575
Error: error_code = 30; This profile is private; id = 39600246
Error: error_code = 15; Access denied: user deactivated; id = 152764983
Error: error_code = 30; This profile is private; id = 592583347
Error: error_code = 15; Access denied: user deactivated; id = 227768017
Error: error_code = 30; This profile is private; id = 343155789
Error: error_code = 30; This profile is private; id = 11434924
Error: error_code = 30; This profile is private; id = 65334316
Error: error_code = 30; This profile is private; id = 710814860
Error: error_code = 30; This profile is private; id = 394405463
Error: error_code = 30; This profile is private; id = 465154788
Error: error_code = 15; Access denied: user deactivated; id = 440837510
Error: error_code = 30; This profile is private; id = 519397129
Error: error_code = 15; Access denied: user deactivated; id = 531859509
Error: error_code = 30; This profile is private; id = 17298741
Error: error_code = 30; This profile is private; id = 19634620
Error: error_code = 30; This profile is private; id = 80088408
Error: error_code = 30; This profile is private; id = 648439125
Error: error_code = 15; Access denied: user deactivated; id = 157524541
Error: error_code = 15; Access denied: user deactivated; id = 557451690
Error: error_code = 15; Access denied: user deactivated; id = 687587306
Error: error_code = 30; This profile is private; id = 227671460
Error: error_code = 30; This profile is private; id = 252904419
Error: error_code = 30; This profile is private; id = 3443292
Error: error_code = 30; This profile is private; id = 326615132
Error: error_code = 30; This profile is private; id = 413543939
Error: error_code = 30; This profile is private; id = 274245940
Error: error_code = 30; This profile is private; id = 229268375
Error: error_code = 15; Access denied: user deactivated; id = 176867451
Error: error_code = 30; This profile is private; id = 576418340
Error: error_code = 30; This profile is private; id = 489230841
Error: error_code = 30; This profile is private; id = 500858438
Error: error_code = 30; This profile is private; id = 496957081
Error: error_code = 30; This profile is private; id = 505347896
Error: error_code = 30; This profile is private; id = 21371382
Error: error_code = 30; This profile is private; id = 57174652
Error: error_code = 30; This profile is private; id = 251293026
Error: error_code = 30; This profile is private; id = 16301738
Error: error_code = 15; Access denied: user deactivated; id = 279326947
Error: error_code = 30; This profile is private; id = 261706880
Error: error_code = 30; This profile is private; id = 491038403
Error: error_code = 30; This profile is private; id = 218121188
Error: error_code = 30; This profile is private; id = 374123120
Error: error_code = 30; This profile is private; id = 17064692
Error: error_code = 15; Access denied: user deactivated; id = 525870808
Error: error_code = 30; This profile is private; id = 158544287
Error: error_code = 30; This profile is private; id = 323868505
Error: error_code = 15; Access denied: user deactivated; id = 454442754
Error: error_code = 15; Access denied: user deactivated; id = 700264068
Error: error_code = 15; Access denied: user deactivated; id = 8724295
Error: error_code = 30; This profile is private; id = 711895217
Error: error_code = 30; This profile is private; id = 331504805
Error: error_code = 30; This profile is private; id = 186088728
Error: error_code = 30; This profile is private; id = 523669089
Error: error_code = 30; This profile is private; id = 111641480
Error: error_code = 30; This profile is private; id = 208999236
Error: error_code = 15; Access denied: user deactivated; id = 155014183
Error: error_code = 30; This profile is private; id = 282861019
Error: error_code = 30; This profile is private; id = 504584360
Error: error_code = 30; This profile is private; id = 11723548
Error: error_code = 15; Access denied: user deactivated; id = 419995722
Error: error_code = 30; This profile is private; id = 222744024
Error: error_code = 30; This profile is private; id = 431391547
Error: error_code = 15; Access denied: user deactivated; id = 529003785
Error: error_code = 30; This profile is private; id = 88831580
Error: error_code = 30; This profile is private; id = 247358633
Error: error_code = 15; Access denied: user deactivated; id = 408853655
Error: error_code = 30; This profile is private; id = 184206039
Error: error_code = 30; This profile is private; id = 12543636
Error: error_code = 30; This profile is private; id = 567112088
Error: error_code = 30; This profile is private; id = 529607913
Error: error_code = 15; Access denied: user deactivated; id = 158380966
Error: error_code = 30; This profile is private; id = 191072677
Error: error_code = 30; This profile is private; id = 593498114
Error: error_code = 30; This profile is private; id = 240318732
Error: error_code = 15; Access denied: user deactivated; id = 135732446
Error: error_code = 30; This profile is private; id = 548087912
Error: error_code = 15; Access denied: user deactivated; id = 550865780
Error: error_code = 30; This profile is private; id = 160111948
Error: error_code = 30; This profile is private; id = 491577132
Error: error_code = 30; This profile is private; id = 211898625
Error: error_code = 30; This profile is private; id = 28360232
Error: error_code = 30; This profile is private; id = 513169602
Error: error_code = 15; Access denied: user deactivated; id = 271032631
Error: error_code = 30; This profile is private; id = 230564947
Error: error_code = 30; This profile is private; id = 209078408
Error: error_code = 30; This profile is private; id = 681962514
Error: error_code = 30; This profile is private; id = 504705292
Error: error_code = 30; This profile is private; id = 2264161
Error: error_code = 30; This profile is private; id = 238511971
Error: error_code = 15; Access denied: user deactivated; id = 19013063
Error: error_code = 30; This profile is private; id = 633617239
Error: error_code = 30; This profile is private; id = 303376369
Error: error_code = 30; This profile is private; id = 689619671
Error: error_code = 15; Access denied: user deactivated; id = 484273988
Error: error_code = 15; Access denied: user deactivated; id = 217405617
Error: error_code = 30; This profile is private; id = 534302930
Error: error_code = 30; This profile is private; id = 83248882
Error: error_code = 15; Access denied: user deactivated; id = 345042289
Error: error_code = 30; This profile is private; id = 255158550
Error: error_code = 15; Access denied: user deactivated; id = 559098288
Error: error_code = 15; Access denied: user deactivated; id = 124060627
Error: error_code = 30; This profile is private; id = 32635519
Error: error_code = 30; This profile is private; id = 513469547
Error: error_code = 30; This profile is private; id = 241754441
Error: error_code = 15; Access denied: user deactivated; id = 665636017
Error: error_code = 15; Access denied: user deactivated; id = 443208397
Error: error_code = 15; Access denied: user deactivated; id = 272754347
Error: error_code = 15; Access denied: user deactivated; id = 229515746
Error: error_code = 30; This profile is private; id = 17847007
Error: error_code = 30; This profile is private; id = 134698188
Error: error_code = 30; This profile is private; id = 305954131
Error: error_code = 15; Access denied: user deactivated; id = 642041860
Error: error_code = 30; This profile is private; id = 660056492
Error: error_code = 30; This profile is private; id = 65884070
Error: error_code = 30; This profile is private; id = 481377832
Error: error_code = 30; This profile is private; id = 611438548
Error: error_code = 30; This profile is private; id = 613363459
Error: error_code = 15; Access denied: user deactivated; id = 79537010
Error: error_code = 30; This profile is private; id = 100646931
Error: error_code = 30; This profile is private; id = 330416456
Error: error_code = 30; This profile is private; id = 676438801
Error: error_code = 30; This profile is private; id = 150089370
Error: error_code = 30; This profile is private; id = 157370258
Error: error_code = 30; This profile is private; id = 62579519
Error: error_code = 30; This profile is private; id = 198821175
Error: error_code = 15; Access denied: user deactivated; id = 418183688
Error: error_code = 15; Access denied: user deactivated; id = 713296507
Error: error_code = 15; Access denied: user deactivated; id = 205979661
Error: error_code = 30; This profile is private; id = 174957708
Error: error_code = 15; Access denied: user deactivated; id = 425283755
Error: error_code = 30; This profile is private; id = 197580944
Error: error_code = 30; This profile is private; id = 690498771
Error: error_code = 30; This profile is private; id = 200649786
Error: error_code = 30; This profile is private; id = 604313312
Error: error_code = 30; This profile is private; id = 428913941
Error: error_code = 30; This profile is private; id = 318006355
Error: error_code = 30; This profile is private; id = 618255684
Error: error_code = 30; This profile is private; id = 137359667
Error: error_code = 30; This profile is private; id = 56341398
Error: error_code = 30; This profile is private; id = 525751717
Error: error_code = 30; This profile is private; id = 4848584
Error: error_code = 30; This profile is private; id = 89115023
Error: error_code = 30; This profile is private; id = 292584374
Error: error_code = 15; Access denied: user deactivated; id = 420426485
Error: error_code = 15; Access denied: user deactivated; id = 503658305
Error: error_code = 15; Access denied: user deactivated; id = 275006996
Error: error_code = 30; This profile is private; id = 61137246
Error: error_code = 15; Access denied: user deactivated; id = 240612643
Error: error_code = 30; This profile is private; id = 181716724
Error: error_code = 30; This profile is private; id = 427154211
Error: error_code = 30; This profile is private; id = 178497927
Error: error_code = 30; This profile is private; id = 594772445
Error: error_code = 30; This profile is private; id = 18236904
Error: error_code = 30; This profile is private; id = 103523715
Error: error_code = 30; This profile is private; id = 517795
Error: error_code = 30; This profile is private; id = 648222843
Error: error_code = 30; This profile is private; id = 434641310
Error: error_code = 30; This profile is private; id = 463199659
Error: error_code = 30; This profile is private; id = 17276960
Error: error_code = 30; This profile is private; id = 653464763
Error: error_code = 30; This profile is private; id = 248635955
Error: error_code = 15; Access denied: user deactivated; id = 399552511
Error: error_code = 15; Access denied: user deactivated; id = 244328791
Error: error_code = 15; Access denied: user deactivated; id = 105597400
Error: error_code = 30; This profile is private; id = 144621547
Error: error_code = 30; This profile is private; id = 142831731
Error: error_code = 30; This profile is private; id = 87169720
Error: error_code = 30; This profile is private; id = 551566603
Error: error_code = 15; Access denied: user deactivated; id = 17105079
Error: error_code = 15; Access denied: user deactivated; id = 208670720
Error: error_code = 30; This profile is private; id = 254302289
Error: error_code = 30; This profile is private; id = 323087708
Error: error_code = 15; Access denied: user deactivated; id = 412866064
Error: error_code = 30; This profile is private; id = 518033404
Error: error_code = 30; This profile is private; id = 156937279
Error: error_code = 30; This profile is private; id = 615302138
Error: error_code = 30; This profile is private; id = 695370053
Error: error_code = 30; This profile is private; id = 603042531
Error: error_code = 30; This profile is private; id = 659382014
Error: error_code = 30; This profile is private; id = 530493614
Error: error_code = 30; This profile is private; id = 443191515
Error: error_code = 30; This profile is private; id = 700098459
Error: error_code = 30; This profile is private; id = 30504777
Error: error_code = 15; Access denied: user deactivated; id = 624164644
Error: error_code = 30; This profile is private; id = 266170203
Error: error_code = 30; This profile is private; id = 678229209
Error: error_code = 30; This profile is private; id = 378634972
Error: error_code = 15; Access denied: user deactivated; id = 400401951
Error: error_code = 30; This profile is private; id = 457150680
Error: error_code = 30; This profile is private; id = 62491825
Error: error_code = 15; Access denied: user deactivated; id = 354754763
Error: error_code = 30; This profile is private; id = 263575760
Error: error_code = 15; Access denied: user deactivated; id = 209987219
Error: error_code = 30; This profile is private; id = 171457375
Error: error_code = 30; This profile is private; id = 495605597
Error: error_code = 30; This profile is private; id = 251148156
Error: error_code = 30; This profile is private; id = 386581024
Error: error_code = 30; This profile is private; id = 413330085
Error: error_code = 15; Access denied: user deactivated; id = 6711111
Error: error_code = 30; This profile is private; id = 279825722
Error: error_code = 15; Access denied: user deactivated; id = 386633238
Error: error_code = 30; This profile is private; id = 355075372
Error: error_code = 30; This profile is private; id = 107650189
Error: error_code = 30; This profile is private; id = 163911579
Error: error_code = 30; This profile is private; id = 155742467
Error: error_code = 15; Access denied: user deactivated; id = 715183144
Error: error_code = 30; This profile is private; id = 160716115
Error: error_code = 30; This profile is private; id = 466976071
Error: error_code = 30; This profile is private; id = 229186017
Error: error_code = 30; This profile is private; id = 158731231
Error: error_code = 15; Access denied: user deactivated; id = 399402400
Error: error_code = 15; Access denied: user deactivated; id = 471308423
Error: error_code = 15; Access denied: user deactivated; id = 380251316
Error: error_code = 15; Access denied: user deactivated; id = 11310595
Error: error_code = 30; This profile is private; id = 27080912
Error: error_code = 15; Access denied: user deactivated; id = 257486062
Error: error_code = 15; Access denied: user deactivated; id = 236555530
Error: error_code = 15; Access denied: user deactivated; id = 39825089
Error: error_code = 30; This profile is private; id = 496353405
Error: error_code = 15; Access denied: user deactivated; id = 707415886
Error: error_code = 15; Access denied: user deactivated; id = 270791226
Error: error_code = 30; This profile is private; id = 443639671
Error: error_code = 30; This profile is private; id = 415245740
Error: error_code = 30; This profile is private; id = 474124659
Error: error_code = 30; This profile is private; id = 49401583
Error: error_code = 30; This profile is private; id = 71542573
Error: error_code = 30; This profile is private; id = 13356690
Error: error_code = 30; This profile is private; id = 536714749
Error: error_code = 30; This profile is private; id = 32311086
Error: error_code = 30; This profile is private; id = 174924559
Error: error_code = 30; This profile is private; id = 27251290
Error: error_code = 15; Access denied: user deactivated; id = 463044037
Error: error_code = 30; This profile is private; id = 370524493
Error: error_code = 15; Access denied: user deactivated; id = 244029729
Error: error_code = 30; This profile is private; id = 442376568
Error: error_code = 15; Access denied: user deactivated; id = 321276247
Error: error_code = 30; This profile is private; id = 688567729
Error: error_code = 15; Access denied: user deactivated; id = 570639509
Error: error_code = 15; Access denied: user deactivated; id = 216456244
Error: error_code = 30; This profile is private; id = 510594223
Error: error_code = 30; This profile is private; id = 451330991
Error: error_code = 30; This profile is private; id = 206617440
Error: error_code = 15; Access denied: user deactivated; id = 444363982
Error: error_code = 30; This profile is private; id = 495352161
Error: error_code = 30; This profile is private; id = 663634348
Error: error_code = 30; This profile is private; id = 651443553
Error: error_code = 15; Access denied: user deactivated; id = 546021059
Error: error_code = 30; This profile is private; id = 614579519
Error: error_code = 30; This profile is private; id = 183013565
Error: error_code = 30; This profile is private; id = 359142220
Error: error_code = 30; This profile is private; id = 317933972
Error: error_code = 30; This profile is private; id = 224003217
Error: error_code = 15; Access denied: user deactivated; id = 621969316
Error: error_code = 30; This profile is private; id = 509119253
Error: error_code = 30; This profile is private; id = 255948713
Error: error_code = 30; This profile is private; id = 236351766
Error: error_code = 15; Access denied: user deactivated; id = 587951574
Error: error_code = 30; This profile is private; id = 590056665
Error: error_code = 30; This profile is private; id = 621546970
Error: error_code = 15; Access denied: user deactivated; id = 229041660
Error: error_code = 30; This profile is private; id = 714481355
Error: error_code = 30; This profile is private; id = 291045989
Error: error_code = 30; This profile is private; id = 449308839
Error: error_code = 15; Access denied: user deactivated; id = 417726491
Error: error_code = 30; This profile is private; id = 479770959
Error: error_code = 30; This profile is private; id = 4359556
Error: error_code = 30; This profile is private; id = 413625484
Error: error_code = 15; Access denied: user deactivated; id = 428018093
Error: error_code = 30; This profile is private; id = 660920725
Error: error_code = 30; This profile is private; id = 271029756
Error: error_code = 30; This profile is private; id = 667207861
Error: error_code = 15; Access denied: user deactivated; id = 586675524
Error: error_code = 30; This profile is private; id = 377994215
Error: error_code = 15; Access denied: user deactivated; id = 426689529
Error: error_code = 30; This profile is private; id = 589544218
Error: error_code = 30; This profile is private; id = 168007141
Error: error_code = 30; This profile is private; id = 560340567
Error: error_code = 15; Access denied: user deactivated; id = 225370957
Error: error_code = 15; Access denied: user deactivated; id = 611010837
Error: error_code = 30; This profile is private; id = 159339741
Error: error_code = 15; Access denied: user deactivated; id = 205230735
Error: error_code = 30; This profile is private; id = 104200046
Error: error_code = 15; Access denied: user deactivated; id = 509732390
Error: error_code = 30; This profile is private; id = 79115786
Error: error_code = 30; This profile is private; id = 605592971
Error: error_code = 30; This profile is private; id = 672481205
Error: error_code = 30; This profile is private; id = 37787125
Error: error_code = 30; This profile is private; id = 294566461
Error: error_code = 15; Access denied: user deactivated; id = 346639364
Error: error_code = 15; Access denied: user deactivated; id = 200829747
Error: error_code = 15; Access denied: user deactivated; id = 594964386
Error: error_code = 30; This profile is private; id = 578665943
Error: error_code = 30; This profile is private; id = 9934543
Error: error_code = 30; This profile is private; id = 142725381
Error: error_code = 30; This profile is private; id = 617715858
Error: error_code = 30; This profile is private; id = 364986344
Error: error_code = 30; This profile is private; id = 233977785
Error: error_code = 30; This profile is private; id = 145879469
Error: error_code = 30; This profile is private; id = 89430658
Error: error_code = 30; This profile is private; id = 255562770
Error: error_code = 15; Access denied: user deactivated; id = 363665386
Error: error_code = 30; This profile is private; id = 702483314
Error: error_code = 30; This profile is private; id = 346056919
Error: error_code = 30; This profile is private; id = 192596175
Error: error_code = 30; This profile is private; id = 491555592
Error: error_code = 30; This profile is private; id = 511730577
Error: error_code = 30; This profile is private; id = 370092124
Error: error_code = 15; Access denied: user deactivated; id = 228275636
Error: error_code = 30; This profile is private; id = 124455832
Error: error_code = 15; Access denied: user deactivated; id = 65268866
Error: error_code = 30; This profile is private; id = 549360707
Error: error_code = 30; This profile is private; id = 303599696
Error: error_code = 15; Access denied: user deactivated; id = 513487255
Error: error_code = 15; Access denied: user deactivated; id = 485293539
Error: error_code = 15; Access denied: user deactivated; id = 438068111
Error: error_code = 15; Access denied: user deactivated; id = 210731777
Error: error_code = 30; This profile is private; id = 560800152
Error: error_code = 30; This profile is private; id = 590127035
Error: error_code = 30; This profile is private; id = 321568250
Error: error_code = 15; Access denied: user deactivated; id = 216610700
Error: error_code = 15; Access denied: user deactivated; id = 210210048
Error: error_code = 30; This profile is private; id = 267294963
Error: error_code = 15; Access denied: user deactivated; id = 337186761
Error: error_code = 15; Access denied: user deactivated; id = 540904051
Error: error_code = 15; Access denied: user deactivated; id = 383187192
Error: error_code = 30; This profile is private; id = 324686746
Error: error_code = 30; This profile is private; id = 548882548
Error: error_code = 15; Access denied: user deactivated; id = 515439854
Error: error_code = 30; This profile is private; id = 165013638
Error: error_code = 30; This profile is private; id = 55156389
Error: error_code = 30; This profile is private; id = 71983193
Error: error_code = 30; This profile is private; id = 289394533
Error: error_code = 15; Access denied: user deactivated; id = 668055562
Error: error_code = 15; Access denied: user deactivated; id = 203661973
Error: error_code = 30; This profile is private; id = 520453320
Error: error_code = 15; Access denied: user deactivated; id = 247970926
Error: error_code = 15; Access denied: user deactivated; id = 702960432
Error: error_code = 30; This profile is private; id = 165237416
Error: error_code = 15; Access denied: user deactivated; id = 637112539
Error: error_code = 30; This profile is private; id = 283665424
Error: error_code = 30; This profile is private; id = 213518223
Error: error_code = 30; This profile is private; id = 669939375
Error: error_code = 30; This profile is private; id = 448880916
Error: error_code = 30; This profile is private; id = 54553013
Error: error_code = 30; This profile is private; id = 250912619
Error: error_code = 30; This profile is private; id = 314669487
Error: error_code = 30; This profile is private; id = 715870326
Error: error_code = 30; This profile is private; id = 702077869
Error: error_code = 30; This profile is private; id = 120660923
Error: error_code = 30; This profile is private; id = 626019115
Error: error_code = 15; Access denied: user deactivated; id = 621728183
Error: error_code = 30; This profile is private; id = 28139598
Error: error_code = 30; This profile is private; id = 266964716
Error: error_code = 15; Access denied: user deactivated; id = 330557425
Error: error_code = 30; This profile is private; id = 512084403
Error: error_code = 15; Access denied: user deactivated; id = 207029557
Error: error_code = 15; Access denied: user deactivated; id = 498273162
Error: error_code = 30; This profile is private; id = 269576584
Error: error_code = 30; This profile is private; id = 417570
Error: error_code = 30; This profile is private; id = 559471841
Error: error_code = 30; This profile is private; id = 203345467
Error: error_code = 15; Access denied: user deactivated; id = 227419679
Error: error_code = 30; This profile is private; id = 569911480
Error: error_code = 30; This profile is private; id = 438645636
Error: error_code = 30; This profile is private; id = 285680116
Error: error_code = 30; This profile is private; id = 617587446
Error: error_code = 15; Access denied: user deactivated; id = 316280240
Error: error_code = 15; Access denied: user deactivated; id = 497402029
Error: error_code = 30; This profile is private; id = 468238289
Error: error_code = 15; Access denied: user deactivated; id = 394603784
Error: error_code = 30; This profile is private; id = 260931641
Error: error_code = 30; This profile is private; id = 626054133
Error: error_code = 15; Access denied: user deactivated; id = 165906279
Error: error_code = 30; This profile is private; id = 472157226
Error: error_code = 30; This profile is private; id = 338255137
Error: error_code = 30; This profile is private; id = 691322773
Error: error_code = 30; This profile is private; id = 654268356
Error: error_code = 15; Access denied: user deactivated; id = 390214575
Error: error_code = 15; Access denied: user deactivated; id = 63085284
Error: error_code = 15; Access denied: user deactivated; id = 535029496
Error: error_code = 15; Access denied: user deactivated; id = 211591266
Error: error_code = 15; Access denied: user deactivated; id = 644250111
Error: error_code = 30; This profile is private; id = 452788673
Error: error_code = 15; Access denied: user deactivated; id = 531211768
Error: error_code = 30; This profile is private; id = 50455481
Error: error_code = 15; Access denied: user deactivated; id = 544813375
Error: error_code = 30; This profile is private; id = 432311805
Error: error_code = 30; This profile is private; id = 673127303
Error: error_code = 30; This profile is private; id = 617240327
Error: error_code = 15; Access denied: user deactivated; id = 203519036
Error: error_code = 15; Access denied: user deactivated; id = 457402896
Error: error_code = 15; Access denied: user deactivated; id = 647691599
Error: error_code = 30; This profile is private; id = 112957742
Error: error_code = 30; This profile is private; id = 591555658
Error: error_code = 15; Access denied: user deactivated; id = 427239607
Error: error_code = 30; This profile is private; id = 269644728
Error: error_code = 30; This profile is private; id = 202775231
Error: error_code = 15; Access denied: user deactivated; id = 76593952
Error: error_code = 30; This profile is private; id = 472219929
Error: error_code = 15; Access denied: user deactivated; id = 207044774
Error: error_code = 30; This profile is private; id = 626535784
Error: error_code = 15; Access denied: user deactivated; id = 108521398
Error: error_code = 30; This profile is private; id = 512401196
Error: error_code = 30; This profile is private; id = 539343647
Error: error_code = 30; This profile is private; id = 436177820
Error: error_code = 30; This profile is private; id = 565415149
Error: error_code = 30; This profile is private; id = 409125610
Error: error_code = 30; This profile is private; id = 526222548
Error: error_code = 30; This profile is private; id = 444443409
Error: error_code = 30; This profile is private; id = 217698649
Error: error_code = 30; This profile is private; id = 255562361
Error: error_code = 15; Access denied: user deactivated; id = 270573756
Error: error_code = 30; This profile is private; id = 389461050
Error: error_code = 30; This profile is private; id = 487947055
Error: error_code = 15; Access denied: user deactivated; id = 648926070
Error: error_code = 30; This profile is private; id = 498355843
Error: error_code = 15; Access denied: user deactivated; id = 465649503
Error: error_code = 30; This profile is private; id = 655820947
Error: error_code = 30; This profile is private; id = 254286108
Error: error_code = 30; This profile is private; id = 427262514
Error: error_code = 15; Access denied: user deactivated; id = 414785143
Error: error_code = 30; This profile is private; id = 104236452
Error: error_code = 30; This profile is private; id = 245881634
Error: error_code = 15; Access denied: user deactivated; id = 656915514
Error: error_code = 15; Access denied: user deactivated; id = 507597809
Error: error_code = 30; This profile is private; id = 207710956
Error: error_code = 30; This profile is private; id = 334393083
Error: error_code = 30; This profile is private; id = 711424949
Error: error_code = 30; This profile is private; id = 61748096
Error: error_code = 15; Access denied: user deactivated; id = 69139491
Error: error_code = 30; This profile is private; id = 239909343
Error: error_code = 30; This profile is private; id = 39923223
Error: error_code = 30; This profile is private; id = 680069910
Error: error_code = 30; This profile is private; id = 559356522
Error: error_code = 15; Access denied: user deactivated; id = 383963522
Error: error_code = 30; This profile is private; id = 492401038
Error: error_code = 30; This profile is private; id = 419921240
Error: error_code = 30; This profile is private; id = 313178274
Error: error_code = 15; Access denied: user deactivated; id = 210820764
Error: error_code = 30; This profile is private; id = 578432396
Error: error_code = 15; Access denied: user deactivated; id = 175270576
Error: error_code = 30; This profile is private; id = 563538553
Error: error_code = 30; This profile is private; id = 374662795
Error: error_code = 30; This profile is private; id = 174274610
Error: error_code = 30; This profile is private; id = 580608066
Error: error_code = 30; This profile is private; id = 286509987
Error: error_code = 30; This profile is private; id = 374279035
Error: error_code = 30; This profile is private; id = 42419788
Error: error_code = 15; Access denied: user deactivated; id = 217592690
Error: error_code = 30; This profile is private; id = 58168020
Error: error_code = 30; This profile is private; id = 273339617
Error: error_code = 15; Access denied: user deactivated; id = 29901279
Error: error_code = 30; This profile is private; id = 597025778
Error: error_code = 30; This profile is private; id = 354053164
Error: error_code = 30; This profile is private; id = 386244144
Error: error_code = 30; This profile is private; id = 525863644
Error: error_code = 30; This profile is private; id = 11006041
Error: error_code = 30; This profile is private; id = 374778760
Error: error_code = 30; This profile is private; id = 67503818
Error: error_code = 30; This profile is private; id = 216515298
Error: error_code = 30; This profile is private; id = 170214225
Error: error_code = 15; Access denied: user deactivated; id = 218239842
Error: error_code = 30; This profile is private; id = 232654035
Error: error_code = 30; This profile is private; id = 312090120
Error: error_code = 30; This profile is private; id = 1916428
Error: error_code = 15; Access denied: user deactivated; id = 338353528
Error: error_code = 30; This profile is private; id = 39223772
Error: error_code = 15; Access denied: user deactivated; id = 307975436
Error: error_code = 15; Access denied: user deactivated; id = 395317792
Error: error_code = 30; This profile is private; id = 104108955
Error: error_code = 15; Access denied: user deactivated; id = 620553843
Error: error_code = 30; This profile is private; id = 300556538
Error: error_code = 30; This profile is private; id = 611212080
Error: error_code = 30; This profile is private; id = 341803389
Error: error_code = 15; Access denied: user deactivated; id = 509695960
Error: error_code = 15; Access denied: user deactivated; id = 337182703
Error: error_code = 30; This profile is private; id = 598320123
Error: error_code = 30; This profile is private; id = 419709521
Error: error_code = 30; This profile is private; id = 634497501
Error: error_code = 15; Access denied: user deactivated; id = 242808716
Error: error_code = 30; This profile is private; id = 124701485
Error: error_code = 30; This profile is private; id = 5339409
Error: error_code = 15; Access denied: user deactivated; id = 217492105
Error: error_code = 15; Access denied: user deactivated; id = 204064229
Error: error_code = 30; This profile is private; id = 670472479
Error: error_code = 30; This profile is private; id = 319510618
Error: error_code = 15; Access denied: user deactivated; id = 517944712
Error: error_code = 30; This profile is private; id = 28571348
Error: error_code = 15; Access denied: user deactivated; id = 434629075
Error: error_code = 15; Access denied: user deactivated; id = 682527145
Error: error_code = 30; This profile is private; id = 650414923
Error: error_code = 30; This profile is private; id = 172295185
Error: error_code = 30; This profile is private; id = 318108722
Error: error_code = 30; This profile is private; id = 601471715
Error: error_code = 30; This profile is private; id = 159266269
Error: error_code = 30; This profile is private; id = 402174765
Error: error_code = 15; Access denied: user deactivated; id = 428933599
Error: error_code = 30; This profile is private; id = 71311963
Error: error_code = 15; Access denied: user deactivated; id = 219151298
Error: error_code = 30; This profile is private; id = 596476583
Error: error_code = 15; Access denied: user deactivated; id = 890169
Error: error_code = 30; This profile is private; id = 313920922
Error: error_code = 15; Access denied: user deactivated; id = 445067157
Error: error_code = 30; This profile is private; id = 254874755
Error: error_code = 30; This profile is private; id = 554568946
Error: error_code = 30; This profile is private; id = 246910437
Error: error_code = 30; This profile is private; id = 415244164
Error: error_code = 30; This profile is private; id = 175131264
Error: error_code = 30; This profile is private; id = 50388314
Error: error_code = 30; This profile is private; id = 525568492
Error: error_code = 30; This profile is private; id = 219885416
Error: error_code = 30; This profile is private; id = 550443593
Error: error_code = 15; Access denied: user deactivated; id = 640953272
Error: error_code = 30; This profile is private; id = 21005531
Error: error_code = 15; Access denied: user deactivated; id = 438730817
Error: error_code = 30; This profile is private; id = 431284335
Error: error_code = 30; This profile is private; id = 266345687
Error: error_code = 30; This profile is private; id = 20042102
Error: error_code = 30; This profile is private; id = 530678323
Error: error_code = 15; Access denied: user deactivated; id = 556491555
Error: error_code = 30; This profile is private; id = 146499716
Error: error_code = 30; This profile is private; id = 376562359
Error: error_code = 30; This profile is private; id = 10118279
Error: error_code = 15; Access denied: user deactivated; id = 303918499
Error: error_code = 30; This profile is private; id = 227911206
Error: error_code = 30; This profile is private; id = 292336783
Error: error_code = 30; This profile is private; id = 9615833
Error: error_code = 15; Access denied: user deactivated; id = 119327012
Error: error_code = 30; This profile is private; id = 486738461
Error: error_code = 30; This profile is private; id = 499544975
Error: error_code = 30; This profile is private; id = 508098742
Error: error_code = 15; Access denied: user deactivated; id = 219481117
Error: error_code = 30; This profile is private; id = 526685837
Error: error_code = 30; This profile is private; id = 657571494
Error: error_code = 30; This profile is private; id = 403926023
Error: error_code = 30; This profile is private; id = 155304399
Error: error_code = 15; Access denied: user deactivated; id = 488781319
Error: error_code = 30; This profile is private; id = 146337527
Error: error_code = 15; Access denied: user deactivated; id = 352393659
Error: error_code = 15; Access denied: user deactivated; id = 327229001
Error: error_code = 30; This profile is private; id = 27894099
Error: error_code = 30; This profile is private; id = 52122838
Error: error_code = 30; This profile is private; id = 190966919
Error: error_code = 30; This profile is private; id = 363333055
Error: error_code = 30; This profile is private; id = 539479240
Error: error_code = 30; This profile is private; id = 568201327
Error: error_code = 15; Access denied: user deactivated; id = 426905666
Error: error_code = 15; Access denied: user deactivated; id = 655405328
Error: error_code = 15; Access denied: user deactivated; id = 248405462
Error: error_code = 30; This profile is private; id = 1970690
Error: error_code = 30; This profile is private; id = 25217212
Error: error_code = 30; This profile is private; id = 187646316
Error: error_code = 30; This profile is private; id = 15320343
Error: error_code = 30; This profile is private; id = 273873796
Error: error_code = 30; This profile is private; id = 5766473
Error: error_code = 15; Access denied: user deactivated; id = 162991008
Error: error_code = 15; Access denied: user deactivated; id = 407066522
Error: error_code = 30; This profile is private; id = 515550495
Error: error_code = 15; Access denied: user deactivated; id = 442731703
Error: error_code = 30; This profile is private; id = 169173194
Error: error_code = 30; This profile is private; id = 378037593
Error: error_code = 30; This profile is private; id = 288983481
Error: error_code = 30; This profile is private; id = 411132716
Error: error_code = 15; Access denied: user deactivated; id = 279876515
Error: error_code = 15; Access denied: user deactivated; id = 394604476
Error: error_code = 30; This profile is private; id = 144271002
Error: error_code = 30; This profile is private; id = 16485335
Error: error_code = 15; Access denied: user deactivated; id = 153064675
Error: error_code = 30; This profile is private; id = 551179051
Error: error_code = 30; This profile is private; id = 558862533
Error: error_code = 30; This profile is private; id = 72630122
Error: error_code = 15; Access denied: user deactivated; id = 199806636
Error: error_code = 30; This profile is private; id = 274810775
Error: error_code = 15; Access denied: user deactivated; id = 235936524
Error: error_code = 30; This profile is private; id = 617304023
Error: error_code = 15; Access denied: user deactivated; id = 287723922
Error: error_code = 30; This profile is private; id = 343429782
Error: error_code = 30; This profile is private; id = 42365789
Error: error_code = 30; This profile is private; id = 52218419
Error: error_code = 30; This profile is private; id = 466054635
Error: error_code = 30; This profile is private; id = 612754795
Error: error_code = 30; This profile is private; id = 514003950
Error: error_code = 15; Access denied: user deactivated; id = 450158662
Error: error_code = 30; This profile is private; id = 707913973
Error: error_code = 30; This profile is private; id = 385256042
Error: error_code = 30; This profile is private; id = 389553706
Error: error_code = 30; This profile is private; id = 253336451
Error: error_code = 30; This profile is private; id = 707667459
Error: error_code = 30; This profile is private; id = 285882695
Error: error_code = 15; Access denied: user deactivated; id = 171823279
Error: error_code = 30; This profile is private; id = 136084630
Error: error_code = 30; This profile is private; id = 668597163
Error: error_code = 30; This profile is private; id = 537784360
Error: error_code = 30; This profile is private; id = 716834377
Error: error_code = 30; This profile is private; id = 151842853
Error: error_code = 15; Access denied: user deactivated; id = 57093391
Error: error_code = 30; This profile is private; id = 584805688
Error: error_code = 15; Access denied: user deactivated; id = 702395107
Error: error_code = 30; This profile is private; id = 259440222
Error: error_code = 30; This profile is private; id = 371535600
Error: error_code = 15; Access denied: user deactivated; id = 402993099
Error: error_code = 30; This profile is private; id = 474872915
Error: error_code = 30; This profile is private; id = 200351604
Error: error_code = 15; Access denied: user deactivated; id = 349143451
Error: error_code = 30; This profile is private; id = 177502026
Error: error_code = 30; This profile is private; id = 134042434
Error: error_code = 30; This profile is private; id = 9794747
Error: error_code = 30; This profile is private; id = 19219780
Error: error_code = 30; This profile is private; id = 258914985
Error: error_code = 15; Access denied: user deactivated; id = 517622
Error: error_code = 30; This profile is private; id = 565073468
Error: error_code = 30; This profile is private; id = 469773301
Error: error_code = 30; This profile is private; id = 601709066
Error: error_code = 15; Access denied: user deactivated; id = 145341416
Error: error_code = 30; This profile is private; id = 12426132
Error: error_code = 30; This profile is private; id = 88337447
Error: error_code = 15; Access denied: user deactivated; id = 507534892
Error: error_code = 30; This profile is private; id = 185136720
Error: error_code = 30; This profile is private; id = 670496103
Error: error_code = 15; Access denied: user deactivated; id = 428545855
Error: error_code = 30; This profile is private; id = 171222322
Error: error_code = 30; This profile is private; id = 334794198
Error: error_code = 30; This profile is private; id = 37369789
Error: error_code = 30; This profile is private; id = 82801011
Error: error_code = 15; Access denied: user deactivated; id = 488492290
Error: error_code = 15; Access denied: user deactivated; id = 445415819
Error: error_code = 30; This profile is private; id = 31650966
Error: error_code = 30; This profile is private; id = 496449396
Error: error_code = 30; This profile is private; id = 470165596
Error: error_code = 30; This profile is private; id = 332558849
Error: error_code = 30; This profile is private; id = 208474096
Error: error_code = 30; This profile is private; id = 245588014
Error: error_code = 15; Access denied: user deactivated; id = 271044116
Error: error_code = 15; Access denied: user deactivated; id = 222803383
Error: error_code = 30; This profile is private; id = 249047101
Error: error_code = 15; Access denied: user deactivated; id = 347520575
Error: error_code = 30; This profile is private; id = 677934934
Error: error_code = 15; Access denied: user deactivated; id = 559691446
Error: error_code = 30; This profile is private; id = 143367395
Error: error_code = 30; This profile is private; id = 512014658
Error: error_code = 30; This profile is private; id = 263168249
Error: error_code = 30; This profile is private; id = 424692551
Error: error_code = 30; This profile is private; id = 207344940
Error: error_code = 30; This profile is private; id = 337796879
Error: error_code = 30; This profile is private; id = 211870612
Error: error_code = 15; Access denied: user deactivated; id = 52153148
Error: error_code = 30; This profile is private; id = 63552175
Error: error_code = 30; This profile is private; id = 520657864
Error: error_code = 15; Access denied: user deactivated; id = 339912484
Error: error_code = 30; This profile is private; id = 65597502
Error: error_code = 15; Access denied: user deactivated; id = 651218225
Error: error_code = 30; This profile is private; id = 393133539
Error: error_code = 30; This profile is private; id = 264122156
Error: error_code = 30; This profile is private; id = 473417170
Error: error_code = 30; This profile is private; id = 215565991
Error: error_code = 15; Access denied: user deactivated; id = 274243470
Error: error_code = 30; This profile is private; id = 19239892
Error: error_code = 30; This profile is private; id = 29302560
Error: error_code = 30; This profile is private; id = 252965686
Error: error_code = 30; This profile is private; id = 126158525
Error: error_code = 15; Access denied: user deactivated; id = 533613951
Error: error_code = 30; This profile is private; id = 441745795
Error: error_code = 30; This profile is private; id = 241954749
Error: error_code = 30; This profile is private; id = 306657164
Error: error_code = 30; This profile is private; id = 605320153
Error: error_code = 30; This profile is private; id = 676020381
Error: error_code = 15; Access denied: user deactivated; id = 374366312
Error: error_code = 30; This profile is private; id = 679830241
Error: error_code = 30; This profile is private; id = 531590750
Error: error_code = 30; This profile is private; id = 222260327
Error: error_code = 30; This profile is private; id = 184922367
Error: error_code = 30; This profile is private; id = 526690531
Error: error_code = 30; This profile is private; id = 143920317
Error: error_code = 30; This profile is private; id = 26057304
Error: error_code = 30; This profile is private; id = 254656092
Error: error_code = 15; Access denied: user deactivated; id = 202858999
Error: error_code = 30; This profile is private; id = 630808264
Error: error_code = 30; This profile is private; id = 545502722
Error: error_code = 15; Access denied: user deactivated; id = 513900708
Error: error_code = 30; This profile is private; id = 522567303
Error: error_code = 15; Access denied: user deactivated; id = 713077465
Error: error_code = 30; This profile is private; id = 230568051
Error: error_code = 15; Access denied: user deactivated; id = 415000174
Error: error_code = 30; This profile is private; id = 272684862
Error: error_code = 15; Access denied: user deactivated; id = 696271018
Error: error_code = 30; This profile is private; id = 716653911
Error: error_code = 15; Access denied: user deactivated; id = 382635544
Error: error_code = 30; This profile is private; id = 223421524
Error: error_code = 30; This profile is private; id = 144729407
Error: error_code = 30; This profile is private; id = 8026869
Error: error_code = 30; This profile is private; id = 116507045
Error: error_code = 30; This profile is private; id = 527173551
Error: error_code = 30; This profile is private; id = 562291908
Error: error_code = 15; Access denied: user deactivated; id = 540144057
Error: error_code = 30; This profile is private; id = 467887296
Error: error_code = 30; This profile is private; id = 4452585
Error: error_code = 30; This profile is private; id = 138332716
Error: error_code = 30; This profile is private; id = 152275226
Error: error_code = 30; This profile is private; id = 500921001
Error: error_code = 30; This profile is private; id = 565973694
Error: error_code = 30; This profile is private; id = 630857228
Error: error_code = 30; This profile is private; id = 584259376
Error: error_code = 15; Access denied: user deactivated; id = 161175786
Error: error_code = 30; This profile is private; id = 112599815
Error: error_code = 15; Access denied: user deactivated; id = 706567271
Error: error_code = 15; Access denied: user deactivated; id = 545372080
Error: error_code = 30; This profile is private; id = 177021509
Error: error_code = 15; Access denied: user deactivated; id = 437946947
Error: error_code = 30; This profile is private; id = 28742213
Error: error_code = 30; This profile is private; id = 135690541
Error: error_code = 15; Access denied: user deactivated; id = 161627393
Error: error_code = 30; This profile is private; id = 485875775
Error: error_code = 30; This profile is private; id = 402746752
Error: error_code = 30; This profile is private; id = 104310308
Error: error_code = 15; Access denied: user deactivated; id = 425399356
Error: error_code = 15; Access denied: user deactivated; id = 548828437
Error: error_code = 30; This profile is private; id = 439180368
Error: error_code = 30; This profile is private; id = 314149651
Error: error_code = 30; This profile is private; id = 682471960
Error: error_code = 30; This profile is private; id = 156471436
Error: error_code = 30; This profile is private; id = 146577652
Error: error_code = 30; This profile is private; id = 708296860
Error: error_code = 30; This profile is private; id = 24939858
Error: error_code = 30; This profile is private; id = 187183621
Error: error_code = 15; Access denied: user deactivated; id = 603211444
Error: error_code = 15; Access denied: user deactivated; id = 649354893
Error: error_code = 30; This profile is private; id = 609591768
Error: error_code = 30; This profile is private; id = 585953127
Error: error_code = 15; Access denied: user deactivated; id = 220998917
Error: error_code = 30; This profile is private; id = 23770001
Error: error_code = 30; This profile is private; id = 716936999
Error: error_code = 30; This profile is private; id = 713105703
Error: error_code = 30; This profile is private; id = 273077280
Error: error_code = 30; This profile is private; id = 695315233
Error: error_code = 15; Access denied: user deactivated; id = 246761032
Error: error_code = 30; This profile is private; id = 556546536
Error: error_code = 30; This profile is private; id = 277808527
Error: error_code = 30; This profile is private; id = 569246235
Error: error_code = 30; This profile is private; id = 399863646
Error: error_code = 30; This profile is private; id = 70152155
Error: error_code = 15; Access denied: user deactivated; id = 194260093
Error: error_code = 30; This profile is private; id = 165567294
Error: error_code = 30; This profile is private; id = 659740265
Error: error_code = 15; Access denied: user deactivated; id = 218504863
Error: error_code = 15; Access denied: user deactivated; id = 519800079
Error: error_code = 30; This profile is private; id = 4944933
Error: error_code = 30; This profile is private; id = 361630260
Error: error_code = 15; Access denied: user deactivated; id = 403346601
Error: error_code = 15; Access denied: user deactivated; id = 258517475
Error: error_code = 30; This profile is private; id = 638545099
Error: error_code = 30; This profile is private; id = 624611919
Error: error_code = 30; This profile is private; id = 253576251
Error: error_code = 15; Access denied: user deactivated; id = 224549197
Error: error_code = 30; This profile is private; id = 712706548
Error: error_code = 30; This profile is private; id = 13286135
Error: error_code = 30; This profile is private; id = 538079977
Error: error_code = 30; This profile is private; id = 656148150
Error: error_code = 15; Access denied: user deactivated; id = 419747244
Error: error_code = 30; This profile is private; id = 4272143
Error: error_code = 15; Access denied: user deactivated; id = 184727170
Error: error_code = 15; Access denied: user deactivated; id = 348110889
Error: error_code = 15; Access denied: user deactivated; id = 709312756
Error: error_code = 30; This profile is private; id = 678120058
Error: error_code = 15; Access denied: user deactivated; id = 3120630
Error: error_code = 15; Access denied: user deactivated; id = 89910566
Error: error_code = 30; This profile is private; id = 213155477
Error: error_code = 15; Access denied: user deactivated; id = 250842549
Error: error_code = 30; This profile is private; id = 24375353
Error: error_code = 30; This profile is private; id = 655690450
Error: error_code = 30; This profile is private; id = 327992650
Error: error_code = 30; This profile is private; id = 245108188
Error: error_code = 30; This profile is private; id = 131226346
Error: error_code = 30; This profile is private; id = 643209059
Error: error_code = 15; Access denied: user deactivated; id = 464842708
Error: error_code = 30; This profile is private; id = 674478740
Error: error_code = 30; This profile is private; id = 151524401
Error: error_code = 30; This profile is private; id = 62708629
Error: error_code = 30; This profile is private; id = 516627197
Error: error_code = 15; Access denied: user deactivated; id = 352558193
Error: error_code = 30; This profile is private; id = 439532174
Error: error_code = 15; Access denied: user deactivated; id = 168248617
Error: error_code = 15; Access denied: user deactivated; id = 596689465
Error: error_code = 30; This profile is private; id = 359829282
Error: error_code = 30; This profile is private; id = 553286302
Error: error_code = 30; This profile is private; id = 144856287
Error: error_code = 30; This profile is private; id = 28166349
Error: error_code = 30; This profile is private; id = 201148829
Error: error_code = 15; Access denied: user deactivated; id = 432167299
Error: error_code = 15; Access denied: user deactivated; id = 425607250
Error: error_code = 15; Access denied: user deactivated; id = 643913850
Error: error_code = 15; Access denied: user deactivated; id = 158409965
Error: error_code = 30; This profile is private; id = 66210704
Error: error_code = 15; Access denied: user deactivated; id = 283239960
Error: error_code = 30; This profile is private; id = 466759285
Error: error_code = 30; This profile is private; id = 45316652
Error: error_code = 30; This profile is private; id = 536484205
Error: error_code = 30; This profile is private; id = 345982417
Error: error_code = 15; Access denied: user deactivated; id = 278433681
Error: error_code = 15; Access denied: user deactivated; id = 17893107
Error: error_code = 15; Access denied: user deactivated; id = 228695015
Error: error_code = 15; Access denied: user deactivated; id = 12430601
Error: error_code = 15; Access denied: user deactivated; id = 364766455
Error: error_code = 30; This profile is private; id = 92763294
Error: error_code = 30; This profile is private; id = 372672916
Error: error_code = 30; This profile is private; id = 80246810
Error: error_code = 30; This profile is private; id = 696866544
Error: error_code = 15; Access denied: user deactivated; id = 133190037
Error: error_code = 30; This profile is private; id = 193110594
Error: error_code = 15; Access denied: user deactivated; id = 363762256
Error: error_code = 30; This profile is private; id = 656880813
Error: error_code = 30; This profile is private; id = 360404496
Error: error_code = 30; This profile is private; id = 654389701
Error: error_code = 15; Access denied: user deactivated; id = 310898559
Error: error_code = 30; This profile is private; id = 11013683
Error: error_code = 15; Access denied: user deactivated; id = 405792757
Error: error_code = 30; This profile is private; id = 151020702
Error: error_code = 15; Access denied: user deactivated; id = 88331444
Error: error_code = 30; This profile is private; id = 267653580
Error: error_code = 15; Access denied: user deactivated; id = 158556358
Error: error_code = 30; This profile is private; id = 407581458
Error: error_code = 30; This profile is private; id = 381258868
Error: error_code = 30; This profile is private; id = 395000899
Error: error_code = 15; Access denied: user deactivated; id = 540591733
Error: error_code = 15; Access denied: user deactivated; id = 181460812
Error: error_code = 15; Access denied: user deactivated; id = 329415123
Error: error_code = 30; This profile is private; id = 349036976
Error: error_code = 30; This profile is private; id = 201376597
Error: error_code = 30; This profile is private; id = 481148363
Error: error_code = 30; This profile is private; id = 309640838
Error: error_code = 30; This profile is private; id = 5213948
Error: error_code = 15; Access denied: user deactivated; id = 40286120
Error: error_code = 30; This profile is private; id = 361983814
Error: error_code = 30; This profile is private; id = 4155549
Error: error_code = 30; This profile is private; id = 361664551
Error: error_code = 30; This profile is private; id = 37602302
Error: error_code = 15; Access denied: user deactivated; id = 255817919
Error: error_code = 30; This profile is private; id = 400865360
Error: error_code = 15; Access denied: user deactivated; id = 388448203
Error: error_code = 30; This profile is private; id = 844361
Error: error_code = 30; This profile is private; id = 7351204
Error: error_code = 15; Access denied: user deactivated; id = 209652540
Error: error_code = 30; This profile is private; id = 356763877
Error: error_code = 30; This profile is private; id = 246252271
Error: error_code = 30; This profile is private; id = 144060800
Error: error_code = 30; This profile is private; id = 220962873
Error: error_code = 30; This profile is private; id = 509155533
Error: error_code = 15; Access denied: user deactivated; id = 345600498
Error: error_code = 15; Access denied: user deactivated; id = 22012500
Error: error_code = 30; This profile is private; id = 177135350
Error: error_code = 30; This profile is private; id = 393935292
Error: error_code = 30; This profile is private; id = 384816680
Error: error_code = 15; Access denied: user deactivated; id = 578581305
Error: error_code = 15; Access denied: user deactivated; id = 363202733
Error: error_code = 30; This profile is private; id = 442005899
Error: error_code = 30; This profile is private; id = 349932257
Error: error_code = 30; This profile is private; id = 33913379
Error: error_code = 15; Access denied: user deactivated; id = 426002394
Error: error_code = 30; This profile is private; id = 137481667
Error: error_code = 15; Access denied: user deactivated; id = 665306314
Error: error_code = 30; This profile is private; id = 385183954
Error: error_code = 15; Access denied: user deactivated; id = 508627629
Error: error_code = 15; Access denied: user deactivated; id = 190348676
Error: error_code = 15; Access denied: user deactivated; id = 177251393
Error: error_code = 30; This profile is private; id = 150651760
Error: error_code = 30; This profile is private; id = 682624343
Error: error_code = 15; Access denied: user deactivated; id = 219170905
Error: error_code = 30; This profile is private; id = 440658066
Error: error_code = 15; Access denied: user deactivated; id = 164136101
Error: error_code = 30; This profile is private; id = 693777121
Error: error_code = 15; Access denied: user deactivated; id = 500598496
Error: error_code = 30; This profile is private; id = 246142048
Error: error_code = 15; Access denied: user deactivated; id = 609390703
Error: error_code = 15; Access denied: user deactivated; id = 43585634
Error: error_code = 15; Access denied: user deactivated; id = 417438955
Error: error_code = 30; This profile is private; id = 492897687
Error: error_code = 30; This profile is private; id = 80392540
Error: error_code = 15; Access denied: user deactivated; id = 243493182
Error: error_code = 30; This profile is private; id = 8256745
Error: error_code = 15; Access denied: user deactivated; id = 589978573
Error: error_code = 15; Access denied: user deactivated; id = 417050527
Error: error_code = 30; This profile is private; id = 609874914
Error: error_code = 30; This profile is private; id = 664391922
Error: error_code = 15; Access denied: user deactivated; id = 553062
Error: error_code = 15; Access denied: user deactivated; id = 133275869
Error: error_code = 30; This profile is private; id = 603016383
Error: error_code = 30; This profile is private; id = 572096975
Error: error_code = 30; This profile is private; id = 597275901
Error: error_code = 30; This profile is private; id = 641989888
Error: error_code = 15; Access denied: user deactivated; id = 287092227
Error: error_code = 30; This profile is private; id = 288903064
Error: error_code = 15; Access denied: user deactivated; id = 562248188
Error: error_code = 30; This profile is private; id = 580754879
Error: error_code = 30; This profile is private; id = 640118394
Error: error_code = 30; This profile is private; id = 9371596
Error: error_code = 30; This profile is private; id = 427288105
Error: error_code = 15; Access denied: user deactivated; id = 571480698
Error: error_code = 30; This profile is private; id = 677911925
Error: error_code = 30; This profile is private; id = 670250121
Error: error_code = 30; This profile is private; id = 393153944
Error: error_code = 30; This profile is private; id = 442223692
Error: error_code = 30; This profile is private; id = 66314407
Error: error_code = 30; This profile is private; id = 366294351
Error: error_code = 15; Access denied: user deactivated; id = 341531406
Error: error_code = 30; This profile is private; id = 409390649
Error: error_code = 30; This profile is private; id = 444744319
Error: error_code = 15; Access denied: user deactivated; id = 523336332
Error: error_code = 30; This profile is private; id = 675767841
Error: error_code = 15; Access denied: user deactivated; id = 244990308
Error: error_code = 15; Access denied: user deactivated; id = 668237750
Error: error_code = 30; This profile is private; id = 4064143
Error: error_code = 30; This profile is private; id = 30528531
Error: error_code = 30; This profile is private; id = 386196632
Error: error_code = 30; This profile is private; id = 50082268
Error: error_code = 30; This profile is private; id = 354824698
Error: error_code = 15; Access denied: user deactivated; id = 710120416
Error: error_code = 30; This profile is private; id = 104043397
Error: error_code = 15; Access denied: user deactivated; id = 205307190
Error: error_code = 30; This profile is private; id = 152610086
Error: error_code = 30; This profile is private; id = 17630463
Error: error_code = 30; This profile is private; id = 559115330
Error: error_code = 30; This profile is private; id = 432793338
Error: error_code = 30; This profile is private; id = 508480728
Error: error_code = 30; This profile is private; id = 479994120
Error: error_code = 30; This profile is private; id = 294310232
Error: error_code = 30; This profile is private; id = 707849101
Error: error_code = 30; This profile is private; id = 222968767
Error: error_code = 30; This profile is private; id = 488071332
Error: error_code = 30; This profile is private; id = 262954104
Error: error_code = 30; This profile is private; id = 558286710
Error: error_code = 30; This profile is private; id = 56418573
Error: error_code = 30; This profile is private; id = 442907020
Error: error_code = 15; Access denied: user deactivated; id = 49551379
Error: error_code = 30; This profile is private; id = 682519850
Error: error_code = 30; This profile is private; id = 634651944
Error: error_code = 30; This profile is private; id = 136681577
Error: error_code = 30; This profile is private; id = 240258387
Error: error_code = 30; This profile is private; id = 81546790
Error: error_code = 30; This profile is private; id = 141116758
Error: error_code = 30; This profile is private; id = 569847266
Error: error_code = 30; This profile is private; id = 210996363
Error: error_code = 15; Access denied: user deactivated; id = 514818845
Error: error_code = 30; This profile is private; id = 75410858
Error: error_code = 30; This profile is private; id = 555623989
Error: error_code = 30; This profile is private; id = 2682667
Error: error_code = 15; Access denied: user deactivated; id = 230376511
Error: error_code = 30; This profile is private; id = 96597909
Error: error_code = 30; This profile is private; id = 281641812
Error: error_code = 30; This profile is private; id = 525030107
Error: error_code = 30; This profile is private; id = 352857970
Error: error_code = 30; This profile is private; id = 134378257
Error: error_code = 15; Access denied: user deactivated; id = 430060069
Error: error_code = 15; Access denied: user deactivated; id = 568125015
Error: error_code = 30; This profile is private; id = 79522566
Error: error_code = 30; This profile is private; id = 454626659
Error: error_code = 30; This profile is private; id = 103572548
Error: error_code = 15; Access denied: user deactivated; id = 343883397
Error: error_code = 15; Access denied: user deactivated; id = 271650735
Error: error_code = 30; This profile is private; id = 609144853
Error: error_code = 30; This profile is private; id = 529940476
Error: error_code = 30; This profile is private; id = 543640267
Error: error_code = 30; This profile is private; id = 5469555
Error: error_code = 30; This profile is private; id = 525121235
Error: error_code = 30; This profile is private; id = 706275892
Error: error_code = 30; This profile is private; id = 589856579
Error: error_code = 30; This profile is private; id = 470910437
Error: error_code = 30; This profile is private; id = 170415743
Error: error_code = 15; Access denied: user deactivated; id = 207611870
Error: error_code = 15; Access denied: user deactivated; id = 40233210
Error: error_code = 30; This profile is private; id = 424134739
Error: error_code = 30; This profile is private; id = 356321795
Error: error_code = 30; This profile is private; id = 202410072
Error: error_code = 15; Access denied: user deactivated; id = 134056729
Error: error_code = 30; This profile is private; id = 212254288
Error: error_code = 30; This profile is private; id = 695771135
Error: error_code = 15; Access denied: user deactivated; id = 111135797
Error: error_code = 15; Access denied: user deactivated; id = 11436460
Error: error_code = 30; This profile is private; id = 25881727
Error: error_code = 30; This profile is private; id = 49403111
Error: error_code = 15; Access denied: user deactivated; id = 237185529
Error: error_code = 30; This profile is private; id = 54793162
Error: error_code = 30; This profile is private; id = 325645930
Error: error_code = 30; This profile is private; id = 8820829
Error: error_code = 15; Access denied: user deactivated; id = 531225842
Error: error_code = 15; Access denied: user deactivated; id = 540938076
Error: error_code = 15; Access denied: user deactivated; id = 638783386
Error: error_code = 30; This profile is private; id = 19387551
Error: error_code = 30; This profile is private; id = 202170299
Error: error_code = 30; This profile is private; id = 381767295
Error: error_code = 30; This profile is private; id = 342907095
Error: error_code = 30; This profile is private; id = 623473705
Error: error_code = 30; This profile is private; id = 589914999
Error: error_code = 30; This profile is private; id = 84644101
Error: error_code = 30; This profile is private; id = 406167581
Error: error_code = 15; Access denied: user deactivated; id = 200071328
Error: error_code = 30; This profile is private; id = 101848737
Error: error_code = 30; This profile is private; id = 182601071
Error: error_code = 30; This profile is private; id = 274780016
Error: error_code = 15; Access denied: user deactivated; id = 222708896
Error: error_code = 15; Access denied: user deactivated; id = 27099779
Error: error_code = 15; Access denied: user deactivated; id = 108422133
Error: error_code = 15; Access denied: user deactivated; id = 80928733
Error: error_code = 15; Access denied: user deactivated; id = 356061853
Error: error_code = 30; This profile is private; id = 1437781
Error: error_code = 30; This profile is private; id = 462359279
Error: error_code = 30; This profile is private; id = 662013328
Error: error_code = 30; This profile is private; id = 698131289
Error: error_code = 15; Access denied: user deactivated; id = 224355453
Error: error_code = 15; Access denied: user deactivated; id = 606904867
Error: error_code = 15; Access denied: user deactivated; id = 282363018
Error: error_code = 30; This profile is private; id = 646915567
Error: error_code = 30; This profile is private; id = 445824365
Error: error_code = 15; Access denied: user deactivated; id = 427416901
Error: error_code = 30; This profile is private; id = 215293816
Error: error_code = 15; Access denied: user deactivated; id = 138753010
Error: error_code = 15; Access denied: user deactivated; id = 235971328
Error: error_code = 30; This profile is private; id = 339051486
Error: error_code = 30; This profile is private; id = 579263029
Error: error_code = 30; This profile is private; id = 517825191
Error: error_code = 30; This profile is private; id = 664065993
Error: error_code = 15; Access denied: user deactivated; id = 536964106
Error: error_code = 15; Access denied: user deactivated; id = 438278674
Error: error_code = 30; This profile is private; id = 84168619
Error: error_code = 15; Access denied: user deactivated; id = 240339245
Error: error_code = 30; This profile is private; id = 536164131
Error: error_code = 15; Access denied: user deactivated; id = 17544751
Error: error_code = 30; This profile is private; id = 506216168
Error: error_code = 30; This profile is private; id = 53277862
Error: error_code = 30; This profile is private; id = 709710553
Error: error_code = 15; Access denied: user deactivated; id = 187949391
Error: error_code = 30; This profile is private; id = 40559301
Error: error_code = 15; Access denied: user deactivated; id = 177104605
Error: error_code = 30; This profile is private; id = 22526100
Error: error_code = 15; Access denied: user deactivated; id = 425585764
Error: error_code = 30; This profile is private; id = 144195323
Error: error_code = 30; This profile is private; id = 474821985
Error: error_code = 30; This profile is private; id = 423903908
Error: error_code = 30; This profile is private; id = 190633676
Error: error_code = 30; This profile is private; id = 35540654
Error: error_code = 30; This profile is private; id = 31168453
Error: error_code = 30; This profile is private; id = 55178506
Error: error_code = 30; This profile is private; id = 26354761
Error: error_code = 30; This profile is private; id = 602645425
Error: error_code = 30; This profile is private; id = 616836637
Error: error_code = 15; Access denied: user deactivated; id = 279004388
Error: error_code = 15; Access denied: user deactivated; id = 559712218
Error: error_code = 15; Access denied: user deactivated; id = 488467839
Error: error_code = 30; This profile is private; id = 174756069
Error: error_code = 30; This profile is private; id = 615467668
Error: error_code = 15; Access denied: user deactivated; id = 564954829
Error: error_code = 15; Access denied: user deactivated; id = 221730321
Error: error_code = 15; Access denied: user deactivated; id = 279680503
Error: error_code = 30; This profile is private; id = 403816514
Error: error_code = 30; This profile is private; id = 326099246
Error: error_code = 30; This profile is private; id = 534690150
Error: error_code = 15; Access denied: user deactivated; id = 423143313
Error: error_code = 30; This profile is private; id = 617865986
Error: error_code = 30; This profile is private; id = 56301696
Error: error_code = 30; This profile is private; id = 625237107
Error: error_code = 30; This profile is private; id = 425202635
Error: error_code = 15; Access denied: user deactivated; id = 427673543
Error: error_code = 15; Access denied: user deactivated; id = 407582002
Error: error_code = 30; This profile is private; id = 261086524
Error: error_code = 30; This profile is private; id = 414982523
Error: error_code = 30; This profile is private; id = 11136777
Error: error_code = 15; Access denied: user deactivated; id = 362916095
Error: error_code = 30; This profile is private; id = 709697066
Error: error_code = 15; Access denied: user deactivated; id = 682082145
Error: error_code = 30; This profile is private; id = 80404587
Error: error_code = 30; This profile is private; id = 649373768
Error: error_code = 30; This profile is private; id = 364943501
Error: error_code = 15; Access denied: user deactivated; id = 713278658
Error: error_code = 30; This profile is private; id = 289875456
Error: error_code = 30; This profile is private; id = 217291110
Error: error_code = 30; This profile is private; id = 8163821
Error: error_code = 30; This profile is private; id = 230573625
Error: error_code = 15; Access denied: user deactivated; id = 212315529
Error: error_code = 15; Access denied: user deactivated; id = 503916973
Error: error_code = 30; This profile is private; id = 205409400
Error: error_code = 15; Access denied: user deactivated; id = 177677572
Error: error_code = 15; Access denied: user deactivated; id = 413568556
Error: error_code = 30; This profile is private; id = 141988839
Error: error_code = 15; Access denied: user deactivated; id = 314853587
Error: error_code = 30; This profile is private; id = 603834996
Error: error_code = 30; This profile is private; id = 32563047
Error: error_code = 30; This profile is private; id = 28277783
Error: error_code = 15; Access denied: user deactivated; id = 363047286
Error: error_code = 15; Access denied: user deactivated; id = 344161335
Error: error_code = 15; Access denied: user deactivated; id = 567580250
Error: error_code = 30; This profile is private; id = 543976821
Error: error_code = 30; This profile is private; id = 132572106
Error: error_code = 30; This profile is private; id = 602787709
Error: error_code = 30; This profile is private; id = 456118863
Error: error_code = 15; Access denied: user deactivated; id = 695431670
Error: error_code = 15; Access denied: user deactivated; id = 2990693
Error: error_code = 30; This profile is private; id = 45634636
Error: error_code = 30; This profile is private; id = 482734428
Error: error_code = 30; This profile is private; id = 704867382
Error: error_code = 30; This profile is private; id = 211373301
Error: error_code = 30; This profile is private; id = 627318011
Error: error_code = 30; This profile is private; id = 439219810
Error: error_code = 30; This profile is private; id = 186083808
Error: error_code = 30; This profile is private; id = 551421747
Error: error_code = 15; Access denied: user deactivated; id = 405246187
Error: error_code = 15; Access denied: user deactivated; id = 622562637
Error: error_code = 30; This profile is private; id = 294307725
Error: error_code = 30; This profile is private; id = 546617728
Error: error_code = 30; This profile is private; id = 329355326
Error: error_code = 30; This profile is private; id = 302369593
Error: error_code = 30; This profile is private; id = 288851172
Error: error_code = 30; This profile is private; id = 244524725
Error: error_code = 30; This profile is private; id = 688707672
Error: error_code = 30; This profile is private; id = 524434149
Error: error_code = 15; Access denied: user deactivated; id = 431607381
Error: error_code = 15; Access denied: user deactivated; id = 548074964
Error: error_code = 30; This profile is private; id = 231819294
Error: error_code = 30; This profile is private; id = 97760911
Error: error_code = 15; Access denied: user deactivated; id = 171804329
Error: error_code = 30; This profile is private; id = 150674398
Error: error_code = 15; Access denied: user deactivated; id = 387820317
Error: error_code = 15; Access denied: user deactivated; id = 116116554
Error: error_code = 30; This profile is private; id = 3907029
Error: error_code = 30; This profile is private; id = 560105948
Error: error_code = 30; This profile is private; id = 582296175
Error: error_code = 30; This profile is private; id = 338964498
Error: error_code = 15; Access denied: user deactivated; id = 160777167
Error: error_code = 30; This profile is private; id = 136163640
Error: error_code = 15; Access denied: user deactivated; id = 435571565
Error: error_code = 15; Access denied: user deactivated; id = 230035470
Error: error_code = 30; This profile is private; id = 170767956
Error: error_code = 30; This profile is private; id = 385719612
Error: error_code = 30; This profile is private; id = 693869927
Error: error_code = 15; Access denied: user deactivated; id = 1318409
Error: error_code = 15; Access denied: user deactivated; id = 422737167
Error: error_code = 30; This profile is private; id = 602991806
Error: error_code = 30; This profile is private; id = 661843314
Error: error_code = 15; Access denied: user deactivated; id = 567385333
Error: error_code = 15; Access denied: user deactivated; id = 140643309
Error: error_code = 30; This profile is private; id = 267275408
Error: error_code = 30; This profile is private; id = 570607686
Error: error_code = 30; This profile is private; id = 143965069
Error: error_code = 30; This profile is private; id = 443133647
Error: error_code = 30; This profile is private; id = 682411213
Error: error_code = 30; This profile is private; id = 976806
Error: error_code = 15; Access denied: user deactivated; id = 98174935
Error: error_code = 30; This profile is private; id = 35302559
Error: error_code = 30; This profile is private; id = 435765400
Error: error_code = 30; This profile is private; id = 132011341
Error: error_code = 30; This profile is private; id = 140688922
Error: error_code = 15; Access denied: user deactivated; id = 219439643
Error: error_code = 15; Access denied: user deactivated; id = 263436780
Error: error_code = 15; Access denied: user deactivated; id = 12201677
Error: error_code = 30; This profile is private; id = 561643231
Error: error_code = 30; This profile is private; id = 614587958
Error: error_code = 30; This profile is private; id = 574122497
Error: error_code = 15; Access denied: user deactivated; id = 190430076
Error: error_code = 15; Access denied: user deactivated; id = 402495056
Error: error_code = 15; Access denied: user deactivated; id = 212476659
Error: error_code = 30; This profile is private; id = 329069609
Error: error_code = 30; This profile is private; id = 458094736
Error: error_code = 30; This profile is private; id = 179569085
Error: error_code = 30; This profile is private; id = 371752152
Error: error_code = 15; Access denied: user deactivated; id = 408352588
Error: error_code = 30; This profile is private; id = 11722143
Error: error_code = 15; Access denied: user deactivated; id = 49822066
Error: error_code = 15; Access denied: user deactivated; id = 225192921
Error: error_code = 15; Access denied: user deactivated; id = 128133236
Error: error_code = 30; This profile is private; id = 278409261
Error: error_code = 15; Access denied: user deactivated; id = 68148320
Error: error_code = 30; This profile is private; id = 184978419
Error: error_code = 30; This profile is private; id = 551196021
Error: error_code = 30; This profile is private; id = 158318829
Error: error_code = 30; This profile is private; id = 156933337
Error: error_code = 30; This profile is private; id = 658564596
Error: error_code = 30; This profile is private; id = 55571735
Error: error_code = 30; This profile is private; id = 124101581
Error: error_code = 30; This profile is private; id = 189377
Error: error_code = 30; This profile is private; id = 139218011
Error: error_code = 30; This profile is private; id = 15187882
Error: error_code = 30; This profile is private; id = 627220953
Error: error_code = 30; This profile is private; id = 328392957
Error: error_code = 15; Access denied: user deactivated; id = 481309393
Error: error_code = 30; This profile is private; id = 256785481
Error: error_code = 15; Access denied: user deactivated; id = 151559072
Error: error_code = 15; Access denied: user deactivated; id = 637971
Error: error_code = 30; This profile is private; id = 211748098
Error: error_code = 30; This profile is private; id = 519693448
Error: error_code = 15; Access denied: user deactivated; id = 459039590
Error: error_code = 30; This profile is private; id = 498407332
Error: error_code = 15; Access denied: user deactivated; id = 15917919
Error: error_code = 30; This profile is private; id = 642906301
Error: error_code = 15; Access denied: user deactivated; id = 501182928
Error: error_code = 15; Access denied: user deactivated; id = 699390327
Error: error_code = 15; Access denied: user deactivated; id = 188330003
Error: error_code = 30; This profile is private; id = 612564523
Error: error_code = 15; Access denied: user deactivated; id = 361126884
Error: error_code = 30; This profile is private; id = 485982017
Error: error_code = 30; This profile is private; id = 5191996
Error: error_code = 15; Access denied: user deactivated; id = 231256353
Error: error_code = 30; This profile is private; id = 153809275
Error: error_code = 30; This profile is private; id = 134393143
Error: error_code = 30; This profile is private; id = 689604347
Error: error_code = 30; This profile is private; id = 300560506
Error: error_code = 30; This profile is private; id = 663357653
Error: error_code = 15; Access denied: user deactivated; id = 219815883
Error: error_code = 15; Access denied: user deactivated; id = 396372626
Error: error_code = 15; Access denied: user deactivated; id = 432584605
Error: error_code = 15; Access denied: user deactivated; id = 389115632
Error: error_code = 30; This profile is private; id = 472423038
Error: error_code = 30; This profile is private; id = 15423233
Error: error_code = 30; This profile is private; id = 245746954
Error: error_code = 30; This profile is private; id = 58994817
Error: error_code = 15; Access denied: user deactivated; id = 355019495
Error: error_code = 30; This profile is private; id = 623797763
Error: error_code = 30; This profile is private; id = 656837230
Error: error_code = 30; This profile is private; id = 567805634
Error: error_code = 30; This profile is private; id = 664043178
Error: error_code = 15; Access denied: user deactivated; id = 472331171
Error: error_code = 30; This profile is private; id = 680920352
Error: error_code = 30; This profile is private; id = 3811501
Error: error_code = 30; This profile is private; id = 579964991
Error: error_code = 15; Access denied: user deactivated; id = 695963119
Error: error_code = 15; Access denied: user deactivated; id = 510378350
Error: error_code = 15; Access denied: user deactivated; id = 221852413
Error: error_code = 15; Access denied: user deactivated; id = 413928272
Error: error_code = 30; This profile is private; id = 69269605
Error: error_code = 30; This profile is private; id = 600264403
Error: error_code = 30; This profile is private; id = 145869307
Error: error_code = 15; Access denied: user deactivated; id = 221779819
Error: error_code = 15; Access denied: user deactivated; id = 626488443
Error: error_code = 15; Access denied: user deactivated; id = 287467619
Error: error_code = 30; This profile is private; id = 350661545
Error: error_code = 30; This profile is private; id = 553500685
Error: error_code = 15; Access denied: user deactivated; id = 634760179
Error: error_code = 30; This profile is private; id = 620928452
Error: error_code = 15; Access denied: user deactivated; id = 666030731
Error: error_code = 15; Access denied: user deactivated; id = 207996117
Error: error_code = 30; This profile is private; id = 11179074
Error: error_code = 30; This profile is private; id = 566677094
Error: error_code = 30; This profile is private; id = 7786027
Error: error_code = 30; This profile is private; id = 82445875
Error: error_code = 30; This profile is private; id = 24737732
Error: error_code = 30; This profile is private; id = 656471482
Error: error_code = 30; This profile is private; id = 494208928
Error: error_code = 30; This profile is private; id = 169713489
Error: error_code = 15; Access denied: user deactivated; id = 577360174
Error: error_code = 30; This profile is private; id = 198559593
Error: error_code = 30; This profile is private; id = 166646991
Error: error_code = 30; This profile is private; id = 414702964
Error: error_code = 30; This profile is private; id = 253341355
Error: error_code = 15; Access denied: user deactivated; id = 204646061
Error: error_code = 30; This profile is private; id = 180667733
Error: error_code = 30; This profile is private; id = 557230564
Error: error_code = 30; This profile is private; id = 123316109
Error: error_code = 30; This profile is private; id = 331058053
Error: error_code = 15; Access denied: user deactivated; id = 9432887
Error: error_code = 15; Access denied: user deactivated; id = 218722921
Error: error_code = 30; This profile is private; id = 5331599
Error: error_code = 15; Access denied: user deactivated; id = 22860281
Error: error_code = 30; This profile is private; id = 312415589
Error: error_code = 15; Access denied: user deactivated; id = 33505915
Error: error_code = 15; Access denied: user deactivated; id = 647970250
Error: error_code = 30; This profile is private; id = 12312007
Error: error_code = 30; This profile is private; id = 456835781
Error: error_code = 30; This profile is private; id = 438260735
Error: error_code = 15; Access denied: user deactivated; id = 10161412
Error: error_code = 30; This profile is private; id = 1943715
Error: error_code = 15; Access denied: user deactivated; id = 222370553
Error: error_code = 30; This profile is private; id = 15570113
Error: error_code = 15; Access denied: user deactivated; id = 51061950
Error: error_code = 30; This profile is private; id = 3001345
Error: error_code = 30; This profile is private; id = 468468874
Error: error_code = 30; This profile is private; id = 515993059
Error: error_code = 30; This profile is private; id = 269772818
Error: error_code = 15; Access denied: user deactivated; id = 265546449
Error: error_code = 15; Access denied: user deactivated; id = 292818453
Error: error_code = 30; This profile is private; id = 621488811
Error: error_code = 30; This profile is private; id = 551832505
Error: error_code = 30; This profile is private; id = 315699007
Error: error_code = 15; Access denied: user deactivated; id = 191731271
Error: error_code = 15; Access denied: user deactivated; id = 542073769
Error: error_code = 30; This profile is private; id = 406247313
Error: error_code = 15; Access denied: user deactivated; id = 253336040
Error: error_code = 30; This profile is private; id = 631055146
Error: error_code = 30; This profile is private; id = 706493948
Error: error_code = 15; Access denied: user deactivated; id = 200906926
Error: error_code = 30; This profile is private; id = 588160137
Error: error_code = 30; This profile is private; id = 334773902
Error: error_code = 15; Access denied: user deactivated; id = 511859973
Error: error_code = 30; This profile is private; id = 415154338
Error: error_code = 30; This profile is private; id = 88547401
Error: error_code = 15; Access denied: user deactivated; id = 472593090
Error: error_code = 30; This profile is private; id = 8246237
Error: error_code = 30; This profile is private; id = 282383704
Error: error_code = 30; This profile is private; id = 330036591
Error: error_code = 30; This profile is private; id = 188189862
Error: error_code = 30; This profile is private; id = 479306077
Error: error_code = 15; Access denied: user deactivated; id = 497488261
Error: error_code = 30; This profile is private; id = 573534758
Error: error_code = 15; Access denied: user deactivated; id = 355490208
Error: error_code = 30; This profile is private; id = 136412596
Error: error_code = 15; Access denied: user deactivated; id = 148916628
Error: error_code = 30; This profile is private; id = 104941875
Error: error_code = 15; Access denied: user deactivated; id = 299837697
Error: error_code = 30; This profile is private; id = 56356741
Error: error_code = 15; Access denied: user deactivated; id = 394687413
Error: error_code = 15; Access denied: user deactivated; id = 522353391
Error: error_code = 30; This profile is private; id = 42951319
Error: error_code = 15; Access denied: user deactivated; id = 229357159
Error: error_code = 30; This profile is private; id = 505997755
Error: error_code = 15; Access denied: user deactivated; id = 681088086
Error: error_code = 30; This profile is private; id = 60782312
Error: error_code = 15; Access denied: user deactivated; id = 577955496
Error: error_code = 15; Access denied: user deactivated; id = 220787917
Error: error_code = 30; This profile is private; id = 175450125
Error: error_code = 15; Access denied: user deactivated; id = 166930705
Error: error_code = 30; This profile is private; id = 32426239
Error: error_code = 15; Access denied: user deactivated; id = 20438539
Error: error_code = 15; Access denied: user deactivated; id = 522472285
Error: error_code = 30; This profile is private; id = 638433079
Error: error_code = 30; This profile is private; id = 649982276
Error: error_code = 30; This profile is private; id = 20244427
Error: error_code = 30; This profile is private; id = 424534834
Error: error_code = 30; This profile is private; id = 77522395
Error: error_code = 30; This profile is private; id = 322419694
Error: error_code = 15; Access denied: user deactivated; id = 271014444
Error: error_code = 15; Access denied: user deactivated; id = 447786694
Error: error_code = 15; Access denied: user deactivated; id = 258109402
Error: error_code = 15; Access denied: user deactivated; id = 451130195
Error: error_code = 30; This profile is private; id = 510324035
Error: error_code = 30; This profile is private; id = 51371
Error: error_code = 30; This profile is private; id = 55755332
Error: error_code = 30; This profile is private; id = 26838523
Error: error_code = 30; This profile is private; id = 561434449
Error: error_code = 30; This profile is private; id = 101934386
Error: error_code = 30; This profile is private; id = 493946907
Error: error_code = 15; Access denied: user deactivated; id = 549655947
Error: error_code = 30; This profile is private; id = 154089124
Error: error_code = 30; This profile is private; id = 227441630
Error: error_code = 30; This profile is private; id = 309491751
Error: error_code = 15; Access denied: user deactivated; id = 670017262
Error: error_code = 30; This profile is private; id = 613033611
Error: error_code = 30; This profile is private; id = 592309987
Error: error_code = 30; This profile is private; id = 636532387
Error: error_code = 30; This profile is private; id = 2820540
Error: error_code = 15; Access denied: user deactivated; id = 48807030
Error: error_code = 15; Access denied: user deactivated; id = 266658585
Error: error_code = 15; Access denied: user deactivated; id = 539347574
Error: error_code = 15; Access denied: user deactivated; id = 214912339
Error: error_code = 30; This profile is private; id = 32941285
Error: error_code = 30; This profile is private; id = 682021260
Error: error_code = 30; This profile is private; id = 548259615
Error: error_code = 30; This profile is private; id = 543702986
Error: error_code = 30; This profile is private; id = 209719529
Error: error_code = 15; Access denied: user deactivated; id = 186376449
Error: error_code = 30; This profile is private; id = 578623109
Error: error_code = 30; This profile is private; id = 354691046
Error: error_code = 30; This profile is private; id = 218337872
Error: error_code = 30; This profile is private; id = 298651828
Error: error_code = 30; This profile is private; id = 15454626
Error: error_code = 30; This profile is private; id = 227871031
Error: error_code = 30; This profile is private; id = 713344087
Error: error_code = 15; Access denied: user deactivated; id = 177264590
Error: error_code = 30; This profile is private; id = 253514286
Error: error_code = 15; Access denied: user deactivated; id = 468464782
Error: error_code = 15; Access denied: user deactivated; id = 576277204
Error: error_code = 30; This profile is private; id = 164075466
Error: error_code = 30; This profile is private; id = 231661860
Error: error_code = 30; This profile is private; id = 48803244
Error: error_code = 15; Access denied: user deactivated; id = 705652940
Error: error_code = 15; Access denied: user deactivated; id = 453880301
Error: error_code = 30; This profile is private; id = 63083970
Error: error_code = 15; Access denied: user deactivated; id = 388348908
Error: error_code = 30; This profile is private; id = 287227429
Error: error_code = 30; This profile is private; id = 503887922
Error: error_code = 15; Access denied: user deactivated; id = 141774818
Error: error_code = 15; Access denied: user deactivated; id = 441103748
Error: error_code = 30; This profile is private; id = 119862829
Error: error_code = 15; Access denied: user deactivated; id = 177519533
Error: error_code = 30; This profile is private; id = 270113
Error: error_code = 15; Access denied: user deactivated; id = 271997796
Error: error_code = 15; Access denied: user deactivated; id = 241716297
Error: error_code = 30; This profile is private; id = 193574295
Error: error_code = 30; This profile is private; id = 240459428
Error: error_code = 30; This profile is private; id = 279028439
Error: error_code = 30; This profile is private; id = 213049826
Error: error_code = 15; Access denied: user deactivated; id = 414178235
Error: error_code = 30; This profile is private; id = 412136999
Error: error_code = 30; This profile is private; id = 6672905
Error: error_code = 30; This profile is private; id = 193276213
Error: error_code = 15; Access denied: user deactivated; id = 455620244
Error: error_code = 15; Access denied: user deactivated; id = 709769311
Error: error_code = 30; This profile is private; id = 664037102
Error: error_code = 15; Access denied: user deactivated; id = 4177484
Error: error_code = 30; This profile is private; id = 645233247
Error: error_code = 15; Access denied: user deactivated; id = 38889807
Error: error_code = 30; This profile is private; id = 146193474
Error: error_code = 30; This profile is private; id = 7422317
Error: error_code = 30; This profile is private; id = 507686220
Error: error_code = 30; This profile is private; id = 612604468
Error: error_code = 30; This profile is private; id = 28292775
Error: error_code = 30; This profile is private; id = 636019248
Error: error_code = 30; This profile is private; id = 193985345
Error: error_code = 15; Access denied: user deactivated; id = 391038751
Error: error_code = 30; This profile is private; id = 439695996
Error: error_code = 15; Access denied: user deactivated; id = 335063440
Error: error_code = 15; Access denied: user deactivated; id = 369086744
Error: error_code = 30; This profile is private; id = 99935130
Error: error_code = 15; Access denied: user deactivated; id = 40341148
Error: error_code = 15; Access denied: user deactivated; id = 201447216
Error: error_code = 30; This profile is private; id = 132474684
Error: error_code = 30; This profile is private; id = 30233895
Error: error_code = 30; This profile is private; id = 139311902
Error: error_code = 30; This profile is private; id = 111216376
Error: error_code = 30; This profile is private; id = 306461705
Error: error_code = 15; Access denied: user deactivated; id = 523072873
Error: error_code = 30; This profile is private; id = 186708171
Error: error_code = 15; Access denied: user deactivated; id = 496894450
Error: error_code = 15; Access denied: user deactivated; id = 136455373
Error: error_code = 30; This profile is private; id = 361996522
Error: error_code = 30; This profile is private; id = 242627247
Error: error_code = 15; Access denied: user deactivated; id = 206932798
Error: error_code = 30; This profile is private; id = 6226786
Error: error_code = 15; Access denied: user deactivated; id = 344952666
Error: error_code = 30; This profile is private; id = 22623428
Error: error_code = 30; This profile is private; id = 384929988
Error: error_code = 30; This profile is private; id = 543293128
Error: error_code = 15; Access denied: user deactivated; id = 608772080
Error: error_code = 15; Access denied: user deactivated; id = 369636531
Error: error_code = 30; This profile is private; id = 591838933
Error: error_code = 30; This profile is private; id = 181953479
Error: error_code = 30; This profile is private; id = 65951620
Error: error_code = 30; This profile is private; id = 408272333
Error: error_code = 30; This profile is private; id = 120913477
Error: error_code = 15; Access denied: user deactivated; id = 333120770
Error: error_code = 30; This profile is private; id = 583835558
Error: error_code = 15; Access denied: user deactivated; id = 533105542
Error: error_code = 30; This profile is private; id = 17405987
Error: error_code = 15; Access denied: user deactivated; id = 530116617
Error: error_code = 15; Access denied: user deactivated; id = 32618285
Error: error_code = 30; This profile is private; id = 360900542
Error: error_code = 30; This profile is private; id = 73247804
Error: error_code = 30; This profile is private; id = 491272598
Error: error_code = 15; Access denied: user deactivated; id = 137593615
Error: error_code = 30; This profile is private; id = 330927161
Error: error_code = 30; This profile is private; id = 613801972
Error: error_code = 30; This profile is private; id = 333259765
Error: error_code = 15; Access denied: user deactivated; id = 30896894
Error: error_code = 15; Access denied: user deactivated; id = 426472454
Error: error_code = 30; This profile is private; id = 133716118
Error: error_code = 30; This profile is private; id = 699748042
Error: error_code = 15; Access denied: user deactivated; id = 402900424
Error: error_code = 15; Access denied: user deactivated; id = 120845595
Error: error_code = 15; Access denied: user deactivated; id = 687264191
Error: error_code = 30; This profile is private; id = 172065142
Error: error_code = 30; This profile is private; id = 138088990
Error: error_code = 30; This profile is private; id = 492282126
Error: error_code = 30; This profile is private; id = 203606638
Error: error_code = 15; Access denied: user deactivated; id = 546200631
Error: error_code = 15; Access denied: user deactivated; id = 202194692
Error: error_code = 30; This profile is private; id = 125934665
Error: error_code = 15; Access denied: user deactivated; id = 245047351
Error: error_code = 15; Access denied: user deactivated; id = 22451253
Error: error_code = 30; This profile is private; id = 213363893
Error: error_code = 30; This profile is private; id = 233942209
Error: error_code = 30; This profile is private; id = 665824960
Error: error_code = 30; This profile is private; id = 449996196
Error: error_code = 30; This profile is private; id = 418987245
Error: error_code = 30; This profile is private; id = 234612282
Error: error_code = 30; This profile is private; id = 536736640
Error: error_code = 15; Access denied: user deactivated; id = 387459466
Error: error_code = 30; This profile is private; id = 514127363
Error: error_code = 30; This profile is private; id = 635793410
Error: error_code = 30; This profile is private; id = 562793919
Error: error_code = 30; This profile is private; id = 318555094
Error: error_code = 30; This profile is private; id = 188240792
Error: error_code = 30; This profile is private; id = 146904255
Error: error_code = 30; This profile is private; id = 161916118
Error: error_code = 30; This profile is private; id = 234613840
Error: error_code = 30; This profile is private; id = 18704905
Error: error_code = 15; Access denied: user deactivated; id = 104918910
Error: error_code = 30; This profile is private; id = 221895815
Error: error_code = 30; This profile is private; id = 227983183
Error: error_code = 15; Access denied: user deactivated; id = 397947978
Error: error_code = 30; This profile is private; id = 554013932
Error: error_code = 15; Access denied: user deactivated; id = 304442232
Error: error_code = 15; Access denied: user deactivated; id = 668648632
Error: error_code = 15; Access denied: user deactivated; id = 1552013
Error: error_code = 30; This profile is private; id = 250289226
Error: error_code = 15; Access denied: user deactivated; id = 556015523
Error: error_code = 30; This profile is private; id = 71040171
Error: error_code = 30; This profile is private; id = 530727624
Error: error_code = 30; This profile is private; id = 505647904
Error: error_code = 30; This profile is private; id = 213865223
Error: error_code = 15; Access denied: user deactivated; id = 466717468
Error: error_code = 30; This profile is private; id = 305334920
Error: error_code = 30; This profile is private; id = 711588717
Error: error_code = 30; This profile is private; id = 209698789
Error: error_code = 15; Access denied: user deactivated; id = 622365380
Error: error_code = 30; This profile is private; id = 627058333
Error: error_code = 30; This profile is private; id = 552373742
Error: error_code = 15; Access denied: user deactivated; id = 522521003
Error: error_code = 30; This profile is private; id = 166282418
Error: error_code = 30; This profile is private; id = 3215278
Error: error_code = 30; This profile is private; id = 19631441
Error: error_code = 15; Access denied: user deactivated; id = 226920852
Error: error_code = 15; Access denied: user deactivated; id = 425982306
Error: error_code = 30; This profile is private; id = 472597435
Error: error_code = 15; Access denied: user deactivated; id = 169367913
Error: error_code = 30; This profile is private; id = 332043866
Error: error_code = 15; Access denied: user deactivated; id = 321511447
Error: error_code = 15; Access denied: user deactivated; id = 276092676
Error: error_code = 30; This profile is private; id = 697956756
Error: error_code = 30; This profile is private; id = 16246394
Error: error_code = 30; This profile is private; id = 464605489
Error: error_code = 30; This profile is private; id = 179024095
Error: error_code = 30; This profile is private; id = 4571933
Error: error_code = 30; This profile is private; id = 288016534
Error: error_code = 30; This profile is private; id = 587220026
Error: error_code = 15; Access denied: user deactivated; id = 510104244
Error: error_code = 15; Access denied: user deactivated; id = 247695019
Error: error_code = 30; This profile is private; id = 505593517
Error: error_code = 15; Access denied: user deactivated; id = 265496293
Error: error_code = 30; This profile is private; id = 206467353
Error: error_code = 15; Access denied: user deactivated; id = 473389201
Error: error_code = 30; This profile is private; id = 693073361
Error: error_code = 30; This profile is private; id = 436540962
Error: error_code = 30; This profile is private; id = 509089361
Error: error_code = 30; This profile is private; id = 126728738
Error: error_code = 30; This profile is private; id = 591069501
Error: error_code = 30; This profile is private; id = 385765792
Error: error_code = 30; This profile is private; id = 680224265
Error: error_code = 30; This profile is private; id = 178963194
Error: error_code = 30; This profile is private; id = 463464323
Error: error_code = 30; This profile is private; id = 581872121
Error: error_code = 15; Access denied: user deactivated; id = 302964895
Error: error_code = 30; This profile is private; id = 500479219
Error: error_code = 15; Access denied: user deactivated; id = 428482648
Error: error_code = 30; This profile is private; id = 466655920
Error: error_code = 30; This profile is private; id = 324243975
Error: error_code = 30; This profile is private; id = 152315204
Error: error_code = 30; This profile is private; id = 625201752
Error: error_code = 30; This profile is private; id = 356027931
Error: error_code = 15; Access denied: user deactivated; id = 407180337
Error: error_code = 30; This profile is private; id = 151504364
Error: error_code = 15; Access denied: user deactivated; id = 197244093
Error: error_code = 30; This profile is private; id = 553359502
Error: error_code = 30; This profile is private; id = 635098469
Error: error_code = 30; This profile is private; id = 473291800
Error: error_code = 30; This profile is private; id = 24860619
Error: error_code = 30; This profile is private; id = 240739815
Error: error_code = 30; This profile is private; id = 466919137
Error: error_code = 15; Access denied: user deactivated; id = 227126036
Error: error_code = 15; Access denied: user deactivated; id = 337666948
Error: error_code = 15; Access denied: user deactivated; id = 585665327
Error: error_code = 15; Access denied: user deactivated; id = 440276700
Error: error_code = 15; Access denied: user deactivated; id = 552193089
Error: error_code = 15; Access denied: user deactivated; id = 523920686
Error: error_code = 30; This profile is private; id = 292763880
Error: error_code = 15; Access denied: user deactivated; id = 189359292
Error: error_code = 15; Access denied: user deactivated; id = 598718439
Error: error_code = 15; Access denied: user deactivated; id = 397137588
Error: error_code = 30; This profile is private; id = 75494626
Error: error_code = 30; This profile is private; id = 13398888
Error: error_code = 30; This profile is private; id = 520599226
Error: error_code = 15; Access denied: user deactivated; id = 179889385
Error: error_code = 30; This profile is private; id = 312796279
Error: error_code = 30; This profile is private; id = 511010046
Error: error_code = 30; This profile is private; id = 530142849
Error: error_code = 30; This profile is private; id = 31661079
Error: error_code = 30; This profile is private; id = 646987136
Error: error_code = 30; This profile is private; id = 408475815
Error: error_code = 30; This profile is private; id = 16205570
Error: error_code = 30; This profile is private; id = 632409161
Error: error_code = 30; This profile is private; id = 314645879
Error: error_code = 15; Access denied: user deactivated; id = 230339756
Error: error_code = 30; This profile is private; id = 259105982
Error: error_code = 15; Access denied: user deactivated; id = 342573590
Error: error_code = 30; This profile is private; id = 103073436
Error: error_code = 30; This profile is private; id = 270537511
Error: error_code = 30; This profile is private; id = 331505381
Error: error_code = 30; This profile is private; id = 59076920
Error: error_code = 30; This profile is private; id = 677019638
Error: error_code = 15; Access denied: user deactivated; id = 342503658
Error: error_code = 15; Access denied: user deactivated; id = 141606799
Error: error_code = 30; This profile is private; id = 292708315
Error: error_code = 30; This profile is private; id = 522043775
Error: error_code = 30; This profile is private; id = 478778517
Error: error_code = 30; This profile is private; id = 7213917
Error: error_code = 15; Access denied: user deactivated; id = 100278404
Error: error_code = 15; Access denied: user deactivated; id = 439049989
Error: error_code = 30; This profile is private; id = 39447659
Error: error_code = 30; This profile is private; id = 75443801
Error: error_code = 30; This profile is private; id = 90923334
Error: error_code = 30; This profile is private; id = 165480484
Error: error_code = 30; This profile is private; id = 490442656
Error: error_code = 30; This profile is private; id = 253532081
Error: error_code = 15; Access denied: user deactivated; id = 28379162
Error: error_code = 15; Access denied: user deactivated; id = 426494295
Error: error_code = 30; This profile is private; id = 364216517
Error: error_code = 30; This profile is private; id = 363953912
Error: error_code = 30; This profile is private; id = 34863154
Error: error_code = 30; This profile is private; id = 513444276
Error: error_code = 30; This profile is private; id = 30289037
Error: error_code = 30; This profile is private; id = 698698231
Error: error_code = 30; This profile is private; id = 70558577
Error: error_code = 15; Access denied: user deactivated; id = 685297553
Error: error_code = 30; This profile is private; id = 53813616
Error: error_code = 30; This profile is private; id = 709022875
Error: error_code = 30; This profile is private; id = 368580087
Error: error_code = 15; Access denied: user deactivated; id = 538025911
Error: error_code = 30; This profile is private; id = 494711425
Error: error_code = 15; Access denied: user deactivated; id = 471782205
Error: error_code = 15; Access denied: user deactivated; id = 18371206
Error: error_code = 15; Access denied: user deactivated; id = 71129776
Error: error_code = 15; Access denied: user deactivated; id = 347099371
Error: error_code = 30; This profile is private; id = 611856820
Error: error_code = 30; This profile is private; id = 524246487
Error: error_code = 15; Access denied: user deactivated; id = 459333243
Error: error_code = 15; Access denied: user deactivated; id = 441752023
Error: error_code = 15; Access denied: user deactivated; id = 223186210
Error: error_code = 15; Access denied: user deactivated; id = 243410895
Error: error_code = 15; Access denied: user deactivated; id = 5440
Error: error_code = 30; This profile is private; id = 141857651
Error: error_code = 30; This profile is private; id = 272053215
Error: error_code = 30; This profile is private; id = 152374632
Error: error_code = 30; This profile is private; id = 48722275
Error: error_code = 30; This profile is private; id = 20791434
Error: error_code = 15; Access denied: user deactivated; id = 434764345
Error: error_code = 30; This profile is private; id = 251530225
Error: error_code = 30; This profile is private; id = 20895583
Error: error_code = 30; This profile is private; id = 456003720
Error: error_code = 15; Access denied: user deactivated; id = 286221047
Error: error_code = 30; This profile is private; id = 630181321
Error: error_code = 15; Access denied: user deactivated; id = 468466682
Error: error_code = 30; This profile is private; id = 394463483
Error: error_code = 15; Access denied: user deactivated; id = 23429719
Error: error_code = 30; This profile is private; id = 406029856
Error: error_code = 30; This profile is private; id = 479333657
Error: error_code = 30; This profile is private; id = 30769617
Error: error_code = 30; This profile is private; id = 297300153
Error: error_code = 15; Access denied: user deactivated; id = 194951560
Error: error_code = 30; This profile is private; id = 10108454
Error: error_code = 30; This profile is private; id = 101469578
Error: error_code = 30; This profile is private; id = 286859628
Error: error_code = 15; Access denied: user deactivated; id = 285218872
Error: error_code = 30; This profile is private; id = 363027387
Error: error_code = 15; Access denied: user deactivated; id = 533414833
Error: error_code = 15; Access denied: user deactivated; id = 375290588
Error: error_code = 30; This profile is private; id = 3480384
Error: error_code = 30; This profile is private; id = 220952829
Error: error_code = 30; This profile is private; id = 48533931
Error: error_code = 15; Access denied: user deactivated; id = 73050594
Error: error_code = 15; Access denied: user deactivated; id = 295125124
Error: error_code = 30; This profile is private; id = 236710067
Error: error_code = 15; Access denied: user deactivated; id = 229497022
Error: error_code = 15; Access denied: user deactivated; id = 499462225
Error: error_code = 30; This profile is private; id = 154095754
Error: error_code = 30; This profile is private; id = 571711174
Error: error_code = 30; This profile is private; id = 227644425
Error: error_code = 15; Access denied: user deactivated; id = 217616772
Error: error_code = 15; Access denied: user deactivated; id = 438252271
Error: error_code = 15; Access denied: user deactivated; id = 95633255
Error: error_code = 30; This profile is private; id = 490450482
Error: error_code = 15; Access denied: user deactivated; id = 191820039
Error: error_code = 15; Access denied: user deactivated; id = 557372954
Error: error_code = 15; Access denied: user deactivated; id = 252532169
Error: error_code = 30; This profile is private; id = 466550888
Error: error_code = 30; This profile is private; id = 137511281
Error: error_code = 30; This profile is private; id = 675594069
Error: error_code = 15; Access denied: user deactivated; id = 155278622
Error: error_code = 30; This profile is private; id = 687826746
Error: error_code = 30; This profile is private; id = 155794623
Error: error_code = 30; This profile is private; id = 470695890
Error: error_code = 15; Access denied: user deactivated; id = 259037362
Error: error_code = 30; This profile is private; id = 392062876
Error: error_code = 30; This profile is private; id = 341771673
Error: error_code = 30; This profile is private; id = 263069517
Error: error_code = 30; This profile is private; id = 529171157
Error: error_code = 15; Access denied: user deactivated; id = 230211744
Error: error_code = 30; This profile is private; id = 5151920
Error: error_code = 15; Access denied: user deactivated; id = 420021716
Error: error_code = 30; This profile is private; id = 205409237
Error: error_code = 30; This profile is private; id = 152810514
Error: error_code = 30; This profile is private; id = 196506374
Error: error_code = 30; This profile is private; id = 21061627
Error: error_code = 15; Access denied: user deactivated; id = 290806532
Error: error_code = 30; This profile is private; id = 194830878
Error: error_code = 15; Access denied: user deactivated; id = 590133856
Error: error_code = 15; Access denied: user deactivated; id = 660097652
Error: error_code = 15; Access denied: user deactivated; id = 206609358
Error: error_code = 30; This profile is private; id = 579178965
Error: error_code = 30; This profile is private; id = 556364220
Error: error_code = 30; This profile is private; id = 83806263
Error: error_code = 30; This profile is private; id = 611845191
Error: error_code = 30; This profile is private; id = 67233967
Error: error_code = 30; This profile is private; id = 297674146
Error: error_code = 15; Access denied: user deactivated; id = 408667830
Error: error_code = 15; Access denied: user deactivated; id = 229329501
Error: error_code = 15; Access denied: user deactivated; id = 152001466
Error: error_code = 15; Access denied: user deactivated; id = 245876735
Error: error_code = 15; Access denied: user deactivated; id = 387941782
Error: error_code = 30; This profile is private; id = 590716327
Error: error_code = 30; This profile is private; id = 56169387
Error: error_code = 15; Access denied: user deactivated; id = 152962293
Error: error_code = 15; Access denied: user deactivated; id = 549126712
Error: error_code = 30; This profile is private; id = 601145091
Error: error_code = 30; This profile is private; id = 510336279
Error: error_code = 30; This profile is private; id = 66759916
Error: error_code = 30; This profile is private; id = 29370888
Error: error_code = 30; This profile is private; id = 296794462
Error: error_code = 30; This profile is private; id = 525141612
Error: error_code = 30; This profile is private; id = 442119242
Error: error_code = 30; This profile is private; id = 99921676
Error: error_code = 30; This profile is private; id = 156807663
Error: error_code = 30; This profile is private; id = 49908396
Error: error_code = 15; Access denied: user deactivated; id = 261054599
Error: error_code = 15; Access denied: user deactivated; id = 539838057
Error: error_code = 30; This profile is private; id = 695853840
Error: error_code = 30; This profile is private; id = 362575035
Error: error_code = 15; Access denied: user deactivated; id = 135643655
Error: error_code = 30; This profile is private; id = 83208211
Error: error_code = 30; This profile is private; id = 263046108
Error: error_code = 30; This profile is private; id = 483712692
Error: error_code = 30; This profile is private; id = 678045497
Error: error_code = 30; This profile is private; id = 370276315
Error: error_code = 15; Access denied: user deactivated; id = 229630016
Error: error_code = 30; This profile is private; id = 491470496
Error: error_code = 15; Access denied: user deactivated; id = 408751855
Error: error_code = 30; This profile is private; id = 528176227
Error: error_code = 15; Access denied: user deactivated; id = 217792776
Error: error_code = 30; This profile is private; id = 456917929
Error: error_code = 15; Access denied: user deactivated; id = 209660470
Error: error_code = 30; This profile is private; id = 31902405
Error: error_code = 30; This profile is private; id = 221788523
Error: error_code = 30; This profile is private; id = 459916204
Error: error_code = 30; This profile is private; id = 517597449
Error: error_code = 30; This profile is private; id = 218744362
Error: error_code = 15; Access denied: user deactivated; id = 572241399
Error: error_code = 30; This profile is private; id = 134651350
Error: error_code = 15; Access denied: user deactivated; id = 498481869
Error: error_code = 30; This profile is private; id = 438380772
Error: error_code = 30; This profile is private; id = 491501689
Error: error_code = 30; This profile is private; id = 577829733
Error: error_code = 15; Access denied: user deactivated; id = 194104325
Error: error_code = 30; This profile is private; id = 193625268
Error: error_code = 30; This profile is private; id = 197447611
Error: error_code = 30; This profile is private; id = 51760628
Error: error_code = 30; This profile is private; id = 294535742
Error: error_code = 15; Access denied: user deactivated; id = 221461166
Error: error_code = 30; This profile is private; id = 174054398
Error: error_code = 15; Access denied: user deactivated; id = 539594390
Error: error_code = 30; This profile is private; id = 609951112
Error: error_code = 30; This profile is private; id = 397925842
Error: error_code = 15; Access denied: user deactivated; id = 413333239
Error: error_code = 30; This profile is private; id = 503854835
Error: error_code = 15; Access denied: user deactivated; id = 387229508
Error: error_code = 30; This profile is private; id = 299639832
Error: error_code = 30; This profile is private; id = 11787659
Error: error_code = 15; Access denied: user deactivated; id = 347986252
Error: error_code = 30; This profile is private; id = 326525883
Error: error_code = 30; This profile is private; id = 218016980
Error: error_code = 30; This profile is private; id = 3061230
Error: error_code = 30; This profile is private; id = 109326290
Error: error_code = 15; Access denied: user deactivated; id = 445053433
Error: error_code = 30; This profile is private; id = 148169119
Error: error_code = 15; Access denied: user deactivated; id = 623407682
Error: error_code = 15; Access denied: user deactivated; id = 705603819
Error: error_code = 30; This profile is private; id = 5410563
Error: error_code = 30; This profile is private; id = 688691163
Error: error_code = 15; Access denied: user deactivated; id = 282926342
Error: error_code = 15; Access denied: user deactivated; id = 361239481
Error: error_code = 15; Access denied: user deactivated; id = 336766157
Error: error_code = 15; Access denied: user deactivated; id = 265085067
Error: error_code = 30; This profile is private; id = 65772270
Error: error_code = 30; This profile is private; id = 148300719
Error: error_code = 30; This profile is private; id = 356378338
Error: error_code = 30; This profile is private; id = 570607459
Error: error_code = 15; Access denied: user deactivated; id = 532629927
Error: error_code = 30; This profile is private; id = 448929092
Error: error_code = 15; Access denied: user deactivated; id = 411638535
Error: error_code = 15; Access denied: user deactivated; id = 562059463
Error: error_code = 15; Access denied: user deactivated; id = 470877578
Error: error_code = 30; This profile is private; id = 37805457
Error: error_code = 30; This profile is private; id = 65488073
Error: error_code = 30; This profile is private; id = 72126507
Error: error_code = 30; This profile is private; id = 7840869
Error: error_code = 30; This profile is private; id = 570661420
Error: error_code = 30; This profile is private; id = 587267368
Error: error_code = 30; This profile is private; id = 303557586
Error: error_code = 30; This profile is private; id = 232000251
Error: error_code = 30; This profile is private; id = 72097902
Error: error_code = 15; Access denied: user deactivated; id = 335545296
Error: error_code = 15; Access denied: user deactivated; id = 316049322
Error: error_code = 30; This profile is private; id = 171669765
Error: error_code = 30; This profile is private; id = 552241959
Error: error_code = 15; Access denied: user deactivated; id = 229515202
Error: error_code = 30; This profile is private; id = 4237257
Error: error_code = 30; This profile is private; id = 206644872
Error: error_code = 30; This profile is private; id = 496031470
Error: error_code = 30; This profile is private; id = 468978210
Error: error_code = 15; Access denied: user deactivated; id = 714712440
Error: error_code = 15; Access denied: user deactivated; id = 190726524
Error: error_code = 15; Access denied: user deactivated; id = 137396096
Error: error_code = 15; Access denied: user deactivated; id = 6945382
Error: error_code = 30; This profile is private; id = 57301393
Error: error_code = 30; This profile is private; id = 344500268
Error: error_code = 30; This profile is private; id = 121138089
Error: error_code = 30; This profile is private; id = 438830453
Error: error_code = 15; Access denied: user deactivated; id = 481804737
Error: error_code = 30; This profile is private; id = 535946236
Error: error_code = 30; This profile is private; id = 699097328
Error: error_code = 15; Access denied: user deactivated; id = 182663647
Error: error_code = 30; This profile is private; id = 196882296
Error: error_code = 30; This profile is private; id = 59291742
Error: error_code = 30; This profile is private; id = 108652410
Error: error_code = 30; This profile is private; id = 568218837
Error: error_code = 30; This profile is private; id = 151648248
Error: error_code = 30; This profile is private; id = 257478932
Error: error_code = 15; Access denied: user deactivated; id = 134199711
Error: error_code = 15; Access denied: user deactivated; id = 444734559
Error: error_code = 30; This profile is private; id = 518420387
Error: error_code = 15; Access denied: user deactivated; id = 406158822
Error: error_code = 30; This profile is private; id = 668973507
Error: error_code = 15; Access denied: user deactivated; id = 384456392
Error: error_code = 30; This profile is private; id = 21209879
Error: error_code = 15; Access denied: user deactivated; id = 174117527
Error: error_code = 30; This profile is private; id = 639953573
Error: error_code = 15; Access denied: user deactivated; id = 404071654
Error: error_code = 15; Access denied: user deactivated; id = 541526127
Error: error_code = 15; Access denied: user deactivated; id = 318731150
Error: error_code = 30; This profile is private; id = 262098410
Error: error_code = 15; Access denied: user deactivated; id = 484795083
Error: error_code = 30; This profile is private; id = 5192548
Error: error_code = 30; This profile is private; id = 449541444
Error: error_code = 30; This profile is private; id = 338096995
Error: error_code = 15; Access denied: user deactivated; id = 290517563
Error: error_code = 30; This profile is private; id = 563951323
Error: error_code = 15; Access denied: user deactivated; id = 181981165
Error: error_code = 30; This profile is private; id = 67582441
Error: error_code = 30; This profile is private; id = 164385039
Error: error_code = 30; This profile is private; id = 452693220
Error: error_code = 15; Access denied: user deactivated; id = 302413638
Error: error_code = 15; Access denied: user deactivated; id = 537783126
Error: error_code = 15; Access denied: user deactivated; id = 386127531
Error: error_code = 30; This profile is private; id = 156970312
Error: error_code = 15; Access denied: user deactivated; id = 39662392
Error: error_code = 30; This profile is private; id = 672312062
Error: error_code = 15; Access denied: user deactivated; id = 166361075
Error: error_code = 15; Access denied: user deactivated; id = 395860230
Error: error_code = 15; Access denied: user deactivated; id = 5593092
Error: error_code = 15; Access denied: user deactivated; id = 426778865
Error: error_code = 30; This profile is private; id = 164729212
Error: error_code = 30; This profile is private; id = 19687604
Error: error_code = 30; This profile is private; id = 191571422
Error: error_code = 15; Access denied: user deactivated; id = 211837385
Error: error_code = 30; This profile is private; id = 268108463
Error: error_code = 30; This profile is private; id = 54881409
Error: error_code = 30; This profile is private; id = 104528791
Error: error_code = 15; Access denied: user deactivated; id = 508960704
Error: error_code = 30; This profile is private; id = 3246136
Error: error_code = 30; This profile is private; id = 451978537
Error: error_code = 30; This profile is private; id = 606622461
Error: error_code = 15; Access denied: user deactivated; id = 4686668
Error: error_code = 15; Access denied: user deactivated; id = 190539162
Error: error_code = 30; This profile is private; id = 207035407
Error: error_code = 30; This profile is private; id = 26433770
Error: error_code = 15; Access denied: user deactivated; id = 708816035
Error: error_code = 30; This profile is private; id = 645373610
Error: error_code = 30; This profile is private; id = 134155245
Error: error_code = 15; Access denied: user deactivated; id = 357132675
Error: error_code = 30; This profile is private; id = 254836867
Error: error_code = 15; Access denied: user deactivated; id = 133167511
Error: error_code = 30; This profile is private; id = 204611710
Error: error_code = 30; This profile is private; id = 640413767
Error: error_code = 30; This profile is private; id = 277339826
Error: error_code = 30; This profile is private; id = 195184212
Error: error_code = 30; This profile is private; id = 289609752
Error: error_code = 15; Access denied: user deactivated; id = 405459978
Error: error_code = 30; This profile is private; id = 525716
Error: error_code = 30; This profile is private; id = 551555592
Error: error_code = 15; Access denied: user deactivated; id = 424218589
Error: error_code = 30; This profile is private; id = 147777371
Error: error_code = 30; This profile is private; id = 596505863
Error: error_code = 15; Access denied: user deactivated; id = 442688116
Error: error_code = 15; Access denied: user deactivated; id = 629676801
Error: error_code = 30; This profile is private; id = 15937304
Error: error_code = 30; This profile is private; id = 258771053
Error: error_code = 15; Access denied: user deactivated; id = 450569956
Error: error_code = 30; This profile is private; id = 234991729
Error: error_code = 15; Access denied: user deactivated; id = 198407504
Error: error_code = 15; Access denied: user deactivated; id = 710122016
Error: error_code = 15; Access denied: user deactivated; id = 148157088
Error: error_code = 30; This profile is private; id = 646142018
Error: error_code = 15; Access denied: user deactivated; id = 107264687
Error: error_code = 30; This profile is private; id = 120234767
Error: error_code = 30; This profile is private; id = 391400589
Error: error_code = 15; Access denied: user deactivated; id = 425763001
Error: error_code = 15; Access denied: user deactivated; id = 388923601
Error: error_code = 15; Access denied: user deactivated; id = 31358072
Error: error_code = 30; This profile is private; id = 340754499
Error: error_code = 30; This profile is private; id = 55106832
Error: error_code = 15; Access denied: user deactivated; id = 542079567
Error: error_code = 30; This profile is private; id = 604493905
Error: error_code = 30; This profile is private; id = 27833249
Error: error_code = 30; This profile is private; id = 505819456
Error: error_code = 30; This profile is private; id = 189211547
Error: error_code = 15; Access denied: user deactivated; id = 557503279
Error: error_code = 15; Access denied: user deactivated; id = 223613657
Error: error_code = 15; Access denied: user deactivated; id = 221725238
Error: error_code = 30; This profile is private; id = 717331258
Error: error_code = 30; This profile is private; id = 10503054
Error: error_code = 30; This profile is private; id = 139143829
Error: error_code = 30; This profile is private; id = 4814142
Error: error_code = 30; This profile is private; id = 461652632
Error: error_code = 30; This profile is private; id = 35109695
Error: error_code = 15; Access denied: user deactivated; id = 434835999
Error: error_code = 30; This profile is private; id = 489040148
Error: error_code = 15; Access denied: user deactivated; id = 550507388
Error: error_code = 30; This profile is private; id = 88445121
Error: error_code = 15; Access denied: user deactivated; id = 186381490
Error: error_code = 30; This profile is private; id = 39590046
Error: error_code = 15; Access denied: user deactivated; id = 112098943
Error: error_code = 30; This profile is private; id = 9004675
Error: error_code = 15; Access denied: user deactivated; id = 263622021
Error: error_code = 30; This profile is private; id = 612606230
Error: error_code = 30; This profile is private; id = 578656840
Error: error_code = 30; This profile is private; id = 374268184
Error: error_code = 30; This profile is private; id = 225142908
Error: error_code = 30; This profile is private; id = 190958584
Error: error_code = 30; This profile is private; id = 143292705
Error: error_code = 30; This profile is private; id = 371154883
Error: error_code = 30; This profile is private; id = 629386223
Error: error_code = 30; This profile is private; id = 483027425
Error: error_code = 15; Access denied: user deactivated; id = 218820901
Error: error_code = 30; This profile is private; id = 622525533
Error: error_code = 30; This profile is private; id = 570805145
Error: error_code = 30; This profile is private; id = 618779190
Error: error_code = 15; Access denied: user deactivated; id = 286982098
Error: error_code = 30; This profile is private; id = 491776144
Error: error_code = 30; This profile is private; id = 630388693
Error: error_code = 30; This profile is private; id = 44908276
Error: error_code = 15; Access denied: user deactivated; id = 234455008
Error: error_code = 30; This profile is private; id = 469173079
Error: error_code = 30; This profile is private; id = 275220032
Error: error_code = 30; This profile is private; id = 172874033
Error: error_code = 15; Access denied: user deactivated; id = 502120764
Error: error_code = 30; This profile is private; id = 384431594
Error: error_code = 15; Access denied: user deactivated; id = 332426485
Error: error_code = 15; Access denied: user deactivated; id = 280088704
Error: error_code = 30; This profile is private; id = 334136162
Error: error_code = 15; Access denied: user deactivated; id = 90637223
Error: error_code = 30; This profile is private; id = 142914581
Error: error_code = 15; Access denied: user deactivated; id = 312638327
Error: error_code = 15; Access denied: user deactivated; id = 615016669
Error: error_code = 15; Access denied: user deactivated; id = 397414366
Error: error_code = 30; This profile is private; id = 365914498
Error: error_code = 15; Access denied: user deactivated; id = 298532955
Error: error_code = 30; This profile is private; id = 342757639
Error: error_code = 30; This profile is private; id = 675438402
Error: error_code = 30; This profile is private; id = 152269303
Error: error_code = 15; Access denied: user deactivated; id = 438298793
Error: error_code = 30; This profile is private; id = 178358277
Error: error_code = 30; This profile is private; id = 214302654
Error: error_code = 30; This profile is private; id = 112183182
Error: error_code = 15; Access denied: user deactivated; id = 240251971
Error: error_code = 30; This profile is private; id = 480122848
Error: error_code = 30; This profile is private; id = 661683675
Error: error_code = 15; Access denied: user deactivated; id = 75827438
Error: error_code = 30; This profile is private; id = 186072511
Error: error_code = 30; This profile is private; id = 512618982
Error: error_code = 30; This profile is private; id = 349330772
Error: error_code = 15; Access denied: user deactivated; id = 299136560
Error: error_code = 30; This profile is private; id = 663329804
Error: error_code = 15; Access denied: user deactivated; id = 50587682
Error: error_code = 30; This profile is private; id = 155506588
Error: error_code = 15; Access denied: user deactivated; id = 191958462
Error: error_code = 30; This profile is private; id = 180257359
Error: error_code = 30; This profile is private; id = 27030084
Error: error_code = 30; This profile is private; id = 396806227
Error: error_code = 30; This profile is private; id = 627576717
Error: error_code = 30; This profile is private; id = 444936449
Error: error_code = 15; Access denied: user deactivated; id = 227722113
Error: error_code = 15; Access denied: user deactivated; id = 528565657
Error: error_code = 30; This profile is private; id = 521058714
Error: error_code = 30; This profile is private; id = 69986131
Error: error_code = 30; This profile is private; id = 30219071
Error: error_code = 15; Access denied: user deactivated; id = 209594550
Error: error_code = 30; This profile is private; id = 368155510
Error: error_code = 30; This profile is private; id = 292635498
Error: error_code = 30; This profile is private; id = 640991625
Error: error_code = 15; Access denied: user deactivated; id = 213663935
Error: error_code = 15; Access denied: user deactivated; id = 99497446
Error: error_code = 15; Access denied: user deactivated; id = 88543725
Error: error_code = 30; This profile is private; id = 394689575
Error: error_code = 30; This profile is private; id = 285496260
Error: error_code = 30; This profile is private; id = 43048213
Error: error_code = 15; Access denied: user deactivated; id = 365178991
Error: error_code = 15; Access denied: user deactivated; id = 29567096
Error: error_code = 30; This profile is private; id = 211746815
Error: error_code = 15; Access denied: user deactivated; id = 215949016
Error: error_code = 30; This profile is private; id = 584962586
Error: error_code = 30; This profile is private; id = 700728777
Error: error_code = 30; This profile is private; id = 516925049
Error: error_code = 30; This profile is private; id = 8286252
Error: error_code = 30; This profile is private; id = 338002000
Error: error_code = 30; This profile is private; id = 476814906
Error: error_code = 15; Access denied: user deactivated; id = 710120809
Error: error_code = 30; This profile is private; id = 270010566
Error: error_code = 30; This profile is private; id = 601688241
Error: error_code = 30; This profile is private; id = 81946526
Error: error_code = 30; This profile is private; id = 227205598
Error: error_code = 30; This profile is private; id = 61877558
Error: error_code = 15; Access denied: user deactivated; id = 146258681
Error: error_code = 30; This profile is private; id = 196727264
Error: error_code = 15; Access denied: user deactivated; id = 403249840
Error: error_code = 15; Access denied: user deactivated; id = 523103681
Error: error_code = 15; Access denied: user deactivated; id = 308851912
Error: error_code = 30; This profile is private; id = 299531484
Error: error_code = 30; This profile is private; id = 345492167
Error: error_code = 30; This profile is private; id = 594166902
Error: error_code = 15; Access denied: user deactivated; id = 280155933
Error: error_code = 30; This profile is private; id = 513043634
Error: error_code = 15; Access denied: user deactivated; id = 318697274
Error: error_code = 30; This profile is private; id = 71028869
Error: error_code = 30; This profile is private; id = 54798633
Error: error_code = 30; This profile is private; id = 472615456
Error: error_code = 30; This profile is private; id = 476753153
Error: error_code = 30; This profile is private; id = 646057074
Error: error_code = 30; This profile is private; id = 589389915
Error: error_code = 30; This profile is private; id = 140060866
Error: error_code = 15; Access denied: user deactivated; id = 707115533
Error: error_code = 30; This profile is private; id = 4063238
Error: error_code = 30; This profile is private; id = 159486545
Error: error_code = 30; This profile is private; id = 366439668
Error: error_code = 15; Access denied: user deactivated; id = 710120858
Error: error_code = 15; Access denied: user deactivated; id = 193277299
Error: error_code = 30; This profile is private; id = 467157450
Error: error_code = 15; Access denied: user deactivated; id = 686781041
Error: error_code = 30; This profile is private; id = 60536703
Error: error_code = 15; Access denied: user deactivated; id = 151655928
Error: error_code = 30; This profile is private; id = 61163882
Error: error_code = 30; This profile is private; id = 46224291
Error: error_code = 15; Access denied: user deactivated; id = 347175103
Error: error_code = 30; This profile is private; id = 264103087
Error: error_code = 30; This profile is private; id = 19486748
Error: error_code = 30; This profile is private; id = 366744609
Error: error_code = 30; This profile is private; id = 605174696
Error: error_code = 30; This profile is private; id = 172614539
Error: error_code = 15; Access denied: user deactivated; id = 225588945
Error: error_code = 30; This profile is private; id = 490172489
Error: error_code = 30; This profile is private; id = 603419671
Error: error_code = 30; This profile is private; id = 462758100
Error: error_code = 15; Access denied: user deactivated; id = 533084303
Error: error_code = 15; Access denied: user deactivated; id = 423008041
Error: error_code = 30; This profile is private; id = 555504128
Error: error_code = 30; This profile is private; id = 463211037
Error: error_code = 30; This profile is private; id = 598971297
Error: error_code = 30; This profile is private; id = 100094590
Error: error_code = 15; Access denied: user deactivated; id = 317273672
Error: error_code = 30; This profile is private; id = 337242233
Error: error_code = 30; This profile is private; id = 83273043
Error: error_code = 30; This profile is private; id = 4665122
Error: error_code = 15; Access denied: user deactivated; id = 620581769
Error: error_code = 30; This profile is private; id = 522175207
Error: error_code = 30; This profile is private; id = 349302500
Error: error_code = 30; This profile is private; id = 583757092
Error: error_code = 15; Access denied: user deactivated; id = 255518394
Error: error_code = 30; This profile is private; id = 175308925
Error: error_code = 15; Access denied: user deactivated; id = 433293839
Error: error_code = 15; Access denied: user deactivated; id = 209310265
Error: error_code = 30; This profile is private; id = 293139332
Error: error_code = 30; This profile is private; id = 278113315
Error: error_code = 30; This profile is private; id = 672427870
Error: error_code = 15; Access denied: user deactivated; id = 207104128
Error: error_code = 30; This profile is private; id = 134805657
Error: error_code = 30; This profile is private; id = 199286461
Error: error_code = 15; Access denied: user deactivated; id = 400363617
Error: error_code = 30; This profile is private; id = 37236334
Error: error_code = 30; This profile is private; id = 87252093
Error: error_code = 15; Access denied: user deactivated; id = 111040743
Error: error_code = 30; This profile is private; id = 681349796
Error: error_code = 30; This profile is private; id = 394453554
Error: error_code = 30; This profile is private; id = 468348555
Error: error_code = 30; This profile is private; id = 575009958
Error: error_code = 30; This profile is private; id = 281992833
Error: error_code = 30; This profile is private; id = 199895694
Error: error_code = 30; This profile is private; id = 65327258
Error: error_code = 30; This profile is private; id = 636830195
Error: error_code = 30; This profile is private; id = 354220751
Error: error_code = 30; This profile is private; id = 48588428
Error: error_code = 15; Access denied: user deactivated; id = 605561720
Error: error_code = 30; This profile is private; id = 48827
Error: error_code = 15; Access denied: user deactivated; id = 214217267
Error: error_code = 30; This profile is private; id = 134291827
Error: error_code = 30; This profile is private; id = 201295084
Error: error_code = 30; This profile is private; id = 105600252
Error: error_code = 30; This profile is private; id = 240781977
Error: error_code = 30; This profile is private; id = 703690715
Error: error_code = 30; This profile is private; id = 556712265
Error: error_code = 30; This profile is private; id = 226614145
Error: error_code = 30; This profile is private; id = 483864219
Error: error_code = 15; Access denied: user deactivated; id = 297316571
Error: error_code = 30; This profile is private; id = 220145810
Error: error_code = 30; This profile is private; id = 497574094
Error: error_code = 15; Access denied: user deactivated; id = 208473988
Error: error_code = 15; Access denied: user deactivated; id = 592606419
Error: error_code = 30; This profile is private; id = 63684888
Error: error_code = 30; This profile is private; id = 542459878
Error: error_code = 30; This profile is private; id = 648602414
Error: error_code = 30; This profile is private; id = 149203938
Error: error_code = 30; This profile is private; id = 336820673
Error: error_code = 15; Access denied: user deactivated; id = 302698585
Error: error_code = 15; Access denied: user deactivated; id = 332434163
Error: error_code = 30; This profile is private; id = 210026742
Error: error_code = 30; This profile is private; id = 487333749
Error: error_code = 15; Access denied: user deactivated; id = 198447008
Error: error_code = 15; Access denied: user deactivated; id = 420983998
Error: error_code = 30; This profile is private; id = 250709593
Error: error_code = 30; This profile is private; id = 535517374
Error: error_code = 30; This profile is private; id = 673987687
Error: error_code = 30; This profile is private; id = 8050256
Error: error_code = 15; Access denied: user deactivated; id = 697696237
Error: error_code = 30; This profile is private; id = 519841645
Error: error_code = 30; This profile is private; id = 133359806
Error: error_code = 30; This profile is private; id = 222778134
Error: error_code = 30; This profile is private; id = 159666339
Error: error_code = 15; Access denied: user deactivated; id = 356136066
Error: error_code = 15; Access denied: user deactivated; id = 335833495
Error: error_code = 30; This profile is private; id = 475574815
Error: error_code = 30; This profile is private; id = 473774451
Error: error_code = 30; This profile is private; id = 508280723
Error: error_code = 15; Access denied: user deactivated; id = 292814290
Error: error_code = 30; This profile is private; id = 158447610
Error: error_code = 30; This profile is private; id = 475712660
Error: error_code = 15; Access denied: user deactivated; id = 581247978
Error: error_code = 30; This profile is private; id = 169501542
Error: error_code = 30; This profile is private; id = 362274273
Error: error_code = 30; This profile is private; id = 5093004
Error: error_code = 30; This profile is private; id = 462528677
Error: error_code = 30; This profile is private; id = 238226401
Error: error_code = 30; This profile is private; id = 512098531
Error: error_code = 30; This profile is private; id = 92482644
Error: error_code = 30; This profile is private; id = 189929420
Error: error_code = 15; Access denied: user deactivated; id = 472454095
Error: error_code = 15; Access denied: user deactivated; id = 595998980
Error: error_code = 30; This profile is private; id = 515253573
Error: error_code = 30; This profile is private; id = 40068046
Error: error_code = 30; This profile is private; id = 496580265
Error: error_code = 30; This profile is private; id = 36373539
Error: error_code = 30; This profile is private; id = 242648461
Error: error_code = 30; This profile is private; id = 464585974
Error: error_code = 30; This profile is private; id = 321827389
Error: error_code = 30; This profile is private; id = 110412853
Error: error_code = 30; This profile is private; id = 532185208
Error: error_code = 30; This profile is private; id = 27511378
Error: error_code = 15; Access denied: user deactivated; id = 347074785
Error: error_code = 30; This profile is private; id = 151664411
Error: error_code = 15; Access denied: user deactivated; id = 207452663
Error: error_code = 30; This profile is private; id = 21265412
Error: error_code = 30; This profile is private; id = 391561988
Error: error_code = 30; This profile is private; id = 14300891
Error: error_code = 30; This profile is private; id = 163780579
Error: error_code = 30; This profile is private; id = 2683583
Error: error_code = 30; This profile is private; id = 559044588
Error: error_code = 30; This profile is private; id = 176455625
Error: error_code = 15; Access denied: user deactivated; id = 11391254
Error: error_code = 15; Access denied: user deactivated; id = 176694539
Error: error_code = 30; This profile is private; id = 1698637
Error: error_code = 30; This profile is private; id = 183672361
Error: error_code = 30; This profile is private; id = 169593400
Error: error_code = 30; This profile is private; id = 149168889
Error: error_code = 30; This profile is private; id = 353167015
Error: error_code = 30; This profile is private; id = 132098289
Error: error_code = 30; This profile is private; id = 526733793
Error: error_code = 30; This profile is private; id = 238924031
Error: error_code = 15; Access denied: user deactivated; id = 48559790
Error: error_code = 15; Access denied: user deactivated; id = 308450673
Error: error_code = 15; Access denied: user deactivated; id = 296021465
Error: error_code = 30; This profile is private; id = 562530175
Error: error_code = 15; Access denied: user deactivated; id = 536111358
Error: error_code = 15; Access denied: user deactivated; id = 586756757
Error: error_code = 30; This profile is private; id = 266888445
Error: error_code = 30; This profile is private; id = 173996377
Error: error_code = 30; This profile is private; id = 63788078
Error: error_code = 15; Access denied: user deactivated; id = 222051435
Error: error_code = 30; This profile is private; id = 295557266
Error: error_code = 15; Access denied: user deactivated; id = 675072366
Error: error_code = 30; This profile is private; id = 524603357
Error: error_code = 15; Access denied: user deactivated; id = 209412788
Error: error_code = 30; This profile is private; id = 687255496
Error: error_code = 15; Access denied: user deactivated; id = 92142419
Error: error_code = 30; This profile is private; id = 633794050
Error: error_code = 30; This profile is private; id = 687577189
Error: error_code = 15; Access denied: user deactivated; id = 81107942
Error: error_code = 30; This profile is private; id = 106476014
Error: error_code = 15; Access denied: user deactivated; id = 537395357
Error: error_code = 15; Access denied: user deactivated; id = 340417855
Error: error_code = 30; This profile is private; id = 233084268
Error: error_code = 30; This profile is private; id = 324726325
Error: error_code = 30; This profile is private; id = 134527921
Error: error_code = 30; This profile is private; id = 534836679
Error: error_code = 15; Access denied: user deactivated; id = 348489545
Error: error_code = 30; This profile is private; id = 532444770
Error: error_code = 30; This profile is private; id = 434787918
Error: error_code = 15; Access denied: user deactivated; id = 192811490
Error: error_code = 30; This profile is private; id = 81168065
Error: error_code = 15; Access denied: user deactivated; id = 426592526
Error: error_code = 15; Access denied: user deactivated; id = 340308467
Error: error_code = 15; Access denied: user deactivated; id = 427176035
Error: error_code = 30; This profile is private; id = 491855879
Error: error_code = 15; Access denied: user deactivated; id = 167869020
Error: error_code = 30; This profile is private; id = 43912460
Error: error_code = 30; This profile is private; id = 141606952
Error: error_code = 30; This profile is private; id = 687182658
Error: error_code = 15; Access denied: user deactivated; id = 151213810
Error: error_code = 30; This profile is private; id = 11800475
Error: error_code = 30; This profile is private; id = 83186680
Error: error_code = 30; This profile is private; id = 246200413
Error: error_code = 15; Access denied: user deactivated; id = 301840821
Error: error_code = 30; This profile is private; id = 666414278
Error: error_code = 15; Access denied: user deactivated; id = 275114649
Error: error_code = 30; This profile is private; id = 591941690
Error: error_code = 30; This profile is private; id = 260908511
Error: error_code = 30; This profile is private; id = 153756683
Error: error_code = 30; This profile is private; id = 532287219
Error: error_code = 15; Access denied: user deactivated; id = 357646212
Error: error_code = 30; This profile is private; id = 481652115
Error: error_code = 30; This profile is private; id = 321114805
Error: error_code = 30; This profile is private; id = 177056105
Error: error_code = 30; This profile is private; id = 644153082
Error: error_code = 30; This profile is private; id = 280049626
Error: error_code = 30; This profile is private; id = 26219958
Error: error_code = 30; This profile is private; id = 713392499
Error: error_code = 30; This profile is private; id = 617237928
Error: error_code = 15; Access denied: user deactivated; id = 243668948
Error: error_code = 15; Access denied: user deactivated; id = 379273853
Error: error_code = 30; This profile is private; id = 59064797
Error: error_code = 30; This profile is private; id = 370849882
Error: error_code = 30; This profile is private; id = 116941946
Error: error_code = 30; This profile is private; id = 230106435
Error: error_code = 15; Access denied: user deactivated; id = 267910643
Error: error_code = 30; This profile is private; id = 627412687
Error: error_code = 30; This profile is private; id = 508818259
Error: error_code = 30; This profile is private; id = 249763847
Error: error_code = 30; This profile is private; id = 387430367
Error: error_code = 30; This profile is private; id = 585199404
Error: error_code = 15; Access denied: user deactivated; id = 524846038
Error: error_code = 15; Access denied: user deactivated; id = 630296583
Error: error_code = 15; Access denied: user deactivated; id = 195229679
Error: error_code = 30; This profile is private; id = 256616327
Error: error_code = 15; Access denied: user deactivated; id = 163257884
Error: error_code = 15; Access denied: user deactivated; id = 330338008
Error: error_code = 15; Access denied: user deactivated; id = 174087817
Error: error_code = 30; This profile is private; id = 37512456
Error: error_code = 15; Access denied: user deactivated; id = 644006961
Error: error_code = 15; Access denied: user deactivated; id = 411594409
Error: error_code = 15; Access denied: user deactivated; id = 258806693
Error: error_code = 30; This profile is private; id = 30601958
Error: error_code = 15; Access denied: user deactivated; id = 561115538
Error: error_code = 15; Access denied: user deactivated; id = 407427248
Error: error_code = 30; This profile is private; id = 381531253
Error: error_code = 15; Access denied: user deactivated; id = 212929573
Error: error_code = 30; This profile is private; id = 247246867
Error: error_code = 30; This profile is private; id = 131845153
Error: error_code = 30; This profile is private; id = 62452684
Error: error_code = 30; This profile is private; id = 440915040
Error: error_code = 30; This profile is private; id = 97439483
Error: error_code = 15; Access denied: user deactivated; id = 521745520
Error: error_code = 30; This profile is private; id = 15300168
Error: error_code = 15; Access denied: user deactivated; id = 215271836
Error: error_code = 15; Access denied: user deactivated; id = 405149124
Error: error_code = 30; This profile is private; id = 255240358
Error: error_code = 30; This profile is private; id = 711792200
Error: error_code = 15; Access denied: user deactivated; id = 278807323
Error: error_code = 15; Access denied: user deactivated; id = 218211452
Error: error_code = 15; Access denied: user deactivated; id = 323087193
Error: error_code = 15; Access denied: user deactivated; id = 395396428
Error: error_code = 30; This profile is private; id = 4758474
Error: error_code = 30; This profile is private; id = 515548060
Error: error_code = 30; This profile is private; id = 510496493
Error: error_code = 30; This profile is private; id = 132311091
Error: error_code = 15; Access denied: user deactivated; id = 196153915
Error: error_code = 30; This profile is private; id = 60822450
Error: error_code = 30; This profile is private; id = 668183206
Error: error_code = 30; This profile is private; id = 247177809
Error: error_code = 30; This profile is private; id = 341282119
Error: error_code = 30; This profile is private; id = 96897080
Error: error_code = 30; This profile is private; id = 610994174
Error: error_code = 30; This profile is private; id = 87435307
Error: error_code = 15; Access denied: user deactivated; id = 94741831
Error: error_code = 30; This profile is private; id = 21914042
Error: error_code = 30; This profile is private; id = 544901621
Error: error_code = 30; This profile is private; id = 600170168
Error: error_code = 30; This profile is private; id = 688763683
Error: error_code = 30; This profile is private; id = 86161834
Error: error_code = 15; Access denied: user deactivated; id = 660061878
Error: error_code = 30; This profile is private; id = 555464595
Error: error_code = 30; This profile is private; id = 191452150
Error: error_code = 30; This profile is private; id = 182738811
Error: error_code = 30; This profile is private; id = 196080337
Error: error_code = 30; This profile is private; id = 235028559
Error: error_code = 30; This profile is private; id = 202424255
Error: error_code = 30; This profile is private; id = 173078113
Error: error_code = 30; This profile is private; id = 435019745
Error: error_code = 30; This profile is private; id = 337656450
Error: error_code = 30; This profile is private; id = 70374146
Error: error_code = 30; This profile is private; id = 5617542
Error: error_code = 30; This profile is private; id = 186504114
Error: error_code = 30; This profile is private; id = 134539795
Error: error_code = 30; This profile is private; id = 88480094
Error: error_code = 15; Access denied: user deactivated; id = 559234919
Error: error_code = 30; This profile is private; id = 437064847
Error: error_code = 15; Access denied: user deactivated; id = 521652538
Error: error_code = 30; This profile is private; id = 11620171
Error: error_code = 30; This profile is private; id = 205314880
Error: error_code = 30; This profile is private; id = 113838944
Error: error_code = 30; This profile is private; id = 179349317
Error: error_code = 30; This profile is private; id = 348770320
Error: error_code = 15; Access denied: user deactivated; id = 695429375
Error: error_code = 30; This profile is private; id = 618334217
Error: error_code = 15; Access denied: user deactivated; id = 494830814
Error: error_code = 30; This profile is private; id = 565224209
Error: error_code = 15; Access denied: user deactivated; id = 146617203
Error: error_code = 15; Access denied: user deactivated; id = 292665833
Error: error_code = 30; This profile is private; id = 105139716
Error: error_code = 15; Access denied: user deactivated; id = 255668059
Error: error_code = 30; This profile is private; id = 322822269
Error: error_code = 30; This profile is private; id = 377017307
Error: error_code = 15; Access denied: user deactivated; id = 184023386
Error: error_code = 30; This profile is private; id = 178487470
Error: error_code = 30; This profile is private; id = 271918229
Error: error_code = 30; This profile is private; id = 471612882
Error: error_code = 30; This profile is private; id = 274583636
Error: error_code = 30; This profile is private; id = 641376549
Error: error_code = 30; This profile is private; id = 546480934
Error: error_code = 15; Access denied: user deactivated; id = 290879731
Error: error_code = 30; This profile is private; id = 371683399
Error: error_code = 30; This profile is private; id = 73097216
Error: error_code = 30; This profile is private; id = 425842820
Error: error_code = 30; This profile is private; id = 190716604
Error: error_code = 15; Access denied: user deactivated; id = 98823712
Error: error_code = 15; Access denied: user deactivated; id = 402690820
Error: error_code = 30; This profile is private; id = 478887791
Error: error_code = 30; This profile is private; id = 65561990
Error: error_code = 30; This profile is private; id = 541638728
Error: error_code = 30; This profile is private; id = 215274224
Error: error_code = 15; Access denied: user deactivated; id = 13256987
Error: error_code = 30; This profile is private; id = 547920231
Error: error_code = 30; This profile is private; id = 290114320
Error: error_code = 30; This profile is private; id = 175789137
Error: error_code = 15; Access denied: user deactivated; id = 280658384
Error: error_code = 30; This profile is private; id = 364669652
Error: error_code = 15; Access denied: user deactivated; id = 281202889
Error: error_code = 15; Access denied: user deactivated; id = 143153303
Error: error_code = 30; This profile is private; id = 462148427
Error: error_code = 30; This profile is private; id = 689462831
Error: error_code = 15; Access denied: user deactivated; id = 310947558
Error: error_code = 30; This profile is private; id = 703871343
Error: error_code = 30; This profile is private; id = 252837865
Error: error_code = 30; This profile is private; id = 464970225
Error: error_code = 30; This profile is private; id = 619142498
Error: error_code = 15; Access denied: user deactivated; id = 139995016
Error: error_code = 15; Access denied: user deactivated; id = 355140634
Error: error_code = 15; Access denied: user deactivated; id = 303243934
Error: error_code = 15; Access denied: user deactivated; id = 532173895
Error: error_code = 30; This profile is private; id = 62463765
Error: error_code = 15; Access denied: user deactivated; id = 219103105
Error: error_code = 15; Access denied: user deactivated; id = 273162741
Error: error_code = 30; This profile is private; id = 277623057
Error: error_code = 30; This profile is private; id = 712882479
Error: error_code = 30; This profile is private; id = 352854527
Error: error_code = 15; Access denied: user deactivated; id = 496586438
Error: error_code = 30; This profile is private; id = 190552920
Error: error_code = 15; Access denied: user deactivated; id = 430977714
Error: error_code = 30; This profile is private; id = 677844146
Error: error_code = 15; Access denied: user deactivated; id = 29833895
Error: error_code = 30; This profile is private; id = 218609708
Error: error_code = 15; Access denied: user deactivated; id = 701304316
Error: error_code = 15; Access denied: user deactivated; id = 436702964
Error: error_code = 15; Access denied: user deactivated; id = 376091085
Error: error_code = 30; This profile is private; id = 154138474
Error: error_code = 30; This profile is private; id = 41190238
Error: error_code = 30; This profile is private; id = 292066416
Error: error_code = 30; This profile is private; id = 98236857
Error: error_code = 30; This profile is private; id = 24389317
Error: error_code = 30; This profile is private; id = 152549841
Error: error_code = 30; This profile is private; id = 679472041
Error: error_code = 30; This profile is private; id = 459377121
Error: error_code = 15; Access denied: user deactivated; id = 447097416
Error: error_code = 30; This profile is private; id = 696549844
Error: error_code = 30; This profile is private; id = 136346466
Error: error_code = 15; Access denied: user deactivated; id = 214127773
Error: error_code = 30; This profile is private; id = 263737303
Error: error_code = 30; This profile is private; id = 5070987
Error: error_code = 30; This profile is private; id = 657746343
Error: error_code = 15; Access denied: user deactivated; id = 308914256
Error: error_code = 30; This profile is private; id = 392134094
Error: error_code = 15; Access denied: user deactivated; id = 488270367
Error: error_code = 30; This profile is private; id = 712058932
Error: error_code = 30; This profile is private; id = 336092208
Error: error_code = 15; Access denied: user deactivated; id = 17045569
Error: error_code = 30; This profile is private; id = 195714501
Error: error_code = 15; Access denied: user deactivated; id = 560142290
Error: error_code = 30; This profile is private; id = 510536565
Error: error_code = 30; This profile is private; id = 7529513
Error: error_code = 15; Access denied: user deactivated; id = 365008962
Error: error_code = 15; Access denied: user deactivated; id = 226842022
Error: error_code = 30; This profile is private; id = 93819185
Error: error_code = 30; This profile is private; id = 663665422
Error: error_code = 15; Access denied: user deactivated; id = 552795781
Error: error_code = 30; This profile is private; id = 164335840
Error: error_code = 15; Access denied: user deactivated; id = 540397518
Error: error_code = 30; This profile is private; id = 607146662
Error: error_code = 15; Access denied: user deactivated; id = 554060688
Error: error_code = 30; This profile is private; id = 612159323
Error: error_code = 30; This profile is private; id = 188901525
Error: error_code = 30; This profile is private; id = 558472643
Error: error_code = 30; This profile is private; id = 9342460
Error: error_code = 30; This profile is private; id = 6819316
Error: error_code = 15; Access denied: user deactivated; id = 319883472
Error: error_code = 30; This profile is private; id = 468244697
Error: error_code = 30; This profile is private; id = 44274867
Error: error_code = 30; This profile is private; id = 673333551
Error: error_code = 30; This profile is private; id = 585384188
Error: error_code = 15; Access denied: user deactivated; id = 345669989
Error: error_code = 15; Access denied: user deactivated; id = 223382786
Error: error_code = 30; This profile is private; id = 86400647
Error: error_code = 30; This profile is private; id = 136739933
Error: error_code = 30; This profile is private; id = 36931267
Error: error_code = 30; This profile is private; id = 229714504
Error: error_code = 30; This profile is private; id = 106110120
Error: error_code = 15; Access denied: user deactivated; id = 496123075
Error: error_code = 30; This profile is private; id = 200014618
Error: error_code = 15; Access denied: user deactivated; id = 180542844
Error: error_code = 30; This profile is private; id = 557030142
Error: error_code = 30; This profile is private; id = 328696601
Error: error_code = 15; Access denied: user deactivated; id = 460751284
Error: error_code = 15; Access denied: user deactivated; id = 150391856
Error: error_code = 30; This profile is private; id = 368748797
Error: error_code = 30; This profile is private; id = 374657350
Error: error_code = 30; This profile is private; id = 101855756
Error: error_code = 30; This profile is private; id = 65870376
Error: error_code = 15; Access denied: user deactivated; id = 404504537
Error: error_code = 30; This profile is private; id = 190646483
Error: error_code = 30; This profile is private; id = 577203499
Error: error_code = 15; Access denied: user deactivated; id = 516458970
Error: error_code = 15; Access denied: user deactivated; id = 435028202
Error: error_code = 30; This profile is private; id = 226522278
Error: error_code = 30; This profile is private; id = 674886490
Error: error_code = 30; This profile is private; id = 90128288
Error: error_code = 30; This profile is private; id = 529604184
Error: error_code = 30; This profile is private; id = 139232187
Error: error_code = 15; Access denied: user deactivated; id = 595676464
Error: error_code = 15; Access denied: user deactivated; id = 206610036
Error: error_code = 30; This profile is private; id = 454765449
Error: error_code = 15; Access denied: user deactivated; id = 300683707
Error: error_code = 15; Access denied: user deactivated; id = 493334313
Error: error_code = 15; Access denied: user deactivated; id = 552987730
Error: error_code = 30; This profile is private; id = 198707725
Error: error_code = 30; This profile is private; id = 388015048
Error: error_code = 30; This profile is private; id = 382913016
Error: error_code = 15; Access denied: user deactivated; id = 24803702
Error: error_code = 15; Access denied: user deactivated; id = 164497451
Error: error_code = 30; This profile is private; id = 121847504
Error: error_code = 15; Access denied: user deactivated; id = 184756500
Error: error_code = 15; Access denied: user deactivated; id = 55904156
Error: error_code = 30; This profile is private; id = 475092858
Error: error_code = 15; Access denied: user deactivated; id = 645304303
Error: error_code = 30; This profile is private; id = 30862032
Error: error_code = 30; This profile is private; id = 148661685
Error: error_code = 30; This profile is private; id = 656961500
Error: error_code = 15; Access denied: user deactivated; id = 608266329
Error: error_code = 15; Access denied: user deactivated; id = 435124549
Error: error_code = 30; This profile is private; id = 528248539
Error: error_code = 30; This profile is private; id = 337229672
Error: error_code = 30; This profile is private; id = 5592245
Error: error_code = 30; This profile is private; id = 309175383
Error: error_code = 30; This profile is private; id = 319715226
Error: error_code = 30; This profile is private; id = 44184784
Error: error_code = 15; Access denied: user deactivated; id = 533596850
Error: error_code = 30; This profile is private; id = 19192401
Error: error_code = 30; This profile is private; id = 709161180
Error: error_code = 30; This profile is private; id = 189219340
Error: error_code = 30; This profile is private; id = 59319186
Error: error_code = 30; This profile is private; id = 428966093
Error: error_code = 30; This profile is private; id = 531474537
Error: error_code = 15; Access denied: user deactivated; id = 4849487
Error: error_code = 30; This profile is private; id = 61422083
Error: error_code = 15; Access denied: user deactivated; id = 427752030
Error: error_code = 15; Access denied: user deactivated; id = 113016627
Error: error_code = 15; Access denied: user deactivated; id = 701780629
Error: error_code = 30; This profile is private; id = 21543763
Error: error_code = 15; Access denied: user deactivated; id = 347650282
Error: error_code = 30; This profile is private; id = 714027608
Error: error_code = 15; Access denied: user deactivated; id = 270195095
Error: error_code = 30; This profile is private; id = 194109749
Error: error_code = 15; Access denied: user deactivated; id = 435087497
Error: error_code = 30; This profile is private; id = 633623314
Error: error_code = 30; This profile is private; id = 538283995
Error: error_code = 15; Access denied: user deactivated; id = 593174599
Error: error_code = 15; Access denied: user deactivated; id = 157506205
Error: error_code = 30; This profile is private; id = 656287914
Error: error_code = 30; This profile is private; id = 616354872
Error: error_code = 15; Access denied: user deactivated; id = 411730712
Error: error_code = 30; This profile is private; id = 184605816
Error: error_code = 30; This profile is private; id = 102006699
Error: error_code = 15; Access denied: user deactivated; id = 273578725
Error: error_code = 15; Access denied: user deactivated; id = 434109934
Error: error_code = 30; This profile is private; id = 394575071
Error: error_code = 15; Access denied: user deactivated; id = 366606140
Error: error_code = 15; Access denied: user deactivated; id = 411534368
Error: error_code = 30; This profile is private; id = 339389285
Error: error_code = 30; This profile is private; id = 103382956
Error: error_code = 30; This profile is private; id = 499337689
Error: error_code = 30; This profile is private; id = 609436681
Error: error_code = 30; This profile is private; id = 516183307
Error: error_code = 30; This profile is private; id = 71267943
Error: error_code = 30; This profile is private; id = 544015165
Error: error_code = 15; Access denied: user deactivated; id = 183291171
Error: error_code = 30; This profile is private; id = 204886925
Error: error_code = 30; This profile is private; id = 544354390
Error: error_code = 30; This profile is private; id = 422305146
Error: error_code = 30; This profile is private; id = 442364660
Error: error_code = 30; This profile is private; id = 328698550
Error: error_code = 30; This profile is private; id = 9645753
Error: error_code = 30; This profile is private; id = 709873286
Error: error_code = 15; Access denied: user deactivated; id = 559460919
Error: error_code = 30; This profile is private; id = 282431414
Error: error_code = 15; Access denied: user deactivated; id = 482027193
Error: error_code = 15; Access denied: user deactivated; id = 435080157
Error: error_code = 15; Access denied: user deactivated; id = 85767198
Error: error_code = 30; This profile is private; id = 104733461
Error: error_code = 15; Access denied: user deactivated; id = 258235818
Error: error_code = 30; This profile is private; id = 320965479
Error: error_code = 15; Access denied: user deactivated; id = 292725562
Error: error_code = 15; Access denied: user deactivated; id = 197622873
Error: error_code = 15; Access denied: user deactivated; id = 354460200
Error: error_code = 30; This profile is private; id = 261892282
Error: error_code = 15; Access denied: user deactivated; id = 615487025
Error: error_code = 30; This profile is private; id = 631766816
Error: error_code = 30; This profile is private; id = 269735718
Error: error_code = 30; This profile is private; id = 183771456
Error: error_code = 15; Access denied: user deactivated; id = 229215051
Error: error_code = 30; This profile is private; id = 79456712
Error: error_code = 30; This profile is private; id = 216541035
Error: error_code = 30; This profile is private; id = 8077707
Error: error_code = 30; This profile is private; id = 205102827
Error: error_code = 30; This profile is private; id = 578214055
Error: error_code = 30; This profile is private; id = 187488838
Error: error_code = 30; This profile is private; id = 268634845
Error: error_code = 30; This profile is private; id = 420816258
Error: error_code = 15; Access denied: user deactivated; id = 265761258
Error: error_code = 15; Access denied: user deactivated; id = 255016990
Error: error_code = 30; This profile is private; id = 692875472
Error: error_code = 30; This profile is private; id = 635395183
Error: error_code = 15; Access denied: user deactivated; id = 615145404
Error: error_code = 30; This profile is private; id = 621943515
Error: error_code = 15; Access denied: user deactivated; id = 199851142
Error: error_code = 15; Access denied: user deactivated; id = 654907381
Error: error_code = 30; This profile is private; id = 512890721
Error: error_code = 30; This profile is private; id = 449737056
Error: error_code = 30; This profile is private; id = 25933084
Error: error_code = 30; This profile is private; id = 351423030
Error: error_code = 15; Access denied: user deactivated; id = 198910252
Error: error_code = 30; This profile is private; id = 604485743
Error: error_code = 15; Access denied: user deactivated; id = 106395471
Error: error_code = 30; This profile is private; id = 509445731
Error: error_code = 30; This profile is private; id = 64908810
Error: error_code = 30; This profile is private; id = 647434600
Error: error_code = 30; This profile is private; id = 178336099
Error: error_code = 30; This profile is private; id = 462220799
Error: error_code = 30; This profile is private; id = 291953509
Error: error_code = 30; This profile is private; id = 221396095
Error: error_code = 30; This profile is private; id = 532971385
Error: error_code = 30; This profile is private; id = 592237368
Error: error_code = 30; This profile is private; id = 639411798
Error: error_code = 30; This profile is private; id = 287182869
Error: error_code = 30; This profile is private; id = 550254220
Error: error_code = 30; This profile is private; id = 200817059
Error: error_code = 30; This profile is private; id = 200611451
Error: error_code = 30; This profile is private; id = 229436116
Error: error_code = 30; This profile is private; id = 532701816
Error: error_code = 30; This profile is private; id = 427175629
Error: error_code = 30; This profile is private; id = 29701095
Error: error_code = 30; This profile is private; id = 41750979
Error: error_code = 30; This profile is private; id = 157411026
Error: error_code = 30; This profile is private; id = 636159984
Error: error_code = 30; This profile is private; id = 123765109
Error: error_code = 15; Access denied: user deactivated; id = 396644461
Error: error_code = 15; Access denied: user deactivated; id = 21581015
Error: error_code = 30; This profile is private; id = 561775367
Error: error_code = 30; This profile is private; id = 472549250
Error: error_code = 30; This profile is private; id = 440446889
Error: error_code = 30; This profile is private; id = 478442083
Error: error_code = 30; This profile is private; id = 12095052
Error: error_code = 15; Access denied: user deactivated; id = 551823111
Error: error_code = 15; Access denied: user deactivated; id = 517626973
Error: error_code = 15; Access denied: user deactivated; id = 116037258
Error: error_code = 30; This profile is private; id = 383312789
Error: error_code = 30; This profile is private; id = 143366410
Error: error_code = 30; This profile is private; id = 188141496
Error: error_code = 30; This profile is private; id = 150256352
Error: error_code = 30; This profile is private; id = 351836717
Error: error_code = 15; Access denied: user deactivated; id = 534930343
Error: error_code = 30; This profile is private; id = 146759508
Error: error_code = 30; This profile is private; id = 30118775
Error: error_code = 30; This profile is private; id = 324181589
Error: error_code = 15; Access denied: user deactivated; id = 219976783
Error: error_code = 15; Access denied: user deactivated; id = 352037313
Error: error_code = 30; This profile is private; id = 484864916
Error: error_code = 30; This profile is private; id = 94297706
Error: error_code = 30; This profile is private; id = 246973514
Error: error_code = 30; This profile is private; id = 28302233
Error: error_code = 15; Access denied: user deactivated; id = 134803736
Error: error_code = 15; Access denied: user deactivated; id = 701312399
Error: error_code = 30; This profile is private; id = 524082149
Error: error_code = 30; This profile is private; id = 273989911
Error: error_code = 30; This profile is private; id = 24719628
Error: error_code = 30; This profile is private; id = 232903017
Error: error_code = 30; This profile is private; id = 193115324
Error: error_code = 30; This profile is private; id = 252466694
Error: error_code = 30; This profile is private; id = 5151654
Error: error_code = 30; This profile is private; id = 78083760
Error: error_code = 30; This profile is private; id = 598079516
Error: error_code = 15; Access denied: user deactivated; id = 662559203
Error: error_code = 30; This profile is private; id = 10022400
Error: error_code = 15; Access denied: user deactivated; id = 390769591
Error: error_code = 30; This profile is private; id = 250482435
Error: error_code = 30; This profile is private; id = 496728402
Error: error_code = 30; This profile is private; id = 297261867
Error: error_code = 15; Access denied: user deactivated; id = 237598563
Error: error_code = 15; Access denied: user deactivated; id = 418969148
Error: error_code = 15; Access denied: user deactivated; id = 101317367
Error: error_code = 15; Access denied: user deactivated; id = 310119553
Error: error_code = 15; Access denied: user deactivated; id = 264403225
Error: error_code = 15; Access denied: user deactivated; id = 566204068
Error: error_code = 15; Access denied: user deactivated; id = 428585419
Error: error_code = 15; Access denied: user deactivated; id = 277288839
Error: error_code = 30; This profile is private; id = 444575817
Error: error_code = 15; Access denied: user deactivated; id = 499357884
Error: error_code = 15; Access denied: user deactivated; id = 710120835
Error: error_code = 30; This profile is private; id = 317112505
Error: error_code = 30; This profile is private; id = 368399286
Error: error_code = 30; This profile is private; id = 373726401
Error: error_code = 15; Access denied: user deactivated; id = 260823369
Error: error_code = 30; This profile is private; id = 199264596
Error: error_code = 15; Access denied: user deactivated; id = 183792323
Error: error_code = 30; This profile is private; id = 439782580
Error: error_code = 15; Access denied: user deactivated; id = 101095089
Error: error_code = 15; Access denied: user deactivated; id = 260981221
Error: error_code = 15; Access denied: user deactivated; id = 355403867
Error: error_code = 30; This profile is private; id = 40890204
Error: error_code = 30; This profile is private; id = 494584094
Error: error_code = 30; This profile is private; id = 552200393
Error: error_code = 30; This profile is private; id = 254678567
Error: error_code = 30; This profile is private; id = 86284493
Error: error_code = 30; This profile is private; id = 644402932
Error: error_code = 15; Access denied: user deactivated; id = 217964586
Error: error_code = 15; Access denied: user deactivated; id = 702817594
Error: error_code = 30; This profile is private; id = 521868913
Error: error_code = 15; Access denied: user deactivated; id = 611308211
Error: error_code = 30; This profile is private; id = 384684245
Error: error_code = 15; Access denied: user deactivated; id = 457419942
Error: error_code = 30; This profile is private; id = 385512825
Error: error_code = 30; This profile is private; id = 151022718
Error: error_code = 30; This profile is private; id = 667426508
Error: error_code = 30; This profile is private; id = 640794583
Error: error_code = 15; Access denied: user deactivated; id = 103883252
Error: error_code = 15; Access denied: user deactivated; id = 345086715
Error: error_code = 15; Access denied: user deactivated; id = 322347948
Error: error_code = 30; This profile is private; id = 35749704
Error: error_code = 30; This profile is private; id = 159487752
Error: error_code = 30; This profile is private; id = 523661188
Error: error_code = 30; This profile is private; id = 35938106
Error: error_code = 15; Access denied: user deactivated; id = 437116053
Error: error_code = 30; This profile is private; id = 183593366
Error: error_code = 30; This profile is private; id = 402458751
Error: error_code = 30; This profile is private; id = 37934651
Error: error_code = 30; This profile is private; id = 169561940
Error: error_code = 15; Access denied: user deactivated; id = 418949783
Error: error_code = 15; Access denied: user deactivated; id = 365192525
Error: error_code = 15; Access denied: user deactivated; id = 225447459
Error: error_code = 30; This profile is private; id = 142636103
Error: error_code = 30; This profile is private; id = 203876943
Error: error_code = 30; This profile is private; id = 43142825
Error: error_code = 30; This profile is private; id = 421809652
Error: error_code = 30; This profile is private; id = 173029268
Error: error_code = 30; This profile is private; id = 665554579
Error: error_code = 30; This profile is private; id = 7825797
Error: error_code = 30; This profile is private; id = 296283105
Error: error_code = 15; Access denied: user deactivated; id = 297629993
Error: error_code = 30; This profile is private; id = 15614280
Error: error_code = 15; Access denied: user deactivated; id = 423348248
Error: error_code = 30; This profile is private; id = 239477139
Error: error_code = 30; This profile is private; id = 587801418
Error: error_code = 15; Access denied: user deactivated; id = 364984182
Error: error_code = 15; Access denied: user deactivated; id = 311514863
Error: error_code = 30; This profile is private; id = 546306270
Error: error_code = 30; This profile is private; id = 1678590
Error: error_code = 30; This profile is private; id = 414132460
Error: error_code = 30; This profile is private; id = 192037255
Error: error_code = 30; This profile is private; id = 571852905
Error: error_code = 15; Access denied: user deactivated; id = 178098998
Error: error_code = 15; Access denied: user deactivated; id = 194871907
Error: error_code = 30; This profile is private; id = 568573371
Error: error_code = 30; This profile is private; id = 136695487
Error: error_code = 30; This profile is private; id = 698229337
Error: error_code = 30; This profile is private; id = 463044738
Error: error_code = 30; This profile is private; id = 228749052
Error: error_code = 30; This profile is private; id = 555105960
Error: error_code = 15; Access denied: user deactivated; id = 221521922
Error: error_code = 30; This profile is private; id = 451354443
Error: error_code = 30; This profile is private; id = 714340816
Error: error_code = 30; This profile is private; id = 684652502
Error: error_code = 30; This profile is private; id = 517676503
Error: error_code = 15; Access denied: user deactivated; id = 626352099
Error: error_code = 15; Access denied: user deactivated; id = 622157469
Error: error_code = 30; This profile is private; id = 60809
Error: error_code = 30; This profile is private; id = 711862185
Error: error_code = 30; This profile is private; id = 712924518
Error: error_code = 15; Access denied: user deactivated; id = 229647112
Error: error_code = 15; Access denied: user deactivated; id = 451711849
Error: error_code = 30; This profile is private; id = 141580358
Error: error_code = 15; Access denied: user deactivated; id = 27194482
Error: error_code = 30; This profile is private; id = 223495190
Error: error_code = 30; This profile is private; id = 576644739
Error: error_code = 15; Access denied: user deactivated; id = 139004338
Error: error_code = 15; Access denied: user deactivated; id = 449230945
Error: error_code = 30; This profile is private; id = 531502229
Error: error_code = 30; This profile is private; id = 65362134
Error: error_code = 30; This profile is private; id = 1087621
Error: error_code = 30; This profile is private; id = 119897944
Error: error_code = 30; This profile is private; id = 607664393
Error: error_code = 30; This profile is private; id = 610541092
Error: error_code = 30; This profile is private; id = 481022691
Error: error_code = 30; This profile is private; id = 21862604
Error: error_code = 30; This profile is private; id = 27114991
Error: error_code = 30; This profile is private; id = 635266568
Error: error_code = 30; This profile is private; id = 503574635
Error: error_code = 30; This profile is private; id = 496423665
Error: error_code = 30; This profile is private; id = 48880471
Error: error_code = 15; Access denied: user deactivated; id = 561229694
Error: error_code = 30; This profile is private; id = 607944056
Error: error_code = 15; Access denied: user deactivated; id = 497501571
Error: error_code = 15; Access denied: user deactivated; id = 323985918
Error: error_code = 15; Access denied: user deactivated; id = 531234728
Error: error_code = 15; Access denied: user deactivated; id = 123889148
Error: error_code = 15; Access denied: user deactivated; id = 253185087
Error: error_code = 30; This profile is private; id = 584541478
Error: error_code = 30; This profile is private; id = 388810163
Error: error_code = 15; Access denied: user deactivated; id = 504019350
Error: error_code = 30; This profile is private; id = 18735116
Error: error_code = 15; Access denied: user deactivated; id = 72296809
Error: error_code = 30; This profile is private; id = 551829863
Error: error_code = 30; This profile is private; id = 326043312
Error: error_code = 30; This profile is private; id = 482547447
Error: error_code = 30; This profile is private; id = 24297206
Error: error_code = 15; Access denied: user deactivated; id = 370660301
Error: error_code = 30; This profile is private; id = 233874984
Error: error_code = 15; Access denied: user deactivated; id = 68615156
Error: error_code = 30; This profile is private; id = 591950616
Error: error_code = 15; Access denied: user deactivated; id = 571101354
Error: error_code = 30; This profile is private; id = 553792906
Error: error_code = 30; This profile is private; id = 385745554
Error: error_code = 30; This profile is private; id = 97791388
Error: error_code = 15; Access denied: user deactivated; id = 359491268
Error: error_code = 30; This profile is private; id = 12104730
Error: error_code = 15; Access denied: user deactivated; id = 16593388
Error: error_code = 30; This profile is private; id = 209429442
Error: error_code = 15; Access denied: user deactivated; id = 276282182
Error: error_code = 15; Access denied: user deactivated; id = 713290865
Error: error_code = 30; This profile is private; id = 176337205
Error: error_code = 30; This profile is private; id = 37210954
Error: error_code = 15; Access denied: user deactivated; id = 431591429
Error: error_code = 30; This profile is private; id = 692307390
Error: error_code = 15; Access denied: user deactivated; id = 447596680
Error: error_code = 30; This profile is private; id = 258328687
Error: error_code = 15; Access denied: user deactivated; id = 573645868
Error: error_code = 30; This profile is private; id = 68894943
Error: error_code = 30; This profile is private; id = 70951372
Error: error_code = 30; This profile is private; id = 9459096
Error: error_code = 30; This profile is private; id = 252596915
Error: error_code = 30; This profile is private; id = 269388695
Error: error_code = 30; This profile is private; id = 673313114
Error: error_code = 30; This profile is private; id = 430757565
Error: error_code = 30; This profile is private; id = 357527985
Error: error_code = 30; This profile is private; id = 229626180
Error: error_code = 30; This profile is private; id = 17239552
Error: error_code = 30; This profile is private; id = 323191682
Error: error_code = 30; This profile is private; id = 698395552
Error: error_code = 15; Access denied: user deactivated; id = 462308176
Error: error_code = 15; Access denied: user deactivated; id = 356211476
Error: error_code = 15; Access denied: user deactivated; id = 338787853
Error: error_code = 30; This profile is private; id = 222380029
Error: error_code = 15; Access denied: user deactivated; id = 250817281
Error: error_code = 15; Access denied: user deactivated; id = 384289292
Error: error_code = 15; Access denied: user deactivated; id = 420428847
Error: error_code = 30; This profile is private; id = 303324293
Error: error_code = 30; This profile is private; id = 334968050
Error: error_code = 30; This profile is private; id = 616220778
Error: error_code = 15; Access denied: user deactivated; id = 397605142
Error: error_code = 30; This profile is private; id = 587800291
Error: error_code = 30; This profile is private; id = 515770295
Error: error_code = 15; Access denied: user deactivated; id = 398756391
Error: error_code = 15; Access denied: user deactivated; id = 572070208
Error: error_code = 15; Access denied: user deactivated; id = 349429966
Error: error_code = 15; Access denied: user deactivated; id = 9772492
Error: error_code = 30; This profile is private; id = 378395508
Error: error_code = 30; This profile is private; id = 209948582
Error: error_code = 30; This profile is private; id = 436232555
Error: error_code = 30; This profile is private; id = 537153729
Error: error_code = 30; This profile is private; id = 635527567
Error: error_code = 15; Access denied: user deactivated; id = 556526927
Error: error_code = 30; This profile is private; id = 186965753
Error: error_code = 15; Access denied: user deactivated; id = 283384675
Error: error_code = 30; This profile is private; id = 438115743
Error: error_code = 30; This profile is private; id = 194803063
Error: error_code = 30; This profile is private; id = 355428333
Error: error_code = 30; This profile is private; id = 663577487
Error: error_code = 30; This profile is private; id = 567260143
Error: error_code = 15; Access denied: user deactivated; id = 279953039
Error: error_code = 30; This profile is private; id = 617717605
Error: error_code = 30; This profile is private; id = 131968032
Error: error_code = 30; This profile is private; id = 262056317
Error: error_code = 30; This profile is private; id = 485797232
Error: error_code = 30; This profile is private; id = 694114872
Error: error_code = 30; This profile is private; id = 273250091
Error: error_code = 15; Access denied: user deactivated; id = 574843386
Error: error_code = 15; Access denied: user deactivated; id = 652319275
Error: error_code = 15; Access denied: user deactivated; id = 268962769
Error: error_code = 15; Access denied: user deactivated; id = 169211400
Error: error_code = 15; Access denied: user deactivated; id = 539881432
Error: error_code = 30; This profile is private; id = 423516839
Error: error_code = 30; This profile is private; id = 230619924
Error: error_code = 30; This profile is private; id = 518997738
Error: error_code = 15; Access denied: user deactivated; id = 163320330
Error: error_code = 15; Access denied: user deactivated; id = 412768163
Error: error_code = 30; This profile is private; id = 59753009
Error: error_code = 15; Access denied: user deactivated; id = 311574107
Error: error_code = 15; Access denied: user deactivated; id = 276637941
Error: error_code = 15; Access denied: user deactivated; id = 390115872
Error: error_code = 30; This profile is private; id = 628776478
Error: error_code = 30; This profile is private; id = 180815009
Error: error_code = 30; This profile is private; id = 325676444
Error: error_code = 30; This profile is private; id = 311066453
Error: error_code = 30; This profile is private; id = 534404225
Error: error_code = 15; Access denied: user deactivated; id = 357756206
Error: error_code = 30; This profile is private; id = 464578096
Error: error_code = 30; This profile is private; id = 511435441
Error: error_code = 15; Access denied: user deactivated; id = 641203994
Error: error_code = 15; Access denied: user deactivated; id = 10375393
Error: error_code = 30; This profile is private; id = 249493983
Error: error_code = 30; This profile is private; id = 600406484
Error: error_code = 30; This profile is private; id = 323017219
Error: error_code = 30; This profile is private; id = 185337433
Error: error_code = 15; Access denied: user deactivated; id = 312989036
Error: error_code = 30; This profile is private; id = 215006464
Error: error_code = 30; This profile is private; id = 142421906
Error: error_code = 30; This profile is private; id = 508299
Error: error_code = 15; Access denied: user deactivated; id = 470686023
Error: error_code = 30; This profile is private; id = 281967453
Error: error_code = 30; This profile is private; id = 612642311
Error: error_code = 30; This profile is private; id = 446545674
Error: error_code = 30; This profile is private; id = 598159219
Error: error_code = 30; This profile is private; id = 586641149
Error: error_code = 30; This profile is private; id = 264279386
Error: error_code = 30; This profile is private; id = 195749993
Error: error_code = 30; This profile is private; id = 28981608
Error: error_code = 30; This profile is private; id = 712083489
Error: error_code = 30; This profile is private; id = 401319218
Error: error_code = 15; Access denied: user deactivated; id = 179620435
Error: error_code = 30; This profile is private; id = 352962201
Error: error_code = 30; This profile is private; id = 537218655
Error: error_code = 15; Access denied: user deactivated; id = 307905571
Error: error_code = 30; This profile is private; id = 2975468
Error: error_code = 30; This profile is private; id = 292864868
Error: error_code = 30; This profile is private; id = 25249092
Error: error_code = 30; This profile is private; id = 253372385
Error: error_code = 15; Access denied: user deactivated; id = 628304171
Error: error_code = 15; Access denied: user deactivated; id = 208352752
Error: error_code = 15; Access denied: user deactivated; id = 339925073
Error: error_code = 30; This profile is private; id = 359238248
Error: error_code = 30; This profile is private; id = 551280553
Error: error_code = 30; This profile is private; id = 697766174
Error: error_code = 30; This profile is private; id = 20447736
Error: error_code = 30; This profile is private; id = 155337355
Error: error_code = 30; This profile is private; id = 128386502
Error: error_code = 30; This profile is private; id = 520729051
Error: error_code = 15; Access denied: user deactivated; id = 534713002
Error: error_code = 30; This profile is private; id = 44375785
Error: error_code = 30; This profile is private; id = 9214953
Error: error_code = 30; This profile is private; id = 648228879
Error: error_code = 30; This profile is private; id = 57013767
Error: error_code = 15; Access denied: user deactivated; id = 12986044
Error: error_code = 15; Access denied: user deactivated; id = 325056118
Error: error_code = 15; Access denied: user deactivated; id = 239731016
Error: error_code = 30; This profile is private; id = 32061947
Error: error_code = 30; This profile is private; id = 22147028
Error: error_code = 30; This profile is private; id = 412045671
Error: error_code = 15; Access denied: user deactivated; id = 640825280
Error: error_code = 30; This profile is private; id = 121168858
Error: error_code = 30; This profile is private; id = 370612896
Error: error_code = 30; This profile is private; id = 1929088
Error: error_code = 30; This profile is private; id = 605050836
Error: error_code = 30; This profile is private; id = 711319766
Error: error_code = 30; This profile is private; id = 15257635
Error: error_code = 30; This profile is private; id = 585487352
Error: error_code = 15; Access denied: user deactivated; id = 19207566
Error: error_code = 30; This profile is private; id = 244746389
Error: error_code = 30; This profile is private; id = 704974076
Error: error_code = 30; This profile is private; id = 523203309
Error: error_code = 15; Access denied: user deactivated; id = 403611136
Error: error_code = 30; This profile is private; id = 359860278
Error: error_code = 30; This profile is private; id = 666326041
Error: error_code = 30; This profile is private; id = 618870722
Error: error_code = 30; This profile is private; id = 57328353
Error: error_code = 30; This profile is private; id = 691044668
Error: error_code = 30; This profile is private; id = 1330234
Error: error_code = 30; This profile is private; id = 582650743
Error: error_code = 30; This profile is private; id = 560710246
Error: error_code = 15; Access denied: user deactivated; id = 172636562
Error: error_code = 15; Access denied: user deactivated; id = 70749685
Error: error_code = 30; This profile is private; id = 413899173
Error: error_code = 30; This profile is private; id = 698030111
Error: error_code = 15; Access denied: user deactivated; id = 285836078
Error: error_code = 30; This profile is private; id = 30537968
Error: error_code = 30; This profile is private; id = 153523223
Error: error_code = 15; Access denied: user deactivated; id = 131907898
Error: error_code = 30; This profile is private; id = 594264815
Error: error_code = 30; This profile is private; id = 369263750
Error: error_code = 30; This profile is private; id = 433605871
Error: error_code = 15; Access denied: user deactivated; id = 450126118
Error: error_code = 30; This profile is private; id = 161186976
Error: error_code = 30; This profile is private; id = 78508519
Error: error_code = 30; This profile is private; id = 630904087
Error: error_code = 30; This profile is private; id = 144421552
Error: error_code = 30; This profile is private; id = 176248450
Error: error_code = 30; This profile is private; id = 142940455
Error: error_code = 30; This profile is private; id = 558680590
Error: error_code = 30; This profile is private; id = 55040039
Error: error_code = 30; This profile is private; id = 715189928
Error: error_code = 30; This profile is private; id = 298831726
Error: error_code = 15; Access denied: user deactivated; id = 676580418
Error: error_code = 30; This profile is private; id = 554123906
Error: error_code = 30; This profile is private; id = 435935137
Error: error_code = 30; This profile is private; id = 318231103
Error: error_code = 30; This profile is private; id = 359041481
Error: error_code = 30; This profile is private; id = 599703945
Error: error_code = 30; This profile is private; id = 175559430
Error: error_code = 15; Access denied: user deactivated; id = 83505263
Error: error_code = 15; Access denied: user deactivated; id = 432060978
Error: error_code = 15; Access denied: user deactivated; id = 123784143
Error: error_code = 30; This profile is private; id = 117787
Error: error_code = 30; This profile is private; id = 629358923
Error: error_code = 15; Access denied: user deactivated; id = 292156597
Error: error_code = 30; This profile is private; id = 445194504
Error: error_code = 30; This profile is private; id = 282988355
Error: error_code = 15; Access denied: user deactivated; id = 175537337
Error: error_code = 30; This profile is private; id = 30633371
Error: error_code = 15; Access denied: user deactivated; id = 13159960
Error: error_code = 30; This profile is private; id = 212526320
Error: error_code = 30; This profile is private; id = 144304598
Error: error_code = 30; This profile is private; id = 163614230
Error: error_code = 30; This profile is private; id = 568186387
Error: error_code = 30; This profile is private; id = 18049158
Error: error_code = 15; Access denied: user deactivated; id = 426285923
Error: error_code = 30; This profile is private; id = 155987790
Error: error_code = 30; This profile is private; id = 714016577
Error: error_code = 15; Access denied: user deactivated; id = 374133808
Error: error_code = 15; Access denied: user deactivated; id = 209898465
Error: error_code = 30; This profile is private; id = 162833398
Error: error_code = 30; This profile is private; id = 455824703
Error: error_code = 30; This profile is private; id = 664741977
Error: error_code = 30; This profile is private; id = 509860661
Error: error_code = 30; This profile is private; id = 577319878
Error: error_code = 30; This profile is private; id = 158599185
Error: error_code = 30; This profile is private; id = 293433928
Error: error_code = 15; Access denied: user deactivated; id = 3245079
Error: error_code = 30; This profile is private; id = 479395603
Error: error_code = 30; This profile is private; id = 716932447
Error: error_code = 30; This profile is private; id = 206578660
Error: error_code = 30; This profile is private; id = 657399
Error: error_code = 15; Access denied: user deactivated; id = 138624271
Error: error_code = 15; Access denied: user deactivated; id = 392935660
Error: error_code = 30; This profile is private; id = 684171329
Error: error_code = 30; This profile is private; id = 565771219
Error: error_code = 30; This profile is private; id = 241653858
Error: error_code = 15; Access denied: user deactivated; id = 161859176
Error: error_code = 30; This profile is private; id = 431488535
Error: error_code = 15; Access denied: user deactivated; id = 377329944
Error: error_code = 30; This profile is private; id = 707832611
Error: error_code = 15; Access denied: user deactivated; id = 404802605
Error: error_code = 15; Access denied: user deactivated; id = 426673311
Error: error_code = 30; This profile is private; id = 355003870
Error: error_code = 30; This profile is private; id = 196863641
Error: error_code = 30; This profile is private; id = 12567966
Error: error_code = 15; Access denied: user deactivated; id = 523625342
Error: error_code = 30; This profile is private; id = 698149482
Error: error_code = 30; This profile is private; id = 590652071
Error: error_code = 15; Access denied: user deactivated; id = 67483943
Error: error_code = 30; This profile is private; id = 474964391
Error: error_code = 30; This profile is private; id = 18947443
Error: error_code = 30; This profile is private; id = 319516683
Error: error_code = 15; Access denied: user deactivated; id = 310714874
Error: error_code = 15; Access denied: user deactivated; id = 253866812
Error: error_code = 30; This profile is private; id = 89379612
Error: error_code = 15; Access denied: user deactivated; id = 439313444
Error: error_code = 15; Access denied: user deactivated; id = 59165541
Error: error_code = 15; Access denied: user deactivated; id = 162350063
Error: error_code = 30; This profile is private; id = 683432507
Error: error_code = 30; This profile is private; id = 422461539
Error: error_code = 15; Access denied: user deactivated; id = 495100265
Error: error_code = 30; This profile is private; id = 209442669
Error: error_code = 30; This profile is private; id = 45300326
Error: error_code = 30; This profile is private; id = 165322935
Error: error_code = 30; This profile is private; id = 138193249
Error: error_code = 15; Access denied: user deactivated; id = 703120166
Error: error_code = 30; This profile is private; id = 356511121
Error: error_code = 30; This profile is private; id = 268663085
Error: error_code = 30; This profile is private; id = 417541484
Error: error_code = 30; This profile is private; id = 120005971
Error: error_code = 30; This profile is private; id = 23834649
Error: error_code = 30; This profile is private; id = 618419343
Error: error_code = 30; This profile is private; id = 603006599
Error: error_code = 30; This profile is private; id = 696803296
Error: error_code = 15; Access denied: user deactivated; id = 543770161
Error: error_code = 30; This profile is private; id = 569384230
Error: error_code = 30; This profile is private; id = 104526575
Error: error_code = 15; Access denied: user deactivated; id = 698243638
Error: error_code = 30; This profile is private; id = 402961359
Error: error_code = 30; This profile is private; id = 137834239
Error: error_code = 30; This profile is private; id = 241024416
Error: error_code = 15; Access denied: user deactivated; id = 15297898
Error: error_code = 30; This profile is private; id = 562359125
Error: error_code = 15; Access denied: user deactivated; id = 136052538
Error: error_code = 15; Access denied: user deactivated; id = 713075264
Error: error_code = 30; This profile is private; id = 541769690
Error: error_code = 30; This profile is private; id = 679479949
Error: error_code = 15; Access denied: user deactivated; id = 124634558
Error: error_code = 30; This profile is private; id = 669702440
Error: error_code = 15; Access denied: user deactivated; id = 538203768
Error: error_code = 30; This profile is private; id = 146976350
Error: error_code = 30; This profile is private; id = 16181711
Error: error_code = 15; Access denied: user deactivated; id = 37699267
Error: error_code = 15; Access denied: user deactivated; id = 424722088
Error: error_code = 30; This profile is private; id = 233636140
Error: error_code = 15; Access denied: user deactivated; id = 290619522
Error: error_code = 15; Access denied: user deactivated; id = 377746198
Error: error_code = 30; This profile is private; id = 42154256
Error: error_code = 30; This profile is private; id = 15973777
Error: error_code = 30; This profile is private; id = 627684209
Error: error_code = 30; This profile is private; id = 251481823
Error: error_code = 30; This profile is private; id = 97701335
Error: error_code = 30; This profile is private; id = 170626080
Error: error_code = 30; This profile is private; id = 91094350
Error: error_code = 30; This profile is private; id = 613128010
Error: error_code = 15; Access denied: user deactivated; id = 49758878
Error: error_code = 30; This profile is private; id = 473477537
Error: error_code = 30; This profile is private; id = 28454379
Error: error_code = 15; Access denied: user deactivated; id = 591944987
Error: error_code = 30; This profile is private; id = 331750360
Error: error_code = 30; This profile is private; id = 473802155
Error: error_code = 30; This profile is private; id = 13628411
Error: error_code = 15; Access denied: user deactivated; id = 204040062
Error: error_code = 30; This profile is private; id = 67385038
Error: error_code = 30; This profile is private; id = 533337035
Error: error_code = 30; This profile is private; id = 558427634
Error: error_code = 30; This profile is private; id = 189472716
Error: error_code = 30; This profile is private; id = 511059517
Error: error_code = 15; Access denied: user deactivated; id = 516145537
Error: error_code = 30; This profile is private; id = 299634591
Error: error_code = 30; This profile is private; id = 105532549
Error: error_code = 30; This profile is private; id = 140653928
Error: error_code = 15; Access denied: user deactivated; id = 261200737
Error: error_code = 30; This profile is private; id = 673547737
Error: error_code = 30; This profile is private; id = 9161763
Error: error_code = 30; This profile is private; id = 169596454
Error: error_code = 30; This profile is private; id = 299395344
Error: error_code = 30; This profile is private; id = 622819998
Error: error_code = 30; This profile is private; id = 320596339
Error: error_code = 15; Access denied: user deactivated; id = 402577074
Error: error_code = 30; This profile is private; id = 638232514
Error: error_code = 15; Access denied: user deactivated; id = 312236164
Error: error_code = 30; This profile is private; id = 253410435
Error: error_code = 15; Access denied: user deactivated; id = 228214534
Error: error_code = 15; Access denied: user deactivated; id = 534683249
Error: error_code = 15; Access denied: user deactivated; id = 244954119
Error: error_code = 15; Access denied: user deactivated; id = 431491273
Error: error_code = 15; Access denied: user deactivated; id = 431383886
Error: error_code = 30; This profile is private; id = 39805282
Error: error_code = 30; This profile is private; id = 184263099
Error: error_code = 30; This profile is private; id = 280987293
Error: error_code = 30; This profile is private; id = 351900945
Error: error_code = 15; Access denied: user deactivated; id = 119265811
Error: error_code = 30; This profile is private; id = 22552945
Error: error_code = 30; This profile is private; id = 687293046
Error: error_code = 15; Access denied: user deactivated; id = 57232570
Error: error_code = 15; Access denied: user deactivated; id = 228474369
Error: error_code = 30; This profile is private; id = 63175107
Error: error_code = 30; This profile is private; id = 60033746
Error: error_code = 15; Access denied: user deactivated; id = 416769487
Error: error_code = 30; This profile is private; id = 279919577
Error: error_code = 15; Access denied: user deactivated; id = 53043819
Error: error_code = 30; This profile is private; id = 398603963
Error: error_code = 30; This profile is private; id = 443837227
Error: error_code = 15; Access denied: user deactivated; id = 202597130
Error: error_code = 15; Access denied: user deactivated; id = 417148818
Error: error_code = 15; Access denied: user deactivated; id = 362266351
Error: error_code = 15; Access denied: user deactivated; id = 453123257
Error: error_code = 15; Access denied: user deactivated; id = 445602095
Error: error_code = 30; This profile is private; id = 169720084
Error: error_code = 30; This profile is private; id = 95330338
Error: error_code = 15; Access denied: user deactivated; id = 622604921
Error: error_code = 30; This profile is private; id = 519646631
Error: error_code = 30; This profile is private; id = 396530587
Error: error_code = 30; This profile is private; id = 378833410
Error: error_code = 30; This profile is private; id = 223353473
Error: error_code = 15; Access denied: user deactivated; id = 4750361
Error: error_code = 15; Access denied: user deactivated; id = 3679779
Error: error_code = 30; This profile is private; id = 500778515
Error: error_code = 30; This profile is private; id = 607923892
Error: error_code = 30; This profile is private; id = 444927230
Error: error_code = 15; Access denied: user deactivated; id = 96423271
Error: error_code = 15; Access denied: user deactivated; id = 182338154
Error: error_code = 30; This profile is private; id = 670296700
Error: error_code = 30; This profile is private; id = 132805757
Error: error_code = 15; Access denied: user deactivated; id = 163073
Error: error_code = 30; This profile is private; id = 649133246
Error: error_code = 15; Access denied: user deactivated; id = 79460471
Error: error_code = 30; This profile is private; id = 212073209
Error: error_code = 30; This profile is private; id = 163702961
Error: error_code = 15; Access denied: user deactivated; id = 493349271
Error: error_code = 15; Access denied: user deactivated; id = 152945308
Error: error_code = 30; This profile is private; id = 39780598
Error: error_code = 30; This profile is private; id = 532052592
Error: error_code = 15; Access denied: user deactivated; id = 3033273
Error: error_code = 30; This profile is private; id = 711054917
Error: error_code = 30; This profile is private; id = 554298471
Error: error_code = 15; Access denied: user deactivated; id = 617372660
Error: error_code = 30; This profile is private; id = 339551
Error: error_code = 30; This profile is private; id = 469268634
Error: error_code = 30; This profile is private; id = 61329321
Error: error_code = 15; Access denied: user deactivated; id = 420209681
Error: error_code = 15; Access denied: user deactivated; id = 228594835
Error: error_code = 15; Access denied: user deactivated; id = 441087742
Error: error_code = 30; This profile is private; id = 653995848
Error: error_code = 30; This profile is private; id = 500922992
Error: error_code = 30; This profile is private; id = 213191879
Error: error_code = 30; This profile is private; id = 452765310
Error: error_code = 30; This profile is private; id = 319646772
Error: error_code = 15; Access denied: user deactivated; id = 421269527
Error: error_code = 15; Access denied: user deactivated; id = 108805579
Error: error_code = 30; This profile is private; id = 18488372
Error: error_code = 30; This profile is private; id = 91099325
Error: error_code = 30; This profile is private; id = 303000283
Error: error_code = 15; Access denied: user deactivated; id = 516818292
Error: error_code = 15; Access denied: user deactivated; id = 188933386
Error: error_code = 15; Access denied: user deactivated; id = 533843053
Error: error_code = 30; This profile is private; id = 5540523
Error: error_code = 30; This profile is private; id = 27029279
Error: error_code = 30; This profile is private; id = 170047830
Error: error_code = 15; Access denied: user deactivated; id = 153007670
Error: error_code = 30; This profile is private; id = 266169913
Error: error_code = 30; This profile is private; id = 236425817
Error: error_code = 30; This profile is private; id = 211538940
Error: error_code = 30; This profile is private; id = 555203341
Error: error_code = 15; Access denied: user deactivated; id = 480885684
Error: error_code = 30; This profile is private; id = 408932564
Error: error_code = 15; Access denied: user deactivated; id = 33555828
Error: error_code = 15; Access denied: user deactivated; id = 587117321
Error: error_code = 30; This profile is private; id = 694390664
Error: error_code = 30; This profile is private; id = 280006929
Error: error_code = 30; This profile is private; id = 566987663
Error: error_code = 15; Access denied: user deactivated; id = 708855442
Error: error_code = 30; This profile is private; id = 676457113
Error: error_code = 15; Access denied: user deactivated; id = 546538140
Error: error_code = 30; This profile is private; id = 637403466
Error: error_code = 15; Access denied: user deactivated; id = 561798634
Error: error_code = 15; Access denied: user deactivated; id = 289816468
Error: error_code = 30; This profile is private; id = 14063785
Error: error_code = 15; Access denied: user deactivated; id = 540015655
Error: error_code = 15; Access denied: user deactivated; id = 701323046
Error: error_code = 30; This profile is private; id = 501898907
Error: error_code = 15; Access denied: user deactivated; id = 193651211
Error: error_code = 30; This profile is private; id = 505135055
Error: error_code = 30; This profile is private; id = 523548176
Error: error_code = 15; Access denied: user deactivated; id = 204557353
Error: error_code = 30; This profile is private; id = 602677405
Error: error_code = 30; This profile is private; id = 258583300
Error: error_code = 30; This profile is private; id = 12903135
Error: error_code = 30; This profile is private; id = 507447160
Error: error_code = 15; Access denied: user deactivated; id = 529682894
Error: error_code = 30; This profile is private; id = 699185630
Error: error_code = 30; This profile is private; id = 75836206
Error: error_code = 30; This profile is private; id = 472115541
Error: error_code = 30; This profile is private; id = 199800048
Error: error_code = 30; This profile is private; id = 282661201
Error: error_code = 30; This profile is private; id = 284416380
Error: error_code = 30; This profile is private; id = 290154287
Error: error_code = 30; This profile is private; id = 538332357
Error: error_code = 30; This profile is private; id = 372234627
Error: error_code = 30; This profile is private; id = 28517161
Error: error_code = 30; This profile is private; id = 239856585
Error: error_code = 15; Access denied: user deactivated; id = 163761550
Error: error_code = 15; Access denied: user deactivated; id = 434115335
Error: error_code = 30; This profile is private; id = 638442990
Error: error_code = 30; This profile is private; id = 516684618
Error: error_code = 30; This profile is private; id = 11067257
Error: error_code = 30; This profile is private; id = 648658792
Error: error_code = 30; This profile is private; id = 345503715
Error: error_code = 15; Access denied: user deactivated; id = 406790308
Error: error_code = 30; This profile is private; id = 184430523
Error: error_code = 15; Access denied: user deactivated; id = 397185782
Error: error_code = 30; This profile is private; id = 327491478
Error: error_code = 30; This profile is private; id = 220379715
Error: error_code = 15; Access denied: user deactivated; id = 303870205
Error: error_code = 30; This profile is private; id = 177772793
Error: error_code = 30; This profile is private; id = 55008904
Error: error_code = 30; This profile is private; id = 96929995
Error: error_code = 30; This profile is private; id = 547259308
Error: error_code = 30; This profile is private; id = 692465577
Error: error_code = 15; Access denied: user deactivated; id = 163892900
Error: error_code = 15; Access denied: user deactivated; id = 231456392
Error: error_code = 30; This profile is private; id = 606688031
Error: error_code = 15; Access denied: user deactivated; id = 176928613
Error: error_code = 15; Access denied: user deactivated; id = 459084390
Error: error_code = 15; Access denied: user deactivated; id = 321890785
Error: error_code = 30; This profile is private; id = 231171680
Error: error_code = 30; This profile is private; id = 630931980
Error: error_code = 30; This profile is private; id = 707810512
Error: error_code = 15; Access denied: user deactivated; id = 529458389
Error: error_code = 30; This profile is private; id = 96695081
Error: error_code = 15; Access denied: user deactivated; id = 203224234
Error: error_code = 30; This profile is private; id = 440517345
Error: error_code = 30; This profile is private; id = 699420335
Error: error_code = 30; This profile is private; id = 18324439
Error: error_code = 30; This profile is private; id = 516953251
Error: error_code = 30; This profile is private; id = 251655523
Error: error_code = 30; This profile is private; id = 238748130
Error: error_code = 30; This profile is private; id = 188940777
Error: error_code = 30; This profile is private; id = 48040780
Error: error_code = 30; This profile is private; id = 198053936
Error: error_code = 30; This profile is private; id = 216933758
Error: error_code = 30; This profile is private; id = 561628993
Error: error_code = 30; This profile is private; id = 712910309
Error: error_code = 30; This profile is private; id = 299330063
Error: error_code = 30; This profile is private; id = 405138415
Error: error_code = 30; This profile is private; id = 236754441
Error: error_code = 15; Access denied: user deactivated; id = 246944183
Error: error_code = 15; Access denied: user deactivated; id = 715182466
Error: error_code = 15; Access denied: user deactivated; id = 183784
Error: error_code = 30; This profile is private; id = 161928719
Error: error_code = 15; Access denied: user deactivated; id = 1404598
Error: error_code = 30; This profile is private; id = 714323468
Error: error_code = 30; This profile is private; id = 443419583
Error: error_code = 15; Access denied: user deactivated; id = 34028070
Error: error_code = 30; This profile is private; id = 323926987
Error: error_code = 30; This profile is private; id = 370879300
Error: error_code = 15; Access denied: user deactivated; id = 266309402
Error: error_code = 15; Access denied: user deactivated; id = 144193068
Error: error_code = 15; Access denied: user deactivated; id = 343673163
Error: error_code = 30; This profile is private; id = 271697638
Error: error_code = 15; Access denied: user deactivated; id = 326542839
Error: error_code = 30; This profile is private; id = 70141655
Error: error_code = 15; Access denied: user deactivated; id = 177225137
Error: error_code = 15; Access denied: user deactivated; id = 267627774
Error: error_code = 15; Access denied: user deactivated; id = 398662275
Error: error_code = 15; Access denied: user deactivated; id = 202064908
Error: error_code = 30; This profile is private; id = 3621554
Error: error_code = 15; Access denied: user deactivated; id = 355078000
Error: error_code = 15; Access denied: user deactivated; id = 341793641
Error: error_code = 30; This profile is private; id = 451737196
Error: error_code = 15; Access denied: user deactivated; id = 46921593
Error: error_code = 30; This profile is private; id = 654387157
Error: error_code = 30; This profile is private; id = 516503228
Error: error_code = 15; Access denied: user deactivated; id = 23690972
Error: error_code = 30; This profile is private; id = 588337770
Error: error_code = 30; This profile is private; id = 381158928
Error: error_code = 30; This profile is private; id = 6407038
Error: error_code = 15; Access denied: user deactivated; id = 439830057
Error: error_code = 30; This profile is private; id = 357359724
Error: error_code = 30; This profile is private; id = 515777869
Error: error_code = 30; This profile is private; id = 31319202
Error: error_code = 30; This profile is private; id = 6569627
Error: error_code = 15; Access denied: user deactivated; id = 352011817
Error: error_code = 15; Access denied: user deactivated; id = 216638258
Error: error_code = 15; Access denied: user deactivated; id = 433029153
Error: error_code = 30; This profile is private; id = 12499687
Error: error_code = 30; This profile is private; id = 695368933
Error: error_code = 30; This profile is private; id = 370717695
Error: error_code = 15; Access denied: user deactivated; id = 386229955
Error: error_code = 15; Access denied: user deactivated; id = 454477815
Error: error_code = 30; This profile is private; id = 551738657
Error: error_code = 15; Access denied: user deactivated; id = 684423878
Error: error_code = 30; This profile is private; id = 484754098
Error: error_code = 15; Access denied: user deactivated; id = 369470523
Error: error_code = 15; Access denied: user deactivated; id = 324540572
Error: error_code = 30; This profile is private; id = 13885524
Error: error_code = 30; This profile is private; id = 153386056
Error: error_code = 15; Access denied: user deactivated; id = 203174113
Error: error_code = 15; Access denied: user deactivated; id = 207677207
Error: error_code = 15; Access denied: user deactivated; id = 536612876
Error: error_code = 30; This profile is private; id = 341674104
Error: error_code = 30; This profile is private; id = 655354576
Error: error_code = 30; This profile is private; id = 708979696
Error: error_code = 30; This profile is private; id = 507458127
Error: error_code = 15; Access denied: user deactivated; id = 364425613
Error: error_code = 30; This profile is private; id = 645817459
Error: error_code = 30; This profile is private; id = 27280239
Error: error_code = 30; This profile is private; id = 664923344
Error: error_code = 30; This profile is private; id = 248116687
Error: error_code = 15; Access denied: user deactivated; id = 520158612
Error: error_code = 15; Access denied: user deactivated; id = 11987448
Error: error_code = 30; This profile is private; id = 132112161
Error: error_code = 30; This profile is private; id = 33764195
Error: error_code = 15; Access denied: user deactivated; id = 234847208
Error: error_code = 30; This profile is private; id = 673689212
Error: error_code = 15; Access denied: user deactivated; id = 383042765
Error: error_code = 30; This profile is private; id = 307547937
Error: error_code = 30; This profile is private; id = 424443224
Error: error_code = 15; Access denied: user deactivated; id = 136910775
Error: error_code = 30; This profile is private; id = 580138958
Error: error_code = 15; Access denied: user deactivated; id = 274177193
Error: error_code = 30; This profile is private; id = 678674971
Error: error_code = 15; Access denied: user deactivated; id = 66928053
Error: error_code = 30; This profile is private; id = 344991776
Error: error_code = 15; Access denied: user deactivated; id = 214139887
Error: error_code = 30; This profile is private; id = 6384553
Error: error_code = 15; Access denied: user deactivated; id = 227643832
Error: error_code = 30; This profile is private; id = 540527999
Error: error_code = 15; Access denied: user deactivated; id = 356114626
Error: error_code = 30; This profile is private; id = 403817780
Error: error_code = 30; This profile is private; id = 88423022
Error: error_code = 30; This profile is private; id = 252298664
Error: error_code = 30; This profile is private; id = 144596893
Error: error_code = 30; This profile is private; id = 144871482
Error: error_code = 30; This profile is private; id = 595482823
Error: error_code = 30; This profile is private; id = 147169910
Error: error_code = 30; This profile is private; id = 201226307
Error: error_code = 15; Access denied: user deactivated; id = 705280451
Error: error_code = 30; This profile is private; id = 533397002
Error: error_code = 30; This profile is private; id = 497777077
Error: error_code = 30; This profile is private; id = 319162468
Error: error_code = 30; This profile is private; id = 463869332
Error: error_code = 30; This profile is private; id = 423792351
Error: error_code = 15; Access denied: user deactivated; id = 476307833
Error: error_code = 15; Access denied: user deactivated; id = 183857070
Error: error_code = 30; This profile is private; id = 213127825
Error: error_code = 15; Access denied: user deactivated; id = 224525979
Error: error_code = 30; This profile is private; id = 4523968
Error: error_code = 30; This profile is private; id = 162695895
Error: error_code = 15; Access denied: user deactivated; id = 20414277
Error: error_code = 30; This profile is private; id = 393594488
Error: error_code = 30; This profile is private; id = 442525994
Error: error_code = 30; This profile is private; id = 339225018
Error: error_code = 15; Access denied: user deactivated; id = 265978016
Error: error_code = 15; Access denied: user deactivated; id = 370323762
Error: error_code = 15; Access denied: user deactivated; id = 235023369
Error: error_code = 30; This profile is private; id = 566354690
Error: error_code = 30; This profile is private; id = 609823734
Error: error_code = 30; This profile is private; id = 585582327
Error: error_code = 15; Access denied: user deactivated; id = 55498838
Error: error_code = 30; This profile is private; id = 145779712
Error: error_code = 15; Access denied: user deactivated; id = 428062005
Error: error_code = 30; This profile is private; id = 287401026
Error: error_code = 30; This profile is private; id = 165947641
Error: error_code = 30; This profile is private; id = 495685065
Error: error_code = 30; This profile is private; id = 242268875
Error: error_code = 30; This profile is private; id = 704478031
Error: error_code = 30; This profile is private; id = 90010880
Error: error_code = 30; This profile is private; id = 571451495
Error: error_code = 30; This profile is private; id = 606114607
Error: error_code = 30; This profile is private; id = 65489835
Error: error_code = 30; This profile is private; id = 376653489
Error: error_code = 30; This profile is private; id = 160739488
Error: error_code = 30; This profile is private; id = 22569547
Error: error_code = 30; This profile is private; id = 185609605
Error: error_code = 30; This profile is private; id = 516137845
Error: error_code = 30; This profile is private; id = 578189495
Error: error_code = 15; Access denied: user deactivated; id = 224040730
Error: error_code = 30; This profile is private; id = 122806903
Error: error_code = 30; This profile is private; id = 153630292
Error: error_code = 30; This profile is private; id = 660058496
Error: error_code = 30; This profile is private; id = 290321894
Error: error_code = 30; This profile is private; id = 135502309
Error: error_code = 30; This profile is private; id = 429433302
Error: error_code = 15; Access denied: user deactivated; id = 194699364
Error: error_code = 15; Access denied: user deactivated; id = 14114475
Error: error_code = 30; This profile is private; id = 481135939
Error: error_code = 15; Access denied: user deactivated; id = 187715015
Error: error_code = 30; This profile is private; id = 6210749
Error: error_code = 30; This profile is private; id = 90078071
Error: error_code = 30; This profile is private; id = 304548812
Error: error_code = 30; This profile is private; id = 62542905
Error: error_code = 30; This profile is private; id = 156837673
Error: error_code = 30; This profile is private; id = 553070675
Error: error_code = 30; This profile is private; id = 678439464
Error: error_code = 30; This profile is private; id = 3383070
Error: error_code = 30; This profile is private; id = 532897202
Error: error_code = 30; This profile is private; id = 154309354
Error: error_code = 30; This profile is private; id = 680355076
Error: error_code = 30; This profile is private; id = 233321495
Error: error_code = 30; This profile is private; id = 549457034
Error: error_code = 30; This profile is private; id = 243599092
Error: error_code = 30; This profile is private; id = 147874466
Error: error_code = 30; This profile is private; id = 491280335
Error: error_code = 15; Access denied: user deactivated; id = 438580425
Error: error_code = 30; This profile is private; id = 445346584
Error: error_code = 15; Access denied: user deactivated; id = 33131482
Error: error_code = 15; Access denied: user deactivated; id = 346461119
Error: error_code = 15; Access denied: user deactivated; id = 151495521
Error: error_code = 30; This profile is private; id = 121448744
Error: error_code = 30; This profile is private; id = 279006584
Error: error_code = 30; This profile is private; id = 222739195
Error: error_code = 30; This profile is private; id = 620134751
Error: error_code = 30; This profile is private; id = 517862671
Error: error_code = 15; Access denied: user deactivated; id = 31137471
Error: error_code = 30; This profile is private; id = 356530309
Error: error_code = 30; This profile is private; id = 591752927
Error: error_code = 30; This profile is private; id = 683534409
Error: error_code = 30; This profile is private; id = 220479364
Error: error_code = 30; This profile is private; id = 14936760
Error: error_code = 30; This profile is private; id = 16422798
Error: error_code = 15; Access denied: user deactivated; id = 541806569
Error: error_code = 15; Access denied: user deactivated; id = 12803101
Error: error_code = 30; This profile is private; id = 1743173
Error: error_code = 15; Access denied: user deactivated; id = 404070150
Error: error_code = 30; This profile is private; id = 145361817
Error: error_code = 30; This profile is private; id = 212158973
Error: error_code = 15; Access denied: user deactivated; id = 175498221
Error: error_code = 30; This profile is private; id = 254964759
Error: error_code = 30; This profile is private; id = 428471903
Error: error_code = 30; This profile is private; id = 208056001
Error: error_code = 30; This profile is private; id = 428415436
Error: error_code = 15; Access denied: user deactivated; id = 539780732
Error: error_code = 30; This profile is private; id = 241683243
Error: error_code = 30; This profile is private; id = 132569589
Error: error_code = 15; Access denied: user deactivated; id = 535940202
Error: error_code = 15; Access denied: user deactivated; id = 701318473
Error: error_code = 30; This profile is private; id = 260257427
Error: error_code = 30; This profile is private; id = 13036028
Error: error_code = 30; This profile is private; id = 157233094
Error: error_code = 30; This profile is private; id = 16353553
Error: error_code = 30; This profile is private; id = 214459702
Error: error_code = 30; This profile is private; id = 588217746
Error: error_code = 30; This profile is private; id = 418552659
Error: error_code = 15; Access denied: user deactivated; id = 231151661
Error: error_code = 30; This profile is private; id = 710215400
Error: error_code = 30; This profile is private; id = 163168329
Error: error_code = 15; Access denied: user deactivated; id = 236832348
Error: error_code = 30; This profile is private; id = 84837232
Error: error_code = 15; Access denied: user deactivated; id = 401490491
Error: error_code = 30; This profile is private; id = 25875248
Error: error_code = 30; This profile is private; id = 702377219
Error: error_code = 15; Access denied: user deactivated; id = 251672580
Error: error_code = 30; This profile is private; id = 72287456
Error: error_code = 30; This profile is private; id = 6127564
Error: error_code = 30; This profile is private; id = 335933816
Error: error_code = 30; This profile is private; id = 637204423
Error: error_code = 30; This profile is private; id = 144375253
Error: error_code = 15; Access denied: user deactivated; id = 203425078
Error: error_code = 15; Access denied: user deactivated; id = 218188479
Error: error_code = 30; This profile is private; id = 203812171
Error: error_code = 30; This profile is private; id = 207854827
Error: error_code = 15; Access denied: user deactivated; id = 460971744
Error: error_code = 30; This profile is private; id = 45908577
Error: error_code = 30; This profile is private; id = 470577730
Error: error_code = 15; Access denied: user deactivated; id = 166346185
Error: error_code = 30; This profile is private; id = 595355189
Error: error_code = 15; Access denied: user deactivated; id = 294417616
Error: error_code = 30; This profile is private; id = 127119774
Error: error_code = 30; This profile is private; id = 180554695
Error: error_code = 15; Access denied: user deactivated; id = 120480378
Error: error_code = 30; This profile is private; id = 644095925
Error: error_code = 30; This profile is private; id = 414671002
Error: error_code = 15; Access denied: user deactivated; id = 218272539
Error: error_code = 15; Access denied: user deactivated; id = 421979007
Error: error_code = 30; This profile is private; id = 590471955
Error: error_code = 30; This profile is private; id = 241853218
Error: error_code = 30; This profile is private; id = 26133642
Error: error_code = 30; This profile is private; id = 189707289
Error: error_code = 30; This profile is private; id = 381907695
Error: error_code = 30; This profile is private; id = 587353483
Error: error_code = 30; This profile is private; id = 449356261
Error: error_code = 15; Access denied: user deactivated; id = 30598326
Error: error_code = 15; Access denied: user deactivated; id = 234706017
Error: error_code = 15; Access denied: user deactivated; id = 430851741
Error: error_code = 30; This profile is private; id = 134002774
Error: error_code = 15; Access denied: user deactivated; id = 710123428
Error: error_code = 30; This profile is private; id = 593625409
Error: error_code = 15; Access denied: user deactivated; id = 539703124
Error: error_code = 30; This profile is private; id = 56889874
Error: error_code = 30; This profile is private; id = 614232673
Error: error_code = 15; Access denied: user deactivated; id = 662044503
Error: error_code = 30; This profile is private; id = 534389831
Error: error_code = 30; This profile is private; id = 174593578
Error: error_code = 30; This profile is private; id = 643997003
Error: error_code = 30; This profile is private; id = 91014860
Error: error_code = 30; This profile is private; id = 611182657
Error: error_code = 30; This profile is private; id = 54443008
Error: error_code = 30; This profile is private; id = 161564768
Error: error_code = 30; This profile is private; id = 477416253
Error: error_code = 15; Access denied: user deactivated; id = 300517860
Error: error_code = 15; Access denied: user deactivated; id = 237918248
Error: error_code = 30; This profile is private; id = 159173314
Error: error_code = 30; This profile is private; id = 558941973
Error: error_code = 15; Access denied: user deactivated; id = 713071480
Error: error_code = 15; Access denied: user deactivated; id = 462836653
Error: error_code = 15; Access denied: user deactivated; id = 83456775
Error: error_code = 30; This profile is private; id = 335435927
Error: error_code = 30; This profile is private; id = 125661806
Error: error_code = 15; Access denied: user deactivated; id = 233980639
Error: error_code = 30; This profile is private; id = 291549361
Error: error_code = 30; This profile is private; id = 482362240
Error: error_code = 30; This profile is private; id = 171971407
Error: error_code = 30; This profile is private; id = 391951361
Error: error_code = 30; This profile is private; id = 577901413
Error: error_code = 15; Access denied: user deactivated; id = 543834788
Error: error_code = 30; This profile is private; id = 701043415
Error: error_code = 30; This profile is private; id = 253938384
Error: error_code = 30; This profile is private; id = 3196298
Error: error_code = 30; This profile is private; id = 547226996
Error: error_code = 15; Access denied: user deactivated; id = 327897511
Error: error_code = 30; This profile is private; id = 612987297
Error: error_code = 30; This profile is private; id = 588457875
Error: error_code = 30; This profile is private; id = 636978271
Error: error_code = 15; Access denied: user deactivated; id = 361092447
Error: error_code = 15; Access denied: user deactivated; id = 380816574
Error: error_code = 30; This profile is private; id = 143991480
Error: error_code = 15; Access denied: user deactivated; id = 76882879
Error: error_code = 30; This profile is private; id = 199099032
Error: error_code = 30; This profile is private; id = 385101760
Error: error_code = 30; This profile is private; id = 386558959
Error: error_code = 15; Access denied: user deactivated; id = 9145909
Error: error_code = 30; This profile is private; id = 57306732
Error: error_code = 15; Access denied: user deactivated; id = 237802672
Error: error_code = 30; This profile is private; id = 317552572
Error: error_code = 15; Access denied: user deactivated; id = 461464995
Error: error_code = 30; This profile is private; id = 451896864
Error: error_code = 30; This profile is private; id = 340726878
Error: error_code = 15; Access denied: user deactivated; id = 582482068
Error: error_code = 30; This profile is private; id = 513358000
Error: error_code = 30; This profile is private; id = 25171342
Error: error_code = 30; This profile is private; id = 287413531
Error: error_code = 15; Access denied: user deactivated; id = 566423194
Error: error_code = 15; Access denied: user deactivated; id = 181192894
Error: error_code = 30; This profile is private; id = 19618174
Error: error_code = 15; Access denied: user deactivated; id = 1726921
Error: error_code = 30; This profile is private; id = 284999061
Error: error_code = 30; This profile is private; id = 286622635
Error: error_code = 30; This profile is private; id = 249451999
Error: error_code = 15; Access denied: user deactivated; id = 389360687
Error: error_code = 15; Access denied: user deactivated; id = 401387955
Error: error_code = 30; This profile is private; id = 658633501
Error: error_code = 30; This profile is private; id = 444465989
Error: error_code = 15; Access denied: user deactivated; id = 416698728
Error: error_code = 30; This profile is private; id = 18296299
Error: error_code = 15; Access denied: user deactivated; id = 402121613
Error: error_code = 15; Access denied: user deactivated; id = 205563410
Error: error_code = 30; This profile is private; id = 192845234
Error: error_code = 30; This profile is private; id = 19833534
Error: error_code = 30; This profile is private; id = 711893461
Error: error_code = 30; This profile is private; id = 175374175
Error: error_code = 30; This profile is private; id = 568763937
Error: error_code = 15; Access denied: user deactivated; id = 439585371
Error: error_code = 30; This profile is private; id = 679897161
Error: error_code = 30; This profile is private; id = 50939383
Error: error_code = 15; Access denied: user deactivated; id = 519657678
Error: error_code = 30; This profile is private; id = 312185452
Error: error_code = 30; This profile is private; id = 440323954
Error: error_code = 30; This profile is private; id = 644299051
Error: error_code = 30; This profile is private; id = 341080502
Error: error_code = 15; Access denied: user deactivated; id = 326411537
Error: error_code = 30; This profile is private; id = 524571006
Error: error_code = 15; Access denied: user deactivated; id = 17324403
Error: error_code = 30; This profile is private; id = 35101313
Error: error_code = 15; Access denied: user deactivated; id = 542991280
Error: error_code = 30; This profile is private; id = 178463881
Error: error_code = 30; This profile is private; id = 257539785
Error: error_code = 30; This profile is private; id = 571222900
Error: error_code = 30; This profile is private; id = 61798057
Error: error_code = 30; This profile is private; id = 34639243
Error: error_code = 15; Access denied: user deactivated; id = 706220261
Error: error_code = 15; Access denied: user deactivated; id = 671675385
Error: error_code = 30; This profile is private; id = 568016432
Error: error_code = 30; This profile is private; id = 48212189
Error: error_code = 30; This profile is private; id = 6217105
Error: error_code = 30; This profile is private; id = 322202985
Error: error_code = 15; Access denied: user deactivated; id = 188744570
Error: error_code = 15; Access denied: user deactivated; id = 441640441
Error: error_code = 30; This profile is private; id = 496766566
Error: error_code = 15; Access denied: user deactivated; id = 181552446
Error: error_code = 30; This profile is private; id = 543759220
Error: error_code = 30; This profile is private; id = 254879895
Error: error_code = 15; Access denied: user deactivated; id = 403734347
Error: error_code = 30; This profile is private; id = 473115315
Error: error_code = 30; This profile is private; id = 695762787
Error: error_code = 30; This profile is private; id = 559417076
Error: error_code = 15; Access denied: user deactivated; id = 1285521
Error: error_code = 30; This profile is private; id = 673769461
Error: error_code = 15; Access denied: user deactivated; id = 495510361
Error: error_code = 15; Access denied: user deactivated; id = 386213134
Error: error_code = 30; This profile is private; id = 558049694
Error: error_code = 30; This profile is private; id = 490159156
Error: error_code = 15; Access denied: user deactivated; id = 19196884
Error: error_code = 30; This profile is private; id = 625141143
Error: error_code = 30; This profile is private; id = 553490544
Error: error_code = 15; Access denied: user deactivated; id = 195195912
Error: error_code = 30; This profile is private; id = 633445274
Error: error_code = 30; This profile is private; id = 641641107
Error: error_code = 30; This profile is private; id = 523806984
Error: error_code = 15; Access denied: user deactivated; id = 458917087
Error: error_code = 30; This profile is private; id = 7995229
Error: error_code = 15; Access denied: user deactivated; id = 405796232
Error: error_code = 30; This profile is private; id = 134795504
Error: error_code = 30; This profile is private; id = 487785791
Error: error_code = 30; This profile is private; id = 713370840
Error: error_code = 15; Access denied: user deactivated; id = 571222537
Error: error_code = 30; This profile is private; id = 563228293
Error: error_code = 30; This profile is private; id = 92447705
Error: error_code = 30; This profile is private; id = 176581269
Error: error_code = 30; This profile is private; id = 677742109
Error: error_code = 15; Access denied: user deactivated; id = 232155908
Error: error_code = 30; This profile is private; id = 184721004
Error: error_code = 30; This profile is private; id = 494919796
Error: error_code = 30; This profile is private; id = 696468323
Error: error_code = 30; This profile is private; id = 507421405
Error: error_code = 30; This profile is private; id = 227893470
Error: error_code = 30; This profile is private; id = 679555758
Error: error_code = 30; This profile is private; id = 151393685
Error: error_code = 30; This profile is private; id = 431140898
Error: error_code = 30; This profile is private; id = 493075166
Error: error_code = 30; This profile is private; id = 246813940
Error: error_code = 30; This profile is private; id = 708089734
Error: error_code = 30; This profile is private; id = 84733086
Error: error_code = 30; This profile is private; id = 190772354
Error: error_code = 30; This profile is private; id = 122494530
Error: error_code = 30; This profile is private; id = 231783521
Error: error_code = 30; This profile is private; id = 81710645
Error: error_code = 15; Access denied: user deactivated; id = 196887457
Error: error_code = 30; This profile is private; id = 17729295
Error: error_code = 30; This profile is private; id = 308097602
Error: error_code = 30; This profile is private; id = 517036310
Error: error_code = 15; Access denied: user deactivated; id = 224360726
Error: error_code = 30; This profile is private; id = 580686809
Error: error_code = 30; This profile is private; id = 572433128
Error: error_code = 30; This profile is private; id = 537176915
Error: error_code = 15; Access denied: user deactivated; id = 214621042
Error: error_code = 15; Access denied: user deactivated; id = 197369379
Error: error_code = 15; Access denied: user deactivated; id = 225694689
Error: error_code = 30; This profile is private; id = 357030544
Error: error_code = 15; Access denied: user deactivated; id = 421839998
Error: error_code = 30; This profile is private; id = 545231325
Error: error_code = 15; Access denied: user deactivated; id = 413852723
Error: error_code = 30; This profile is private; id = 349386090
Error: error_code = 30; This profile is private; id = 568807070
Error: error_code = 15; Access denied: user deactivated; id = 651545875
Error: error_code = 30; This profile is private; id = 2222594
Error: error_code = 30; This profile is private; id = 459161651
Error: error_code = 30; This profile is private; id = 307294042
Error: error_code = 30; This profile is private; id = 473419249
Error: error_code = 30; This profile is private; id = 603748512
Error: error_code = 15; Access denied: user deactivated; id = 715189541
Error: error_code = 15; Access denied: user deactivated; id = 266835423
Error: error_code = 30; This profile is private; id = 158613737
Error: error_code = 15; Access denied: user deactivated; id = 190000718
Error: error_code = 30; This profile is private; id = 443574338
Error: error_code = 15; Access denied: user deactivated; id = 381852377
Error: error_code = 30; This profile is private; id = 323489357
Error: error_code = 15; Access denied: user deactivated; id = 161251918
Error: error_code = 30; This profile is private; id = 432918185
Error: error_code = 30; This profile is private; id = 393670226
Error: error_code = 30; This profile is private; id = 681149846
Error: error_code = 30; This profile is private; id = 598101899
Error: error_code = 15; Access denied: user deactivated; id = 210091339
Error: error_code = 30; This profile is private; id = 176004883
Error: error_code = 30; This profile is private; id = 713952063
Error: error_code = 30; This profile is private; id = 526209484
Error: error_code = 30; This profile is private; id = 2558810
Error: error_code = 30; This profile is private; id = 367258913
Error: error_code = 15; Access denied: user deactivated; id = 330322138
Error: error_code = 30; This profile is private; id = 521632030
Error: error_code = 30; This profile is private; id = 97714081
Error: error_code = 30; This profile is private; id = 342753708
Error: error_code = 30; This profile is private; id = 485748129
Error: error_code = 30; This profile is private; id = 596941170
Error: error_code = 15; Access denied: user deactivated; id = 584899701
Error: error_code = 30; This profile is private; id = 43017477
Error: error_code = 15; Access denied: user deactivated; id = 425106842
Error: error_code = 30; This profile is private; id = 711499928
Error: error_code = 30; This profile is private; id = 432630486
Error: error_code = 30; This profile is private; id = 6209517
Error: error_code = 15; Access denied: user deactivated; id = 236296318
Error: error_code = 30; This profile is private; id = 12985288
Error: error_code = 30; This profile is private; id = 330363281
Error: error_code = 30; This profile is private; id = 20073021
Error: error_code = 30; This profile is private; id = 616987872
Error: error_code = 30; This profile is private; id = 377109698
Error: error_code = 30; This profile is private; id = 678422686
Error: error_code = 30; This profile is private; id = 215621891
Error: error_code = 30; This profile is private; id = 606434335
Error: error_code = 30; This profile is private; id = 731909
Error: error_code = 30; This profile is private; id = 301119025
Error: error_code = 30; This profile is private; id = 670879113
Error: error_code = 30; This profile is private; id = 592571805
Error: error_code = 30; This profile is private; id = 559351251
Error: error_code = 30; This profile is private; id = 711470447
Error: error_code = 15; Access denied: user deactivated; id = 532128584
Error: error_code = 15; Access denied: user deactivated; id = 668837275
Error: error_code = 15; Access denied: user deactivated; id = 195795345
Error: error_code = 30; This profile is private; id = 26130173
Error: error_code = 15; Access denied: user deactivated; id = 303732649
Error: error_code = 30; This profile is private; id = 333695728
Error: error_code = 30; This profile is private; id = 506788087
Error: error_code = 15; Access denied: user deactivated; id = 153576134
Error: error_code = 30; This profile is private; id = 556190411
Error: error_code = 30; This profile is private; id = 69950718
Error: error_code = 15; Access denied: user deactivated; id = 353881860
Error: error_code = 15; Access denied: user deactivated; id = 229587839
Error: error_code = 30; This profile is private; id = 645412991
Error: error_code = 30; This profile is private; id = 352024542
Error: error_code = 15; Access denied: user deactivated; id = 215033409
Error: error_code = 30; This profile is private; id = 100553456
Error: error_code = 15; Access denied: user deactivated; id = 247140818
Error: error_code = 30; This profile is private; id = 37044695
Error: error_code = 30; This profile is private; id = 19283822
Error: error_code = 15; Access denied: user deactivated; id = 75606253
Error: error_code = 15; Access denied: user deactivated; id = 301259129
Error: error_code = 15; Access denied: user deactivated; id = 504815520
Error: error_code = 15; Access denied: user deactivated; id = 208350611
Error: error_code = 15; Access denied: user deactivated; id = 701890923
Error: error_code = 15; Access denied: user deactivated; id = 430649345
Error: error_code = 30; This profile is private; id = 18392177
Error: error_code = 30; This profile is private; id = 292419230
Error: error_code = 15; Access denied: user deactivated; id = 163909495
Error: error_code = 30; This profile is private; id = 29589941
Error: error_code = 30; This profile is private; id = 361611866
Error: error_code = 30; This profile is private; id = 4703311
Error: error_code = 30; This profile is private; id = 53911706
Error: error_code = 30; This profile is private; id = 557328029
Error: error_code = 30; This profile is private; id = 153774732
Error: error_code = 15; Access denied: user deactivated; id = 516527435
Error: error_code = 30; This profile is private; id = 25636251
Error: error_code = 30; This profile is private; id = 411735132
Error: error_code = 30; This profile is private; id = 536193159
Error: error_code = 30; This profile is private; id = 12376181
Error: error_code = 30; This profile is private; id = 527692742
Error: error_code = 30; This profile is private; id = 355769082
Error: error_code = 30; This profile is private; id = 599109646
Error: error_code = 30; This profile is private; id = 681073232
Error: error_code = 30; This profile is private; id = 445373635
Error: error_code = 15; Access denied: user deactivated; id = 396577420
Error: error_code = 30; This profile is private; id = 634503428
Error: error_code = 30; This profile is private; id = 30879410
Error: error_code = 30; This profile is private; id = 387872957
Error: error_code = 15; Access denied: user deactivated; id = 560237173
Error: error_code = 30; This profile is private; id = 656678834
Error: error_code = 30; This profile is private; id = 45652263
Error: error_code = 15; Access denied: user deactivated; id = 256003611
Error: error_code = 30; This profile is private; id = 135119147
Error: error_code = 30; This profile is private; id = 426698905
Error: error_code = 15; Access denied: user deactivated; id = 186850237
Error: error_code = 30; This profile is private; id = 492139164
Error: error_code = 30; This profile is private; id = 379788826
Error: error_code = 30; This profile is private; id = 618064180
Error: error_code = 15; Access denied: user deactivated; id = 24524773
Error: error_code = 30; This profile is private; id = 449479640
Error: error_code = 30; This profile is private; id = 545969286
Error: error_code = 30; This profile is private; id = 469830037
Error: error_code = 15; Access denied: user deactivated; id = 72559732
Error: error_code = 30; This profile is private; id = 7944201
Error: error_code = 30; This profile is private; id = 557087107
Error: error_code = 30; This profile is private; id = 400363530
Error: error_code = 15; Access denied: user deactivated; id = 276646470
Error: error_code = 30; This profile is private; id = 228694117
Error: error_code = 15; Access denied: user deactivated; id = 488863376
Error: error_code = 15; Access denied: user deactivated; id = 536353086
Error: error_code = 30; This profile is private; id = 711923810
Error: error_code = 30; This profile is private; id = 336438412
Error: error_code = 15; Access denied: user deactivated; id = 48740955
Error: error_code = 15; Access denied: user deactivated; id = 185977185
Error: error_code = 15; Access denied: user deactivated; id = 204030156
Error: error_code = 15; Access denied: user deactivated; id = 203958597
Error: error_code = 30; This profile is private; id = 605523974
Error: error_code = 30; This profile is private; id = 157227988
Error: error_code = 30; This profile is private; id = 530997537
Error: error_code = 15; Access denied: user deactivated; id = 371347692
Error: error_code = 15; Access denied: user deactivated; id = 271435800
Error: error_code = 30; This profile is private; id = 1331682
Error: error_code = 15; Access denied: user deactivated; id = 210005796
Error: error_code = 30; This profile is private; id = 619070256
Error: error_code = 15; Access denied: user deactivated; id = 377405963
Error: error_code = 30; This profile is private; id = 514465458
Error: error_code = 30; This profile is private; id = 543094675
Error: error_code = 30; This profile is private; id = 689504453
Error: error_code = 30; This profile is private; id = 516816526
Error: error_code = 30; This profile is private; id = 36503139
Error: error_code = 30; This profile is private; id = 81020160
Error: error_code = 15; Access denied: user deactivated; id = 537306123
Error: error_code = 30; This profile is private; id = 260157873
Error: error_code = 30; This profile is private; id = 433904005
Error: error_code = 15; Access denied: user deactivated; id = 645333215
Error: error_code = 30; This profile is private; id = 480844976
Error: error_code = 30; This profile is private; id = 284416193
Error: error_code = 30; This profile is private; id = 256100717
Error: error_code = 30; This profile is private; id = 316583883
Error: error_code = 15; Access denied: user deactivated; id = 461816802
Error: error_code = 30; This profile is private; id = 255193972
Error: error_code = 30; This profile is private; id = 271011459
Error: error_code = 15; Access denied: user deactivated; id = 87828826
Error: error_code = 30; This profile is private; id = 278771087
Error: error_code = 30; This profile is private; id = 184851417
Error: error_code = 15; Access denied: user deactivated; id = 242824173
Error: error_code = 15; Access denied: user deactivated; id = 290894432
Error: error_code = 15; Access denied: user deactivated; id = 69489346
Error: error_code = 15; Access denied: user deactivated; id = 415935605
Error: error_code = 30; This profile is private; id = 182974101
Error: error_code = 15; Access denied: user deactivated; id = 322584960
Error: error_code = 15; Access denied: user deactivated; id = 449067949
Error: error_code = 30; This profile is private; id = 285519008
Error: error_code = 15; Access denied: user deactivated; id = 140641413
Error: error_code = 15; Access denied: user deactivated; id = 168144474
Error: error_code = 30; This profile is private; id = 44682110
Error: error_code = 30; This profile is private; id = 569114213
Error: error_code = 30; This profile is private; id = 594495265
Error: error_code = 15; Access denied: user deactivated; id = 435142073
Error: error_code = 30; This profile is private; id = 613350409
Error: error_code = 15; Access denied: user deactivated; id = 227878043
Error: error_code = 15; Access denied: user deactivated; id = 571912047
Error: error_code = 30; This profile is private; id = 232961195
Error: error_code = 30; This profile is private; id = 207935331
Error: error_code = 30; This profile is private; id = 619369050
Error: error_code = 15; Access denied: user deactivated; id = 170051806
Error: error_code = 30; This profile is private; id = 152430725
Error: error_code = 15; Access denied: user deactivated; id = 23001098
Error: error_code = 30; This profile is private; id = 34289833
Error: error_code = 30; This profile is private; id = 436725489
Error: error_code = 30; This profile is private; id = 558417998
Error: error_code = 30; This profile is private; id = 130470304
Error: error_code = 30; This profile is private; id = 38874859
Error: error_code = 30; This profile is private; id = 497043902
Error: error_code = 30; This profile is private; id = 9844385
Error: error_code = 30; This profile is private; id = 331304939
Error: error_code = 15; Access denied: user deactivated; id = 33268435
Error: error_code = 15; Access denied: user deactivated; id = 245851402
Error: error_code = 30; This profile is private; id = 643531090
Error: error_code = 15; Access denied: user deactivated; id = 425762431
Error: error_code = 30; This profile is private; id = 698179468
Error: error_code = 15; Access denied: user deactivated; id = 220068080
Error: error_code = 30; This profile is private; id = 698230973
Error: error_code = 30; This profile is private; id = 710659340
Error: error_code = 30; This profile is private; id = 205330894
Error: error_code = 30; This profile is private; id = 301139496
Error: error_code = 15; Access denied: user deactivated; id = 4239158
Error: error_code = 15; Access denied: user deactivated; id = 104373947
Error: error_code = 30; This profile is private; id = 447819837
Error: error_code = 30; This profile is private; id = 557601210
Error: error_code = 30; This profile is private; id = 378769454
Error: error_code = 30; This profile is private; id = 136793379
Error: error_code = 30; This profile is private; id = 672326968
Error: error_code = 15; Access denied: user deactivated; id = 135224556
Error: error_code = 30; This profile is private; id = 38989621
Error: error_code = 30; This profile is private; id = 411397282
Error: error_code = 30; This profile is private; id = 530443555
Error: error_code = 15; Access denied: user deactivated; id = 231102681
Error: error_code = 15; Access denied: user deactivated; id = 229274653
Error: error_code = 30; This profile is private; id = 132367388
Error: error_code = 30; This profile is private; id = 147286751
Error: error_code = 30; This profile is private; id = 422126103
Error: error_code = 30; This profile is private; id = 693210941
Error: error_code = 15; Access denied: user deactivated; id = 544140088
Error: error_code = 15; Access denied: user deactivated; id = 208190432
Error: error_code = 15; Access denied: user deactivated; id = 311253555
Error: error_code = 30; This profile is private; id = 353126703
Error: error_code = 30; This profile is private; id = 197016105
Error: error_code = 15; Access denied: user deactivated; id = 615929535
Error: error_code = 30; This profile is private; id = 407685645
Error: error_code = 15; Access denied: user deactivated; id = 362904936
Error: error_code = 30; This profile is private; id = 158721707
Error: error_code = 30; This profile is private; id = 133839357
Error: error_code = 30; This profile is private; id = 38893497
Error: error_code = 30; This profile is private; id = 600434649
Error: error_code = 30; This profile is private; id = 679694242
Error: error_code = 30; This profile is private; id = 18060659
Error: error_code = 15; Access denied: user deactivated; id = 278762256
Error: error_code = 30; This profile is private; id = 1761747
Error: error_code = 30; This profile is private; id = 359380559
Error: error_code = 30; This profile is private; id = 65738623
Error: error_code = 30; This profile is private; id = 22424244
Error: error_code = 15; Access denied: user deactivated; id = 332143878
Error: error_code = 30; This profile is private; id = 268290170
Error: error_code = 30; This profile is private; id = 567486179
Error: error_code = 30; This profile is private; id = 209373125
Error: error_code = 15; Access denied: user deactivated; id = 426706896
Error: error_code = 15; Access denied: user deactivated; id = 301679982
Error: error_code = 30; This profile is private; id = 466517468
Error: error_code = 30; This profile is private; id = 59314652
Error: error_code = 30; This profile is private; id = 50084381
Error: error_code = 30; This profile is private; id = 202237163
Error: error_code = 15; Access denied: user deactivated; id = 438465824
Error: error_code = 15; Access denied: user deactivated; id = 534656065
Error: error_code = 15; Access denied: user deactivated; id = 573208609
Error: error_code = 30; This profile is private; id = 505318904
Error: error_code = 30; This profile is private; id = 670730214
Error: error_code = 30; This profile is private; id = 12605354
Error: error_code = 30; This profile is private; id = 324424196
Error: error_code = 30; This profile is private; id = 591659080
Error: error_code = 15; Access denied: user deactivated; id = 193078323
Error: error_code = 15; Access denied: user deactivated; id = 337064610
Error: error_code = 15; Access denied: user deactivated; id = 26736388
Error: error_code = 30; This profile is private; id = 14174664
Error: error_code = 30; This profile is private; id = 12156228
Error: error_code = 15; Access denied: user deactivated; id = 232585431
Error: error_code = 30; This profile is private; id = 434140757
Error: error_code = 30; This profile is private; id = 321594134
Error: error_code = 30; This profile is private; id = 667496725
Error: error_code = 15; Access denied: user deactivated; id = 319247122
Error: error_code = 30; This profile is private; id = 707182375
Error: error_code = 30; This profile is private; id = 439242616
Error: error_code = 30; This profile is private; id = 362640100
Error: error_code = 30; This profile is private; id = 671806812
Error: error_code = 30; This profile is private; id = 11978357
Error: error_code = 30; This profile is private; id = 135582181
Error: error_code = 15; Access denied: user deactivated; id = 263119506
Error: error_code = 15; Access denied: user deactivated; id = 296065853
Error: error_code = 30; This profile is private; id = 219953667
Error: error_code = 30; This profile is private; id = 717786
Error: error_code = 30; This profile is private; id = 445507720
Error: error_code = 15; Access denied: user deactivated; id = 98465803
Error: error_code = 30; This profile is private; id = 325749900
Error: error_code = 30; This profile is private; id = 544644932
Error: error_code = 15; Access denied: user deactivated; id = 710122319
Error: error_code = 15; Access denied: user deactivated; id = 230326517
Error: error_code = 15; Access denied: user deactivated; id = 145082972
Error: error_code = 15; Access denied: user deactivated; id = 1409343
Error: error_code = 30; This profile is private; id = 213920099
Error: error_code = 15; Access denied: user deactivated; id = 419930846
Error: error_code = 30; This profile is private; id = 51936296
Error: error_code = 30; This profile is private; id = 289800971
Error: error_code = 30; This profile is private; id = 9092451
Error: error_code = 30; This profile is private; id = 623172930
Error: error_code = 30; This profile is private; id = 533133021
Error: error_code = 15; Access denied: user deactivated; id = 543635062
Error: error_code = 30; This profile is private; id = 334129393
Error: error_code = 30; This profile is private; id = 566350930
Error: error_code = 30; This profile is private; id = 223096994
Error: error_code = 15; Access denied: user deactivated; id = 95712549
Error: error_code = 30; This profile is private; id = 491395775
Error: error_code = 30; This profile is private; id = 277997798
Error: error_code = 30; This profile is private; id = 709327655
Error: error_code = 15; Access denied: user deactivated; id = 232604646
Error: error_code = 30; This profile is private; id = 222792348
Error: error_code = 30; This profile is private; id = 676248235
Error: error_code = 15; Access denied: user deactivated; id = 277558830
Error: error_code = 30; This profile is private; id = 247097590
Error: error_code = 15; Access denied: user deactivated; id = 392918149
Error: error_code = 30; This profile is private; id = 299840140
Error: error_code = 30; This profile is private; id = 514273764
Error: error_code = 30; This profile is private; id = 133427203
Error: error_code = 30; This profile is private; id = 633515286
Error: error_code = 30; This profile is private; id = 386062885
Error: error_code = 15; Access denied: user deactivated; id = 481132880
Error: error_code = 15; Access denied: user deactivated; id = 571604032
Error: error_code = 15; Access denied: user deactivated; id = 508143547
Error: error_code = 30; This profile is private; id = 515145660
Error: error_code = 30; This profile is private; id = 498594482
Error: error_code = 30; This profile is private; id = 7219870
Error: error_code = 15; Access denied: user deactivated; id = 362735635
Error: error_code = 30; This profile is private; id = 611404691
Error: error_code = 30; This profile is private; id = 244846756
Error: error_code = 30; This profile is private; id = 608769598
Error: error_code = 30; This profile is private; id = 49847198
Error: error_code = 15; Access denied: user deactivated; id = 535701909
Error: error_code = 15; Access denied: user deactivated; id = 218948742
Error: error_code = 30; This profile is private; id = 611214805
Error: error_code = 15; Access denied: user deactivated; id = 250084668
Error: error_code = 30; This profile is private; id = 415267987
Error: error_code = 30; This profile is private; id = 565290584
Error: error_code = 15; Access denied: user deactivated; id = 646077879
Error: error_code = 30; This profile is private; id = 155742500
Error: error_code = 30; This profile is private; id = 146864477
Error: error_code = 30; This profile is private; id = 7920374
Error: error_code = 15; Access denied: user deactivated; id = 252056699
Error: error_code = 30; This profile is private; id = 409660596
Error: error_code = 30; This profile is private; id = 117361
Error: error_code = 30; This profile is private; id = 187207842
Error: error_code = 30; This profile is private; id = 181108100
Error: error_code = 30; This profile is private; id = 470634239
Error: error_code = 30; This profile is private; id = 622927679
Error: error_code = 30; This profile is private; id = 329776195
Error: error_code = 30; This profile is private; id = 328043850
Error: error_code = 15; Access denied: user deactivated; id = 355984406
Error: error_code = 15; Access denied: user deactivated; id = 212222233
Error: error_code = 15; Access denied: user deactivated; id = 205571870
Error: error_code = 15; Access denied: user deactivated; id = 9837662
Error: error_code = 30; This profile is private; id = 331378701
Error: error_code = 30; This profile is private; id = 422203091
Error: error_code = 30; This profile is private; id = 242529450
Error: error_code = 30; This profile is private; id = 642231919
Error: error_code = 15; Access denied: user deactivated; id = 680795443
Error: error_code = 30; This profile is private; id = 370426481
Error: error_code = 30; This profile is private; id = 363333175
Error: error_code = 30; This profile is private; id = 233077085
Error: error_code = 30; This profile is private; id = 616866969
Error: error_code = 30; This profile is private; id = 438301733
Error: error_code = 15; Access denied: user deactivated; id = 710123747
Error: error_code = 30; This profile is private; id = 6712395
Error: error_code = 30; This profile is private; id = 346832344
Error: error_code = 30; This profile is private; id = 351507793
Error: error_code = 30; This profile is private; id = 80897021
Error: error_code = 30; This profile is private; id = 467190069
Error: error_code = 30; This profile is private; id = 225131586
Error: error_code = 30; This profile is private; id = 445643642
Error: error_code = 30; This profile is private; id = 696194560
Error: error_code = 30; This profile is private; id = 715113684
Error: error_code = 30; This profile is private; id = 381461067
Error: error_code = 30; This profile is private; id = 340722153
Error: error_code = 30; This profile is private; id = 292366068
Error: error_code = 15; Access denied: user deactivated; id = 246715189
Error: error_code = 15; Access denied: user deactivated; id = 59498314
Error: error_code = 30; This profile is private; id = 59958618
Error: error_code = 30; This profile is private; id = 22033297
Error: error_code = 30; This profile is private; id = 586468021
Error: error_code = 15; Access denied: user deactivated; id = 330192733
Error: error_code = 30; This profile is private; id = 362169272
Error: error_code = 30; This profile is private; id = 248529892
Error: error_code = 30; This profile is private; id = 513177277
Error: error_code = 30; This profile is private; id = 134957999
Error: error_code = 30; This profile is private; id = 324269415
Error: error_code = 30; This profile is private; id = 617252825
Error: error_code = 30; This profile is private; id = 351504930
Error: error_code = 30; This profile is private; id = 430002377
Error: error_code = 15; Access denied: user deactivated; id = 420465942
Error: error_code = 15; Access denied: user deactivated; id = 228385287
Error: error_code = 30; This profile is private; id = 162083881
Error: error_code = 30; This profile is private; id = 477982666
Error: error_code = 30; This profile is private; id = 168670262
Error: error_code = 30; This profile is private; id = 94524733
Error: error_code = 30; This profile is private; id = 136059975
Error: error_code = 30; This profile is private; id = 550003472
Error: error_code = 30; This profile is private; id = 640366212
Error: error_code = 30; This profile is private; id = 667974334
Error: error_code = 30; This profile is private; id = 328614597
Error: error_code = 15; Access denied: user deactivated; id = 93174221
Error: error_code = 15; Access denied: user deactivated; id = 216400658
Error: error_code = 30; This profile is private; id = 8236655
Error: error_code = 30; This profile is private; id = 50649759
Error: error_code = 30; This profile is private; id = 11616927
Error: error_code = 15; Access denied: user deactivated; id = 339882807
Error: error_code = 15; Access denied: user deactivated; id = 529884194
Error: error_code = 15; Access denied: user deactivated; id = 549215138
Error: error_code = 15; Access denied: user deactivated; id = 238678222
Error: error_code = 30; This profile is private; id = 292564735
Error: error_code = 30; This profile is private; id = 689010984
Error: error_code = 30; This profile is private; id = 305311392
Error: error_code = 15; Access denied: user deactivated; id = 274260536
Error: error_code = 30; This profile is private; id = 266211406
Error: error_code = 30; This profile is private; id = 133176739
Error: error_code = 15; Access denied: user deactivated; id = 328438627
Error: error_code = 30; This profile is private; id = 707553563
Error: error_code = 15; Access denied: user deactivated; id = 209672454
Error: error_code = 30; This profile is private; id = 554098678
Error: error_code = 30; This profile is private; id = 280326769
Error: error_code = 15; Access denied: user deactivated; id = 413214831
Error: error_code = 15; Access denied: user deactivated; id = 557634999
Error: error_code = 30; This profile is private; id = 599505931
Error: error_code = 30; This profile is private; id = 331233114
Error: error_code = 30; This profile is private; id = 33962180
Error: error_code = 15; Access denied: user deactivated; id = 422798108
Error: error_code = 15; Access denied: user deactivated; id = 17548353
Error: error_code = 15; Access denied: user deactivated; id = 520146529
Error: error_code = 15; Access denied: user deactivated; id = 455829441
Error: error_code = 15; Access denied: user deactivated; id = 278844842
Error: error_code = 15; Access denied: user deactivated; id = 683628674
Error: error_code = 30; This profile is private; id = 402946757
Error: error_code = 30; This profile is private; id = 125722480
Error: error_code = 30; This profile is private; id = 374108667
Error: error_code = 30; This profile is private; id = 162093306
Error: error_code = 15; Access denied: user deactivated; id = 445424279
Error: error_code = 30; This profile is private; id = 241053269
Error: error_code = 30; This profile is private; id = 181354535
Error: error_code = 30; This profile is private; id = 547496833
Error: error_code = 30; This profile is private; id = 462333823
Error: error_code = 30; This profile is private; id = 629369935
Error: error_code = 15; Access denied: user deactivated; id = 249211191
Error: error_code = 30; This profile is private; id = 484026994
Error: error_code = 30; This profile is private; id = 690711093
Error: error_code = 30; This profile is private; id = 101908813
Error: error_code = 30; This profile is private; id = 366187412
Error: error_code = 30; This profile is private; id = 354758871
Error: error_code = 15; Access denied: user deactivated; id = 456328862
Error: error_code = 15; Access denied: user deactivated; id = 208739038
Error: error_code = 15; Access denied: user deactivated; id = 449432964
Error: error_code = 30; This profile is private; id = 666824250
Error: error_code = 30; This profile is private; id = 258782399
Error: error_code = 30; This profile is private; id = 19031202
Error: error_code = 30; This profile is private; id = 109503387
Error: error_code = 30; This profile is private; id = 507480655
Error: error_code = 15; Access denied: user deactivated; id = 392644920
Error: error_code = 30; This profile is private; id = 188234448
Error: error_code = 30; This profile is private; id = 52941395
Error: error_code = 15; Access denied: user deactivated; id = 176059363
Error: error_code = 30; This profile is private; id = 71798142
Error: error_code = 30; This profile is private; id = 179736819
Error: error_code = 30; This profile is private; id = 303403423
Error: error_code = 30; This profile is private; id = 63473975
Error: error_code = 30; This profile is private; id = 599103735
Error: error_code = 30; This profile is private; id = 85839729
Error: error_code = 15; Access denied: user deactivated; id = 258512247
Error: error_code = 15; Access denied: user deactivated; id = 133444719
Error: error_code = 30; This profile is private; id = 612251674
Error: error_code = 30; This profile is private; id = 505863089
Error: error_code = 15; Access denied: user deactivated; id = 23545170
Error: error_code = 30; This profile is private; id = 229557218
Error: error_code = 30; This profile is private; id = 540217496
Error: error_code = 30; This profile is private; id = 380531230
Error: error_code = 30; This profile is private; id = 201646475
Error: error_code = 30; This profile is private; id = 7246011
Error: error_code = 30; This profile is private; id = 680674842
Error: error_code = 30; This profile is private; id = 283997466
Error: error_code = 30; This profile is private; id = 129736508
Error: error_code = 30; This profile is private; id = 338788286
Error: error_code = 15; Access denied: user deactivated; id = 204069999
Error: error_code = 30; This profile is private; id = 4225559
Error: error_code = 30; This profile is private; id = 531224579
Error: error_code = 15; Access denied: user deactivated; id = 401919298
Error: error_code = 30; This profile is private; id = 162856732
Error: error_code = 30; This profile is private; id = 24982548
Error: error_code = 30; This profile is private; id = 351458673
Error: error_code = 30; This profile is private; id = 640350781
Error: error_code = 30; This profile is private; id = 207695695
Error: error_code = 15; Access denied: user deactivated; id = 504864109
Error: error_code = 30; This profile is private; id = 20384721
Error: error_code = 30; This profile is private; id = 147338454
Error: error_code = 30; This profile is private; id = 261312036
Error: error_code = 30; This profile is private; id = 207967924
Error: error_code = 30; This profile is private; id = 523824639
Error: error_code = 15; Access denied: user deactivated; id = 283302473
Error: error_code = 15; Access denied: user deactivated; id = 368701038
Error: error_code = 15; Access denied: user deactivated; id = 216060829
Error: error_code = 30; This profile is private; id = 334592444
Error: error_code = 30; This profile is private; id = 291293655
Error: error_code = 15; Access denied: user deactivated; id = 224036075
Error: error_code = 30; This profile is private; id = 568326227
Error: error_code = 15; Access denied: user deactivated; id = 702483332
Error: error_code = 30; This profile is private; id = 327909007
Error: error_code = 30; This profile is private; id = 447073122
Error: error_code = 15; Access denied: user deactivated; id = 282105587
Error: error_code = 15; Access denied: user deactivated; id = 661998884
Error: error_code = 15; Access denied: user deactivated; id = 11419548
Error: error_code = 15; Access denied: user deactivated; id = 637671156
Error: error_code = 30; This profile is private; id = 90108390
Error: error_code = 30; This profile is private; id = 454253312
Error: error_code = 30; This profile is private; id = 524509028
Error: error_code = 30; This profile is private; id = 174925386
Error: error_code = 15; Access denied: user deactivated; id = 427726970
Error: error_code = 30; This profile is private; id = 317392379
Error: error_code = 30; This profile is private; id = 4714139
Error: error_code = 15; Access denied: user deactivated; id = 655677
Error: error_code = 30; This profile is private; id = 171647846
Error: error_code = 30; This profile is private; id = 246843071
Error: error_code = 30; This profile is private; id = 636947443
Error: error_code = 30; This profile is private; id = 77885115
Error: error_code = 30; This profile is private; id = 285479468
Error: error_code = 30; This profile is private; id = 542918290
Error: error_code = 30; This profile is private; id = 656058299
Error: error_code = 30; This profile is private; id = 257693092
Error: error_code = 15; Access denied: user deactivated; id = 645329856
Error: error_code = 15; Access denied: user deactivated; id = 269228527
Error: error_code = 15; Access denied: user deactivated; id = 554297176
Error: error_code = 30; This profile is private; id = 332885115
Error: error_code = 30; This profile is private; id = 8181116
Error: error_code = 30; This profile is private; id = 346933126
Error: error_code = 15; Access denied: user deactivated; id = 53067677
Error: error_code = 30; This profile is private; id = 570415036
Error: error_code = 30; This profile is private; id = 643733195
Error: error_code = 30; This profile is private; id = 338932122
Error: error_code = 15; Access denied: user deactivated; id = 134014725
Error: error_code = 30; This profile is private; id = 612759580
Error: error_code = 30; This profile is private; id = 179027254
Error: error_code = 15; Access denied: user deactivated; id = 354016180
Error: error_code = 30; This profile is private; id = 525823477
Error: error_code = 30; This profile is private; id = 663331641
Error: error_code = 30; This profile is private; id = 639899182
Error: error_code = 30; This profile is private; id = 612848813
Error: error_code = 30; This profile is private; id = 103792498
Error: error_code = 30; This profile is private; id = 170369214
Error: error_code = 30; This profile is private; id = 617654923
Error: error_code = 30; This profile is private; id = 76009987
Error: error_code = 15; Access denied: user deactivated; id = 283011181
Error: error_code = 15; Access denied: user deactivated; id = 205177446
Error: error_code = 30; This profile is private; id = 634703265
Error: error_code = 30; This profile is private; id = 363573099
Error: error_code = 30; This profile is private; id = 165617578
Error: error_code = 30; This profile is private; id = 606129363
Error: error_code = 30; This profile is private; id = 625349013
Error: error_code = 30; This profile is private; id = 206973162
Error: error_code = 15; Access denied: user deactivated; id = 526988803
Error: error_code = 30; This profile is private; id = 334567700
Error: error_code = 15; Access denied: user deactivated; id = 196784692
Error: error_code = 15; Access denied: user deactivated; id = 562058947
Error: error_code = 15; Access denied: user deactivated; id = 371911287
Error: error_code = 30; This profile is private; id = 557768608
Error: error_code = 30; This profile is private; id = 24615034
Error: error_code = 30; This profile is private; id = 377515217
Error: error_code = 15; Access denied: user deactivated; id = 502800419
Error: error_code = 30; This profile is private; id = 257260482
Error: error_code = 30; This profile is private; id = 59816369
Error: error_code = 30; This profile is private; id = 629623000
Error: error_code = 15; Access denied: user deactivated; id = 384547559
Error: error_code = 15; Access denied: user deactivated; id = 208349448
Error: error_code = 30; This profile is private; id = 17394490
Error: error_code = 30; This profile is private; id = 330361786
Error: error_code = 30; This profile is private; id = 224945970
Error: error_code = 30; This profile is private; id = 188661574
Error: error_code = 30; This profile is private; id = 443597404
Error: error_code = 30; This profile is private; id = 14397042
Error: error_code = 30; This profile is private; id = 48747750
Error: error_code = 15; Access denied: user deactivated; id = 416954140
Error: error_code = 30; This profile is private; id = 61608089
Error: error_code = 30; This profile is private; id = 541808009
Error: error_code = 30; This profile is private; id = 321975669
Error: error_code = 30; This profile is private; id = 72670334
Error: error_code = 30; This profile is private; id = 560453049
Error: error_code = 30; This profile is private; id = 639134473
Error: error_code = 15; Access denied: user deactivated; id = 134895539
Error: error_code = 30; This profile is private; id = 460905296
Error: error_code = 15; Access denied: user deactivated; id = 516133440
Error: error_code = 15; Access denied: user deactivated; id = 644503516
Error: error_code = 30; This profile is private; id = 251129479
Error: error_code = 30; This profile is private; id = 368558319
Error: error_code = 15; Access denied: user deactivated; id = 370253384
Error: error_code = 30; This profile is private; id = 535078179
Error: error_code = 30; This profile is private; id = 559144798
Error: error_code = 30; This profile is private; id = 164927135
Error: error_code = 15; Access denied: user deactivated; id = 59657319
Error: error_code = 30; This profile is private; id = 659140293
Error: error_code = 15; Access denied: user deactivated; id = 525395672
Error: error_code = 30; This profile is private; id = 661034301
Error: error_code = 15; Access denied: user deactivated; id = 395803629
Error: error_code = 15; Access denied: user deactivated; id = 19338450
Error: error_code = 30; This profile is private; id = 202435465
Error: error_code = 30; This profile is private; id = 688186400
Error: error_code = 30; This profile is private; id = 528999685
Error: error_code = 15; Access denied: user deactivated; id = 118393226
Error: error_code = 30; This profile is private; id = 136166523
Error: error_code = 30; This profile is private; id = 237418777
Error: error_code = 15; Access denied: user deactivated; id = 419222988
Error: error_code = 30; This profile is private; id = 626252653
Error: error_code = 15; Access denied: user deactivated; id = 374612932
Error: error_code = 30; This profile is private; id = 543581840
Error: error_code = 30; This profile is private; id = 265891180
Error: error_code = 15; Access denied: user deactivated; id = 221608993
Error: error_code = 30; This profile is private; id = 570389823
Error: error_code = 30; This profile is private; id = 147631130
Error: error_code = 30; This profile is private; id = 13472146
Error: error_code = 15; Access denied: user deactivated; id = 213002962
Error: error_code = 30; This profile is private; id = 559436207
Error: error_code = 30; This profile is private; id = 705496841
Error: error_code = 15; Access denied: user deactivated; id = 184243373
Error: error_code = 15; Access denied: user deactivated; id = 232548373
Error: error_code = 30; This profile is private; id = 248621676
Error: error_code = 30; This profile is private; id = 164763357
Error: error_code = 30; This profile is private; id = 706543172
Error: error_code = 30; This profile is private; id = 577447906
Error: error_code = 15; Access denied: user deactivated; id = 246197740
Error: error_code = 15; Access denied: user deactivated; id = 127760852
Error: error_code = 15; Access denied: user deactivated; id = 216576545
Error: error_code = 30; This profile is private; id = 241031904
Error: error_code = 15; Access denied: user deactivated; id = 537013128
Error: error_code = 30; This profile is private; id = 685149814
Error: error_code = 30; This profile is private; id = 402199908
Error: error_code = 30; This profile is private; id = 418775330
Error: error_code = 15; Access denied: user deactivated; id = 228981615
Error: error_code = 15; Access denied: user deactivated; id = 257265294
Error: error_code = 30; This profile is private; id = 56143068
Error: error_code = 30; This profile is private; id = 17188709
Error: error_code = 30; This profile is private; id = 646128127
Error: error_code = 30; This profile is private; id = 627347644
Error: error_code = 15; Access denied: user deactivated; id = 177659798
Error: error_code = 15; Access denied: user deactivated; id = 84120822
Error: error_code = 30; This profile is private; id = 373313339
Error: error_code = 30; This profile is private; id = 516169824
Error: error_code = 15; Access denied: user deactivated; id = 429652851
Error: error_code = 30; This profile is private; id = 227455835
Error: error_code = 30; This profile is private; id = 60482767
Error: error_code = 30; This profile is private; id = 54458710
Error: error_code = 15; Access denied: user deactivated; id = 426841488
Error: error_code = 15; Access denied: user deactivated; id = 172880025
Error: error_code = 15; Access denied: user deactivated; id = 163391826
Error: error_code = 30; This profile is private; id = 75774199
Error: error_code = 15; Access denied: user deactivated; id = 171730319
Error: error_code = 30; This profile is private; id = 120645809
Error: error_code = 30; This profile is private; id = 695909120
Error: error_code = 30; This profile is private; id = 104926644
Error: error_code = 30; This profile is private; id = 216465247
Error: error_code = 30; This profile is private; id = 222297865
Error: error_code = 15; Access denied: user deactivated; id = 287368503
Error: error_code = 30; This profile is private; id = 186012764
Error: error_code = 30; This profile is private; id = 97662191
Error: error_code = 30; This profile is private; id = 45241787
Error: error_code = 15; Access denied: user deactivated; id = 198079756
Error: error_code = 30; This profile is private; id = 406816366
Error: error_code = 30; This profile is private; id = 610793115
Error: error_code = 30; This profile is private; id = 445015513
Error: error_code = 30; This profile is private; id = 615936067
Error: error_code = 30; This profile is private; id = 269906152
Error: error_code = 15; Access denied: user deactivated; id = 400446900
Error: error_code = 15; Access denied: user deactivated; id = 344511566
Error: error_code = 30; This profile is private; id = 711954586
Error: error_code = 30; This profile is private; id = 384799011
Error: error_code = 30; This profile is private; id = 668718045
Error: error_code = 15; Access denied: user deactivated; id = 250587932
Error: error_code = 30; This profile is private; id = 668805581
Error: error_code = 30; This profile is private; id = 419240171
Error: error_code = 30; This profile is private; id = 518719820
Error: error_code = 30; This profile is private; id = 476769829
Error: error_code = 30; This profile is private; id = 407285446
Error: error_code = 30; This profile is private; id = 61873894
Error: error_code = 30; This profile is private; id = 486162042
Error: error_code = 15; Access denied: user deactivated; id = 432187363
Error: error_code = 30; This profile is private; id = 519501908
Error: error_code = 15; Access denied: user deactivated; id = 582234969
Error: error_code = 30; This profile is private; id = 693008430
Error: error_code = 30; This profile is private; id = 276452146
Error: error_code = 30; This profile is private; id = 707968561
Error: error_code = 15; Access denied: user deactivated; id = 213190069
Error: error_code = 15; Access denied: user deactivated; id = 445380776
Error: error_code = 30; This profile is private; id = 479172654
Error: error_code = 15; Access denied: user deactivated; id = 74353004
Error: error_code = 30; This profile is private; id = 695840930
Error: error_code = 30; This profile is private; id = 270589496
Error: error_code = 15; Access denied: user deactivated; id = 311763833
Error: error_code = 30; This profile is private; id = 100961619
Error: error_code = 15; Access denied: user deactivated; id = 525149864
Error: error_code = 15; Access denied: user deactivated; id = 715184750
Error: error_code = 30; This profile is private; id = 695492252
Error: error_code = 30; This profile is private; id = 178943720
Error: error_code = 30; This profile is private; id = 51633656
Error: error_code = 30; This profile is private; id = 674458358
Error: error_code = 30; This profile is private; id = 68723878
Error: error_code = 15; Access denied: user deactivated; id = 566189844
Error: error_code = 30; This profile is private; id = 135899328
Error: error_code = 30; This profile is private; id = 534796548
Error: error_code = 15; Access denied: user deactivated; id = 725484
Error: error_code = 15; Access denied: user deactivated; id = 531040990
Error: error_code = 30; This profile is private; id = 649621098
Error: error_code = 30; This profile is private; id = 197393836
Error: error_code = 15; Access denied: user deactivated; id = 427365053
Error: error_code = 15; Access denied: user deactivated; id = 30127273
Error: error_code = 15; Access denied: user deactivated; id = 715185272
Error: error_code = 30; This profile is private; id = 286837083
Error: error_code = 15; Access denied: user deactivated; id = 402784814
Error: error_code = 15; Access denied: user deactivated; id = 41563832
Error: error_code = 30; This profile is private; id = 234299191
Error: error_code = 30; This profile is private; id = 581125268
Error: error_code = 30; This profile is private; id = 584116808
Error: error_code = 15; Access denied: user deactivated; id = 339650103
Error: error_code = 30; This profile is private; id = 184700381
Error: error_code = 15; Access denied: user deactivated; id = 417948186
Error: error_code = 15; Access denied: user deactivated; id = 602322023
Error: error_code = 30; This profile is private; id = 422664148
Error: error_code = 15; Access denied: user deactivated; id = 503844309
Error: error_code = 30; This profile is private; id = 526136644
Error: error_code = 30; This profile is private; id = 251584358
Error: error_code = 15; Access denied: user deactivated; id = 292823778
Error: error_code = 15; Access denied: user deactivated; id = 287995339
Error: error_code = 15; Access denied: user deactivated; id = 393096072
Error: error_code = 30; This profile is private; id = 181491476
Error: error_code = 30; This profile is private; id = 528974964
Error: error_code = 30; This profile is private; id = 207175127
Error: error_code = 30; This profile is private; id = 58475853
Error: error_code = 15; Access denied: user deactivated; id = 431929253
Error: error_code = 30; This profile is private; id = 171177795
Error: error_code = 15; Access denied: user deactivated; id = 349078212
Error: error_code = 30; This profile is private; id = 542723493
Error: error_code = 30; This profile is private; id = 249031057
Error: error_code = 30; This profile is private; id = 21120826
Error: error_code = 15; Access denied: user deactivated; id = 91059620
Error: error_code = 30; This profile is private; id = 475216112
Error: error_code = 15; Access denied: user deactivated; id = 518537464
Error: error_code = 30; This profile is private; id = 451727916
Error: error_code = 15; Access denied: user deactivated; id = 391084867
Error: error_code = 30; This profile is private; id = 381772515
Error: error_code = 15; Access denied: user deactivated; id = 393345447
Error: error_code = 30; This profile is private; id = 661358485
Error: error_code = 30; This profile is private; id = 797667
Error: error_code = 15; Access denied: user deactivated; id = 490665288
Error: error_code = 30; This profile is private; id = 353571750
Error: error_code = 30; This profile is private; id = 151905834
Error: error_code = 15; Access denied: user deactivated; id = 251058491
Error: error_code = 30; This profile is private; id = 601353370
Error: error_code = 30; This profile is private; id = 672424617
Error: error_code = 30; This profile is private; id = 22196215
Error: error_code = 30; This profile is private; id = 582135197
Error: error_code = 30; This profile is private; id = 84170866
Error: error_code = 30; This profile is private; id = 138615181
Error: error_code = 15; Access denied: user deactivated; id = 69478357
Error: error_code = 30; This profile is private; id = 426974487
Error: error_code = 30; This profile is private; id = 606698698
Error: error_code = 15; Access denied: user deactivated; id = 534727267
Error: error_code = 30; This profile is private; id = 410556976
Error: error_code = 15; Access denied: user deactivated; id = 530679417
Error: error_code = 30; This profile is private; id = 398486723
Error: error_code = 30; This profile is private; id = 490668430
Error: error_code = 30; This profile is private; id = 92734228
Error: error_code = 15; Access denied: user deactivated; id = 202822023
Error: error_code = 15; Access denied: user deactivated; id = 113280676
Error: error_code = 30; This profile is private; id = 284784736
Error: error_code = 30; This profile is private; id = 247322832
Error: error_code = 30; This profile is private; id = 597174289
Error: error_code = 30; This profile is private; id = 577947040
Error: error_code = 30; This profile is private; id = 354689641
Error: error_code = 15; Access denied: user deactivated; id = 566540892
Error: error_code = 15; Access denied: user deactivated; id = 531775598
Error: error_code = 15; Access denied: user deactivated; id = 66929605
Error: error_code = 15; Access denied: user deactivated; id = 402187782
Error: error_code = 15; Access denied: user deactivated; id = 321871126
Error: error_code = 30; This profile is private; id = 470495129
Error: error_code = 30; This profile is private; id = 156267559
Error: error_code = 15; Access denied: user deactivated; id = 378364755
Error: error_code = 30; This profile is private; id = 666634912
Error: error_code = 30; This profile is private; id = 474943471
Error: error_code = 30; This profile is private; id = 173839523
Error: error_code = 30; This profile is private; id = 144720211
Error: error_code = 30; This profile is private; id = 271611182
Error: error_code = 15; Access denied: user deactivated; id = 104775424
Error: error_code = 15; Access denied: user deactivated; id = 367694702
Error: error_code = 15; Access denied: user deactivated; id = 495267862
Error: error_code = 30; This profile is private; id = 594279299
Error: error_code = 30; This profile is private; id = 97621901
Error: error_code = 30; This profile is private; id = 176344103
Error: error_code = 15; Access denied: user deactivated; id = 710120811
Error: error_code = 30; This profile is private; id = 524813895
Error: error_code = 30; This profile is private; id = 211118903
Error: error_code = 30; This profile is private; id = 226635513
Error: error_code = 15; Access denied: user deactivated; id = 221545752
Error: error_code = 15; Access denied: user deactivated; id = 88756211
Error: error_code = 30; This profile is private; id = 82741311
Error: error_code = 30; This profile is private; id = 141751279
Error: error_code = 30; This profile is private; id = 9812110
Error: error_code = 30; This profile is private; id = 369173884
Error: error_code = 30; This profile is private; id = 346871667
Error: error_code = 30; This profile is private; id = 193959675
Error: error_code = 15; Access denied: user deactivated; id = 670177195
Error: error_code = 30; This profile is private; id = 463212669
Error: error_code = 30; This profile is private; id = 67000836
Error: error_code = 30; This profile is private; id = 20434569
Error: error_code = 30; This profile is private; id = 40883871
Error: error_code = 15; Access denied: user deactivated; id = 659581825
Error: error_code = 30; This profile is private; id = 526778490
Error: error_code = 30; This profile is private; id = 471481744
Error: error_code = 30; This profile is private; id = 564485094
Error: error_code = 30; This profile is private; id = 157421903
Error: error_code = 15; Access denied: user deactivated; id = 43249226
Error: error_code = 30; This profile is private; id = 586854640
Error: error_code = 30; This profile is private; id = 141243584
Error: error_code = 30; This profile is private; id = 226346678
Error: error_code = 30; This profile is private; id = 717167694
Error: error_code = 30; This profile is private; id = 398027089
Error: error_code = 30; This profile is private; id = 179863306
Error: error_code = 15; Access denied: user deactivated; id = 233310440
Error: error_code = 15; Access denied: user deactivated; id = 95855953
Error: error_code = 30; This profile is private; id = 712221644
Error: error_code = 30; This profile is private; id = 540330886
Error: error_code = 30; This profile is private; id = 15889131
Error: error_code = 30; This profile is private; id = 575435697
Error: error_code = 30; This profile is private; id = 202064789
Error: error_code = 30; This profile is private; id = 430519924
Error: error_code = 30; This profile is private; id = 74572816
Error: error_code = 30; This profile is private; id = 212110197
Error: error_code = 30; This profile is private; id = 498031560
Error: error_code = 30; This profile is private; id = 549812448
Error: error_code = 30; This profile is private; id = 502502712
Error: error_code = 30; This profile is private; id = 44192079
Error: error_code = 30; This profile is private; id = 387841925
Error: error_code = 30; This profile is private; id = 29331107
Error: error_code = 30; This profile is private; id = 538355792
Error: error_code = 15; Access denied: user deactivated; id = 338372349
Error: error_code = 30; This profile is private; id = 455238302
Error: error_code = 30; This profile is private; id = 518172700
Error: error_code = 30; This profile is private; id = 137905033
Error: error_code = 15; Access denied: user deactivated; id = 368731680
Error: error_code = 30; This profile is private; id = 324713652
Error: error_code = 30; This profile is private; id = 561080126
Error: error_code = 30; This profile is private; id = 396983
Error: error_code = 15; Access denied: user deactivated; id = 74255571
Error: error_code = 30; This profile is private; id = 480139656
Error: error_code = 30; This profile is private; id = 59465078
Error: error_code = 15; Access denied: user deactivated; id = 422295372
Error: error_code = 30; This profile is private; id = 291568171
Error: error_code = 30; This profile is private; id = 557699715
Error: error_code = 30; This profile is private; id = 171897367
Error: error_code = 30; This profile is private; id = 16723315
Error: error_code = 30; This profile is private; id = 591063806
Error: error_code = 30; This profile is private; id = 53564032
Error: error_code = 30; This profile is private; id = 2403536
Error: error_code = 30; This profile is private; id = 247496801
Error: error_code = 30; This profile is private; id = 142240543
Error: error_code = 30; This profile is private; id = 316955888
Error: error_code = 30; This profile is private; id = 31068386
Error: error_code = 30; This profile is private; id = 147439010
Error: error_code = 30; This profile is private; id = 477797700
Error: error_code = 30; This profile is private; id = 253529965
Error: error_code = 30; This profile is private; id = 208151320
Error: error_code = 15; Access denied: user deactivated; id = 175334242
Error: error_code = 30; This profile is private; id = 505462328
Error: error_code = 30; This profile is private; id = 373027838
Error: error_code = 30; This profile is private; id = 274244696
Error: error_code = 30; This profile is private; id = 206396886
Error: error_code = 30; This profile is private; id = 20769140
Error: error_code = 30; This profile is private; id = 245362947
Error: error_code = 30; This profile is private; id = 459584473
Error: error_code = 30; This profile is private; id = 432298241
Error: error_code = 30; This profile is private; id = 74247933
Error: error_code = 30; This profile is private; id = 625740433
Error: error_code = 15; Access denied: user deactivated; id = 311327997
Error: error_code = 30; This profile is private; id = 449866153
Error: error_code = 30; This profile is private; id = 336489589
Error: error_code = 30; This profile is private; id = 533965931
Error: error_code = 30; This profile is private; id = 73516751
Error: error_code = 15; Access denied: user deactivated; id = 423353280
Error: error_code = 30; This profile is private; id = 90941039
Error: error_code = 30; This profile is private; id = 84235311
Error: error_code = 15; Access denied: user deactivated; id = 631693431
Error: error_code = 15; Access denied: user deactivated; id = 336389734
Error: error_code = 30; This profile is private; id = 76627088
Error: error_code = 30; This profile is private; id = 283873837
Error: error_code = 15; Access denied: user deactivated; id = 354412664
Error: error_code = 15; Access denied: user deactivated; id = 215783211
Error: error_code = 15; Access denied: user deactivated; id = 133235768
Error: error_code = 30; This profile is private; id = 348316113
Error: error_code = 30; This profile is private; id = 113454526
Error: error_code = 30; This profile is private; id = 113679319
Error: error_code = 15; Access denied: user deactivated; id = 653969473
Error: error_code = 15; Access denied: user deactivated; id = 450124510
Error: error_code = 15; Access denied: user deactivated; id = 283795539
Error: error_code = 15; Access denied: user deactivated; id = 147417323
Error: error_code = 30; This profile is private; id = 495709906
Error: error_code = 30; This profile is private; id = 610941632
Error: error_code = 30; This profile is private; id = 627795476
Error: error_code = 15; Access denied: user deactivated; id = 213360716
Error: error_code = 30; This profile is private; id = 165533806
Error: error_code = 30; This profile is private; id = 20140628
Error: error_code = 30; This profile is private; id = 694048684
Error: error_code = 30; This profile is private; id = 363712596
Error: error_code = 15; Access denied: user deactivated; id = 711022439
Error: error_code = 15; Access denied: user deactivated; id = 142949352
Error: error_code = 30; This profile is private; id = 552417214
Error: error_code = 15; Access denied: user deactivated; id = 530812255
Error: error_code = 30; This profile is private; id = 257634213
Error: error_code = 15; Access denied: user deactivated; id = 397466588
Error: error_code = 30; This profile is private; id = 306367634
Error: error_code = 15; Access denied: user deactivated; id = 638247315
Error: error_code = 30; This profile is private; id = 659567399
Error: error_code = 30; This profile is private; id = 11475955
Error: error_code = 30; This profile is private; id = 503903312
Error: error_code = 30; This profile is private; id = 562564139
Error: error_code = 15; Access denied: user deactivated; id = 470382462
Error: error_code = 15; Access denied: user deactivated; id = 293924584
Error: error_code = 30; This profile is private; id = 612462511
Error: error_code = 30; This profile is private; id = 125870649
Error: error_code = 30; This profile is private; id = 557963312
Error: error_code = 15; Access denied: user deactivated; id = 487574524
Error: error_code = 15; Access denied: user deactivated; id = 268740396
Error: error_code = 30; This profile is private; id = 697420510
Error: error_code = 30; This profile is private; id = 637932643
Error: error_code = 30; This profile is private; id = 10476238
Error: error_code = 15; Access denied: user deactivated; id = 124540786
Error: error_code = 30; This profile is private; id = 548552000
Error: error_code = 30; This profile is private; id = 26602030
Error: error_code = 15; Access denied: user deactivated; id = 261071207
Error: error_code = 15; Access denied: user deactivated; id = 147689007
Error: error_code = 15; Access denied: user deactivated; id = 213375419
Error: error_code = 30; This profile is private; id = 626097085
Error: error_code = 15; Access denied: user deactivated; id = 221649014
Error: error_code = 30; This profile is private; id = 506616203
Error: error_code = 30; This profile is private; id = 27965245
Error: error_code = 30; This profile is private; id = 322998653
Error: error_code = 15; Access denied: user deactivated; id = 710121316
Error: error_code = 15; Access denied: user deactivated; id = 494661043
Error: error_code = 15; Access denied: user deactivated; id = 534345562
Error: error_code = 30; This profile is private; id = 1126271
Error: error_code = 30; This profile is private; id = 199610179
Error: error_code = 15; Access denied: user deactivated; id = 329778083
Error: error_code = 30; This profile is private; id = 630934897
Error: error_code = 15; Access denied: user deactivated; id = 140945892
Error: error_code = 15; Access denied: user deactivated; id = 629470168
Error: error_code = 30; This profile is private; id = 602590765
Error: error_code = 15; Access denied: user deactivated; id = 407044141
Error: error_code = 15; Access denied: user deactivated; id = 710123404
Error: error_code = 15; Access denied: user deactivated; id = 368622335
Error: error_code = 30; This profile is private; id = 501689152
Error: error_code = 30; This profile is private; id = 537875875
Error: error_code = 30; This profile is private; id = 255047647
Error: error_code = 30; This profile is private; id = 29316878
Error: error_code = 30; This profile is private; id = 694987168
Error: error_code = 30; This profile is private; id = 161276985
Error: error_code = 30; This profile is private; id = 94985519
Error: error_code = 15; Access denied: user deactivated; id = 193654800
Error: error_code = 30; This profile is private; id = 591458560
Error: error_code = 30; This profile is private; id = 13265558
Error: error_code = 30; This profile is private; id = 32096130
Error: error_code = 30; This profile is private; id = 668713648
Error: error_code = 30; This profile is private; id = 580312264
Error: error_code = 30; This profile is private; id = 579370667
Error: error_code = 30; This profile is private; id = 209061016
Error: error_code = 15; Access denied: user deactivated; id = 19157594
Error: error_code = 30; This profile is private; id = 463860683
Error: error_code = 30; This profile is private; id = 544415484
Error: error_code = 30; This profile is private; id = 176844055
Error: error_code = 15; Access denied: user deactivated; id = 538025410
Error: error_code = 30; This profile is private; id = 590050973
Error: error_code = 30; This profile is private; id = 679469735
Error: error_code = 15; Access denied: user deactivated; id = 268000228
Error: error_code = 30; This profile is private; id = 645693772
Error: error_code = 15; Access denied: user deactivated; id = 579204313
Error: error_code = 15; Access denied: user deactivated; id = 6419218
Error: error_code = 30; This profile is private; id = 558947812
Error: error_code = 15; Access denied: user deactivated; id = 146959096
Error: error_code = 30; This profile is private; id = 314223912
Error: error_code = 15; Access denied: user deactivated; id = 137883415
Error: error_code = 30; This profile is private; id = 558649443
Error: error_code = 30; This profile is private; id = 714492419
Error: error_code = 30; This profile is private; id = 418227224
Error: error_code = 30; This profile is private; id = 138690684
Error: error_code = 30; This profile is private; id = 121705424
Error: error_code = 15; Access denied: user deactivated; id = 289504737
Error: error_code = 15; Access denied: user deactivated; id = 572319446
Error: error_code = 30; This profile is private; id = 70600243
Error: error_code = 30; This profile is private; id = 326246070
Error: error_code = 30; This profile is private; id = 47054566
Error: error_code = 30; This profile is private; id = 476868489
Error: error_code = 30; This profile is private; id = 404598943
Error: error_code = 30; This profile is private; id = 336586938
Error: error_code = 30; This profile is private; id = 211747225
Error: error_code = 15; Access denied: user deactivated; id = 599397878
Error: error_code = 30; This profile is private; id = 210138466
Error: error_code = 30; This profile is private; id = 169736309
Error: error_code = 30; This profile is private; id = 308274367
Error: error_code = 30; This profile is private; id = 146321749
Error: error_code = 15; Access denied: user deactivated; id = 486321049
Error: error_code = 15; Access denied: user deactivated; id = 343016222
Error: error_code = 15; Access denied: user deactivated; id = 436566399
Error: error_code = 30; This profile is private; id = 187987501
Error: error_code = 30; This profile is private; id = 362061425
Error: error_code = 30; This profile is private; id = 642647829
Error: error_code = 30; This profile is private; id = 136419958
Error: error_code = 15; Access denied: user deactivated; id = 572858489
Error: error_code = 15; Access denied: user deactivated; id = 229729071
Error: error_code = 30; This profile is private; id = 406731384
Error: error_code = 30; This profile is private; id = 195689378
Error: error_code = 30; This profile is private; id = 303650481
Error: error_code = 30; This profile is private; id = 688533631
Error: error_code = 30; This profile is private; id = 16501286
Error: error_code = 30; This profile is private; id = 528988440
Error: error_code = 30; This profile is private; id = 29568236
Error: error_code = 15; Access denied: user deactivated; id = 560324972
Error: error_code = 30; This profile is private; id = 194109236
Error: error_code = 30; This profile is private; id = 1529611
Error: error_code = 30; This profile is private; id = 517429187
Error: error_code = 30; This profile is private; id = 214960004
Error: error_code = 15; Access denied: user deactivated; id = 205082444
Error: error_code = 30; This profile is private; id = 311114851
Error: error_code = 15; Access denied: user deactivated; id = 556454107
Error: error_code = 30; This profile is private; id = 105840
Error: error_code = 15; Access denied: user deactivated; id = 202869909
Error: error_code = 30; This profile is private; id = 89854461
Error: error_code = 30; This profile is private; id = 134203427
Error: error_code = 30; This profile is private; id = 52109875
Error: error_code = 30; This profile is private; id = 274730618
Error: error_code = 30; This profile is private; id = 270907311
Error: error_code = 15; Access denied: user deactivated; id = 219005520
Error: error_code = 30; This profile is private; id = 628635184
Error: error_code = 30; This profile is private; id = 642223556
Error: error_code = 30; This profile is private; id = 58038217
Error: error_code = 30; This profile is private; id = 208852179
Error: error_code = 30; This profile is private; id = 61411548
Error: error_code = 30; This profile is private; id = 403232179
Error: error_code = 30; This profile is private; id = 322100858
Error: error_code = 30; This profile is private; id = 91666897
Error: error_code = 30; This profile is private; id = 52957922
Error: error_code = 30; This profile is private; id = 142425256
Error: error_code = 30; This profile is private; id = 164508822
Error: error_code = 30; This profile is private; id = 88559934
Error: error_code = 30; This profile is private; id = 274120598
Error: error_code = 30; This profile is private; id = 546697725
Error: error_code = 30; This profile is private; id = 198791619
Error: error_code = 15; Access denied: user deactivated; id = 233610049
Error: error_code = 30; This profile is private; id = 172918831
Error: error_code = 30; This profile is private; id = 505872901
Error: error_code = 30; This profile is private; id = 508785825
Error: error_code = 30; This profile is private; id = 313942695
Error: error_code = 30; This profile is private; id = 146604063
Error: error_code = 30; This profile is private; id = 74038101
Error: error_code = 30; This profile is private; id = 693008687
Error: error_code = 30; This profile is private; id = 349666701
Error: error_code = 30; This profile is private; id = 253969200
Error: error_code = 30; This profile is private; id = 154229749
Error: error_code = 15; Access denied: user deactivated; id = 715189664
Error: error_code = 30; This profile is private; id = 172664127
Error: error_code = 15; Access denied: user deactivated; id = 5276350
Error: error_code = 30; This profile is private; id = 655849200
Error: error_code = 30; This profile is private; id = 61505683
Error: error_code = 15; Access denied: user deactivated; id = 47678532
Error: error_code = 30; This profile is private; id = 518545731
Error: error_code = 15; Access denied: user deactivated; id = 247955976
Error: error_code = 15; Access denied: user deactivated; id = 277226551
Error: error_code = 30; This profile is private; id = 455441033
Error: error_code = 30; This profile is private; id = 28841707
Error: error_code = 30; This profile is private; id = 632562689
Error: error_code = 30; This profile is private; id = 640368127
Error: error_code = 30; This profile is private; id = 505506127
Error: error_code = 30; This profile is private; id = 216815686
Error: error_code = 15; Access denied: user deactivated; id = 178724129
Error: error_code = 15; Access denied: user deactivated; id = 289219927
Error: error_code = 15; Access denied: user deactivated; id = 107661103
Error: error_code = 30; This profile is private; id = 256777110
Error: error_code = 15; Access denied: user deactivated; id = 422722329
Error: error_code = 30; This profile is private; id = 231213884
Error: error_code = 15; Access denied: user deactivated; id = 263659160
Error: error_code = 30; This profile is private; id = 377636474
Error: error_code = 30; This profile is private; id = 25637723
Error: error_code = 30; This profile is private; id = 534753889
Error: error_code = 30; This profile is private; id = 659772328
Error: error_code = 30; This profile is private; id = 1289755
Error: error_code = 30; This profile is private; id = 336128217
Error: error_code = 30; This profile is private; id = 26080359
Error: error_code = 30; This profile is private; id = 395104809
Error: error_code = 30; This profile is private; id = 276993036
Error: error_code = 30; This profile is private; id = 38213763
Error: error_code = 30; This profile is private; id = 209282642
Error: error_code = 30; This profile is private; id = 576282978
Error: error_code = 30; This profile is private; id = 496270204
Error: error_code = 30; This profile is private; id = 361211948
Error: error_code = 30; This profile is private; id = 22120599
Error: error_code = 30; This profile is private; id = 387076086
Error: error_code = 15; Access denied: user deactivated; id = 156624487
Error: error_code = 30; This profile is private; id = 281724689
Error: error_code = 30; This profile is private; id = 555757423
Error: error_code = 30; This profile is private; id = 7190770
Error: error_code = 30; This profile is private; id = 685758421
Error: error_code = 15; Access denied: user deactivated; id = 418201916
Error: error_code = 30; This profile is private; id = 1955832
Error: error_code = 15; Access denied: user deactivated; id = 158339996
Error: error_code = 30; This profile is private; id = 209554632
Error: error_code = 30; This profile is private; id = 629424533
Error: error_code = 15; Access denied: user deactivated; id = 261341250
Error: error_code = 30; This profile is private; id = 103108838
Error: error_code = 30; This profile is private; id = 188290675
Error: error_code = 30; This profile is private; id = 58497557
Error: error_code = 15; Access denied: user deactivated; id = 193923412
Error: error_code = 15; Access denied: user deactivated; id = 359128737
Error: error_code = 30; This profile is private; id = 30179357
Error: error_code = 30; This profile is private; id = 572844715
Error: error_code = 15; Access denied: user deactivated; id = 559040715
Error: error_code = 15; Access denied: user deactivated; id = 409984777
Error: error_code = 15; Access denied: user deactivated; id = 417117331
Error: error_code = 15; Access denied: user deactivated; id = 409629907
Error: error_code = 15; Access denied: user deactivated; id = 202600722
Error: error_code = 15; Access denied: user deactivated; id = 214136449
Error: error_code = 30; This profile is private; id = 179267040
Error: error_code = 30; This profile is private; id = 562972716
Error: error_code = 30; This profile is private; id = 31331891
Error: error_code = 30; This profile is private; id = 251838369
Error: error_code = 15; Access denied: user deactivated; id = 420019642
Error: error_code = 30; This profile is private; id = 504012107
Error: error_code = 30; This profile is private; id = 477909035
Error: error_code = 30; This profile is private; id = 188263583
Error: error_code = 30; This profile is private; id = 614752001
Error: error_code = 30; This profile is private; id = 563548456
Error: error_code = 30; This profile is private; id = 147032020
Error: error_code = 30; This profile is private; id = 60017381
Error: error_code = 15; Access denied: user deactivated; id = 715138327
Error: error_code = 30; This profile is private; id = 55927907
Error: error_code = 30; This profile is private; id = 20952005
Error: error_code = 15; Access denied: user deactivated; id = 541274987
Error: error_code = 30; This profile is private; id = 141695492
Error: error_code = 15; Access denied: user deactivated; id = 531706333
Error: error_code = 30; This profile is private; id = 387385828
Error: error_code = 30; This profile is private; id = 552958215
Error: error_code = 30; This profile is private; id = 7357429
Error: error_code = 30; This profile is private; id = 644031664
Error: error_code = 15; Access denied: user deactivated; id = 33981805
Error: error_code = 30; This profile is private; id = 132782633
Error: error_code = 15; Access denied: user deactivated; id = 264126033
Error: error_code = 30; This profile is private; id = 21894178
Error: error_code = 30; This profile is private; id = 132795870
Error: error_code = 15; Access denied: user deactivated; id = 225701604
Error: error_code = 30; This profile is private; id = 698154190
Error: error_code = 30; This profile is private; id = 386065103
Error: error_code = 15; Access denied: user deactivated; id = 214547424
Error: error_code = 30; This profile is private; id = 225404719
Error: error_code = 30; This profile is private; id = 677630356
Error: error_code = 30; This profile is private; id = 10295383
Error: error_code = 15; Access denied: user deactivated; id = 575284427
Error: error_code = 15; Access denied: user deactivated; id = 618996657
Error: error_code = 15; Access denied: user deactivated; id = 146672592
Error: error_code = 15; Access denied: user deactivated; id = 312474834
Error: error_code = 30; This profile is private; id = 413409378
Error: error_code = 30; This profile is private; id = 287379478
Error: error_code = 15; Access denied: user deactivated; id = 9216087
Error: error_code = 30; This profile is private; id = 594061471
Error: error_code = 30; This profile is private; id = 99916559
Error: error_code = 30; This profile is private; id = 106580965
Error: error_code = 30; This profile is private; id = 151658464
Error: error_code = 30; This profile is private; id = 253643076
Error: error_code = 30; This profile is private; id = 40243999
Error: error_code = 30; This profile is private; id = 188410666
Error: error_code = 15; Access denied: user deactivated; id = 310701671
Error: error_code = 30; This profile is private; id = 616637471
Error: error_code = 30; This profile is private; id = 486722373
Error: error_code = 30; This profile is private; id = 664607495
Error: error_code = 30; This profile is private; id = 183461127
Error: error_code = 30; This profile is private; id = 698560219
Error: error_code = 30; This profile is private; id = 257891805
Error: error_code = 30; This profile is private; id = 251750627
Error: error_code = 30; This profile is private; id = 552024027
Error: error_code = 30; This profile is private; id = 134385024
Error: error_code = 30; This profile is private; id = 557743205
Error: error_code = 30; This profile is private; id = 73984646
Error: error_code = 30; This profile is private; id = 504075753
Error: error_code = 30; This profile is private; id = 378602489
Error: error_code = 30; This profile is private; id = 86289695
Error: error_code = 30; This profile is private; id = 334785589
Error: error_code = 30; This profile is private; id = 133028474
Error: error_code = 15; Access denied: user deactivated; id = 614245769
Error: error_code = 30; This profile is private; id = 188085545
Error: error_code = 30; This profile is private; id = 471997889
Error: error_code = 30; This profile is private; id = 110095323
Error: error_code = 30; This profile is private; id = 554169494
Error: error_code = 30; This profile is private; id = 400650419
Error: error_code = 15; Access denied: user deactivated; id = 194798982
Error: error_code = 30; This profile is private; id = 515128409
Error: error_code = 30; This profile is private; id = 169527315
Error: error_code = 15; Access denied: user deactivated; id = 291046614
Error: error_code = 30; This profile is private; id = 32440154
Error: error_code = 30; This profile is private; id = 472816124
Error: error_code = 30; This profile is private; id = 46912181
Error: error_code = 30; This profile is private; id = 140873347
Error: error_code = 15; Access denied: user deactivated; id = 574001294
Error: error_code = 30; This profile is private; id = 418293301
Error: error_code = 15; Access denied: user deactivated; id = 210541876
Error: error_code = 30; This profile is private; id = 608263260
Error: error_code = 30; This profile is private; id = 77739708
Error: error_code = 30; This profile is private; id = 14237863
Error: error_code = 30; This profile is private; id = 477162259
Error: error_code = 30; This profile is private; id = 638618145
Error: error_code = 15; Access denied: user deactivated; id = 513248398
Error: error_code = 30; This profile is private; id = 75420023
Error: error_code = 30; This profile is private; id = 589494428
Error: error_code = 30; This profile is private; id = 210794335
Error: error_code = 30; This profile is private; id = 82535431
Error: error_code = 30; This profile is private; id = 60639359
Error: error_code = 30; This profile is private; id = 46577896
Error: error_code = 15; Access denied: user deactivated; id = 107298919
Error: error_code = 30; This profile is private; id = 438392168
Error: error_code = 30; This profile is private; id = 546094516
Error: error_code = 15; Access denied: user deactivated; id = 529204118
Error: error_code = 30; This profile is private; id = 715182095
Error: error_code = 30; This profile is private; id = 650001172
Error: error_code = 30; This profile is private; id = 63718172
Error: error_code = 30; This profile is private; id = 182563583
Error: error_code = 15; Access denied: user deactivated; id = 337688832
Error: error_code = 15; Access denied: user deactivated; id = 354571340
Error: error_code = 15; Access denied: user deactivated; id = 494531415
Error: error_code = 30; This profile is private; id = 662969307
Error: error_code = 15; Access denied: user deactivated; id = 715195069
Error: error_code = 15; Access denied: user deactivated; id = 240688942
Error: error_code = 15; Access denied: user deactivated; id = 26887386
Error: error_code = 15; Access denied: user deactivated; id = 536642230
Error: error_code = 15; Access denied: user deactivated; id = 6616213
Error: error_code = 30; This profile is private; id = 44562067
Error: error_code = 15; Access denied: user deactivated; id = 243661360
Error: error_code = 30; This profile is private; id = 394601929
Error: error_code = 30; This profile is private; id = 556646355
Error: error_code = 30; This profile is private; id = 675323691
Error: error_code = 30; This profile is private; id = 26870844
Error: error_code = 15; Access denied: user deactivated; id = 222374347
Error: error_code = 30; This profile is private; id = 186832543
Error: error_code = 30; This profile is private; id = 291487022
Error: error_code = 30; This profile is private; id = 68816480
Error: error_code = 30; This profile is private; id = 423233229
Error: error_code = 30; This profile is private; id = 357220090
Error: error_code = 15; Access denied: user deactivated; id = 229305337
Error: error_code = 30; This profile is private; id = 504637512
Error: error_code = 30; This profile is private; id = 582104552
Error: error_code = 30; This profile is private; id = 279036903
Error: error_code = 15; Access denied: user deactivated; id = 691358356
Error: error_code = 30; This profile is private; id = 610975336
Error: error_code = 15; Access denied: user deactivated; id = 55009897
Error: error_code = 30; This profile is private; id = 32373438
Error: error_code = 30; This profile is private; id = 590943801
Error: error_code = 15; Access denied: user deactivated; id = 643533770
Error: error_code = 15; Access denied: user deactivated; id = 210969100
Error: error_code = 30; This profile is private; id = 265302733
Error: error_code = 30; This profile is private; id = 458636274
Error: error_code = 30; This profile is private; id = 383814
Error: error_code = 15; Access denied: user deactivated; id = 221375615
Error: error_code = 30; This profile is private; id = 641193533
Error: error_code = 30; This profile is private; id = 148925366
Error: error_code = 30; This profile is private; id = 5809253
Error: error_code = 15; Access denied: user deactivated; id = 349697067
Error: error_code = 30; This profile is private; id = 156887848
Error: error_code = 15; Access denied: user deactivated; id = 715192117
Error: error_code = 15; Access denied: user deactivated; id = 430382929
Error: error_code = 30; This profile is private; id = 669617673
Error: error_code = 30; This profile is private; id = 461421119
Error: error_code = 30; This profile is private; id = 30693135
Error: error_code = 30; This profile is private; id = 22342751
Error: error_code = 30; This profile is private; id = 111206250
Error: error_code = 15; Access denied: user deactivated; id = 209626849
Error: error_code = 15; Access denied: user deactivated; id = 222487460
Error: error_code = 15; Access denied: user deactivated; id = 425309957
Error: error_code = 30; This profile is private; id = 494780550
Error: error_code = 30; This profile is private; id = 539055296
Error: error_code = 30; This profile is private; id = 212282142
Error: error_code = 30; This profile is private; id = 30067034
Error: error_code = 30; This profile is private; id = 27326078
Error: error_code = 30; This profile is private; id = 652812240
Error: error_code = 30; This profile is private; id = 1793968
Error: error_code = 15; Access denied: user deactivated; id = 210697491
Error: error_code = 15; Access denied: user deactivated; id = 193857225
Error: error_code = 30; This profile is private; id = 611736145
Error: error_code = 30; This profile is private; id = 136504664
Error: error_code = 30; This profile is private; id = 581494676
Error: error_code = 30; This profile is private; id = 6093110
Error: error_code = 15; Access denied: user deactivated; id = 74152299
Error: error_code = 30; This profile is private; id = 13574959
Error: error_code = 30; This profile is private; id = 15051866
Error: error_code = 30; This profile is private; id = 707569301
Error: error_code = 30; This profile is private; id = 148594846
Error: error_code = 15; Access denied: user deactivated; id = 214216172
Error: error_code = 30; This profile is private; id = 446649534
Error: error_code = 30; This profile is private; id = 581081081
Error: error_code = 15; Access denied: user deactivated; id = 200875712
Error: error_code = 30; This profile is private; id = 528660587
Error: error_code = 30; This profile is private; id = 474621892
Error: error_code = 30; This profile is private; id = 424628154
Error: error_code = 15; Access denied: user deactivated; id = 107932422
Error: error_code = 30; This profile is private; id = 119437434
Error: error_code = 15; Access denied: user deactivated; id = 354939580
Error: error_code = 30; This profile is private; id = 655436129
Error: error_code = 30; This profile is private; id = 242170857
Error: error_code = 30; This profile is private; id = 526183349
Error: error_code = 30; This profile is private; id = 460442775
Error: error_code = 30; This profile is private; id = 505206868
Error: error_code = 15; Access denied: user deactivated; id = 519998836
Error: error_code = 15; Access denied: user deactivated; id = 366149222
Error: error_code = 30; This profile is private; id = 381962285
Error: error_code = 15; Access denied: user deactivated; id = 146909593
Error: error_code = 30; This profile is private; id = 637566074
Error: error_code = 30; This profile is private; id = 466549972
Error: error_code = 30; This profile is private; id = 678702483
Error: error_code = 15; Access denied: user deactivated; id = 270947007
Error: error_code = 30; This profile is private; id = 59740769
Error: error_code = 30; This profile is private; id = 10957590
Error: error_code = 30; This profile is private; id = 440423763
Error: error_code = 15; Access denied: user deactivated; id = 408579558
Error: error_code = 30; This profile is private; id = 580285929
Error: error_code = 30; This profile is private; id = 698494142
Error: error_code = 15; Access denied: user deactivated; id = 299187272
Error: error_code = 30; This profile is private; id = 410848179
Error: error_code = 30; This profile is private; id = 557259215
Error: error_code = 15; Access denied: user deactivated; id = 701317006
Error: error_code = 15; Access denied: user deactivated; id = 431154668
Error: error_code = 30; This profile is private; id = 500309164
Error: error_code = 30; This profile is private; id = 473994573
Error: error_code = 30; This profile is private; id = 364288271
Error: error_code = 30; This profile is private; id = 611224411
Error: error_code = 30; This profile is private; id = 200615650
Error: error_code = 15; Access denied: user deactivated; id = 199491089
Error: error_code = 30; This profile is private; id = 25371181
Error: error_code = 30; This profile is private; id = 658984101
Error: error_code = 30; This profile is private; id = 199946115
Error: error_code = 30; This profile is private; id = 170520008
Error: error_code = 30; This profile is private; id = 388971316
Error: error_code = 15; Access denied: user deactivated; id = 572785130
Error: error_code = 15; Access denied: user deactivated; id = 360776868
Error: error_code = 15; Access denied: user deactivated; id = 519512130
Error: error_code = 15; Access denied: user deactivated; id = 402858125
Error: error_code = 30; This profile is private; id = 693702320
Error: error_code = 30; This profile is private; id = 191123088
Error: error_code = 15; Access denied: user deactivated; id = 374649443
Error: error_code = 30; This profile is private; id = 417082204
Error: error_code = 30; This profile is private; id = 196311751
Error: error_code = 30; This profile is private; id = 683386264
Error: error_code = 15; Access denied: user deactivated; id = 387824414
Error: error_code = 30; This profile is private; id = 332875855
Error: error_code = 30; This profile is private; id = 196925756
Error: error_code = 30; This profile is private; id = 531928188
Error: error_code = 30; This profile is private; id = 510838377
Error: error_code = 30; This profile is private; id = 179605099
Error: error_code = 30; This profile is private; id = 669843505
Error: error_code = 15; Access denied: user deactivated; id = 213153798
Error: error_code = 30; This profile is private; id = 308596506
Error: error_code = 15; Access denied: user deactivated; id = 84906735
Error: error_code = 30; This profile is private; id = 160503335
Error: error_code = 15; Access denied: user deactivated; id = 547938941
Error: error_code = 30; This profile is private; id = 35829536
Error: error_code = 15; Access denied: user deactivated; id = 31235087
Error: error_code = 15; Access denied: user deactivated; id = 373301044
Error: error_code = 30; This profile is private; id = 140347930
Error: error_code = 30; This profile is private; id = 41528121
Error: error_code = 30; This profile is private; id = 534881396
Error: error_code = 30; This profile is private; id = 542050536
Error: error_code = 30; This profile is private; id = 26726714
Error: error_code = 15; Access denied: user deactivated; id = 201332598
Error: error_code = 15; Access denied: user deactivated; id = 219734361
Error: error_code = 15; Access denied: user deactivated; id = 403802496
Error: error_code = 15; Access denied: user deactivated; id = 214901553
Error: error_code = 30; This profile is private; id = 186803366
Error: error_code = 30; This profile is private; id = 375349251
Error: error_code = 30; This profile is private; id = 52831312
Error: error_code = 30; This profile is private; id = 437693222
Error: error_code = 30; This profile is private; id = 86696746
Error: error_code = 30; This profile is private; id = 524472051
Error: error_code = 30; This profile is private; id = 644548434
Error: error_code = 30; This profile is private; id = 503862097
Error: error_code = 30; This profile is private; id = 498685575
Error: error_code = 30; This profile is private; id = 530124701
Error: error_code = 30; This profile is private; id = 135064098
Error: error_code = 30; This profile is private; id = 628005312
Error: error_code = 30; This profile is private; id = 359569835
Error: error_code = 15; Access denied: user deactivated; id = 218656361
Error: error_code = 30; This profile is private; id = 5968680
Error: error_code = 30; This profile is private; id = 555266808
Error: error_code = 30; This profile is private; id = 470267622
Error: error_code = 30; This profile is private; id = 50110078
Error: error_code = 15; Access denied: user deactivated; id = 132231291
Error: error_code = 15; Access denied: user deactivated; id = 164511541
Error: error_code = 30; This profile is private; id = 31132160
Error: error_code = 15; Access denied: user deactivated; id = 279042144
Error: error_code = 30; This profile is private; id = 483651834
Error: error_code = 30; This profile is private; id = 40273889
Error: error_code = 30; This profile is private; id = 712665898
Error: error_code = 30; This profile is private; id = 142629842
Error: error_code = 30; This profile is private; id = 46444463
Error: error_code = 15; Access denied: user deactivated; id = 7513486
Error: error_code = 15; Access denied: user deactivated; id = 215786804
Error: error_code = 15; Access denied: user deactivated; id = 482361826
Error: error_code = 30; This profile is private; id = 526697119
Error: error_code = 15; Access denied: user deactivated; id = 205972245
Error: error_code = 15; Access denied: user deactivated; id = 515944127
Error: error_code = 30; This profile is private; id = 601366117
Error: error_code = 30; This profile is private; id = 26927651
Error: error_code = 15; Access denied: user deactivated; id = 244026307
Error: error_code = 30; This profile is private; id = 548820225
Error: error_code = 30; This profile is private; id = 703240039
Error: error_code = 30; This profile is private; id = 589887183
Error: error_code = 15; Access denied: user deactivated; id = 161061150
Error: error_code = 30; This profile is private; id = 68548915
Error: error_code = 30; This profile is private; id = 283479483
Error: error_code = 30; This profile is private; id = 102894345
Error: error_code = 30; This profile is private; id = 2718587
Error: error_code = 30; This profile is private; id = 111893962
Error: error_code = 30; This profile is private; id = 387023711
Error: error_code = 30; This profile is private; id = 321123234
Error: error_code = 30; This profile is private; id = 50350484
Error: error_code = 15; Access denied: user deactivated; id = 449616894
Error: error_code = 15; Access denied: user deactivated; id = 296341339
Error: error_code = 30; This profile is private; id = 376066609
Error: error_code = 30; This profile is private; id = 388497834
Error: error_code = 30; This profile is private; id = 699601836
Error: error_code = 15; Access denied: user deactivated; id = 135130281
Error: error_code = 30; This profile is private; id = 660052070
Error: error_code = 15; Access denied: user deactivated; id = 418382041
Error: error_code = 15; Access denied: user deactivated; id = 217497920
Error: error_code = 15; Access denied: user deactivated; id = 58993
Error: error_code = 15; Access denied: user deactivated; id = 127124093
Error: error_code = 30; This profile is private; id = 5545642
Error: error_code = 30; This profile is private; id = 420341100
Error: error_code = 15; Access denied: user deactivated; id = 6439888
Error: error_code = 15; Access denied: user deactivated; id = 562181913
Error: error_code = 15; Access denied: user deactivated; id = 424511246
Error: error_code = 30; This profile is private; id = 446582473
Error: error_code = 30; This profile is private; id = 485409196
Error: error_code = 30; This profile is private; id = 578400721
Error: error_code = 30; This profile is private; id = 43056751
Error: error_code = 30; This profile is private; id = 216681440
Error: error_code = 15; Access denied: user deactivated; id = 556434012
Error: error_code = 30; This profile is private; id = 582569
Error: error_code = 30; This profile is private; id = 23333269
Error: error_code = 15; Access denied: user deactivated; id = 491888511
Error: error_code = 30; This profile is private; id = 14300326
Error: error_code = 30; This profile is private; id = 570780927
Error: error_code = 30; This profile is private; id = 324028378
Error: error_code = 30; This profile is private; id = 510235136
Error: error_code = 30; This profile is private; id = 5667507
Error: error_code = 15; Access denied: user deactivated; id = 217624449
Error: error_code = 15; Access denied: user deactivated; id = 539867777
Error: error_code = 15; Access denied: user deactivated; id = 363693459
Error: error_code = 30; This profile is private; id = 198491457
Error: error_code = 30; This profile is private; id = 156319038
Error: error_code = 30; This profile is private; id = 228879913
Error: error_code = 30; This profile is private; id = 201086449
Error: error_code = 30; This profile is private; id = 103038629
Error: error_code = 30; This profile is private; id = 424400095
Error: error_code = 30; This profile is private; id = 602362876
Error: error_code = 30; This profile is private; id = 514266477
Error: error_code = 30; This profile is private; id = 562581476
Error: error_code = 30; This profile is private; id = 234063068
Error: error_code = 30; This profile is private; id = 520850846
Error: error_code = 15; Access denied: user deactivated; id = 318768806
Error: error_code = 30; This profile is private; id = 71497258
Error: error_code = 15; Access denied: user deactivated; id = 188402634
Error: error_code = 15; Access denied: user deactivated; id = 299764404
Error: error_code = 30; This profile is private; id = 379901639
Error: error_code = 30; This profile is private; id = 280219586
Error: error_code = 15; Access denied: user deactivated; id = 24415377
Error: error_code = 15; Access denied: user deactivated; id = 195873494
Error: error_code = 30; This profile is private; id = 549296650
Error: error_code = 30; This profile is private; id = 441680262
Error: error_code = 15; Access denied: user deactivated; id = 715137923
Error: error_code = 30; This profile is private; id = 458556312
Error: error_code = 30; This profile is private; id = 156453681
Error: error_code = 30; This profile is private; id = 390517640
Error: error_code = 30; This profile is private; id = 17471036
Error: error_code = 30; This profile is private; id = 622622887
Error: error_code = 30; This profile is private; id = 711579014
Error: error_code = 15; Access denied: user deactivated; id = 135057373
Error: error_code = 30; This profile is private; id = 416505376
Error: error_code = 30; This profile is private; id = 171721865
Error: error_code = 30; This profile is private; id = 223575912
Error: error_code = 15; Access denied: user deactivated; id = 642716188
Error: error_code = 15; Access denied: user deactivated; id = 529207244
Error: error_code = 30; This profile is private; id = 428136289
Error: error_code = 30; This profile is private; id = 430288994
Error: error_code = 30; This profile is private; id = 31314578
Error: error_code = 30; This profile is private; id = 268319869
Error: error_code = 30; This profile is private; id = 635864963
Error: error_code = 15; Access denied: user deactivated; id = 170357498
Error: error_code = 30; This profile is private; id = 170989192
Error: error_code = 30; This profile is private; id = 197497942
Error: error_code = 15; Access denied: user deactivated; id = 528337287
Error: error_code = 15; Access denied: user deactivated; id = 300347641
Error: error_code = 30; This profile is private; id = 602642680
Error: error_code = 30; This profile is private; id = 331055672
Error: error_code = 15; Access denied: user deactivated; id = 431897352
Error: error_code = 30; This profile is private; id = 460390886
Error: error_code = 15; Access denied: user deactivated; id = 713837820
Error: error_code = 30; This profile is private; id = 408942755
Error: error_code = 30; This profile is private; id = 402458469
Error: error_code = 30; This profile is private; id = 27412616
Error: error_code = 15; Access denied: user deactivated; id = 20466090
Error: error_code = 30; This profile is private; id = 284104367
Error: error_code = 30; This profile is private; id = 66488708
Error: error_code = 30; This profile is private; id = 10146111
Error: error_code = 30; This profile is private; id = 22013655
Error: error_code = 15; Access denied: user deactivated; id = 461731588
Error: error_code = 30; This profile is private; id = 445948752
Error: error_code = 15; Access denied: user deactivated; id = 207711015
Error: error_code = 30; This profile is private; id = 679813610
Error: error_code = 30; This profile is private; id = 233150177
Error: error_code = 30; This profile is private; id = 170132974
Error: error_code = 30; This profile is private; id = 108381098
Error: error_code = 30; This profile is private; id = 315654588
Error: error_code = 30; This profile is private; id = 382641614
Error: error_code = 15; Access denied: user deactivated; id = 289635748
Error: error_code = 15; Access denied: user deactivated; id = 626581363
Error: error_code = 30; This profile is private; id = 213598084
Error: error_code = 15; Access denied: user deactivated; id = 465370839
Error: error_code = 30; This profile is private; id = 436358314
Error: error_code = 15; Access denied: user deactivated; id = 325601800
Error: error_code = 30; This profile is private; id = 476261673
Error: error_code = 30; This profile is private; id = 424928836
Error: error_code = 15; Access denied: user deactivated; id = 188194765
Error: error_code = 15; Access denied: user deactivated; id = 651179740
Error: error_code = 30; This profile is private; id = 179965359
Error: error_code = 15; Access denied: user deactivated; id = 22944593
Error: error_code = 30; This profile is private; id = 103852739
Error: error_code = 15; Access denied: user deactivated; id = 558093652
Error: error_code = 15; Access denied: user deactivated; id = 407109429
Error: error_code = 30; This profile is private; id = 648733802
Error: error_code = 15; Access denied: user deactivated; id = 3052616
Error: error_code = 15; Access denied: user deactivated; id = 428457943
Error: error_code = 15; Access denied: user deactivated; id = 301110499
Error: error_code = 30; This profile is private; id = 253512124
Error: error_code = 15; Access denied: user deactivated; id = 110154220
Error: error_code = 30; This profile is private; id = 469044981
Error: error_code = 30; This profile is private; id = 94324830
Error: error_code = 30; This profile is private; id = 375039952
Error: error_code = 30; This profile is private; id = 512159355
Error: error_code = 30; This profile is private; id = 67382154
Error: error_code = 30; This profile is private; id = 501247457
Error: error_code = 30; This profile is private; id = 392149014
Error: error_code = 30; This profile is private; id = 64837349
Error: error_code = 30; This profile is private; id = 601853570
Error: error_code = 30; This profile is private; id = 354344971
Error: error_code = 30; This profile is private; id = 272011209
Error: error_code = 15; Access denied: user deactivated; id = 485764964
Error: error_code = 30; This profile is private; id = 116352966
Error: error_code = 15; Access denied: user deactivated; id = 200127775
Error: error_code = 30; This profile is private; id = 199124805
Error: error_code = 15; Access denied: user deactivated; id = 448223609
Error: error_code = 30; This profile is private; id = 72151812
Error: error_code = 15; Access denied: user deactivated; id = 221682413
Error: error_code = 15; Access denied: user deactivated; id = 559957988
Error: error_code = 15; Access denied: user deactivated; id = 148528017
Error: error_code = 30; This profile is private; id = 155423365
Error: error_code = 30; This profile is private; id = 92736944
Error: error_code = 30; This profile is private; id = 148906398
Error: error_code = 15; Access denied: user deactivated; id = 402831930
Error: error_code = 15; Access denied: user deactivated; id = 191766664
Error: error_code = 30; This profile is private; id = 334256533
Error: error_code = 30; This profile is private; id = 562658239
Error: error_code = 30; This profile is private; id = 582626771
Error: error_code = 30; This profile is private; id = 636204039
Error: error_code = 30; This profile is private; id = 221604015
Error: error_code = 15; Access denied: user deactivated; id = 212646412
Error: error_code = 30; This profile is private; id = 510873278
Error: error_code = 15; Access denied: user deactivated; id = 384342752
Error: error_code = 30; This profile is private; id = 700158719
Error: error_code = 30; This profile is private; id = 194055967
Error: error_code = 30; This profile is private; id = 553741635
Error: error_code = 30; This profile is private; id = 30345006
Error: error_code = 15; Access denied: user deactivated; id = 293043058
Error: error_code = 30; This profile is private; id = 144082089
Error: error_code = 30; This profile is private; id = 292695765
Error: error_code = 15; Access denied: user deactivated; id = 366779210
Error: error_code = 30; This profile is private; id = 237869861
Error: error_code = 15; Access denied: user deactivated; id = 241614965
Error: error_code = 30; This profile is private; id = 265116174
Error: error_code = 30; This profile is private; id = 541859576
Error: error_code = 30; This profile is private; id = 372218404
Error: error_code = 30; This profile is private; id = 607595627
Error: error_code = 30; This profile is private; id = 136106104
Error: error_code = 30; This profile is private; id = 239476444
Error: error_code = 30; This profile is private; id = 209173393
Error: error_code = 15; Access denied: user deactivated; id = 701318608
Error: error_code = 15; Access denied: user deactivated; id = 8872479
Error: error_code = 15; Access denied: user deactivated; id = 191805974
Error: error_code = 30; This profile is private; id = 36842657
Error: error_code = 15; Access denied: user deactivated; id = 195012277
Error: error_code = 30; This profile is private; id = 677333323
Error: error_code = 30; This profile is private; id = 605571657
Error: error_code = 30; This profile is private; id = 528763545
Error: error_code = 30; This profile is private; id = 414306466
Error: error_code = 15; Access denied: user deactivated; id = 226647505
Error: error_code = 15; Access denied: user deactivated; id = 389184684
Error: error_code = 15; Access denied: user deactivated; id = 307259693
Error: error_code = 15; Access denied: user deactivated; id = 334203929
Error: error_code = 30; This profile is private; id = 627011203
Error: error_code = 15; Access denied: user deactivated; id = 216809009
Error: error_code = 30; This profile is private; id = 499484274
Error: error_code = 30; This profile is private; id = 175819059
Error: error_code = 30; This profile is private; id = 608678370
Error: error_code = 30; This profile is private; id = 33823852
Error: error_code = 15; Access denied: user deactivated; id = 95863195
Error: error_code = 15; Access denied: user deactivated; id = 272751540
Error: error_code = 30; This profile is private; id = 409656533
Error: error_code = 30; This profile is private; id = 195874231
Error: error_code = 30; This profile is private; id = 72640595
Error: error_code = 30; This profile is private; id = 510665151
Error: error_code = 15; Access denied: user deactivated; id = 451690801
Error: error_code = 30; This profile is private; id = 306351002
Error: error_code = 30; This profile is private; id = 180053122
Error: error_code = 30; This profile is private; id = 17158863
Error: error_code = 15; Access denied: user deactivated; id = 427610219
Error: error_code = 30; This profile is private; id = 55597913
Error: error_code = 30; This profile is private; id = 563477552
Error: error_code = 15; Access denied: user deactivated; id = 168186275
Error: error_code = 30; This profile is private; id = 67722984
Error: error_code = 30; This profile is private; id = 164773736
Error: error_code = 30; This profile is private; id = 112098211
Error: error_code = 30; This profile is private; id = 715022326
Error: error_code = 30; This profile is private; id = 707111690
Error: error_code = 15; Access denied: user deactivated; id = 483441012
Error: error_code = 15; Access denied: user deactivated; id = 663669705
Error: error_code = 30; This profile is private; id = 414129214
Error: error_code = 30; This profile is private; id = 463542194
Error: error_code = 30; This profile is private; id = 115177651
Error: error_code = 15; Access denied: user deactivated; id = 175389309
Error: error_code = 30; This profile is private; id = 77840276
Error: error_code = 30; This profile is private; id = 701510773
Error: error_code = 30; This profile is private; id = 59903441
Error: error_code = 15; Access denied: user deactivated; id = 401812792
Error: error_code = 30; This profile is private; id = 570663145
Error: error_code = 30; This profile is private; id = 15222844
Error: error_code = 15; Access denied: user deactivated; id = 539396940
Error: error_code = 15; Access denied: user deactivated; id = 302048403
Error: error_code = 15; Access denied: user deactivated; id = 237979306
Error: error_code = 30; This profile is private; id = 714733502
Error: error_code = 30; This profile is private; id = 436063823
Error: error_code = 15; Access denied: user deactivated; id = 620592158
Error: error_code = 15; Access denied: user deactivated; id = 262991062
Error: error_code = 30; This profile is private; id = 245653127
Error: error_code = 30; This profile is private; id = 37768015
Error: error_code = 30; This profile is private; id = 623854175
Error: error_code = 30; This profile is private; id = 613916411
Error: error_code = 30; This profile is private; id = 574571164
Error: error_code = 30; This profile is private; id = 686431758
Error: error_code = 30; This profile is private; id = 576275061
Error: error_code = 30; This profile is private; id = 132635314
Error: error_code = 15; Access denied: user deactivated; id = 47604842
Error: error_code = 30; This profile is private; id = 221810661
Error: error_code = 30; This profile is private; id = 666579869
Error: error_code = 30; This profile is private; id = 412673102
Error: error_code = 30; This profile is private; id = 164276087
Error: error_code = 15; Access denied: user deactivated; id = 401206426
Error: error_code = 15; Access denied: user deactivated; id = 13239382
Error: error_code = 15; Access denied: user deactivated; id = 553353705
Error: error_code = 15; Access denied: user deactivated; id = 326797598
Error: error_code = 30; This profile is private; id = 568548849
Error: error_code = 30; This profile is private; id = 620930312
Error: error_code = 15; Access denied: user deactivated; id = 158290839
Error: error_code = 15; Access denied: user deactivated; id = 385027216
Error: error_code = 15; Access denied: user deactivated; id = 626471041
Error: error_code = 15; Access denied: user deactivated; id = 344369577
Error: error_code = 30; This profile is private; id = 647720467
Error: error_code = 15; Access denied: user deactivated; id = 224335491
Error: error_code = 30; This profile is private; id = 288429625
Error: error_code = 30; This profile is private; id = 6859736
Error: error_code = 30; This profile is private; id = 6157998
Error: error_code = 30; This profile is private; id = 93514129
Error: error_code = 30; This profile is private; id = 85384116
Error: error_code = 30; This profile is private; id = 228486730
Error: error_code = 30; This profile is private; id = 282413398
Error: error_code = 30; This profile is private; id = 485620404
Error: error_code = 15; Access denied: user deactivated; id = 517042678
Error: error_code = 15; Access denied: user deactivated; id = 203665353
Error: error_code = 30; This profile is private; id = 638470970
Error: error_code = 30; This profile is private; id = 3594538
Error: error_code = 30; This profile is private; id = 5587145
Error: error_code = 30; This profile is private; id = 169680678
Error: error_code = 15; Access denied: user deactivated; id = 42576441
Error: error_code = 30; This profile is private; id = 443658100
Error: error_code = 15; Access denied: user deactivated; id = 547970619
Error: error_code = 30; This profile is private; id = 459156271
Error: error_code = 15; Access denied: user deactivated; id = 682817253
Error: error_code = 15; Access denied: user deactivated; id = 433327542
Error: error_code = 30; This profile is private; id = 681950494
Error: error_code = 30; This profile is private; id = 14479672
Error: error_code = 15; Access denied: user deactivated; id = 322703115
Error: error_code = 30; This profile is private; id = 619434565
Error: error_code = 30; This profile is private; id = 332037247
Error: error_code = 15; Access denied: user deactivated; id = 279739908
Error: error_code = 30; This profile is private; id = 167707262
Error: error_code = 30; This profile is private; id = 672089838
Error: error_code = 30; This profile is private; id = 506042078
Error: error_code = 30; This profile is private; id = 705728267
Error: error_code = 15; Access denied: user deactivated; id = 227696896
Error: error_code = 30; This profile is private; id = 369826431
Error: error_code = 30; This profile is private; id = 292122469
Error: error_code = 30; This profile is private; id = 432411048
Error: error_code = 30; This profile is private; id = 518494116
Error: error_code = 30; This profile is private; id = 575666147
Error: error_code = 15; Access denied: user deactivated; id = 182232634
Error: error_code = 30; This profile is private; id = 309724833
Error: error_code = 15; Access denied: user deactivated; id = 441766635
Error: error_code = 30; This profile is private; id = 541935198
Error: error_code = 15; Access denied: user deactivated; id = 404823256
Error: error_code = 30; This profile is private; id = 158474384
Error: error_code = 30; This profile is private; id = 137036332
Error: error_code = 15; Access denied: user deactivated; id = 171540019
Error: error_code = 30; This profile is private; id = 680664721
Error: error_code = 30; This profile is private; id = 198852517
Error: error_code = 30; This profile is private; id = 416761159
Error: error_code = 30; This profile is private; id = 516074953
Error: error_code = 15; Access denied: user deactivated; id = 329449279
Error: error_code = 30; This profile is private; id = 135710396
Error: error_code = 30; This profile is private; id = 2073821
Error: error_code = 15; Access denied: user deactivated; id = 201557974
Error: error_code = 30; This profile is private; id = 688053851
Error: error_code = 30; This profile is private; id = 76558621
Error: error_code = 30; This profile is private; id = 39463117
Error: error_code = 30; This profile is private; id = 604425943
Error: error_code = 30; This profile is private; id = 660008549
Error: error_code = 30; This profile is private; id = 236515132
Error: error_code = 30; This profile is private; id = 244135148
Error: error_code = 30; This profile is private; id = 617224651
Error: error_code = 30; This profile is private; id = 109553922
Error: error_code = 30; This profile is private; id = 367462175
Error: error_code = 30; This profile is private; id = 596627130
Error: error_code = 30; This profile is private; id = 49039500
Error: error_code = 30; This profile is private; id = 6090285
Error: error_code = 30; This profile is private; id = 486675263
Error: error_code = 30; This profile is private; id = 585612568
Error: error_code = 15; Access denied: user deactivated; id = 690647037
Error: error_code = 15; Access denied: user deactivated; id = 425582668
Error: error_code = 30; This profile is private; id = 89330944
Error: error_code = 15; Access denied: user deactivated; id = 558542973
Error: error_code = 15; Access denied: user deactivated; id = 417518756
Error: error_code = 15; Access denied: user deactivated; id = 513971893
Error: error_code = 30; This profile is private; id = 216751040
Error: error_code = 15; Access denied: user deactivated; id = 342560618
Error: error_code = 30; This profile is private; id = 535711780
Error: error_code = 15; Access denied: user deactivated; id = 221364710
Error: error_code = 30; This profile is private; id = 13674949
Error: error_code = 30; This profile is private; id = 85784131
Error: error_code = 30; This profile is private; id = 581576143
Error: error_code = 30; This profile is private; id = 501549314
Error: error_code = 30; This profile is private; id = 344904975
Error: error_code = 30; This profile is private; id = 679920273
Error: error_code = 15; Access denied: user deactivated; id = 532178318
Error: error_code = 30; This profile is private; id = 111328985
Error: error_code = 30; This profile is private; id = 479116514
Error: error_code = 15; Access denied: user deactivated; id = 193532834
Error: error_code = 30; This profile is private; id = 292433763
Error: error_code = 30; This profile is private; id = 339933404
Error: error_code = 30; This profile is private; id = 339955963
Error: error_code = 30; This profile is private; id = 573428555
Error: error_code = 30; This profile is private; id = 331554738
Error: error_code = 15; Access denied: user deactivated; id = 387089611
Error: error_code = 30; This profile is private; id = 618109139
Error: error_code = 30; This profile is private; id = 452299369
Error: error_code = 30; This profile is private; id = 273714616
Error: error_code = 30; This profile is private; id = 602765202
Error: error_code = 30; This profile is private; id = 7006480
Error: error_code = 15; Access denied: user deactivated; id = 121102706
Error: error_code = 15; Access denied: user deactivated; id = 705802066
Error: error_code = 15; Access denied: user deactivated; id = 61741579
Error: error_code = 15; Access denied: user deactivated; id = 533346726
Error: error_code = 30; This profile is private; id = 160403642
Error: error_code = 15; Access denied: user deactivated; id = 287471791
Error: error_code = 30; This profile is private; id = 240077852
Error: error_code = 30; This profile is private; id = 589911969
Error: error_code = 15; Access denied: user deactivated; id = 29216932
Error: error_code = 15; Access denied: user deactivated; id = 606691351
Error: error_code = 15; Access denied: user deactivated; id = 539411704
Error: error_code = 30; This profile is private; id = 617922811
Error: error_code = 30; This profile is private; id = 353322220
Error: error_code = 30; This profile is private; id = 381031585
Error: error_code = 30; This profile is private; id = 354151037
Error: error_code = 30; This profile is private; id = 4058978
Error: error_code = 30; This profile is private; id = 581242353
Error: error_code = 30; This profile is private; id = 686582759
Error: error_code = 30; This profile is private; id = 168015000
Error: error_code = 15; Access denied: user deactivated; id = 161128007
Error: error_code = 15; Access denied: user deactivated; id = 246893612
Error: error_code = 30; This profile is private; id = 29320802
Error: error_code = 15; Access denied: user deactivated; id = 435118365
Error: error_code = 15; Access denied: user deactivated; id = 206915873
Error: error_code = 30; This profile is private; id = 564872690
Error: error_code = 15; Access denied: user deactivated; id = 415838525
Error: error_code = 30; This profile is private; id = 680896196
Error: error_code = 30; This profile is private; id = 193132454
Error: error_code = 15; Access denied: user deactivated; id = 479125658
Error: error_code = 30; This profile is private; id = 541742332
Error: error_code = 30; This profile is private; id = 194484477
Error: error_code = 30; This profile is private; id = 143148975
Error: error_code = 30; This profile is private; id = 127439837
Error: error_code = 15; Access denied: user deactivated; id = 263831399
Error: error_code = 30; This profile is private; id = 11340496
Error: error_code = 15; Access denied: user deactivated; id = 660631597
Error: error_code = 30; This profile is private; id = 40134460
Error: error_code = 15; Access denied: user deactivated; id = 376589211
Error: error_code = 30; This profile is private; id = 9956851
Error: error_code = 30; This profile is private; id = 396892895
Error: error_code = 30; This profile is private; id = 346944
Error: error_code = 15; Access denied: user deactivated; id = 402337450
Error: error_code = 15; Access denied: user deactivated; id = 181252859
Error: error_code = 30; This profile is private; id = 104263792
Error: error_code = 15; Access denied: user deactivated; id = 210396845
Error: error_code = 30; This profile is private; id = 56372605
Error: error_code = 30; This profile is private; id = 594478607
Error: error_code = 30; This profile is private; id = 475908465
Error: error_code = 30; This profile is private; id = 590075497
Error: error_code = 30; This profile is private; id = 613825857
Error: error_code = 30; This profile is private; id = 49676833
Error: error_code = 30; This profile is private; id = 542459835
Error: error_code = 15; Access denied: user deactivated; id = 44410222
Error: error_code = 30; This profile is private; id = 433006749
Error: error_code = 30; This profile is private; id = 112631260
Error: error_code = 30; This profile is private; id = 67438913
Error: error_code = 30; This profile is private; id = 424566839
Error: error_code = 30; This profile is private; id = 2260812
Error: error_code = 30; This profile is private; id = 217719991
Error: error_code = 30; This profile is private; id = 3883255
Error: error_code = 15; Access denied: user deactivated; id = 195568963
Error: error_code = 30; This profile is private; id = 519389292
Error: error_code = 15; Access denied: user deactivated; id = 138966604
Error: error_code = 15; Access denied: user deactivated; id = 562601728
Error: error_code = 30; This profile is private; id = 178804631
Error: error_code = 30; This profile is private; id = 647248387
Error: error_code = 15; Access denied: user deactivated; id = 442600754
Error: error_code = 30; This profile is private; id = 162760679
Error: error_code = 30; This profile is private; id = 398705190
Error: error_code = 30; This profile is private; id = 681392328
Error: error_code = 15; Access denied: user deactivated; id = 262142404
Error: error_code = 30; This profile is private; id = 19484842
Error: error_code = 30; This profile is private; id = 703261618
Error: error_code = 30; This profile is private; id = 654213236
Error: error_code = 15; Access denied: user deactivated; id = 421081594
Error: error_code = 15; Access denied: user deactivated; id = 204957367
Error: error_code = 30; This profile is private; id = 3593476
Error: error_code = 15; Access denied: user deactivated; id = 271359989
Error: error_code = 15; Access denied: user deactivated; id = 333781706
Error: error_code = 30; This profile is private; id = 138292738
Error: error_code = 15; Access denied: user deactivated; id = 296690122
Error: error_code = 30; This profile is private; id = 494174446
Error: error_code = 30; This profile is private; id = 328131607
Error: error_code = 30; This profile is private; id = 118441306
Error: error_code = 30; This profile is private; id = 347779096
Error: error_code = 30; This profile is private; id = 93464560
Error: error_code = 30; This profile is private; id = 301551665
Error: error_code = 30; This profile is private; id = 199400676
Error: error_code = 15; Access denied: user deactivated; id = 230272486
Error: error_code = 15; Access denied: user deactivated; id = 321245346
Error: error_code = 15; Access denied: user deactivated; id = 365951076
Error: error_code = 15; Access denied: user deactivated; id = 506350650
Error: error_code = 15; Access denied: user deactivated; id = 433637001
Error: error_code = 30; This profile is private; id = 429673967
Error: error_code = 15; Access denied: user deactivated; id = 77452270
Error: error_code = 15; Access denied: user deactivated; id = 718139535
Error: error_code = 30; This profile is private; id = 384896592
Error: error_code = 30; This profile is private; id = 475355862
Error: error_code = 30; This profile is private; id = 696681222
Error: error_code = 30; This profile is private; id = 152686720
Error: error_code = 30; This profile is private; id = 198573671
Error: error_code = 15; Access denied: user deactivated; id = 526764572
Error: error_code = 15; Access denied: user deactivated; id = 282321476
Error: error_code = 15; Access denied: user deactivated; id = 713067559
Error: error_code = 30; This profile is private; id = 17013357
Error: error_code = 15; Access denied: user deactivated; id = 403229826
Error: error_code = 15; Access denied: user deactivated; id = 21282451
Error: error_code = 30; This profile is private; id = 541507097
Error: error_code = 15; Access denied: user deactivated; id = 601482955
Error: error_code = 30; This profile is private; id = 151121108
Error: error_code = 30; This profile is private; id = 637608393
Error: error_code = 15; Access denied: user deactivated; id = 178633929
Error: error_code = 30; This profile is private; id = 674699520
Error: error_code = 30; This profile is private; id = 69293392
Error: error_code = 30; This profile is private; id = 7814676
Error: error_code = 30; This profile is private; id = 111413824
Error: error_code = 30; This profile is private; id = 403034734
Error: error_code = 15; Access denied: user deactivated; id = 648477940
Error: error_code = 30; This profile is private; id = 251088272
Error: error_code = 15; Access denied: user deactivated; id = 224281143
Error: error_code = 15; Access denied: user deactivated; id = 622773355
Error: error_code = 15; Access denied: user deactivated; id = 251266058
Error: error_code = 15; Access denied: user deactivated; id = 344165514
Error: error_code = 15; Access denied: user deactivated; id = 361448692
Error: error_code = 30; This profile is private; id = 78320621
Error: error_code = 30; This profile is private; id = 9077411
Error: error_code = 15; Access denied: user deactivated; id = 221188584
Error: error_code = 15; Access denied: user deactivated; id = 467020287
Error: error_code = 30; This profile is private; id = 103143774
Error: error_code = 15; Access denied: user deactivated; id = 620550156
Error: error_code = 30; This profile is private; id = 163875403
Error: error_code = 30; This profile is private; id = 659067673
Error: error_code = 30; This profile is private; id = 73337797
Error: error_code = 30; This profile is private; id = 238686119
Error: error_code = 30; This profile is private; id = 248940347
Error: error_code = 15; Access denied: user deactivated; id = 200087115
Error: error_code = 30; This profile is private; id = 550375759
Error: error_code = 15; Access denied: user deactivated; id = 504195142
Error: error_code = 30; This profile is private; id = 626371593
Error: error_code = 15; Access denied: user deactivated; id = 408205481
Error: error_code = 30; This profile is private; id = 411567324
Error: error_code = 15; Access denied: user deactivated; id = 170544048
Error: error_code = 15; Access denied: user deactivated; id = 280453137
Error: error_code = 30; This profile is private; id = 700315970
Error: error_code = 30; This profile is private; id = 344484155
Error: error_code = 30; This profile is private; id = 675492266
Error: error_code = 30; This profile is private; id = 193323684
Error: error_code = 30; This profile is private; id = 501252868
Error: error_code = 15; Access denied: user deactivated; id = 431030770
Error: error_code = 30; This profile is private; id = 217763363
Error: error_code = 15; Access denied: user deactivated; id = 206453795
Error: error_code = 30; This profile is private; id = 270413743
Error: error_code = 30; This profile is private; id = 146161861
Error: error_code = 30; This profile is private; id = 623153275
Error: error_code = 15; Access denied: user deactivated; id = 408907660
Error: error_code = 15; Access denied: user deactivated; id = 481495434
Error: error_code = 30; This profile is private; id = 684108539
Error: error_code = 15; Access denied: user deactivated; id = 179216029
Error: error_code = 30; This profile is private; id = 196175185
Error: error_code = 30; This profile is private; id = 140386116
Error: error_code = 30; This profile is private; id = 11734365
Error: error_code = 15; Access denied: user deactivated; id = 310930485
Error: error_code = 30; This profile is private; id = 278374671
Error: error_code = 15; Access denied: user deactivated; id = 245835075
Error: error_code = 30; This profile is private; id = 5934032
Error: error_code = 30; This profile is private; id = 374664789
Error: error_code = 30; This profile is private; id = 690786241
Error: error_code = 30; This profile is private; id = 458519480
Error: error_code = 30; This profile is private; id = 670344131
Error: error_code = 15; Access denied: user deactivated; id = 635826704
Error: error_code = 30; This profile is private; id = 2449391
Error: error_code = 15; Access denied: user deactivated; id = 650070486
Error: error_code = 15; Access denied: user deactivated; id = 174803734
Error: error_code = 30; This profile is private; id = 451146583
Error: error_code = 15; Access denied: user deactivated; id = 648902324
Error: error_code = 15; Access denied: user deactivated; id = 415131038
Error: error_code = 30; This profile is private; id = 440632279
Error: error_code = 30; This profile is private; id = 389078164
Error: error_code = 15; Access denied: user deactivated; id = 518894980
Error: error_code = 30; This profile is private; id = 692199427
Error: error_code = 30; This profile is private; id = 6509854
Error: error_code = 15; Access denied: user deactivated; id = 129587595
Error: error_code = 30; This profile is private; id = 540392463
Error: error_code = 15; Access denied: user deactivated; id = 298486649
Error: error_code = 30; This profile is private; id = 271596375
Error: error_code = 30; This profile is private; id = 9292169
Error: error_code = 30; This profile is private; id = 27113111
Error: error_code = 30; This profile is private; id = 301391937
Error: error_code = 30; This profile is private; id = 135491817
Error: error_code = 15; Access denied: user deactivated; id = 397604255
Error: error_code = 30; This profile is private; id = 267865238
Error: error_code = 30; This profile is private; id = 28047622
Error: error_code = 30; This profile is private; id = 20690546
Error: error_code = 30; This profile is private; id = 545880616
Error: error_code = 15; Access denied: user deactivated; id = 638554089
Error: error_code = 15; Access denied: user deactivated; id = 212233923
Error: error_code = 30; This profile is private; id = 524676516
Error: error_code = 30; This profile is private; id = 64479037
Error: error_code = 30; This profile is private; id = 367326508
Error: error_code = 30; This profile is private; id = 527060805
Error: error_code = 30; This profile is private; id = 535110770
Error: error_code = 30; This profile is private; id = 433664890
Error: error_code = 30; This profile is private; id = 304911915
Error: error_code = 15; Access denied: user deactivated; id = 346719458
Error: error_code = 15; Access denied: user deactivated; id = 208225301
Error: error_code = 30; This profile is private; id = 594491588
Error: error_code = 30; This profile is private; id = 183521455
Error: error_code = 15; Access denied: user deactivated; id = 142364436
Error: error_code = 15; Access denied: user deactivated; id = 187610780
Error: error_code = 30; This profile is private; id = 190679509
Error: error_code = 15; Access denied: user deactivated; id = 411803347
Error: error_code = 15; Access denied: user deactivated; id = 152454943
Error: error_code = 30; This profile is private; id = 265708405
Error: error_code = 15; Access denied: user deactivated; id = 667418857
Error: error_code = 30; This profile is private; id = 394833997
Error: error_code = 30; This profile is private; id = 152277988
Error: error_code = 30; This profile is private; id = 653098160
Error: error_code = 30; This profile is private; id = 324717899
Error: error_code = 30; This profile is private; id = 313967640
Error: error_code = 30; This profile is private; id = 100346873
Error: error_code = 15; Access denied: user deactivated; id = 531595717
Error: error_code = 30; This profile is private; id = 59957257
Error: error_code = 15; Access denied: user deactivated; id = 348320813
Error: error_code = 15; Access denied: user deactivated; id = 204903749
Error: error_code = 30; This profile is private; id = 589075597
Error: error_code = 15; Access denied: user deactivated; id = 662474096
Error: error_code = 30; This profile is private; id = 137760054
Error: error_code = 30; This profile is private; id = 315430855
Error: error_code = 15; Access denied: user deactivated; id = 381303664
Error: error_code = 30; This profile is private; id = 588299060
Error: error_code = 30; This profile is private; id = 370100078
Error: error_code = 30; This profile is private; id = 267306359
Error: error_code = 30; This profile is private; id = 143022444
Error: error_code = 30; This profile is private; id = 260549051
Error: error_code = 15; Access denied: user deactivated; id = 500701310
Error: error_code = 30; This profile is private; id = 518929903
Error: error_code = 15; Access denied: user deactivated; id = 405681210
Error: error_code = 30; This profile is private; id = 23770032
Error: error_code = 30; This profile is private; id = 148041855
Error: error_code = 30; This profile is private; id = 60719191
Error: error_code = 15; Access denied: user deactivated; id = 500184986
Error: error_code = 30; This profile is private; id = 65485409
Error: error_code = 30; This profile is private; id = 269694886
Error: error_code = 30; This profile is private; id = 333348680
Error: error_code = 30; This profile is private; id = 598881549
Error: error_code = 15; Access denied: user deactivated; id = 5590379
Error: error_code = 30; This profile is private; id = 437902871
Error: error_code = 30; This profile is private; id = 681464673
Error: error_code = 30; This profile is private; id = 554328568
Error: error_code = 30; This profile is private; id = 159819945
Error: error_code = 15; Access denied: user deactivated; id = 60269213
Error: error_code = 30; This profile is private; id = 423823405
Error: error_code = 15; Access denied: user deactivated; id = 539884392
Error: error_code = 30; This profile is private; id = 287880386
Error: error_code = 15; Access denied: user deactivated; id = 37176421
Error: error_code = 15; Access denied: user deactivated; id = 700026165
Error: error_code = 30; This profile is private; id = 557304890
Error: error_code = 15; Access denied: user deactivated; id = 226758669
Error: error_code = 30; This profile is private; id = 569341020
Error: error_code = 15; Access denied: user deactivated; id = 231422797
Error: error_code = 30; This profile is private; id = 244337922
Error: error_code = 30; This profile is private; id = 359962802
Error: error_code = 30; This profile is private; id = 612859468
Error: error_code = 30; This profile is private; id = 1050052
Error: error_code = 30; This profile is private; id = 19915696
Error: error_code = 15; Access denied: user deactivated; id = 165164309
Error: error_code = 15; Access denied: user deactivated; id = 245525025
Error: error_code = 30; This profile is private; id = 698368802
Error: error_code = 30; This profile is private; id = 172108939
Error: error_code = 30; This profile is private; id = 364978922
Error: error_code = 30; This profile is private; id = 122210331
Error: error_code = 30; This profile is private; id = 554855649
Error: error_code = 30; This profile is private; id = 49930315
Error: error_code = 30; This profile is private; id = 19105882
Error: error_code = 30; This profile is private; id = 226918602
Error: error_code = 15; Access denied: user deactivated; id = 173947720
Error: error_code = 30; This profile is private; id = 592700850
Error: error_code = 30; This profile is private; id = 456999511
Error: error_code = 30; This profile is private; id = 2647896
Error: error_code = 30; This profile is private; id = 176062840
Error: error_code = 30; This profile is private; id = 201682119
Error: error_code = 30; This profile is private; id = 497824663
Error: error_code = 15; Access denied: user deactivated; id = 224057771
Error: error_code = 30; This profile is private; id = 4338382
Error: error_code = 30; This profile is private; id = 447792142
Error: error_code = 15; Access denied: user deactivated; id = 394666985
Error: error_code = 30; This profile is private; id = 575301023
Error: error_code = 30; This profile is private; id = 272708564
Error: error_code = 15; Access denied: user deactivated; id = 212555639
Error: error_code = 30; This profile is private; id = 15137159
Error: error_code = 15; Access denied: user deactivated; id = 394066207
Error: error_code = 15; Access denied: user deactivated; id = 517705962
Error: error_code = 30; This profile is private; id = 517644069
Error: error_code = 30; This profile is private; id = 643651183
Error: error_code = 30; This profile is private; id = 584017568
Error: error_code = 30; This profile is private; id = 468977331
Error: error_code = 30; This profile is private; id = 238162756
Error: error_code = 15; Access denied: user deactivated; id = 692016288
Error: error_code = 30; This profile is private; id = 539149430
Error: error_code = 30; This profile is private; id = 582581049
Error: error_code = 15; Access denied: user deactivated; id = 666662902
Error: error_code = 15; Access denied: user deactivated; id = 55770479
Error: error_code = 15; Access denied: user deactivated; id = 481679675
Error: error_code = 30; This profile is private; id = 3223399
Error: error_code = 15; Access denied: user deactivated; id = 282330099
Error: error_code = 30; This profile is private; id = 136907328
Error: error_code = 30; This profile is private; id = 57829087
Error: error_code = 30; This profile is private; id = 232935238
Error: error_code = 30; This profile is private; id = 677752770
Error: error_code = 15; Access denied: user deactivated; id = 537776547
Error: error_code = 15; Access denied: user deactivated; id = 162565233
Error: error_code = 30; This profile is private; id = 575350135
Error: error_code = 30; This profile is private; id = 552834121
Error: error_code = 30; This profile is private; id = 120470345
Error: error_code = 30; This profile is private; id = 586377744
Error: error_code = 30; This profile is private; id = 614094976
Error: error_code = 15; Access denied: user deactivated; id = 519354967
Error: error_code = 30; This profile is private; id = 496492464
Error: error_code = 30; This profile is private; id = 253824805
Error: error_code = 30; This profile is private; id = 323753534
Error: error_code = 30; This profile is private; id = 2887107
Error: error_code = 30; This profile is private; id = 20567996
Error: error_code = 30; This profile is private; id = 445684699
Error: error_code = 30; This profile is private; id = 380533583
Error: error_code = 30; This profile is private; id = 230442344
Error: error_code = 30; This profile is private; id = 679614706
Error: error_code = 30; This profile is private; id = 192950509
Error: error_code = 30; This profile is private; id = 586758638
Error: error_code = 30; This profile is private; id = 145061325
Error: error_code = 30; This profile is private; id = 10005796
Error: error_code = 30; This profile is private; id = 583904834
Error: error_code = 30; This profile is private; id = 464163832
Error: error_code = 15; Access denied: user deactivated; id = 369984464
Error: error_code = 30; This profile is private; id = 492433613
Error: error_code = 15; Access denied: user deactivated; id = 175706375
Error: error_code = 30; This profile is private; id = 337842928
Error: error_code = 30; This profile is private; id = 6168490
Error: error_code = 15; Access denied: user deactivated; id = 247195591
Error: error_code = 30; This profile is private; id = 367080676
Error: error_code = 30; This profile is private; id = 253880506
Error: error_code = 30; This profile is private; id = 460540519
Error: error_code = 30; This profile is private; id = 467105830
Error: error_code = 30; This profile is private; id = 198545838
Error: error_code = 15; Access denied: user deactivated; id = 354728172
Error: error_code = 30; This profile is private; id = 17059555
Error: error_code = 30; This profile is private; id = 394473819
Error: error_code = 30; This profile is private; id = 205304228
Error: error_code = 30; This profile is private; id = 224657913
Error: error_code = 30; This profile is private; id = 660947849
Error: error_code = 15; Access denied: user deactivated; id = 419585599
Error: error_code = 30; This profile is private; id = 474368863
Error: error_code = 15; Access denied: user deactivated; id = 421520790
Error: error_code = 30; This profile is private; id = 703288591
Error: error_code = 15; Access denied: user deactivated; id = 97849706
Error: error_code = 30; This profile is private; id = 436867112
Error: error_code = 30; This profile is private; id = 64633664
Error: error_code = 15; Access denied: user deactivated; id = 587593192
Error: error_code = 30; This profile is private; id = 19051425
Error: error_code = 15; Access denied: user deactivated; id = 279789960
Error: error_code = 30; This profile is private; id = 556388447
Error: error_code = 30; This profile is private; id = 351989580
Error: error_code = 30; This profile is private; id = 148054514
Error: error_code = 30; This profile is private; id = 296936272
Error: error_code = 30; This profile is private; id = 546875828
Error: error_code = 30; This profile is private; id = 709737724
Error: error_code = 30; This profile is private; id = 603469649
Error: error_code = 30; This profile is private; id = 194535934
Error: error_code = 30; This profile is private; id = 410528350
Error: error_code = 30; This profile is private; id = 7417069
Error: error_code = 30; This profile is private; id = 169885331
Error: error_code = 30; This profile is private; id = 617798888
Error: error_code = 30; This profile is private; id = 676477723
Error: error_code = 30; This profile is private; id = 62934041
Error: error_code = 15; Access denied: user deactivated; id = 349143630
Error: error_code = 15; Access denied: user deactivated; id = 371376722
Error: error_code = 30; This profile is private; id = 428133652
Error: error_code = 15; Access denied: user deactivated; id = 402732684
Error: error_code = 30; This profile is private; id = 233175019
Error: error_code = 30; This profile is private; id = 542867323
Error: error_code = 30; This profile is private; id = 417097203
Error: error_code = 30; This profile is private; id = 320748078
Error: error_code = 15; Access denied: user deactivated; id = 236473174
Error: error_code = 30; This profile is private; id = 563252129
Error: error_code = 30; This profile is private; id = 698870571
Error: error_code = 15; Access denied: user deactivated; id = 410111994
Error: error_code = 15; Access denied: user deactivated; id = 646836939
Error: error_code = 15; Access denied: user deactivated; id = 150612402
Error: error_code = 15; Access denied: user deactivated; id = 235690735
Error: error_code = 30; This profile is private; id = 22202538
Error: error_code = 15; Access denied: user deactivated; id = 84672974
Error: error_code = 30; This profile is private; id = 277229852
Error: error_code = 30; This profile is private; id = 700379313
Error: error_code = 15; Access denied: user deactivated; id = 226503161
Error: error_code = 30; This profile is private; id = 265499022
Error: error_code = 30; This profile is private; id = 181245839
Error: error_code = 15; Access denied: user deactivated; id = 271312141
Error: error_code = 30; This profile is private; id = 193811633
Error: error_code = 15; Access denied: user deactivated; id = 562599706
Error: error_code = 30; This profile is private; id = 618432155
Error: error_code = 30; This profile is private; id = 553019860
Error: error_code = 30; This profile is private; id = 5664526
Error: error_code = 30; This profile is private; id = 160137178
Error: error_code = 30; This profile is private; id = 456220664
Error: error_code = 30; This profile is private; id = 83894042
Error: error_code = 15; Access denied: user deactivated; id = 702875929
Error: error_code = 15; Access denied: user deactivated; id = 139116958
Error: error_code = 15; Access denied: user deactivated; id = 538714669
Error: error_code = 30; This profile is private; id = 305082176
Error: error_code = 30; This profile is private; id = 483138166
Error: error_code = 30; This profile is private; id = 554122053
Error: error_code = 15; Access denied: user deactivated; id = 260652173
Error: error_code = 30; This profile is private; id = 54624321
Error: error_code = 30; This profile is private; id = 232204651
Error: error_code = 30; This profile is private; id = 598058217
Error: error_code = 30; This profile is private; id = 21634904
Error: error_code = 30; This profile is private; id = 687827822
Error: error_code = 30; This profile is private; id = 454857871
Error: error_code = 30; This profile is private; id = 558732793
Error: error_code = 30; This profile is private; id = 583366210
Error: error_code = 30; This profile is private; id = 302099788
Error: error_code = 30; This profile is private; id = 288985257
Error: error_code = 30; This profile is private; id = 382227798
Error: error_code = 30; This profile is private; id = 235844233
Error: error_code = 30; This profile is private; id = 637179093
Error: error_code = 30; This profile is private; id = 54429417
Error: error_code = 15; Access denied: user deactivated; id = 200393763
Error: error_code = 30; This profile is private; id = 305890168
Error: error_code = 30; This profile is private; id = 413812358
Error: error_code = 15; Access denied: user deactivated; id = 241731549
Error: error_code = 30; This profile is private; id = 445168638
Error: error_code = 30; This profile is private; id = 383648296
Error: error_code = 30; This profile is private; id = 114988197
Error: error_code = 15; Access denied: user deactivated; id = 557382129
Error: error_code = 30; This profile is private; id = 322760111
Error: error_code = 30; This profile is private; id = 425603674
Error: error_code = 15; Access denied: user deactivated; id = 30448449
Error: error_code = 30; This profile is private; id = 7721764
Error: error_code = 15; Access denied: user deactivated; id = 226109047
Error: error_code = 30; This profile is private; id = 198935972
Error: error_code = 30; This profile is private; id = 126351755
Error: error_code = 15; Access denied: user deactivated; id = 52978683
Error: error_code = 30; This profile is private; id = 446232129
Error: error_code = 30; This profile is private; id = 392922371
Error: error_code = 15; Access denied: user deactivated; id = 365966261
Error: error_code = 15; Access denied: user deactivated; id = 62388634
Error: error_code = 30; This profile is private; id = 469030285
Error: error_code = 15; Access denied: user deactivated; id = 521405766
Error: error_code = 30; This profile is private; id = 28890129
Error: error_code = 30; This profile is private; id = 350342338
Error: error_code = 30; This profile is private; id = 40421520
Error: error_code = 30; This profile is private; id = 87933649
Error: error_code = 15; Access denied: user deactivated; id = 435792357
Error: error_code = 30; This profile is private; id = 336660718
Error: error_code = 15; Access denied: user deactivated; id = 199178658
Error: error_code = 30; This profile is private; id = 663447191
Error: error_code = 30; This profile is private; id = 47197355
Error: error_code = 30; This profile is private; id = 594914558
Error: error_code = 15; Access denied: user deactivated; id = 220880264
Error: error_code = 30; This profile is private; id = 72136041
Error: error_code = 30; This profile is private; id = 283866107
Error: error_code = 15; Access denied: user deactivated; id = 180849784
Error: error_code = 30; This profile is private; id = 186996731
Error: error_code = 30; This profile is private; id = 672547637
Error: error_code = 15; Access denied: user deactivated; id = 224612016
Error: error_code = 30; This profile is private; id = 141465410
Error: error_code = 30; This profile is private; id = 242775873
Error: error_code = 30; This profile is private; id = 618523073
Error: error_code = 30; This profile is private; id = 373027038
Error: error_code = 30; This profile is private; id = 8339818
Error: error_code = 30; This profile is private; id = 2046566
Error: error_code = 30; This profile is private; id = 153053223
Error: error_code = 30; This profile is private; id = 552094069
Error: error_code = 30; This profile is private; id = 338489057
Error: error_code = 15; Access denied: user deactivated; id = 41008905
Error: error_code = 15; Access denied: user deactivated; id = 393190502
Error: error_code = 15; Access denied: user deactivated; id = 158021999
Error: error_code = 30; This profile is private; id = 5556567
Error: error_code = 15; Access denied: user deactivated; id = 364303354
Error: error_code = 30; This profile is private; id = 194590187
Error: error_code = 30; This profile is private; id = 558189770
Error: error_code = 15; Access denied: user deactivated; id = 59106722
Error: error_code = 15; Access denied: user deactivated; id = 201900737
Error: error_code = 15; Access denied: user deactivated; id = 59277311
Error: error_code = 30; This profile is private; id = 535363882
Error: error_code = 30; This profile is private; id = 79666138
Error: error_code = 30; This profile is private; id = 614799220
Error: error_code = 30; This profile is private; id = 564021039
Error: error_code = 15; Access denied: user deactivated; id = 544102238
Error: error_code = 15; Access denied: user deactivated; id = 565741060
Error: error_code = 30; This profile is private; id = 458282590
Error: error_code = 30; This profile is private; id = 594658332
Error: error_code = 30; This profile is private; id = 668691197
Error: error_code = 30; This profile is private; id = 227401881
Error: error_code = 30; This profile is private; id = 300984972
Error: error_code = 15; Access denied: user deactivated; id = 189234523
Error: error_code = 15; Access denied: user deactivated; id = 229956780
Error: error_code = 30; This profile is private; id = 633901730
Error: error_code = 30; This profile is private; id = 197199752
Error: error_code = 30; This profile is private; id = 244245506
Error: error_code = 15; Access denied: user deactivated; id = 419491346
Error: error_code = 15; Access denied: user deactivated; id = 464981499
Error: error_code = 30; This profile is private; id = 151259677
Error: error_code = 15; Access denied: user deactivated; id = 662397625
Error: error_code = 30; This profile is private; id = 622034128
Error: error_code = 30; This profile is private; id = 354081119
Error: error_code = 30; This profile is private; id = 135536992
Error: error_code = 30; This profile is private; id = 329101497
Error: error_code = 30; This profile is private; id = 15740100
Error: error_code = 30; This profile is private; id = 3307575
Error: error_code = 30; This profile is private; id = 270155887
Error: error_code = 30; This profile is private; id = 448092020
Error: error_code = 15; Access denied: user deactivated; id = 214813822
Error: error_code = 30; This profile is private; id = 579127102
Error: error_code = 30; This profile is private; id = 6734817
Error: error_code = 30; This profile is private; id = 569429768
Error: error_code = 30; This profile is private; id = 141052627
Error: error_code = 15; Access denied: user deactivated; id = 222374703
Error: error_code = 15; Access denied: user deactivated; id = 229717953
Error: error_code = 15; Access denied: user deactivated; id = 631679881
Error: error_code = 15; Access denied: user deactivated; id = 338797012
Error: error_code = 30; This profile is private; id = 664534882
Error: error_code = 15; Access denied: user deactivated; id = 705549939
Error: error_code = 30; This profile is private; id = 699426618
Error: error_code = 15; Access denied: user deactivated; id = 148143086
Error: error_code = 15; Access denied: user deactivated; id = 627041189
Error: error_code = 30; This profile is private; id = 26910491
Error: error_code = 30; This profile is private; id = 24921893
Error: error_code = 30; This profile is private; id = 355256087
Error: error_code = 30; This profile is private; id = 529748086
Error: error_code = 15; Access denied: user deactivated; id = 613812112
Error: error_code = 15; Access denied: user deactivated; id = 233689628
Error: error_code = 30; This profile is private; id = 78030724
Error: error_code = 30; This profile is private; id = 164062307
Error: error_code = 30; This profile is private; id = 658385918
Error: error_code = 15; Access denied: user deactivated; id = 514795791
Error: error_code = 30; This profile is private; id = 26139707
Error: error_code = 15; Access denied: user deactivated; id = 104813701
Error: error_code = 30; This profile is private; id = 302108676
Error: error_code = 30; This profile is private; id = 431890519
Error: error_code = 15; Access denied: user deactivated; id = 232158694
Error: error_code = 30; This profile is private; id = 306428544
Error: error_code = 30; This profile is private; id = 606870322
Error: error_code = 30; This profile is private; id = 516183537
Error: error_code = 30; This profile is private; id = 31389881
Error: error_code = 30; This profile is private; id = 171409865
Error: error_code = 15; Access denied: user deactivated; id = 192210011
Error: error_code = 30; This profile is private; id = 362915685
Error: error_code = 30; This profile is private; id = 646011997
Error: error_code = 30; This profile is private; id = 604026705
Error: error_code = 15; Access denied: user deactivated; id = 425963903
Error: error_code = 30; This profile is private; id = 49384987
Error: error_code = 30; This profile is private; id = 398215757
Error: error_code = 30; This profile is private; id = 189021280
Error: error_code = 30; This profile is private; id = 683400970
Error: error_code = 30; This profile is private; id = 61767798
Error: error_code = 30; This profile is private; id = 530056036
Error: error_code = 15; Access denied: user deactivated; id = 182633968
Error: error_code = 30; This profile is private; id = 678603412
Error: error_code = 30; This profile is private; id = 184393448
Error: error_code = 15; Access denied: user deactivated; id = 391851257
Error: error_code = 30; This profile is private; id = 194546198
Error: error_code = 30; This profile is private; id = 90155525
Error: error_code = 30; This profile is private; id = 240021625
Error: error_code = 30; This profile is private; id = 632973728
Error: error_code = 15; Access denied: user deactivated; id = 445324951
Error: error_code = 30; This profile is private; id = 453347199
Error: error_code = 30; This profile is private; id = 566072333
Error: error_code = 30; This profile is private; id = 587064716
Error: error_code = 15; Access denied: user deactivated; id = 303111331
Error: error_code = 30; This profile is private; id = 435898106
Error: error_code = 15; Access denied: user deactivated; id = 699377476
Error: error_code = 30; This profile is private; id = 652032059
Error: error_code = 15; Access denied: user deactivated; id = 447460465
Error: error_code = 30; This profile is private; id = 141945606
Error: error_code = 30; This profile is private; id = 391461885
Error: error_code = 30; This profile is private; id = 446150080
Error: error_code = 30; This profile is private; id = 555521869
Error: error_code = 30; This profile is private; id = 135534067
Error: error_code = 30; This profile is private; id = 499222459
Error: error_code = 30; This profile is private; id = 63128477
Error: error_code = 15; Access denied: user deactivated; id = 558517901
Error: error_code = 30; This profile is private; id = 405376825
Error: error_code = 15; Access denied: user deactivated; id = 710121475
Error: error_code = 30; This profile is private; id = 247773079
Error: error_code = 15; Access denied: user deactivated; id = 185917935
Error: error_code = 30; This profile is private; id = 224551428
Error: error_code = 30; This profile is private; id = 481918124
Error: error_code = 15; Access denied: user deactivated; id = 241421555
Error: error_code = 30; This profile is private; id = 91479691
Error: error_code = 15; Access denied: user deactivated; id = 616840920
Error: error_code = 15; Access denied: user deactivated; id = 213821135
Error: error_code = 30; This profile is private; id = 11845866
Error: error_code = 15; Access denied: user deactivated; id = 491851408
Error: error_code = 30; This profile is private; id = 386449511
Error: error_code = 30; This profile is private; id = 690137805
Error: error_code = 30; This profile is private; id = 332298850
Error: error_code = 15; Access denied: user deactivated; id = 4788104
Error: error_code = 30; This profile is private; id = 40874889
Error: error_code = 30; This profile is private; id = 530674162
Error: error_code = 15; Access denied: user deactivated; id = 165501395
Error: error_code = 30; This profile is private; id = 8390486
Error: error_code = 15; Access denied: user deactivated; id = 714876067
Error: error_code = 30; This profile is private; id = 441935953
Error: error_code = 15; Access denied: user deactivated; id = 395832069
Error: error_code = 15; Access denied: user deactivated; id = 193681324
Error: error_code = 15; Access denied: user deactivated; id = 424569180
Error: error_code = 30; This profile is private; id = 318039520
Error: error_code = 15; Access denied: user deactivated; id = 197216795
Error: error_code = 30; This profile is private; id = 36911616
Error: error_code = 30; This profile is private; id = 367851956
Error: error_code = 30; This profile is private; id = 70458067
Error: error_code = 30; This profile is private; id = 536064018
Error: error_code = 30; This profile is private; id = 463237868
Error: error_code = 30; This profile is private; id = 288935922
Error: error_code = 30; This profile is private; id = 499537319
Error: error_code = 30; This profile is private; id = 170089668
Error: error_code = 15; Access denied: user deactivated; id = 455074288
Error: error_code = 30; This profile is private; id = 17188962
Error: error_code = 30; This profile is private; id = 12109213
Error: error_code = 30; This profile is private; id = 207416355
Error: error_code = 15; Access denied: user deactivated; id = 406649394
Error: error_code = 15; Access denied: user deactivated; id = 415978809
Error: error_code = 30; This profile is private; id = 271950410
Error: error_code = 30; This profile is private; id = 27733805
Error: error_code = 15; Access denied: user deactivated; id = 284880759
Error: error_code = 30; This profile is private; id = 382337019
Error: error_code = 30; This profile is private; id = 548461440
Error: error_code = 30; This profile is private; id = 272656682
Error: error_code = 30; This profile is private; id = 578065758
Error: error_code = 30; This profile is private; id = 473072
Error: error_code = 30; This profile is private; id = 290069060
Error: error_code = 30; This profile is private; id = 492072198
Error: error_code = 30; This profile is private; id = 133637315
Error: error_code = 15; Access denied: user deactivated; id = 618023754
Error: error_code = 30; This profile is private; id = 172539511
Error: error_code = 15; Access denied: user deactivated; id = 640794668
Error: error_code = 30; This profile is private; id = 43273973
Error: error_code = 30; This profile is private; id = 241452647
Error: error_code = 30; This profile is private; id = 154381454
Error: error_code = 30; This profile is private; id = 714448076
Error: error_code = 15; Access denied: user deactivated; id = 198638523
Error: error_code = 30; This profile is private; id = 8377786
Error: error_code = 15; Access denied: user deactivated; id = 158284020
Error: error_code = 15; Access denied: user deactivated; id = 533981274
Error: error_code = 30; This profile is private; id = 583149731
Error: error_code = 30; This profile is private; id = 339311675
Error: error_code = 30; This profile is private; id = 582680879
Error: error_code = 30; This profile is private; id = 141248511
Error: error_code = 30; This profile is private; id = 257296264
Error: error_code = 15; Access denied: user deactivated; id = 647169711
Error: error_code = 15; Access denied: user deactivated; id = 715191497
Error: error_code = 30; This profile is private; id = 543488208
Error: error_code = 30; This profile is private; id = 691835485
Error: error_code = 15; Access denied: user deactivated; id = 416752937
Error: error_code = 15; Access denied: user deactivated; id = 690233747
Error: error_code = 30; This profile is private; id = 372026895
Error: error_code = 30; This profile is private; id = 66916616
Error: error_code = 30; This profile is private; id = 373814700
Error: error_code = 30; This profile is private; id = 234166979
Error: error_code = 30; This profile is private; id = 89008491
Error: error_code = 15; Access denied: user deactivated; id = 6682363
Error: error_code = 30; This profile is private; id = 613296448
Error: error_code = 30; This profile is private; id = 185784671
Error: error_code = 30; This profile is private; id = 318935967
Error: error_code = 30; This profile is private; id = 217491870
Error: error_code = 15; Access denied: user deactivated; id = 427594018
Error: error_code = 30; This profile is private; id = 273893489
Error: error_code = 15; Access denied: user deactivated; id = 505473915
Error: error_code = 30; This profile is private; id = 148937392
Error: error_code = 30; This profile is private; id = 710234185
Error: error_code = 15; Access denied: user deactivated; id = 395834338
Error: error_code = 30; This profile is private; id = 614600130
Error: error_code = 30; This profile is private; id = 469117143
Error: error_code = 30; This profile is private; id = 477515140
Error: error_code = 30; This profile is private; id = 457822970
Error: error_code = 15; Access denied: user deactivated; id = 679502930
Error: error_code = 30; This profile is private; id = 344529325
Error: error_code = 30; This profile is private; id = 178424779
Error: error_code = 15; Access denied: user deactivated; id = 214191618
Error: error_code = 30; This profile is private; id = 120441689
Error: error_code = 15; Access denied: user deactivated; id = 278825584
Error: error_code = 30; This profile is private; id = 245770683
Error: error_code = 30; This profile is private; id = 211848144
Error: error_code = 15; Access denied: user deactivated; id = 712046483
Error: error_code = 30; This profile is private; id = 368358871
Error: error_code = 30; This profile is private; id = 240012944
Error: error_code = 30; This profile is private; id = 640952874
Error: error_code = 15; Access denied: user deactivated; id = 541509092
Error: error_code = 30; This profile is private; id = 652846100
Error: error_code = 15; Access denied: user deactivated; id = 27794871
Error: error_code = 30; This profile is private; id = 182702263
Error: error_code = 15; Access denied: user deactivated; id = 406839992
Error: error_code = 30; This profile is private; id = 252710448
Error: error_code = 30; This profile is private; id = 55450677
Error: error_code = 15; Access denied: user deactivated; id = 226497567
Error: error_code = 30; This profile is private; id = 495051221
Error: error_code = 15; Access denied: user deactivated; id = 29855334
Error: error_code = 15; Access denied: user deactivated; id = 131900886
Error: error_code = 30; This profile is private; id = 685163670
Error: error_code = 30; This profile is private; id = 556831400
Error: error_code = 15; Access denied: user deactivated; id = 442575993
Error: error_code = 30; This profile is private; id = 562342821
Error: error_code = 30; This profile is private; id = 147885281
Error: error_code = 30; This profile is private; id = 87558921
Error: error_code = 30; This profile is private; id = 275334051
Error: error_code = 30; This profile is private; id = 87211272
Error: error_code = 30; This profile is private; id = 49055905
Error: error_code = 30; This profile is private; id = 358815578
Error: error_code = 30; This profile is private; id = 598859477
Error: error_code = 30; This profile is private; id = 393190925
Error: error_code = 30; This profile is private; id = 225352474
Error: error_code = 30; This profile is private; id = 277930879
Error: error_code = 15; Access denied: user deactivated; id = 199020870
Error: error_code = 30; This profile is private; id = 11208616
Error: error_code = 15; Access denied: user deactivated; id = 417852644
Error: error_code = 15; Access denied: user deactivated; id = 477102354
Error: error_code = 15; Access denied: user deactivated; id = 199784260
Error: error_code = 30; This profile is private; id = 257772484
Error: error_code = 30; This profile is private; id = 586566224
Error: error_code = 15; Access denied: user deactivated; id = 354547255
Error: error_code = 30; This profile is private; id = 218865894
Error: error_code = 30; This profile is private; id = 120273205
Error: error_code = 30; This profile is private; id = 9674216
Error: error_code = 30; This profile is private; id = 444037460
Error: error_code = 30; This profile is private; id = 317830982
Error: error_code = 30; This profile is private; id = 142636527
Error: error_code = 30; This profile is private; id = 106782860
Error: error_code = 15; Access denied: user deactivated; id = 492534490
Error: error_code = 30; This profile is private; id = 491154378
Error: error_code = 15; Access denied: user deactivated; id = 170111657
Error: error_code = 30; This profile is private; id = 426111464
Error: error_code = 15; Access denied: user deactivated; id = 222456973
Error: error_code = 15; Access denied: user deactivated; id = 703343575
Error: error_code = 30; This profile is private; id = 152448770
Error: error_code = 15; Access denied: user deactivated; id = 190696997
Error: error_code = 30; This profile is private; id = 10065830
Error: error_code = 30; This profile is private; id = 386023469
Error: error_code = 15; Access denied: user deactivated; id = 138757520
Error: error_code = 30; This profile is private; id = 674860357
Error: error_code = 30; This profile is private; id = 280584595
Error: error_code = 30; This profile is private; id = 341183009
Error: error_code = 30; This profile is private; id = 130820715
Error: error_code = 30; This profile is private; id = 104404815
Error: error_code = 15; Access denied: user deactivated; id = 221598680
Error: error_code = 15; Access denied: user deactivated; id = 521971521
Error: error_code = 30; This profile is private; id = 227845085
Error: error_code = 30; This profile is private; id = 598790794
Error: error_code = 15; Access denied: user deactivated; id = 660404858
Error: error_code = 30; This profile is private; id = 169219430
Error: error_code = 30; This profile is private; id = 553783732
Error: error_code = 30; This profile is private; id = 20022329
Error: error_code = 15; Access denied: user deactivated; id = 549841715
Error: error_code = 30; This profile is private; id = 164866216
Error: error_code = 15; Access denied: user deactivated; id = 23138701
Error: error_code = 15; Access denied: user deactivated; id = 414637492
Error: error_code = 15; Access denied: user deactivated; id = 399249105
Error: error_code = 30; This profile is private; id = 12329579
Error: error_code = 30; This profile is private; id = 322066706
Error: error_code = 15; Access denied: user deactivated; id = 209467004
Error: error_code = 15; Access denied: user deactivated; id = 436085847
Error: error_code = 30; This profile is private; id = 16483286
Error: error_code = 30; This profile is private; id = 287246743
Error: error_code = 30; This profile is private; id = 334577921
Error: error_code = 30; This profile is private; id = 645014249
Error: error_code = 30; This profile is private; id = 306579026
Error: error_code = 30; This profile is private; id = 2738501
Error: error_code = 30; This profile is private; id = 14526695
Error: error_code = 30; This profile is private; id = 675753849
Error: error_code = 30; This profile is private; id = 664518200
Error: error_code = 30; This profile is private; id = 95587145
Error: error_code = 30; This profile is private; id = 585113943
Error: error_code = 30; This profile is private; id = 246670200
Error: error_code = 30; This profile is private; id = 16599825
Error: error_code = 30; This profile is private; id = 470499280
Error: error_code = 30; This profile is private; id = 453549977
Error: error_code = 15; Access denied: user deactivated; id = 473390731
Error: error_code = 15; Access denied: user deactivated; id = 167789548
Error: error_code = 30; This profile is private; id = 481285199
Error: error_code = 30; This profile is private; id = 69672800
Error: error_code = 30; This profile is private; id = 280924871
Error: error_code = 30; This profile is private; id = 14164156
Error: error_code = 30; This profile is private; id = 675496935
Error: error_code = 30; This profile is private; id = 145274791
Error: error_code = 30; This profile is private; id = 472370977
Error: error_code = 30; This profile is private; id = 479452488
Error: error_code = 15; Access denied: user deactivated; id = 135392687
Error: error_code = 30; This profile is private; id = 454256221
Error: error_code = 15; Access denied: user deactivated; id = 412477954
Error: error_code = 30; This profile is private; id = 380211141
Error: error_code = 30; This profile is private; id = 336739948
Error: error_code = 30; This profile is private; id = 529388913
Error: error_code = 30; This profile is private; id = 202806628
Error: error_code = 30; This profile is private; id = 144997661
Error: error_code = 15; Access denied: user deactivated; id = 566304155
Error: error_code = 15; Access denied: user deactivated; id = 441795216
Error: error_code = 30; This profile is private; id = 464777461
Error: error_code = 30; This profile is private; id = 53175407
Error: error_code = 30; This profile is private; id = 221232913
Error: error_code = 30; This profile is private; id = 2421284
Error: error_code = 15; Access denied: user deactivated; id = 222059434
Error: error_code = 15; Access denied: user deactivated; id = 466034135
Error: error_code = 15; Access denied: user deactivated; id = 559745226
Error: error_code = 15; Access denied: user deactivated; id = 210557365
Error: error_code = 30; This profile is private; id = 578268270
Error: error_code = 30; This profile is private; id = 404724858
Error: error_code = 15; Access denied: user deactivated; id = 480996023
Error: error_code = 30; This profile is private; id = 367162529
Error: error_code = 30; This profile is private; id = 112485406
Error: error_code = 15; Access denied: user deactivated; id = 715137803
Error: error_code = 30; This profile is private; id = 257961504
Error: error_code = 15; Access denied: user deactivated; id = 358081657
Error: error_code = 30; This profile is private; id = 418749406
Error: error_code = 15; Access denied: user deactivated; id = 574781277
Error: error_code = 30; This profile is private; id = 273655331
Error: error_code = 30; This profile is private; id = 456871251
Error: error_code = 15; Access denied: user deactivated; id = 351787761
Error: error_code = 30; This profile is private; id = 2823779
Error: error_code = 30; This profile is private; id = 621080815
Error: error_code = 15; Access denied: user deactivated; id = 237567706
Error: error_code = 30; This profile is private; id = 615115954
Error: error_code = 30; This profile is private; id = 218415016
Error: error_code = 15; Access denied: user deactivated; id = 215769079
Error: error_code = 30; This profile is private; id = 456087851
Error: error_code = 30; This profile is private; id = 461032992
Error: error_code = 30; This profile is private; id = 265776610
Error: error_code = 30; This profile is private; id = 405057588
Error: error_code = 30; This profile is private; id = 52784471
Error: error_code = 15; Access denied: user deactivated; id = 218292300
Error: error_code = 30; This profile is private; id = 4122733
Error: error_code = 30; This profile is private; id = 138385767
Error: error_code = 30; This profile is private; id = 641681239
Error: error_code = 30; This profile is private; id = 630562088
Error: error_code = 30; This profile is private; id = 689958357
Error: error_code = 15; Access denied: user deactivated; id = 16604348
Error: error_code = 30; This profile is private; id = 19068598
Error: error_code = 15; Access denied: user deactivated; id = 554921668
Error: error_code = 30; This profile is private; id = 619572498
Error: error_code = 15; Access denied: user deactivated; id = 313131534
Error: error_code = 30; This profile is private; id = 53197533
Error: error_code = 15; Access denied: user deactivated; id = 564892437
Error: error_code = 30; This profile is private; id = 628366188
Error: error_code = 15; Access denied: user deactivated; id = 355579543
Error: error_code = 30; This profile is private; id = 284256928
Error: error_code = 15; Access denied: user deactivated; id = 178007367
Error: error_code = 30; This profile is private; id = 537813311
Error: error_code = 15; Access denied: user deactivated; id = 383469544
Error: error_code = 30; This profile is private; id = 180673388
Error: error_code = 30; This profile is private; id = 277523802
Error: error_code = 30; This profile is private; id = 575719307
Error: error_code = 30; This profile is private; id = 136427841
Error: error_code = 15; Access denied: user deactivated; id = 260524067
Error: error_code = 30; This profile is private; id = 362264590
Error: error_code = 15; Access denied: user deactivated; id = 333873172
Error: error_code = 30; This profile is private; id = 718058425
Error: error_code = 30; This profile is private; id = 275847194
Error: error_code = 30; This profile is private; id = 706338468
Error: error_code = 30; This profile is private; id = 2850060
Error: error_code = 15; Access denied: user deactivated; id = 193244168
Error: error_code = 15; Access denied: user deactivated; id = 25293394
Error: error_code = 15; Access denied: user deactivated; id = 369305117
Error: error_code = 30; This profile is private; id = 167891345
Error: error_code = 30; This profile is private; id = 46940609
Error: error_code = 30; This profile is private; id = 39009631
Error: error_code = 15; Access denied: user deactivated; id = 653978329
Error: error_code = 15; Access denied: user deactivated; id = 459576936
Error: error_code = 30; This profile is private; id = 708700755
Error: error_code = 15; Access denied: user deactivated; id = 311980071
Error: error_code = 30; This profile is private; id = 3437071
Error: error_code = 15; Access denied: user deactivated; id = 237650689
Error: error_code = 30; This profile is private; id = 397561860
Error: error_code = 30; This profile is private; id = 624412032
Error: error_code = 15; Access denied: user deactivated; id = 13807896
Error: error_code = 30; This profile is private; id = 93828818
Error: error_code = 30; This profile is private; id = 622559196
Error: error_code = 15; Access denied: user deactivated; id = 15951087
Error: error_code = 30; This profile is private; id = 237743114
Error: error_code = 30; This profile is private; id = 183048730
Error: error_code = 15; Access denied: user deactivated; id = 680782322
Error: error_code = 30; This profile is private; id = 138896995
Error: error_code = 15; Access denied: user deactivated; id = 541471548
Error: error_code = 30; This profile is private; id = 32754148
Error: error_code = 30; This profile is private; id = 8208812
Error: error_code = 30; This profile is private; id = 280128381
Error: error_code = 30; This profile is private; id = 382960479
Error: error_code = 30; This profile is private; id = 620071783
Error: error_code = 15; Access denied: user deactivated; id = 505383795
Error: error_code = 30; This profile is private; id = 381670306
Error: error_code = 15; Access denied: user deactivated; id = 165763723
Error: error_code = 15; Access denied: user deactivated; id = 576412403
Error: error_code = 15; Access denied: user deactivated; id = 431230410
Error: error_code = 30; This profile is private; id = 220436268
Error: error_code = 30; This profile is private; id = 10126650
Error: error_code = 30; This profile is private; id = 104110071
Error: error_code = 30; This profile is private; id = 209231416
Error: error_code = 30; This profile is private; id = 641667090
Error: error_code = 30; This profile is private; id = 557426953
Error: error_code = 30; This profile is private; id = 320490526
Error: error_code = 15; Access denied: user deactivated; id = 583494305
Error: error_code = 30; This profile is private; id = 404538169
Error: error_code = 30; This profile is private; id = 199036858
Error: error_code = 30; This profile is private; id = 514748966
Error: error_code = 15; Access denied: user deactivated; id = 366066814
Error: error_code = 30; This profile is private; id = 163913550
Error: error_code = 15; Access denied: user deactivated; id = 80324212
Error: error_code = 30; This profile is private; id = 506313864
Error: error_code = 30; This profile is private; id = 18322163
Error: error_code = 30; This profile is private; id = 72133168
Error: error_code = 30; This profile is private; id = 450075202
Error: error_code = 30; This profile is private; id = 133121198
Error: error_code = 30; This profile is private; id = 684537319
Error: error_code = 15; Access denied: user deactivated; id = 565824963
Error: error_code = 15; Access denied: user deactivated; id = 12733206
Error: error_code = 30; This profile is private; id = 83864332
Error: error_code = 15; Access denied: user deactivated; id = 331460831
Error: error_code = 15; Access denied: user deactivated; id = 380850277
Error: error_code = 30; This profile is private; id = 535852185
Error: error_code = 30; This profile is private; id = 162028249
Error: error_code = 30; This profile is private; id = 101911458
Error: error_code = 30; This profile is private; id = 282171632
Error: error_code = 30; This profile is private; id = 97743315
Error: error_code = 30; This profile is private; id = 581154773
Error: error_code = 30; This profile is private; id = 446317969
Error: error_code = 30; This profile is private; id = 446705524
Error: error_code = 30; This profile is private; id = 145386131
Error: error_code = 30; This profile is private; id = 552233962
Error: error_code = 15; Access denied: user deactivated; id = 202204429
Error: error_code = 15; Access denied: user deactivated; id = 523587492
Error: error_code = 30; This profile is private; id = 64407089
Error: error_code = 30; This profile is private; id = 404477759
Error: error_code = 30; This profile is private; id = 132129713
Error: error_code = 30; This profile is private; id = 426685510
Error: error_code = 15; Access denied: user deactivated; id = 334247383
Error: error_code = 30; This profile is private; id = 321748082
Error: error_code = 15; Access denied: user deactivated; id = 304885717
Error: error_code = 30; This profile is private; id = 470137419
Error: error_code = 30; This profile is private; id = 2336599
Error: error_code = 15; Access denied: user deactivated; id = 158858784
Error: error_code = 30; This profile is private; id = 156136567
Error: error_code = 15; Access denied: user deactivated; id = 543316165
Error: error_code = 30; This profile is private; id = 435300690
Error: error_code = 15; Access denied: user deactivated; id = 554266352
Error: error_code = 30; This profile is private; id = 136367034
Error: error_code = 30; This profile is private; id = 679054383
Error: error_code = 30; This profile is private; id = 405083432
Error: error_code = 15; Access denied: user deactivated; id = 533956892
Error: error_code = 30; This profile is private; id = 574270669
Error: error_code = 30; This profile is private; id = 152213863
Error: error_code = 30; This profile is private; id = 19951164
Error: error_code = 30; This profile is private; id = 346595141
Error: error_code = 30; This profile is private; id = 521370513
Error: error_code = 15; Access denied: user deactivated; id = 205518841
Error: error_code = 30; This profile is private; id = 376533000
Error: error_code = 30; This profile is private; id = 597149485
Error: error_code = 15; Access denied: user deactivated; id = 427386019
Error: error_code = 30; This profile is private; id = 17201234
Error: error_code = 30; This profile is private; id = 270080891
Error: error_code = 30; This profile is private; id = 691300713
Error: error_code = 15; Access denied: user deactivated; id = 417479214
Error: error_code = 30; This profile is private; id = 161379299
Error: error_code = 30; This profile is private; id = 498895267
Error: error_code = 30; This profile is private; id = 394899985
Error: error_code = 30; This profile is private; id = 619430831
Error: error_code = 15; Access denied: user deactivated; id = 402791776
Error: error_code = 15; Access denied: user deactivated; id = 214805100
Error: error_code = 30; This profile is private; id = 297765779
Error: error_code = 30; This profile is private; id = 172421531
Error: error_code = 15; Access denied: user deactivated; id = 221130145
Error: error_code = 30; This profile is private; id = 29461775
Error: error_code = 30; This profile is private; id = 257714477
Error: error_code = 15; Access denied: user deactivated; id = 222258453
Error: error_code = 15; Access denied: user deactivated; id = 568796347
Error: error_code = 15; Access denied: user deactivated; id = 182171760
Error: error_code = 30; This profile is private; id = 487872966
Error: error_code = 15; Access denied: user deactivated; id = 336882735
Error: error_code = 15; Access denied: user deactivated; id = 538418734
Error: error_code = 30; This profile is private; id = 145558159
Error: error_code = 30; This profile is private; id = 99054880
Error: error_code = 30; This profile is private; id = 61501256
Error: error_code = 15; Access denied: user deactivated; id = 483192410
Error: error_code = 30; This profile is private; id = 567614042
Error: error_code = 15; Access denied: user deactivated; id = 591186183
Error: error_code = 15; Access denied: user deactivated; id = 50742640
Error: error_code = 15; Access denied: user deactivated; id = 453878416
Error: error_code = 30; This profile is private; id = 173049322
Error: error_code = 30; This profile is private; id = 107377277
Error: error_code = 30; This profile is private; id = 18798584
Error: error_code = 30; This profile is private; id = 540053748
Error: error_code = 30; This profile is private; id = 131915808
Error: error_code = 30; This profile is private; id = 681220569
Error: error_code = 15; Access denied: user deactivated; id = 572473140
Error: error_code = 15; Access denied: user deactivated; id = 344320903
Error: error_code = 30; This profile is private; id = 202149702
Error: error_code = 30; This profile is private; id = 543921391
Error: error_code = 30; This profile is private; id = 351476403
Error: error_code = 30; This profile is private; id = 245486855
Error: error_code = 30; This profile is private; id = 383030236
Error: error_code = 30; This profile is private; id = 31877655
Error: error_code = 15; Access denied: user deactivated; id = 185995370
Error: error_code = 30; This profile is private; id = 50287403
Error: error_code = 30; This profile is private; id = 547740667
Error: error_code = 15; Access denied: user deactivated; id = 181629949
Error: error_code = 30; This profile is private; id = 254491117
Error: error_code = 30; This profile is private; id = 581490242
Error: error_code = 15; Access denied: user deactivated; id = 527217243
Error: error_code = 30; This profile is private; id = 314370733
Error: error_code = 15; Access denied: user deactivated; id = 190846832
Error: error_code = 15; Access denied: user deactivated; id = 557177854
Error: error_code = 30; This profile is private; id = 171055906
Error: error_code = 30; This profile is private; id = 289999393
Error: error_code = 30; This profile is private; id = 579616273
Error: error_code = 30; This profile is private; id = 492569699
Error: error_code = 30; This profile is private; id = 59167174
Error: error_code = 30; This profile is private; id = 236112360
Error: error_code = 15; Access denied: user deactivated; id = 404754746
Error: error_code = 15; Access denied: user deactivated; id = 685010775
Error: error_code = 30; This profile is private; id = 567155411
Error: error_code = 30; This profile is private; id = 478994752
Error: error_code = 30; This profile is private; id = 421444114
Error: error_code = 15; Access denied: user deactivated; id = 193384574
Error: error_code = 15; Access denied: user deactivated; id = 580087841
Error: error_code = 30; This profile is private; id = 88163019
Error: error_code = 30; This profile is private; id = 460002216
Error: error_code = 30; This profile is private; id = 620073207
Error: error_code = 15; Access denied: user deactivated; id = 546831777
Error: error_code = 30; This profile is private; id = 538257365
Error: error_code = 30; This profile is private; id = 426351287
Error: error_code = 30; This profile is private; id = 398062783
Error: error_code = 30; This profile is private; id = 230675577
Error: error_code = 30; This profile is private; id = 286806638
Error: error_code = 30; This profile is private; id = 291642610
Error: error_code = 30; This profile is private; id = 453027828
Error: error_code = 30; This profile is private; id = 94428954
Error: error_code = 30; This profile is private; id = 213336914
Error: error_code = 30; This profile is private; id = 602178021
Error: error_code = 30; This profile is private; id = 144511442
Error: error_code = 15; Access denied: user deactivated; id = 432222229
Error: error_code = 30; This profile is private; id = 570954469
Error: error_code = 30; This profile is private; id = 219999957
Error: error_code = 30; This profile is private; id = 446840098
Error: error_code = 15; Access denied: user deactivated; id = 478541154
Error: error_code = 15; Access denied: user deactivated; id = 310928760
Error: error_code = 15; Access denied: user deactivated; id = 269594115
Error: error_code = 30; This profile is private; id = 171572780
Error: error_code = 30; This profile is private; id = 262591332
Error: error_code = 30; This profile is private; id = 35543382
Error: error_code = 30; This profile is private; id = 657588203
Error: error_code = 30; This profile is private; id = 16378173
Error: error_code = 15; Access denied: user deactivated; id = 402739256
Error: error_code = 15; Access denied: user deactivated; id = 476900135
Error: error_code = 30; This profile is private; id = 164702370
Error: error_code = 15; Access denied: user deactivated; id = 470495928
Error: error_code = 15; Access denied: user deactivated; id = 68052151
Error: error_code = 30; This profile is private; id = 13810589
Error: error_code = 15; Access denied: user deactivated; id = 330363431
Error: error_code = 30; This profile is private; id = 94503989
Error: error_code = 30; This profile is private; id = 225206149
Error: error_code = 30; This profile is private; id = 672418437
Error: error_code = 30; This profile is private; id = 69262160
Error: error_code = 30; This profile is private; id = 55284435
Error: error_code = 15; Access denied: user deactivated; id = 376676631
Error: error_code = 15; Access denied: user deactivated; id = 521394023
Error: error_code = 30; This profile is private; id = 135095093
Error: error_code = 30; This profile is private; id = 170297259
Error: error_code = 30; This profile is private; id = 467931920
Error: error_code = 30; This profile is private; id = 311085574
Error: error_code = 30; This profile is private; id = 533218211
Error: error_code = 30; This profile is private; id = 209884502
Error: error_code = 30; This profile is private; id = 479474217
Error: error_code = 30; This profile is private; id = 135822458
Error: error_code = 30; This profile is private; id = 219210479
Error: error_code = 30; This profile is private; id = 39207338
Error: error_code = 15; Access denied: user deactivated; id = 179321851
Error: error_code = 30; This profile is private; id = 90482452
Error: error_code = 30; This profile is private; id = 90875695
Error: error_code = 30; This profile is private; id = 434437565
Error: error_code = 15; Access denied: user deactivated; id = 715138344
Error: error_code = 15; Access denied: user deactivated; id = 188221542
Error: error_code = 30; This profile is private; id = 530948218
Error: error_code = 15; Access denied: user deactivated; id = 208825101
Error: error_code = 30; This profile is private; id = 23350393
Error: error_code = 30; This profile is private; id = 476830585
Error: error_code = 30; This profile is private; id = 912554
Error: error_code = 30; This profile is private; id = 10800463
Error: error_code = 30; This profile is private; id = 313792906
Error: error_code = 30; This profile is private; id = 535451733
Error: error_code = 15; Access denied: user deactivated; id = 220610262
Error: error_code = 15; Access denied: user deactivated; id = 29350461
Error: error_code = 30; This profile is private; id = 514155912
Error: error_code = 30; This profile is private; id = 461227210
Error: error_code = 30; This profile is private; id = 225563213
Error: error_code = 15; Access denied: user deactivated; id = 415968804
Error: error_code = 30; This profile is private; id = 208670095
Error: error_code = 15; Access denied: user deactivated; id = 218856081
Error: error_code = 30; This profile is private; id = 335835187
Error: error_code = 30; This profile is private; id = 589213714
Error: error_code = 30; This profile is private; id = 290789355
Error: error_code = 30; This profile is private; id = 426457984
Error: error_code = 30; This profile is private; id = 12418725
Error: error_code = 15; Access denied: user deactivated; id = 293986980
Error: error_code = 15; Access denied: user deactivated; id = 521496713
Error: error_code = 30; This profile is private; id = 141624612
Error: error_code = 30; This profile is private; id = 143657724
Error: error_code = 30; This profile is private; id = 337618508
Error: error_code = 30; This profile is private; id = 203020875
Error: error_code = 30; This profile is private; id = 456262926
Error: error_code = 30; This profile is private; id = 132054657
Error: error_code = 30; This profile is private; id = 168607054
Error: error_code = 30; This profile is private; id = 1411178
Error: error_code = 30; This profile is private; id = 172876442
Error: error_code = 30; This profile is private; id = 706146078
Error: error_code = 30; This profile is private; id = 611541283
Error: error_code = 30; This profile is private; id = 214689350
Error: error_code = 30; This profile is private; id = 55925471
Error: error_code = 30; This profile is private; id = 393381050
Error: error_code = 30; This profile is private; id = 403693878
Error: error_code = 30; This profile is private; id = 236350648
Error: error_code = 15; Access denied: user deactivated; id = 672653438
Error: error_code = 30; This profile is private; id = 50454083
Error: error_code = 30; This profile is private; id = 696903259
Error: error_code = 30; This profile is private; id = 15906136
Error: error_code = 30; This profile is private; id = 28295589
Error: error_code = 30; This profile is private; id = 47057095
Error: error_code = 15; Access denied: user deactivated; id = 161572414
Error: error_code = 30; This profile is private; id = 32653055
Error: error_code = 30; This profile is private; id = 150608799
Error: error_code = 15; Access denied: user deactivated; id = 31975155
Error: error_code = 15; Access denied: user deactivated; id = 20630945
Error: error_code = 30; This profile is private; id = 380947076
Error: error_code = 30; This profile is private; id = 93306942
Error: error_code = 30; This profile is private; id = 444253979
Error: error_code = 30; This profile is private; id = 496816136
Error: error_code = 15; Access denied: user deactivated; id = 202370371
Error: error_code = 15; Access denied: user deactivated; id = 155318517
Error: error_code = 30; This profile is private; id = 45513583
Error: error_code = 30; This profile is private; id = 96187951
Error: error_code = 15; Access denied: user deactivated; id = 633395680
Error: error_code = 30; This profile is private; id = 364601252
Error: error_code = 30; This profile is private; id = 287057190
Error: error_code = 30; This profile is private; id = 497309622
Error: error_code = 30; This profile is private; id = 477980181
Error: error_code = 30; This profile is private; id = 17142470
Error: error_code = 30; This profile is private; id = 326773419
Error: error_code = 30; This profile is private; id = 627403491
Error: error_code = 30; This profile is private; id = 174019960
Error: error_code = 30; This profile is private; id = 353465440
Error: error_code = 30; This profile is private; id = 707656829
Error: error_code = 15; Access denied: user deactivated; id = 528087208
Error: error_code = 15; Access denied: user deactivated; id = 546790343
Error: error_code = 30; This profile is private; id = 697967702
Error: error_code = 30; This profile is private; id = 57476884
Error: error_code = 15; Access denied: user deactivated; id = 285651396
Error: error_code = 15; Access denied: user deactivated; id = 482313386
Error: error_code = 30; This profile is private; id = 24560105
Error: error_code = 30; This profile is private; id = 231935543
Error: error_code = 30; This profile is private; id = 104866199
Error: error_code = 15; Access denied: user deactivated; id = 509275563
Error: error_code = 15; Access denied: user deactivated; id = 205293478
Error: error_code = 15; Access denied: user deactivated; id = 503162133
Error: error_code = 30; This profile is private; id = 577537890
Error: error_code = 15; Access denied: user deactivated; id = 410163405
Error: error_code = 15; Access denied: user deactivated; id = 649361591
Error: error_code = 30; This profile is private; id = 332197099
Error: error_code = 30; This profile is private; id = 16470234
Error: error_code = 30; This profile is private; id = 15385240
Error: error_code = 15; Access denied: user deactivated; id = 337385674
Error: error_code = 15; Access denied: user deactivated; id = 283831886
Error: error_code = 15; Access denied: user deactivated; id = 670100851
Error: error_code = 15; Access denied: user deactivated; id = 558634698
Error: error_code = 30; This profile is private; id = 7294158
Error: error_code = 15; Access denied: user deactivated; id = 14697298
Error: error_code = 30; This profile is private; id = 579846265
Error: error_code = 15; Access denied: user deactivated; id = 204737039
Error: error_code = 30; This profile is private; id = 71886640
Error: error_code = 30; This profile is private; id = 275619013
Error: error_code = 15; Access denied: user deactivated; id = 226702088
Error: error_code = 30; This profile is private; id = 342456097
Error: error_code = 15; Access denied: user deactivated; id = 429052797
Error: error_code = 30; This profile is private; id = 603743338
Error: error_code = 30; This profile is private; id = 517063313
Error: error_code = 30; This profile is private; id = 590564370
Error: error_code = 15; Access denied: user deactivated; id = 554456072
Error: error_code = 30; This profile is private; id = 270909906
Error: error_code = 15; Access denied: user deactivated; id = 556646809
Error: error_code = 30; This profile is private; id = 166376724
Error: error_code = 30; This profile is private; id = 513139906
Error: error_code = 30; This profile is private; id = 567400642
Error: error_code = 30; This profile is private; id = 172197397
Error: error_code = 15; Access denied: user deactivated; id = 547356455
Error: error_code = 15; Access denied: user deactivated; id = 703848723
Error: error_code = 30; This profile is private; id = 258131642
Error: error_code = 30; This profile is private; id = 187392951
Error: error_code = 30; This profile is private; id = 521285545
Error: error_code = 30; This profile is private; id = 4102239
Error: error_code = 15; Access denied: user deactivated; id = 256756567
Error: error_code = 30; This profile is private; id = 182619327
Error: error_code = 15; Access denied: user deactivated; id = 339727035
Error: error_code = 30; This profile is private; id = 659877757
Error: error_code = 30; This profile is private; id = 104778358
Error: error_code = 30; This profile is private; id = 83941175
Error: error_code = 30; This profile is private; id = 191583786
Error: error_code = 15; Access denied: user deactivated; id = 12458887
Error: error_code = 30; This profile is private; id = 330667678
Error: error_code = 30; This profile is private; id = 63043646
Error: error_code = 30; This profile is private; id = 51288907
Error: error_code = 30; This profile is private; id = 10198110
Error: error_code = 15; Access denied: user deactivated; id = 512343271
Error: error_code = 30; This profile is private; id = 39181955
Error: error_code = 15; Access denied: user deactivated; id = 589383833
Error: error_code = 30; This profile is private; id = 143861566
Error: error_code = 30; This profile is private; id = 154869160
Error: error_code = 30; This profile is private; id = 371684822
Error: error_code = 15; Access denied: user deactivated; id = 426621575
Error: error_code = 15; Access denied: user deactivated; id = 242413002
Error: error_code = 15; Access denied: user deactivated; id = 488199510
Error: error_code = 30; This profile is private; id = 20877384
Error: error_code = 30; This profile is private; id = 99312044
Error: error_code = 30; This profile is private; id = 207496669
Error: error_code = 30; This profile is private; id = 546297109
Error: error_code = 30; This profile is private; id = 344316498
Error: error_code = 30; This profile is private; id = 173463837
Error: error_code = 30; This profile is private; id = 448832661
Error: error_code = 30; This profile is private; id = 336212780
Error: error_code = 30; This profile is private; id = 618289960
Error: error_code = 30; This profile is private; id = 505784108
Error: error_code = 30; This profile is private; id = 41690462
Error: error_code = 15; Access denied: user deactivated; id = 140424713
Error: error_code = 30; This profile is private; id = 248657736
Error: error_code = 15; Access denied: user deactivated; id = 93500501
Error: error_code = 30; This profile is private; id = 2077130
Error: error_code = 30; This profile is private; id = 462923886
Error: error_code = 30; This profile is private; id = 37154218
Error: error_code = 30; This profile is private; id = 136878945
Error: error_code = 30; This profile is private; id = 600181104
Error: error_code = 30; This profile is private; id = 689420611
Error: error_code = 30; This profile is private; id = 38968649
Error: error_code = 30; This profile is private; id = 543282710
Error: error_code = 15; Access denied: user deactivated; id = 138866882
Error: error_code = 15; Access denied: user deactivated; id = 121043173
Error: error_code = 30; This profile is private; id = 510795196
Error: error_code = 30; This profile is private; id = 567449626
Error: error_code = 30; This profile is private; id = 38966981
Error: error_code = 30; This profile is private; id = 390038505
Error: error_code = 30; This profile is private; id = 94892570
Error: error_code = 30; This profile is private; id = 342406878
Error: error_code = 30; This profile is private; id = 467995758
Error: error_code = 15; Access denied: user deactivated; id = 387295209
Error: error_code = 30; This profile is private; id = 15343332
Error: error_code = 15; Access denied: user deactivated; id = 56562788
Error: error_code = 30; This profile is private; id = 28898084
Error: error_code = 30; This profile is private; id = 292369650
Error: error_code = 15; Access denied: user deactivated; id = 355120679
Error: error_code = 30; This profile is private; id = 409562748
Error: error_code = 30; This profile is private; id = 246171448
Error: error_code = 30; This profile is private; id = 350142361
Error: error_code = 30; This profile is private; id = 529706980
Error: error_code = 15; Access denied: user deactivated; id = 514013512
Error: error_code = 30; This profile is private; id = 554079651
Error: error_code = 15; Access denied: user deactivated; id = 471645150
Error: error_code = 15; Access denied: user deactivated; id = 331884315
Error: error_code = 30; This profile is private; id = 636825870
Error: error_code = 30; This profile is private; id = 476074240
Error: error_code = 30; This profile is private; id = 612674225
Error: error_code = 30; This profile is private; id = 406837566
Error: error_code = 15; Access denied: user deactivated; id = 556181381
Error: error_code = 30; This profile is private; id = 315853921
Error: error_code = 30; This profile is private; id = 358613343
Error: error_code = 15; Access denied: user deactivated; id = 386442466
Error: error_code = 15; Access denied: user deactivated; id = 209623738
Error: error_code = 30; This profile is private; id = 49804333
Error: error_code = 30; This profile is private; id = 102581728
Error: error_code = 30; This profile is private; id = 40636153
Error: error_code = 30; This profile is private; id = 164866393
Error: error_code = 30; This profile is private; id = 4261643
Error: error_code = 30; This profile is private; id = 588957512
Error: error_code = 30; This profile is private; id = 574861115
Error: error_code = 30; This profile is private; id = 69414649
Error: error_code = 15; Access denied: user deactivated; id = 245482820
Error: error_code = 30; This profile is private; id = 321221783
Error: error_code = 15; Access denied: user deactivated; id = 505003115
Error: error_code = 30; This profile is private; id = 312703928
Error: error_code = 15; Access denied: user deactivated; id = 204341371
Error: error_code = 15; Access denied: user deactivated; id = 176754609
Error: error_code = 30; This profile is private; id = 527240318
Error: error_code = 30; This profile is private; id = 530696599
Error: error_code = 30; This profile is private; id = 180149456
Error: error_code = 30; This profile is private; id = 7487
Error: error_code = 30; This profile is private; id = 692368177
Error: error_code = 30; This profile is private; id = 633711372
Error: error_code = 30; This profile is private; id = 568044131
Error: error_code = 15; Access denied: user deactivated; id = 464637531
Error: error_code = 30; This profile is private; id = 289150471
Error: error_code = 30; This profile is private; id = 292876816
Error: error_code = 15; Access denied: user deactivated; id = 215284342
Error: error_code = 15; Access denied: user deactivated; id = 398622568
Error: error_code = 30; This profile is private; id = 691217395
Error: error_code = 30; This profile is private; id = 171179522
Error: error_code = 15; Access denied: user deactivated; id = 708110506
Error: error_code = 30; This profile is private; id = 395814853
Error: error_code = 30; This profile is private; id = 143316101
Error: error_code = 30; This profile is private; id = 244744385
Error: error_code = 30; This profile is private; id = 101705166
Error: error_code = 30; This profile is private; id = 637767510
Error: error_code = 30; This profile is private; id = 3945503
Error: error_code = 30; This profile is private; id = 702124381
Error: error_code = 30; This profile is private; id = 348552313
Error: error_code = 15; Access denied: user deactivated; id = 220290314
Error: error_code = 15; Access denied: user deactivated; id = 244275538
Error: error_code = 30; This profile is private; id = 321189557
Error: error_code = 15; Access denied: user deactivated; id = 323459990
Error: error_code = 30; This profile is private; id = 667085958
Error: error_code = 30; This profile is private; id = 612148516
Error: error_code = 30; This profile is private; id = 515223039
Error: error_code = 15; Access denied: user deactivated; id = 639254011
Error: error_code = 30; This profile is private; id = 699506184
Error: error_code = 30; This profile is private; id = 67951011
Error: error_code = 15; Access denied: user deactivated; id = 529016234
Error: error_code = 30; This profile is private; id = 33957931
Error: error_code = 30; This profile is private; id = 668270516
Error: error_code = 15; Access denied: user deactivated; id = 190138619
Error: error_code = 30; This profile is private; id = 312738188
Error: error_code = 30; This profile is private; id = 246120094
Error: error_code = 30; This profile is private; id = 173287317
Error: error_code = 15; Access denied: user deactivated; id = 101031452
Error: error_code = 15; Access denied: user deactivated; id = 447916369
Error: error_code = 15; Access denied: user deactivated; id = 409506919
Error: error_code = 30; This profile is private; id = 599037452
Error: error_code = 15; Access denied: user deactivated; id = 423625979
Error: error_code = 30; This profile is private; id = 36950412
Error: error_code = 15; Access denied: user deactivated; id = 382635369
Error: error_code = 30; This profile is private; id = 479472891
Error: error_code = 30; This profile is private; id = 108595600
Error: error_code = 15; Access denied: user deactivated; id = 554427088
Error: error_code = 15; Access denied: user deactivated; id = 510513447
Error: error_code = 30; This profile is private; id = 161940455
Error: error_code = 30; This profile is private; id = 425593294
Error: error_code = 15; Access denied: user deactivated; id = 6896450
Error: error_code = 15; Access denied: user deactivated; id = 150784591
Error: error_code = 30; This profile is private; id = 187937461
Error: error_code = 30; This profile is private; id = 3432591
Error: error_code = 15; Access denied: user deactivated; id = 157223639
Error: error_code = 15; Access denied: user deactivated; id = 165772471
Error: error_code = 30; This profile is private; id = 349745793
Error: error_code = 30; This profile is private; id = 157264405
Error: error_code = 15; Access denied: user deactivated; id = 196753492
Error: error_code = 30; This profile is private; id = 328850194
Error: error_code = 30; This profile is private; id = 484416793
Error: error_code = 15; Access denied: user deactivated; id = 572109698
Error: error_code = 30; This profile is private; id = 587178535
Error: error_code = 30; This profile is private; id = 445792686
Error: error_code = 15; Access denied: user deactivated; id = 188858872
Error: error_code = 30; This profile is private; id = 542364015
Error: error_code = 30; This profile is private; id = 296088456
Error: error_code = 30; This profile is private; id = 299386621
Error: error_code = 30; This profile is private; id = 66736783
Error: error_code = 15; Access denied: user deactivated; id = 19108430
Error: error_code = 30; This profile is private; id = 516791373
Error: error_code = 30; This profile is private; id = 442148038
Error: error_code = 30; This profile is private; id = 563517962
Error: error_code = 30; This profile is private; id = 162693533
Error: error_code = 15; Access denied: user deactivated; id = 422942074
Error: error_code = 30; This profile is private; id = 243474511
Error: error_code = 30; This profile is private; id = 583296266
Error: error_code = 30; This profile is private; id = 324157912
Error: error_code = 30; This profile is private; id = 588235274
Error: error_code = 30; This profile is private; id = 308979659
Error: error_code = 30; This profile is private; id = 154091764
Error: error_code = 30; This profile is private; id = 74163238
Error: error_code = 15; Access denied: user deactivated; id = 218948948
Error: error_code = 30; This profile is private; id = 533308821
Error: error_code = 30; This profile is private; id = 286493100
Error: error_code = 30; This profile is private; id = 262318164
Error: error_code = 30; This profile is private; id = 514283120
Error: error_code = 30; This profile is private; id = 3872228
Error: error_code = 30; This profile is private; id = 202442054
Error: error_code = 15; Access denied: user deactivated; id = 373479586
Error: error_code = 15; Access denied: user deactivated; id = 345839561
Error: error_code = 15; Access denied: user deactivated; id = 451988087
Error: error_code = 15; Access denied: user deactivated; id = 62002861
Error: error_code = 15; Access denied: user deactivated; id = 419682515
Error: error_code = 30; This profile is private; id = 60033283
Error: error_code = 30; This profile is private; id = 53633581
Error: error_code = 15; Access denied: user deactivated; id = 189165633
Error: error_code = 15; Access denied: user deactivated; id = 229688425
Error: error_code = 15; Access denied: user deactivated; id = 431892369
Error: error_code = 30; This profile is private; id = 124760789
Error: error_code = 30; This profile is private; id = 128002100
Error: error_code = 15; Access denied: user deactivated; id = 672821202
Error: error_code = 15; Access denied: user deactivated; id = 375154265
Error: error_code = 15; Access denied: user deactivated; id = 219487381
Error: error_code = 30; This profile is private; id = 612143504
Error: error_code = 30; This profile is private; id = 503700010
Error: error_code = 15; Access denied: user deactivated; id = 228614079
Error: error_code = 30; This profile is private; id = 118582192
Error: error_code = 30; This profile is private; id = 185232087
Error: error_code = 30; This profile is private; id = 350129804
Error: error_code = 30; This profile is private; id = 248067756
Error: error_code = 15; Access denied: user deactivated; id = 88519039
Error: error_code = 30; This profile is private; id = 497146394
Error: error_code = 30; This profile is private; id = 138856643
Error: error_code = 30; This profile is private; id = 339206287
Error: error_code = 30; This profile is private; id = 455869173
Error: error_code = 30; This profile is private; id = 631297025
Error: error_code = 15; Access denied: user deactivated; id = 424071502
Error: error_code = 30; This profile is private; id = 54463779
Error: error_code = 15; Access denied: user deactivated; id = 96842712
Error: error_code = 30; This profile is private; id = 559341133
Error: error_code = 30; This profile is private; id = 308415719
Error: error_code = 30; This profile is private; id = 603091031
Error: error_code = 30; This profile is private; id = 320285621
Error: error_code = 15; Access denied: user deactivated; id = 630267260
Error: error_code = 30; This profile is private; id = 6060140
Error: error_code = 15; Access denied: user deactivated; id = 571995001
Error: error_code = 15; Access denied: user deactivated; id = 168577913
Error: error_code = 30; This profile is private; id = 713059151
Error: error_code = 15; Access denied: user deactivated; id = 184768632
Error: error_code = 30; This profile is private; id = 35081970
Error: error_code = 30; This profile is private; id = 590838137
Error: error_code = 30; This profile is private; id = 449421517
Error: error_code = 15; Access denied: user deactivated; id = 401963962
Error: error_code = 30; This profile is private; id = 268121967
Error: error_code = 30; This profile is private; id = 328149401
Error: error_code = 30; This profile is private; id = 570700216
Error: error_code = 15; Access denied: user deactivated; id = 96565298
Error: error_code = 30; This profile is private; id = 254679389
Error: error_code = 30; This profile is private; id = 245074315
Error: error_code = 30; This profile is private; id = 202407332
Error: error_code = 15; Access denied: user deactivated; id = 251740525
Error: error_code = 30; This profile is private; id = 134015444
Error: error_code = 30; This profile is private; id = 305569912
Error: error_code = 15; Access denied: user deactivated; id = 695211490
Error: error_code = 30; This profile is private; id = 342086253
Error: error_code = 15; Access denied: user deactivated; id = 165877678
Error: error_code = 30; This profile is private; id = 699076342
Error: error_code = 15; Access denied: user deactivated; id = 4560457
Error: error_code = 15; Access denied: user deactivated; id = 410682788
Error: error_code = 30; This profile is private; id = 143696704
Error: error_code = 30; This profile is private; id = 679270163
Error: error_code = 30; This profile is private; id = 653630168
Error: error_code = 30; This profile is private; id = 584946217
Error: error_code = 30; This profile is private; id = 178189770
Error: error_code = 30; This profile is private; id = 709750633
Error: error_code = 30; This profile is private; id = 103417843
Error: error_code = 30; This profile is private; id = 239059159
Error: error_code = 15; Access denied: user deactivated; id = 403248882
Error: error_code = 30; This profile is private; id = 639891370
Error: error_code = 30; This profile is private; id = 270233393
Error: error_code = 30; This profile is private; id = 577301098
Error: error_code = 30; This profile is private; id = 610693124
Error: error_code = 30; This profile is private; id = 361112823
Error: error_code = 30; This profile is private; id = 541754221
Error: error_code = 15; Access denied: user deactivated; id = 321000123
Error: error_code = 30; This profile is private; id = 581301342
Error: error_code = 30; This profile is private; id = 133808133
Error: error_code = 30; This profile is private; id = 530583617
Error: error_code = 15; Access denied: user deactivated; id = 414533078
Error: error_code = 15; Access denied: user deactivated; id = 411012785
Error: error_code = 30; This profile is private; id = 603907709
Error: error_code = 15; Access denied: user deactivated; id = 702540449
Error: error_code = 30; This profile is private; id = 179571095
Error: error_code = 30; This profile is private; id = 432210723
Error: error_code = 30; This profile is private; id = 695857141
Error: error_code = 30; This profile is private; id = 142317163
Error: error_code = 30; This profile is private; id = 593017599
Error: error_code = 30; This profile is private; id = 637184671
Error: error_code = 30; This profile is private; id = 3900372
Error: error_code = 30; This profile is private; id = 554631164
Error: error_code = 30; This profile is private; id = 700537506
Error: error_code = 30; This profile is private; id = 556470958
Error: error_code = 30; This profile is private; id = 415572416
Error: error_code = 15; Access denied: user deactivated; id = 420934402
Error: error_code = 30; This profile is private; id = 287283249
Error: error_code = 15; Access denied: user deactivated; id = 497380210
Error: error_code = 15; Access denied: user deactivated; id = 605962953
Error: error_code = 30; This profile is private; id = 513107553
Error: error_code = 30; This profile is private; id = 558632783
Error: error_code = 30; This profile is private; id = 250546018
Error: error_code = 30; This profile is private; id = 632162438
Error: error_code = 30; This profile is private; id = 114194561
Error: error_code = 30; This profile is private; id = 143186854
Error: error_code = 30; This profile is private; id = 154524823
Error: error_code = 30; This profile is private; id = 155229754
Error: error_code = 15; Access denied: user deactivated; id = 19128119
Error: error_code = 15; Access denied: user deactivated; id = 180983868
Error: error_code = 15; Access denied: user deactivated; id = 395954992
Error: error_code = 30; This profile is private; id = 154419432
Error: error_code = 30; This profile is private; id = 550883355
Error: error_code = 15; Access denied: user deactivated; id = 349638508
Error: error_code = 30; This profile is private; id = 190787503
Error: error_code = 30; This profile is private; id = 161882246
Error: error_code = 30; This profile is private; id = 86896740
Error: error_code = 30; This profile is private; id = 20399184
Error: error_code = 15; Access denied: user deactivated; id = 713288877
Error: error_code = 30; This profile is private; id = 300456842
Error: error_code = 30; This profile is private; id = 473666579
Error: error_code = 15; Access denied: user deactivated; id = 508737457
Error: error_code = 30; This profile is private; id = 699032230
Error: error_code = 30; This profile is private; id = 556191897
Error: error_code = 15; Access denied: user deactivated; id = 654600776
Error: error_code = 15; Access denied: user deactivated; id = 363529071
Error: error_code = 30; This profile is private; id = 475664158
Error: error_code = 30; This profile is private; id = 637052095
Error: error_code = 15; Access denied: user deactivated; id = 676161528
Error: error_code = 15; Access denied: user deactivated; id = 641669985
Error: error_code = 15; Access denied: user deactivated; id = 629554885
Error: error_code = 15; Access denied: user deactivated; id = 365352366
Error: error_code = 30; This profile is private; id = 96065343
Error: error_code = 15; Access denied: user deactivated; id = 332427573
Error: error_code = 30; This profile is private; id = 700673170
Error: error_code = 15; Access denied: user deactivated; id = 312464013
Error: error_code = 15; Access denied: user deactivated; id = 461453409
Error: error_code = 30; This profile is private; id = 436122668
Error: error_code = 30; This profile is private; id = 575629844
Error: error_code = 15; Access denied: user deactivated; id = 542751445
Error: error_code = 30; This profile is private; id = 603028864
Error: error_code = 30; This profile is private; id = 293389341
Error: error_code = 30; This profile is private; id = 35639675
Error: error_code = 15; Access denied: user deactivated; id = 229278204
Error: error_code = 30; This profile is private; id = 116150202
Error: error_code = 15; Access denied: user deactivated; id = 103076553
Error: error_code = 30; This profile is private; id = 80390352
Error: error_code = 30; This profile is private; id = 651239987
Error: error_code = 30; This profile is private; id = 60689270
Error: error_code = 15; Access denied: user deactivated; id = 27165465
Error: error_code = 30; This profile is private; id = 552928129
Error: error_code = 30; This profile is private; id = 588885335
Error: error_code = 30; This profile is private; id = 182338666
Error: error_code = 15; Access denied: user deactivated; id = 135003907
Error: error_code = 30; This profile is private; id = 234543462
Error: error_code = 15; Access denied: user deactivated; id = 697677305
Error: error_code = 15; Access denied: user deactivated; id = 297205819
Error: error_code = 30; This profile is private; id = 305064471
Error: error_code = 15; Access denied: user deactivated; id = 337120305
Error: error_code = 30; This profile is private; id = 653034060
Error: error_code = 30; This profile is private; id = 15752039
Error: error_code = 30; This profile is private; id = 646125626
Error: error_code = 30; This profile is private; id = 538541459
Error: error_code = 30; This profile is private; id = 558091992
Error: error_code = 30; This profile is private; id = 22213170
Error: error_code = 30; This profile is private; id = 458284583
Error: error_code = 15; Access denied: user deactivated; id = 194522539
Error: error_code = 15; Access denied: user deactivated; id = 539763620
Error: error_code = 15; Access denied: user deactivated; id = 393183659
Error: error_code = 30; This profile is private; id = 289110804
Error: error_code = 30; This profile is private; id = 700404326
Error: error_code = 30; This profile is private; id = 409513833
Error: error_code = 15; Access denied: user deactivated; id = 130932729
Error: error_code = 15; Access denied: user deactivated; id = 35049337
Error: error_code = 30; This profile is private; id = 313898650
Error: error_code = 30; This profile is private; id = 23698140
Error: error_code = 30; This profile is private; id = 155204092
Error: error_code = 30; This profile is private; id = 324336943
Error: error_code = 15; Access denied: user deactivated; id = 296858140
Error: error_code = 15; Access denied: user deactivated; id = 308516429
Error: error_code = 30; This profile is private; id = 5115422
Error: error_code = 15; Access denied: user deactivated; id = 165752630
Error: error_code = 30; This profile is private; id = 561114712
Error: error_code = 30; This profile is private; id = 403997731
Error: error_code = 30; This profile is private; id = 362266478
Error: error_code = 30; This profile is private; id = 84511231
Error: error_code = 30; This profile is private; id = 652593038
Error: error_code = 30; This profile is private; id = 627437469
Error: error_code = 15; Access denied: user deactivated; id = 249081106
Error: error_code = 15; Access denied: user deactivated; id = 16862069
Error: error_code = 30; This profile is private; id = 494597609
Error: error_code = 15; Access denied: user deactivated; id = 168480831
Error: error_code = 30; This profile is private; id = 43509101
Error: error_code = 15; Access denied: user deactivated; id = 426110837
Error: error_code = 15; Access denied: user deactivated; id = 317991493
Error: error_code = 30; This profile is private; id = 84885339
Error: error_code = 15; Access denied: user deactivated; id = 231464775
Error: error_code = 30; This profile is private; id = 227323747
Error: error_code = 15; Access denied: user deactivated; id = 567800594
Error: error_code = 30; This profile is private; id = 332863124
Error: error_code = 30; This profile is private; id = 678596834
Error: error_code = 15; Access denied: user deactivated; id = 179242957
Error: error_code = 15; Access denied: user deactivated; id = 213138176
Error: error_code = 30; This profile is private; id = 433341594
Error: error_code = 30; This profile is private; id = 257216407
Error: error_code = 30; This profile is private; id = 226028959
Error: error_code = 30; This profile is private; id = 175558815
Error: error_code = 30; This profile is private; id = 550095306
Error: error_code = 30; This profile is private; id = 133748083
Error: error_code = 30; This profile is private; id = 553451637
Error: error_code = 30; This profile is private; id = 274121848
Error: error_code = 15; Access denied: user deactivated; id = 181694029
Error: error_code = 30; This profile is private; id = 89912956
Error: error_code = 30; This profile is private; id = 695931275
Error: error_code = 30; This profile is private; id = 72539207
Error: error_code = 15; Access denied: user deactivated; id = 170371785
Error: error_code = 30; This profile is private; id = 328750359
Error: error_code = 30; This profile is private; id = 244139041
Error: error_code = 15; Access denied: user deactivated; id = 217588986
Error: error_code = 30; This profile is private; id = 424484619
Error: error_code = 15; Access denied: user deactivated; id = 359805577
Error: error_code = 15; Access denied: user deactivated; id = 119848951
Error: error_code = 30; This profile is private; id = 158771461
Error: error_code = 30; This profile is private; id = 369444619
Error: error_code = 15; Access denied: user deactivated; id = 291997406
Error: error_code = 30; This profile is private; id = 237157561
Error: error_code = 15; Access denied: user deactivated; id = 480228680
Error: error_code = 30; This profile is private; id = 190352477
Error: error_code = 15; Access denied: user deactivated; id = 112472303
Error: error_code = 15; Access denied: user deactivated; id = 22726135
Error: error_code = 15; Access denied: user deactivated; id = 212427546
Error: error_code = 30; This profile is private; id = 684069366
Error: error_code = 30; This profile is private; id = 258960788
Error: error_code = 15; Access denied: user deactivated; id = 15213902
Error: error_code = 30; This profile is private; id = 239121073
Error: error_code = 15; Access denied: user deactivated; id = 278973318
Error: error_code = 30; This profile is private; id = 52017047
Error: error_code = 30; This profile is private; id = 3855644
Error: error_code = 30; This profile is private; id = 580401147
Error: error_code = 15; Access denied: user deactivated; id = 294937828
Error: error_code = 15; Access denied: user deactivated; id = 233379472
Error: error_code = 15; Access denied: user deactivated; id = 193644273
Error: error_code = 30; This profile is private; id = 412328539
Error: error_code = 30; This profile is private; id = 354276068
Error: error_code = 30; This profile is private; id = 59154403
Error: error_code = 15; Access denied: user deactivated; id = 100970293
Error: error_code = 15; Access denied: user deactivated; id = 284066653
Error: error_code = 15; Access denied: user deactivated; id = 442851420
Error: error_code = 30; This profile is private; id = 12249325
Error: error_code = 30; This profile is private; id = 675252454
Error: error_code = 15; Access denied: user deactivated; id = 645428802
Error: error_code = 30; This profile is private; id = 213527
Error: error_code = 15; Access denied: user deactivated; id = 230947157
Error: error_code = 15; Access denied: user deactivated; id = 475755635
Error: error_code = 30; This profile is private; id = 283565215
Error: error_code = 30; This profile is private; id = 440023340
Error: error_code = 30; This profile is private; id = 610967648
Error: error_code = 30; This profile is private; id = 424000175
Error: error_code = 15; Access denied: user deactivated; id = 162652342
Error: error_code = 15; Access denied: user deactivated; id = 335064240
Error: error_code = 30; This profile is private; id = 60150023
Error: error_code = 15; Access denied: user deactivated; id = 432017977
Error: error_code = 30; This profile is private; id = 514705531
Error: error_code = 30; This profile is private; id = 425230383
Error: error_code = 30; This profile is private; id = 587248211
Error: error_code = 30; This profile is private; id = 151059163
Error: error_code = 30; This profile is private; id = 610801742
Error: error_code = 30; This profile is private; id = 407950866
Error: error_code = 30; This profile is private; id = 523108002
Error: error_code = 30; This profile is private; id = 442574715
Error: error_code = 30; This profile is private; id = 8929785
Error: error_code = 30; This profile is private; id = 608344821
Error: error_code = 15; Access denied: user deactivated; id = 466939562
Error: error_code = 15; Access denied: user deactivated; id = 407025915
Error: error_code = 30; This profile is private; id = 114739265
Error: error_code = 15; Access denied: user deactivated; id = 400335345
Error: error_code = 15; Access denied: user deactivated; id = 346285488
Error: error_code = 30; This profile is private; id = 138796470
Error: error_code = 15; Access denied: user deactivated; id = 523410600
Error: error_code = 15; Access denied: user deactivated; id = 450999929
Error: error_code = 30; This profile is private; id = 6949307
Error: error_code = 15; Access denied: user deactivated; id = 285510431
Error: error_code = 30; This profile is private; id = 477163594
Error: error_code = 15; Access denied: user deactivated; id = 257401177
Error: error_code = 15; Access denied: user deactivated; id = 195756150
Error: error_code = 30; This profile is private; id = 607490796
Error: error_code = 30; This profile is private; id = 62746948
Error: error_code = 30; This profile is private; id = 677651574
Error: error_code = 30; This profile is private; id = 599728218
Error: error_code = 15; Access denied: user deactivated; id = 200672600
Error: error_code = 15; Access denied: user deactivated; id = 213839994
Error: error_code = 15; Access denied: user deactivated; id = 204056756
Error: error_code = 15; Access denied: user deactivated; id = 189567314
Error: error_code = 30; This profile is private; id = 163052210
Error: error_code = 30; This profile is private; id = 146416037
Error: error_code = 15; Access denied: user deactivated; id = 404439471
Error: error_code = 30; This profile is private; id = 704303702
Error: error_code = 30; This profile is private; id = 260612239
Error: error_code = 30; This profile is private; id = 256250471
Error: error_code = 15; Access denied: user deactivated; id = 156211042
Error: error_code = 30; This profile is private; id = 4052859
Error: error_code = 15; Access denied: user deactivated; id = 249984586
Error: error_code = 15; Access denied: user deactivated; id = 386968
Error: error_code = 30; This profile is private; id = 106398431
Error: error_code = 30; This profile is private; id = 27341233
Error: error_code = 15; Access denied: user deactivated; id = 477750807
Error: error_code = 15; Access denied: user deactivated; id = 546314941
Error: error_code = 30; This profile is private; id = 148658361
Error: error_code = 30; This profile is private; id = 581663467
Error: error_code = 15; Access denied: user deactivated; id = 221389109
Error: error_code = 30; This profile is private; id = 446519668
Error: error_code = 15; Access denied: user deactivated; id = 482116841
Error: error_code = 30; This profile is private; id = 291704066
Error: error_code = 15; Access denied: user deactivated; id = 96712937
Error: error_code = 30; This profile is private; id = 292193965
Error: error_code = 30; This profile is private; id = 5464880
Error: error_code = 30; This profile is private; id = 308785970
Error: error_code = 30; This profile is private; id = 152718734
Error: error_code = 30; This profile is private; id = 294766170
Error: error_code = 15; Access denied: user deactivated; id = 659935887
Error: error_code = 30; This profile is private; id = 643057711
Error: error_code = 30; This profile is private; id = 483094101
Error: error_code = 30; This profile is private; id = 641756188
Error: error_code = 15; Access denied: user deactivated; id = 159804907
Error: error_code = 15; Access denied: user deactivated; id = 403523274
Error: error_code = 15; Access denied: user deactivated; id = 223375170
Error: error_code = 30; This profile is private; id = 156942823
Error: error_code = 30; This profile is private; id = 301693219
Error: error_code = 30; This profile is private; id = 606127235
Error: error_code = 30; This profile is private; id = 146391083
Error: error_code = 15; Access denied: user deactivated; id = 244356731
Error: error_code = 30; This profile is private; id = 305005406
Error: error_code = 30; This profile is private; id = 453216157
Error: error_code = 30; This profile is private; id = 5744066
Error: error_code = 30; This profile is private; id = 513539853
Error: error_code = 30; This profile is private; id = 192647672
Error: error_code = 15; Access denied: user deactivated; id = 529790693
Error: error_code = 30; This profile is private; id = 12841109
Error: error_code = 30; This profile is private; id = 557608390
Error: error_code = 15; Access denied: user deactivated; id = 708439867
Error: error_code = 30; This profile is private; id = 587410582
Error: error_code = 30; This profile is private; id = 7980794
Error: error_code = 30; This profile is private; id = 552591493
Error: error_code = 30; This profile is private; id = 519685180
Error: error_code = 15; Access denied: user deactivated; id = 702518296
Error: error_code = 15; Access denied: user deactivated; id = 714537587
Error: error_code = 30; This profile is private; id = 557959097
Error: error_code = 30; This profile is private; id = 86549445
Error: error_code = 30; This profile is private; id = 539770245
Error: error_code = 30; This profile is private; id = 528600289
Error: error_code = 30; This profile is private; id = 578744954
Error: error_code = 30; This profile is private; id = 439006784
Error: error_code = 15; Access denied: user deactivated; id = 715154308
Error: error_code = 30; This profile is private; id = 423957475
Error: error_code = 30; This profile is private; id = 684886223
Error: error_code = 30; This profile is private; id = 379310887
Error: error_code = 15; Access denied: user deactivated; id = 90709176
Error: error_code = 15; Access denied: user deactivated; id = 404010787
Error: error_code = 15; Access denied: user deactivated; id = 9087819
Error: error_code = 30; This profile is private; id = 259714347
Error: error_code = 15; Access denied: user deactivated; id = 566526684
Error: error_code = 30; This profile is private; id = 246979918
Error: error_code = 30; This profile is private; id = 637631590
Error: error_code = 30; This profile is private; id = 594205893
Error: error_code = 30; This profile is private; id = 254127966
Error: error_code = 30; This profile is private; id = 505359064
Error: error_code = 30; This profile is private; id = 274476477
Error: error_code = 15; Access denied: user deactivated; id = 715138688
Error: error_code = 30; This profile is private; id = 26145330
Error: error_code = 15; Access denied: user deactivated; id = 96900326
Error: error_code = 30; This profile is private; id = 71955978
Error: error_code = 15; Access denied: user deactivated; id = 553494161
Error: error_code = 30; This profile is private; id = 575529327
Error: error_code = 30; This profile is private; id = 597063124
Error: error_code = 30; This profile is private; id = 265769577
Error: error_code = 30; This profile is private; id = 286643818
Error: error_code = 30; This profile is private; id = 158480814
Error: error_code = 30; This profile is private; id = 391278019
Error: error_code = 30; This profile is private; id = 567020701
Error: error_code = 30; This profile is private; id = 441763765
Error: error_code = 30; This profile is private; id = 103138889
Error: error_code = 15; Access denied: user deactivated; id = 441522517
Error: error_code = 30; This profile is private; id = 238750118
Error: error_code = 15; Access denied: user deactivated; id = 3100136
Error: error_code = 15; Access denied: user deactivated; id = 227332929
Error: error_code = 15; Access denied: user deactivated; id = 572434304
Error: error_code = 30; This profile is private; id = 135913430
Error: error_code = 30; This profile is private; id = 32911935
Error: error_code = 30; This profile is private; id = 397454241
Error: error_code = 30; This profile is private; id = 569400442
Error: error_code = 30; This profile is private; id = 541959370
Error: error_code = 15; Access denied: user deactivated; id = 533411701
Error: error_code = 30; This profile is private; id = 582940299
Error: error_code = 15; Access denied: user deactivated; id = 418539360
Error: error_code = 30; This profile is private; id = 702388312
Error: error_code = 30; This profile is private; id = 250856389
Error: error_code = 30; This profile is private; id = 144587654
Error: error_code = 30; This profile is private; id = 1173569
Error: error_code = 30; This profile is private; id = 636258514
Error: error_code = 30; This profile is private; id = 55670557
Error: error_code = 30; This profile is private; id = 543101490
Error: error_code = 30; This profile is private; id = 117535835
Error: error_code = 30; This profile is private; id = 147461553
Error: error_code = 30; This profile is private; id = 24444700
Error: error_code = 15; Access denied: user deactivated; id = 54945710
Error: error_code = 30; This profile is private; id = 167747714
Error: error_code = 30; This profile is private; id = 135815964
Error: error_code = 30; This profile is private; id = 106565296
Error: error_code = 30; This profile is private; id = 205581359
Error: error_code = 30; This profile is private; id = 10610656
Error: error_code = 30; This profile is private; id = 657530914
Error: error_code = 30; This profile is private; id = 119990860
Error: error_code = 30; This profile is private; id = 184303678
Error: error_code = 15; Access denied: user deactivated; id = 531777142
Error: error_code = 15; Access denied: user deactivated; id = 644700399
Error: error_code = 30; This profile is private; id = 712926647
Error: error_code = 15; Access denied: user deactivated; id = 294990955
Error: error_code = 30; This profile is private; id = 323805394
Error: error_code = 30; This profile is private; id = 474642944
Error: error_code = 30; This profile is private; id = 32895301
Error: error_code = 30; This profile is private; id = 8947127
Error: error_code = 30; This profile is private; id = 337170255
Error: error_code = 15; Access denied: user deactivated; id = 201473442
Error: error_code = 15; Access denied: user deactivated; id = 174864616
Error: error_code = 15; Access denied: user deactivated; id = 355954731
Error: error_code = 15; Access denied: user deactivated; id = 402150622
Error: error_code = 30; This profile is private; id = 172546428
Error: error_code = 30; This profile is private; id = 508715416
Error: error_code = 30; This profile is private; id = 119809172
Error: error_code = 30; This profile is private; id = 514523479
Error: error_code = 30; This profile is private; id = 211792276
Error: error_code = 15; Access denied: user deactivated; id = 176591761
Error: error_code = 15; Access denied: user deactivated; id = 294793402
Error: error_code = 30; This profile is private; id = 179859845
Error: error_code = 30; This profile is private; id = 581292515
Error: error_code = 30; This profile is private; id = 289173012
Error: error_code = 30; This profile is private; id = 43039203
Error: error_code = 30; This profile is private; id = 682404432
Error: error_code = 30; This profile is private; id = 310513595
Error: error_code = 15; Access denied: user deactivated; id = 543528447
Error: error_code = 30; This profile is private; id = 54385686
Error: error_code = 15; Access denied: user deactivated; id = 702518751
Error: error_code = 30; This profile is private; id = 686546634
Error: error_code = 15; Access denied: user deactivated; id = 304434594
Error: error_code = 30; This profile is private; id = 689754753
Error: error_code = 30; This profile is private; id = 69044996
Error: error_code = 15; Access denied: user deactivated; id = 90286819
Error: error_code = 30; This profile is private; id = 386432432
Error: error_code = 15; Access denied: user deactivated; id = 422133383
Error: error_code = 30; This profile is private; id = 625931481
Error: error_code = 30; This profile is private; id = 222348748
Error: error_code = 15; Access denied: user deactivated; id = 403074664
Error: error_code = 15; Access denied: user deactivated; id = 16382166
Error: error_code = 30; This profile is private; id = 509028070
Error: error_code = 30; This profile is private; id = 594727238
Error: error_code = 30; This profile is private; id = 624023302
Error: error_code = 30; This profile is private; id = 63480544
Error: error_code = 30; This profile is private; id = 10180493
Error: error_code = 30; This profile is private; id = 323864392
Error: error_code = 30; This profile is private; id = 536133805
Error: error_code = 15; Access denied: user deactivated; id = 354337984
Error: error_code = 15; Access denied: user deactivated; id = 548901149
Error: error_code = 30; This profile is private; id = 712866781
Error: error_code = 30; This profile is private; id = 226042122
Error: error_code = 15; Access denied: user deactivated; id = 423877086
Error: error_code = 30; This profile is private; id = 275025756
Error: error_code = 15; Access denied: user deactivated; id = 85694633
Error: error_code = 15; Access denied: user deactivated; id = 376759811
Error: error_code = 30; This profile is private; id = 118673828
Error: error_code = 30; This profile is private; id = 117484584
Error: error_code = 30; This profile is private; id = 45151907
Error: error_code = 30; This profile is private; id = 476047118
Error: error_code = 30; This profile is private; id = 587016980
Error: error_code = 30; This profile is private; id = 288272143
Error: error_code = 30; This profile is private; id = 551503929
Error: error_code = 30; This profile is private; id = 408003396
Error: error_code = 30; This profile is private; id = 616764214
Error: error_code = 15; Access denied: user deactivated; id = 227421449
Error: error_code = 15; Access denied: user deactivated; id = 424352378
Error: error_code = 30; This profile is private; id = 549126110
Error: error_code = 30; This profile is private; id = 590656899
Error: error_code = 30; This profile is private; id = 367795711
Error: error_code = 15; Access denied: user deactivated; id = 646961043
Error: error_code = 30; This profile is private; id = 146055988
Error: error_code = 30; This profile is private; id = 426036047
Error: error_code = 30; This profile is private; id = 14069078
Error: error_code = 30; This profile is private; id = 389297901
Error: error_code = 30; This profile is private; id = 615629528
Error: error_code = 15; Access denied: user deactivated; id = 377043263
Error: error_code = 30; This profile is private; id = 277547314
Error: error_code = 15; Access denied: user deactivated; id = 429079952
Error: error_code = 15; Access denied: user deactivated; id = 175945917
Error: error_code = 30; This profile is private; id = 433719754
Error: error_code = 30; This profile is private; id = 656660823
Error: error_code = 30; This profile is private; id = 578796069
Error: error_code = 30; This profile is private; id = 528598360
Error: error_code = 15; Access denied: user deactivated; id = 216518159
Error: error_code = 30; This profile is private; id = 682841643
Error: error_code = 15; Access denied: user deactivated; id = 25423410
Error: error_code = 30; This profile is private; id = 136603459
Error: error_code = 15; Access denied: user deactivated; id = 597225466
Error: error_code = 15; Access denied: user deactivated; id = 363650395
Error: error_code = 15; Access denied: user deactivated; id = 132135616
Error: error_code = 30; This profile is private; id = 657994554
Error: error_code = 30; This profile is private; id = 299416
Error: error_code = 15; Access denied: user deactivated; id = 632492817
Error: error_code = 30; This profile is private; id = 162141291
Error: error_code = 30; This profile is private; id = 98120463
Error: error_code = 15; Access denied: user deactivated; id = 475502811
Error: error_code = 15; Access denied: user deactivated; id = 538385981
Error: error_code = 30; This profile is private; id = 86567341
Error: error_code = 30; This profile is private; id = 626901917
Error: error_code = 30; This profile is private; id = 355095611
Error: error_code = 15; Access denied: user deactivated; id = 695281607
Error: error_code = 30; This profile is private; id = 157710731
Error: error_code = 30; This profile is private; id = 132514928
Error: error_code = 30; This profile is private; id = 560978413
Error: error_code = 30; This profile is private; id = 454101687
Error: error_code = 15; Access denied: user deactivated; id = 373393529
Error: error_code = 30; This profile is private; id = 536509335
Error: error_code = 30; This profile is private; id = 62534643
Error: error_code = 30; This profile is private; id = 383520437
Error: error_code = 15; Access denied: user deactivated; id = 197796047
Error: error_code = 30; This profile is private; id = 289809623
Error: error_code = 30; This profile is private; id = 141217815
Error: error_code = 30; This profile is private; id = 190435498
Error: error_code = 30; This profile is private; id = 259310036
Error: error_code = 30; This profile is private; id = 61933530
Error: error_code = 30; This profile is private; id = 183676114
Error: error_code = 15; Access denied: user deactivated; id = 139198550
Error: error_code = 30; This profile is private; id = 542447511
Error: error_code = 30; This profile is private; id = 87306093
Error: error_code = 15; Access denied: user deactivated; id = 334604940
Error: error_code = 15; Access denied: user deactivated; id = 347980489
Error: error_code = 15; Access denied: user deactivated; id = 187185222
Error: error_code = 30; This profile is private; id = 553774770
Error: error_code = 15; Access denied: user deactivated; id = 682039757
Error: error_code = 30; This profile is private; id = 298992425
Error: error_code = 30; This profile is private; id = 658900660
Error: error_code = 30; This profile is private; id = 89518372
Error: error_code = 15; Access denied: user deactivated; id = 439219743
Error: error_code = 30; This profile is private; id = 465283023
Error: error_code = 30; This profile is private; id = 407067218
Error: error_code = 30; This profile is private; id = 662738308
Error: error_code = 30; This profile is private; id = 578515949
Error: error_code = 30; This profile is private; id = 19819685
Error: error_code = 15; Access denied: user deactivated; id = 368816049
Error: error_code = 30; This profile is private; id = 315165624
Error: error_code = 15; Access denied: user deactivated; id = 82727061
Error: error_code = 30; This profile is private; id = 683771429
Error: error_code = 30; This profile is private; id = 278075341
Error: error_code = 30; This profile is private; id = 272230730
Error: error_code = 30; This profile is private; id = 142857674
Error: error_code = 15; Access denied: user deactivated; id = 458930808
Error: error_code = 30; This profile is private; id = 12088769
Error: error_code = 30; This profile is private; id = 151840392
Error: error_code = 30; This profile is private; id = 276211438
Error: error_code = 30; This profile is private; id = 251649725
Error: error_code = 30; This profile is private; id = 569530736
Error: error_code = 30; This profile is private; id = 238148432
Error: error_code = 15; Access denied: user deactivated; id = 280741259
Error: error_code = 15; Access denied: user deactivated; id = 715156424
Error: error_code = 30; This profile is private; id = 114118125
Error: error_code = 15; Access denied: user deactivated; id = 285496084
Error: error_code = 30; This profile is private; id = 174968532
Error: error_code = 15; Access denied: user deactivated; id = 435457939
Error: error_code = 15; Access denied: user deactivated; id = 236174647
Error: error_code = 30; This profile is private; id = 223983262
Error: error_code = 30; This profile is private; id = 645755713
Error: error_code = 30; This profile is private; id = 95862614
Error: error_code = 15; Access denied: user deactivated; id = 699976838
Error: error_code = 30; This profile is private; id = 193295519
Error: error_code = 30; This profile is private; id = 37324595
Error: error_code = 30; This profile is private; id = 483540509
Error: error_code = 30; This profile is private; id = 666899925
Error: error_code = 30; This profile is private; id = 688346853
Error: error_code = 30; This profile is private; id = 144903238
Error: error_code = 30; This profile is private; id = 671620151
Error: error_code = 15; Access denied: user deactivated; id = 700893961
Error: error_code = 15; Access denied: user deactivated; id = 104422369
Error: error_code = 30; This profile is private; id = 146380160
Error: error_code = 30; This profile is private; id = 705564382
Error: error_code = 15; Access denied: user deactivated; id = 392574049
Error: error_code = 15; Access denied: user deactivated; id = 427866360
Error: error_code = 30; This profile is private; id = 321245649
Error: error_code = 30; This profile is private; id = 496213610
Error: error_code = 30; This profile is private; id = 628510841
Error: error_code = 30; This profile is private; id = 479958357
Error: error_code = 15; Access denied: user deactivated; id = 401718684
Error: error_code = 30; This profile is private; id = 364633963
Error: error_code = 30; This profile is private; id = 290953240
Error: error_code = 30; This profile is private; id = 139164589
Error: error_code = 30; This profile is private; id = 620479619
Error: error_code = 30; This profile is private; id = 118524414
Error: error_code = 30; This profile is private; id = 59639435
Error: error_code = 15; Access denied: user deactivated; id = 384617038
Error: error_code = 30; This profile is private; id = 40140792
Error: error_code = 30; This profile is private; id = 162471190
Error: error_code = 15; Access denied: user deactivated; id = 649698241
Error: error_code = 30; This profile is private; id = 200319965
Error: error_code = 30; This profile is private; id = 254006407
Error: error_code = 30; This profile is private; id = 194040646
Error: error_code = 30; This profile is private; id = 35477170
Error: error_code = 15; Access denied: user deactivated; id = 710120837
Error: error_code = 30; This profile is private; id = 703897786
Error: error_code = 30; This profile is private; id = 517457795
Error: error_code = 30; This profile is private; id = 428351410
Error: error_code = 15; Access denied: user deactivated; id = 214302580
Error: error_code = 30; This profile is private; id = 265966198
Error: error_code = 30; This profile is private; id = 474397950
Error: error_code = 15; Access denied: user deactivated; id = 52216152
Error: error_code = 30; This profile is private; id = 532340156
Error: error_code = 30; This profile is private; id = 263045076
Error: error_code = 30; This profile is private; id = 72322776
Error: error_code = 15; Access denied: user deactivated; id = 715166433
Error: error_code = 30; This profile is private; id = 156942267
Error: error_code = 30; This profile is private; id = 28883284
Error: error_code = 30; This profile is private; id = 89231018
Error: error_code = 30; This profile is private; id = 144900127
Error: error_code = 30; This profile is private; id = 535270617
Error: error_code = 15; Access denied: user deactivated; id = 218433327
Error: error_code = 30; This profile is private; id = 673228885
Error: error_code = 15; Access denied: user deactivated; id = 214560919
Error: error_code = 30; This profile is private; id = 379451856
Error: error_code = 30; This profile is private; id = 611796507
Error: error_code = 30; This profile is private; id = 625669658
Error: error_code = 30; This profile is private; id = 4284483
Error: error_code = 15; Access denied: user deactivated; id = 402038422
Error: error_code = 30; This profile is private; id = 515484819
Error: error_code = 15; Access denied: user deactivated; id = 538067497
Error: error_code = 15; Access denied: user deactivated; id = 532159024
Error: error_code = 30; This profile is private; id = 46539584
Error: error_code = 30; This profile is private; id = 137823721
Error: error_code = 15; Access denied: user deactivated; id = 269832770
Error: error_code = 30; This profile is private; id = 142633359
Error: error_code = 30; This profile is private; id = 613302031
Error: error_code = 15; Access denied: user deactivated; id = 21935134
Error: error_code = 30; This profile is private; id = 451561904
Error: error_code = 30; This profile is private; id = 509113776
Error: error_code = 15; Access denied: user deactivated; id = 270672888
Error: error_code = 30; This profile is private; id = 27308244
Error: error_code = 15; Access denied: user deactivated; id = 30520685
Error: error_code = 15; Access denied: user deactivated; id = 179627243
Error: error_code = 30; This profile is private; id = 349834998
Error: error_code = 30; This profile is private; id = 416450612
Error: error_code = 30; This profile is private; id = 310855069
Error: error_code = 30; This profile is private; id = 6746720
Error: error_code = 30; This profile is private; id = 477756561
Error: error_code = 30; This profile is private; id = 197267575
Error: error_code = 30; This profile is private; id = 166701988
Error: error_code = 30; This profile is private; id = 573529851
Error: error_code = 15; Access denied: user deactivated; id = 368854793
Error: error_code = 30; This profile is private; id = 454113261
Error: error_code = 30; This profile is private; id = 490966385
Error: error_code = 15; Access denied: user deactivated; id = 590345165
Error: error_code = 15; Access denied: user deactivated; id = 26815343
Error: error_code = 30; This profile is private; id = 48459054
Error: error_code = 30; This profile is private; id = 391953024
Error: error_code = 30; This profile is private; id = 234635286
Error: error_code = 30; This profile is private; id = 346493692
Error: error_code = 30; This profile is private; id = 616643350
Error: error_code = 30; This profile is private; id = 186328402
Error: error_code = 30; This profile is private; id = 547753380
Error: error_code = 30; This profile is private; id = 124967334
Error: error_code = 15; Access denied: user deactivated; id = 205093364
Error: error_code = 30; This profile is private; id = 10417851
Error: error_code = 30; This profile is private; id = 615503958
Error: error_code = 30; This profile is private; id = 618600496
Error: error_code = 30; This profile is private; id = 391571152
Error: error_code = 30; This profile is private; id = 527776326
Error: error_code = 30; This profile is private; id = 413437045
Error: error_code = 30; This profile is private; id = 240042111
Error: error_code = 15; Access denied: user deactivated; id = 18843377
Error: error_code = 15; Access denied: user deactivated; id = 351557138
Error: error_code = 30; This profile is private; id = 135883860
Error: error_code = 15; Access denied: user deactivated; id = 633209020
Error: error_code = 30; This profile is private; id = 285985476
Error: error_code = 30; This profile is private; id = 691860244
Error: error_code = 30; This profile is private; id = 33363400
Error: error_code = 30; This profile is private; id = 367030668
Error: error_code = 30; This profile is private; id = 301828461
Error: error_code = 30; This profile is private; id = 162889064
Error: error_code = 30; This profile is private; id = 25026736
Error: error_code = 15; Access denied: user deactivated; id = 292764551
Error: error_code = 15; Access denied: user deactivated; id = 258085576
Error: error_code = 30; This profile is private; id = 5300668
Error: error_code = 15; Access denied: user deactivated; id = 276739281
Error: error_code = 30; This profile is private; id = 606525889
Error: error_code = 30; This profile is private; id = 631139502
Error: error_code = 30; This profile is private; id = 673278278
Error: error_code = 30; This profile is private; id = 306804339
Error: error_code = 15; Access denied: user deactivated; id = 495125481
Error: error_code = 30; This profile is private; id = 559881035
Error: error_code = 15; Access denied: user deactivated; id = 428483776
Error: error_code = 30; This profile is private; id = 564834833
Error: error_code = 30; This profile is private; id = 221661358
Error: error_code = 30; This profile is private; id = 152907864
Error: error_code = 30; This profile is private; id = 622244071
Error: error_code = 30; This profile is private; id = 249695215
Error: error_code = 15; Access denied: user deactivated; id = 231619271
Error: error_code = 30; This profile is private; id = 170351242
Error: error_code = 30; This profile is private; id = 606327891
Error: error_code = 30; This profile is private; id = 10330423
Error: error_code = 30; This profile is private; id = 523323755
Error: error_code = 30; This profile is private; id = 636177239
Error: error_code = 30; This profile is private; id = 78467960
Error: error_code = 15; Access denied: user deactivated; id = 260908529
Error: error_code = 30; This profile is private; id = 209452057
Error: error_code = 15; Access denied: user deactivated; id = 22009342
Error: error_code = 15; Access denied: user deactivated; id = 212303398
Error: error_code = 30; This profile is private; id = 35806684
Error: error_code = 30; This profile is private; id = 201675568
Error: error_code = 30; This profile is private; id = 237070055
Error: error_code = 30; This profile is private; id = 611998609
Error: error_code = 30; This profile is private; id = 168293670
Error: error_code = 15; Access denied: user deactivated; id = 320752888
Error: error_code = 15; Access denied: user deactivated; id = 171534332
Error: error_code = 30; This profile is private; id = 395325666
Error: error_code = 30; This profile is private; id = 577449680
Error: error_code = 30; This profile is private; id = 681479921
Error: error_code = 15; Access denied: user deactivated; id = 715183619
Error: error_code = 15; Access denied: user deactivated; id = 38596349
Error: error_code = 30; This profile is private; id = 671211314
Error: error_code = 30; This profile is private; id = 209492351
Error: error_code = 30; This profile is private; id = 432572652
Error: error_code = 30; This profile is private; id = 622902848
Error: error_code = 30; This profile is private; id = 704110802
Error: error_code = 15; Access denied: user deactivated; id = 89126801
Error: error_code = 15; Access denied: user deactivated; id = 205981442
Error: error_code = 30; This profile is private; id = 105690750
Error: error_code = 15; Access denied: user deactivated; id = 398052699
Error: error_code = 30; This profile is private; id = 4606235
Error: error_code = 30; This profile is private; id = 3990002
Error: error_code = 30; This profile is private; id = 102537952
Error: error_code = 30; This profile is private; id = 527373673
Error: error_code = 30; This profile is private; id = 580548824
Error: error_code = 15; Access denied: user deactivated; id = 263363367
Error: error_code = 30; This profile is private; id = 44209907
Error: error_code = 30; This profile is private; id = 64989762
Error: error_code = 15; Access denied: user deactivated; id = 246794558
Error: error_code = 30; This profile is private; id = 261530116
Error: error_code = 30; This profile is private; id = 679593437
Error: error_code = 30; This profile is private; id = 151760981
Error: error_code = 30; This profile is private; id = 2635706
Error: error_code = 30; This profile is private; id = 494668367
Error: error_code = 15; Access denied: user deactivated; id = 678141067
Error: error_code = 30; This profile is private; id = 702841796
Error: error_code = 30; This profile is private; id = 387230736
Error: error_code = 15; Access denied: user deactivated; id = 317457847
Error: error_code = 30; This profile is private; id = 5083811
Error: error_code = 15; Access denied: user deactivated; id = 214490495
Error: error_code = 30; This profile is private; id = 571308984
Error: error_code = 30; This profile is private; id = 28358637
Error: error_code = 15; Access denied: user deactivated; id = 426595537
Error: error_code = 15; Access denied: user deactivated; id = 210826406
Error: error_code = 15; Access denied: user deactivated; id = 273984616
Error: error_code = 15; Access denied: user deactivated; id = 228528100
Error: error_code = 30; This profile is private; id = 615839469
Error: error_code = 30; This profile is private; id = 401387845
Error: error_code = 30; This profile is private; id = 505349748
Error: error_code = 30; This profile is private; id = 484610045
Error: error_code = 30; This profile is private; id = 8643998
Error: error_code = 30; This profile is private; id = 70214992
Error: error_code = 30; This profile is private; id = 483358527
Error: error_code = 15; Access denied: user deactivated; id = 278305739
Error: error_code = 30; This profile is private; id = 31885070
Error: error_code = 30; This profile is private; id = 433381054
Error: error_code = 30; This profile is private; id = 666335916
Error: error_code = 30; This profile is private; id = 134235183
Error: error_code = 15; Access denied: user deactivated; id = 588217962
Error: error_code = 30; This profile is private; id = 403397434
Error: error_code = 15; Access denied: user deactivated; id = 396569101
Error: error_code = 15; Access denied: user deactivated; id = 227673910
Error: error_code = 30; This profile is private; id = 10623596
Error: error_code = 30; This profile is private; id = 426977410
Error: error_code = 30; This profile is private; id = 309264049
Error: error_code = 30; This profile is private; id = 466401347
Error: error_code = 30; This profile is private; id = 485337180
Error: error_code = 15; Access denied: user deactivated; id = 365031062
Error: error_code = 30; This profile is private; id = 274898721
Error: error_code = 30; This profile is private; id = 235689024
Error: error_code = 30; This profile is private; id = 308949546
Error: error_code = 30; This profile is private; id = 404206218
Error: error_code = 15; Access denied: user deactivated; id = 270918789
Error: error_code = 30; This profile is private; id = 591467750
Error: error_code = 15; Access denied: user deactivated; id = 214930202
Error: error_code = 15; Access denied: user deactivated; id = 545135528
Error: error_code = 30; This profile is private; id = 674744256
Error: error_code = 15; Access denied: user deactivated; id = 21756683
Error: error_code = 15; Access denied: user deactivated; id = 242772134
Error: error_code = 30; This profile is private; id = 47102970
Error: error_code = 15; Access denied: user deactivated; id = 47968116
Error: error_code = 15; Access denied: user deactivated; id = 326746673
Error: error_code = 30; This profile is private; id = 13144463
Error: error_code = 15; Access denied: user deactivated; id = 147710224
Error: error_code = 30; This profile is private; id = 706844875
Error: error_code = 30; This profile is private; id = 302533155
Error: error_code = 30; This profile is private; id = 466706276
Error: error_code = 30; This profile is private; id = 265867353
Error: error_code = 15; Access denied: user deactivated; id = 523128797
Error: error_code = 30; This profile is private; id = 442548957
Error: error_code = 30; This profile is private; id = 469597486
Error: error_code = 15; Access denied: user deactivated; id = 82927324
Error: error_code = 30; This profile is private; id = 388928181
Error: error_code = 30; This profile is private; id = 154006473
Error: error_code = 30; This profile is private; id = 533020459
Error: error_code = 30; This profile is private; id = 546553625
Error: error_code = 30; This profile is private; id = 332541443
Error: error_code = 30; This profile is private; id = 599535028
Error: error_code = 30; This profile is private; id = 646438557
Error: error_code = 30; This profile is private; id = 37880558
Error: error_code = 30; This profile is private; id = 707451346
Error: error_code = 30; This profile is private; id = 541767657
Error: error_code = 30; This profile is private; id = 306757573
Error: error_code = 15; Access denied: user deactivated; id = 430374007
Error: error_code = 30; This profile is private; id = 661990380
Error: error_code = 30; This profile is private; id = 319338752
Error: error_code = 15; Access denied: user deactivated; id = 624322212
Error: error_code = 30; This profile is private; id = 334169033
Error: error_code = 30; This profile is private; id = 493628359
Error: error_code = 30; This profile is private; id = 620031370
Error: error_code = 30; This profile is private; id = 191081792
Error: error_code = 30; This profile is private; id = 328627984
Error: error_code = 15; Access denied: user deactivated; id = 144036553
Error: error_code = 30; This profile is private; id = 72618441
Error: error_code = 15; Access denied: user deactivated; id = 348608019
Error: error_code = 30; This profile is private; id = 634095647
Error: error_code = 30; This profile is private; id = 313848757
Error: error_code = 30; This profile is private; id = 156156520
Error: error_code = 30; This profile is private; id = 615668457
Error: error_code = 30; This profile is private; id = 212784719
Error: error_code = 30; This profile is private; id = 652950591
Error: error_code = 30; This profile is private; id = 532540707
Error: error_code = 30; This profile is private; id = 163114750
Error: error_code = 15; Access denied: user deactivated; id = 564753595
Error: error_code = 30; This profile is private; id = 677230717
Error: error_code = 30; This profile is private; id = 395603462
Error: error_code = 30; This profile is private; id = 623820005
Error: error_code = 30; This profile is private; id = 14650898
Error: error_code = 30; This profile is private; id = 125670954
Error: error_code = 30; This profile is private; id = 133724887
Error: error_code = 30; This profile is private; id = 68836112
Error: error_code = 30; This profile is private; id = 214408884
Error: error_code = 15; Access denied: user deactivated; id = 430024590
Error: error_code = 15; Access denied: user deactivated; id = 260262171
Error: error_code = 15; Access denied: user deactivated; id = 169297670
Error: error_code = 30; This profile is private; id = 590215030
Error: error_code = 30; This profile is private; id = 716793833
Error: error_code = 15; Access denied: user deactivated; id = 121466541
Error: error_code = 30; This profile is private; id = 377371883
Error: error_code = 15; Access denied: user deactivated; id = 61690131
Error: error_code = 15; Access denied: user deactivated; id = 713929659
Error: error_code = 30; This profile is private; id = 381129341
Error: error_code = 30; This profile is private; id = 572207057
Error: error_code = 30; This profile is private; id = 649696109
Error: error_code = 30; This profile is private; id = 701709483
Error: error_code = 15; Access denied: user deactivated; id = 400869368
Error: error_code = 30; This profile is private; id = 547875111
Error: error_code = 30; This profile is private; id = 228292653
Error: error_code = 15; Access denied: user deactivated; id = 389891102
Error: error_code = 30; This profile is private; id = 270121370
Error: error_code = 30; This profile is private; id = 559506694
Error: error_code = 15; Access denied: user deactivated; id = 141333630
Error: error_code = 30; This profile is private; id = 270350434
Error: error_code = 30; This profile is private; id = 371651158
Error: error_code = 15; Access denied: user deactivated; id = 419736188
Error: error_code = 15; Access denied: user deactivated; id = 68820534
Error: error_code = 30; This profile is private; id = 6161898
Error: error_code = 15; Access denied: user deactivated; id = 311224967
Error: error_code = 30; This profile is private; id = 451065332
Error: error_code = 30; This profile is private; id = 152401786
Error: error_code = 30; This profile is private; id = 10222401
Error: error_code = 15; Access denied: user deactivated; id = 181602334
Error: error_code = 30; This profile is private; id = 74097509
Error: error_code = 30; This profile is private; id = 142695700
Error: error_code = 30; This profile is private; id = 52279461
Error: error_code = 30; This profile is private; id = 435293479
Error: error_code = 30; This profile is private; id = 586460138
Error: error_code = 30; This profile is private; id = 511802424
Error: error_code = 30; This profile is private; id = 687588956
Error: error_code = 30; This profile is private; id = 588426578
Error: error_code = 30; This profile is private; id = 530381085
Error: error_code = 30; This profile is private; id = 179107883
Error: error_code = 30; This profile is private; id = 276967783
Error: error_code = 15; Access denied: user deactivated; id = 300902325
Error: error_code = 30; This profile is private; id = 516428410
Error: error_code = 30; This profile is private; id = 226366669
Error: error_code = 30; This profile is private; id = 524859706
Error: error_code = 15; Access denied: user deactivated; id = 188963824
Error: error_code = 30; This profile is private; id = 659855073
Error: error_code = 15; Access denied: user deactivated; id = 127265742
Error: error_code = 30; This profile is private; id = 117207830
Error: error_code = 15; Access denied: user deactivated; id = 266767133
Error: error_code = 30; This profile is private; id = 535592536
Error: error_code = 30; This profile is private; id = 285730606
Error: error_code = 30; This profile is private; id = 625187719
Error: error_code = 30; This profile is private; id = 586615870
Error: error_code = 15; Access denied: user deactivated; id = 163866730
Error: error_code = 30; This profile is private; id = 142611768
Error: error_code = 30; This profile is private; id = 174846234
Error: error_code = 15; Access denied: user deactivated; id = 135505948
Error: error_code = 15; Access denied: user deactivated; id = 491496233
Error: error_code = 30; This profile is private; id = 60201762
Error: error_code = 30; This profile is private; id = 360074055
Error: error_code = 15; Access denied: user deactivated; id = 208798045
Error: error_code = 15; Access denied: user deactivated; id = 699538813
Error: error_code = 15; Access denied: user deactivated; id = 306151106
Error: error_code = 15; Access denied: user deactivated; id = 555474994
Error: error_code = 30; This profile is private; id = 699024020
Error: error_code = 15; Access denied: user deactivated; id = 615430348
Error: error_code = 30; This profile is private; id = 284481123
Error: error_code = 30; This profile is private; id = 151013558
Error: error_code = 15; Access denied: user deactivated; id = 198214974
Error: error_code = 30; This profile is private; id = 220498398
Error: error_code = 15; Access denied: user deactivated; id = 462025370
Error: error_code = 15; Access denied: user deactivated; id = 430068933
Error: error_code = 15; Access denied: user deactivated; id = 658204952
Error: error_code = 30; This profile is private; id = 612176827
Error: error_code = 30; This profile is private; id = 59071045
Error: error_code = 15; Access denied: user deactivated; id = 504119531
Error: error_code = 30; This profile is private; id = 560546448
Error: error_code = 15; Access denied: user deactivated; id = 135031771
Error: error_code = 15; Access denied: user deactivated; id = 82978397
Error: error_code = 30; This profile is private; id = 146408026
Error: error_code = 30; This profile is private; id = 120006710
Error: error_code = 30; This profile is private; id = 335609675
Error: error_code = 15; Access denied: user deactivated; id = 289441413
Error: error_code = 15; Access denied: user deactivated; id = 199755027
Error: error_code = 15; Access denied: user deactivated; id = 321113011
Error: error_code = 15; Access denied: user deactivated; id = 426178783
Error: error_code = 30; This profile is private; id = 183276081
Error: error_code = 15; Access denied: user deactivated; id = 320200821
Error: error_code = 30; This profile is private; id = 323698637
Error: error_code = 30; This profile is private; id = 515448421
Error: error_code = 30; This profile is private; id = 89821801
Error: error_code = 30; This profile is private; id = 62703480
Error: error_code = 15; Access denied: user deactivated; id = 423162559
Error: error_code = 30; This profile is private; id = 248466351
Error: error_code = 15; Access denied: user deactivated; id = 542110105
Error: error_code = 30; This profile is private; id = 317644451
Error: error_code = 30; This profile is private; id = 609937312
Error: error_code = 30; This profile is private; id = 385396543
Error: error_code = 30; This profile is private; id = 177918011
Error: error_code = 30; This profile is private; id = 573807763
Error: error_code = 15; Access denied: user deactivated; id = 420745475
Error: error_code = 15; Access denied: user deactivated; id = 153951190
Error: error_code = 30; This profile is private; id = 632007062
Error: error_code = 30; This profile is private; id = 538276593
Error: error_code = 15; Access denied: user deactivated; id = 61162119
Error: error_code = 15; Access denied: user deactivated; id = 53431497
Error: error_code = 30; This profile is private; id = 579910881
Error: error_code = 30; This profile is private; id = 153565144
Error: error_code = 30; This profile is private; id = 712508518
Error: error_code = 30; This profile is private; id = 248672970
Error: error_code = 15; Access denied: user deactivated; id = 390198657
Error: error_code = 15; Access denied: user deactivated; id = 287909924
Error: error_code = 30; This profile is private; id = 523555064
Error: error_code = 30; This profile is private; id = 577049798
Error: error_code = 30; This profile is private; id = 545602891
Error: error_code = 15; Access denied: user deactivated; id = 455962264
Error: error_code = 15; Access denied: user deactivated; id = 132298061
Error: error_code = 15; Access denied: user deactivated; id = 230977358
Error: error_code = 30; This profile is private; id = 148186193
Error: error_code = 30; This profile is private; id = 66036248
Error: error_code = 15; Access denied: user deactivated; id = 703729340
Error: error_code = 30; This profile is private; id = 524633159
Error: error_code = 30; This profile is private; id = 416664638
Error: error_code = 15; Access denied: user deactivated; id = 508647298
Error: error_code = 15; Access denied: user deactivated; id = 401133229
Error: error_code = 30; This profile is private; id = 495220513
Error: error_code = 30; This profile is private; id = 285294755
Error: error_code = 15; Access denied: user deactivated; id = 363635396
Error: error_code = 15; Access denied: user deactivated; id = 431427518
Error: error_code = 15; Access denied: user deactivated; id = 555908061
Error: error_code = 30; This profile is private; id = 451417334
Error: error_code = 30; This profile is private; id = 30835056
Error: error_code = 30; This profile is private; id = 702692018
Error: error_code = 30; This profile is private; id = 405589684
Error: error_code = 30; This profile is private; id = 93947211
Error: error_code = 30; This profile is private; id = 60377039
Error: error_code = 15; Access denied: user deactivated; id = 425409445
Error: error_code = 30; This profile is private; id = 65436799
Error: error_code = 30; This profile is private; id = 11872685
Error: error_code = 15; Access denied: user deactivated; id = 553309864
Error: error_code = 30; This profile is private; id = 578336378
Error: error_code = 30; This profile is private; id = 34189156
Error: error_code = 30; This profile is private; id = 97880831
Error: error_code = 30; This profile is private; id = 352529602
Error: error_code = 30; This profile is private; id = 52394172
Error: error_code = 30; This profile is private; id = 451575627
Error: error_code = 30; This profile is private; id = 262009978
Error: error_code = 30; This profile is private; id = 319444509
Error: error_code = 30; This profile is private; id = 45446093
Error: error_code = 30; This profile is private; id = 140819373
Error: error_code = 30; This profile is private; id = 288317682
Error: error_code = 30; This profile is private; id = 407187765
Error: error_code = 30; This profile is private; id = 599399460
Error: error_code = 15; Access denied: user deactivated; id = 50642207
Error: error_code = 15; Access denied: user deactivated; id = 321690807
Error: error_code = 30; This profile is private; id = 686766448
Error: error_code = 30; This profile is private; id = 251241706
Error: error_code = 30; This profile is private; id = 11839280
Error: error_code = 30; This profile is private; id = 713229675
Error: error_code = 30; This profile is private; id = 136759812
Error: error_code = 30; This profile is private; id = 337394439
Error: error_code = 30; This profile is private; id = 224894832
Error: error_code = 30; This profile is private; id = 80292004
Error: error_code = 30; This profile is private; id = 370131684
Error: error_code = 15; Access denied: user deactivated; id = 144134556
Error: error_code = 30; This profile is private; id = 564901
Error: error_code = 30; This profile is private; id = 630882850
Error: error_code = 15; Access denied: user deactivated; id = 185102457
Error: error_code = 30; This profile is private; id = 427166926
Error: error_code = 30; This profile is private; id = 343223000
Error: error_code = 15; Access denied: user deactivated; id = 702007447
Error: error_code = 30; This profile is private; id = 417412695
Error: error_code = 30; This profile is private; id = 711308212
Error: error_code = 30; This profile is private; id = 189684233
Error: error_code = 30; This profile is private; id = 278472969
Error: error_code = 30; This profile is private; id = 75791876
Error: error_code = 30; This profile is private; id = 19196322
Error: error_code = 30; This profile is private; id = 161607170
Error: error_code = 30; This profile is private; id = 706405056
Error: error_code = 15; Access denied: user deactivated; id = 608357048
Error: error_code = 15; Access denied: user deactivated; id = 221283743
Error: error_code = 30; This profile is private; id = 374429141
Error: error_code = 30; This profile is private; id = 577765491
Error: error_code = 15; Access denied: user deactivated; id = 77492370
Error: error_code = 15; Access denied: user deactivated; id = 343008299
Error: error_code = 30; This profile is private; id = 603034081
Error: error_code = 30; This profile is private; id = 698823392
Error: error_code = 30; This profile is private; id = 614287615
Error: error_code = 15; Access denied: user deactivated; id = 197773366
Error: error_code = 30; This profile is private; id = 163618173
Error: error_code = 15; Access denied: user deactivated; id = 31100577
Error: error_code = 30; This profile is private; id = 335550244
Error: error_code = 30; This profile is private; id = 397671561
Error: error_code = 15; Access denied: user deactivated; id = 275983995
Error: error_code = 30; This profile is private; id = 614901404
Error: error_code = 15; Access denied: user deactivated; id = 334396855
Error: error_code = 15; Access denied: user deactivated; id = 419760611
Error: error_code = 30; This profile is private; id = 626402014
Error: error_code = 15; Access denied: user deactivated; id = 599750632
Error: error_code = 15; Access denied: user deactivated; id = 136794666
Error: error_code = 30; This profile is private; id = 559111536
Error: error_code = 15; Access denied: user deactivated; id = 656741246
Error: error_code = 30; This profile is private; id = 83364463
Error: error_code = 30; This profile is private; id = 57762649
Error: error_code = 30; This profile is private; id = 578802716
Error: error_code = 30; This profile is private; id = 448067463
Error: error_code = 30; This profile is private; id = 643587116
Error: error_code = 30; This profile is private; id = 104155578
Error: error_code = 30; This profile is private; id = 708851581
Error: error_code = 30; This profile is private; id = 673750414
Error: error_code = 15; Access denied: user deactivated; id = 274354266
Error: error_code = 30; This profile is private; id = 524648265
Error: error_code = 30; This profile is private; id = 217296833
Error: error_code = 30; This profile is private; id = 339482848
Error: error_code = 30; This profile is private; id = 509861187
Error: error_code = 30; This profile is private; id = 441776975
Error: error_code = 30; This profile is private; id = 677726387
Error: error_code = 30; This profile is private; id = 525121604
Error: error_code = 30; This profile is private; id = 176755120
Error: error_code = 30; This profile is private; id = 146058396
Error: error_code = 30; This profile is private; id = 614318754
Error: error_code = 30; This profile is private; id = 654452565
Error: error_code = 30; This profile is private; id = 307445809
Error: error_code = 30; This profile is private; id = 176397114
Error: error_code = 15; Access denied: user deactivated; id = 127512112
Error: error_code = 15; Access denied: user deactivated; id = 507783610
Error: error_code = 30; This profile is private; id = 381655157
Error: error_code = 15; Access denied: user deactivated; id = 708281029
Error: error_code = 15; Access denied: user deactivated; id = 182895262
Error: error_code = 15; Access denied: user deactivated; id = 670100303
Error: error_code = 30; This profile is private; id = 29299813
Error: error_code = 30; This profile is private; id = 562575651
Error: error_code = 30; This profile is private; id = 682610547
Error: error_code = 15; Access denied: user deactivated; id = 403223855
Error: error_code = 15; Access denied: user deactivated; id = 202367280
Error: error_code = 30; This profile is private; id = 678406184
Error: error_code = 30; This profile is private; id = 514242421
Error: error_code = 30; This profile is private; id = 513330082
Error: error_code = 30; This profile is private; id = 32576164
Error: error_code = 30; This profile is private; id = 616729646
Error: error_code = 30; This profile is private; id = 1996313
Error: error_code = 30; This profile is private; id = 528851210
Error: error_code = 30; This profile is private; id = 371884222
Error: error_code = 30; This profile is private; id = 294726391
Error: error_code = 15; Access denied: user deactivated; id = 532857427
Error: error_code = 30; This profile is private; id = 102880025
Error: error_code = 30; This profile is private; id = 18052838
Error: error_code = 15; Access denied: user deactivated; id = 157191427
Error: error_code = 15; Access denied: user deactivated; id = 187491956
Error: error_code = 30; This profile is private; id = 307048030
Error: error_code = 30; This profile is private; id = 180538990
Error: error_code = 30; This profile is private; id = 11836833
Error: error_code = 30; This profile is private; id = 51599376
Error: error_code = 30; This profile is private; id = 469671327
Error: error_code = 30; This profile is private; id = 672836398
Error: error_code = 30; This profile is private; id = 219263996
Error: error_code = 30; This profile is private; id = 543653812
Error: error_code = 15; Access denied: user deactivated; id = 202359353
Error: error_code = 30; This profile is private; id = 22085104
Error: error_code = 30; This profile is private; id = 700130332
Error: error_code = 30; This profile is private; id = 548836769
Error: error_code = 15; Access denied: user deactivated; id = 157311500
Error: error_code = 15; Access denied: user deactivated; id = 455576763
Error: error_code = 15; Access denied: user deactivated; id = 199350016
Error: error_code = 30; This profile is private; id = 16551318
Error: error_code = 30; This profile is private; id = 5069416
Error: error_code = 15; Access denied: user deactivated; id = 428982463
Error: error_code = 30; This profile is private; id = 74867589
Error: error_code = 30; This profile is private; id = 642368144
Error: error_code = 30; This profile is private; id = 28672458
Error: error_code = 15; Access denied: user deactivated; id = 349430329
Error: error_code = 30; This profile is private; id = 481790768
Error: error_code = 30; This profile is private; id = 607971021
Error: error_code = 30; This profile is private; id = 457613710
Error: error_code = 30; This profile is private; id = 51349173
Error: error_code = 30; This profile is private; id = 600468057
Error: error_code = 30; This profile is private; id = 38082515
Error: error_code = 30; This profile is private; id = 220435413
Error: error_code = 15; Access denied: user deactivated; id = 394585746
Error: error_code = 30; This profile is private; id = 540436876
Error: error_code = 30; This profile is private; id = 69455084
Error: error_code = 15; Access denied: user deactivated; id = 401190661
Error: error_code = 15; Access denied: user deactivated; id = 267761498
Error: error_code = 15; Access denied: user deactivated; id = 691385021
Error: error_code = 30; This profile is private; id = 434040323
Error: error_code = 30; This profile is private; id = 302032001
Error: error_code = 15; Access denied: user deactivated; id = 160395376
Error: error_code = 15; Access denied: user deactivated; id = 110545701
Error: error_code = 30; This profile is private; id = 535082600
Error: error_code = 30; This profile is private; id = 598418338
Error: error_code = 30; This profile is private; id = 227510002
Error: error_code = 15; Access denied: user deactivated; id = 554912287
Error: error_code = 30; This profile is private; id = 231503873
Error: error_code = 30; This profile is private; id = 529696688
Error: error_code = 15; Access denied: user deactivated; id = 363051266
Error: error_code = 15; Access denied: user deactivated; id = 417457998
Error: error_code = 15; Access denied: user deactivated; id = 268556285
Error: error_code = 30; This profile is private; id = 305633009
Error: error_code = 30; This profile is private; id = 6616892
Error: error_code = 15; Access denied: user deactivated; id = 195140665
Error: error_code = 15; Access denied: user deactivated; id = 215292572
Error: error_code = 30; This profile is private; id = 451094276
Error: error_code = 15; Access denied: user deactivated; id = 637874569
Error: error_code = 15; Access denied: user deactivated; id = 573280600
Error: error_code = 15; Access denied: user deactivated; id = 236557299
Error: error_code = 15; Access denied: user deactivated; id = 264412832
Error: error_code = 30; This profile is private; id = 209291180
Error: error_code = 30; This profile is private; id = 96721181
Error: error_code = 30; This profile is private; id = 716027828
Error: error_code = 15; Access denied: user deactivated; id = 306548951
Error: error_code = 15; Access denied: user deactivated; id = 180377409
Error: error_code = 30; This profile is private; id = 524878411
Error: error_code = 30; This profile is private; id = 362421519
Error: error_code = 15; Access denied: user deactivated; id = 223713919
Error: error_code = 30; This profile is private; id = 399550421
Error: error_code = 30; This profile is private; id = 390984190
Error: error_code = 30; This profile is private; id = 173776378
Error: error_code = 30; This profile is private; id = 643363752
Error: error_code = 30; This profile is private; id = 12372191
Error: error_code = 15; Access denied: user deactivated; id = 341488873
Error: error_code = 30; This profile is private; id = 204335217
Error: error_code = 30; This profile is private; id = 53285978
Error: error_code = 30; This profile is private; id = 21357247
Error: error_code = 15; Access denied: user deactivated; id = 715002570
Error: error_code = 15; Access denied: user deactivated; id = 238747099
Error: error_code = 30; This profile is private; id = 364574505
Error: error_code = 15; Access denied: user deactivated; id = 516833333
Error: error_code = 15; Access denied: user deactivated; id = 128622855
Error: error_code = 15; Access denied: user deactivated; id = 183898077
Error: error_code = 30; This profile is private; id = 562677865
Error: error_code = 15; Access denied: user deactivated; id = 187843661
Error: error_code = 30; This profile is private; id = 284713714
Error: error_code = 15; Access denied: user deactivated; id = 431154137
Error: error_code = 30; This profile is private; id = 116808792
Error: error_code = 15; Access denied: user deactivated; id = 219129937
Error: error_code = 30; This profile is private; id = 85950263
Error: error_code = 15; Access denied: user deactivated; id = 590707079
Error: error_code = 30; This profile is private; id = 377194114
Error: error_code = 15; Access denied: user deactivated; id = 541471023
Error: error_code = 15; Access denied: user deactivated; id = 141424651
Error: error_code = 30; This profile is private; id = 374221188
Error: error_code = 30; This profile is private; id = 434735072
Error: error_code = 15; Access denied: user deactivated; id = 167212650
Error: error_code = 30; This profile is private; id = 97810339
Error: error_code = 15; Access denied: user deactivated; id = 106841780
Error: error_code = 30; This profile is private; id = 408913202
Error: error_code = 30; This profile is private; id = 454511230
Error: error_code = 15; Access denied: user deactivated; id = 303462172
Error: error_code = 30; This profile is private; id = 425468130
Error: error_code = 30; This profile is private; id = 106466152
Error: error_code = 30; This profile is private; id = 241832794
Error: error_code = 15; Access denied: user deactivated; id = 449458714
Error: error_code = 15; Access denied: user deactivated; id = 458177974
Error: error_code = 30; This profile is private; id = 113381674
Error: error_code = 30; This profile is private; id = 617518272
Error: error_code = 15; Access denied: user deactivated; id = 417633491
Error: error_code = 30; This profile is private; id = 562673916
Error: error_code = 30; This profile is private; id = 354278204
Error: error_code = 30; This profile is private; id = 60983806
Error: error_code = 30; This profile is private; id = 671023374
Error: error_code = 30; This profile is private; id = 18085402
Error: error_code = 30; This profile is private; id = 502046366
Error: error_code = 30; This profile is private; id = 579993821
Error: error_code = 30; This profile is private; id = 179041115
Error: error_code = 30; This profile is private; id = 486214519
Error: error_code = 30; This profile is private; id = 251871252
Error: error_code = 15; Access denied: user deactivated; id = 455406824
Error: error_code = 30; This profile is private; id = 667753525
Error: error_code = 15; Access denied: user deactivated; id = 396369911
Error: error_code = 15; Access denied: user deactivated; id = 504435542
Error: error_code = 15; Access denied: user deactivated; id = 393857015
Error: error_code = 30; This profile is private; id = 54102763
Error: error_code = 30; This profile is private; id = 72464397
Error: error_code = 30; This profile is private; id = 443573231
Error: error_code = 15; Access denied: user deactivated; id = 10112918
Error: error_code = 15; Access denied: user deactivated; id = 414887801
Error: error_code = 15; Access denied: user deactivated; id = 357686482
Error: error_code = 30; This profile is private; id = 438882255
Error: error_code = 30; This profile is private; id = 38863860
Error: error_code = 30; This profile is private; id = 102125561
Error: error_code = 15; Access denied: user deactivated; id = 331457151
Error: error_code = 30; This profile is private; id = 248426246
Error: error_code = 30; This profile is private; id = 693971060
Error: error_code = 30; This profile is private; id = 428952515
Error: error_code = 30; This profile is private; id = 49416857
Error: error_code = 30; This profile is private; id = 183243683
Error: error_code = 15; Access denied: user deactivated; id = 402810841
Error: error_code = 15; Access denied: user deactivated; id = 177248192
Error: error_code = 15; Access denied: user deactivated; id = 402205552
Error: error_code = 15; Access denied: user deactivated; id = 715137119
Error: error_code = 15; Access denied: user deactivated; id = 710123016
Error: error_code = 30; This profile is private; id = 650282959
Error: error_code = 30; This profile is private; id = 548462513
Error: error_code = 30; This profile is private; id = 153535907
Error: error_code = 30; This profile is private; id = 673031339
Error: error_code = 30; This profile is private; id = 403496601
Error: error_code = 30; This profile is private; id = 23386625
Error: error_code = 30; This profile is private; id = 389305106
Error: error_code = 30; This profile is private; id = 5468870
Error: error_code = 15; Access denied: user deactivated; id = 145280897
Error: error_code = 15; Access denied: user deactivated; id = 395585697
Error: error_code = 30; This profile is private; id = 182680133
Error: error_code = 15; Access denied: user deactivated; id = 627260506
Error: error_code = 30; This profile is private; id = 157322217
Error: error_code = 30; This profile is private; id = 6321420
Error: error_code = 15; Access denied: user deactivated; id = 643957283
Error: error_code = 30; This profile is private; id = 50187004
Error: error_code = 30; This profile is private; id = 202500120
Error: error_code = 30; This profile is private; id = 646245971
Error: error_code = 30; This profile is private; id = 449415212
Error: error_code = 30; This profile is private; id = 396211772
Error: error_code = 30; This profile is private; id = 252582630
Error: error_code = 30; This profile is private; id = 415880440
Error: error_code = 30; This profile is private; id = 383274705
Error: error_code = 15; Access denied: user deactivated; id = 305472864
Error: error_code = 30; This profile is private; id = 476201274
Error: error_code = 15; Access denied: user deactivated; id = 397403633
Error: error_code = 30; This profile is private; id = 428384997
Error: error_code = 15; Access denied: user deactivated; id = 532375501
Error: error_code = 15; Access denied: user deactivated; id = 212274018
Error: error_code = 30; This profile is private; id = 376007901
Error: error_code = 30; This profile is private; id = 7762237
Error: error_code = 30; This profile is private; id = 476908245
Error: error_code = 30; This profile is private; id = 325353992
Error: error_code = 30; This profile is private; id = 64814129
Error: error_code = 30; This profile is private; id = 563550732
Error: error_code = 30; This profile is private; id = 167829047
Error: error_code = 15; Access denied: user deactivated; id = 452568795
Error: error_code = 30; This profile is private; id = 137410618
Error: error_code = 30; This profile is private; id = 398304560
Error: error_code = 15; Access denied: user deactivated; id = 32509619
Error: error_code = 30; This profile is private; id = 290510046
Error: error_code = 15; Access denied: user deactivated; id = 249342935
Error: error_code = 15; Access denied: user deactivated; id = 490313938
Error: error_code = 30; This profile is private; id = 392514136
Error: error_code = 30; This profile is private; id = 651570290
Error: error_code = 30; This profile is private; id = 621051331
Error: error_code = 30; This profile is private; id = 7263785
Error: error_code = 15; Access denied: user deactivated; id = 407837127
Error: error_code = 15; Access denied: user deactivated; id = 539181556
Error: error_code = 30; This profile is private; id = 123276798
Error: error_code = 30; This profile is private; id = 629569273
Error: error_code = 30; This profile is private; id = 688352496
Error: error_code = 30; This profile is private; id = 23451979
Error: error_code = 30; This profile is private; id = 99269883
Error: error_code = 30; This profile is private; id = 559158368
Error: error_code = 30; This profile is private; id = 367820671
Error: error_code = 30; This profile is private; id = 634021109
Error: error_code = 15; Access denied: user deactivated; id = 644489663
Error: error_code = 30; This profile is private; id = 220625344
Error: error_code = 15; Access denied: user deactivated; id = 308207218
Error: error_code = 30; This profile is private; id = 632992351
Error: error_code = 30; This profile is private; id = 118016046
Error: error_code = 15; Access denied: user deactivated; id = 451244828
Error: error_code = 15; Access denied: user deactivated; id = 496536964
Error: error_code = 30; This profile is private; id = 28112108
Error: error_code = 30; This profile is private; id = 493485847
Error: error_code = 30; This profile is private; id = 424181456
Error: error_code = 30; This profile is private; id = 370431198
Error: error_code = 15; Access denied: user deactivated; id = 522192542
Error: error_code = 15; Access denied: user deactivated; id = 118558787
Error: error_code = 30; This profile is private; id = 375199953
Error: error_code = 30; This profile is private; id = 506097051
Error: error_code = 30; This profile is private; id = 20264992
Error: error_code = 30; This profile is private; id = 702553545
Error: error_code = 15; Access denied: user deactivated; id = 304091222
Error: error_code = 30; This profile is private; id = 111081006
Error: error_code = 15; Access denied: user deactivated; id = 97622818
Error: error_code = 30; This profile is private; id = 29930519
Error: error_code = 15; Access denied: user deactivated; id = 411691700
Error: error_code = 15; Access denied: user deactivated; id = 655454198
Error: error_code = 30; This profile is private; id = 521295084
Error: error_code = 30; This profile is private; id = 267595536
Error: error_code = 30; This profile is private; id = 339452551
Error: error_code = 30; This profile is private; id = 228245550
Error: error_code = 30; This profile is private; id = 33532336
Error: error_code = 30; This profile is private; id = 214311992
Error: error_code = 15; Access denied: user deactivated; id = 19063538
Error: error_code = 30; This profile is private; id = 631594469
Error: error_code = 30; This profile is private; id = 684349152
Error: error_code = 15; Access denied: user deactivated; id = 496257553
Error: error_code = 30; This profile is private; id = 640769504
Error: error_code = 30; This profile is private; id = 61930436
Error: error_code = 15; Access denied: user deactivated; id = 426168209
Error: error_code = 30; This profile is private; id = 141077830
Error: error_code = 30; This profile is private; id = 487408239
Error: error_code = 15; Access denied: user deactivated; id = 92877345
Error: error_code = 15; Access denied: user deactivated; id = 562350839
Error: error_code = 30; This profile is private; id = 129350952
Error: error_code = 30; This profile is private; id = 584541774
Error: error_code = 15; Access denied: user deactivated; id = 134306777
Error: error_code = 15; Access denied: user deactivated; id = 135277778
Error: error_code = 30; This profile is private; id = 707698181
Error: error_code = 30; This profile is private; id = 537613567
Error: error_code = 30; This profile is private; id = 75150366
Error: error_code = 15; Access denied: user deactivated; id = 308471355
Error: error_code = 30; This profile is private; id = 169372054
Error: error_code = 30; This profile is private; id = 52470648
Error: error_code = 30; This profile is private; id = 109481538
Error: error_code = 30; This profile is private; id = 131324182
Error: error_code = 30; This profile is private; id = 568972721
Error: error_code = 15; Access denied: user deactivated; id = 241072116
Error: error_code = 30; This profile is private; id = 188624252
Error: error_code = 15; Access denied: user deactivated; id = 213781408
Error: error_code = 30; This profile is private; id = 425983508
Error: error_code = 15; Access denied: user deactivated; id = 11989884
Error: error_code = 30; This profile is private; id = 30215866
Error: error_code = 30; This profile is private; id = 460101558
Error: error_code = 30; This profile is private; id = 459648872
Error: error_code = 30; This profile is private; id = 540070330
Error: error_code = 30; This profile is private; id = 239122031
Error: error_code = 15; Access denied: user deactivated; id = 15060671
Error: error_code = 30; This profile is private; id = 214851622
Error: error_code = 30; This profile is private; id = 265445990
Error: error_code = 30; This profile is private; id = 513912988
Error: error_code = 30; This profile is private; id = 21023870
Error: error_code = 30; This profile is private; id = 337567895
Error: error_code = 30; This profile is private; id = 162677898
Error: error_code = 30; This profile is private; id = 239662124
Error: error_code = 30; This profile is private; id = 592328744
Error: error_code = 30; This profile is private; id = 621608676
Error: error_code = 15; Access denied: user deactivated; id = 595509330
Error: error_code = 30; This profile is private; id = 494755493
Error: error_code = 30; This profile is private; id = 530423916
Error: error_code = 30; This profile is private; id = 248893402
Error: error_code = 30; This profile is private; id = 6168413
Error: error_code = 30; This profile is private; id = 509286340
Error: error_code = 15; Access denied: user deactivated; id = 250505266
Error: error_code = 30; This profile is private; id = 563820517
Error: error_code = 30; This profile is private; id = 461008458
Error: error_code = 30; This profile is private; id = 636839484
Error: error_code = 30; This profile is private; id = 495973068
Error: error_code = 15; Access denied: user deactivated; id = 215592310
Error: error_code = 15; Access denied: user deactivated; id = 614811521
Error: error_code = 30; This profile is private; id = 284659748
Error: error_code = 30; This profile is private; id = 671475112
Error: error_code = 30; This profile is private; id = 611307687
Error: error_code = 15; Access denied: user deactivated; id = 530732302
Error: error_code = 15; Access denied: user deactivated; id = 168837313
Error: error_code = 30; This profile is private; id = 626014896
Error: error_code = 15; Access denied: user deactivated; id = 157053294
Error: error_code = 30; This profile is private; id = 641725855
Error: error_code = 30; This profile is private; id = 236198118
Error: error_code = 30; This profile is private; id = 313748428
Error: error_code = 15; Access denied: user deactivated; id = 400068328
Error: error_code = 30; This profile is private; id = 535291934
Error: error_code = 30; This profile is private; id = 533994253
Error: error_code = 30; This profile is private; id = 86524168
Error: error_code = 30; This profile is private; id = 188818166
Error: error_code = 15; Access denied: user deactivated; id = 325998166
Error: error_code = 30; This profile is private; id = 148118988
Error: error_code = 30; This profile is private; id = 244198565
Error: error_code = 15; Access denied: user deactivated; id = 596488843
Error: error_code = 30; This profile is private; id = 688497829
Error: error_code = 30; This profile is private; id = 608434568
Error: error_code = 30; This profile is private; id = 56838552
Error: error_code = 15; Access denied: user deactivated; id = 345117422
Error: error_code = 15; Access denied: user deactivated; id = 405314180
Error: error_code = 30; This profile is private; id = 198453294
Error: error_code = 30; This profile is private; id = 200875202
Error: error_code = 30; This profile is private; id = 336930594
Error: error_code = 30; This profile is private; id = 599106809
Error: error_code = 30; This profile is private; id = 926385
Error: error_code = 15; Access denied: user deactivated; id = 240250134
Error: error_code = 30; This profile is private; id = 109808984
Error: error_code = 30; This profile is private; id = 221989984
Error: error_code = 15; Access denied: user deactivated; id = 516653794
Error: error_code = 15; Access denied: user deactivated; id = 448543345
Error: error_code = 30; This profile is private; id = 530019929
Error: error_code = 30; This profile is private; id = 32666740
Error: error_code = 15; Access denied: user deactivated; id = 604118865
Error: error_code = 15; Access denied: user deactivated; id = 348197503
Error: error_code = 30; This profile is private; id = 4847499
Error: error_code = 15; Access denied: user deactivated; id = 307383737
Error: error_code = 15; Access denied: user deactivated; id = 338681031
Error: error_code = 15; Access denied: user deactivated; id = 166413586
Error: error_code = 30; This profile is private; id = 322465366
Error: error_code = 15; Access denied: user deactivated; id = 186221033
Error: error_code = 15; Access denied: user deactivated; id = 432942656
Error: error_code = 15; Access denied: user deactivated; id = 703206714
Error: error_code = 30; This profile is private; id = 546105789
Error: error_code = 15; Access denied: user deactivated; id = 408918419
Error: error_code = 30; This profile is private; id = 63883519
Error: error_code = 30; This profile is private; id = 9846982
Error: error_code = 30; This profile is private; id = 52008548
Error: error_code = 30; This profile is private; id = 163966331
Error: error_code = 15; Access denied: user deactivated; id = 222905592
Error: error_code = 30; This profile is private; id = 141693763
Error: error_code = 30; This profile is private; id = 168448099
Error: error_code = 15; Access denied: user deactivated; id = 623031069
Error: error_code = 30; This profile is private; id = 691596440
Error: error_code = 30; This profile is private; id = 672650889
Error: error_code = 30; This profile is private; id = 576977307
Error: error_code = 30; This profile is private; id = 306264329
Error: error_code = 30; This profile is private; id = 598675815
Error: error_code = 15; Access denied: user deactivated; id = 696556911
Error: error_code = 30; This profile is private; id = 684161255
Error: error_code = 30; This profile is private; id = 153397501
Error: error_code = 30; This profile is private; id = 329035862
Error: error_code = 30; This profile is private; id = 117610594
Error: error_code = 30; This profile is private; id = 426801536
Error: error_code = 30; This profile is private; id = 328408176
Error: error_code = 30; This profile is private; id = 25964314
Error: error_code = 30; This profile is private; id = 246929072
Error: error_code = 30; This profile is private; id = 531340828
Error: error_code = 30; This profile is private; id = 701032648
Error: error_code = 30; This profile is private; id = 282749882
Error: error_code = 30; This profile is private; id = 542324868
Error: error_code = 15; Access denied: user deactivated; id = 668731454
Error: error_code = 30; This profile is private; id = 86923874
Error: error_code = 15; Access denied: user deactivated; id = 611606456
Error: error_code = 15; Access denied: user deactivated; id = 14966248
Error: error_code = 15; Access denied: user deactivated; id = 257818261
Error: error_code = 30; This profile is private; id = 408466317
Error: error_code = 30; This profile is private; id = 10535305
Error: error_code = 15; Access denied: user deactivated; id = 304427865
Error: error_code = 30; This profile is private; id = 513252901
Error: error_code = 15; Access denied: user deactivated; id = 460851718
Error: error_code = 30; This profile is private; id = 672177167
Error: error_code = 30; This profile is private; id = 387177794
Error: error_code = 15; Access denied: user deactivated; id = 58005148
Error: error_code = 30; This profile is private; id = 669096080
Error: error_code = 30; This profile is private; id = 177297592
Error: error_code = 30; This profile is private; id = 345089162
Error: error_code = 30; This profile is private; id = 56371286
Error: error_code = 30; This profile is private; id = 413368801
Error: error_code = 30; This profile is private; id = 112750418
Error: error_code = 30; This profile is private; id = 506631435
Error: error_code = 15; Access denied: user deactivated; id = 415594852
Error: error_code = 15; Access denied: user deactivated; id = 38159732
Error: error_code = 30; This profile is private; id = 704112735
Error: error_code = 30; This profile is private; id = 83436563
Error: error_code = 30; This profile is private; id = 557645370
Error: error_code = 30; This profile is private; id = 214365340
Error: error_code = 30; This profile is private; id = 509112234
Error: error_code = 30; This profile is private; id = 9754196
Error: error_code = 15; Access denied: user deactivated; id = 335252802
Error: error_code = 30; This profile is private; id = 335168933
Error: error_code = 30; This profile is private; id = 292811211
Error: error_code = 15; Access denied: user deactivated; id = 394703085
Error: error_code = 30; This profile is private; id = 75892370
Error: error_code = 30; This profile is private; id = 212115554
Error: error_code = 15; Access denied: user deactivated; id = 201226013
Error: error_code = 30; This profile is private; id = 616618218
Error: error_code = 30; This profile is private; id = 309205129
Error: error_code = 15; Access denied: user deactivated; id = 199725519
Error: error_code = 30; This profile is private; id = 519063435
Error: error_code = 30; This profile is private; id = 65076574
Error: error_code = 30; This profile is private; id = 488280799
Error: error_code = 30; This profile is private; id = 671848863
Error: error_code = 30; This profile is private; id = 43877598
Error: error_code = 15; Access denied: user deactivated; id = 425202743
Error: error_code = 30; This profile is private; id = 461196042
Error: error_code = 15; Access denied: user deactivated; id = 94568804
Error: error_code = 30; This profile is private; id = 696813811
Error: error_code = 30; This profile is private; id = 384944685
Error: error_code = 15; Access denied: user deactivated; id = 430960334
Error: error_code = 15; Access denied: user deactivated; id = 420638496
Error: error_code = 30; This profile is private; id = 512317406
Error: error_code = 15; Access denied: user deactivated; id = 407586799
Error: error_code = 30; This profile is private; id = 56928534
Error: error_code = 30; This profile is private; id = 502956043
Error: error_code = 30; This profile is private; id = 494823273
Error: error_code = 30; This profile is private; id = 272418074
Error: error_code = 30; This profile is private; id = 706129332
Error: error_code = 15; Access denied: user deactivated; id = 227213996
Error: error_code = 30; This profile is private; id = 263092085
Error: error_code = 30; This profile is private; id = 372893484
Error: error_code = 30; This profile is private; id = 78980579
Error: error_code = 30; This profile is private; id = 537448665
Error: error_code = 15; Access denied: user deactivated; id = 12343692
Error: error_code = 30; This profile is private; id = 119913980
Error: error_code = 15; Access denied: user deactivated; id = 260500595
Error: error_code = 15; Access denied: user deactivated; id = 221104590
Error: error_code = 30; This profile is private; id = 9050112
Error: error_code = 30; This profile is private; id = 395196843
Error: error_code = 30; This profile is private; id = 497437109
Error: error_code = 30; This profile is private; id = 360704312
Error: error_code = 30; This profile is private; id = 521642568
Error: error_code = 15; Access denied: user deactivated; id = 29061971
Error: error_code = 30; This profile is private; id = 548745169
Error: error_code = 15; Access denied: user deactivated; id = 89649079
Error: error_code = 30; This profile is private; id = 612349729
Error: error_code = 15; Access denied: user deactivated; id = 94699899
Error: error_code = 30; This profile is private; id = 77642660
Error: error_code = 30; This profile is private; id = 693034020
Error: error_code = 30; This profile is private; id = 593993263
Error: error_code = 30; This profile is private; id = 233892068
Error: error_code = 30; This profile is private; id = 17046654
Error: error_code = 30; This profile is private; id = 493151322
Error: error_code = 30; This profile is private; id = 230980682
Error: error_code = 30; This profile is private; id = 296973822
Error: error_code = 30; This profile is private; id = 466122605
Error: error_code = 15; Access denied: user deactivated; id = 5615813
Error: error_code = 30; This profile is private; id = 209089195
Error: error_code = 30; This profile is private; id = 122350832
Error: error_code = 30; This profile is private; id = 642291084
Error: error_code = 15; Access denied: user deactivated; id = 455281107
Error: error_code = 30; This profile is private; id = 132102241
Error: error_code = 15; Access denied: user deactivated; id = 376042076
Error: error_code = 30; This profile is private; id = 83039949
Error: error_code = 30; This profile is private; id = 533241174
Error: error_code = 15; Access denied: user deactivated; id = 715177436
Error: error_code = 15; Access denied: user deactivated; id = 401733981
Error: error_code = 15; Access denied: user deactivated; id = 169678363
Error: error_code = 30; This profile is private; id = 110356078
Error: error_code = 30; This profile is private; id = 649548615
Error: error_code = 30; This profile is private; id = 603788746
Error: error_code = 30; This profile is private; id = 361400740
Error: error_code = 30; This profile is private; id = 132674842
Error: error_code = 15; Access denied: user deactivated; id = 338177344
Error: error_code = 15; Access denied: user deactivated; id = 413042910
Error: error_code = 15; Access denied: user deactivated; id = 342126315
Error: error_code = 30; This profile is private; id = 17669992
Error: error_code = 15; Access denied: user deactivated; id = 322164236
Error: error_code = 15; Access denied: user deactivated; id = 210284861
Error: error_code = 30; This profile is private; id = 2134386
Error: error_code = 15; Access denied: user deactivated; id = 450345048
Error: error_code = 30; This profile is private; id = 452076272
Error: error_code = 30; This profile is private; id = 167844069
Error: error_code = 30; This profile is private; id = 32723591
Error: error_code = 15; Access denied: user deactivated; id = 43660187
Error: error_code = 30; This profile is private; id = 506511413
Error: error_code = 15; Access denied: user deactivated; id = 326510159
Error: error_code = 30; This profile is private; id = 218002961
Error: error_code = 15; Access denied: user deactivated; id = 216662873
Error: error_code = 15; Access denied: user deactivated; id = 179652877
Error: error_code = 30; This profile is private; id = 474839008
Error: error_code = 30; This profile is private; id = 207090679
Error: error_code = 30; This profile is private; id = 564555643
Error: error_code = 30; This profile is private; id = 692972272
Error: error_code = 30; This profile is private; id = 265707457
Error: error_code = 15; Access denied: user deactivated; id = 670766296
Error: error_code = 30; This profile is private; id = 345310342
Error: error_code = 30; This profile is private; id = 559589348
Error: error_code = 15; Access denied: user deactivated; id = 257645291
Error: error_code = 30; This profile is private; id = 509051550
Error: error_code = 30; This profile is private; id = 242309728
Error: error_code = 15; Access denied: user deactivated; id = 592158673
Error: error_code = 30; This profile is private; id = 190333331
Error: error_code = 15; Access denied: user deactivated; id = 504566552
Error: error_code = 30; This profile is private; id = 423486975
Error: error_code = 30; This profile is private; id = 222711813
Error: error_code = 30; This profile is private; id = 396341570
Error: error_code = 30; This profile is private; id = 470753317
Error: error_code = 15; Access denied: user deactivated; id = 226176622
Error: error_code = 30; This profile is private; id = 72086668
Error: error_code = 30; This profile is private; id = 439518768
Error: error_code = 30; This profile is private; id = 635790809
Error: error_code = 30; This profile is private; id = 305631212
Error: error_code = 30; This profile is private; id = 618106113
Error: error_code = 15; Access denied: user deactivated; id = 446212182
Error: error_code = 15; Access denied: user deactivated; id = 425511150
Error: error_code = 15; Access denied: user deactivated; id = 412561676
Error: error_code = 30; This profile is private; id = 307866142
Error: error_code = 15; Access denied: user deactivated; id = 156159812
Error: error_code = 30; This profile is private; id = 515959577
Error: error_code = 30; This profile is private; id = 402240101
Error: error_code = 15; Access denied: user deactivated; id = 145818996
Error: error_code = 30; This profile is private; id = 249383581
Error: error_code = 30; This profile is private; id = 241779327
Error: error_code = 15; Access denied: user deactivated; id = 529025226
Error: error_code = 30; This profile is private; id = 716295939
Error: error_code = 15; Access denied: user deactivated; id = 191432710
Error: error_code = 30; This profile is private; id = 605144634
Error: error_code = 30; This profile is private; id = 315638226
Error: error_code = 30; This profile is private; id = 477310527
Error: error_code = 30; This profile is private; id = 204508512
Error: error_code = 30; This profile is private; id = 110520724
Error: error_code = 15; Access denied: user deactivated; id = 268919191
Error: error_code = 30; This profile is private; id = 702118964
Error: error_code = 30; This profile is private; id = 631454368
Error: error_code = 30; This profile is private; id = 461993573
Error: error_code = 15; Access denied: user deactivated; id = 147217628
Error: error_code = 30; This profile is private; id = 45491405
Error: error_code = 30; This profile is private; id = 19583582
Error: error_code = 15; Access denied: user deactivated; id = 216059635
Error: error_code = 15; Access denied: user deactivated; id = 241010589
Error: error_code = 30; This profile is private; id = 71700923
Error: error_code = 30; This profile is private; id = 173530660
Error: error_code = 15; Access denied: user deactivated; id = 687611047
Error: error_code = 30; This profile is private; id = 291310102
Error: error_code = 30; This profile is private; id = 597219409
Error: error_code = 15; Access denied: user deactivated; id = 229273587
Error: error_code = 30; This profile is private; id = 208895756
Error: error_code = 30; This profile is private; id = 692044552
Error: error_code = 30; This profile is private; id = 225748420
Error: error_code = 30; This profile is private; id = 44628275
Error: error_code = 15; Access denied: user deactivated; id = 422834370
Error: error_code = 30; This profile is private; id = 385811629
Error: error_code = 30; This profile is private; id = 389089612
Error: error_code = 15; Access denied: user deactivated; id = 39484517
Error: error_code = 30; This profile is private; id = 552097936
Error: error_code = 15; Access denied: user deactivated; id = 149124105
Error: error_code = 30; This profile is private; id = 201556238
Error: error_code = 15; Access denied: user deactivated; id = 682682773
Error: error_code = 15; Access denied: user deactivated; id = 268354213
Error: error_code = 30; This profile is private; id = 179784000
Error: error_code = 30; This profile is private; id = 398691461
Error: error_code = 15; Access denied: user deactivated; id = 428890713
Error: error_code = 30; This profile is private; id = 208465284
Error: error_code = 30; This profile is private; id = 93686200
Error: error_code = 30; This profile is private; id = 127409199
Error: error_code = 15; Access denied: user deactivated; id = 550063876
Error: error_code = 15; Access denied: user deactivated; id = 570657431
Error: error_code = 30; This profile is private; id = 318161263
Error: error_code = 15; Access denied: user deactivated; id = 104206329
Error: error_code = 30; This profile is private; id = 414375016
Error: error_code = 30; This profile is private; id = 51706527
Error: error_code = 30; This profile is private; id = 181537400
Error: error_code = 15; Access denied: user deactivated; id = 271962242
Error: error_code = 30; This profile is private; id = 144520749
Error: error_code = 30; This profile is private; id = 681785521
Error: error_code = 30; This profile is private; id = 678623680
Error: error_code = 30; This profile is private; id = 530840487
Error: error_code = 30; This profile is private; id = 347931042
Error: error_code = 30; This profile is private; id = 442133790
Error: error_code = 30; This profile is private; id = 692856719
Error: error_code = 30; This profile is private; id = 71501443
Error: error_code = 30; This profile is private; id = 269278496
Error: error_code = 30; This profile is private; id = 283962407
Error: error_code = 30; This profile is private; id = 70904187
Error: error_code = 30; This profile is private; id = 260475267
Error: error_code = 30; This profile is private; id = 609181262
Error: error_code = 15; Access denied: user deactivated; id = 349231740
Error: error_code = 30; This profile is private; id = 619967722
Error: error_code = 30; This profile is private; id = 328124110
Error: error_code = 15; Access denied: user deactivated; id = 62519829
Error: error_code = 15; Access denied: user deactivated; id = 94150721
Error: error_code = 30; This profile is private; id = 401824759
Error: error_code = 30; This profile is private; id = 623079860
Error: error_code = 30; This profile is private; id = 538578458
Error: error_code = 15; Access denied: user deactivated; id = 337153456
Error: error_code = 30; This profile is private; id = 391469691
Error: error_code = 30; This profile is private; id = 563067279
Error: error_code = 30; This profile is private; id = 35111213
Error: error_code = 30; This profile is private; id = 652905701
Error: error_code = 15; Access denied: user deactivated; id = 394975928
Error: error_code = 15; Access denied: user deactivated; id = 92175361
Error: error_code = 30; This profile is private; id = 188825008
Error: error_code = 30; This profile is private; id = 18279461
Error: error_code = 30; This profile is private; id = 377692997
Error: error_code = 30; This profile is private; id = 610889384
Error: error_code = 30; This profile is private; id = 317127809
Error: error_code = 30; This profile is private; id = 579860637
Error: error_code = 30; This profile is private; id = 131747336
Error: error_code = 15; Access denied: user deactivated; id = 430573556
Error: error_code = 30; This profile is private; id = 512804840
Error: error_code = 15; Access denied: user deactivated; id = 401978849
Error: error_code = 15; Access denied: user deactivated; id = 443166395
Error: error_code = 30; This profile is private; id = 38855957
Error: error_code = 30; This profile is private; id = 2831124
Error: error_code = 30; This profile is private; id = 233626955
Error: error_code = 30; This profile is private; id = 612270460
Error: error_code = 30; This profile is private; id = 660653251
Error: error_code = 15; Access denied: user deactivated; id = 210823080
Error: error_code = 30; This profile is private; id = 135903281
Error: error_code = 30; This profile is private; id = 247789040
Error: error_code = 30; This profile is private; id = 679999475
Error: error_code = 30; This profile is private; id = 68029116
Error: error_code = 30; This profile is private; id = 267665523
Error: error_code = 15; Access denied: user deactivated; id = 213984787
Error: error_code = 30; This profile is private; id = 418167829
Error: error_code = 15; Access denied: user deactivated; id = 499266210
Error: error_code = 15; Access denied: user deactivated; id = 596457439
Error: error_code = 30; This profile is private; id = 351794662
Error: error_code = 15; Access denied: user deactivated; id = 324231684
Error: error_code = 15; Access denied: user deactivated; id = 408336147
Error: error_code = 30; This profile is private; id = 161678310
Error: error_code = 15; Access denied: user deactivated; id = 419952499
Error: error_code = 30; This profile is private; id = 90190768
Error: error_code = 15; Access denied: user deactivated; id = 570216124
Error: error_code = 15; Access denied: user deactivated; id = 572154661
Error: error_code = 30; This profile is private; id = 594005360
Error: error_code = 15; Access denied: user deactivated; id = 346276792
Error: error_code = 30; This profile is private; id = 503159510
Error: error_code = 30; This profile is private; id = 216078571
Error: error_code = 30; This profile is private; id = 3234222
Error: error_code = 15; Access denied: user deactivated; id = 442846368
Error: error_code = 30; This profile is private; id = 382328251
Error: error_code = 15; Access denied: user deactivated; id = 150265754
Error: error_code = 30; This profile is private; id = 197065570
Error: error_code = 15; Access denied: user deactivated; id = 423123006
Error: error_code = 15; Access denied: user deactivated; id = 150905232
Error: error_code = 30; This profile is private; id = 116092350
Error: error_code = 15; Access denied: user deactivated; id = 280757319
Error: error_code = 15; Access denied: user deactivated; id = 212487419
Error: error_code = 30; This profile is private; id = 559554689
Error: error_code = 15; Access denied: user deactivated; id = 421549369
Error: error_code = 30; This profile is private; id = 277749966
Error: error_code = 30; This profile is private; id = 541386168
Error: error_code = 30; This profile is private; id = 358253066
Error: error_code = 30; This profile is private; id = 199232190
Error: error_code = 15; Access denied: user deactivated; id = 42235793
Error: error_code = 15; Access denied: user deactivated; id = 297799289
Error: error_code = 30; This profile is private; id = 90310465
Error: error_code = 30; This profile is private; id = 10321664
Error: error_code = 30; This profile is private; id = 483914905
Error: error_code = 30; This profile is private; id = 7795404
Error: error_code = 30; This profile is private; id = 571116486
Error: error_code = 30; This profile is private; id = 536197359
Error: error_code = 30; This profile is private; id = 48678860
Error: error_code = 30; This profile is private; id = 42324145
Error: error_code = 15; Access denied: user deactivated; id = 205883417
Error: error_code = 15; Access denied: user deactivated; id = 418858961
Error: error_code = 30; This profile is private; id = 93096660
Error: error_code = 30; This profile is private; id = 430269240
Error: error_code = 30; This profile is private; id = 706932264
Error: error_code = 30; This profile is private; id = 500456865
Error: error_code = 30; This profile is private; id = 306201040
Error: error_code = 30; This profile is private; id = 83372361
Error: error_code = 30; This profile is private; id = 635058504
Error: error_code = 30; This profile is private; id = 613960794
Error: error_code = 15; Access denied: user deactivated; id = 395377216
Error: error_code = 15; Access denied: user deactivated; id = 437568698
Error: error_code = 30; This profile is private; id = 143093445
Error: error_code = 30; This profile is private; id = 500812737
Error: error_code = 30; This profile is private; id = 27059097
Error: error_code = 15; Access denied: user deactivated; id = 184186897
Error: error_code = 30; This profile is private; id = 638791259
Error: error_code = 15; Access denied: user deactivated; id = 347283905
Error: error_code = 30; This profile is private; id = 36290911
Error: error_code = 30; This profile is private; id = 576758798
Error: error_code = 30; This profile is private; id = 508924267
Error: error_code = 30; This profile is private; id = 33708600
Error: error_code = 30; This profile is private; id = 527618029
Error: error_code = 30; This profile is private; id = 494269584
Error: error_code = 30; This profile is private; id = 310321623
Error: error_code = 30; This profile is private; id = 80085889
Error: error_code = 30; This profile is private; id = 411699069
Error: error_code = 30; This profile is private; id = 501436232
Error: error_code = 30; This profile is private; id = 626090281
Error: error_code = 15; Access denied: user deactivated; id = 613333622
Error: error_code = 15; Access denied: user deactivated; id = 538422969
Error: error_code = 30; This profile is private; id = 539962325
Error: error_code = 30; This profile is private; id = 145839114
Error: error_code = 30; This profile is private; id = 544118734
Error: error_code = 30; This profile is private; id = 350369421
Error: error_code = 30; This profile is private; id = 586315053
Error: error_code = 30; This profile is private; id = 195919950
Error: error_code = 15; Access denied: user deactivated; id = 187020920
Error: error_code = 30; This profile is private; id = 139079576
Error: error_code = 15; Access denied: user deactivated; id = 435849928
Error: error_code = 30; This profile is private; id = 133467144
Error: error_code = 30; This profile is private; id = 37220160
Error: error_code = 30; This profile is private; id = 519784654
Error: error_code = 30; This profile is private; id = 509108889
Error: error_code = 30; This profile is private; id = 43668613
Error: error_code = 30; This profile is private; id = 6028289
Error: error_code = 15; Access denied: user deactivated; id = 401047873
Error: error_code = 30; This profile is private; id = 197414810
Error: error_code = 30; This profile is private; id = 117107151
Error: error_code = 30; This profile is private; id = 591827972
Error: error_code = 15; Access denied: user deactivated; id = 246007385
Error: error_code = 30; This profile is private; id = 528273062
Error: error_code = 30; This profile is private; id = 29328446
Error: error_code = 30; This profile is private; id = 53514444
Error: error_code = 30; This profile is private; id = 661438533
Error: error_code = 30; This profile is private; id = 15654895
Error: error_code = 30; This profile is private; id = 384699756
Error: error_code = 15; Access denied: user deactivated; id = 379910138
Error: error_code = 30; This profile is private; id = 101650589
Error: error_code = 15; Access denied: user deactivated; id = 108231475
Error: error_code = 30; This profile is private; id = 266653698
Error: error_code = 30; This profile is private; id = 277401825
Error: error_code = 30; This profile is private; id = 360576034
Error: error_code = 30; This profile is private; id = 140297134
Error: error_code = 15; Access denied: user deactivated; id = 345237063
Error: error_code = 15; Access denied: user deactivated; id = 205444435
Error: error_code = 15; Access denied: user deactivated; id = 307850312
Error: error_code = 30; This profile is private; id = 328260317
Error: error_code = 30; This profile is private; id = 555365682
Error: error_code = 30; This profile is private; id = 455079217
Error: error_code = 15; Access denied: user deactivated; id = 427697712
Error: error_code = 30; This profile is private; id = 131800621
Error: error_code = 15; Access denied: user deactivated; id = 347930878
Error: error_code = 30; This profile is private; id = 97422285
Error: error_code = 30; This profile is private; id = 88174991
Error: error_code = 30; This profile is private; id = 132319869
Error: error_code = 30; This profile is private; id = 500388647
Error: error_code = 30; This profile is private; id = 391595017
Error: error_code = 30; This profile is private; id = 607179672
Error: error_code = 30; This profile is private; id = 295558746
Error: error_code = 15; Access denied: user deactivated; id = 425226771
Error: error_code = 15; Access denied: user deactivated; id = 192675
Error: error_code = 15; Access denied: user deactivated; id = 71602547
Error: error_code = 30; This profile is private; id = 633618095
Error: error_code = 30; This profile is private; id = 578206845
Error: error_code = 30; This profile is private; id = 539586286
Error: error_code = 30; This profile is private; id = 347869740
Error: error_code = 30; This profile is private; id = 107962957
Error: error_code = 30; This profile is private; id = 583186911
Error: error_code = 15; Access denied: user deactivated; id = 713472341
Error: error_code = 30; This profile is private; id = 28783116
Error: error_code = 30; This profile is private; id = 349248447
Error: error_code = 15; Access denied: user deactivated; id = 362569351
Error: error_code = 15; Access denied: user deactivated; id = 535218708
Error: error_code = 30; This profile is private; id = 231503490
Error: error_code = 30; This profile is private; id = 26980027
Error: error_code = 15; Access denied: user deactivated; id = 267416383
Error: error_code = 30; This profile is private; id = 520669152
Error: error_code = 30; This profile is private; id = 106306405
Error: error_code = 30; This profile is private; id = 523069771
Error: error_code = 15; Access denied: user deactivated; id = 704477865
Error: error_code = 30; This profile is private; id = 161262799
Error: error_code = 15; Access denied: user deactivated; id = 414747242
Error: error_code = 30; This profile is private; id = 29392905
Error: error_code = 30; This profile is private; id = 544860271
Error: error_code = 30; This profile is private; id = 580271122
Error: error_code = 30; This profile is private; id = 611125282
Error: error_code = 30; This profile is private; id = 207150432
Error: error_code = 30; This profile is private; id = 499754277
Error: error_code = 30; This profile is private; id = 237767552
Error: error_code = 15; Access denied: user deactivated; id = 302855831
Error: error_code = 30; This profile is private; id = 536856997
Error: error_code = 30; This profile is private; id = 362516918
Error: error_code = 15; Access denied: user deactivated; id = 29370374
Error: error_code = 30; This profile is private; id = 681573502
Error: error_code = 30; This profile is private; id = 510454520
Error: error_code = 30; This profile is private; id = 615164751
Error: error_code = 15; Access denied: user deactivated; id = 28601589
Error: error_code = 30; This profile is private; id = 1405342
Error: error_code = 30; This profile is private; id = 218805997
Error: error_code = 15; Access denied: user deactivated; id = 282433499
Error: error_code = 30; This profile is private; id = 472546360
Error: error_code = 30; This profile is private; id = 213524286
Error: error_code = 30; This profile is private; id = 572781914
Error: error_code = 30; This profile is private; id = 85003631
Error: error_code = 30; This profile is private; id = 703360813
Error: error_code = 30; This profile is private; id = 174557271
Error: error_code = 30; This profile is private; id = 626364860
Error: error_code = 30; This profile is private; id = 44647599
Error: error_code = 30; This profile is private; id = 158529500
Error: error_code = 30; This profile is private; id = 543883313
Error: error_code = 30; This profile is private; id = 1302088
Error: error_code = 15; Access denied: user deactivated; id = 401092343
Error: error_code = 15; Access denied: user deactivated; id = 227008316
Error: error_code = 15; Access denied: user deactivated; id = 355661323
Error: error_code = 15; Access denied: user deactivated; id = 400638208
Error: error_code = 30; This profile is private; id = 457123483
Error: error_code = 30; This profile is private; id = 161692566
Error: error_code = 30; This profile is private; id = 588941515
Error: error_code = 15; Access denied: user deactivated; id = 310370454
Error: error_code = 15; Access denied: user deactivated; id = 363548389
Error: error_code = 15; Access denied: user deactivated; id = 61953655
Error: error_code = 30; This profile is private; id = 314176452
Error: error_code = 30; This profile is private; id = 39850861
Error: error_code = 30; This profile is private; id = 436890848
Error: error_code = 15; Access denied: user deactivated; id = 432845155
Error: error_code = 30; This profile is private; id = 300728384
Error: error_code = 15; Access denied: user deactivated; id = 348301014
Error: error_code = 30; This profile is private; id = 216562886
Error: error_code = 15; Access denied: user deactivated; id = 227570105
Error: error_code = 30; This profile is private; id = 60795027
Error: error_code = 15; Access denied: user deactivated; id = 395856750
Error: error_code = 30; This profile is private; id = 506639236
Error: error_code = 30; This profile is private; id = 76281807
Error: error_code = 30; This profile is private; id = 450228022
Error: error_code = 30; This profile is private; id = 608434051
Error: error_code = 30; This profile is private; id = 187295447
Error: error_code = 15; Access denied: user deactivated; id = 270476815
Error: error_code = 15; Access denied: user deactivated; id = 486272242
Error: error_code = 30; This profile is private; id = 65975556
Error: error_code = 15; Access denied: user deactivated; id = 426144263
Error: error_code = 15; Access denied: user deactivated; id = 350985239
Error: error_code = 30; This profile is private; id = 271973702
Error: error_code = 30; This profile is private; id = 613084555
Error: error_code = 30; This profile is private; id = 309866942
Error: error_code = 15; Access denied: user deactivated; id = 345869534
Error: error_code = 30; This profile is private; id = 610740241
Error: error_code = 30; This profile is private; id = 5676787
Error: error_code = 30; This profile is private; id = 599071088
Error: error_code = 30; This profile is private; id = 560942755
Error: error_code = 30; This profile is private; id = 29881186
Error: error_code = 15; Access denied: user deactivated; id = 645852902
Error: error_code = 30; This profile is private; id = 15995139
Error: error_code = 30; This profile is private; id = 636636488
Error: error_code = 30; This profile is private; id = 116956411
Error: error_code = 15; Access denied: user deactivated; id = 200801926
Error: error_code = 30; This profile is private; id = 8964238
Error: error_code = 30; This profile is private; id = 533922601
Error: error_code = 15; Access denied: user deactivated; id = 143359987
Error: error_code = 30; This profile is private; id = 347982852
Error: error_code = 15; Access denied: user deactivated; id = 409242945
Error: error_code = 30; This profile is private; id = 2137490
Error: error_code = 15; Access denied: user deactivated; id = 240550510
Error: error_code = 15; Access denied: user deactivated; id = 363354673
Error: error_code = 30; This profile is private; id = 96026755
Error: error_code = 30; This profile is private; id = 405476051
Error: error_code = 15; Access denied: user deactivated; id = 565669200
Error: error_code = 30; This profile is private; id = 46053449
Error: error_code = 30; This profile is private; id = 260902254
Error: error_code = 30; This profile is private; id = 255222713
Error: error_code = 15; Access denied: user deactivated; id = 420477418
Error: error_code = 30; This profile is private; id = 710662222
Error: error_code = 15; Access denied: user deactivated; id = 102677149
Error: error_code = 30; This profile is private; id = 574828063
Error: error_code = 30; This profile is private; id = 554535331
Error: error_code = 30; This profile is private; id = 143031073
Error: error_code = 30; This profile is private; id = 322880675
Error: error_code = 15; Access denied: user deactivated; id = 327837291
Error: error_code = 30; This profile is private; id = 519266055
Error: error_code = 15; Access denied: user deactivated; id = 90690924
Error: error_code = 30; This profile is private; id = 693390508
Error: error_code = 30; This profile is private; id = 491826986
Error: error_code = 30; This profile is private; id = 158473940
Error: error_code = 30; This profile is private; id = 529365047
Error: error_code = 15; Access denied: user deactivated; id = 453834361
Error: error_code = 30; This profile is private; id = 381355490
Error: error_code = 30; This profile is private; id = 524676643
Error: error_code = 30; This profile is private; id = 136811773
Error: error_code = 15; Access denied: user deactivated; id = 217127810
Error: error_code = 30; This profile is private; id = 299463483
Error: error_code = 30; This profile is private; id = 395769538
Error: error_code = 15; Access denied: user deactivated; id = 227064974
Error: error_code = 30; This profile is private; id = 254022446
Error: error_code = 30; This profile is private; id = 350285475
Error: error_code = 15; Access denied: user deactivated; id = 547977290
Error: error_code = 30; This profile is private; id = 64338067
Error: error_code = 30; This profile is private; id = 632909464
Error: error_code = 30; This profile is private; id = 12746033
Error: error_code = 30; This profile is private; id = 610619970
Error: error_code = 15; Access denied: user deactivated; id = 535205415
Error: error_code = 15; Access denied: user deactivated; id = 449553389
Error: error_code = 15; Access denied: user deactivated; id = 565112050
Error: error_code = 30; This profile is private; id = 277977383
Error: error_code = 30; This profile is private; id = 441362660
Error: error_code = 30; This profile is private; id = 503316524
Error: error_code = 30; This profile is private; id = 159638064
Error: error_code = 30; This profile is private; id = 319584849
Error: error_code = 30; This profile is private; id = 54666546
Error: error_code = 15; Access denied: user deactivated; id = 306268010
Error: error_code = 30; This profile is private; id = 665068629
Error: error_code = 30; This profile is private; id = 492329348
Error: error_code = 15; Access denied: user deactivated; id = 147587588
Error: error_code = 30; This profile is private; id = 35749032
Error: error_code = 30; This profile is private; id = 138708601
Error: error_code = 30; This profile is private; id = 659154994
Error: error_code = 30; This profile is private; id = 45020813
Error: error_code = 30; This profile is private; id = 6599570
Error: error_code = 15; Access denied: user deactivated; id = 503685380
Error: error_code = 30; This profile is private; id = 198157327
Error: error_code = 15; Access denied: user deactivated; id = 438635799
Error: error_code = 30; This profile is private; id = 150415541
Error: error_code = 15; Access denied: user deactivated; id = 669245488
Error: error_code = 15; Access denied: user deactivated; id = 559736021
Error: error_code = 30; This profile is private; id = 596015835
Error: error_code = 30; This profile is private; id = 268156903
Error: error_code = 15; Access denied: user deactivated; id = 715512196
Error: error_code = 30; This profile is private; id = 53462996
Error: error_code = 30; This profile is private; id = 57197364
Error: error_code = 30; This profile is private; id = 31117569
Error: error_code = 30; This profile is private; id = 65871619
Error: error_code = 30; This profile is private; id = 376643304
Error: error_code = 30; This profile is private; id = 175643266
Error: error_code = 30; This profile is private; id = 559649587
Error: error_code = 30; This profile is private; id = 220296309
Error: error_code = 30; This profile is private; id = 174699257
Error: error_code = 30; This profile is private; id = 588342376
Error: error_code = 15; Access denied: user deactivated; id = 638785980
Error: error_code = 30; This profile is private; id = 680596826
Error: error_code = 30; This profile is private; id = 158856184
Error: error_code = 15; Access denied: user deactivated; id = 562509640
Error: error_code = 30; This profile is private; id = 19940356
Error: error_code = 30; This profile is private; id = 29340719
Error: error_code = 30; This profile is private; id = 557696993
Error: error_code = 15; Access denied: user deactivated; id = 485193003
Error: error_code = 30; This profile is private; id = 309181467
Error: error_code = 30; This profile is private; id = 526159778
Error: error_code = 30; This profile is private; id = 252991103
Error: error_code = 15; Access denied: user deactivated; id = 343113146
Error: error_code = 30; This profile is private; id = 34700876
Error: error_code = 15; Access denied: user deactivated; id = 710122560
Error: error_code = 30; This profile is private; id = 51012975
Error: error_code = 15; Access denied: user deactivated; id = 246778577
Error: error_code = 30; This profile is private; id = 58573431
Error: error_code = 30; This profile is private; id = 419213377
Error: error_code = 30; This profile is private; id = 100205148
Error: error_code = 30; This profile is private; id = 690403634
Error: error_code = 15; Access denied: user deactivated; id = 15276447
Error: error_code = 30; This profile is private; id = 540898553
Error: error_code = 30; This profile is private; id = 627081645
Error: error_code = 15; Access denied: user deactivated; id = 327334915
Error: error_code = 30; This profile is private; id = 336238125
Error: error_code = 30; This profile is private; id = 204282070
Error: error_code = 15; Access denied: user deactivated; id = 401703771
Error: error_code = 30; This profile is private; id = 90964756
Error: error_code = 30; This profile is private; id = 566239775
Error: error_code = 30; This profile is private; id = 140533512
Error: error_code = 30; This profile is private; id = 539300757
Error: error_code = 30; This profile is private; id = 509644501
Error: error_code = 30; This profile is private; id = 455445740
Error: error_code = 30; This profile is private; id = 337443448
Error: error_code = 30; This profile is private; id = 461213025
Error: error_code = 30; This profile is private; id = 13844425
Error: error_code = 15; Access denied: user deactivated; id = 400930251
Error: error_code = 30; This profile is private; id = 167906043
Error: error_code = 30; This profile is private; id = 432150750
Error: error_code = 30; This profile is private; id = 206157830
Error: error_code = 15; Access denied: user deactivated; id = 151390223
Error: error_code = 30; This profile is private; id = 168246505
Error: error_code = 30; This profile is private; id = 415040616
Error: error_code = 30; This profile is private; id = 7686412
Error: error_code = 30; This profile is private; id = 228194294
Error: error_code = 15; Access denied: user deactivated; id = 714162556
Error: error_code = 30; This profile is private; id = 172445976
Error: error_code = 30; This profile is private; id = 185040091
Error: error_code = 30; This profile is private; id = 18670092
Error: error_code = 30; This profile is private; id = 588846651
Error: error_code = 30; This profile is private; id = 161095677
Error: error_code = 15; Access denied: user deactivated; id = 520899045
Error: error_code = 15; Access denied: user deactivated; id = 496586934
Error: error_code = 15; Access denied: user deactivated; id = 140578704
Error: error_code = 30; This profile is private; id = 101781814
Error: error_code = 15; Access denied: user deactivated; id = 375232456
Error: error_code = 30; This profile is private; id = 713294183
Error: error_code = 15; Access denied: user deactivated; id = 478145854
Error: error_code = 15; Access denied: user deactivated; id = 552042353
Error: error_code = 30; This profile is private; id = 49294363
Error: error_code = 30; This profile is private; id = 626398601
Error: error_code = 30; This profile is private; id = 234673642
Error: error_code = 15; Access denied: user deactivated; id = 437971805
Error: error_code = 15; Access denied: user deactivated; id = 196396222
Error: error_code = 30; This profile is private; id = 282736154
Error: error_code = 30; This profile is private; id = 649789709
Error: error_code = 30; This profile is private; id = 668300345
Error: error_code = 15; Access denied: user deactivated; id = 423957784
Error: error_code = 30; This profile is private; id = 62963403
Error: error_code = 30; This profile is private; id = 697370557
Error: error_code = 30; This profile is private; id = 491873475
Error: error_code = 30; This profile is private; id = 631319877
Error: error_code = 30; This profile is private; id = 379403447
Error: error_code = 15; Access denied: user deactivated; id = 375161950
Error: error_code = 15; Access denied: user deactivated; id = 537779001
Error: error_code = 30; This profile is private; id = 465248548
Error: error_code = 30; This profile is private; id = 476590379
Error: error_code = 30; This profile is private; id = 20072064
Error: error_code = 30; This profile is private; id = 142165755
Error: error_code = 30; This profile is private; id = 501463737
Error: error_code = 30; This profile is private; id = 514095452
Error: error_code = 30; This profile is private; id = 110899836
Error: error_code = 30; This profile is private; id = 361771098
Error: error_code = 30; This profile is private; id = 234409059
Error: error_code = 30; This profile is private; id = 245003602
Error: error_code = 15; Access denied: user deactivated; id = 642327120
Error: error_code = 15; Access denied: user deactivated; id = 199219751
Error: error_code = 30; This profile is private; id = 8007156
Error: error_code = 30; This profile is private; id = 550114780
Error: error_code = 15; Access denied: user deactivated; id = 73464278
Error: error_code = 30; This profile is private; id = 515896894
Error: error_code = 30; This profile is private; id = 156086114
Error: error_code = 30; This profile is private; id = 135411960
Error: error_code = 30; This profile is private; id = 681632617
Error: error_code = 30; This profile is private; id = 690238553
Error: error_code = 30; This profile is private; id = 6045307
Error: error_code = 30; This profile is private; id = 528107230
Error: error_code = 30; This profile is private; id = 151755892
Error: error_code = 30; This profile is private; id = 56752373
Error: error_code = 30; This profile is private; id = 117331457
Error: error_code = 30; This profile is private; id = 243730765
Error: error_code = 30; This profile is private; id = 433083400
Error: error_code = 15; Access denied: user deactivated; id = 84421796
Error: error_code = 15; Access denied: user deactivated; id = 265429567
Error: error_code = 15; Access denied: user deactivated; id = 201001750
Error: error_code = 15; Access denied: user deactivated; id = 166123786
Error: error_code = 30; This profile is private; id = 68826535
Error: error_code = 30; This profile is private; id = 21874440
Error: error_code = 15; Access denied: user deactivated; id = 397771276
Error: error_code = 30; This profile is private; id = 645297756
Error: error_code = 30; This profile is private; id = 697569980
Error: error_code = 30; This profile is private; id = 96115209
Error: error_code = 30; This profile is private; id = 706879210
Error: error_code = 30; This profile is private; id = 438064793
Error: error_code = 30; This profile is private; id = 243168888
Error: error_code = 30; This profile is private; id = 153534087
Error: error_code = 15; Access denied: user deactivated; id = 224215064
Error: error_code = 30; This profile is private; id = 278089629
Error: error_code = 30; This profile is private; id = 89920272
Error: error_code = 15; Access denied: user deactivated; id = 431745812
Error: error_code = 15; Access denied: user deactivated; id = 699475812
Error: error_code = 30; This profile is private; id = 42235963
Error: error_code = 30; This profile is private; id = 177002238
Error: error_code = 15; Access denied: user deactivated; id = 168468370
Error: error_code = 30; This profile is private; id = 599098481
Error: error_code = 30; This profile is private; id = 600426664
Error: error_code = 30; This profile is private; id = 139029505
Error: error_code = 30; This profile is private; id = 570523656
Error: error_code = 30; This profile is private; id = 425052000
Error: error_code = 30; This profile is private; id = 518126090
Error: error_code = 30; This profile is private; id = 234252842
Error: error_code = 30; This profile is private; id = 293091507
Error: error_code = 30; This profile is private; id = 52377264
Error: error_code = 15; Access denied: user deactivated; id = 166787685
Error: error_code = 30; This profile is private; id = 282627004
Error: error_code = 15; Access denied: user deactivated; id = 233432608
Error: error_code = 15; Access denied: user deactivated; id = 345213104
Error: error_code = 30; This profile is private; id = 533191947
Error: error_code = 30; This profile is private; id = 110852936
Error: error_code = 15; Access denied: user deactivated; id = 713081123
Error: error_code = 30; This profile is private; id = 104141754
Error: error_code = 30; This profile is private; id = 16973174
Error: error_code = 30; This profile is private; id = 190871859
Error: error_code = 30; This profile is private; id = 105004445
Error: error_code = 30; This profile is private; id = 47959683
Error: error_code = 30; This profile is private; id = 252922543
Error: error_code = 30; This profile is private; id = 17220670
Error: error_code = 30; This profile is private; id = 142969617
Error: error_code = 15; Access denied: user deactivated; id = 307999388
Error: error_code = 30; This profile is private; id = 510079074
Error: error_code = 30; This profile is private; id = 7204035
Error: error_code = 15; Access denied: user deactivated; id = 191366945
Error: error_code = 15; Access denied: user deactivated; id = 190615744
Error: error_code = 30; This profile is private; id = 219186093
Error: error_code = 15; Access denied: user deactivated; id = 167051094
Error: error_code = 30; This profile is private; id = 417718283
Error: error_code = 30; This profile is private; id = 395328358
Error: error_code = 30; This profile is private; id = 45564733
Error: error_code = 30; This profile is private; id = 424724291
Error: error_code = 30; This profile is private; id = 258257414
Error: error_code = 30; This profile is private; id = 580403924
Error: error_code = 15; Access denied: user deactivated; id = 203837731
Error: error_code = 30; This profile is private; id = 131653635
Error: error_code = 30; This profile is private; id = 35051266
Error: error_code = 15; Access denied: user deactivated; id = 95898485
Error: error_code = 30; This profile is private; id = 613617631
Error: error_code = 30; This profile is private; id = 137530267
Error: error_code = 15; Access denied: user deactivated; id = 269885899
Error: error_code = 15; Access denied: user deactivated; id = 131753067
Error: error_code = 15; Access denied: user deactivated; id = 295494356
Error: error_code = 30; This profile is private; id = 583842906
Error: error_code = 30; This profile is private; id = 667923620
Error: error_code = 30; This profile is private; id = 526601803
Error: error_code = 15; Access denied: user deactivated; id = 491466580
Error: error_code = 15; Access denied: user deactivated; id = 370325139
Error: error_code = 30; This profile is private; id = 5767469
Error: error_code = 15; Access denied: user deactivated; id = 259355956
Error: error_code = 30; This profile is private; id = 147895671
Error: error_code = 30; This profile is private; id = 83771901
Error: error_code = 15; Access denied: user deactivated; id = 306096341
Error: error_code = 30; This profile is private; id = 636140804
Error: error_code = 30; This profile is private; id = 140047153
Error: error_code = 15; Access denied: user deactivated; id = 534786921
Error: error_code = 30; This profile is private; id = 40153679
Error: error_code = 30; This profile is private; id = 655614556
Error: error_code = 30; This profile is private; id = 205252775
Error: error_code = 30; This profile is private; id = 32883714
Error: error_code = 30; This profile is private; id = 284061
Error: error_code = 15; Access denied: user deactivated; id = 51720765
Error: error_code = 30; This profile is private; id = 497983727
Error: error_code = 30; This profile is private; id = 64666002
Error: error_code = 30; This profile is private; id = 241800287
Error: error_code = 15; Access denied: user deactivated; id = 424525685
Error: error_code = 30; This profile is private; id = 562514943
Error: error_code = 15; Access denied: user deactivated; id = 483131759
Error: error_code = 30; This profile is private; id = 10475239
Error: error_code = 30; This profile is private; id = 241384944
Error: error_code = 30; This profile is private; id = 466820778
Error: error_code = 30; This profile is private; id = 644353210
Error: error_code = 15; Access denied: user deactivated; id = 548126552
Error: error_code = 15; Access denied: user deactivated; id = 552809130
Error: error_code = 30; This profile is private; id = 272578087
Error: error_code = 30; This profile is private; id = 506175966
Error: error_code = 30; This profile is private; id = 707285331
Error: error_code = 30; This profile is private; id = 615059969
Error: error_code = 30; This profile is private; id = 83560807
Error: error_code = 30; This profile is private; id = 193512646
Error: error_code = 30; This profile is private; id = 476504113
Error: error_code = 30; This profile is private; id = 88209275
Error: error_code = 30; This profile is private; id = 154324812
Error: error_code = 30; This profile is private; id = 63964525
Error: error_code = 30; This profile is private; id = 262147900
Error: error_code = 15; Access denied: user deactivated; id = 271012599
Error: error_code = 15; Access denied: user deactivated; id = 521866908
Error: error_code = 15; Access denied: user deactivated; id = 415197067
Error: error_code = 15; Access denied: user deactivated; id = 369833006
Error: error_code = 30; This profile is private; id = 266502747
Error: error_code = 15; Access denied: user deactivated; id = 273967602
Error: error_code = 30; This profile is private; id = 672070076
Error: error_code = 30; This profile is private; id = 528521911
Error: error_code = 30; This profile is private; id = 45568274
Error: error_code = 30; This profile is private; id = 205770247
Error: error_code = 15; Access denied: user deactivated; id = 713292069
Error: error_code = 30; This profile is private; id = 520153331
Error: error_code = 30; This profile is private; id = 456444390
Error: error_code = 30; This profile is private; id = 214892928
Error: error_code = 30; This profile is private; id = 184983166
Error: error_code = 30; This profile is private; id = 183631287
Error: error_code = 30; This profile is private; id = 460347816
Error: error_code = 30; This profile is private; id = 6640219
Error: error_code = 30; This profile is private; id = 695456279
Error: error_code = 30; This profile is private; id = 174506374
Error: error_code = 30; This profile is private; id = 692093414
Error: error_code = 30; This profile is private; id = 9472482
Error: error_code = 30; This profile is private; id = 370357347
Error: error_code = 30; This profile is private; id = 22747704
Error: error_code = 30; This profile is private; id = 443359240
Error: error_code = 15; Access denied: user deactivated; id = 297104808
Error: error_code = 30; This profile is private; id = 133410219
Error: error_code = 30; This profile is private; id = 169786859
Error: error_code = 15; Access denied: user deactivated; id = 239572769
Error: error_code = 30; This profile is private; id = 412764454
Error: error_code = 30; This profile is private; id = 135651540
Error: error_code = 30; This profile is private; id = 471623582
Error: error_code = 15; Access denied: user deactivated; id = 118511736
Error: error_code = 15; Access denied: user deactivated; id = 475622966
Error: error_code = 30; This profile is private; id = 282560517
Error: error_code = 30; This profile is private; id = 109889324
Error: error_code = 30; This profile is private; id = 38836751
Error: error_code = 30; This profile is private; id = 187374010
Error: error_code = 30; This profile is private; id = 146704544
Error: error_code = 30; This profile is private; id = 93303922
Error: error_code = 30; This profile is private; id = 568570819
Error: error_code = 15; Access denied: user deactivated; id = 230637377
Error: error_code = 30; This profile is private; id = 26949349
Error: error_code = 15; Access denied: user deactivated; id = 637320179
Error: error_code = 30; This profile is private; id = 631505042
Error: error_code = 15; Access denied: user deactivated; id = 24960915
Error: error_code = 15; Access denied: user deactivated; id = 220937115
Error: error_code = 30; This profile is private; id = 178052012
Error: error_code = 30; This profile is private; id = 705948843
Error: error_code = 30; This profile is private; id = 624164689
Error: error_code = 30; This profile is private; id = 268550757
Error: error_code = 15; Access denied: user deactivated; id = 190686094
Error: error_code = 15; Access denied: user deactivated; id = 364792500
Error: error_code = 15; Access denied: user deactivated; id = 715184020
Error: error_code = 15; Access denied: user deactivated; id = 433450490
Error: error_code = 30; This profile is private; id = 265277428
Error: error_code = 30; This profile is private; id = 493865928
Error: error_code = 30; This profile is private; id = 77936829
Error: error_code = 15; Access denied: user deactivated; id = 418787714
Error: error_code = 15; Access denied: user deactivated; id = 158880906
Error: error_code = 30; This profile is private; id = 325153455
Error: error_code = 15; Access denied: user deactivated; id = 385081593
Error: error_code = 15; Access denied: user deactivated; id = 364111232
Error: error_code = 30; This profile is private; id = 424708929
Error: error_code = 30; This profile is private; id = 564516324
Error: error_code = 30; This profile is private; id = 604064946
Error: error_code = 30; This profile is private; id = 454535344
Error: error_code = 30; This profile is private; id = 518984742
Error: error_code = 30; This profile is private; id = 315159877
Error: error_code = 15; Access denied: user deactivated; id = 275464741
Error: error_code = 15; Access denied: user deactivated; id = 132852132
Error: error_code = 30; This profile is private; id = 197837923
Error: error_code = 30; This profile is private; id = 602870422
Error: error_code = 15; Access denied: user deactivated; id = 435352879
Error: error_code = 30; This profile is private; id = 192966934
Error: error_code = 30; This profile is private; id = 510394474
Error: error_code = 30; This profile is private; id = 384711703
Error: error_code = 30; This profile is private; id = 659085099
Error: error_code = 30; This profile is private; id = 573727223
Error: error_code = 30; This profile is private; id = 585746896
Error: error_code = 30; This profile is private; id = 432918725
Error: error_code = 30; This profile is private; id = 370976247
Error: error_code = 30; This profile is private; id = 151569205
Error: error_code = 30; This profile is private; id = 500434843
Error: error_code = 15; Access denied: user deactivated; id = 509424054
Error: error_code = 30; This profile is private; id = 616664864
Error: error_code = 30; This profile is private; id = 581456033
Error: error_code = 30; This profile is private; id = 292805320
Error: error_code = 30; This profile is private; id = 116584187
Error: error_code = 15; Access denied: user deactivated; id = 361171617
Error: error_code = 30; This profile is private; id = 151734735
Error: error_code = 15; Access denied: user deactivated; id = 642199438
Error: error_code = 15; Access denied: user deactivated; id = 399309333
Error: error_code = 30; This profile is private; id = 156092394
Error: error_code = 30; This profile is private; id = 679764939
Error: error_code = 30; This profile is private; id = 487137697
Error: error_code = 30; This profile is private; id = 657197093
Error: error_code = 30; This profile is private; id = 335058231
Error: error_code = 15; Access denied: user deactivated; id = 426234457
Error: error_code = 30; This profile is private; id = 321246267
Error: error_code = 30; This profile is private; id = 138889400
Error: error_code = 15; Access denied: user deactivated; id = 449648303
Error: error_code = 30; This profile is private; id = 260766746
Error: error_code = 15; Access denied: user deactivated; id = 244971809
Error: error_code = 30; This profile is private; id = 491779053
Error: error_code = 15; Access denied: user deactivated; id = 282556343
Error: error_code = 30; This profile is private; id = 353399254
Error: error_code = 15; Access denied: user deactivated; id = 449326555
Error: error_code = 30; This profile is private; id = 678232770
Error: error_code = 30; This profile is private; id = 635256112
Error: error_code = 30; This profile is private; id = 29848562
Error: error_code = 30; This profile is private; id = 3703958
Error: error_code = 15; Access denied: user deactivated; id = 222466674
Error: error_code = 30; This profile is private; id = 558758371
Error: error_code = 30; This profile is private; id = 94058721
Error: error_code = 30; This profile is private; id = 672538350
Error: error_code = 30; This profile is private; id = 337537560
Error: error_code = 30; This profile is private; id = 346529927
Error: error_code = 30; This profile is private; id = 23227145
Error: error_code = 15; Access denied: user deactivated; id = 433236878
Error: error_code = 15; Access denied: user deactivated; id = 225928878
Error: error_code = 30; This profile is private; id = 8767928
Error: error_code = 30; This profile is private; id = 226580647
Error: error_code = 15; Access denied: user deactivated; id = 551260140
Error: error_code = 15; Access denied: user deactivated; id = 241419951
Error: error_code = 15; Access denied: user deactivated; id = 553337899
Error: error_code = 15; Access denied: user deactivated; id = 459530841
Error: error_code = 15; Access denied: user deactivated; id = 536953750
Error: error_code = 30; This profile is private; id = 571670877
Error: error_code = 30; This profile is private; id = 141114570
Error: error_code = 30; This profile is private; id = 220479782
Error: error_code = 30; This profile is private; id = 141723708
Error: error_code = 15; Access denied: user deactivated; id = 593561062
Error: error_code = 15; Access denied: user deactivated; id = 548551171
Error: error_code = 30; This profile is private; id = 240947551
Error: error_code = 30; This profile is private; id = 131657149
Error: error_code = 15; Access denied: user deactivated; id = 420428698
Error: error_code = 15; Access denied: user deactivated; id = 319108256
Error: error_code = 30; This profile is private; id = 218992820
Error: error_code = 30; This profile is private; id = 43462171
Error: error_code = 30; This profile is private; id = 93343497
Error: error_code = 15; Access denied: user deactivated; id = 399420001
Error: error_code = 15; Access denied: user deactivated; id = 445049093
Error: error_code = 30; This profile is private; id = 335168545
Error: error_code = 30; This profile is private; id = 858991
Error: error_code = 30; This profile is private; id = 85327915
Error: error_code = 15; Access denied: user deactivated; id = 627492986
Error: error_code = 30; This profile is private; id = 43164911
Error: error_code = 30; This profile is private; id = 609642032
Error: error_code = 30; This profile is private; id = 221601780
Error: error_code = 30; This profile is private; id = 153971450
Error: error_code = 15; Access denied: user deactivated; id = 546694273
Error: error_code = 30; This profile is private; id = 673216790
Error: error_code = 15; Access denied: user deactivated; id = 215215980
Error: error_code = 30; This profile is private; id = 18700202
Error: error_code = 30; This profile is private; id = 6202269
Error: error_code = 30; This profile is private; id = 53485931
Error: error_code = 30; This profile is private; id = 652803169
Error: error_code = 30; This profile is private; id = 483019077
Error: error_code = 15; Access denied: user deactivated; id = 325845809
Error: error_code = 15; Access denied: user deactivated; id = 403541884
Error: error_code = 15; Access denied: user deactivated; id = 157285705
Error: error_code = 30; This profile is private; id = 664887192
Error: error_code = 30; This profile is private; id = 241380505
Error: error_code = 30; This profile is private; id = 167742601
Error: error_code = 30; This profile is private; id = 390473137
Error: error_code = 30; This profile is private; id = 146039158
Error: error_code = 30; This profile is private; id = 585043372
Error: error_code = 15; Access denied: user deactivated; id = 180420551
Error: error_code = 30; This profile is private; id = 26405135
Error: error_code = 30; This profile is private; id = 89360881
Error: error_code = 30; This profile is private; id = 263642398
Error: error_code = 30; This profile is private; id = 58995642
Error: error_code = 30; This profile is private; id = 160056062
Error: error_code = 15; Access denied: user deactivated; id = 610164304
Error: error_code = 30; This profile is private; id = 391123365
Error: error_code = 15; Access denied: user deactivated; id = 434649463
Error: error_code = 30; This profile is private; id = 136357387
Error: error_code = 30; This profile is private; id = 36173791
Error: error_code = 30; This profile is private; id = 652952969
Error: error_code = 30; This profile is private; id = 196254768
Error: error_code = 30; This profile is private; id = 474805
Error: error_code = 30; This profile is private; id = 133639057
Error: error_code = 30; This profile is private; id = 38652477
Error: error_code = 30; This profile is private; id = 222327086
Error: error_code = 30; This profile is private; id = 38887897
Error: error_code = 30; This profile is private; id = 131836366
Error: error_code = 15; Access denied: user deactivated; id = 341943792
Error: error_code = 30; This profile is private; id = 151289524
Error: error_code = 30; This profile is private; id = 430215715
Error: error_code = 30; This profile is private; id = 493685831
Error: error_code = 30; This profile is private; id = 378733572
Error: error_code = 30; This profile is private; id = 128128897
Error: error_code = 30; This profile is private; id = 239122604
Error: error_code = 30; This profile is private; id = 242865350
Error: error_code = 30; This profile is private; id = 513798046
Error: error_code = 15; Access denied: user deactivated; id = 135582756
Error: error_code = 30; This profile is private; id = 181033569
Error: error_code = 30; This profile is private; id = 166722055
Error: error_code = 15; Access denied: user deactivated; id = 424976679
Error: error_code = 30; This profile is private; id = 496480023
Error: error_code = 30; This profile is private; id = 646170540
Error: error_code = 30; This profile is private; id = 93203392
Error: error_code = 30; This profile is private; id = 139476276
Error: error_code = 30; This profile is private; id = 695840472
Error: error_code = 30; This profile is private; id = 558817903
Error: error_code = 15; Access denied: user deactivated; id = 279086824
Error: error_code = 30; This profile is private; id = 573781527
Error: error_code = 30; This profile is private; id = 298814839
Error: error_code = 15; Access denied: user deactivated; id = 182604548
Error: error_code = 30; This profile is private; id = 399908748
Error: error_code = 30; This profile is private; id = 623498104
Error: error_code = 30; This profile is private; id = 212915136
Error: error_code = 30; This profile is private; id = 502205236
Error: error_code = 30; This profile is private; id = 319248105
Error: error_code = 15; Access denied: user deactivated; id = 424160957
Error: error_code = 30; This profile is private; id = 4025925
Error: error_code = 30; This profile is private; id = 136670451
Error: error_code = 30; This profile is private; id = 171901701
Error: error_code = 30; This profile is private; id = 142736036
Error: error_code = 30; This profile is private; id = 227652684
Error: error_code = 30; This profile is private; id = 103518025
Error: error_code = 30; This profile is private; id = 629186896
Error: error_code = 15; Access denied: user deactivated; id = 215284998
Error: error_code = 30; This profile is private; id = 607154768
Error: error_code = 30; This profile is private; id = 265037274
Error: error_code = 15; Access denied: user deactivated; id = 189175556
Error: error_code = 30; This profile is private; id = 651439463
Error: error_code = 30; This profile is private; id = 369435182
Error: error_code = 30; This profile is private; id = 198603765
Error: error_code = 30; This profile is private; id = 671135149
Error: error_code = 30; This profile is private; id = 569867720
Error: error_code = 30; This profile is private; id = 264564168
Error: error_code = 15; Access denied: user deactivated; id = 429402912
Error: error_code = 30; This profile is private; id = 111651140
Error: error_code = 30; This profile is private; id = 329044000
Error: error_code = 15; Access denied: user deactivated; id = 186636953
Error: error_code = 30; This profile is private; id = 302089568
Error: error_code = 30; This profile is private; id = 566602465
Error: error_code = 15; Access denied: user deactivated; id = 168494649
Error: error_code = 30; This profile is private; id = 632142040
Error: error_code = 30; This profile is private; id = 292547250
Error: error_code = 30; This profile is private; id = 534342408
Error: error_code = 30; This profile is private; id = 292357806
Error: error_code = 30; This profile is private; id = 153319165
Error: error_code = 30; This profile is private; id = 557023924
Error: error_code = 30; This profile is private; id = 17549863
Error: error_code = 30; This profile is private; id = 621736135
Error: error_code = 30; This profile is private; id = 469609830
Error: error_code = 15; Access denied: user deactivated; id = 450221257
Error: error_code = 30; This profile is private; id = 515417152
Error: error_code = 30; This profile is private; id = 517487936
Error: error_code = 30; This profile is private; id = 155059939
Error: error_code = 30; This profile is private; id = 88698165
Error: error_code = 30; This profile is private; id = 665364842
Error: error_code = 15; Access denied: user deactivated; id = 469266894
Error: error_code = 30; This profile is private; id = 559039852
Error: error_code = 30; This profile is private; id = 538184362
Error: error_code = 30; This profile is private; id = 714912738
Error: error_code = 30; This profile is private; id = 18362388
Error: error_code = 15; Access denied: user deactivated; id = 81013397
Error: error_code = 30; This profile is private; id = 56137292
Error: error_code = 30; This profile is private; id = 502501615
Error: error_code = 30; This profile is private; id = 21881774
Error: error_code = 15; Access denied: user deactivated; id = 343948872
Error: error_code = 15; Access denied: user deactivated; id = 407496057
Error: error_code = 30; This profile is private; id = 308289217
Error: error_code = 30; This profile is private; id = 694944320
Error: error_code = 30; This profile is private; id = 302271680
Error: error_code = 30; This profile is private; id = 59591536
Error: error_code = 30; This profile is private; id = 490019414
Error: error_code = 30; This profile is private; id = 545410598
Error: error_code = 15; Access denied: user deactivated; id = 422781036
Error: error_code = 30; This profile is private; id = 44355991
Error: error_code = 30; This profile is private; id = 1230958
Error: error_code = 30; This profile is private; id = 588382325
Error: error_code = 15; Access denied: user deactivated; id = 286169774
Error: error_code = 30; This profile is private; id = 294818765
Error: error_code = 30; This profile is private; id = 7399994
Error: error_code = 30; This profile is private; id = 267248241
Error: error_code = 30; This profile is private; id = 243620722
Error: error_code = 15; Access denied: user deactivated; id = 163446449
Error: error_code = 30; This profile is private; id = 1317442
Error: error_code = 30; This profile is private; id = 164303625
Error: error_code = 30; This profile is private; id = 436836530
Error: error_code = 30; This profile is private; id = 526774150
Error: error_code = 30; This profile is private; id = 435029534
Error: error_code = 30; This profile is private; id = 622829792
Error: error_code = 30; This profile is private; id = 108038089
Error: error_code = 30; This profile is private; id = 292003978
Error: error_code = 15; Access denied: user deactivated; id = 398258657
Error: error_code = 30; This profile is private; id = 2984940
Error: error_code = 15; Access denied: user deactivated; id = 178220088
Error: error_code = 30; This profile is private; id = 189782424
Error: error_code = 30; This profile is private; id = 79335225
Error: error_code = 30; This profile is private; id = 10240553
Error: error_code = 15; Access denied: user deactivated; id = 434720909
Error: error_code = 30; This profile is private; id = 7894340
Error: error_code = 15; Access denied: user deactivated; id = 438733923
Error: error_code = 30; This profile is private; id = 35783101
Error: error_code = 30; This profile is private; id = 62474246
Error: error_code = 30; This profile is private; id = 424657810
Error: error_code = 30; This profile is private; id = 36294339
Error: error_code = 30; This profile is private; id = 630381041
Error: error_code = 30; This profile is private; id = 516994663
Error: error_code = 30; This profile is private; id = 562255728
Error: error_code = 30; This profile is private; id = 407876921
Error: error_code = 15; Access denied: user deactivated; id = 405921299
Error: error_code = 30; This profile is private; id = 38225056
Error: error_code = 30; This profile is private; id = 609423461
Error: error_code = 15; Access denied: user deactivated; id = 372290563
Error: error_code = 15; Access denied: user deactivated; id = 340995059
Error: error_code = 15; Access denied: user deactivated; id = 541818890
Error: error_code = 30; This profile is private; id = 716349538
Error: error_code = 15; Access denied: user deactivated; id = 216016108
Error: error_code = 15; Access denied: user deactivated; id = 20094328
Error: error_code = 30; This profile is private; id = 273037333
Error: error_code = 15; Access denied: user deactivated; id = 343575050
Error: error_code = 30; This profile is private; id = 52827735
Error: error_code = 30; This profile is private; id = 557334060
Error: error_code = 15; Access denied: user deactivated; id = 355600587
Error: error_code = 30; This profile is private; id = 537873902
Error: error_code = 30; This profile is private; id = 610217616
Error: error_code = 30; This profile is private; id = 4492428
Error: error_code = 30; This profile is private; id = 332323344
Error: error_code = 30; This profile is private; id = 443512754
Error: error_code = 30; This profile is private; id = 255133383
Error: error_code = 30; This profile is private; id = 260532873
Error: error_code = 30; This profile is private; id = 467686557
Error: error_code = 30; This profile is private; id = 155157337
Error: error_code = 30; This profile is private; id = 643392672
Error: error_code = 15; Access denied: user deactivated; id = 344761543
Error: error_code = 30; This profile is private; id = 536096192
Error: error_code = 30; This profile is private; id = 178707358
Error: error_code = 15; Access denied: user deactivated; id = 191595029
Error: error_code = 15; Access denied: user deactivated; id = 661902855
Error: error_code = 30; This profile is private; id = 393893068
Error: error_code = 30; This profile is private; id = 10515403
Error: error_code = 30; This profile is private; id = 677932598
Error: error_code = 30; This profile is private; id = 580304478
Error: error_code = 15; Access denied: user deactivated; id = 216795870
Error: error_code = 15; Access denied: user deactivated; id = 597501391
Error: error_code = 30; This profile is private; id = 227505255
Error: error_code = 30; This profile is private; id = 79462595
Error: error_code = 30; This profile is private; id = 221329241
Error: error_code = 15; Access denied: user deactivated; id = 432503295
Error: error_code = 30; This profile is private; id = 439034870
Error: error_code = 30; This profile is private; id = 624583163
Error: error_code = 15; Access denied: user deactivated; id = 707874252
Error: error_code = 30; This profile is private; id = 393006579
Error: error_code = 15; Access denied: user deactivated; id = 260771702
Error: error_code = 30; This profile is private; id = 367421925
Error: error_code = 15; Access denied: user deactivated; id = 401795959
Error: error_code = 30; This profile is private; id = 287548106
Error: error_code = 15; Access denied: user deactivated; id = 191339086
Error: error_code = 30; This profile is private; id = 89731348
Error: error_code = 30; This profile is private; id = 127832039
Error: error_code = 30; This profile is private; id = 648153587
Error: error_code = 15; Access denied: user deactivated; id = 314251984
Error: error_code = 15; Access denied: user deactivated; id = 526474779
Error: error_code = 15; Access denied: user deactivated; id = 676368214
Error: error_code = 30; This profile is private; id = 157260774
Error: error_code = 15; Access denied: user deactivated; id = 377569343
Error: error_code = 30; This profile is private; id = 159737524
Error: error_code = 15; Access denied: user deactivated; id = 16283816
Error: error_code = 30; This profile is private; id = 327144175
Error: error_code = 30; This profile is private; id = 521766
Error: error_code = 30; This profile is private; id = 10237635
Error: error_code = 30; This profile is private; id = 545065619
Error: error_code = 30; This profile is private; id = 36259953
Error: error_code = 30; This profile is private; id = 6439656
Error: error_code = 30; This profile is private; id = 301842151
Error: error_code = 15; Access denied: user deactivated; id = 555141604
Error: error_code = 30; This profile is private; id = 476181989
Error: error_code = 15; Access denied: user deactivated; id = 98244581
Error: error_code = 30; This profile is private; id = 24334768
Error: error_code = 30; This profile is private; id = 114474962
Error: error_code = 30; This profile is private; id = 27278152
Error: error_code = 30; This profile is private; id = 250380052
Error: error_code = 30; This profile is private; id = 588533084
Error: error_code = 30; This profile is private; id = 672134810
Error: error_code = 15; Access denied: user deactivated; id = 679937051
Error: error_code = 30; This profile is private; id = 271153187
Error: error_code = 30; This profile is private; id = 582726555
Error: error_code = 30; This profile is private; id = 191612971
Error: error_code = 30; This profile is private; id = 284253315
Error: error_code = 30; This profile is private; id = 135321976
Error: error_code = 15; Access denied: user deactivated; id = 537243873
Error: error_code = 30; This profile is private; id = 207336267
Error: error_code = 30; This profile is private; id = 4055320
Error: error_code = 15; Access denied: user deactivated; id = 346285095
Error: error_code = 30; This profile is private; id = 129115436
Error: error_code = 30; This profile is private; id = 539962254
Error: error_code = 30; This profile is private; id = 464460905
Error: error_code = 15; Access denied: user deactivated; id = 23363962
Error: error_code = 15; Access denied: user deactivated; id = 303072101
Error: error_code = 15; Access denied: user deactivated; id = 211221976
Error: error_code = 30; This profile is private; id = 84045386
Error: error_code = 15; Access denied: user deactivated; id = 97097406
Error: error_code = 15; Access denied: user deactivated; id = 413707278
Error: error_code = 30; This profile is private; id = 530451170
Error: error_code = 15; Access denied: user deactivated; id = 530331338
Error: error_code = 15; Access denied: user deactivated; id = 518603123
Error: error_code = 15; Access denied: user deactivated; id = 221865628
Error: error_code = 15; Access denied: user deactivated; id = 459269206
Error: error_code = 30; This profile is private; id = 443225451
Error: error_code = 30; This profile is private; id = 185511508
Error: error_code = 30; This profile is private; id = 195141801
Error: error_code = 30; This profile is private; id = 195658885
Error: error_code = 30; This profile is private; id = 353570793
Error: error_code = 30; This profile is private; id = 225186011
Error: error_code = 15; Access denied: user deactivated; id = 663577536
Error: error_code = 30; This profile is private; id = 164845067
Error: error_code = 30; This profile is private; id = 126717107
Error: error_code = 15; Access denied: user deactivated; id = 152740528
Error: error_code = 15; Access denied: user deactivated; id = 559293353
Error: error_code = 30; This profile is private; id = 546290387
Error: error_code = 30; This profile is private; id = 140170526
Error: error_code = 30; This profile is private; id = 95772910
Error: error_code = 30; This profile is private; id = 538732255
Error: error_code = 30; This profile is private; id = 444030697
Error: error_code = 30; This profile is private; id = 297424863
Error: error_code = 15; Access denied: user deactivated; id = 303926013
Error: error_code = 15; Access denied: user deactivated; id = 217243038
Error: error_code = 15; Access denied: user deactivated; id = 624322251
Error: error_code = 15; Access denied: user deactivated; id = 341770415
Error: error_code = 30; This profile is private; id = 11565867
Error: error_code = 15; Access denied: user deactivated; id = 596835751
Error: error_code = 30; This profile is private; id = 9721539
Error: error_code = 15; Access denied: user deactivated; id = 349866066
Error: error_code = 30; This profile is private; id = 324381809
Error: error_code = 15; Access denied: user deactivated; id = 56035554
Error: error_code = 30; This profile is private; id = 43753460
Error: error_code = 15; Access denied: user deactivated; id = 113038679
Error: error_code = 30; This profile is private; id = 227879795
Error: error_code = 30; This profile is private; id = 615036184
Error: error_code = 30; This profile is private; id = 231839409
Error: error_code = 30; This profile is private; id = 600142656
Error: error_code = 15; Access denied: user deactivated; id = 72117543
Error: error_code = 15; Access denied: user deactivated; id = 202227056
Error: error_code = 15; Access denied: user deactivated; id = 107989232
Error: error_code = 30; This profile is private; id = 381781592
Error: error_code = 30; This profile is private; id = 194325280
Error: error_code = 15; Access denied: user deactivated; id = 205224444
Error: error_code = 30; This profile is private; id = 494968687
Error: error_code = 15; Access denied: user deactivated; id = 369104734
Error: error_code = 30; This profile is private; id = 3755945
Error: error_code = 15; Access denied: user deactivated; id = 592256766
Error: error_code = 15; Access denied: user deactivated; id = 150394243
Error: error_code = 30; This profile is private; id = 345620147
Error: error_code = 30; This profile is private; id = 384241069
Error: error_code = 30; This profile is private; id = 37262135
Error: error_code = 30; This profile is private; id = 366021713
Error: error_code = 30; This profile is private; id = 536329252
Error: error_code = 30; This profile is private; id = 615270726
Error: error_code = 15; Access denied: user deactivated; id = 675533750
Error: error_code = 30; This profile is private; id = 462725666
Error: error_code = 30; This profile is private; id = 5780859
Error: error_code = 15; Access denied: user deactivated; id = 141513169
Error: error_code = 15; Access denied: user deactivated; id = 517713728
Error: error_code = 15; Access denied: user deactivated; id = 413396776
Error: error_code = 30; This profile is private; id = 671747379
Error: error_code = 30; This profile is private; id = 87919417
Error: error_code = 30; This profile is private; id = 553034535
Error: error_code = 30; This profile is private; id = 441526469
Error: error_code = 30; This profile is private; id = 688900592
Error: error_code = 30; This profile is private; id = 82626127
Error: error_code = 15; Access denied: user deactivated; id = 214744252
Error: error_code = 30; This profile is private; id = 47523633
Error: error_code = 30; This profile is private; id = 653566964
Error: error_code = 30; This profile is private; id = 58688702
Error: error_code = 30; This profile is private; id = 358419613
Error: error_code = 30; This profile is private; id = 460437134
Error: error_code = 30; This profile is private; id = 448518364
Error: error_code = 15; Access denied: user deactivated; id = 393144683
Error: error_code = 30; This profile is private; id = 13891139
Error: error_code = 30; This profile is private; id = 86941153
Error: error_code = 30; This profile is private; id = 71991104
Error: error_code = 30; This profile is private; id = 700387698
Error: error_code = 30; This profile is private; id = 607498051
Error: error_code = 30; This profile is private; id = 169536606
Error: error_code = 30; This profile is private; id = 352357210
Error: error_code = 15; Access denied: user deactivated; id = 51213314
Error: error_code = 30; This profile is private; id = 25916757
Error: error_code = 30; This profile is private; id = 267709826
Error: error_code = 30; This profile is private; id = 611397978
Error: error_code = 30; This profile is private; id = 265378937
Error: error_code = 15; Access denied: user deactivated; id = 508935891
Error: error_code = 30; This profile is private; id = 301806442
Error: error_code = 30; This profile is private; id = 540389503
Error: error_code = 30; This profile is private; id = 613916940
Error: error_code = 30; This profile is private; id = 579962500
Error: error_code = 30; This profile is private; id = 556754600
Error: error_code = 30; This profile is private; id = 412204482
Error: error_code = 15; Access denied: user deactivated; id = 16470860
Error: error_code = 15; Access denied: user deactivated; id = 194018972
Error: error_code = 30; This profile is private; id = 140586545
Error: error_code = 15; Access denied: user deactivated; id = 618832147
Error: error_code = 30; This profile is private; id = 317425852
Error: error_code = 30; This profile is private; id = 272766012
Error: error_code = 30; This profile is private; id = 712952870
Error: error_code = 15; Access denied: user deactivated; id = 335502201
Error: error_code = 30; This profile is private; id = 48152334
Error: error_code = 15; Access denied: user deactivated; id = 166744498
Error: error_code = 30; This profile is private; id = 236999193
Error: error_code = 30; This profile is private; id = 514223995
Error: error_code = 30; This profile is private; id = 275860631
Error: error_code = 30; This profile is private; id = 206473728
Error: error_code = 30; This profile is private; id = 535337228
Error: error_code = 15; Access denied: user deactivated; id = 394637013
Error: error_code = 30; This profile is private; id = 178563446
Error: error_code = 15; Access denied: user deactivated; id = 347569443
Error: error_code = 30; This profile is private; id = 438897360
Error: error_code = 15; Access denied: user deactivated; id = 413427196
Error: error_code = 15; Access denied: user deactivated; id = 183418464
Error: error_code = 30; This profile is private; id = 1699974
Error: error_code = 30; This profile is private; id = 32370995
Error: error_code = 30; This profile is private; id = 23105143
Error: error_code = 30; This profile is private; id = 431549583
Error: error_code = 30; This profile is private; id = 219920294
Error: error_code = 15; Access denied: user deactivated; id = 537604902
Error: error_code = 30; This profile is private; id = 176694799
Error: error_code = 15; Access denied: user deactivated; id = 244627885
Error: error_code = 30; This profile is private; id = 186613617
Error: error_code = 30; This profile is private; id = 367172180
Error: error_code = 30; This profile is private; id = 356401124
Error: error_code = 30; This profile is private; id = 471833241
Error: error_code = 30; This profile is private; id = 705205460
Error: error_code = 30; This profile is private; id = 555525614
Error: error_code = 30; This profile is private; id = 389910465
Error: error_code = 30; This profile is private; id = 275770021
Error: error_code = 30; This profile is private; id = 466261040
Error: error_code = 15; Access denied: user deactivated; id = 701317843
Error: error_code = 30; This profile is private; id = 621172911
Error: error_code = 30; This profile is private; id = 325251432
Error: error_code = 15; Access denied: user deactivated; id = 220280860
Error: error_code = 15; Access denied: user deactivated; id = 522812494
Error: error_code = 15; Access denied: user deactivated; id = 281757664
Error: error_code = 30; This profile is private; id = 581246611
Error: error_code = 30; This profile is private; id = 564137470
Error: error_code = 30; This profile is private; id = 155689838
Error: error_code = 15; Access denied: user deactivated; id = 479692062
Error: error_code = 30; This profile is private; id = 31426281
Error: error_code = 30; This profile is private; id = 523160142
Error: error_code = 15; Access denied: user deactivated; id = 321075394
Error: error_code = 30; This profile is private; id = 166838924
Error: error_code = 15; Access denied: user deactivated; id = 526967567
Error: error_code = 30; This profile is private; id = 296685143
Error: error_code = 15; Access denied: user deactivated; id = 353855621
Error: error_code = 15; Access denied: user deactivated; id = 631331788
Error: error_code = 30; This profile is private; id = 133701464
Error: error_code = 30; This profile is private; id = 291621365
Error: error_code = 30; This profile is private; id = 518619378
Error: error_code = 30; This profile is private; id = 403139393
Error: error_code = 15; Access denied: user deactivated; id = 248442442
Error: error_code = 15; Access denied: user deactivated; id = 144361764
Error: error_code = 30; This profile is private; id = 696270971
Error: error_code = 30; This profile is private; id = 31811700
Error: error_code = 30; This profile is private; id = 122449380
Error: error_code = 15; Access denied: user deactivated; id = 363471684
Error: error_code = 30; This profile is private; id = 245762996
Error: error_code = 30; This profile is private; id = 143030268
Error: error_code = 30; This profile is private; id = 43914523
Error: error_code = 30; This profile is private; id = 611669286
Error: error_code = 15; Access denied: user deactivated; id = 535326630
Error: error_code = 15; Access denied: user deactivated; id = 382191872
Error: error_code = 15; Access denied: user deactivated; id = 577992166
Error: error_code = 15; Access denied: user deactivated; id = 366274418
Error: error_code = 15; Access denied: user deactivated; id = 149078451
Error: error_code = 30; This profile is private; id = 451879331
Error: error_code = 30; This profile is private; id = 275878538
Error: error_code = 30; This profile is private; id = 204580495
Error: error_code = 15; Access denied: user deactivated; id = 417256977
Error: error_code = 15; Access denied: user deactivated; id = 27413952
Error: error_code = 30; This profile is private; id = 573374469
Error: error_code = 30; This profile is private; id = 31800987
Error: error_code = 30; This profile is private; id = 240347697
Error: error_code = 15; Access denied: user deactivated; id = 527374500
Error: error_code = 30; This profile is private; id = 254425757
Error: error_code = 30; This profile is private; id = 680814832
Error: error_code = 15; Access denied: user deactivated; id = 9428557
Error: error_code = 30; This profile is private; id = 266421215
Error: error_code = 30; This profile is private; id = 699531937
Error: error_code = 15; Access denied: user deactivated; id = 155332886
Error: error_code = 15; Access denied: user deactivated; id = 464440313
Error: error_code = 30; This profile is private; id = 633547277
Error: error_code = 15; Access denied: user deactivated; id = 347405678
Error: error_code = 15; Access denied: user deactivated; id = 547947685
Error: error_code = 30; This profile is private; id = 677696491
Error: error_code = 30; This profile is private; id = 501187594
Error: error_code = 15; Access denied: user deactivated; id = 171230972
Error: error_code = 30; This profile is private; id = 170462416
Error: error_code = 15; Access denied: user deactivated; id = 460112431
Error: error_code = 15; Access denied: user deactivated; id = 506936010
Error: error_code = 15; Access denied: user deactivated; id = 563848049
Error: error_code = 15; Access denied: user deactivated; id = 271730407
Error: error_code = 30; This profile is private; id = 20133620
Error: error_code = 15; Access denied: user deactivated; id = 627714603
Error: error_code = 15; Access denied: user deactivated; id = 465857254
Error: error_code = 30; This profile is private; id = 406797470
Error: error_code = 30; This profile is private; id = 699268404
Error: error_code = 15; Access denied: user deactivated; id = 319079106
Error: error_code = 30; This profile is private; id = 514268309
Error: error_code = 30; This profile is private; id = 37744714
Error: error_code = 30; This profile is private; id = 630646950
Error: error_code = 15; Access denied: user deactivated; id = 207570865
Error: error_code = 30; This profile is private; id = 193472067
Error: error_code = 30; This profile is private; id = 160302488
Error: error_code = 15; Access denied: user deactivated; id = 279056292
Error: error_code = 15; Access denied: user deactivated; id = 636070628
Error: error_code = 15; Access denied: user deactivated; id = 31106534
Error: error_code = 30; This profile is private; id = 52828986
Error: error_code = 30; This profile is private; id = 16560259
Error: error_code = 15; Access denied: user deactivated; id = 223338760
Error: error_code = 15; Access denied: user deactivated; id = 346460805
Error: error_code = 30; This profile is private; id = 2665158
Error: error_code = 30; This profile is private; id = 443603858
Error: error_code = 30; This profile is private; id = 565541611
Error: error_code = 30; This profile is private; id = 470877608
Error: error_code = 30; This profile is private; id = 507094090
Error: error_code = 15; Access denied: user deactivated; id = 162075694
Error: error_code = 30; This profile is private; id = 502175833
Error: error_code = 15; Access denied: user deactivated; id = 420501755
Error: error_code = 30; This profile is private; id = 14434271
Error: error_code = 30; This profile is private; id = 284288246
Error: error_code = 30; This profile is private; id = 147071457
Error: error_code = 15; Access denied: user deactivated; id = 176819324
Error: error_code = 30; This profile is private; id = 707232386
Error: error_code = 15; Access denied: user deactivated; id = 12648383
Error: error_code = 30; This profile is private; id = 54147893
Error: error_code = 30; This profile is private; id = 146033884
Error: error_code = 30; This profile is private; id = 217550633
Error: error_code = 30; This profile is private; id = 530157158
Error: error_code = 30; This profile is private; id = 808889
Error: error_code = 30; This profile is private; id = 565320177
Error: error_code = 30; This profile is private; id = 199288993
Error: error_code = 15; Access denied: user deactivated; id = 217648038
Error: error_code = 15; Access denied: user deactivated; id = 225193840
Error: error_code = 30; This profile is private; id = 698738982
Error: error_code = 30; This profile is private; id = 154822538
Error: error_code = 30; This profile is private; id = 118480841
Error: error_code = 30; This profile is private; id = 586928978
Error: error_code = 30; This profile is private; id = 467595449
Error: error_code = 30; This profile is private; id = 344371522
Error: error_code = 30; This profile is private; id = 106303041
Error: error_code = 30; This profile is private; id = 9169165
Error: error_code = 30; This profile is private; id = 104202734
Error: error_code = 30; This profile is private; id = 144891973
Error: error_code = 15; Access denied: user deactivated; id = 406278915
Error: error_code = 15; Access denied: user deactivated; id = 582590041
Error: error_code = 30; This profile is private; id = 576587863
Error: error_code = 30; This profile is private; id = 427144425
Error: error_code = 30; This profile is private; id = 552503957
Error: error_code = 30; This profile is private; id = 71295038
Error: error_code = 15; Access denied: user deactivated; id = 180719343
Error: error_code = 30; This profile is private; id = 92634998
Error: error_code = 30; This profile is private; id = 195442606
Error: error_code = 15; Access denied: user deactivated; id = 190641801
Error: error_code = 30; This profile is private; id = 48024825
Error: error_code = 15; Access denied: user deactivated; id = 304226086
Error: error_code = 15; Access denied: user deactivated; id = 328336811
Error: error_code = 30; This profile is private; id = 80359455
Error: error_code = 15; Access denied: user deactivated; id = 182104220
Error: error_code = 15; Access denied: user deactivated; id = 348903107
Error: error_code = 15; Access denied: user deactivated; id = 421070694
Error: error_code = 15; Access denied: user deactivated; id = 94601269
Error: error_code = 30; This profile is private; id = 642143444
Error: error_code = 30; This profile is private; id = 692051104
Error: error_code = 30; This profile is private; id = 58437979
Error: error_code = 30; This profile is private; id = 179886386
Error: error_code = 30; This profile is private; id = 204440373
Error: error_code = 30; This profile is private; id = 667441563
Error: error_code = 30; This profile is private; id = 14642378
Error: error_code = 30; This profile is private; id = 383581051
Error: error_code = 15; Access denied: user deactivated; id = 172880614
Error: error_code = 15; Access denied: user deactivated; id = 511002837
Error: error_code = 15; Access denied: user deactivated; id = 532626213
Error: error_code = 15; Access denied: user deactivated; id = 246873743
Error: error_code = 30; This profile is private; id = 699068010
Error: error_code = 30; This profile is private; id = 22014796
Error: error_code = 30; This profile is private; id = 193713488
Error: error_code = 30; This profile is private; id = 135129442
Error: error_code = 15; Access denied: user deactivated; id = 203530319
Error: error_code = 30; This profile is private; id = 253588069
Error: error_code = 15; Access denied: user deactivated; id = 530799626
Error: error_code = 15; Access denied: user deactivated; id = 442783658
Error: error_code = 30; This profile is private; id = 75638434
Error: error_code = 30; This profile is private; id = 154927636
Error: error_code = 30; This profile is private; id = 255449721
Error: error_code = 15; Access denied: user deactivated; id = 411885493
Error: error_code = 30; This profile is private; id = 467292807
Error: error_code = 15; Access denied: user deactivated; id = 437934074
Error: error_code = 30; This profile is private; id = 38174963
Error: error_code = 15; Access denied: user deactivated; id = 250536229
Error: error_code = 15; Access denied: user deactivated; id = 156646155
Error: error_code = 30; This profile is private; id = 379569295
Error: error_code = 15; Access denied: user deactivated; id = 169021844
Error: error_code = 30; This profile is private; id = 641212276
Error: error_code = 15; Access denied: user deactivated; id = 247597379
Error: error_code = 30; This profile is private; id = 458460204
Error: error_code = 15; Access denied: user deactivated; id = 484111308
Error: error_code = 30; This profile is private; id = 77321519
Error: error_code = 30; This profile is private; id = 421415959
Error: error_code = 15; Access denied: user deactivated; id = 403245786
Error: error_code = 30; This profile is private; id = 176809603
Error: error_code = 30; This profile is private; id = 526105146
Error: error_code = 30; This profile is private; id = 141444909
Error: error_code = 30; This profile is private; id = 578672949
Error: error_code = 30; This profile is private; id = 532061920
Error: error_code = 30; This profile is private; id = 269916594
Error: error_code = 30; This profile is private; id = 326038596
Error: error_code = 30; This profile is private; id = 177193869
Error: error_code = 15; Access denied: user deactivated; id = 21669976
Error: error_code = 30; This profile is private; id = 551035996
Error: error_code = 30; This profile is private; id = 561607111
Error: error_code = 30; This profile is private; id = 474067579
Error: error_code = 30; This profile is private; id = 480344490
Error: error_code = 15; Access denied: user deactivated; id = 144930841
Error: error_code = 30; This profile is private; id = 566787172
Error: error_code = 30; This profile is private; id = 218911163
Error: error_code = 30; This profile is private; id = 135039906
Error: error_code = 30; This profile is private; id = 167373873
Error: error_code = 15; Access denied: user deactivated; id = 384462221
Error: error_code = 15; Access denied: user deactivated; id = 311771500
Error: error_code = 30; This profile is private; id = 568287779
Error: error_code = 15; Access denied: user deactivated; id = 246285303
Error: error_code = 30; This profile is private; id = 318207947
Error: error_code = 15; Access denied: user deactivated; id = 374485895
Error: error_code = 30; This profile is private; id = 232565487
Error: error_code = 30; This profile is private; id = 607171235
Error: error_code = 30; This profile is private; id = 208179089
Error: error_code = 15; Access denied: user deactivated; id = 676767008
Error: error_code = 15; Access denied: user deactivated; id = 418437064
Error: error_code = 30; This profile is private; id = 290897576
Error: error_code = 15; Access denied: user deactivated; id = 263739717
Error: error_code = 30; This profile is private; id = 212675872
Error: error_code = 15; Access denied: user deactivated; id = 241855432
Error: error_code = 30; This profile is private; id = 575425604
Error: error_code = 30; This profile is private; id = 136704309
Error: error_code = 30; This profile is private; id = 199686187
Error: error_code = 15; Access denied: user deactivated; id = 547327360
Error: error_code = 30; This profile is private; id = 415566967
Error: error_code = 30; This profile is private; id = 540486715
Error: error_code = 30; This profile is private; id = 434431169
Error: error_code = 15; Access denied: user deactivated; id = 396325545
Error: error_code = 30; This profile is private; id = 425335974
Error: error_code = 30; This profile is private; id = 150127521
Error: error_code = 30; This profile is private; id = 503733591
Error: error_code = 30; This profile is private; id = 629155860
Error: error_code = 15; Access denied: user deactivated; id = 220119008
Error: error_code = 30; This profile is private; id = 350517011
Error: error_code = 15; Access denied: user deactivated; id = 376653582
Error: error_code = 30; This profile is private; id = 484840175
Error: error_code = 30; This profile is private; id = 398890138
Error: error_code = 30; This profile is private; id = 425765463
Error: error_code = 30; This profile is private; id = 390421813
Error: error_code = 30; This profile is private; id = 711585920
Error: error_code = 30; This profile is private; id = 550364708
Error: error_code = 30; This profile is private; id = 136339839
Error: error_code = 30; This profile is private; id = 87358840
Error: error_code = 30; This profile is private; id = 106193744
Error: error_code = 15; Access denied: user deactivated; id = 396266075
Error: error_code = 30; This profile is private; id = 687037043
Error: error_code = 30; This profile is private; id = 214874299
Error: error_code = 30; This profile is private; id = 591526281
Error: error_code = 30; This profile is private; id = 206540096
Error: error_code = 30; This profile is private; id = 529742421
Error: error_code = 15; Access denied: user deactivated; id = 440824703
Error: error_code = 30; This profile is private; id = 21053598
Error: error_code = 30; This profile is private; id = 579508620
Error: error_code = 15; Access denied: user deactivated; id = 218186427
Error: error_code = 15; Access denied: user deactivated; id = 705233105
Error: error_code = 30; This profile is private; id = 382701878
Error: error_code = 30; This profile is private; id = 566892047
Error: error_code = 30; This profile is private; id = 492967739
Error: error_code = 15; Access denied: user deactivated; id = 383608319
Error: error_code = 15; Access denied: user deactivated; id = 270336581
Error: error_code = 30; This profile is private; id = 290662803
Error: error_code = 15; Access denied: user deactivated; id = 245530456
Error: error_code = 30; This profile is private; id = 200112711
Error: error_code = 15; Access denied: user deactivated; id = 346005271
Error: error_code = 30; This profile is private; id = 144543164
Error: error_code = 15; Access denied: user deactivated; id = 321126491
Error: error_code = 30; This profile is private; id = 628306000
Error: error_code = 30; This profile is private; id = 2463010
Error: error_code = 15; Access denied: user deactivated; id = 334210889
Error: error_code = 30; This profile is private; id = 254364180
Error: error_code = 15; Access denied: user deactivated; id = 370053382
Error: error_code = 30; This profile is private; id = 641428802
Error: error_code = 15; Access denied: user deactivated; id = 689619219
Error: error_code = 15; Access denied: user deactivated; id = 171130376
Error: error_code = 15; Access denied: user deactivated; id = 23977483
Error: error_code = 30; This profile is private; id = 215271114
Error: error_code = 30; This profile is private; id = 534390877
Error: error_code = 30; This profile is private; id = 243538595
Error: error_code = 15; Access denied: user deactivated; id = 106105746
Error: error_code = 30; This profile is private; id = 132702688
Error: error_code = 30; This profile is private; id = 330959455
Error: error_code = 30; This profile is private; id = 526691658
Error: error_code = 30; This profile is private; id = 204698721
Error: error_code = 30; This profile is private; id = 474852239
Error: error_code = 30; This profile is private; id = 695423597
Error: error_code = 30; This profile is private; id = 145087646
Error: error_code = 30; This profile is private; id = 320980783
Error: error_code = 30; This profile is private; id = 123487094
Error: error_code = 30; This profile is private; id = 26571373
Error: error_code = 30; This profile is private; id = 718003534
Error: error_code = 30; This profile is private; id = 341463553
Error: error_code = 30; This profile is private; id = 576573737
Error: error_code = 30; This profile is private; id = 351922157
Error: error_code = 15; Access denied: user deactivated; id = 215362035
Error: error_code = 30; This profile is private; id = 185249205
Error: error_code = 15; Access denied: user deactivated; id = 417298870
Error: error_code = 30; This profile is private; id = 169789889
Error: error_code = 30; This profile is private; id = 445024028
Error: error_code = 15; Access denied: user deactivated; id = 686546391
Error: error_code = 30; This profile is private; id = 599753968
Error: error_code = 30; This profile is private; id = 486750788
Error: error_code = 30; This profile is private; id = 2092037
Error: error_code = 30; This profile is private; id = 619680966
Error: error_code = 30; This profile is private; id = 380138298
Error: error_code = 30; This profile is private; id = 367691978
Error: error_code = 15; Access denied: user deactivated; id = 180473771
Error: error_code = 15; Access denied: user deactivated; id = 89785234
Error: error_code = 30; This profile is private; id = 454898691
Error: error_code = 15; Access denied: user deactivated; id = 211437388
Error: error_code = 30; This profile is private; id = 152618610
Error: error_code = 30; This profile is private; id = 280342363
Error: error_code = 30; This profile is private; id = 485970992
Error: error_code = 15; Access denied: user deactivated; id = 55089159
Error: error_code = 30; This profile is private; id = 519327549
Error: error_code = 30; This profile is private; id = 496369977
Error: error_code = 30; This profile is private; id = 458316556
Error: error_code = 15; Access denied: user deactivated; id = 347027543
Error: error_code = 15; Access denied: user deactivated; id = 534298662
Error: error_code = 30; This profile is private; id = 17968989
Error: error_code = 30; This profile is private; id = 51661420
Error: error_code = 30; This profile is private; id = 458673358
Error: error_code = 30; This profile is private; id = 428997889
Error: error_code = 30; This profile is private; id = 10671184
Error: error_code = 30; This profile is private; id = 60148829
Error: error_code = 30; This profile is private; id = 684509315
Error: error_code = 30; This profile is private; id = 55440088
Error: error_code = 30; This profile is private; id = 518516193
Error: error_code = 15; Access denied: user deactivated; id = 197388458
Error: error_code = 15; Access denied: user deactivated; id = 503681714
Error: error_code = 30; This profile is private; id = 540807318
Error: error_code = 30; This profile is private; id = 58250589
Error: error_code = 15; Access denied: user deactivated; id = 409896366
Error: error_code = 30; This profile is private; id = 159423884
Error: error_code = 30; This profile is private; id = 179348819
Error: error_code = 30; This profile is private; id = 96062395
Error: error_code = 30; This profile is private; id = 396892227
Error: error_code = 30; This profile is private; id = 89208975
Error: error_code = 15; Access denied: user deactivated; id = 225404933
Error: error_code = 30; This profile is private; id = 81131104
Error: error_code = 15; Access denied: user deactivated; id = 560168026
Error: error_code = 30; This profile is private; id = 3141994
Error: error_code = 30; This profile is private; id = 658946427
Error: error_code = 30; This profile is private; id = 302097956
Error: error_code = 15; Access denied: user deactivated; id = 214761950
Error: error_code = 30; This profile is private; id = 590217608
Error: error_code = 15; Access denied: user deactivated; id = 400312040
Error: error_code = 30; This profile is private; id = 406581594
Error: error_code = 30; This profile is private; id = 168300694
Error: error_code = 30; This profile is private; id = 558518434
Error: error_code = 30; This profile is private; id = 17739485
Error: error_code = 30; This profile is private; id = 46495896
Error: error_code = 30; This profile is private; id = 306737046
Error: error_code = 30; This profile is private; id = 157813590
Error: error_code = 30; This profile is private; id = 498946517
Error: error_code = 30; This profile is private; id = 604282645
Error: error_code = 30; This profile is private; id = 601140933
Error: error_code = 30; This profile is private; id = 604356902
Error: error_code = 30; This profile is private; id = 28673952
Error: error_code = 30; This profile is private; id = 31748630
Error: error_code = 30; This profile is private; id = 522578246
Error: error_code = 30; This profile is private; id = 24700479
Error: error_code = 15; Access denied: user deactivated; id = 230538491
Error: error_code = 30; This profile is private; id = 25068373
Error: error_code = 30; This profile is private; id = 199183686
Error: error_code = 30; This profile is private; id = 257184935
Error: error_code = 15; Access denied: user deactivated; id = 89107378
Error: error_code = 30; This profile is private; id = 701393451
Error: error_code = 30; This profile is private; id = 347621175
Error: error_code = 15; Access denied: user deactivated; id = 355816651
Error: error_code = 15; Access denied: user deactivated; id = 474311242
Error: error_code = 30; This profile is private; id = 18694576
Error: error_code = 15; Access denied: user deactivated; id = 186953718
Error: error_code = 15; Access denied: user deactivated; id = 16204420
Error: error_code = 30; This profile is private; id = 694542228
Error: error_code = 30; This profile is private; id = 635712837
Error: error_code = 30; This profile is private; id = 568440546
Error: error_code = 15; Access denied: user deactivated; id = 530577971
Error: error_code = 30; This profile is private; id = 260735799
Error: error_code = 15; Access denied: user deactivated; id = 542615839
Error: error_code = 30; This profile is private; id = 401917878
Error: error_code = 30; This profile is private; id = 830035
Error: error_code = 15; Access denied: user deactivated; id = 648730045
Error: error_code = 30; This profile is private; id = 29742146
Error: error_code = 30; This profile is private; id = 696213834
Error: error_code = 15; Access denied: user deactivated; id = 208657417
Error: error_code = 30; This profile is private; id = 1558022
Error: error_code = 30; This profile is private; id = 655794800
Error: error_code = 15; Access denied: user deactivated; id = 482399306
Error: error_code = 15; Access denied: user deactivated; id = 608733641
Error: error_code = 15; Access denied: user deactivated; id = 491494428
Error: error_code = 30; This profile is private; id = 209475259
Error: error_code = 30; This profile is private; id = 438217247
Error: error_code = 30; This profile is private; id = 51745323
Error: error_code = 30; This profile is private; id = 29648956
Error: error_code = 30; This profile is private; id = 164247369
Error: error_code = 15; Access denied: user deactivated; id = 289021089
Error: error_code = 15; Access denied: user deactivated; id = 422450015
Error: error_code = 30; This profile is private; id = 243291661
Error: error_code = 30; This profile is private; id = 204815179
Error: error_code = 30; This profile is private; id = 551038263
Error: error_code = 30; This profile is private; id = 615629895
Error: error_code = 30; This profile is private; id = 65504805
Error: error_code = 30; This profile is private; id = 513414789
Error: error_code = 30; This profile is private; id = 165988056
Error: error_code = 30; This profile is private; id = 336100609
Error: error_code = 30; This profile is private; id = 599122825
Error: error_code = 30; This profile is private; id = 73576262
Error: error_code = 30; This profile is private; id = 166824767
Error: error_code = 15; Access denied: user deactivated; id = 421500687
Error: error_code = 15; Access denied: user deactivated; id = 223550957
Error: error_code = 15; Access denied: user deactivated; id = 92868227
Error: error_code = 15; Access denied: user deactivated; id = 314160690
Error: error_code = 30; This profile is private; id = 561005377
Error: error_code = 15; Access denied: user deactivated; id = 270952102
Error: error_code = 30; This profile is private; id = 457170145
Error: error_code = 30; This profile is private; id = 79454862
Error: error_code = 30; This profile is private; id = 2353887
Error: error_code = 30; This profile is private; id = 272343266
Error: error_code = 15; Access denied: user deactivated; id = 430933452
Error: error_code = 30; This profile is private; id = 664061409
Error: error_code = 15; Access denied: user deactivated; id = 165460757
Error: error_code = 30; This profile is private; id = 412972066
Error: error_code = 30; This profile is private; id = 446715399
Error: error_code = 15; Access denied: user deactivated; id = 624248861
Error: error_code = 30; This profile is private; id = 49222074
Error: error_code = 15; Access denied: user deactivated; id = 523038037
Error: error_code = 15; Access denied: user deactivated; id = 97837432
Error: error_code = 15; Access denied: user deactivated; id = 644827116
Error: error_code = 30; This profile is private; id = 431806580
Error: error_code = 15; Access denied: user deactivated; id = 173420331
Error: error_code = 15; Access denied: user deactivated; id = 167216511
Error: error_code = 30; This profile is private; id = 490956284
Error: error_code = 30; This profile is private; id = 18214467
Error: error_code = 30; This profile is private; id = 330440225
Error: error_code = 30; This profile is private; id = 147330544
Error: error_code = 30; This profile is private; id = 471929143
Error: error_code = 15; Access denied: user deactivated; id = 359159290
Error: error_code = 30; This profile is private; id = 83716843
Error: error_code = 15; Access denied: user deactivated; id = 6923911
Error: error_code = 30; This profile is private; id = 498649969
Error: error_code = 30; This profile is private; id = 289481333
Error: error_code = 30; This profile is private; id = 26831240
Error: error_code = 30; This profile is private; id = 75735753
Error: error_code = 30; This profile is private; id = 377038779
Error: error_code = 30; This profile is private; id = 30132049
Error: error_code = 30; This profile is private; id = 219465167
Error: error_code = 30; This profile is private; id = 73448873
Error: error_code = 15; Access denied: user deactivated; id = 512618966
Error: error_code = 30; This profile is private; id = 231400710
Error: error_code = 15; Access denied: user deactivated; id = 527542308
Error: error_code = 30; This profile is private; id = 13511695
Error: error_code = 30; This profile is private; id = 545004172
Error: error_code = 30; This profile is private; id = 4376422
Error: error_code = 30; This profile is private; id = 647126845
Error: error_code = 15; Access denied: user deactivated; id = 264435937
Error: error_code = 15; Access denied: user deactivated; id = 705302035
Error: error_code = 30; This profile is private; id = 663914255
Error: error_code = 15; Access denied: user deactivated; id = 353795146
Error: error_code = 30; This profile is private; id = 142743067
Error: error_code = 30; This profile is private; id = 11255288
Error: error_code = 30; This profile is private; id = 346289295
Error: error_code = 15; Access denied: user deactivated; id = 357732396
Error: error_code = 15; Access denied: user deactivated; id = 377471927
Error: error_code = 30; This profile is private; id = 347637638
Error: error_code = 30; This profile is private; id = 25381269
Error: error_code = 30; This profile is private; id = 192334894
Error: error_code = 30; This profile is private; id = 266506914
Error: error_code = 30; This profile is private; id = 370092009
Error: error_code = 30; This profile is private; id = 11334279
Error: error_code = 15; Access denied: user deactivated; id = 669473639
Error: error_code = 30; This profile is private; id = 555227094
Error: error_code = 30; This profile is private; id = 392587207
Error: error_code = 30; This profile is private; id = 392817265
Error: error_code = 30; This profile is private; id = 584731977
Error: error_code = 30; This profile is private; id = 135683250
Error: error_code = 15; Access denied: user deactivated; id = 519387548
Error: error_code = 30; This profile is private; id = 363024356
Error: error_code = 15; Access denied: user deactivated; id = 232992581
Error: error_code = 30; This profile is private; id = 1653657
Error: error_code = 15; Access denied: user deactivated; id = 286077780
Error: error_code = 30; This profile is private; id = 155654466
Error: error_code = 15; Access denied: user deactivated; id = 550443124
Error: error_code = 30; This profile is private; id = 216311644
Error: error_code = 15; Access denied: user deactivated; id = 207057212
Error: error_code = 30; This profile is private; id = 207407465
Error: error_code = 30; This profile is private; id = 503405960
Error: error_code = 15; Access denied: user deactivated; id = 168930849
Error: error_code = 30; This profile is private; id = 231369919
Error: error_code = 30; This profile is private; id = 256927247
Error: error_code = 15; Access denied: user deactivated; id = 344502387
Error: error_code = 30; This profile is private; id = 221116248
Error: error_code = 30; This profile is private; id = 302030975
Error: error_code = 30; This profile is private; id = 532492573
Error: error_code = 30; This profile is private; id = 407999554
Error: error_code = 30; This profile is private; id = 178086956
Error: error_code = 30; This profile is private; id = 208497115
Error: error_code = 30; This profile is private; id = 16028334
Error: error_code = 30; This profile is private; id = 522491136
Error: error_code = 30; This profile is private; id = 80379833
Error: error_code = 15; Access denied: user deactivated; id = 541017095
Error: error_code = 30; This profile is private; id = 32552614
Error: error_code = 30; This profile is private; id = 355176148
Error: error_code = 30; This profile is private; id = 1346808
Error: error_code = 30; This profile is private; id = 642226280
Error: error_code = 30; This profile is private; id = 566258961
Error: error_code = 15; Access denied: user deactivated; id = 429099977
Error: error_code = 15; Access denied: user deactivated; id = 450482460
Error: error_code = 30; This profile is private; id = 673209125
Error: error_code = 30; This profile is private; id = 677353407
Error: error_code = 30; This profile is private; id = 416893052
Error: error_code = 30; This profile is private; id = 380484226
Error: error_code = 30; This profile is private; id = 143642790
Error: error_code = 30; This profile is private; id = 578256161
Error: error_code = 30; This profile is private; id = 18192951
Error: error_code = 30; This profile is private; id = 295644868
Error: error_code = 30; This profile is private; id = 158040051
Error: error_code = 30; This profile is private; id = 76750964
Error: error_code = 30; This profile is private; id = 615771702
Error: error_code = 30; This profile is private; id = 249540479
Error: error_code = 15; Access denied: user deactivated; id = 534298843
Error: error_code = 15; Access denied: user deactivated; id = 618085521
Error: error_code = 30; This profile is private; id = 228892026
Error: error_code = 15; Access denied: user deactivated; id = 304026041
Error: error_code = 30; This profile is private; id = 635916975
Error: error_code = 30; This profile is private; id = 206595455
Error: error_code = 30; This profile is private; id = 584390158
Error: error_code = 30; This profile is private; id = 19689857
Error: error_code = 30; This profile is private; id = 482874772
Error: error_code = 15; Access denied: user deactivated; id = 703943036
Error: error_code = 30; This profile is private; id = 76385375
Error: error_code = 30; This profile is private; id = 547241680
Error: error_code = 30; This profile is private; id = 717473689
Error: error_code = 30; This profile is private; id = 682451506
Error: error_code = 30; This profile is private; id = 310015935
Error: error_code = 30; This profile is private; id = 173437143
Error: error_code = 30; This profile is private; id = 176797470
Error: error_code = 30; This profile is private; id = 594656730
Error: error_code = 15; Access denied: user deactivated; id = 203321815
Error: error_code = 30; This profile is private; id = 193964464
Error: error_code = 15; Access denied: user deactivated; id = 675092118
Error: error_code = 15; Access denied: user deactivated; id = 227813820
Error: error_code = 30; This profile is private; id = 4421777
Error: error_code = 30; This profile is private; id = 10104172
Error: error_code = 30; This profile is private; id = 412693258
Error: error_code = 15; Access denied: user deactivated; id = 226352314
Error: error_code = 30; This profile is private; id = 647403762
Error: error_code = 30; This profile is private; id = 133380797
Error: error_code = 15; Access denied: user deactivated; id = 702815879
Error: error_code = 30; This profile is private; id = 705470130
Error: error_code = 30; This profile is private; id = 564325181
Error: error_code = 30; This profile is private; id = 8011572
Error: error_code = 30; This profile is private; id = 264095061
Error: error_code = 15; Access denied: user deactivated; id = 260429959
Error: error_code = 15; Access denied: user deactivated; id = 214617085
Error: error_code = 30; This profile is private; id = 644625112
Error: error_code = 30; This profile is private; id = 667944232
Error: error_code = 15; Access denied: user deactivated; id = 702526390
Error: error_code = 30; This profile is private; id = 671030442
Error: error_code = 30; This profile is private; id = 134406617
Error: error_code = 30; This profile is private; id = 18869204
Error: error_code = 30; This profile is private; id = 657032434
Error: error_code = 30; This profile is private; id = 372968053
Error: error_code = 30; This profile is private; id = 8337083
Error: error_code = 30; This profile is private; id = 515724225
Error: error_code = 30; This profile is private; id = 286855623
Error: error_code = 15; Access denied: user deactivated; id = 154838690
Error: error_code = 30; This profile is private; id = 607790732
Error: error_code = 15; Access denied: user deactivated; id = 360147903
Error: error_code = 15; Access denied: user deactivated; id = 248369573
Error: error_code = 15; Access denied: user deactivated; id = 539286923
Error: error_code = 30; This profile is private; id = 687831740
Error: error_code = 30; This profile is private; id = 616471650
Error: error_code = 15; Access denied: user deactivated; id = 163301715
Error: error_code = 15; Access denied: user deactivated; id = 351486300
Error: error_code = 15; Access denied: user deactivated; id = 173289671
Error: error_code = 15; Access denied: user deactivated; id = 330754089
Error: error_code = 30; This profile is private; id = 479231061
Error: error_code = 30; This profile is private; id = 207457552
Error: error_code = 30; This profile is private; id = 688628844
Error: error_code = 30; This profile is private; id = 41828683
Error: error_code = 30; This profile is private; id = 51346495
Error: error_code = 30; This profile is private; id = 501572258
Error: error_code = 30; This profile is private; id = 253338034
Error: error_code = 30; This profile is private; id = 427751625
Error: error_code = 30; This profile is private; id = 7304635
Error: error_code = 15; Access denied: user deactivated; id = 65601909
Error: error_code = 30; This profile is private; id = 645068691
Error: error_code = 15; Access denied: user deactivated; id = 210747251
Error: error_code = 30; This profile is private; id = 205532641
Error: error_code = 30; This profile is private; id = 402116218
Error: error_code = 30; This profile is private; id = 486396816
Error: error_code = 30; This profile is private; id = 593455246
Error: error_code = 15; Access denied: user deactivated; id = 387593455
Error: error_code = 30; This profile is private; id = 158114853
Error: error_code = 15; Access denied: user deactivated; id = 263223094
Error: error_code = 30; This profile is private; id = 932868
Error: error_code = 15; Access denied: user deactivated; id = 554713622
Error: error_code = 15; Access denied: user deactivated; id = 299050789
Error: error_code = 30; This profile is private; id = 153033043
Error: error_code = 15; Access denied: user deactivated; id = 409466586
Error: error_code = 30; This profile is private; id = 219485251
Error: error_code = 30; This profile is private; id = 979545
Error: error_code = 15; Access denied: user deactivated; id = 699083527
Error: error_code = 30; This profile is private; id = 183622493
Error: error_code = 30; This profile is private; id = 593725268
Error: error_code = 15; Access denied: user deactivated; id = 209845854
Error: error_code = 15; Access denied: user deactivated; id = 285273140
Error: error_code = 30; This profile is private; id = 655732309
Error: error_code = 30; This profile is private; id = 214884251
Error: error_code = 15; Access denied: user deactivated; id = 287599425
Error: error_code = 30; This profile is private; id = 6281874
Error: error_code = 15; Access denied: user deactivated; id = 563965444
Error: error_code = 30; This profile is private; id = 479734342
Error: error_code = 15; Access denied: user deactivated; id = 511599957
Error: error_code = 15; Access denied: user deactivated; id = 229715676
Error: error_code = 30; This profile is private; id = 197454154
Error: error_code = 15; Access denied: user deactivated; id = 84858755
Error: error_code = 30; This profile is private; id = 264958234
Error: error_code = 15; Access denied: user deactivated; id = 303560026
Error: error_code = 30; This profile is private; id = 427274506
Error: error_code = 30; This profile is private; id = 102836119
Error: error_code = 30; This profile is private; id = 478512443
Error: error_code = 30; This profile is private; id = 473465634
Error: error_code = 30; This profile is private; id = 319713946
Error: error_code = 30; This profile is private; id = 166842474
Error: error_code = 30; This profile is private; id = 177790492
Error: error_code = 30; This profile is private; id = 155321700
Error: error_code = 15; Access denied: user deactivated; id = 256991410
Error: error_code = 30; This profile is private; id = 407871268
Error: error_code = 15; Access denied: user deactivated; id = 215333045
Error: error_code = 15; Access denied: user deactivated; id = 446421890
Error: error_code = 15; Access denied: user deactivated; id = 642831341
Error: error_code = 30; This profile is private; id = 429837511
Error: error_code = 30; This profile is private; id = 271946943
Error: error_code = 30; This profile is private; id = 215130356
Error: error_code = 30; This profile is private; id = 51520828
Error: error_code = 30; This profile is private; id = 592802114
Error: error_code = 15; Access denied: user deactivated; id = 337060066
Error: error_code = 30; This profile is private; id = 280260217
Error: error_code = 15; Access denied: user deactivated; id = 577062555
Error: error_code = 15; Access denied: user deactivated; id = 541273558
Error: error_code = 30; This profile is private; id = 111194949
Error: error_code = 30; This profile is private; id = 259633848
Error: error_code = 30; This profile is private; id = 462094269
Error: error_code = 30; This profile is private; id = 521225128
Error: error_code = 30; This profile is private; id = 71392707
Error: error_code = 30; This profile is private; id = 646076899
Error: error_code = 15; Access denied: user deactivated; id = 614436327
Error: error_code = 30; This profile is private; id = 172489872
Error: error_code = 30; This profile is private; id = 549641902
Error: error_code = 30; This profile is private; id = 168771887
Error: error_code = 15; Access denied: user deactivated; id = 160516713
Error: error_code = 30; This profile is private; id = 26810899
Error: error_code = 15; Access denied: user deactivated; id = 370054562
Error: error_code = 30; This profile is private; id = 193570771
Error: error_code = 30; This profile is private; id = 370849352
Error: error_code = 30; This profile is private; id = 593951726
Error: error_code = 30; This profile is private; id = 154857291
Error: error_code = 15; Access denied: user deactivated; id = 275076076
Error: error_code = 30; This profile is private; id = 697120399
Error: error_code = 30; This profile is private; id = 1441253
Error: error_code = 15; Access denied: user deactivated; id = 404258423
Error: error_code = 15; Access denied: user deactivated; id = 260810700
Error: error_code = 30; This profile is private; id = 126059019
Error: error_code = 15; Access denied: user deactivated; id = 672390367
Error: error_code = 30; This profile is private; id = 9577449
Error: error_code = 15; Access denied: user deactivated; id = 504168722
Error: error_code = 15; Access denied: user deactivated; id = 374735971
Error: error_code = 30; This profile is private; id = 268797585
Error: error_code = 15; Access denied: user deactivated; id = 434079710
Error: error_code = 15; Access denied: user deactivated; id = 499371051
Error: error_code = 30; This profile is private; id = 712871119
Error: error_code = 30; This profile is private; id = 619905405
Error: error_code = 30; This profile is private; id = 90380648
Error: error_code = 30; This profile is private; id = 156086529
Error: error_code = 15; Access denied: user deactivated; id = 310553851
Error: error_code = 15; Access denied: user deactivated; id = 418345180
Error: error_code = 30; This profile is private; id = 464534251
Error: error_code = 15; Access denied: user deactivated; id = 570724032
Error: error_code = 30; This profile is private; id = 46544741
Error: error_code = 30; This profile is private; id = 602990837
Error: error_code = 30; This profile is private; id = 63942952
Error: error_code = 30; This profile is private; id = 138603803
Error: error_code = 15; Access denied: user deactivated; id = 219535985
Error: error_code = 30; This profile is private; id = 504383479
Error: error_code = 30; This profile is private; id = 248441756
Error: error_code = 30; This profile is private; id = 155370333
Error: error_code = 30; This profile is private; id = 666664164
Error: error_code = 15; Access denied: user deactivated; id = 699941555
Error: error_code = 15; Access denied: user deactivated; id = 351510841
Error: error_code = 15; Access denied: user deactivated; id = 267097111
Error: error_code = 30; This profile is private; id = 174578645
Error: error_code = 30; This profile is private; id = 615280910
Error: error_code = 15; Access denied: user deactivated; id = 4834057
Error: error_code = 30; This profile is private; id = 701408661
Error: error_code = 15; Access denied: user deactivated; id = 150672105
Error: error_code = 30; This profile is private; id = 272445541
Error: error_code = 15; Access denied: user deactivated; id = 545488977
Error: error_code = 15; Access denied: user deactivated; id = 559617309
Error: error_code = 15; Access denied: user deactivated; id = 211754572
Error: error_code = 30; This profile is private; id = 276718778
Error: error_code = 30; This profile is private; id = 207020203
Error: error_code = 30; This profile is private; id = 334778730
Error: error_code = 30; This profile is private; id = 606187256
Error: error_code = 30; This profile is private; id = 185517836
Error: error_code = 30; This profile is private; id = 34650646
Error: error_code = 30; This profile is private; id = 562673287
Error: error_code = 30; This profile is private; id = 109359035
Error: error_code = 30; This profile is private; id = 46324821
Error: error_code = 30; This profile is private; id = 507887502
Error: error_code = 30; This profile is private; id = 323484575
Error: error_code = 15; Access denied: user deactivated; id = 58768262
Error: error_code = 15; Access denied: user deactivated; id = 529175795
Error: error_code = 30; This profile is private; id = 19585125
Error: error_code = 30; This profile is private; id = 652231973
Error: error_code = 30; This profile is private; id = 231293600
Error: error_code = 30; This profile is private; id = 170556324
Error: error_code = 30; This profile is private; id = 302762638
Error: error_code = 30; This profile is private; id = 222437445
Error: error_code = 30; This profile is private; id = 327684565
Error: error_code = 30; This profile is private; id = 352688422
Error: error_code = 30; This profile is private; id = 18827559
Error: error_code = 30; This profile is private; id = 225256428
Error: error_code = 30; This profile is private; id = 92393179
Error: error_code = 30; This profile is private; id = 46460196
Error: error_code = 30; This profile is private; id = 505889262
Error: error_code = 15; Access denied: user deactivated; id = 527987616
Error: error_code = 30; This profile is private; id = 516818213
Error: error_code = 15; Access denied: user deactivated; id = 570022272
Error: error_code = 15; Access denied: user deactivated; id = 305505909
Error: error_code = 15; Access denied: user deactivated; id = 62849976
Error: error_code = 30; This profile is private; id = 101044529
Error: error_code = 15; Access denied: user deactivated; id = 679649440
Error: error_code = 30; This profile is private; id = 205224376
Error: error_code = 30; This profile is private; id = 159447901
Error: error_code = 30; This profile is private; id = 467149657
Error: error_code = 15; Access denied: user deactivated; id = 403944136
Error: error_code = 30; This profile is private; id = 424431439
Error: error_code = 30; This profile is private; id = 403174663
Error: error_code = 30; This profile is private; id = 159268481
Error: error_code = 15; Access denied: user deactivated; id = 330619623
Error: error_code = 15; Access denied: user deactivated; id = 284203472
Error: error_code = 30; This profile is private; id = 314325391
Error: error_code = 30; This profile is private; id = 347314725
Error: error_code = 30; This profile is private; id = 321331370
Error: error_code = 30; This profile is private; id = 493567017
Error: error_code = 15; Access denied: user deactivated; id = 531078190
Error: error_code = 30; This profile is private; id = 488009263
Error: error_code = 30; This profile is private; id = 363270701
Error: error_code = 15; Access denied: user deactivated; id = 407593927
Error: error_code = 30; This profile is private; id = 244336427
Error: error_code = 30; This profile is private; id = 708127496
Error: error_code = 15; Access denied: user deactivated; id = 446109171
Error: error_code = 30; This profile is private; id = 112616924
Error: error_code = 30; This profile is private; id = 705401654
Error: error_code = 15; Access denied: user deactivated; id = 437013890
Error: error_code = 15; Access denied: user deactivated; id = 3503589
Error: error_code = 30; This profile is private; id = 4017000
Error: error_code = 30; This profile is private; id = 510137233
Error: error_code = 30; This profile is private; id = 539068526
Error: error_code = 15; Access denied: user deactivated; id = 437624821
Error: error_code = 15; Access denied: user deactivated; id = 197506376
Error: error_code = 15; Access denied: user deactivated; id = 439126082
Error: error_code = 30; This profile is private; id = 281977851
Error: error_code = 30; This profile is private; id = 2870642
Error: error_code = 30; This profile is private; id = 600093512
Error: error_code = 30; This profile is private; id = 695238756
Error: error_code = 15; Access denied: user deactivated; id = 44834106
Error: error_code = 30; This profile is private; id = 361317487
Error: error_code = 30; This profile is private; id = 340301089
Error: error_code = 15; Access denied: user deactivated; id = 199928988
Error: error_code = 30; This profile is private; id = 56359466
Error: error_code = 30; This profile is private; id = 341875217
Error: error_code = 30; This profile is private; id = 429057115
Error: error_code = 30; This profile is private; id = 141364514
Error: error_code = 30; This profile is private; id = 264087677
Error: error_code = 30; This profile is private; id = 354508464
Error: error_code = 30; This profile is private; id = 259402874
Error: error_code = 30; This profile is private; id = 154181931
Error: error_code = 30; This profile is private; id = 485812683
Error: error_code = 30; This profile is private; id = 512357130
Error: error_code = 15; Access denied: user deactivated; id = 245270751
Error: error_code = 30; This profile is private; id = 139364181
Error: error_code = 15; Access denied: user deactivated; id = 379421208
Error: error_code = 30; This profile is private; id = 504055489
Error: error_code = 30; This profile is private; id = 671364186
Error: error_code = 30; This profile is private; id = 632150619
Error: error_code = 30; This profile is private; id = 568274748
Error: error_code = 30; This profile is private; id = 436226580
Error: error_code = 15; Access denied: user deactivated; id = 428836155
Error: error_code = 15; Access denied: user deactivated; id = 711535769
Error: error_code = 30; This profile is private; id = 107643306
Error: error_code = 15; Access denied: user deactivated; id = 576736585
Error: error_code = 30; This profile is private; id = 560116831
Error: error_code = 15; Access denied: user deactivated; id = 497063495
Error: error_code = 15; Access denied: user deactivated; id = 230699958
Error: error_code = 30; This profile is private; id = 1796668
Error: error_code = 15; Access denied: user deactivated; id = 553376416
Error: error_code = 15; Access denied: user deactivated; id = 424386289
Error: error_code = 30; This profile is private; id = 295955167
Error: error_code = 15; Access denied: user deactivated; id = 205973333
Error: error_code = 30; This profile is private; id = 423907631
Error: error_code = 30; This profile is private; id = 505818891
Error: error_code = 30; This profile is private; id = 409868717
Error: error_code = 30; This profile is private; id = 42076497
Error: error_code = 15; Access denied: user deactivated; id = 203132207
Error: error_code = 30; This profile is private; id = 35503225
Error: error_code = 30; This profile is private; id = 559922803
Error: error_code = 30; This profile is private; id = 69789369
Error: error_code = 15; Access denied: user deactivated; id = 225646561
Error: error_code = 30; This profile is private; id = 309904809
Error: error_code = 15; Access denied: user deactivated; id = 454295029
Error: error_code = 30; This profile is private; id = 585814877
Error: error_code = 15; Access denied: user deactivated; id = 279203245
Error: error_code = 30; This profile is private; id = 616769009
Error: error_code = 15; Access denied: user deactivated; id = 196660856
Error: error_code = 30; This profile is private; id = 391082423
Error: error_code = 15; Access denied: user deactivated; id = 260831395
Error: error_code = 30; This profile is private; id = 712629552
Error: error_code = 30; This profile is private; id = 317211777
Error: error_code = 30; This profile is private; id = 571359733
Error: error_code = 15; Access denied: user deactivated; id = 380996736
Error: error_code = 30; This profile is private; id = 287120999
Error: error_code = 30; This profile is private; id = 188708704
Error: error_code = 30; This profile is private; id = 30182810
Error: error_code = 15; Access denied: user deactivated; id = 168613563
Error: error_code = 30; This profile is private; id = 584040322
Error: error_code = 30; This profile is private; id = 691091676
Error: error_code = 15; Access denied: user deactivated; id = 61712255
Error: error_code = 30; This profile is private; id = 986167
Error: error_code = 30; This profile is private; id = 457825461
Error: error_code = 30; This profile is private; id = 361679430
Error: error_code = 15; Access denied: user deactivated; id = 409051532
Error: error_code = 30; This profile is private; id = 539680059
Error: error_code = 30; This profile is private; id = 263020508
Error: error_code = 30; This profile is private; id = 576717519
Error: error_code = 30; This profile is private; id = 226624958
Error: error_code = 15; Access denied: user deactivated; id = 431328049
Error: error_code = 30; This profile is private; id = 167335134
Error: error_code = 30; This profile is private; id = 85979394
Error: error_code = 30; This profile is private; id = 71032404
Error: error_code = 30; This profile is private; id = 644703788
Error: error_code = 30; This profile is private; id = 595114831
Error: error_code = 30; This profile is private; id = 303698730
Error: error_code = 30; This profile is private; id = 372013876
Error: error_code = 15; Access denied: user deactivated; id = 714845916
Error: error_code = 15; Access denied: user deactivated; id = 425874358
Error: error_code = 30; This profile is private; id = 609558400
Error: error_code = 30; This profile is private; id = 246893591
Error: error_code = 30; This profile is private; id = 58659683
Error: error_code = 30; This profile is private; id = 7537761
Error: error_code = 15; Access denied: user deactivated; id = 418072973
Error: error_code = 15; Access denied: user deactivated; id = 283598765
Error: error_code = 30; This profile is private; id = 625108827
Error: error_code = 30; This profile is private; id = 99546056
Error: error_code = 30; This profile is private; id = 287049809
Error: error_code = 30; This profile is private; id = 545964267
Error: error_code = 15; Access denied: user deactivated; id = 412167672
Error: error_code = 15; Access denied: user deactivated; id = 570461388
Error: error_code = 30; This profile is private; id = 280569781
Error: error_code = 30; This profile is private; id = 465427022
Error: error_code = 30; This profile is private; id = 395905653
Error: error_code = 30; This profile is private; id = 363458731
Error: error_code = 15; Access denied: user deactivated; id = 529487417
Error: error_code = 30; This profile is private; id = 143335927
Error: error_code = 30; This profile is private; id = 251602546
Error: error_code = 30; This profile is private; id = 509889611
Error: error_code = 30; This profile is private; id = 694975473
Error: error_code = 30; This profile is private; id = 15039815
Error: error_code = 30; This profile is private; id = 187323613
Error: error_code = 15; Access denied: user deactivated; id = 380916843
Error: error_code = 30; This profile is private; id = 568331000
Error: error_code = 15; Access denied: user deactivated; id = 446004182
Error: error_code = 30; This profile is private; id = 99384942
Error: error_code = 15; Access denied: user deactivated; id = 208321440
Error: error_code = 15; Access denied: user deactivated; id = 360548717
Error: error_code = 30; This profile is private; id = 192878217
Error: error_code = 30; This profile is private; id = 236177735
Error: error_code = 30; This profile is private; id = 702685997
Error: error_code = 15; Access denied: user deactivated; id = 263484714
Error: error_code = 30; This profile is private; id = 20287169
Error: error_code = 15; Access denied: user deactivated; id = 204568728
Error: error_code = 30; This profile is private; id = 587226850
Error: error_code = 30; This profile is private; id = 247043105
Error: error_code = 15; Access denied: user deactivated; id = 155255265
Error: error_code = 30; This profile is private; id = 588807365
Error: error_code = 30; This profile is private; id = 361723532
Error: error_code = 30; This profile is private; id = 667357620
Error: error_code = 15; Access denied: user deactivated; id = 216783557
Error: error_code = 15; Access denied: user deactivated; id = 34899650
Error: error_code = 15; Access denied: user deactivated; id = 96014467
Error: error_code = 15; Access denied: user deactivated; id = 109395949
Error: error_code = 30; This profile is private; id = 95176935
Error: error_code = 15; Access denied: user deactivated; id = 395046826
Error: error_code = 30; This profile is private; id = 384615246
Error: error_code = 15; Access denied: user deactivated; id = 30613009
Error: error_code = 15; Access denied: user deactivated; id = 332601389
Error: error_code = 30; This profile is private; id = 1532728
Error: error_code = 30; This profile is private; id = 161276937
Error: error_code = 30; This profile is private; id = 694458221
Error: error_code = 15; Access denied: user deactivated; id = 221330888
Error: error_code = 30; This profile is private; id = 254787040
Error: error_code = 15; Access denied: user deactivated; id = 11072402
Error: error_code = 30; This profile is private; id = 447965140
Error: error_code = 30; This profile is private; id = 255812291
Error: error_code = 15; Access denied: user deactivated; id = 531420456
Error: error_code = 30; This profile is private; id = 418370311
Error: error_code = 15; Access denied: user deactivated; id = 74450196
Error: error_code = 15; Access denied: user deactivated; id = 688936091
Error: error_code = 15; Access denied: user deactivated; id = 560674045
Error: error_code = 30; This profile is private; id = 119341026
Error: error_code = 30; This profile is private; id = 225580084
Error: error_code = 15; Access denied: user deactivated; id = 503221329
Error: error_code = 30; This profile is private; id = 562764141
Error: error_code = 30; This profile is private; id = 412713975
Error: error_code = 30; This profile is private; id = 48004103
Error: error_code = 15; Access denied: user deactivated; id = 140411455
Error: error_code = 15; Access denied: user deactivated; id = 641556532
Error: error_code = 15; Access denied: user deactivated; id = 391466941
Error: error_code = 15; Access denied: user deactivated; id = 344667116
Error: error_code = 15; Access denied: user deactivated; id = 423358264
Error: error_code = 30; This profile is private; id = 187454285
Error: error_code = 15; Access denied: user deactivated; id = 278184158
Error: error_code = 30; This profile is private; id = 55072660
Error: error_code = 30; This profile is private; id = 43044140
Error: error_code = 15; Access denied: user deactivated; id = 191401617
Error: error_code = 30; This profile is private; id = 113662503
Error: error_code = 30; This profile is private; id = 286343071
Error: error_code = 30; This profile is private; id = 514714302
Error: error_code = 30; This profile is private; id = 659799184
Error: error_code = 30; This profile is private; id = 505611506
Error: error_code = 15; Access denied: user deactivated; id = 419517649
Error: error_code = 30; This profile is private; id = 678387164
Error: error_code = 30; This profile is private; id = 157179117
Error: error_code = 30; This profile is private; id = 143773020
Error: error_code = 30; This profile is private; id = 2999501
Error: error_code = 30; This profile is private; id = 597004832
Error: error_code = 30; This profile is private; id = 219965239
Error: error_code = 30; This profile is private; id = 294280835
Error: error_code = 30; This profile is private; id = 20924386
Error: error_code = 30; This profile is private; id = 668094857
Error: error_code = 30; This profile is private; id = 530264045
Error: error_code = 30; This profile is private; id = 505583011
Error: error_code = 15; Access denied: user deactivated; id = 220235054
Error: error_code = 30; This profile is private; id = 122152735
Error: error_code = 30; This profile is private; id = 208022239
Error: error_code = 30; This profile is private; id = 655234684
Error: error_code = 30; This profile is private; id = 4521896
Error: error_code = 30; This profile is private; id = 520080599
Error: error_code = 30; This profile is private; id = 113360256
Error: error_code = 15; Access denied: user deactivated; id = 556546941
Error: error_code = 15; Access denied: user deactivated; id = 206012760
Error: error_code = 30; This profile is private; id = 112818032
Error: error_code = 30; This profile is private; id = 377996948
Error: error_code = 30; This profile is private; id = 168603530
Error: error_code = 30; This profile is private; id = 329556332
Error: error_code = 30; This profile is private; id = 376588694
Error: error_code = 15; Access denied: user deactivated; id = 221050003
Error: error_code = 30; This profile is private; id = 381224121
Error: error_code = 30; This profile is private; id = 540533640
Error: error_code = 30; This profile is private; id = 651909716
Error: error_code = 30; This profile is private; id = 583698088
Error: error_code = 30; This profile is private; id = 640827535
Error: error_code = 30; This profile is private; id = 357985958
Error: error_code = 30; This profile is private; id = 669225987
Error: error_code = 15; Access denied: user deactivated; id = 183370425
Error: error_code = 30; This profile is private; id = 187530391
Error: error_code = 30; This profile is private; id = 334320063
Error: error_code = 30; This profile is private; id = 1893722
Error: error_code = 30; This profile is private; id = 390748687
Error: error_code = 15; Access denied: user deactivated; id = 713070321
Error: error_code = 30; This profile is private; id = 13277323
Error: error_code = 15; Access denied: user deactivated; id = 138529428
Error: error_code = 30; This profile is private; id = 604669221
Error: error_code = 30; This profile is private; id = 140253091
Error: error_code = 15; Access denied: user deactivated; id = 623965579
Error: error_code = 30; This profile is private; id = 675803892
Error: error_code = 30; This profile is private; id = 539285867
Error: error_code = 30; This profile is private; id = 57272259
Error: error_code = 30; This profile is private; id = 375713733
Error: error_code = 30; This profile is private; id = 81240476
Error: error_code = 30; This profile is private; id = 368431440
Error: error_code = 30; This profile is private; id = 501788466
Error: error_code = 30; This profile is private; id = 71147071
Error: error_code = 15; Access denied: user deactivated; id = 509538685
Error: error_code = 30; This profile is private; id = 194263062
Error: error_code = 30; This profile is private; id = 199677800
Error: error_code = 30; This profile is private; id = 496585154
Error: error_code = 30; This profile is private; id = 151371459
Error: error_code = 15; Access denied: user deactivated; id = 537956898
Error: error_code = 15; Access denied: user deactivated; id = 371667747
Error: error_code = 30; This profile is private; id = 363337727
Error: error_code = 30; This profile is private; id = 433538423
Error: error_code = 30; This profile is private; id = 113509203
Error: error_code = 30; This profile is private; id = 54069294
Error: error_code = 15; Access denied: user deactivated; id = 503467199
Error: error_code = 30; This profile is private; id = 689441779
Error: error_code = 30; This profile is private; id = 132354593
Error: error_code = 15; Access denied: user deactivated; id = 318133358
Error: error_code = 30; This profile is private; id = 320037031
Error: error_code = 15; Access denied: user deactivated; id = 219136480
Error: error_code = 30; This profile is private; id = 2810304
Error: error_code = 30; This profile is private; id = 404441882
Error: error_code = 30; This profile is private; id = 539838589
Error: error_code = 30; This profile is private; id = 694420894
Error: error_code = 30; This profile is private; id = 290801908
Error: error_code = 30; This profile is private; id = 184222569
Error: error_code = 15; Access denied: user deactivated; id = 164919608
Error: error_code = 15; Access denied: user deactivated; id = 347237485
Error: error_code = 30; This profile is private; id = 553967902
Error: error_code = 30; This profile is private; id = 676544424
Error: error_code = 30; This profile is private; id = 275405706
Error: error_code = 30; This profile is private; id = 687476768
Error: error_code = 15; Access denied: user deactivated; id = 475543488
Error: error_code = 30; This profile is private; id = 7582039
Error: error_code = 15; Access denied: user deactivated; id = 478017959
Error: error_code = 30; This profile is private; id = 2845810
Error: error_code = 30; This profile is private; id = 105503318
Error: error_code = 30; This profile is private; id = 655361759
Error: error_code = 30; This profile is private; id = 196703445
Error: error_code = 30; This profile is private; id = 234311068
Error: error_code = 15; Access denied: user deactivated; id = 337898379
Error: error_code = 15; Access denied: user deactivated; id = 76424358
Error: error_code = 30; This profile is private; id = 683331038
Error: error_code = 30; This profile is private; id = 693287261
Error: error_code = 15; Access denied: user deactivated; id = 549093275
Error: error_code = 30; This profile is private; id = 361879242
Error: error_code = 30; This profile is private; id = 572297269
Error: error_code = 30; This profile is private; id = 455916
Error: error_code = 30; This profile is private; id = 230665049
Error: error_code = 30; This profile is private; id = 86845672
Error: error_code = 30; This profile is private; id = 475356295
Error: error_code = 15; Access denied: user deactivated; id = 171411305
Error: error_code = 30; This profile is private; id = 175781224
Error: error_code = 30; This profile is private; id = 348460687
Error: error_code = 30; This profile is private; id = 355103473
Error: error_code = 15; Access denied: user deactivated; id = 581163134
Error: error_code = 30; This profile is private; id = 168658747
Error: error_code = 30; This profile is private; id = 555090548
Error: error_code = 15; Access denied: user deactivated; id = 182791845
Error: error_code = 30; This profile is private; id = 547791974
Error: error_code = 30; This profile is private; id = 323888738
Error: error_code = 30; This profile is private; id = 478814973
Error: error_code = 30; This profile is private; id = 567503166
Error: error_code = 30; This profile is private; id = 340445434
Error: error_code = 30; This profile is private; id = 603456976
Error: error_code = 30; This profile is private; id = 199663641
Error: error_code = 30; This profile is private; id = 686196879
Error: error_code = 30; This profile is private; id = 30403855
Error: error_code = 30; This profile is private; id = 373245804
Error: error_code = 15; Access denied: user deactivated; id = 204633539
Error: error_code = 15; Access denied: user deactivated; id = 379608145
Error: error_code = 30; This profile is private; id = 672417292
Error: error_code = 30; This profile is private; id = 506671574
Error: error_code = 15; Access denied: user deactivated; id = 351197417
Error: error_code = 15; Access denied: user deactivated; id = 434432074
Error: error_code = 30; This profile is private; id = 171984765
Error: error_code = 30; This profile is private; id = 432340488
Error: error_code = 15; Access denied: user deactivated; id = 331736169
Error: error_code = 30; This profile is private; id = 497317316
Error: error_code = 30; This profile is private; id = 317993769
Error: error_code = 30; This profile is private; id = 186650125
Error: error_code = 30; This profile is private; id = 713520474
Error: error_code = 30; This profile is private; id = 368370623
Error: error_code = 30; This profile is private; id = 14925876
Error: error_code = 30; This profile is private; id = 54101484
Error: error_code = 30; This profile is private; id = 293879366
Error: error_code = 15; Access denied: user deactivated; id = 222416275
Error: error_code = 15; Access denied: user deactivated; id = 451786599
Error: error_code = 30; This profile is private; id = 561412018
Error: error_code = 30; This profile is private; id = 453830389
Error: error_code = 30; This profile is private; id = 14495910
Error: error_code = 15; Access denied: user deactivated; id = 16224195
Error: error_code = 30; This profile is private; id = 596944988
Error: error_code = 30; This profile is private; id = 144677447
Error: error_code = 15; Access denied: user deactivated; id = 157845131
Error: error_code = 30; This profile is private; id = 544844743
Error: error_code = 30; This profile is private; id = 335149234
Error: error_code = 30; This profile is private; id = 689863923
Error: error_code = 30; This profile is private; id = 567064735
Error: error_code = 30; This profile is private; id = 66769237
Error: error_code = 30; This profile is private; id = 22598586
Error: error_code = 15; Access denied: user deactivated; id = 400224886
Error: error_code = 30; This profile is private; id = 154394568
Error: error_code = 30; This profile is private; id = 183849599
Error: error_code = 30; This profile is private; id = 16490940
Error: error_code = 15; Access denied: user deactivated; id = 401231067
Error: error_code = 30; This profile is private; id = 507273117
Error: error_code = 15; Access denied: user deactivated; id = 559462512
Error: error_code = 15; Access denied: user deactivated; id = 418435083
Error: error_code = 30; This profile is private; id = 163741397
Error: error_code = 30; This profile is private; id = 1294395
Error: error_code = 15; Access denied: user deactivated; id = 216442388
Error: error_code = 30; This profile is private; id = 178904181
Error: error_code = 30; This profile is private; id = 10004324
Error: error_code = 30; This profile is private; id = 535338848
Error: error_code = 15; Access denied: user deactivated; id = 613015442
Error: error_code = 30; This profile is private; id = 689310923
Error: error_code = 15; Access denied: user deactivated; id = 445649632
Error: error_code = 15; Access denied: user deactivated; id = 398300895
Error: error_code = 15; Access denied: user deactivated; id = 224868323
Error: error_code = 15; Access denied: user deactivated; id = 563681509
Error: error_code = 30; This profile is private; id = 479607359
Error: error_code = 30; This profile is private; id = 505165424
Error: error_code = 30; This profile is private; id = 87475197
Error: error_code = 15; Access denied: user deactivated; id = 217630442
Error: error_code = 30; This profile is private; id = 609407373
Error: error_code = 30; This profile is private; id = 523549472
Error: error_code = 15; Access denied: user deactivated; id = 505315053
Error: error_code = 30; This profile is private; id = 277633495
Error: error_code = 30; This profile is private; id = 267786905
Error: error_code = 30; This profile is private; id = 30094352
Error: error_code = 15; Access denied: user deactivated; id = 206672718
Error: error_code = 30; This profile is private; id = 1580814
Error: error_code = 30; This profile is private; id = 294077274
Error: error_code = 30; This profile is private; id = 349898948
Error: error_code = 15; Access denied: user deactivated; id = 133858624
Error: error_code = 30; This profile is private; id = 533700919
Error: error_code = 15; Access denied: user deactivated; id = 570561213
Error: error_code = 30; This profile is private; id = 454687334
Error: error_code = 30; This profile is private; id = 494275342
Error: error_code = 30; This profile is private; id = 6528520
Error: error_code = 30; This profile is private; id = 588141828
Error: error_code = 30; This profile is private; id = 464209762
Error: error_code = 30; This profile is private; id = 234615251
Error: error_code = 30; This profile is private; id = 568632320
Error: error_code = 30; This profile is private; id = 175361898
Error: error_code = 30; This profile is private; id = 708644474
Error: error_code = 30; This profile is private; id = 138298615
Error: error_code = 15; Access denied: user deactivated; id = 187789268
Error: error_code = 15; Access denied: user deactivated; id = 635707269
Error: error_code = 30; This profile is private; id = 534670106
Error: error_code = 30; This profile is private; id = 106503603
Error: error_code = 15; Access denied: user deactivated; id = 634115340
Error: error_code = 30; This profile is private; id = 230532165
Error: error_code = 30; This profile is private; id = 552277160
Error: error_code = 15; Access denied: user deactivated; id = 388863001
Error: error_code = 30; This profile is private; id = 558790682
Error: error_code = 15; Access denied: user deactivated; id = 235726756
Error: error_code = 30; This profile is private; id = 338960839
Error: error_code = 30; This profile is private; id = 690555654
Error: error_code = 15; Access denied: user deactivated; id = 681026947
Error: error_code = 15; Access denied: user deactivated; id = 332674401
Error: error_code = 30; This profile is private; id = 384611890
Error: error_code = 15; Access denied: user deactivated; id = 138976287
Error: error_code = 30; This profile is private; id = 77613803
Error: error_code = 30; This profile is private; id = 233981131
Error: error_code = 30; This profile is private; id = 305677523
Error: error_code = 30; This profile is private; id = 296044668
Error: error_code = 30; This profile is private; id = 464793609
Error: error_code = 15; Access denied: user deactivated; id = 340240416
Error: error_code = 15; Access denied: user deactivated; id = 132193261
Error: error_code = 30; This profile is private; id = 40756844
Error: error_code = 30; This profile is private; id = 638891485
Error: error_code = 30; This profile is private; id = 573017575
Error: error_code = 30; This profile is private; id = 355366381
Error: error_code = 15; Access denied: user deactivated; id = 384655759
Error: error_code = 30; This profile is private; id = 685321605
Error: error_code = 30; This profile is private; id = 230040620
Error: error_code = 30; This profile is private; id = 190903874
Error: error_code = 30; This profile is private; id = 318011743
Error: error_code = 30; This profile is private; id = 644732067
Error: error_code = 30; This profile is private; id = 74147263
Error: error_code = 30; This profile is private; id = 590393387
Error: error_code = 30; This profile is private; id = 707597337
Error: error_code = 30; This profile is private; id = 644175002
Error: error_code = 30; This profile is private; id = 419990814
Error: error_code = 30; This profile is private; id = 487864069
Error: error_code = 30; This profile is private; id = 88191865
Error: error_code = 30; This profile is private; id = 286007805
Error: error_code = 30; This profile is private; id = 188386901
Error: error_code = 30; This profile is private; id = 289732438
Error: error_code = 30; This profile is private; id = 47082886
Error: error_code = 30; This profile is private; id = 565750183
Error: error_code = 15; Access denied: user deactivated; id = 531754679
Error: error_code = 30; This profile is private; id = 202030040
Error: error_code = 30; This profile is private; id = 210235536
Error: error_code = 15; Access denied: user deactivated; id = 445598974
Error: error_code = 30; This profile is private; id = 696294281
Error: error_code = 30; This profile is private; id = 422577979
Error: error_code = 30; This profile is private; id = 661824688
Error: error_code = 15; Access denied: user deactivated; id = 258798477
Error: error_code = 30; This profile is private; id = 151835210
Error: error_code = 30; This profile is private; id = 35146508
Error: error_code = 15; Access denied: user deactivated; id = 455876524
Error: error_code = 30; This profile is private; id = 13035303
Error: error_code = 30; This profile is private; id = 558290267
Error: error_code = 15; Access denied: user deactivated; id = 501413692
Error: error_code = 30; This profile is private; id = 4556636
Error: error_code = 30; This profile is private; id = 2191839
Error: error_code = 15; Access denied: user deactivated; id = 606548064
Error: error_code = 30; This profile is private; id = 581287401
Error: error_code = 30; This profile is private; id = 706788571
Error: error_code = 30; This profile is private; id = 13958877
Error: error_code = 30; This profile is private; id = 491532620
Error: error_code = 30; This profile is private; id = 137994243
Error: error_code = 30; This profile is private; id = 21262818
Error: error_code = 30; This profile is private; id = 93268547
Error: error_code = 15; Access denied: user deactivated; id = 244706941
Error: error_code = 30; This profile is private; id = 234633548
Error: error_code = 15; Access denied: user deactivated; id = 231715952
Error: error_code = 15; Access denied: user deactivated; id = 715102295
Error: error_code = 30; This profile is private; id = 140452914
Error: error_code = 30; This profile is private; id = 528099959
Error: error_code = 30; This profile is private; id = 178704144
Error: error_code = 30; This profile is private; id = 349447332
Error: error_code = 30; This profile is private; id = 621085961
Error: error_code = 30; This profile is private; id = 661772272
Error: error_code = 30; This profile is private; id = 72852220
Error: error_code = 30; This profile is private; id = 656295082
Error: error_code = 30; This profile is private; id = 689341728
Error: error_code = 30; This profile is private; id = 530112773
Error: error_code = 30; This profile is private; id = 575939053
Error: error_code = 30; This profile is private; id = 710363424
Error: error_code = 30; This profile is private; id = 697169264
Error: error_code = 30; This profile is private; id = 483318263
Error: error_code = 15; Access denied: user deactivated; id = 351990917
Error: error_code = 30; This profile is private; id = 102008362
Error: error_code = 30; This profile is private; id = 255126
Error: error_code = 15; Access denied: user deactivated; id = 121659744
Error: error_code = 15; Access denied: user deactivated; id = 399110385
Error: error_code = 15; Access denied: user deactivated; id = 396099702
Error: error_code = 15; Access denied: user deactivated; id = 58843607
Error: error_code = 30; This profile is private; id = 662038345
Error: error_code = 30; This profile is private; id = 249640474
Error: error_code = 30; This profile is private; id = 139291056
Error: error_code = 30; This profile is private; id = 208200435
Error: error_code = 30; This profile is private; id = 194389427
Error: error_code = 30; This profile is private; id = 27685645
Error: error_code = 15; Access denied: user deactivated; id = 157297352
Error: error_code = 30; This profile is private; id = 149048160
Error: error_code = 30; This profile is private; id = 365305118
Error: error_code = 30; This profile is private; id = 434467212
Error: error_code = 30; This profile is private; id = 624632632
Error: error_code = 30; This profile is private; id = 238280830
Error: error_code = 30; This profile is private; id = 227273270
Error: error_code = 30; This profile is private; id = 324671475
Error: error_code = 15; Access denied: user deactivated; id = 702250505
Error: error_code = 30; This profile is private; id = 46237783
Error: error_code = 15; Access denied: user deactivated; id = 548776837
Error: error_code = 15; Access denied: user deactivated; id = 134689718
Error: error_code = 30; This profile is private; id = 273997059
Error: error_code = 30; This profile is private; id = 652217904
Error: error_code = 30; This profile is private; id = 236684416
Error: error_code = 30; This profile is private; id = 570647707
Error: error_code = 30; This profile is private; id = 318067250
Error: error_code = 30; This profile is private; id = 229556141
Error: error_code = 15; Access denied: user deactivated; id = 428907114
Error: error_code = 15; Access denied: user deactivated; id = 310574359
Error: error_code = 30; This profile is private; id = 606457165
Error: error_code = 15; Access denied: user deactivated; id = 460273680
Error: error_code = 15; Access denied: user deactivated; id = 581660808
Error: error_code = 30; This profile is private; id = 533659064
Error: error_code = 15; Access denied: user deactivated; id = 558610916
Error: error_code = 15; Access denied: user deactivated; id = 537903395
Error: error_code = 15; Access denied: user deactivated; id = 172145821
Error: error_code = 15; Access denied: user deactivated; id = 396931993
Error: error_code = 30; This profile is private; id = 161544798
Error: error_code = 30; This profile is private; id = 456221173
Error: error_code = 30; This profile is private; id = 703262707
Error: error_code = 30; This profile is private; id = 150929105
Error: error_code = 30; This profile is private; id = 706287136
Error: error_code = 30; This profile is private; id = 569561002
Error: error_code = 30; This profile is private; id = 633749024
Error: error_code = 15; Access denied: user deactivated; id = 353146503
Error: error_code = 15; Access denied: user deactivated; id = 50201448
Error: error_code = 15; Access denied: user deactivated; id = 516657735
Error: error_code = 30; This profile is private; id = 111873619
Error: error_code = 30; This profile is private; id = 534992296
Error: error_code = 30; This profile is private; id = 11136395
Error: error_code = 15; Access denied: user deactivated; id = 258892444
Error: error_code = 30; This profile is private; id = 34814724
Error: error_code = 15; Access denied: user deactivated; id = 514296700
Error: error_code = 30; This profile is private; id = 344746981
Error: error_code = 30; This profile is private; id = 87507004
Error: error_code = 30; This profile is private; id = 681590045
Error: error_code = 15; Access denied: user deactivated; id = 178761637
Error: error_code = 15; Access denied: user deactivated; id = 1766427
Error: error_code = 30; This profile is private; id = 3888502
Error: error_code = 15; Access denied: user deactivated; id = 544653695
Error: error_code = 30; This profile is private; id = 278094428
Error: error_code = 30; This profile is private; id = 205424289
Error: error_code = 30; This profile is private; id = 162833251
Error: error_code = 30; This profile is private; id = 547208115
Error: error_code = 15; Access denied: user deactivated; id = 231803002
Error: error_code = 30; This profile is private; id = 190824168
Error: error_code = 30; This profile is private; id = 564589827
Error: error_code = 30; This profile is private; id = 283908659
Error: error_code = 30; This profile is private; id = 586302844
Error: error_code = 30; This profile is private; id = 4515439
Error: error_code = 30; This profile is private; id = 341851128
Error: error_code = 30; This profile is private; id = 317576720
Error: error_code = 15; Access denied: user deactivated; id = 503229397
Error: error_code = 30; This profile is private; id = 263934048
Error: error_code = 30; This profile is private; id = 663804785
Error: error_code = 30; This profile is private; id = 66376579
Error: error_code = 15; Access denied: user deactivated; id = 302970599
Error: error_code = 15; Access denied: user deactivated; id = 215289899
Error: error_code = 30; This profile is private; id = 705133990
Error: error_code = 15; Access denied: user deactivated; id = 672846029
Error: error_code = 30; This profile is private; id = 241666944
Error: error_code = 30; This profile is private; id = 351239406
Error: error_code = 15; Access denied: user deactivated; id = 183024395
Error: error_code = 30; This profile is private; id = 56787997
Error: error_code = 30; This profile is private; id = 629099035
Error: error_code = 15; Access denied: user deactivated; id = 277121832
Error: error_code = 30; This profile is private; id = 594992551
Error: error_code = 15; Access denied: user deactivated; id = 373785415
Error: error_code = 30; This profile is private; id = 532772733
Error: error_code = 30; This profile is private; id = 61530405
Error: error_code = 15; Access denied: user deactivated; id = 348849568
Error: error_code = 30; This profile is private; id = 446498973
Error: error_code = 15; Access denied: user deactivated; id = 442531101
Error: error_code = 30; This profile is private; id = 320648443
Error: error_code = 30; This profile is private; id = 187782127
Error: error_code = 30; This profile is private; id = 619679949
Error: error_code = 30; This profile is private; id = 5014229
Error: error_code = 30; This profile is private; id = 666880149
Error: error_code = 30; This profile is private; id = 526015
Error: error_code = 15; Access denied: user deactivated; id = 24110950
Error: error_code = 30; This profile is private; id = 28979387
Error: error_code = 30; This profile is private; id = 651580847
Error: error_code = 30; This profile is private; id = 217078937
Error: error_code = 15; Access denied: user deactivated; id = 716955647
Error: error_code = 30; This profile is private; id = 8603182
Error: error_code = 15; Access denied: user deactivated; id = 233928516
Error: error_code = 15; Access denied: user deactivated; id = 513284291
Error: error_code = 30; This profile is private; id = 275267560
Error: error_code = 30; This profile is private; id = 273590333
Error: error_code = 15; Access denied: user deactivated; id = 217165827
Error: error_code = 30; This profile is private; id = 214861897
Error: error_code = 15; Access denied: user deactivated; id = 370325397
Error: error_code = 15; Access denied: user deactivated; id = 418647711
Error: error_code = 15; Access denied: user deactivated; id = 713479403
Error: error_code = 15; Access denied: user deactivated; id = 663309836
Error: error_code = 15; Access denied: user deactivated; id = 365221457
Error: error_code = 30; This profile is private; id = 689193174
Error: error_code = 30; This profile is private; id = 441502680
Error: error_code = 30; This profile is private; id = 501817137
Error: error_code = 30; This profile is private; id = 546975129
Error: error_code = 15; Access denied: user deactivated; id = 348645138
Error: error_code = 30; This profile is private; id = 167888091
Error: error_code = 30; This profile is private; id = 60160393
Error: error_code = 30; This profile is private; id = 529627381
Error: error_code = 30; This profile is private; id = 518384161
Error: error_code = 30; This profile is private; id = 319376752
Error: error_code = 30; This profile is private; id = 62759013
Error: error_code = 30; This profile is private; id = 360192011
Error: error_code = 30; This profile is private; id = 284887728
Error: error_code = 30; This profile is private; id = 530908639
Error: error_code = 15; Access denied: user deactivated; id = 260494623
Error: error_code = 30; This profile is private; id = 332309370
Error: error_code = 15; Access denied: user deactivated; id = 367880476
Error: error_code = 15; Access denied: user deactivated; id = 206884402
Error: error_code = 15; Access denied: user deactivated; id = 78058757
Error: error_code = 15; Access denied: user deactivated; id = 102766334
Error: error_code = 30; This profile is private; id = 332378197
Error: error_code = 30; This profile is private; id = 706826408
Error: error_code = 30; This profile is private; id = 286056836
Error: error_code = 15; Access denied: user deactivated; id = 502872133
Error: error_code = 15; Access denied: user deactivated; id = 309363601
Error: error_code = 30; This profile is private; id = 128972178
Error: error_code = 30; This profile is private; id = 678506945
Error: error_code = 30; This profile is private; id = 225021987
Error: error_code = 30; This profile is private; id = 20382831
Error: error_code = 30; This profile is private; id = 28509852
Error: error_code = 30; This profile is private; id = 257502945
Error: error_code = 30; This profile is private; id = 539024492
Error: error_code = 30; This profile is private; id = 588856830
Error: error_code = 30; This profile is private; id = 72392331
Error: error_code = 30; This profile is private; id = 24050745
Error: error_code = 15; Access denied: user deactivated; id = 56115018
Error: error_code = 15; Access denied: user deactivated; id = 263081636
Error: error_code = 30; This profile is private; id = 587482288
Error: error_code = 30; This profile is private; id = 2694496
Error: error_code = 30; This profile is private; id = 65420372
Error: error_code = 30; This profile is private; id = 91347474
Error: error_code = 15; Access denied: user deactivated; id = 22211168
Error: error_code = 30; This profile is private; id = 342931125
Error: error_code = 30; This profile is private; id = 6379136
Error: error_code = 30; This profile is private; id = 184658289
Error: error_code = 15; Access denied: user deactivated; id = 41331534
Error: error_code = 30; This profile is private; id = 17446452
Error: error_code = 30; This profile is private; id = 597555361
Error: error_code = 30; This profile is private; id = 6393525
Error: error_code = 30; This profile is private; id = 236904617
Error: error_code = 15; Access denied: user deactivated; id = 425878923
Error: error_code = 15; Access denied: user deactivated; id = 229969831
Error: error_code = 15; Access denied: user deactivated; id = 154372206
Error: error_code = 15; Access denied: user deactivated; id = 72808777
Error: error_code = 15; Access denied: user deactivated; id = 441265222
Error: error_code = 30; This profile is private; id = 4769533
Error: error_code = 15; Access denied: user deactivated; id = 682201424
Error: error_code = 30; This profile is private; id = 671265322
Error: error_code = 30; This profile is private; id = 341217810
Error: error_code = 15; Access denied: user deactivated; id = 606705016
Error: error_code = 15; Access denied: user deactivated; id = 204533216
Error: error_code = 15; Access denied: user deactivated; id = 150380547
Error: error_code = 30; This profile is private; id = 378619278
Error: error_code = 30; This profile is private; id = 342193860
Error: error_code = 30; This profile is private; id = 164397566
Error: error_code = 15; Access denied: user deactivated; id = 422629942
Error: error_code = 30; This profile is private; id = 470522476
Error: error_code = 15; Access denied: user deactivated; id = 532577312
Error: error_code = 15; Access denied: user deactivated; id = 12701806
Error: error_code = 15; Access denied: user deactivated; id = 193388896
Error: error_code = 30; This profile is private; id = 26509302
Error: error_code = 30; This profile is private; id = 139544878
Error: error_code = 30; This profile is private; id = 267186747
Error: error_code = 30; This profile is private; id = 656447881
Error: error_code = 30; This profile is private; id = 94525207
Error: error_code = 30; This profile is private; id = 377208601
Error: error_code = 15; Access denied: user deactivated; id = 8822089
Error: error_code = 30; This profile is private; id = 574955180
Error: error_code = 30; This profile is private; id = 155242736
Error: error_code = 15; Access denied: user deactivated; id = 255034582
Error: error_code = 15; Access denied: user deactivated; id = 218874777
Error: error_code = 30; This profile is private; id = 658268676
Error: error_code = 15; Access denied: user deactivated; id = 249891804
Error: error_code = 30; This profile is private; id = 160401857
Error: error_code = 30; This profile is private; id = 526674285
Error: error_code = 15; Access denied: user deactivated; id = 704930440
Error: error_code = 15; Access denied: user deactivated; id = 223585587
Error: error_code = 30; This profile is private; id = 258099286
Error: error_code = 30; This profile is private; id = 528603852
Error: error_code = 30; This profile is private; id = 159877089
Error: error_code = 30; This profile is private; id = 588986920
Error: error_code = 15; Access denied: user deactivated; id = 473458520
Error: error_code = 30; This profile is private; id = 23448625
Error: error_code = 30; This profile is private; id = 312780724
Error: error_code = 30; This profile is private; id = 571679221
Error: error_code = 30; This profile is private; id = 8002242
Error: error_code = 30; This profile is private; id = 564132586
Error: error_code = 15; Access denied: user deactivated; id = 180704830
Error: error_code = 15; Access denied: user deactivated; id = 222398723
Error: error_code = 30; This profile is private; id = 152906389
Error: error_code = 30; This profile is private; id = 645397474
Error: error_code = 30; This profile is private; id = 280955552
Error: error_code = 30; This profile is private; id = 333219613
Error: error_code = 30; This profile is private; id = 134975395
Error: error_code = 30; This profile is private; id = 477747707
Error: error_code = 30; This profile is private; id = 375764186
Error: error_code = 30; This profile is private; id = 31897048
Error: error_code = 30; This profile is private; id = 237932666
Error: error_code = 15; Access denied: user deactivated; id = 71470081
Error: error_code = 30; This profile is private; id = 590963174
Error: error_code = 30; This profile is private; id = 173281003
Error: error_code = 30; This profile is private; id = 402397077
Error: error_code = 30; This profile is private; id = 217334372
Error: error_code = 15; Access denied: user deactivated; id = 677353136
Error: error_code = 30; This profile is private; id = 531834329
Error: error_code = 30; This profile is private; id = 596348632
Error: error_code = 15; Access denied: user deactivated; id = 217292777
Error: error_code = 30; This profile is private; id = 59290203
Error: error_code = 30; This profile is private; id = 586893714
Error: error_code = 30; This profile is private; id = 571138435
Error: error_code = 30; This profile is private; id = 3433619
Error: error_code = 30; This profile is private; id = 303965648
Error: error_code = 15; Access denied: user deactivated; id = 412909211
Error: error_code = 15; Access denied: user deactivated; id = 529358642
Error: error_code = 30; This profile is private; id = 24018204
Error: error_code = 15; Access denied: user deactivated; id = 551058490
Error: error_code = 30; This profile is private; id = 372940807
Error: error_code = 15; Access denied: user deactivated; id = 617666399
Error: error_code = 15; Access denied: user deactivated; id = 328807028
Error: error_code = 30; This profile is private; id = 653566227
Error: error_code = 15; Access denied: user deactivated; id = 225387554
Error: error_code = 30; This profile is private; id = 638003848
Error: error_code = 15; Access denied: user deactivated; id = 374416378
Error: error_code = 15; Access denied: user deactivated; id = 702861503
Error: error_code = 30; This profile is private; id = 133450104
Error: error_code = 30; This profile is private; id = 554592649
Error: error_code = 30; This profile is private; id = 594106451
Error: error_code = 30; This profile is private; id = 679685135
Error: error_code = 30; This profile is private; id = 708661953
Error: error_code = 30; This profile is private; id = 401915141
Error: error_code = 30; This profile is private; id = 447759940
Error: error_code = 30; This profile is private; id = 34174354
Error: error_code = 30; This profile is private; id = 466416702
Error: error_code = 30; This profile is private; id = 163267106
Error: error_code = 15; Access denied: user deactivated; id = 104336000
Error: error_code = 30; This profile is private; id = 8642891
Error: error_code = 15; Access denied: user deactivated; id = 35225567
Error: error_code = 30; This profile is private; id = 161031829
Error: error_code = 15; Access denied: user deactivated; id = 332003302
Error: error_code = 30; This profile is private; id = 713859838
Error: error_code = 30; This profile is private; id = 4351748
Error: error_code = 30; This profile is private; id = 240155808
Error: error_code = 30; This profile is private; id = 542532573
Error: error_code = 30; This profile is private; id = 358139492
Error: error_code = 30; This profile is private; id = 147909041
Error: error_code = 30; This profile is private; id = 80823832
Error: error_code = 30; This profile is private; id = 199321358
Error: error_code = 15; Access denied: user deactivated; id = 412472481
Error: error_code = 30; This profile is private; id = 613036563
Error: error_code = 30; This profile is private; id = 423978868
Error: error_code = 15; Access denied: user deactivated; id = 443450886
Error: error_code = 30; This profile is private; id = 611415519
Error: error_code = 30; This profile is private; id = 563661983
Error: error_code = 30; This profile is private; id = 266734321
Error: error_code = 15; Access denied: user deactivated; id = 533266987
Error: error_code = 30; This profile is private; id = 536811218
Error: error_code = 30; This profile is private; id = 351414898
Error: error_code = 30; This profile is private; id = 676898998
Error: error_code = 15; Access denied: user deactivated; id = 389450325
Error: error_code = 30; This profile is private; id = 617864674
Error: error_code = 30; This profile is private; id = 715746597
Error: error_code = 15; Access denied: user deactivated; id = 247204259
Error: error_code = 15; Access denied: user deactivated; id = 223083746
Error: error_code = 30; This profile is private; id = 495924782
Error: error_code = 30; This profile is private; id = 672751529
Error: error_code = 15; Access denied: user deactivated; id = 192793346
Error: error_code = 30; This profile is private; id = 306161368
Error: error_code = 30; This profile is private; id = 51606125
Error: error_code = 30; This profile is private; id = 508976713
Error: error_code = 15; Access denied: user deactivated; id = 133329701
Error: error_code = 30; This profile is private; id = 43027018
Error: error_code = 30; This profile is private; id = 78314707
Error: error_code = 30; This profile is private; id = 36911613
Error: error_code = 30; This profile is private; id = 415145173
Error: error_code = 30; This profile is private; id = 186087026
Error: error_code = 15; Access denied: user deactivated; id = 464224316
Error: error_code = 30; This profile is private; id = 582045257
Error: error_code = 15; Access denied: user deactivated; id = 18711586
Error: error_code = 15; Access denied: user deactivated; id = 247088405
Error: error_code = 15; Access denied: user deactivated; id = 208372965
Error: error_code = 30; This profile is private; id = 53214245
Error: error_code = 30; This profile is private; id = 345382924
Error: error_code = 30; This profile is private; id = 348126996
Error: error_code = 30; This profile is private; id = 470121050
Error: error_code = 15; Access denied: user deactivated; id = 432053494
Error: error_code = 15; Access denied: user deactivated; id = 17793640
Error: error_code = 30; This profile is private; id = 195023703
Error: error_code = 30; This profile is private; id = 88813189
Error: error_code = 30; This profile is private; id = 470437142
Error: error_code = 30; This profile is private; id = 402979902
Error: error_code = 30; This profile is private; id = 435094623
Error: error_code = 30; This profile is private; id = 505640712
Error: error_code = 15; Access denied: user deactivated; id = 174835430
Error: error_code = 30; This profile is private; id = 115762265
Error: error_code = 15; Access denied: user deactivated; id = 216976275
Error: error_code = 15; Access denied: user deactivated; id = 714826924
Error: error_code = 30; This profile is private; id = 427139702
Error: error_code = 30; This profile is private; id = 58233380
Error: error_code = 30; This profile is private; id = 23288634
Error: error_code = 30; This profile is private; id = 503096713
Error: error_code = 30; This profile is private; id = 578576766
Error: error_code = 30; This profile is private; id = 597160347
Error: error_code = 30; This profile is private; id = 690160024
Error: error_code = 15; Access denied: user deactivated; id = 495339943
Error: error_code = 30; This profile is private; id = 16246028
Error: error_code = 30; This profile is private; id = 92169680
Error: error_code = 30; This profile is private; id = 413746152
Error: error_code = 30; This profile is private; id = 478386708
Error: error_code = 30; This profile is private; id = 46720702
Error: error_code = 30; This profile is private; id = 705180532
Error: error_code = 30; This profile is private; id = 352988240
Error: error_code = 30; This profile is private; id = 271183359
Error: error_code = 30; This profile is private; id = 41851364
Error: error_code = 30; This profile is private; id = 325587526
Error: error_code = 30; This profile is private; id = 311157403
Error: error_code = 30; This profile is private; id = 669122798
Error: error_code = 30; This profile is private; id = 359904907
Error: error_code = 30; This profile is private; id = 535568641
Error: error_code = 15; Access denied: user deactivated; id = 540434027
Error: error_code = 15; Access denied: user deactivated; id = 337937451
Error: error_code = 30; This profile is private; id = 619266303
Error: error_code = 30; This profile is private; id = 691205263
Error: error_code = 15; Access denied: user deactivated; id = 467539769
Error: error_code = 30; This profile is private; id = 151250503
Error: error_code = 30; This profile is private; id = 395456907
Error: error_code = 30; This profile is private; id = 396498840
Error: error_code = 15; Access denied: user deactivated; id = 267055761
Error: error_code = 30; This profile is private; id = 642643814
Error: error_code = 30; This profile is private; id = 534502799
Error: error_code = 30; This profile is private; id = 591136834
Error: error_code = 15; Access denied: user deactivated; id = 431953153
Error: error_code = 15; Access denied: user deactivated; id = 348515236
Error: error_code = 30; This profile is private; id = 494877639
Error: error_code = 30; This profile is private; id = 196907808
Error: error_code = 30; This profile is private; id = 716099536
Error: error_code = 30; This profile is private; id = 411014133
Error: error_code = 30; This profile is private; id = 644534392
Error: error_code = 30; This profile is private; id = 608356540
Error: error_code = 30; This profile is private; id = 672862200
Error: error_code = 15; Access denied: user deactivated; id = 425506947
Error: error_code = 30; This profile is private; id = 155402402
Error: error_code = 15; Access denied: user deactivated; id = 225394801
Error: error_code = 30; This profile is private; id = 212368698
Error: error_code = 30; This profile is private; id = 546293806
Error: error_code = 15; Access denied: user deactivated; id = 359868277
Error: error_code = 30; This profile is private; id = 5043287
Error: error_code = 30; This profile is private; id = 28545903
Error: error_code = 15; Access denied: user deactivated; id = 437139655
Error: error_code = 30; This profile is private; id = 16909973
Error: error_code = 30; This profile is private; id = 202001295
Error: error_code = 15; Access denied: user deactivated; id = 700663559
Error: error_code = 15; Access denied: user deactivated; id = 456862159
Error: error_code = 30; This profile is private; id = 146431974
Error: error_code = 30; This profile is private; id = 686988118
Error: error_code = 30; This profile is private; id = 245442481
Error: error_code = 30; This profile is private; id = 26987209
Error: error_code = 15; Access denied: user deactivated; id = 666646320
Error: error_code = 30; This profile is private; id = 622333398
Error: error_code = 30; This profile is private; id = 259808801
Error: error_code = 30; This profile is private; id = 152823159
Error: error_code = 30; This profile is private; id = 6079022
Error: error_code = 15; Access denied: user deactivated; id = 244027606
Error: error_code = 30; This profile is private; id = 288932852
Error: error_code = 30; This profile is private; id = 24675980
Error: error_code = 30; This profile is private; id = 655876282
Error: error_code = 30; This profile is private; id = 433181360
Error: error_code = 30; This profile is private; id = 73524122
Error: error_code = 30; This profile is private; id = 218055736
Error: error_code = 30; This profile is private; id = 16012553
Error: error_code = 30; This profile is private; id = 148043937
Error: error_code = 30; This profile is private; id = 111342667
Error: error_code = 30; This profile is private; id = 154287705
Error: error_code = 30; This profile is private; id = 85040224
Error: error_code = 30; This profile is private; id = 543622808
Error: error_code = 15; Access denied: user deactivated; id = 206493811
Error: error_code = 15; Access denied: user deactivated; id = 202947983
Error: error_code = 15; Access denied: user deactivated; id = 340709288
Error: error_code = 30; This profile is private; id = 132162271
Error: error_code = 15; Access denied: user deactivated; id = 416879222
Error: error_code = 30; This profile is private; id = 674889994
Error: error_code = 30; This profile is private; id = 2869391
Error: error_code = 15; Access denied: user deactivated; id = 206532052
Error: error_code = 15; Access denied: user deactivated; id = 363389240
Error: error_code = 30; This profile is private; id = 679235187
Error: error_code = 15; Access denied: user deactivated; id = 350664624
Error: error_code = 30; This profile is private; id = 467120009
Error: error_code = 30; This profile is private; id = 36659159
Error: error_code = 15; Access denied: user deactivated; id = 69733591
Error: error_code = 30; This profile is private; id = 713662052
Error: error_code = 15; Access denied: user deactivated; id = 698410280
Error: error_code = 15; Access denied: user deactivated; id = 426624859
Error: error_code = 30; This profile is private; id = 589904619
Error: error_code = 15; Access denied: user deactivated; id = 283903851
Error: error_code = 15; Access denied: user deactivated; id = 490505443
Error: error_code = 30; This profile is private; id = 268801570
Error: error_code = 15; Access denied: user deactivated; id = 310398639
Error: error_code = 15; Access denied: user deactivated; id = 451181651
Error: error_code = 30; This profile is private; id = 177951139
Error: error_code = 30; This profile is private; id = 676019869
Error: error_code = 15; Access denied: user deactivated; id = 151866040
Error: error_code = 30; This profile is private; id = 49849958
Error: error_code = 15; Access denied: user deactivated; id = 461630563
Error: error_code = 30; This profile is private; id = 422563528
Error: error_code = 30; This profile is private; id = 8010324
Error: error_code = 15; Access denied: user deactivated; id = 264492294
Error: error_code = 15; Access denied: user deactivated; id = 367890501
Error: error_code = 30; This profile is private; id = 510092998
Error: error_code = 30; This profile is private; id = 4880656
Error: error_code = 15; Access denied: user deactivated; id = 442698051
Error: error_code = 15; Access denied: user deactivated; id = 485263294
Error: error_code = 30; This profile is private; id = 21564717
Error: error_code = 30; This profile is private; id = 104836976
Error: error_code = 30; This profile is private; id = 483872873
Error: error_code = 30; This profile is private; id = 515239437
Error: error_code = 30; This profile is private; id = 189284899
Error: error_code = 30; This profile is private; id = 687622664
Error: error_code = 30; This profile is private; id = 611596024
Error: error_code = 30; This profile is private; id = 157185984
Error: error_code = 30; This profile is private; id = 25603306
Error: error_code = 15; Access denied: user deactivated; id = 30441422
Error: error_code = 15; Access denied: user deactivated; id = 65368203
Error: error_code = 15; Access denied: user deactivated; id = 427277076
Error: error_code = 15; Access denied: user deactivated; id = 254500126
Error: error_code = 30; This profile is private; id = 199960308
Error: error_code = 30; This profile is private; id = 701645029
Error: error_code = 30; This profile is private; id = 33469604
Error: error_code = 15; Access denied: user deactivated; id = 454090883
Error: error_code = 30; This profile is private; id = 635403100
Error: error_code = 30; This profile is private; id = 239414693
Error: error_code = 30; This profile is private; id = 603936718
Error: error_code = 30; This profile is private; id = 631518095
Error: error_code = 15; Access denied: user deactivated; id = 154890421
Error: error_code = 30; This profile is private; id = 254594490
Error: error_code = 30; This profile is private; id = 179057166
Error: error_code = 30; This profile is private; id = 190555401
Error: error_code = 15; Access denied: user deactivated; id = 221397057
Error: error_code = 15; Access denied: user deactivated; id = 148354488
Error: error_code = 30; This profile is private; id = 589673300
Error: error_code = 15; Access denied: user deactivated; id = 187962087
Error: error_code = 15; Access denied: user deactivated; id = 279264840
Error: error_code = 30; This profile is private; id = 337277220
Error: error_code = 15; Access denied: user deactivated; id = 172445124
Error: error_code = 30; This profile is private; id = 30232263
Error: error_code = 15; Access denied: user deactivated; id = 700706994
Error: error_code = 30; This profile is private; id = 42616372
Error: error_code = 15; Access denied: user deactivated; id = 412555909
Error: error_code = 15; Access denied: user deactivated; id = 527913446
Error: error_code = 30; This profile is private; id = 697851873
Error: error_code = 30; This profile is private; id = 10549124
Error: error_code = 15; Access denied: user deactivated; id = 537400006
Error: error_code = 15; Access denied: user deactivated; id = 282216545
Error: error_code = 30; This profile is private; id = 11612925
Error: error_code = 15; Access denied: user deactivated; id = 470516320
Error: error_code = 15; Access denied: user deactivated; id = 621971441
Error: error_code = 15; Access denied: user deactivated; id = 396338998
Error: error_code = 15; Access denied: user deactivated; id = 204076494
Error: error_code = 15; Access denied: user deactivated; id = 521929443
Error: error_code = 30; This profile is private; id = 704470788
Error: error_code = 30; This profile is private; id = 28415559
Error: error_code = 15; Access denied: user deactivated; id = 206112975
Error: error_code = 15; Access denied: user deactivated; id = 279926087
Error: error_code = 30; This profile is private; id = 581634015
Error: error_code = 30; This profile is private; id = 338041491
Error: error_code = 15; Access denied: user deactivated; id = 838950
Error: error_code = 15; Access denied: user deactivated; id = 267679427
Error: error_code = 30; This profile is private; id = 525640171
Error: error_code = 30; This profile is private; id = 514857112
Error: error_code = 30; This profile is private; id = 614682192
Error: error_code = 15; Access denied: user deactivated; id = 241278506
Error: error_code = 15; Access denied: user deactivated; id = 226828297
Error: error_code = 15; Access denied: user deactivated; id = 218039751
Error: error_code = 30; This profile is private; id = 163704973
Error: error_code = 30; This profile is private; id = 446263084
Error: error_code = 15; Access denied: user deactivated; id = 154061977
Error: error_code = 15; Access denied: user deactivated; id = 132304367
Error: error_code = 30; This profile is private; id = 376706166
Error: error_code = 30; This profile is private; id = 61434440
Error: error_code = 30; This profile is private; id = 442711353
Error: error_code = 30; This profile is private; id = 638108848
Error: error_code = 30; This profile is private; id = 6746020
Error: error_code = 15; Access denied: user deactivated; id = 372219354
Error: error_code = 15; Access denied: user deactivated; id = 715002652
Error: error_code = 30; This profile is private; id = 651893464
Error: error_code = 30; This profile is private; id = 642311963
Error: error_code = 15; Access denied: user deactivated; id = 445819494
Error: error_code = 15; Access denied: user deactivated; id = 308969304
Error: error_code = 15; Access denied: user deactivated; id = 474321535
Error: error_code = 15; Access denied: user deactivated; id = 499779166
Error: error_code = 30; This profile is private; id = 460358010
Error: error_code = 30; This profile is private; id = 66348179
Error: error_code = 30; This profile is private; id = 505503960
Error: error_code = 30; This profile is private; id = 184376863
Error: error_code = 15; Access denied: user deactivated; id = 534773571
Error: error_code = 30; This profile is private; id = 132247300
Error: error_code = 15; Access denied: user deactivated; id = 206450201
Error: error_code = 15; Access denied: user deactivated; id = 305111682
Error: error_code = 30; This profile is private; id = 188356388
Error: error_code = 15; Access denied: user deactivated; id = 609348131
Error: error_code = 15; Access denied: user deactivated; id = 432068771
Error: error_code = 30; This profile is private; id = 391738947
Error: error_code = 30; This profile is private; id = 411551711
Error: error_code = 15; Access denied: user deactivated; id = 224617556
Error: error_code = 15; Access denied: user deactivated; id = 544034004
Error: error_code = 30; This profile is private; id = 367126938
Error: error_code = 15; Access denied: user deactivated; id = 401585097
Error: error_code = 15; Access denied: user deactivated; id = 425268462
Error: error_code = 30; This profile is private; id = 313217929
Error: error_code = 15; Access denied: user deactivated; id = 287023622
Error: error_code = 30; This profile is private; id = 285150971
Error: error_code = 30; This profile is private; id = 214903034
Error: error_code = 30; This profile is private; id = 376324562
Error: error_code = 15; Access denied: user deactivated; id = 503924685
Error: error_code = 30; This profile is private; id = 565712332
Error: error_code = 30; This profile is private; id = 99171351
Error: error_code = 15; Access denied: user deactivated; id = 699891378
Error: error_code = 30; This profile is private; id = 268408023
Error: error_code = 30; This profile is private; id = 561227861
Error: error_code = 30; This profile is private; id = 264370928
Error: error_code = 15; Access denied: user deactivated; id = 396361683
Error: error_code = 30; This profile is private; id = 517258
Error: error_code = 30; This profile is private; id = 360000967
Error: error_code = 30; This profile is private; id = 471184404
Error: error_code = 30; This profile is private; id = 700938206
Error: error_code = 15; Access denied: user deactivated; id = 394639684
Error: error_code = 30; This profile is private; id = 370559892
Error: error_code = 15; Access denied: user deactivated; id = 294872938
Error: error_code = 30; This profile is private; id = 246876361
Error: error_code = 30; This profile is private; id = 9528251
Error: error_code = 30; This profile is private; id = 156273261
Error: error_code = 15; Access denied: user deactivated; id = 689352940
Error: error_code = 30; This profile is private; id = 306286478
Error: error_code = 30; This profile is private; id = 193073968
Error: error_code = 30; This profile is private; id = 242977320
Error: error_code = 30; This profile is private; id = 37135644
Error: error_code = 30; This profile is private; id = 613449031
Error: error_code = 15; Access denied: user deactivated; id = 443230555
Error: error_code = 30; This profile is private; id = 698624496
Error: error_code = 15; Access denied: user deactivated; id = 445266374
Error: error_code = 30; This profile is private; id = 135163340
Error: error_code = 30; This profile is private; id = 50668658
Error: error_code = 30; This profile is private; id = 231587191
Error: error_code = 15; Access denied: user deactivated; id = 706816591
Error: error_code = 15; Access denied: user deactivated; id = 421769504
Error: error_code = 15; Access denied: user deactivated; id = 491238407
Error: error_code = 30; This profile is private; id = 314190037
Error: error_code = 15; Access denied: user deactivated; id = 331195024
Error: error_code = 30; This profile is private; id = 350817416
Error: error_code = 15; Access denied: user deactivated; id = 299902626
Error: error_code = 30; This profile is private; id = 188408777
Error: error_code = 30; This profile is private; id = 637412754
Error: error_code = 15; Access denied: user deactivated; id = 95857421
Error: error_code = 15; Access denied: user deactivated; id = 666246394
Error: error_code = 30; This profile is private; id = 161819466
Error: error_code = 30; This profile is private; id = 717400061
Error: error_code = 30; This profile is private; id = 336620063
Error: error_code = 30; This profile is private; id = 640911536
Error: error_code = 30; This profile is private; id = 664293310
Error: error_code = 15; Access denied: user deactivated; id = 656647222
Error: error_code = 30; This profile is private; id = 541594997
Error: error_code = 30; This profile is private; id = 282761264
Error: error_code = 30; This profile is private; id = 297629927
Error: error_code = 15; Access denied: user deactivated; id = 271296799
Error: error_code = 30; This profile is private; id = 306303865
Error: error_code = 15; Access denied: user deactivated; id = 433606825
Error: error_code = 30; This profile is private; id = 325324721
Error: error_code = 30; This profile is private; id = 602325662
Error: error_code = 30; This profile is private; id = 362519748
Error: error_code = 15; Access denied: user deactivated; id = 383109674
Error: error_code = 30; This profile is private; id = 647496533
Error: error_code = 30; This profile is private; id = 616023930
Error: error_code = 15; Access denied: user deactivated; id = 69977638
Error: error_code = 30; This profile is private; id = 21528403
Error: error_code = 30; This profile is private; id = 98036185
Error: error_code = 30; This profile is private; id = 441946397
Error: error_code = 15; Access denied: user deactivated; id = 55712338
Error: error_code = 30; This profile is private; id = 661231692
Error: error_code = 30; This profile is private; id = 78740728
Error: error_code = 30; This profile is private; id = 4681212
Error: error_code = 15; Access denied: user deactivated; id = 558732134
Error: error_code = 15; Access denied: user deactivated; id = 705639504
Error: error_code = 15; Access denied: user deactivated; id = 215963056
Error: error_code = 30; This profile is private; id = 248995569
Error: error_code = 30; This profile is private; id = 449980822
Error: error_code = 30; This profile is private; id = 520873559
Error: error_code = 30; This profile is private; id = 294279811
Error: error_code = 30; This profile is private; id = 229486186
Error: error_code = 15; Access denied: user deactivated; id = 333920134
Error: error_code = 30; This profile is private; id = 550750203
Error: error_code = 15; Access denied: user deactivated; id = 135789039
Error: error_code = 30; This profile is private; id = 510385607
Error: error_code = 15; Access denied: user deactivated; id = 402542394
Error: error_code = 30; This profile is private; id = 16204885
Error: error_code = 30; This profile is private; id = 271586374
Error: error_code = 30; This profile is private; id = 526469965
Error: error_code = 30; This profile is private; id = 19885587
Error: error_code = 30; This profile is private; id = 286921225
Error: error_code = 30; This profile is private; id = 240290567
Error: error_code = 30; This profile is private; id = 195879142
Error: error_code = 30; This profile is private; id = 496641813
Error: error_code = 30; This profile is private; id = 560581190
Error: error_code = 30; This profile is private; id = 481095230
Error: error_code = 30; This profile is private; id = 76870395
Error: error_code = 15; Access denied: user deactivated; id = 305758518
Error: error_code = 15; Access denied: user deactivated; id = 243250538
Error: error_code = 30; This profile is private; id = 389396865
Error: error_code = 15; Access denied: user deactivated; id = 89562875
Error: error_code = 15; Access denied: user deactivated; id = 542724918
Error: error_code = 30; This profile is private; id = 19498770
Error: error_code = 30; This profile is private; id = 164038025
Error: error_code = 30; This profile is private; id = 16839873
Error: error_code = 30; This profile is private; id = 5194548
Error: error_code = 15; Access denied: user deactivated; id = 319575808
Error: error_code = 15; Access denied: user deactivated; id = 229037938
Error: error_code = 30; This profile is private; id = 237650799
Error: error_code = 30; This profile is private; id = 36354643
Error: error_code = 15; Access denied: user deactivated; id = 22504342
Error: error_code = 15; Access denied: user deactivated; id = 11012622
Error: error_code = 15; Access denied: user deactivated; id = 259167781
Error: error_code = 30; This profile is private; id = 431
Error: error_code = 30; This profile is private; id = 711248670
Error: error_code = 30; This profile is private; id = 480594572
Error: error_code = 15; Access denied: user deactivated; id = 715140616
Error: error_code = 30; This profile is private; id = 133619844
Error: error_code = 15; Access denied: user deactivated; id = 143597566
Error: error_code = 15; Access denied: user deactivated; id = 235851522
Error: error_code = 15; Access denied: user deactivated; id = 654194692
Error: error_code = 30; This profile is private; id = 328089192
Error: error_code = 30; This profile is private; id = 370229433
Error: error_code = 30; This profile is private; id = 151126913
Error: error_code = 15; Access denied: user deactivated; id = 207991966
Error: error_code = 30; This profile is private; id = 506667424
Error: error_code = 15; Access denied: user deactivated; id = 201829614
Error: error_code = 15; Access denied: user deactivated; id = 282105783
Error: error_code = 30; This profile is private; id = 12624361
Error: error_code = 30; This profile is private; id = 308644741
Error: error_code = 15; Access denied: user deactivated; id = 377884833
Error: error_code = 15; Access denied: user deactivated; id = 400410570
Error: error_code = 30; This profile is private; id = 143311933
Error: error_code = 30; This profile is private; id = 514040910
Error: error_code = 30; This profile is private; id = 325018484
Error: error_code = 15; Access denied: user deactivated; id = 136448132
Error: error_code = 30; This profile is private; id = 593588730
Error: error_code = 30; This profile is private; id = 375692909
Error: error_code = 30; This profile is private; id = 180377202
Error: error_code = 30; This profile is private; id = 15249805
Error: error_code = 30; This profile is private; id = 310590277
Error: error_code = 30; This profile is private; id = 372702751
Error: error_code = 15; Access denied: user deactivated; id = 180104340
Error: error_code = 30; This profile is private; id = 22152450
Error: error_code = 15; Access denied: user deactivated; id = 196768852
Error: error_code = 30; This profile is private; id = 223925738
Error: error_code = 30; This profile is private; id = 354232300
Error: error_code = 30; This profile is private; id = 526608393
Error: error_code = 15; Access denied: user deactivated; id = 174493622
Error: error_code = 15; Access denied: user deactivated; id = 485631159
Error: error_code = 15; Access denied: user deactivated; id = 192899246
Error: error_code = 15; Access denied: user deactivated; id = 227308774
Error: error_code = 30; This profile is private; id = 662401439
Error: error_code = 30; This profile is private; id = 215184408
Error: error_code = 30; This profile is private; id = 535651112
Error: error_code = 15; Access denied: user deactivated; id = 459230797
Error: error_code = 30; This profile is private; id = 575784783
Error: error_code = 15; Access denied: user deactivated; id = 420426086
Error: error_code = 30; This profile is private; id = 10319945
Error: error_code = 15; Access denied: user deactivated; id = 682035132
Error: error_code = 15; Access denied: user deactivated; id = 458137561
Error: error_code = 30; This profile is private; id = 3266135
Error: error_code = 30; This profile is private; id = 317540108
Error: error_code = 15; Access denied: user deactivated; id = 180534730
Error: error_code = 15; Access denied: user deactivated; id = 338287700
Error: error_code = 15; Access denied: user deactivated; id = 252603982
Error: error_code = 15; Access denied: user deactivated; id = 136204013
Error: error_code = 30; This profile is private; id = 311002020
Error: error_code = 30; This profile is private; id = 140251863
Error: error_code = 30; This profile is private; id = 534399307
Error: error_code = 15; Access denied: user deactivated; id = 159707376
Error: error_code = 30; This profile is private; id = 569334084
Error: error_code = 15; Access denied: user deactivated; id = 548489964
Error: error_code = 30; This profile is private; id = 363173764
Error: error_code = 30; This profile is private; id = 175185820
Error: error_code = 30; This profile is private; id = 587721367
Error: error_code = 30; This profile is private; id = 371156168
Error: error_code = 30; This profile is private; id = 351593897
Error: error_code = 30; This profile is private; id = 370871153
Error: error_code = 30; This profile is private; id = 158035857
Error: error_code = 15; Access denied: user deactivated; id = 278495908
Error: error_code = 15; Access denied: user deactivated; id = 552966275
Error: error_code = 30; This profile is private; id = 171589634
Error: error_code = 30; This profile is private; id = 683896856
Error: error_code = 30; This profile is private; id = 363124168
Error: error_code = 15; Access denied: user deactivated; id = 574145860
Error: error_code = 15; Access denied: user deactivated; id = 313810565
Error: error_code = 15; Access denied: user deactivated; id = 25400598
Error: error_code = 30; This profile is private; id = 211413630
Error: error_code = 30; This profile is private; id = 333745840
Error: error_code = 30; This profile is private; id = 301458794
Error: error_code = 15; Access denied: user deactivated; id = 410535792
Error: error_code = 30; This profile is private; id = 507917225
Error: error_code = 30; This profile is private; id = 510829676
Error: error_code = 30; This profile is private; id = 323961737
Error: error_code = 30; This profile is private; id = 623781924
Error: error_code = 30; This profile is private; id = 283273178
Error: error_code = 30; This profile is private; id = 3128372
Error: error_code = 30; This profile is private; id = 681339154
Error: error_code = 30; This profile is private; id = 307206263
Error: error_code = 15; Access denied: user deactivated; id = 502853115
Error: error_code = 30; This profile is private; id = 537451302
Error: error_code = 15; Access denied: user deactivated; id = 640406531
Error: error_code = 30; This profile is private; id = 338748500
Error: error_code = 30; This profile is private; id = 80260889
Error: error_code = 30; This profile is private; id = 613200595
Error: error_code = 30; This profile is private; id = 131591959
Error: error_code = 30; This profile is private; id = 195487641
Error: error_code = 30; This profile is private; id = 653507288
Error: error_code = 30; This profile is private; id = 102996066
Error: error_code = 30; This profile is private; id = 458046912
Error: error_code = 30; This profile is private; id = 171114373
Error: error_code = 30; This profile is private; id = 3826495
Error: error_code = 30; This profile is private; id = 380699908
Error: error_code = 30; This profile is private; id = 517326928
Error: error_code = 30; This profile is private; id = 370126282
Error: error_code = 30; This profile is private; id = 28731584
Error: error_code = 15; Access denied: user deactivated; id = 296339947
Error: error_code = 30; This profile is private; id = 310080050
Error: error_code = 15; Access denied: user deactivated; id = 268451075
Error: error_code = 30; This profile is private; id = 656797705
Error: error_code = 30; This profile is private; id = 389802840
Error: error_code = 30; This profile is private; id = 632534565
Error: error_code = 15; Access denied: user deactivated; id = 147290870
Error: error_code = 30; This profile is private; id = 552871518
Error: error_code = 30; This profile is private; id = 320422665
Error: error_code = 30; This profile is private; id = 651650489
Error: error_code = 30; This profile is private; id = 116028265
Error: error_code = 30; This profile is private; id = 53689315
Error: error_code = 30; This profile is private; id = 195148042
Error: error_code = 30; This profile is private; id = 215022706
Error: error_code = 30; This profile is private; id = 591590591
Error: error_code = 30; This profile is private; id = 395320619
Error: error_code = 15; Access denied: user deactivated; id = 193427958
Error: error_code = 30; This profile is private; id = 508320842
Error: error_code = 15; Access denied: user deactivated; id = 205550614
Error: error_code = 30; This profile is private; id = 378208709
Error: error_code = 15; Access denied: user deactivated; id = 539830511
Error: error_code = 15; Access denied: user deactivated; id = 303295465
Error: error_code = 30; This profile is private; id = 656515058
Error: error_code = 15; Access denied: user deactivated; id = 399312806
Error: error_code = 30; This profile is private; id = 15774159
Error: error_code = 30; This profile is private; id = 147527482
Error: error_code = 30; This profile is private; id = 63640407
Error: error_code = 15; Access denied: user deactivated; id = 531173730
Error: error_code = 15; Access denied: user deactivated; id = 450824611
Error: error_code = 15; Access denied: user deactivated; id = 99776115
Error: error_code = 15; Access denied: user deactivated; id = 403308818
Error: error_code = 30; This profile is private; id = 70180840
Error: error_code = 30; This profile is private; id = 21674335
Error: error_code = 30; This profile is private; id = 52355988
Error: error_code = 30; This profile is private; id = 477084031
Error: error_code = 15; Access denied: user deactivated; id = 344269776
Error: error_code = 30; This profile is private; id = 1962874
Error: error_code = 15; Access denied: user deactivated; id = 343950380
Error: error_code = 15; Access denied: user deactivated; id = 220113343
Error: error_code = 30; This profile is private; id = 304834556
Error: error_code = 30; This profile is private; id = 510436006
Error: error_code = 30; This profile is private; id = 255654561
Error: error_code = 30; This profile is private; id = 672558692
Error: error_code = 30; This profile is private; id = 625111351
Error: error_code = 15; Access denied: user deactivated; id = 277224055
Error: error_code = 30; This profile is private; id = 399257444
Error: error_code = 30; This profile is private; id = 247657858
Error: error_code = 15; Access denied: user deactivated; id = 514089067
Error: error_code = 15; Access denied: user deactivated; id = 177783973
Error: error_code = 30; This profile is private; id = 620753
Error: error_code = 15; Access denied: user deactivated; id = 713397516
Error: error_code = 15; Access denied: user deactivated; id = 297840223
Error: error_code = 30; This profile is private; id = 7428232
Error: error_code = 30; This profile is private; id = 314930448
Error: error_code = 30; This profile is private; id = 438526471
Error: error_code = 30; This profile is private; id = 413510
Error: error_code = 30; This profile is private; id = 142830232
Error: error_code = 30; This profile is private; id = 545108075
Error: error_code = 30; This profile is private; id = 449376696
Error: error_code = 30; This profile is private; id = 217644481
Error: error_code = 30; This profile is private; id = 593461324
Error: error_code = 15; Access denied: user deactivated; id = 21303310
Error: error_code = 30; This profile is private; id = 137375338
Error: error_code = 15; Access denied: user deactivated; id = 34535229
Error: error_code = 30; This profile is private; id = 91797124
Error: error_code = 30; This profile is private; id = 307263585
Error: error_code = 15; Access denied: user deactivated; id = 653972236
Error: error_code = 15; Access denied: user deactivated; id = 659849784
Error: error_code = 15; Access denied: user deactivated; id = 472247088
Error: error_code = 15; Access denied: user deactivated; id = 194436679
Error: error_code = 30; This profile is private; id = 14370054
Error: error_code = 15; Access denied: user deactivated; id = 370414843
Error: error_code = 15; Access denied: user deactivated; id = 614840465
Error: error_code = 30; This profile is private; id = 673559681
Error: error_code = 30; This profile is private; id = 28408398
Error: error_code = 30; This profile is private; id = 392468250
Error: error_code = 15; Access denied: user deactivated; id = 48439799
Error: error_code = 30; This profile is private; id = 161244306
Error: error_code = 15; Access denied: user deactivated; id = 209852253
Error: error_code = 30; This profile is private; id = 534816622
Error: error_code = 15; Access denied: user deactivated; id = 220909933
Error: error_code = 15; Access denied: user deactivated; id = 352096714
Error: error_code = 15; Access denied: user deactivated; id = 188219435
Error: error_code = 30; This profile is private; id = 226795713
Error: error_code = 15; Access denied: user deactivated; id = 257522186
Error: error_code = 30; This profile is private; id = 471821316
Error: error_code = 30; This profile is private; id = 242234061
Error: error_code = 30; This profile is private; id = 175948482
Error: error_code = 15; Access denied: user deactivated; id = 550862005
Error: error_code = 15; Access denied: user deactivated; id = 425148464
Error: error_code = 15; Access denied: user deactivated; id = 667401766
Error: error_code = 30; This profile is private; id = 181878285
Error: error_code = 30; This profile is private; id = 606206561
Error: error_code = 30; This profile is private; id = 430099420
Error: error_code = 30; This profile is private; id = 63538184
Error: error_code = 15; Access denied: user deactivated; id = 316959303
Error: error_code = 30; This profile is private; id = 166607229
Error: error_code = 15; Access denied: user deactivated; id = 646876704
Error: error_code = 30; This profile is private; id = 179315088
Error: error_code = 30; This profile is private; id = 589207438
Error: error_code = 15; Access denied: user deactivated; id = 537206362
Error: error_code = 30; This profile is private; id = 641259307
Error: error_code = 30; This profile is private; id = 185497607
Error: error_code = 15; Access denied: user deactivated; id = 329399994
Error: error_code = 30; This profile is private; id = 13564021
Error: error_code = 30; This profile is private; id = 189205058
Error: error_code = 15; Access denied: user deactivated; id = 236518031
Error: error_code = 30; This profile is private; id = 389665714
Error: error_code = 15; Access denied: user deactivated; id = 219584819
Error: error_code = 30; This profile is private; id = 9103496
Error: error_code = 15; Access denied: user deactivated; id = 168445339
Error: error_code = 30; This profile is private; id = 518535054
Error: error_code = 30; This profile is private; id = 201952867
Error: error_code = 30; This profile is private; id = 477526623
Error: error_code = 30; This profile is private; id = 666121468
Error: error_code = 30; This profile is private; id = 520777780
Error: error_code = 15; Access denied: user deactivated; id = 413771009
Error: error_code = 30; This profile is private; id = 694388729
Error: error_code = 30; This profile is private; id = 544091533
Error: error_code = 30; This profile is private; id = 497694390
Error: error_code = 30; This profile is private; id = 116983998
Error: error_code = 30; This profile is private; id = 402986510
Error: error_code = 30; This profile is private; id = 405550981
Error: error_code = 30; This profile is private; id = 23487281
Error: error_code = 15; Access denied: user deactivated; id = 184797388
Error: error_code = 30; This profile is private; id = 65057680
Error: error_code = 30; This profile is private; id = 445414978
Error: error_code = 15; Access denied: user deactivated; id = 77869595
Error: error_code = 15; Access denied: user deactivated; id = 710120531
Error: error_code = 30; This profile is private; id = 308450308
Error: error_code = 30; This profile is private; id = 384015808
Error: error_code = 30; This profile is private; id = 434623839
Error: error_code = 30; This profile is private; id = 54528603
Error: error_code = 30; This profile is private; id = 28797037
Error: error_code = 30; This profile is private; id = 459823765
Error: error_code = 15; Access denied: user deactivated; id = 24872377
Error: error_code = 30; This profile is private; id = 290759439
Error: error_code = 30; This profile is private; id = 316311077
Error: error_code = 30; This profile is private; id = 6952601
Error: error_code = 15; Access denied: user deactivated; id = 179586155
Error: error_code = 30; This profile is private; id = 630609615
Error: error_code = 15; Access denied: user deactivated; id = 223315835
Error: error_code = 30; This profile is private; id = 657905755
Error: error_code = 30; This profile is private; id = 543495304
Error: error_code = 30; This profile is private; id = 248439445
Error: error_code = 30; This profile is private; id = 369631409
Error: error_code = 30; This profile is private; id = 247625341
Error: error_code = 30; This profile is private; id = 702481961
Error: error_code = 30; This profile is private; id = 7392930
Error: error_code = 30; This profile is private; id = 714131311
Error: error_code = 15; Access denied: user deactivated; id = 575676505
Error: error_code = 30; This profile is private; id = 180893417
Error: error_code = 15; Access denied: user deactivated; id = 491804732
Error: error_code = 30; This profile is private; id = 711852231
Error: error_code = 15; Access denied: user deactivated; id = 187467111
Error: error_code = 15; Access denied: user deactivated; id = 354087881
Error: error_code = 30; This profile is private; id = 516853062
Error: error_code = 15; Access denied: user deactivated; id = 29664821
Error: error_code = 30; This profile is private; id = 252381502
Error: error_code = 30; This profile is private; id = 447916214
Error: error_code = 15; Access denied: user deactivated; id = 359705397
Error: error_code = 15; Access denied: user deactivated; id = 484747924
Error: error_code = 30; This profile is private; id = 325010459
Error: error_code = 15; Access denied: user deactivated; id = 69317822
Error: error_code = 15; Access denied: user deactivated; id = 440530826
Error: error_code = 15; Access denied: user deactivated; id = 117164875
Error: error_code = 30; This profile is private; id = 510022110
Error: error_code = 30; This profile is private; id = 285506673
Error: error_code = 30; This profile is private; id = 378130222
Error: error_code = 30; This profile is private; id = 115442777
Error: error_code = 15; Access denied: user deactivated; id = 544331025
Error: error_code = 30; This profile is private; id = 48439576
Error: error_code = 15; Access denied: user deactivated; id = 469122036
Error: error_code = 15; Access denied: user deactivated; id = 452484813
Error: error_code = 15; Access denied: user deactivated; id = 3746113
Error: error_code = 15; Access denied: user deactivated; id = 188125714
Error: error_code = 30; This profile is private; id = 380809442
Error: error_code = 30; This profile is private; id = 420551316
Error: error_code = 30; This profile is private; id = 277956382
Error: error_code = 30; This profile is private; id = 500344607
Error: error_code = 30; This profile is private; id = 90458723
Error: error_code = 30; This profile is private; id = 144910608
Error: error_code = 30; This profile is private; id = 489142575
Error: error_code = 15; Access denied: user deactivated; id = 223064480
Error: error_code = 30; This profile is private; id = 606888810
Error: error_code = 30; This profile is private; id = 202566833
Error: error_code = 30; This profile is private; id = 462227882
Error: error_code = 30; This profile is private; id = 330676657
Error: error_code = 30; This profile is private; id = 637832534
Error: error_code = 30; This profile is private; id = 27472309
Error: error_code = 30; This profile is private; id = 25374870
Error: error_code = 30; This profile is private; id = 21264332
Error: error_code = 30; This profile is private; id = 72245746
Error: error_code = 15; Access denied: user deactivated; id = 476595095
Error: error_code = 30; This profile is private; id = 186530403
Error: error_code = 30; This profile is private; id = 4113588
Error: error_code = 15; Access denied: user deactivated; id = 220522722
Error: error_code = 30; This profile is private; id = 411679689
Error: error_code = 15; Access denied: user deactivated; id = 293229279
Error: error_code = 15; Access denied: user deactivated; id = 426784848
Error: error_code = 30; This profile is private; id = 328886845
Error: error_code = 30; This profile is private; id = 103455727
Error: error_code = 30; This profile is private; id = 146675553
Error: error_code = 30; This profile is private; id = 672756425
Error: error_code = 15; Access denied: user deactivated; id = 343354853
Error: error_code = 15; Access denied: user deactivated; id = 335161326
Error: error_code = 30; This profile is private; id = 66380002
Error: error_code = 15; Access denied: user deactivated; id = 410262639
Error: error_code = 30; This profile is private; id = 311101291
Error: error_code = 30; This profile is private; id = 236566720
Error: error_code = 30; This profile is private; id = 55590168
Error: error_code = 30; This profile is private; id = 371046252
Error: error_code = 15; Access denied: user deactivated; id = 348114030
Error: error_code = 15; Access denied: user deactivated; id = 416861028
Error: error_code = 30; This profile is private; id = 32601279
Error: error_code = 30; This profile is private; id = 440739262
Error: error_code = 15; Access denied: user deactivated; id = 561576006
Error: error_code = 30; This profile is private; id = 654146746
Error: error_code = 15; Access denied: user deactivated; id = 162234546
Error: error_code = 30; This profile is private; id = 344555967
Error: error_code = 30; This profile is private; id = 150939718
Error: error_code = 15; Access denied: user deactivated; id = 233173439
Error: error_code = 15; Access denied: user deactivated; id = 175205405
Error: error_code = 30; This profile is private; id = 204490175
Error: error_code = 30; This profile is private; id = 587568540
Error: error_code = 15; Access denied: user deactivated; id = 405896620
Error: error_code = 15; Access denied: user deactivated; id = 298030763
Error: error_code = 30; This profile is private; id = 581307106
Error: error_code = 30; This profile is private; id = 78558589
Error: error_code = 30; This profile is private; id = 337024008
Error: error_code = 15; Access denied: user deactivated; id = 160222529
Error: error_code = 30; This profile is private; id = 581439727
Error: error_code = 15; Access denied: user deactivated; id = 340891951
Error: error_code = 30; This profile is private; id = 18133141
Error: error_code = 15; Access denied: user deactivated; id = 17472930
Error: error_code = 15; Access denied: user deactivated; id = 54415352
Error: error_code = 15; Access denied: user deactivated; id = 88488588
Error: error_code = 15; Access denied: user deactivated; id = 171275797
Error: error_code = 15; Access denied: user deactivated; id = 153347701
Error: error_code = 30; This profile is private; id = 78356510
Error: error_code = 30; This profile is private; id = 159473306
Error: error_code = 15; Access denied: user deactivated; id = 532402058
Error: error_code = 15; Access denied: user deactivated; id = 20666391
Error: error_code = 30; This profile is private; id = 641978269
Error: error_code = 30; This profile is private; id = 653812684
Error: error_code = 30; This profile is private; id = 403506154
Error: error_code = 15; Access denied: user deactivated; id = 414376458
Error: error_code = 30; This profile is private; id = 99319826
Error: error_code = 30; This profile is private; id = 175792678
Error: error_code = 30; This profile is private; id = 61534383
Error: error_code = 30; This profile is private; id = 598608152
Error: error_code = 30; This profile is private; id = 51750634
Error: error_code = 30; This profile is private; id = 79933628
Error: error_code = 30; This profile is private; id = 240059637
Error: error_code = 30; This profile is private; id = 67947073
Error: error_code = 30; This profile is private; id = 209965891
Error: error_code = 30; This profile is private; id = 8978140
Error: error_code = 30; This profile is private; id = 71821446
Error: error_code = 30; This profile is private; id = 2732088
Error: error_code = 15; Access denied: user deactivated; id = 416408995
Error: error_code = 30; This profile is private; id = 90960653
Error: error_code = 30; This profile is private; id = 3058641
Error: error_code = 30; This profile is private; id = 131317503
Error: error_code = 30; This profile is private; id = 587136408
Error: error_code = 30; This profile is private; id = 678924890
Error: error_code = 15; Access denied: user deactivated; id = 394412277
Error: error_code = 15; Access denied: user deactivated; id = 492032076
Error: error_code = 30; This profile is private; id = 703053967
Error: error_code = 15; Access denied: user deactivated; id = 521212082
Error: error_code = 15; Access denied: user deactivated; id = 232768961
Error: error_code = 30; This profile is private; id = 566147085
Error: error_code = 15; Access denied: user deactivated; id = 384509489
Error: error_code = 15; Access denied: user deactivated; id = 425063381
Error: error_code = 15; Access denied: user deactivated; id = 259865813
Error: error_code = 30; This profile is private; id = 178510171
Error: error_code = 15; Access denied: user deactivated; id = 468995995
Error: error_code = 15; Access denied: user deactivated; id = 421818654
Error: error_code = 15; Access denied: user deactivated; id = 435360577
Error: error_code = 30; This profile is private; id = 574753135
Error: error_code = 30; This profile is private; id = 714247069
Error: error_code = 15; Access denied: user deactivated; id = 355079819
Error: error_code = 15; Access denied: user deactivated; id = 380945491
Error: error_code = 15; Access denied: user deactivated; id = 534220834
Error: error_code = 30; This profile is private; id = 158205149
Error: error_code = 15; Access denied: user deactivated; id = 152001601
Error: error_code = 30; This profile is private; id = 154392198
Error: error_code = 30; This profile is private; id = 524804747
Error: error_code = 30; This profile is private; id = 587104910
Error: error_code = 15; Access denied: user deactivated; id = 505606517
Error: error_code = 30; This profile is private; id = 157003875
Error: error_code = 30; This profile is private; id = 13615165
Error: error_code = 30; This profile is private; id = 501568007
Error: error_code = 30; This profile is private; id = 654220235
Error: error_code = 30; This profile is private; id = 354863151
Error: error_code = 30; This profile is private; id = 2830780
Error: error_code = 15; Access denied: user deactivated; id = 550540725
Error: error_code = 30; This profile is private; id = 569222597
Error: error_code = 30; This profile is private; id = 14162558
Error: error_code = 30; This profile is private; id = 486965082
Error: error_code = 30; This profile is private; id = 583177872
Error: error_code = 30; This profile is private; id = 78446955
Error: error_code = 30; This profile is private; id = 117844486
Error: error_code = 15; Access denied: user deactivated; id = 338541547
Error: error_code = 15; Access denied: user deactivated; id = 532309552
Error: error_code = 30; This profile is private; id = 673752574
Error: error_code = 30; This profile is private; id = 539806278
Error: error_code = 15; Access denied: user deactivated; id = 44150067
Error: error_code = 30; This profile is private; id = 259524845
Error: error_code = 30; This profile is private; id = 304650420
Error: error_code = 30; This profile is private; id = 28371345
Error: error_code = 30; This profile is private; id = 363575120
Error: error_code = 30; This profile is private; id = 58172462
Error: error_code = 30; This profile is private; id = 34704777
Error: error_code = 30; This profile is private; id = 41266921
Error: error_code = 30; This profile is private; id = 131928861
Error: error_code = 30; This profile is private; id = 541535254
Error: error_code = 15; Access denied: user deactivated; id = 350154023
Error: error_code = 30; This profile is private; id = 368470153
Error: error_code = 30; This profile is private; id = 611654155
Error: error_code = 30; This profile is private; id = 675947927
Error: error_code = 30; This profile is private; id = 1762599
Error: error_code = 30; This profile is private; id = 374870648
Error: error_code = 30; This profile is private; id = 580104479
Error: error_code = 30; This profile is private; id = 520690270
Error: error_code = 30; This profile is private; id = 690281219
Error: error_code = 30; This profile is private; id = 657267456
Error: error_code = 30; This profile is private; id = 518372773
Error: error_code = 30; This profile is private; id = 623784366
Error: error_code = 30; This profile is private; id = 162002295
Error: error_code = 30; This profile is private; id = 208141724
Error: error_code = 15; Access denied: user deactivated; id = 376831199
Error: error_code = 30; This profile is private; id = 257402533
Error: error_code = 30; This profile is private; id = 94207023
Error: error_code = 30; This profile is private; id = 641428625
Error: error_code = 30; This profile is private; id = 659116308
Error: error_code = 15; Access denied: user deactivated; id = 14338504
Error: error_code = 15; Access denied: user deactivated; id = 80979843
Error: error_code = 30; This profile is private; id = 639869501
Error: error_code = 30; This profile is private; id = 640867876
Error: error_code = 30; This profile is private; id = 590665172
Error: error_code = 15; Access denied: user deactivated; id = 210277226
Error: error_code = 30; This profile is private; id = 709832910
Error: error_code = 30; This profile is private; id = 53178573
Error: error_code = 15; Access denied: user deactivated; id = 416023724
Error: error_code = 30; This profile is private; id = 407542400
Error: error_code = 30; This profile is private; id = 191644907
Error: error_code = 15; Access denied: user deactivated; id = 255663183
Error: error_code = 15; Access denied: user deactivated; id = 351931273
Error: error_code = 30; This profile is private; id = 310021744
Error: error_code = 30; This profile is private; id = 396227846
Error: error_code = 15; Access denied: user deactivated; id = 715201520
Error: error_code = 15; Access denied: user deactivated; id = 355962737
Error: error_code = 15; Access denied: user deactivated; id = 350881333
Error: error_code = 30; This profile is private; id = 26732016
Error: error_code = 30; This profile is private; id = 362130721
Error: error_code = 30; This profile is private; id = 8866998
Error: error_code = 30; This profile is private; id = 38140339
Error: error_code = 15; Access denied: user deactivated; id = 150759040
Error: error_code = 30; This profile is private; id = 265837363
Error: error_code = 30; This profile is private; id = 148093819
Error: error_code = 30; This profile is private; id = 561418714
Error: error_code = 30; This profile is private; id = 278874430
Error: error_code = 15; Access denied: user deactivated; id = 222537811
Error: error_code = 30; This profile is private; id = 158291155
Error: error_code = 30; This profile is private; id = 489209276
Error: error_code = 30; This profile is private; id = 525348898
Error: error_code = 15; Access denied: user deactivated; id = 21676416
Error: error_code = 30; This profile is private; id = 277791212
Error: error_code = 15; Access denied: user deactivated; id = 199700770
Error: error_code = 15; Access denied: user deactivated; id = 259864630
Error: error_code = 15; Access denied: user deactivated; id = 277811825
Error: error_code = 30; This profile is private; id = 637655441
Error: error_code = 15; Access denied: user deactivated; id = 229249377
Error: error_code = 30; This profile is private; id = 174656714
Error: error_code = 30; This profile is private; id = 32880662
Error: error_code = 15; Access denied: user deactivated; id = 107165375
Error: error_code = 30; This profile is private; id = 293526353
Error: error_code = 30; This profile is private; id = 646658537
Error: error_code = 30; This profile is private; id = 178076093
Error: error_code = 30; This profile is private; id = 301218929
Error: error_code = 30; This profile is private; id = 568506944
Error: error_code = 15; Access denied: user deactivated; id = 210914416
Error: error_code = 30; This profile is private; id = 601549471
Error: error_code = 30; This profile is private; id = 973720
Error: error_code = 15; Access denied: user deactivated; id = 518076260
Error: error_code = 15; Access denied: user deactivated; id = 304666581
Error: error_code = 15; Access denied: user deactivated; id = 31765575
Error: error_code = 30; This profile is private; id = 65485866
Error: error_code = 30; This profile is private; id = 625781588
Error: error_code = 30; This profile is private; id = 426098826
Error: error_code = 30; This profile is private; id = 53493979
Error: error_code = 30; This profile is private; id = 382728810
Error: error_code = 30; This profile is private; id = 584962206
Error: error_code = 15; Access denied: user deactivated; id = 321977618
Error: error_code = 15; Access denied: user deactivated; id = 536114707
Error: error_code = 30; This profile is private; id = 604532812
Error: error_code = 15; Access denied: user deactivated; id = 411126005
Error: error_code = 30; This profile is private; id = 124290125
Error: error_code = 30; This profile is private; id = 686262544
Error: error_code = 30; This profile is private; id = 103189099
Error: error_code = 30; This profile is private; id = 677035910
Error: error_code = 30; This profile is private; id = 324127617
Error: error_code = 30; This profile is private; id = 611701850
Error: error_code = 15; Access denied: user deactivated; id = 432851147
Error: error_code = 15; Access denied: user deactivated; id = 711619981
Error: error_code = 30; This profile is private; id = 171221637
Error: error_code = 15; Access denied: user deactivated; id = 157607545
Error: error_code = 30; This profile is private; id = 524200698
Error: error_code = 30; This profile is private; id = 97702706
Error: error_code = 15; Access denied: user deactivated; id = 456913205
Error: error_code = 30; This profile is private; id = 483929671
Error: error_code = 15; Access denied: user deactivated; id = 268127285
Error: error_code = 30; This profile is private; id = 459161664
Error: error_code = 30; This profile is private; id = 563395661
Error: error_code = 15; Access denied: user deactivated; id = 217794713
Error: error_code = 30; This profile is private; id = 498015375
Error: error_code = 30; This profile is private; id = 319873997
Error: error_code = 30; This profile is private; id = 315418439
Error: error_code = 30; This profile is private; id = 353365221
Error: error_code = 30; This profile is private; id = 191255210
Error: error_code = 30; This profile is private; id = 133376260
Error: error_code = 30; This profile is private; id = 82061568
Error: error_code = 30; This profile is private; id = 140609087
Error: error_code = 15; Access denied: user deactivated; id = 442018434
Error: error_code = 30; This profile is private; id = 29584372
Error: error_code = 15; Access denied: user deactivated; id = 231583492
Error: error_code = 30; This profile is private; id = 263144353
Error: error_code = 30; This profile is private; id = 527659761
Error: error_code = 30; This profile is private; id = 426301199
Error: error_code = 30; This profile is private; id = 550422607
Error: error_code = 15; Access denied: user deactivated; id = 229374708
Error: error_code = 30; This profile is private; id = 23885633
Error: error_code = 15; Access denied: user deactivated; id = 136823214
Error: error_code = 15; Access denied: user deactivated; id = 545530593
Error: error_code = 15; Access denied: user deactivated; id = 210647332
Error: error_code = 30; This profile is private; id = 611873673
Error: error_code = 30; This profile is private; id = 467670467
Error: error_code = 30; This profile is private; id = 77337258
Error: error_code = 30; This profile is private; id = 556886335
Error: error_code = 15; Access denied: user deactivated; id = 82308993
Error: error_code = 15; Access denied: user deactivated; id = 408991901
Error: error_code = 30; This profile is private; id = 203106020
Error: error_code = 15; Access denied: user deactivated; id = 517345178
Error: error_code = 30; This profile is private; id = 205401047
Error: error_code = 30; This profile is private; id = 603919500
Error: error_code = 30; This profile is private; id = 298401334
Error: error_code = 30; This profile is private; id = 49766917
Error: error_code = 15; Access denied: user deactivated; id = 494523204
Error: error_code = 30; This profile is private; id = 18055970
Error: error_code = 15; Access denied: user deactivated; id = 531621530
Error: error_code = 15; Access denied: user deactivated; id = 227517505
Error: error_code = 15; Access denied: user deactivated; id = 430881797
Error: error_code = 15; Access denied: user deactivated; id = 386115111
Error: error_code = 15; Access denied: user deactivated; id = 321039889
Error: error_code = 30; This profile is private; id = 256013
Error: error_code = 15; Access denied: user deactivated; id = 423795272
Error: error_code = 15; Access denied: user deactivated; id = 48568751
Error: error_code = 30; This profile is private; id = 5719334
Error: error_code = 30; This profile is private; id = 78899662
Error: error_code = 30; This profile is private; id = 687000649
Error: error_code = 30; This profile is private; id = 638883669
Error: error_code = 15; Access denied: user deactivated; id = 248038271
Error: error_code = 30; This profile is private; id = 86298781
Error: error_code = 15; Access denied: user deactivated; id = 417591686
Error: error_code = 30; This profile is private; id = 455982131
Error: error_code = 15; Access denied: user deactivated; id = 549411019
Error: error_code = 30; This profile is private; id = 442133737
Error: error_code = 30; This profile is private; id = 478150921
Error: error_code = 30; This profile is private; id = 436749883
Error: error_code = 30; This profile is private; id = 377422181
Error: error_code = 15; Access denied: user deactivated; id = 484242015
Error: error_code = 30; This profile is private; id = 624548853
Error: error_code = 30; This profile is private; id = 90428497
Error: error_code = 30; This profile is private; id = 190632389
Error: error_code = 30; This profile is private; id = 133589942
Error: error_code = 30; This profile is private; id = 448007230
Error: error_code = 30; This profile is private; id = 451990804
Error: error_code = 30; This profile is private; id = 218151293
Error: error_code = 30; This profile is private; id = 663324035
Error: error_code = 30; This profile is private; id = 193509843
Error: error_code = 30; This profile is private; id = 707659330
Error: error_code = 15; Access denied: user deactivated; id = 467117547
Error: error_code = 15; Access denied: user deactivated; id = 284496281
Error: error_code = 30; This profile is private; id = 185121945
Error: error_code = 15; Access denied: user deactivated; id = 219428064
Error: error_code = 30; This profile is private; id = 566186499
Error: error_code = 30; This profile is private; id = 577051384
Error: error_code = 30; This profile is private; id = 714764306
Error: error_code = 30; This profile is private; id = 77960945
Error: error_code = 30; This profile is private; id = 5628939
Error: error_code = 30; This profile is private; id = 451623631
Error: error_code = 30; This profile is private; id = 120688635
Error: error_code = 30; This profile is private; id = 12230473
Error: error_code = 15; Access denied: user deactivated; id = 248812582
Error: error_code = 30; This profile is private; id = 292591122
Error: error_code = 30; This profile is private; id = 215322166
Error: error_code = 15; Access denied: user deactivated; id = 217302759
Error: error_code = 30; This profile is private; id = 266912623
Error: error_code = 30; This profile is private; id = 15945840
Error: error_code = 15; Access denied: user deactivated; id = 183445618
Error: error_code = 15; Access denied: user deactivated; id = 565951931
Error: error_code = 30; This profile is private; id = 209578214
Error: error_code = 30; This profile is private; id = 65016774
Error: error_code = 30; This profile is private; id = 350604895
Error: error_code = 30; This profile is private; id = 705133136
Error: error_code = 30; This profile is private; id = 463792380
Error: error_code = 30; This profile is private; id = 158608964
Error: error_code = 15; Access denied: user deactivated; id = 446281584
Error: error_code = 30; This profile is private; id = 575769355
Error: error_code = 30; This profile is private; id = 311004998
Error: error_code = 30; This profile is private; id = 494941245
Error: error_code = 30; This profile is private; id = 346164315
Error: error_code = 30; This profile is private; id = 157547702
Error: error_code = 30; This profile is private; id = 276751334
Error: error_code = 30; This profile is private; id = 3112409
Error: error_code = 30; This profile is private; id = 607176392
Error: error_code = 30; This profile is private; id = 150747150
Error: error_code = 30; This profile is private; id = 365640571
Error: error_code = 30; This profile is private; id = 500573757
Error: error_code = 30; This profile is private; id = 261433948
Error: error_code = 15; Access denied: user deactivated; id = 5793763
Error: error_code = 30; This profile is private; id = 132038011
Error: error_code = 15; Access denied: user deactivated; id = 137552679
Error: error_code = 30; This profile is private; id = 34116033
Error: error_code = 15; Access denied: user deactivated; id = 324706890
Error: error_code = 30; This profile is private; id = 233709248
Error: error_code = 30; This profile is private; id = 227840233
Error: error_code = 30; This profile is private; id = 1097202
Error: error_code = 15; Access denied: user deactivated; id = 154924622
Error: error_code = 30; This profile is private; id = 672116214
Error: error_code = 30; This profile is private; id = 42002458
Error: error_code = 30; This profile is private; id = 46271971
Error: error_code = 15; Access denied: user deactivated; id = 365279406
Error: error_code = 30; This profile is private; id = 137578646
Error: error_code = 30; This profile is private; id = 392956938
Error: error_code = 30; This profile is private; id = 157447307
Error: error_code = 30; This profile is private; id = 30609769
Error: error_code = 30; This profile is private; id = 120227840
Error: error_code = 30; This profile is private; id = 141015912
Error: error_code = 15; Access denied: user deactivated; id = 135458074
Error: error_code = 30; This profile is private; id = 208906697
Error: error_code = 30; This profile is private; id = 669247437
Error: error_code = 30; This profile is private; id = 483471550
Error: error_code = 30; This profile is private; id = 678779293
Error: error_code = 30; This profile is private; id = 178978967
Error: error_code = 30; This profile is private; id = 597620800
Error: error_code = 15; Access denied: user deactivated; id = 546343312
Error: error_code = 30; This profile is private; id = 584376795
Error: error_code = 30; This profile is private; id = 319208481
Error: error_code = 30; This profile is private; id = 505992969
Error: error_code = 15; Access denied: user deactivated; id = 227292847
Error: error_code = 15; Access denied: user deactivated; id = 85456007
Error: error_code = 30; This profile is private; id = 312522666
Error: error_code = 15; Access denied: user deactivated; id = 90282620
Error: error_code = 15; Access denied: user deactivated; id = 347679245
Error: error_code = 15; Access denied: user deactivated; id = 715102219
Error: error_code = 30; This profile is private; id = 193314894
Error: error_code = 15; Access denied: user deactivated; id = 605560004
Error: error_code = 30; This profile is private; id = 623317371
Error: error_code = 30; This profile is private; id = 651055296
Error: error_code = 30; This profile is private; id = 380968741
Error: error_code = 30; This profile is private; id = 180069456
Error: error_code = 15; Access denied: user deactivated; id = 426197376
Error: error_code = 30; This profile is private; id = 3067365
Error: error_code = 30; This profile is private; id = 15141391
Error: error_code = 30; This profile is private; id = 261664351
Error: error_code = 15; Access denied: user deactivated; id = 138361446
Error: error_code = 30; This profile is private; id = 3726011
Error: error_code = 30; This profile is private; id = 610534011
Error: error_code = 30; This profile is private; id = 241923491
Error: error_code = 30; This profile is private; id = 62709872
Error: error_code = 30; This profile is private; id = 6743739
Error: error_code = 30; This profile is private; id = 3491540
Error: error_code = 15; Access denied: user deactivated; id = 405518360
Error: error_code = 15; Access denied: user deactivated; id = 348129607
Error: error_code = 30; This profile is private; id = 595312554
Error: error_code = 30; This profile is private; id = 666836637
Error: error_code = 30; This profile is private; id = 4016774
Error: error_code = 30; This profile is private; id = 289005818
Error: error_code = 30; This profile is private; id = 455516059
Error: error_code = 30; This profile is private; id = 271924895
Error: error_code = 15; Access denied: user deactivated; id = 243303429
Error: error_code = 30; This profile is private; id = 194735243
Error: error_code = 15; Access denied: user deactivated; id = 229970845
Error: error_code = 15; Access denied: user deactivated; id = 404718292
Error: error_code = 15; Access denied: user deactivated; id = 415861405
Error: error_code = 30; This profile is private; id = 540291922
Error: error_code = 30; This profile is private; id = 181369063
Error: error_code = 30; This profile is private; id = 134448890
Error: error_code = 30; This profile is private; id = 533543013
Error: error_code = 30; This profile is private; id = 47547107
Error: error_code = 15; Access denied: user deactivated; id = 148257121
Error: error_code = 30; This profile is private; id = 570688633
Error: error_code = 30; This profile is private; id = 513132277
Error: error_code = 15; Access denied: user deactivated; id = 304016694
Error: error_code = 15; Access denied: user deactivated; id = 208926415
Error: error_code = 15; Access denied: user deactivated; id = 160517969
Error: error_code = 30; This profile is private; id = 261224458
Error: error_code = 30; This profile is private; id = 469509381
Error: error_code = 15; Access denied: user deactivated; id = 549141240
Error: error_code = 30; This profile is private; id = 72282992
Error: error_code = 30; This profile is private; id = 263673830
Error: error_code = 30; This profile is private; id = 1212065
Error: error_code = 30; This profile is private; id = 8927624
Error: error_code = 15; Access denied: user deactivated; id = 623843583
Error: error_code = 30; This profile is private; id = 17810173
Error: error_code = 30; This profile is private; id = 366618365
Error: error_code = 15; Access denied: user deactivated; id = 416662973
Error: error_code = 30; This profile is private; id = 70944182
Error: error_code = 15; Access denied: user deactivated; id = 138935245
Error: error_code = 15; Access denied: user deactivated; id = 270445899
Error: error_code = 15; Access denied: user deactivated; id = 20715704
Error: error_code = 15; Access denied: user deactivated; id = 313562505
Error: error_code = 30; This profile is private; id = 1222034
Error: error_code = 30; This profile is private; id = 485994633
Error: error_code = 30; This profile is private; id = 15310969
Error: error_code = 30; This profile is private; id = 9237345
Error: error_code = 30; This profile is private; id = 350804698
Error: error_code = 30; This profile is private; id = 140590112
Error: error_code = 30; This profile is private; id = 674950415
Error: error_code = 30; This profile is private; id = 102797979
Error: error_code = 30; This profile is private; id = 646800726
Error: error_code = 30; This profile is private; id = 587595946
Error: error_code = 15; Access denied: user deactivated; id = 9157314
Error: error_code = 30; This profile is private; id = 61831979
Error: error_code = 30; This profile is private; id = 448344900
Error: error_code = 30; This profile is private; id = 12629787
Error: error_code = 30; This profile is private; id = 1262886
Error: error_code = 15; Access denied: user deactivated; id = 522792237
Error: error_code = 30; This profile is private; id = 47607326
Error: error_code = 15; Access denied: user deactivated; id = 342564111
Error: error_code = 30; This profile is private; id = 525324752
Error: error_code = 15; Access denied: user deactivated; id = 50608789
Error: error_code = 15; Access denied: user deactivated; id = 328433362
Error: error_code = 30; This profile is private; id = 11749889
Error: error_code = 30; This profile is private; id = 665808874
Error: error_code = 15; Access denied: user deactivated; id = 584554419
Error: error_code = 30; This profile is private; id = 666257999
Error: error_code = 30; This profile is private; id = 245239306
Error: error_code = 30; This profile is private; id = 162119920
Error: error_code = 30; This profile is private; id = 672468945
Error: error_code = 15; Access denied: user deactivated; id = 154893109
Error: error_code = 30; This profile is private; id = 574700128
Error: error_code = 15; Access denied: user deactivated; id = 155897129
Error: error_code = 15; Access denied: user deactivated; id = 216799043
Error: error_code = 30; This profile is private; id = 703629828
Error: error_code = 30; This profile is private; id = 7676049
Error: error_code = 30; This profile is private; id = 563845678
Error: error_code = 30; This profile is private; id = 87309536
Error: error_code = 30; This profile is private; id = 136842544
Error: error_code = 15; Access denied: user deactivated; id = 653445886
Error: error_code = 30; This profile is private; id = 714469110
Error: error_code = 15; Access denied: user deactivated; id = 487977301
Error: error_code = 15; Access denied: user deactivated; id = 156733803
Error: error_code = 30; This profile is private; id = 375965743
Error: error_code = 30; This profile is private; id = 231334987
Error: error_code = 30; This profile is private; id = 195241682
Error: error_code = 30; This profile is private; id = 141975248
Error: error_code = 30; This profile is private; id = 14748840
Error: error_code = 15; Access denied: user deactivated; id = 257927720
Error: error_code = 30; This profile is private; id = 196173204
Error: error_code = 15; Access denied: user deactivated; id = 365478527
Error: error_code = 15; Access denied: user deactivated; id = 644239084
Error: error_code = 30; This profile is private; id = 624799658
Error: error_code = 30; This profile is private; id = 64061127
Error: error_code = 30; This profile is private; id = 38205873
Error: error_code = 30; This profile is private; id = 655417180
Error: error_code = 15; Access denied: user deactivated; id = 259739106
Error: error_code = 30; This profile is private; id = 238343473
Error: error_code = 30; This profile is private; id = 497899859
Error: error_code = 15; Access denied: user deactivated; id = 164617987
Error: error_code = 30; This profile is private; id = 592411414
Error: error_code = 30; This profile is private; id = 133671053
Error: error_code = 15; Access denied: user deactivated; id = 267561614
Error: error_code = 30; This profile is private; id = 568599510
Error: error_code = 30; This profile is private; id = 281980361
Error: error_code = 30; This profile is private; id = 183606305
Error: error_code = 30; This profile is private; id = 274237051
Error: error_code = 30; This profile is private; id = 253246651
Error: error_code = 15; Access denied: user deactivated; id = 292154756
Error: error_code = 30; This profile is private; id = 173237323
Error: error_code = 30; This profile is private; id = 538814977
Error: error_code = 30; This profile is private; id = 539307702
Error: error_code = 15; Access denied: user deactivated; id = 471275440
Error: error_code = 15; Access denied: user deactivated; id = 296964982
Error: error_code = 15; Access denied: user deactivated; id = 200554646
Error: error_code = 30; This profile is private; id = 428590830
Error: error_code = 15; Access denied: user deactivated; id = 362570407
Error: error_code = 15; Access denied: user deactivated; id = 545146305
Error: error_code = 15; Access denied: user deactivated; id = 155286028
Error: error_code = 30; This profile is private; id = 552157768
Error: error_code = 30; This profile is private; id = 226596941
Error: error_code = 30; This profile is private; id = 561178772
Error: error_code = 15; Access denied: user deactivated; id = 185591512
Error: error_code = 30; This profile is private; id = 155347636
Error: error_code = 15; Access denied: user deactivated; id = 221284762
Error: error_code = 30; This profile is private; id = 6352538
Error: error_code = 30; This profile is private; id = 67635404
Error: error_code = 30; This profile is private; id = 7386299
Error: error_code = 30; This profile is private; id = 326328734
Error: error_code = 30; This profile is private; id = 455920605
Error: error_code = 30; This profile is private; id = 133807256
Error: error_code = 30; This profile is private; id = 22167281
Error: error_code = 30; This profile is private; id = 329885720
Error: error_code = 30; This profile is private; id = 171801380
Error: error_code = 30; This profile is private; id = 559988326
Error: error_code = 30; This profile is private; id = 646455722
Error: error_code = 30; This profile is private; id = 465121724
Error: error_code = 30; This profile is private; id = 617304280
Error: error_code = 15; Access denied: user deactivated; id = 2916889
Error: error_code = 30; This profile is private; id = 632702733
Error: error_code = 30; This profile is private; id = 408375631
Error: error_code = 30; This profile is private; id = 637166229
Error: error_code = 30; This profile is private; id = 105282024
Error: error_code = 30; This profile is private; id = 19412135
Error: error_code = 15; Access denied: user deactivated; id = 401098674
Error: error_code = 15; Access denied: user deactivated; id = 207923152
Error: error_code = 30; This profile is private; id = 14603365
Error: error_code = 30; This profile is private; id = 422729960
Error: error_code = 30; This profile is private; id = 240646426
Error: error_code = 30; This profile is private; id = 68790477
Error: error_code = 15; Access denied: user deactivated; id = 707296717
Error: error_code = 30; This profile is private; id = 386688036
Error: error_code = 15; Access denied: user deactivated; id = 73465203
Error: error_code = 30; This profile is private; id = 551185626
Error: error_code = 30; This profile is private; id = 250515766
Error: error_code = 30; This profile is private; id = 498369604
Error: error_code = 15; Access denied: user deactivated; id = 573119109
Error: error_code = 15; Access denied: user deactivated; id = 254440299
Error: error_code = 15; Access denied: user deactivated; id = 458057158
Error: error_code = 30; This profile is private; id = 215232309
Error: error_code = 30; This profile is private; id = 199009732
Error: error_code = 15; Access denied: user deactivated; id = 189331620
Error: error_code = 15; Access denied: user deactivated; id = 569094813
Error: error_code = 15; Access denied: user deactivated; id = 713759352
Error: error_code = 30; This profile is private; id = 613795033
Error: error_code = 30; This profile is private; id = 554566568
Error: error_code = 15; Access denied: user deactivated; id = 524787609
Error: error_code = 30; This profile is private; id = 160080588
Error: error_code = 15; Access denied: user deactivated; id = 533630280
Error: error_code = 30; This profile is private; id = 460621824
Error: error_code = 30; This profile is private; id = 156084196
Error: error_code = 15; Access denied: user deactivated; id = 195755160
Error: error_code = 30; This profile is private; id = 105831822
Error: error_code = 15; Access denied: user deactivated; id = 111166636
Error: error_code = 30; This profile is private; id = 357429137
Error: error_code = 30; This profile is private; id = 513817312
Error: error_code = 30; This profile is private; id = 598563709
Error: error_code = 30; This profile is private; id = 558584100
Error: error_code = 30; This profile is private; id = 267113820
Error: error_code = 30; This profile is private; id = 14208872
Error: error_code = 15; Access denied: user deactivated; id = 713476835
Error: error_code = 15; Access denied: user deactivated; id = 514246147
Error: error_code = 30; This profile is private; id = 66895776
Error: error_code = 15; Access denied: user deactivated; id = 237858757
Error: error_code = 15; Access denied: user deactivated; id = 511781355
Error: error_code = 15; Access denied: user deactivated; id = 623965590
Error: error_code = 30; This profile is private; id = 420074368
Error: error_code = 30; This profile is private; id = 76978805
Error: error_code = 30; This profile is private; id = 508552125
Error: error_code = 30; This profile is private; id = 238672547
Error: error_code = 30; This profile is private; id = 132019555
Error: error_code = 30; This profile is private; id = 585212578
Error: error_code = 30; This profile is private; id = 318817895
Error: error_code = 30; This profile is private; id = 162106340
Error: error_code = 15; Access denied: user deactivated; id = 271139668
Error: error_code = 15; Access denied: user deactivated; id = 173141277
Error: error_code = 30; This profile is private; id = 305815276
Error: error_code = 30; This profile is private; id = 16363614
Error: error_code = 30; This profile is private; id = 574758165
Error: error_code = 30; This profile is private; id = 154627566
Error: error_code = 30; This profile is private; id = 659906188
Error: error_code = 15; Access denied: user deactivated; id = 572709169
Error: error_code = 15; Access denied: user deactivated; id = 565154777
Error: error_code = 30; This profile is private; id = 694212089
Error: error_code = 30; This profile is private; id = 489835559
Error: error_code = 30; This profile is private; id = 602078162
Error: error_code = 15; Access denied: user deactivated; id = 601805168
Error: error_code = 15; Access denied: user deactivated; id = 237490805
Error: error_code = 30; This profile is private; id = 58740876
Error: error_code = 15; Access denied: user deactivated; id = 323809842
Error: error_code = 15; Access denied: user deactivated; id = 597135946
Error: error_code = 30; This profile is private; id = 20885445
Error: error_code = 30; This profile is private; id = 703038966
Error: error_code = 15; Access denied: user deactivated; id = 387311867
Error: error_code = 30; This profile is private; id = 279642059
Error: error_code = 30; This profile is private; id = 607742826
Error: error_code = 15; Access denied: user deactivated; id = 218967490
Error: error_code = 15; Access denied: user deactivated; id = 715137494
Error: error_code = 15; Access denied: user deactivated; id = 365736865
Error: error_code = 15; Access denied: user deactivated; id = 328908302
Error: error_code = 15; Access denied: user deactivated; id = 490451811
Error: error_code = 30; This profile is private; id = 31043031
Error: error_code = 30; This profile is private; id = 142398649
Error: error_code = 30; This profile is private; id = 612993637
Error: error_code = 30; This profile is private; id = 715783592
Error: error_code = 30; This profile is private; id = 4575057
Error: error_code = 30; This profile is private; id = 649945965
Error: error_code = 15; Access denied: user deactivated; id = 354461537
Error: error_code = 30; This profile is private; id = 341119892
Error: error_code = 30; This profile is private; id = 400551937
Error: error_code = 30; This profile is private; id = 82811756
Error: error_code = 30; This profile is private; id = 430395305
Error: error_code = 30; This profile is private; id = 192162556
Error: error_code = 30; This profile is private; id = 385548425
Error: error_code = 15; Access denied: user deactivated; id = 715195045
Error: error_code = 15; Access denied: user deactivated; id = 220795320
Error: error_code = 30; This profile is private; id = 577008969
Error: error_code = 15; Access denied: user deactivated; id = 215440292
Error: error_code = 15; Access denied: user deactivated; id = 443571284
Error: error_code = 15; Access denied: user deactivated; id = 463897201
Error: error_code = 30; This profile is private; id = 520304764
Error: error_code = 15; Access denied: user deactivated; id = 206010784
Error: error_code = 30; This profile is private; id = 600460214
Error: error_code = 15; Access denied: user deactivated; id = 574481697
Error: error_code = 30; This profile is private; id = 454001974
Error: error_code = 30; This profile is private; id = 414888496
Error: error_code = 15; Access denied: user deactivated; id = 175789235
Error: error_code = 15; Access denied: user deactivated; id = 219137880
Error: error_code = 30; This profile is private; id = 333856850
Error: error_code = 30; This profile is private; id = 490612836
Error: error_code = 15; Access denied: user deactivated; id = 405313705
Error: error_code = 30; This profile is private; id = 85706675
Error: error_code = 30; This profile is private; id = 582200607
Error: error_code = 30; This profile is private; id = 572363871
Error: error_code = 30; This profile is private; id = 144380595
Error: error_code = 15; Access denied: user deactivated; id = 565605491
Error: error_code = 30; This profile is private; id = 475910329
Error: error_code = 15; Access denied: user deactivated; id = 278859373
Error: error_code = 30; This profile is private; id = 698862900
Error: error_code = 30; This profile is private; id = 192760832
Error: error_code = 15; Access denied: user deactivated; id = 231058264
Error: error_code = 15; Access denied: user deactivated; id = 715186233
Error: error_code = 15; Access denied: user deactivated; id = 156014512
Error: error_code = 15; Access denied: user deactivated; id = 269611703
Error: error_code = 30; This profile is private; id = 142306718
Error: error_code = 30; This profile is private; id = 113898691
Error: error_code = 15; Access denied: user deactivated; id = 365089226
Error: error_code = 15; Access denied: user deactivated; id = 218025454
Error: error_code = 15; Access denied: user deactivated; id = 198726630
Error: error_code = 15; Access denied: user deactivated; id = 255693570
Error: error_code = 30; This profile is private; id = 689979624
Error: error_code = 15; Access denied: user deactivated; id = 214571953
Error: error_code = 30; This profile is private; id = 217084885
Error: error_code = 15; Access denied: user deactivated; id = 72708867
Error: error_code = 30; This profile is private; id = 604500607
Error: error_code = 30; This profile is private; id = 559268893
Error: error_code = 15; Access denied: user deactivated; id = 415757576
Error: error_code = 15; Access denied: user deactivated; id = 371991496
Error: error_code = 15; Access denied: user deactivated; id = 50293449
Error: error_code = 30; This profile is private; id = 251519404
Error: error_code = 15; Access denied: user deactivated; id = 229324076
Error: error_code = 30; This profile is private; id = 24384447
Error: error_code = 15; Access denied: user deactivated; id = 643815576
Error: error_code = 30; This profile is private; id = 536209874
Error: error_code = 30; This profile is private; id = 625090570
Error: error_code = 15; Access denied: user deactivated; id = 273116813
Error: error_code = 30; This profile is private; id = 265095959
Error: error_code = 15; Access denied: user deactivated; id = 510828461
Error: error_code = 30; This profile is private; id = 8631822
Error: error_code = 30; This profile is private; id = 137341505
Error: error_code = 30; This profile is private; id = 475196082
Error: error_code = 30; This profile is private; id = 156688560
Error: error_code = 15; Access denied: user deactivated; id = 470046664
Error: error_code = 15; Access denied: user deactivated; id = 604804320
Error: error_code = 30; This profile is private; id = 493115725
Error: error_code = 30; This profile is private; id = 581626948
Error: error_code = 30; This profile is private; id = 445469137
Error: error_code = 30; This profile is private; id = 451917334
Error: error_code = 30; This profile is private; id = 166778216
Error: error_code = 30; This profile is private; id = 448689028
Error: error_code = 30; This profile is private; id = 365752688
Error: error_code = 30; This profile is private; id = 708496607
Error: error_code = 15; Access denied: user deactivated; id = 422578930
Error: error_code = 30; This profile is private; id = 209723812
Error: error_code = 15; Access denied: user deactivated; id = 151501645
Error: error_code = 30; This profile is private; id = 327602237
Error: error_code = 15; Access denied: user deactivated; id = 208415858
Error: error_code = 30; This profile is private; id = 66494304
Error: error_code = 30; This profile is private; id = 402023557
Error: error_code = 30; This profile is private; id = 339099138
Error: error_code = 15; Access denied: user deactivated; id = 142138293
Error: error_code = 30; This profile is private; id = 102003011
Error: error_code = 30; This profile is private; id = 494997113
Error: error_code = 30; This profile is private; id = 98712514
Error: error_code = 15; Access denied: user deactivated; id = 242218750
Error: error_code = 30; This profile is private; id = 698336581
Error: error_code = 15; Access denied: user deactivated; id = 230000590
Error: error_code = 30; This profile is private; id = 560740573
Error: error_code = 30; This profile is private; id = 198164888
Error: error_code = 15; Access denied: user deactivated; id = 260749184
Error: error_code = 30; This profile is private; id = 145521318
Error: error_code = 30; This profile is private; id = 381267083
Error: error_code = 30; This profile is private; id = 499807901
Error: error_code = 30; This profile is private; id = 136189713
Error: error_code = 15; Access denied: user deactivated; id = 667135427
Error: error_code = 30; This profile is private; id = 2148212
Error: error_code = 15; Access denied: user deactivated; id = 276857394
Error: error_code = 30; This profile is private; id = 195244629
Error: error_code = 30; This profile is private; id = 212278760
Error: error_code = 30; This profile is private; id = 618722521
Error: error_code = 15; Access denied: user deactivated; id = 580464376
Error: error_code = 15; Access denied: user deactivated; id = 306870217
Error: error_code = 30; This profile is private; id = 527190474
Error: error_code = 30; This profile is private; id = 386997842
Error: error_code = 30; This profile is private; id = 363961079
Error: error_code = 15; Access denied: user deactivated; id = 240431690
Error: error_code = 15; Access denied: user deactivated; id = 220189835
Error: error_code = 30; This profile is private; id = 445106495
Error: error_code = 30; This profile is private; id = 249529014
Error: error_code = 15; Access denied: user deactivated; id = 432870425
Error: error_code = 15; Access denied: user deactivated; id = 360429644
Error: error_code = 30; This profile is private; id = 421439675
Error: error_code = 30; This profile is private; id = 427062856
Error: error_code = 30; This profile is private; id = 181163121
Error: error_code = 30; This profile is private; id = 577480398
Error: error_code = 15; Access denied: user deactivated; id = 197551321
Error: error_code = 15; Access denied: user deactivated; id = 1341158
Error: error_code = 30; This profile is private; id = 209592704
Error: error_code = 30; This profile is private; id = 235378950
Error: error_code = 15; Access denied: user deactivated; id = 225577251
Error: error_code = 30; This profile is private; id = 453181157
Error: error_code = 30; This profile is private; id = 61673126
Error: error_code = 30; This profile is private; id = 323792880
Error: error_code = 15; Access denied: user deactivated; id = 560791461
Error: error_code = 30; This profile is private; id = 183782949
Error: error_code = 30; This profile is private; id = 1747104
Error: error_code = 15; Access denied: user deactivated; id = 205140725
Error: error_code = 30; This profile is private; id = 546774278
Error: error_code = 15; Access denied: user deactivated; id = 199717437
Error: error_code = 15; Access denied: user deactivated; id = 137232005
Error: error_code = 30; This profile is private; id = 406214053
Error: error_code = 30; This profile is private; id = 95771930
Error: error_code = 30; This profile is private; id = 640657865
Error: error_code = 15; Access denied: user deactivated; id = 366273696
Error: error_code = 30; This profile is private; id = 404299387
Error: error_code = 15; Access denied: user deactivated; id = 535421564
Error: error_code = 30; This profile is private; id = 269164988
Error: error_code = 15; Access denied: user deactivated; id = 348597120
Error: error_code = 30; This profile is private; id = 134249
Error: error_code = 30; This profile is private; id = 704312623
Error: error_code = 30; This profile is private; id = 599899978
Error: error_code = 15; Access denied: user deactivated; id = 351063506
Error: error_code = 30; This profile is private; id = 197417981
Error: error_code = 15; Access denied: user deactivated; id = 225700163
Error: error_code = 30; This profile is private; id = 250284158
Error: error_code = 30; This profile is private; id = 526614789
Error: error_code = 30; This profile is private; id = 464964603
Error: error_code = 15; Access denied: user deactivated; id = 141350351
Error: error_code = 30; This profile is private; id = 490837583
Error: error_code = 30; This profile is private; id = 61671124
Error: error_code = 15; Access denied: user deactivated; id = 194438684
Error: error_code = 30; This profile is private; id = 376610456
Error: error_code = 30; This profile is private; id = 177977744
Error: error_code = 15; Access denied: user deactivated; id = 488952666
Error: error_code = 30; This profile is private; id = 239945856
Error: error_code = 15; Access denied: user deactivated; id = 26916495
Error: error_code = 30; This profile is private; id = 409477403
Error: error_code = 30; This profile is private; id = 271344899
Error: error_code = 30; This profile is private; id = 526241705
Error: error_code = 30; This profile is private; id = 692871682
Error: error_code = 15; Access denied: user deactivated; id = 229625840
Error: error_code = 30; This profile is private; id = 410306032
Error: error_code = 30; This profile is private; id = 589235417
Error: error_code = 30; This profile is private; id = 161505042
Error: error_code = 30; This profile is private; id = 6405217
Error: error_code = 30; This profile is private; id = 449311763
Error: error_code = 30; This profile is private; id = 318891942
Error: error_code = 30; This profile is private; id = 161690142
Error: error_code = 30; This profile is private; id = 295189969
Error: error_code = 30; This profile is private; id = 535259462
Error: error_code = 30; This profile is private; id = 252556945
Error: error_code = 15; Access denied: user deactivated; id = 221931728
Error: error_code = 30; This profile is private; id = 502977307
Error: error_code = 30; This profile is private; id = 659267576
Error: error_code = 30; This profile is private; id = 695727231
Error: error_code = 30; This profile is private; id = 287763184
Error: error_code = 30; This profile is private; id = 299123295
Error: error_code = 30; This profile is private; id = 509169137
Error: error_code = 30; This profile is private; id = 409800001
Error: error_code = 30; This profile is private; id = 636383141
Error: error_code = 30; This profile is private; id = 162793672
Error: error_code = 30; This profile is private; id = 189932764
Error: error_code = 15; Access denied: user deactivated; id = 246390427
Error: error_code = 15; Access denied: user deactivated; id = 227036955
Error: error_code = 15; Access denied: user deactivated; id = 487447911
Error: error_code = 15; Access denied: user deactivated; id = 22223101
Error: error_code = 30; This profile is private; id = 421092826
Error: error_code = 30; This profile is private; id = 328819603
Error: error_code = 30; This profile is private; id = 648900306
Error: error_code = 30; This profile is private; id = 392460180
Error: error_code = 30; This profile is private; id = 163996486
Error: error_code = 30; This profile is private; id = 591643503
Error: error_code = 30; This profile is private; id = 423385270
Error: error_code = 30; This profile is private; id = 541997239
Error: error_code = 15; Access denied: user deactivated; id = 464478553
Error: error_code = 15; Access denied: user deactivated; id = 185557564
Error: error_code = 30; This profile is private; id = 123308397
Error: error_code = 15; Access denied: user deactivated; id = 189162987
Error: error_code = 30; This profile is private; id = 327070905
Error: error_code = 15; Access denied: user deactivated; id = 308944740
Error: error_code = 30; This profile is private; id = 632014766
Error: error_code = 30; This profile is private; id = 270456714
Error: error_code = 30; This profile is private; id = 278987074
Error: error_code = 30; This profile is private; id = 459387889
Error: error_code = 30; This profile is private; id = 147378949
Error: error_code = 30; This profile is private; id = 557288299
Error: error_code = 15; Access denied: user deactivated; id = 406140965
Error: error_code = 30; This profile is private; id = 469836026
Error: error_code = 15; Access denied: user deactivated; id = 435171062
Error: error_code = 30; This profile is private; id = 571144776
Error: error_code = 30; This profile is private; id = 63004605
Error: error_code = 15; Access denied: user deactivated; id = 561983688
Error: error_code = 30; This profile is private; id = 175238724
Error: error_code = 30; This profile is private; id = 619676485
Error: error_code = 30; This profile is private; id = 186871445
Error: error_code = 30; This profile is private; id = 688573458
Error: error_code = 30; This profile is private; id = 801123
Error: error_code = 30; This profile is private; id = 76597364
Error: error_code = 30; This profile is private; id = 654152534
Error: error_code = 30; This profile is private; id = 494971623
Error: error_code = 30; This profile is private; id = 30174772
Error: error_code = 30; This profile is private; id = 573548577
Error: error_code = 30; This profile is private; id = 426988313
Error: error_code = 15; Access denied: user deactivated; id = 147798593
Error: error_code = 30; This profile is private; id = 55850657
Error: error_code = 30; This profile is private; id = 326853312
Error: error_code = 15; Access denied: user deactivated; id = 37013883
Error: error_code = 30; This profile is private; id = 318519187
Error: error_code = 30; This profile is private; id = 112911897
Error: error_code = 30; This profile is private; id = 666840405
Error: error_code = 30; This profile is private; id = 573682696
Error: error_code = 30; This profile is private; id = 296535218
Error: error_code = 30; This profile is private; id = 44862211
Error: error_code = 30; This profile is private; id = 598085428
Error: error_code = 15; Access denied: user deactivated; id = 396396900
Error: error_code = 30; This profile is private; id = 374224556
Error: error_code = 15; Access denied: user deactivated; id = 33741838
Error: error_code = 30; This profile is private; id = 155412456
Error: error_code = 30; This profile is private; id = 674725393
Error: error_code = 30; This profile is private; id = 685095061
Error: error_code = 30; This profile is private; id = 284877036
Error: error_code = 15; Access denied: user deactivated; id = 370058204
Error: error_code = 30; This profile is private; id = 449909924
Error: error_code = 30; This profile is private; id = 165422861
Error: error_code = 15; Access denied: user deactivated; id = 28688031
Error: error_code = 30; This profile is private; id = 514704960
Error: error_code = 30; This profile is private; id = 650899174
Error: error_code = 15; Access denied: user deactivated; id = 216089427
Error: error_code = 30; This profile is private; id = 243980695
Error: error_code = 30; This profile is private; id = 147268081
Error: error_code = 30; This profile is private; id = 410335728
Error: error_code = 30; This profile is private; id = 358209554
Error: error_code = 30; This profile is private; id = 608624334
Error: error_code = 30; This profile is private; id = 174735672
Error: error_code = 30; This profile is private; id = 137703008
Error: error_code = 15; Access denied: user deactivated; id = 400221422
Error: error_code = 15; Access denied: user deactivated; id = 465549622
Error: error_code = 15; Access denied: user deactivated; id = 587346583
Error: error_code = 30; This profile is private; id = 287107259
Error: error_code = 30; This profile is private; id = 664394738
Error: error_code = 15; Access denied: user deactivated; id = 262265250
Error: error_code = 15; Access denied: user deactivated; id = 286561487
Error: error_code = 15; Access denied: user deactivated; id = 334416200
Error: error_code = 30; This profile is private; id = 247097147
Error: error_code = 30; This profile is private; id = 334632266
Error: error_code = 30; This profile is private; id = 589636444
Error: error_code = 30; This profile is private; id = 408006649
Error: error_code = 30; This profile is private; id = 335603714
Error: error_code = 30; This profile is private; id = 8689977
Error: error_code = 15; Access denied: user deactivated; id = 554180564
Error: error_code = 30; This profile is private; id = 591224338
Error: error_code = 30; This profile is private; id = 290639441
Error: error_code = 15; Access denied: user deactivated; id = 10357794
Error: error_code = 30; This profile is private; id = 381969444
Error: error_code = 30; This profile is private; id = 293392686
Error: error_code = 30; This profile is private; id = 295325282
Error: error_code = 30; This profile is private; id = 422925231
Error: error_code = 15; Access denied: user deactivated; id = 218851943
Error: error_code = 15; Access denied: user deactivated; id = 587603804
Error: error_code = 30; This profile is private; id = 577374951
Error: error_code = 30; This profile is private; id = 41544290
Error: error_code = 30; This profile is private; id = 171127956
Error: error_code = 15; Access denied: user deactivated; id = 589786239
Error: error_code = 15; Access denied: user deactivated; id = 402841094
Error: error_code = 30; This profile is private; id = 707035276
Error: error_code = 15; Access denied: user deactivated; id = 617390897
Error: error_code = 30; This profile is private; id = 69694025
Error: error_code = 30; This profile is private; id = 266121871
Error: error_code = 30; This profile is private; id = 633003703
Error: error_code = 15; Access denied: user deactivated; id = 225947384
Error: error_code = 15; Access denied: user deactivated; id = 714538669
Error: error_code = 30; This profile is private; id = 343657069
Error: error_code = 30; This profile is private; id = 479267282
Error: error_code = 30; This profile is private; id = 606695641
Error: error_code = 30; This profile is private; id = 356050108
Error: error_code = 30; This profile is private; id = 452324460
Error: error_code = 30; This profile is private; id = 26522272
Error: error_code = 30; This profile is private; id = 184090666
Error: error_code = 15; Access denied: user deactivated; id = 37718342
Error: error_code = 15; Access denied: user deactivated; id = 644764219
Error: error_code = 30; This profile is private; id = 340510095
Error: error_code = 30; This profile is private; id = 51887162
Error: error_code = 30; This profile is private; id = 668172259
Error: error_code = 30; This profile is private; id = 436980069
Error: error_code = 15; Access denied: user deactivated; id = 613497890
Error: error_code = 15; Access denied: user deactivated; id = 431245661
Error: error_code = 15; Access denied: user deactivated; id = 142091233
Error: error_code = 15; Access denied: user deactivated; id = 7300182
Error: error_code = 30; This profile is private; id = 194282
Error: error_code = 30; This profile is private; id = 90055493
Error: error_code = 30; This profile is private; id = 353022391
Error: error_code = 30; This profile is private; id = 269112912
Error: error_code = 30; This profile is private; id = 222226146
Error: error_code = 30; This profile is private; id = 568478491
Error: error_code = 15; Access denied: user deactivated; id = 213281026
Error: error_code = 30; This profile is private; id = 162779729
Error: error_code = 15; Access denied: user deactivated; id = 388793430
Error: error_code = 30; This profile is private; id = 285236830
Error: error_code = 30; This profile is private; id = 87945719
Error: error_code = 30; This profile is private; id = 121752389
Error: error_code = 30; This profile is private; id = 589521750
Error: error_code = 15; Access denied: user deactivated; id = 468435912
Error: error_code = 30; This profile is private; id = 89190267
Error: error_code = 30; This profile is private; id = 322331975
Error: error_code = 30; This profile is private; id = 50126478
Error: error_code = 30; This profile is private; id = 542770114
Error: error_code = 30; This profile is private; id = 534223092
Error: error_code = 15; Access denied: user deactivated; id = 557437340
Error: error_code = 30; This profile is private; id = 69386182
Error: error_code = 15; Access denied: user deactivated; id = 253680682
Error: error_code = 30; This profile is private; id = 159360720
Error: error_code = 30; This profile is private; id = 212348064
Error: error_code = 30; This profile is private; id = 49749270
Error: error_code = 30; This profile is private; id = 594401238
Error: error_code = 30; This profile is private; id = 167587596
Error: error_code = 30; This profile is private; id = 354091238
Error: error_code = 30; This profile is private; id = 607007750
Error: error_code = 30; This profile is private; id = 95040432
Error: error_code = 15; Access denied: user deactivated; id = 540863902
Error: error_code = 30; This profile is private; id = 335736826
Error: error_code = 15; Access denied: user deactivated; id = 691350188
Error: error_code = 15; Access denied: user deactivated; id = 249301049
Error: error_code = 15; Access denied: user deactivated; id = 310125131
Error: error_code = 30; This profile is private; id = 191231605
Error: error_code = 15; Access denied: user deactivated; id = 57200432
Error: error_code = 30; This profile is private; id = 164738828
Error: error_code = 15; Access denied: user deactivated; id = 166497895
Error: error_code = 15; Access denied: user deactivated; id = 619191950
Error: error_code = 15; Access denied: user deactivated; id = 183647209
Error: error_code = 30; This profile is private; id = 77952992
Error: error_code = 30; This profile is private; id = 35746298
Error: error_code = 30; This profile is private; id = 7730533
Error: error_code = 15; Access denied: user deactivated; id = 520561453
Error: error_code = 30; This profile is private; id = 672748202
Error: error_code = 15; Access denied: user deactivated; id = 324978514
Error: error_code = 30; This profile is private; id = 648001426
Error: error_code = 15; Access denied: user deactivated; id = 541400896
Error: error_code = 30; This profile is private; id = 512201297
Error: error_code = 15; Access denied: user deactivated; id = 16486514
Error: error_code = 30; This profile is private; id = 152367389
Error: error_code = 30; This profile is private; id = 470840234
Error: error_code = 30; This profile is private; id = 6587779
Error: error_code = 30; This profile is private; id = 91004990
Error: error_code = 15; Access denied: user deactivated; id = 31104314
Error: error_code = 30; This profile is private; id = 122192951
Error: error_code = 30; This profile is private; id = 211515402
Error: error_code = 30; This profile is private; id = 174982138
Error: error_code = 15; Access denied: user deactivated; id = 235132684
Error: error_code = 15; Access denied: user deactivated; id = 190280596
Error: error_code = 15; Access denied: user deactivated; id = 316214605
Error: error_code = 30; This profile is private; id = 194376843
Error: error_code = 15; Access denied: user deactivated; id = 260040879
Error: error_code = 30; This profile is private; id = 246137826
Error: error_code = 30; This profile is private; id = 329855537
Error: error_code = 30; This profile is private; id = 558046107
Error: error_code = 30; This profile is private; id = 611303429
Error: error_code = 30; This profile is private; id = 246836642
Error: error_code = 30; This profile is private; id = 163593536
Error: error_code = 15; Access denied: user deactivated; id = 454845165
Error: error_code = 15; Access denied: user deactivated; id = 183862373
Error: error_code = 30; This profile is private; id = 35512751
Error: error_code = 30; This profile is private; id = 28686313
Error: error_code = 30; This profile is private; id = 203866839
Error: error_code = 30; This profile is private; id = 485212754
Error: error_code = 30; This profile is private; id = 27175078
Error: error_code = 15; Access denied: user deactivated; id = 327306684
Error: error_code = 30; This profile is private; id = 238356612
Error: error_code = 30; This profile is private; id = 357262096
Error: error_code = 30; This profile is private; id = 51381470
Error: error_code = 30; This profile is private; id = 649829181
Error: error_code = 15; Access denied: user deactivated; id = 166555359
Error: error_code = 30; This profile is private; id = 144265297
Error: error_code = 30; This profile is private; id = 566096196
Error: error_code = 30; This profile is private; id = 439505969
Error: error_code = 30; This profile is private; id = 568540061
Error: error_code = 15; Access denied: user deactivated; id = 24161936
Error: error_code = 30; This profile is private; id = 670831384
Error: error_code = 30; This profile is private; id = 50363316
Error: error_code = 30; This profile is private; id = 18229948
Error: error_code = 30; This profile is private; id = 90582421
Error: error_code = 30; This profile is private; id = 510123068
Error: error_code = 30; This profile is private; id = 393084549
Error: error_code = 30; This profile is private; id = 554784109
Error: error_code = 30; This profile is private; id = 416943612
Error: error_code = 15; Access denied: user deactivated; id = 433780691
Error: error_code = 30; This profile is private; id = 12162007
Error: error_code = 30; This profile is private; id = 690107154
Error: error_code = 30; This profile is private; id = 299808791
Error: error_code = 30; This profile is private; id = 146804774
Error: error_code = 30; This profile is private; id = 566436735
Error: error_code = 30; This profile is private; id = 227154326
Error: error_code = 30; This profile is private; id = 275609815
Error: error_code = 30; This profile is private; id = 614157499
Error: error_code = 30; This profile is private; id = 517700264
Error: error_code = 30; This profile is private; id = 620378450
Error: error_code = 15; Access denied: user deactivated; id = 489274962
Error: error_code = 30; This profile is private; id = 464765200
Error: error_code = 15; Access denied: user deactivated; id = 521517117
Error: error_code = 15; Access denied: user deactivated; id = 91171085
Error: error_code = 15; Access denied: user deactivated; id = 611001236
Error: error_code = 30; This profile is private; id = 1565049
Error: error_code = 30; This profile is private; id = 62576357
Error: error_code = 15; Access denied: user deactivated; id = 222101863
Error: error_code = 15; Access denied: user deactivated; id = 695429820
Error: error_code = 30; This profile is private; id = 105873932
Error: error_code = 30; This profile is private; id = 120808606
Error: error_code = 15; Access denied: user deactivated; id = 518350265
Error: error_code = 30; This profile is private; id = 195971414
Error: error_code = 30; This profile is private; id = 562834184
Error: error_code = 15; Access denied: user deactivated; id = 412130871
Error: error_code = 15; Access denied: user deactivated; id = 373257584
Error: error_code = 30; This profile is private; id = 162770106
Error: error_code = 30; This profile is private; id = 175220495
Error: error_code = 30; This profile is private; id = 32770628
Error: error_code = 30; This profile is private; id = 363245705
Error: error_code = 30; This profile is private; id = 384045914
Error: error_code = 30; This profile is private; id = 577600618
Error: error_code = 30; This profile is private; id = 204744852
Error: error_code = 30; This profile is private; id = 266600008
Error: error_code = 30; This profile is private; id = 531000147
Error: error_code = 30; This profile is private; id = 154139632
Error: error_code = 30; This profile is private; id = 661046170
Error: error_code = 30; This profile is private; id = 110951505
Error: error_code = 30; This profile is private; id = 322682697
Error: error_code = 30; This profile is private; id = 36090837
Error: error_code = 15; Access denied: user deactivated; id = 233759616
Error: error_code = 15; Access denied: user deactivated; id = 206606817
Error: error_code = 30; This profile is private; id = 187732951
Error: error_code = 30; This profile is private; id = 517854147
Error: error_code = 30; This profile is private; id = 688308894
Error: error_code = 30; This profile is private; id = 282269052
Error: error_code = 30; This profile is private; id = 181804698
Error: error_code = 30; This profile is private; id = 453983608
Error: error_code = 30; This profile is private; id = 389070307
Error: error_code = 30; This profile is private; id = 159806600
Error: error_code = 30; This profile is private; id = 582043256
Error: error_code = 15; Access denied: user deactivated; id = 326590801
Error: error_code = 30; This profile is private; id = 502778536
Error: error_code = 30; This profile is private; id = 85916992
Error: error_code = 15; Access denied: user deactivated; id = 663932353
Error: error_code = 30; This profile is private; id = 180247643
Error: error_code = 15; Access denied: user deactivated; id = 433962222
Error: error_code = 30; This profile is private; id = 571280090
Error: error_code = 30; This profile is private; id = 552500831
Error: error_code = 30; This profile is private; id = 482261927
Error: error_code = 30; This profile is private; id = 481944592
Error: error_code = 15; Access denied: user deactivated; id = 567940542
Error: error_code = 30; This profile is private; id = 475339487
Error: error_code = 30; This profile is private; id = 193246871
Error: error_code = 30; This profile is private; id = 18606299
Error: error_code = 30; This profile is private; id = 573678148
Error: error_code = 15; Access denied: user deactivated; id = 398672268
Error: error_code = 30; This profile is private; id = 42807603
Error: error_code = 30; This profile is private; id = 41261349
Error: error_code = 15; Access denied: user deactivated; id = 82763959
Error: error_code = 30; This profile is private; id = 711166959
Error: error_code = 30; This profile is private; id = 46195200
Error: error_code = 30; This profile is private; id = 446484528
Error: error_code = 30; This profile is private; id = 137228862
Error: error_code = 15; Access denied: user deactivated; id = 608962115
Error: error_code = 15; Access denied: user deactivated; id = 181598265
Error: error_code = 30; This profile is private; id = 219506125
Error: error_code = 30; This profile is private; id = 211697470
Error: error_code = 30; This profile is private; id = 15027811
Error: error_code = 15; Access denied: user deactivated; id = 446018406
Error: error_code = 15; Access denied: user deactivated; id = 294503745
Error: error_code = 30; This profile is private; id = 454979263
Error: error_code = 30; This profile is private; id = 595354586
Error: error_code = 30; This profile is private; id = 194081404
Error: error_code = 30; This profile is private; id = 42715226
Error: error_code = 30; This profile is private; id = 207617
Error: error_code = 30; This profile is private; id = 327918999
Error: error_code = 30; This profile is private; id = 503074435
Error: error_code = 15; Access denied: user deactivated; id = 225741257
Error: error_code = 30; This profile is private; id = 540292991
Error: error_code = 15; Access denied: user deactivated; id = 165917664
Error: error_code = 30; This profile is private; id = 203722801
Error: error_code = 15; Access denied: user deactivated; id = 458088564
Error: error_code = 30; This profile is private; id = 663855542
Error: error_code = 30; This profile is private; id = 388448673
Error: error_code = 15; Access denied: user deactivated; id = 219437459
Error: error_code = 15; Access denied: user deactivated; id = 406059739
Error: error_code = 30; This profile is private; id = 523477743
Error: error_code = 30; This profile is private; id = 20439696
Error: error_code = 30; This profile is private; id = 509276099
Error: error_code = 30; This profile is private; id = 540437189
Error: error_code = 15; Access denied: user deactivated; id = 177100514
Error: error_code = 15; Access denied: user deactivated; id = 349299646
Error: error_code = 30; This profile is private; id = 119016791
Error: error_code = 30; This profile is private; id = 165816229
Error: error_code = 30; This profile is private; id = 155079882
Error: error_code = 30; This profile is private; id = 715464548
Error: error_code = 30; This profile is private; id = 31442089
Error: error_code = 30; This profile is private; id = 87336206
Error: error_code = 30; This profile is private; id = 413929283
Error: error_code = 30; This profile is private; id = 16664773
Error: error_code = 15; Access denied: user deactivated; id = 242379873
Error: error_code = 30; This profile is private; id = 154424820
Error: error_code = 15; Access denied: user deactivated; id = 337189377
Error: error_code = 15; Access denied: user deactivated; id = 158570608
Error: error_code = 15; Access denied: user deactivated; id = 371734896
Error: error_code = 30; This profile is private; id = 253730281
Error: error_code = 15; Access denied: user deactivated; id = 564922739
Error: error_code = 30; This profile is private; id = 372538648
Error: error_code = 30; This profile is private; id = 109400419
Error: error_code = 30; This profile is private; id = 497274301
Error: error_code = 30; This profile is private; id = 148326760
Error: error_code = 15; Access denied: user deactivated; id = 219788618
Error: error_code = 30; This profile is private; id = 402212516
Error: error_code = 30; This profile is private; id = 226265253
Error: error_code = 30; This profile is private; id = 69015167
Error: error_code = 30; This profile is private; id = 337146721
Error: error_code = 30; This profile is private; id = 574731356
Error: error_code = 30; This profile is private; id = 390377670
Error: error_code = 30; This profile is private; id = 664537244
Error: error_code = 30; This profile is private; id = 183811382
Error: error_code = 30; This profile is private; id = 408523087
Error: error_code = 15; Access denied: user deactivated; id = 296642790
Error: error_code = 30; This profile is private; id = 641260307
Error: error_code = 30; This profile is private; id = 615169117
Error: error_code = 30; This profile is private; id = 347392284
Error: error_code = 15; Access denied: user deactivated; id = 202843857
Error: error_code = 30; This profile is private; id = 268543212
Error: error_code = 30; This profile is private; id = 238008220
Error: error_code = 15; Access denied: user deactivated; id = 228044457
Error: error_code = 15; Access denied: user deactivated; id = 206673683
Error: error_code = 30; This profile is private; id = 20483803
Error: error_code = 30; This profile is private; id = 236759327
Error: error_code = 30; This profile is private; id = 688583122
Error: error_code = 15; Access denied: user deactivated; id = 198425631
Error: error_code = 15; Access denied: user deactivated; id = 347217043
Error: error_code = 30; This profile is private; id = 174269111
Error: error_code = 15; Access denied: user deactivated; id = 327803378
Error: error_code = 30; This profile is private; id = 689008469
Error: error_code = 30; This profile is private; id = 401917360
Error: error_code = 15; Access denied: user deactivated; id = 345398344
Error: error_code = 30; This profile is private; id = 520336615
Error: error_code = 30; This profile is private; id = 75767252
Error: error_code = 30; This profile is private; id = 131647917
Error: error_code = 30; This profile is private; id = 606082137
Error: error_code = 30; This profile is private; id = 382005974
Error: error_code = 15; Access denied: user deactivated; id = 426695822
Error: error_code = 15; Access denied: user deactivated; id = 181322269
Error: error_code = 30; This profile is private; id = 475701733
Error: error_code = 30; This profile is private; id = 18602353
Error: error_code = 15; Access denied: user deactivated; id = 634457341
Error: error_code = 30; This profile is private; id = 555077903
Error: error_code = 15; Access denied: user deactivated; id = 648570671
Error: error_code = 15; Access denied: user deactivated; id = 268783713
Error: error_code = 15; Access denied: user deactivated; id = 606646417
Error: error_code = 15; Access denied: user deactivated; id = 620587371
Error: error_code = 30; This profile is private; id = 692649837
Error: error_code = 30; This profile is private; id = 548359161
Error: error_code = 15; Access denied: user deactivated; id = 259584659
Error: error_code = 30; This profile is private; id = 675897930
Error: error_code = 30; This profile is private; id = 512991814
Error: error_code = 30; This profile is private; id = 84057652
Error: error_code = 30; This profile is private; id = 640287625
Error: error_code = 30; This profile is private; id = 287601354
Error: error_code = 30; This profile is private; id = 520167503
Error: error_code = 15; Access denied: user deactivated; id = 209697811
Error: error_code = 15; Access denied: user deactivated; id = 241086668
Error: error_code = 15; Access denied: user deactivated; id = 331126104
Error: error_code = 30; This profile is private; id = 75333407
Error: error_code = 30; This profile is private; id = 671052787
Error: error_code = 15; Access denied: user deactivated; id = 165233698
Error: error_code = 30; This profile is private; id = 243174834
Error: error_code = 30; This profile is private; id = 73214262
Error: error_code = 15; Access denied: user deactivated; id = 218457347
Error: error_code = 30; This profile is private; id = 501484598
Error: error_code = 15; Access denied: user deactivated; id = 196648416
Error: error_code = 30; This profile is private; id = 160784391
Error: error_code = 30; This profile is private; id = 358238641
Error: error_code = 15; Access denied: user deactivated; id = 701888541
Error: error_code = 15; Access denied: user deactivated; id = 396452962
Error: error_code = 30; This profile is private; id = 567805767
Error: error_code = 30; This profile is private; id = 298236183
Error: error_code = 30; This profile is private; id = 257602473
Error: error_code = 30; This profile is private; id = 210499396
Error: error_code = 15; Access denied: user deactivated; id = 140327740
Error: error_code = 15; Access denied: user deactivated; id = 297408314
Error: error_code = 30; This profile is private; id = 250795991
Error: error_code = 15; Access denied: user deactivated; id = 275140986
Error: error_code = 30; This profile is private; id = 516241168
Error: error_code = 30; This profile is private; id = 428370783
Error: error_code = 30; This profile is private; id = 388285397
Error: error_code = 15; Access denied: user deactivated; id = 227320574
Error: error_code = 30; This profile is private; id = 120203197
Error: error_code = 30; This profile is private; id = 308325614
Error: error_code = 30; This profile is private; id = 407031941
Error: error_code = 30; This profile is private; id = 435166537
Error: error_code = 30; This profile is private; id = 283133073
Error: error_code = 15; Access denied: user deactivated; id = 326810107
Error: error_code = 15; Access denied: user deactivated; id = 224909374
Error: error_code = 15; Access denied: user deactivated; id = 428242353
Error: error_code = 15; Access denied: user deactivated; id = 624270492
Error: error_code = 30; This profile is private; id = 342285031
Error: error_code = 30; This profile is private; id = 129803112
Error: error_code = 30; This profile is private; id = 566321050
Error: error_code = 30; This profile is private; id = 75184649
Error: error_code = 15; Access denied: user deactivated; id = 23402145
Error: error_code = 30; This profile is private; id = 36924515
Error: error_code = 30; This profile is private; id = 260116149
Error: error_code = 30; This profile is private; id = 389545
Error: error_code = 15; Access denied: user deactivated; id = 421889569
Error: error_code = 15; Access denied: user deactivated; id = 190530529
Error: error_code = 30; This profile is private; id = 52147589
Error: error_code = 30; This profile is private; id = 372700965
Error: error_code = 30; This profile is private; id = 344824119
Error: error_code = 30; This profile is private; id = 222012022
Error: error_code = 15; Access denied: user deactivated; id = 385814797
Error: error_code = 15; Access denied: user deactivated; id = 399605466
Error: error_code = 15; Access denied: user deactivated; id = 401943218
Error: error_code = 15; Access denied: user deactivated; id = 589966343
Error: error_code = 15; Access denied: user deactivated; id = 213205035
Error: error_code = 15; Access denied: user deactivated; id = 221193541
Error: error_code = 30; This profile is private; id = 488979299
Error: error_code = 30; This profile is private; id = 259486887
Error: error_code = 30; This profile is private; id = 189314672
Error: error_code = 30; This profile is private; id = 563221007
Error: error_code = 30; This profile is private; id = 273691096
Error: error_code = 15; Access denied: user deactivated; id = 270996576
Error: error_code = 15; Access denied: user deactivated; id = 424596295
Error: error_code = 15; Access denied: user deactivated; id = 431810938
Error: error_code = 30; This profile is private; id = 713157184
Error: error_code = 15; Access denied: user deactivated; id = 216417124
Error: error_code = 15; Access denied: user deactivated; id = 701794779
Error: error_code = 15; Access denied: user deactivated; id = 220005639
Error: error_code = 30; This profile is private; id = 562643251
Error: error_code = 30; This profile is private; id = 9134002
Error: error_code = 15; Access denied: user deactivated; id = 270985253
Error: error_code = 15; Access denied: user deactivated; id = 400372723
Error: error_code = 15; Access denied: user deactivated; id = 135846462
Error: error_code = 15; Access denied: user deactivated; id = 246772316
Error: error_code = 30; This profile is private; id = 306610799
Error: error_code = 30; This profile is private; id = 262851253
Error: error_code = 15; Access denied: user deactivated; id = 123223246
Error: error_code = 15; Access denied: user deactivated; id = 155574156
Error: error_code = 30; This profile is private; id = 2735042
Error: error_code = 15; Access denied: user deactivated; id = 170994028
Error: error_code = 30; This profile is private; id = 237940676
Error: error_code = 30; This profile is private; id = 348249524
Error: error_code = 30; This profile is private; id = 151762097
Error: error_code = 30; This profile is private; id = 610089355
Error: error_code = 15; Access denied: user deactivated; id = 11010811
Error: error_code = 30; This profile is private; id = 269374996
Error: error_code = 15; Access denied: user deactivated; id = 226623110
Error: error_code = 15; Access denied: user deactivated; id = 558027124
Error: error_code = 30; This profile is private; id = 545533227
Error: error_code = 30; This profile is private; id = 361928788
Error: error_code = 30; This profile is private; id = 328878926
Error: error_code = 30; This profile is private; id = 521964977
Error: error_code = 30; This profile is private; id = 267206812
Error: error_code = 30; This profile is private; id = 68307146
Error: error_code = 30; This profile is private; id = 167246179
Error: error_code = 15; Access denied: user deactivated; id = 614267025
Error: error_code = 30; This profile is private; id = 125486685
Error: error_code = 30; This profile is private; id = 680430063
Error: error_code = 15; Access denied: user deactivated; id = 196633319
Error: error_code = 30; This profile is private; id = 551887568
Error: error_code = 30; This profile is private; id = 266213404
Error: error_code = 15; Access denied: user deactivated; id = 215686064
Error: error_code = 30; This profile is private; id = 182474034
Error: error_code = 15; Access denied: user deactivated; id = 373444562
Error: error_code = 15; Access denied: user deactivated; id = 462479799
Error: error_code = 15; Access denied: user deactivated; id = 245749017
Error: error_code = 30; This profile is private; id = 19677374
Error: error_code = 15; Access denied: user deactivated; id = 226793843
Error: error_code = 30; This profile is private; id = 336790157
Error: error_code = 30; This profile is private; id = 626593602
Error: error_code = 30; This profile is private; id = 670648969
Error: error_code = 15; Access denied: user deactivated; id = 222263939
Error: error_code = 30; This profile is private; id = 507909517
Error: error_code = 30; This profile is private; id = 39411042
Error: error_code = 30; This profile is private; id = 112751333
Error: error_code = 30; This profile is private; id = 686447853
Error: error_code = 30; This profile is private; id = 697421457
Error: error_code = 30; This profile is private; id = 383921854
Error: error_code = 30; This profile is private; id = 691695610
Error: error_code = 30; This profile is private; id = 155088558
Error: error_code = 30; This profile is private; id = 5123536
Error: error_code = 15; Access denied: user deactivated; id = 396355740
Error: error_code = 30; This profile is private; id = 436270517
Error: error_code = 30; This profile is private; id = 630181507
Error: error_code = 30; This profile is private; id = 63075560
Error: error_code = 15; Access denied: user deactivated; id = 206366998
Error: error_code = 30; This profile is private; id = 95221138
Error: error_code = 15; Access denied: user deactivated; id = 490919678
Error: error_code = 30; This profile is private; id = 191654817
Error: error_code = 30; This profile is private; id = 392258212
Error: error_code = 15; Access denied: user deactivated; id = 341376435
Error: error_code = 30; This profile is private; id = 621710743
Error: error_code = 30; This profile is private; id = 36515904
Error: error_code = 30; This profile is private; id = 642834857
Error: error_code = 30; This profile is private; id = 643402724
Error: error_code = 30; This profile is private; id = 400890995
Error: error_code = 30; This profile is private; id = 619326815
Error: error_code = 15; Access denied: user deactivated; id = 607339593
Error: error_code = 30; This profile is private; id = 302435028
Error: error_code = 15; Access denied: user deactivated; id = 408978502
Error: error_code = 30; This profile is private; id = 60530996
Error: error_code = 15; Access denied: user deactivated; id = 517257945
Error: error_code = 15; Access denied: user deactivated; id = 220734672
Error: error_code = 30; This profile is private; id = 105400845
Error: error_code = 30; This profile is private; id = 529174589
Error: error_code = 30; This profile is private; id = 577981988
Error: error_code = 30; This profile is private; id = 238264009
Error: error_code = 30; This profile is private; id = 131769139
Error: error_code = 30; This profile is private; id = 2825517
Error: error_code = 15; Access denied: user deactivated; id = 474076736
Error: error_code = 30; This profile is private; id = 57877067
Error: error_code = 30; This profile is private; id = 338964261
Error: error_code = 15; Access denied: user deactivated; id = 351358901
Error: error_code = 30; This profile is private; id = 62743622
Error: error_code = 30; This profile is private; id = 264776232
Error: error_code = 30; This profile is private; id = 278496720
Error: error_code = 15; Access denied: user deactivated; id = 630830879
Error: error_code = 30; This profile is private; id = 1280306
Error: error_code = 15; Access denied: user deactivated; id = 10888901
Error: error_code = 15; Access denied: user deactivated; id = 12663169
Error: error_code = 15; Access denied: user deactivated; id = 226200440
Error: error_code = 15; Access denied: user deactivated; id = 593027286
Error: error_code = 30; This profile is private; id = 330796703
Error: error_code = 30; This profile is private; id = 76890632
Error: error_code = 30; This profile is private; id = 54097929
Error: error_code = 15; Access denied: user deactivated; id = 467140336
Error: error_code = 30; This profile is private; id = 377668108
Error: error_code = 15; Access denied: user deactivated; id = 326040376
Error: error_code = 30; This profile is private; id = 373877629
Error: error_code = 15; Access denied: user deactivated; id = 386007973
Error: error_code = 15; Access denied: user deactivated; id = 223117327
Error: error_code = 30; This profile is private; id = 356023675
Error: error_code = 30; This profile is private; id = 69139452
Error: error_code = 30; This profile is private; id = 8870487
Error: error_code = 30; This profile is private; id = 95797861
Error: error_code = 30; This profile is private; id = 367915147
Error: error_code = 15; Access denied: user deactivated; id = 182052009
Error: error_code = 30; This profile is private; id = 94806536
Error: error_code = 30; This profile is private; id = 156008434
Error: error_code = 30; This profile is private; id = 399476942
Error: error_code = 15; Access denied: user deactivated; id = 21384554
Error: error_code = 15; Access denied: user deactivated; id = 434244948
Error: error_code = 30; This profile is private; id = 155049485
Error: error_code = 30; This profile is private; id = 665412710
Error: error_code = 30; This profile is private; id = 31895907
Error: error_code = 15; Access denied: user deactivated; id = 226624725
Error: error_code = 15; Access denied: user deactivated; id = 307433697
Error: error_code = 30; This profile is private; id = 648823857
Error: error_code = 30; This profile is private; id = 20763639
Error: error_code = 15; Access denied: user deactivated; id = 408789366
Error: error_code = 30; This profile is private; id = 437943560
Error: error_code = 30; This profile is private; id = 178583465
Error: error_code = 15; Access denied: user deactivated; id = 338125471
Error: error_code = 15; Access denied: user deactivated; id = 134972953
Error: error_code = 15; Access denied: user deactivated; id = 672329691
Error: error_code = 30; This profile is private; id = 166635175
Error: error_code = 30; This profile is private; id = 710568163
Error: error_code = 15; Access denied: user deactivated; id = 308457087
Error: error_code = 30; This profile is private; id = 14245816
Error: error_code = 30; This profile is private; id = 218554671
Error: error_code = 15; Access denied: user deactivated; id = 299941622
Error: error_code = 30; This profile is private; id = 265279544
Error: error_code = 30; This profile is private; id = 229133085
Error: error_code = 30; This profile is private; id = 3030125
Error: error_code = 30; This profile is private; id = 459920498
Error: error_code = 30; This profile is private; id = 198928146
Error: error_code = 30; This profile is private; id = 387047953
Error: error_code = 30; This profile is private; id = 335679303
Error: error_code = 30; This profile is private; id = 464116579
Error: error_code = 30; This profile is private; id = 44916166
Error: error_code = 30; This profile is private; id = 114227073
Error: error_code = 30; This profile is private; id = 406210988
Error: error_code = 30; This profile is private; id = 101896990
Error: error_code = 30; This profile is private; id = 378522185
Error: error_code = 30; This profile is private; id = 395556048
Error: error_code = 15; Access denied: user deactivated; id = 372012069
Error: error_code = 30; This profile is private; id = 219074979
Error: error_code = 15; Access denied: user deactivated; id = 426633644
Error: error_code = 30; This profile is private; id = 318784398
Error: error_code = 15; Access denied: user deactivated; id = 380838206
Error: error_code = 30; This profile is private; id = 337898002
Error: error_code = 30; This profile is private; id = 174003296
Error: error_code = 30; This profile is private; id = 65846757
Error: error_code = 15; Access denied: user deactivated; id = 713909109
Error: error_code = 15; Access denied: user deactivated; id = 79949301
Error: error_code = 30; This profile is private; id = 371739510
Error: error_code = 15; Access denied: user deactivated; id = 179510986
Error: error_code = 30; This profile is private; id = 349805167
Error: error_code = 15; Access denied: user deactivated; id = 5295440
Error: error_code = 30; This profile is private; id = 543685973
Error: error_code = 30; This profile is private; id = 345982402
Error: error_code = 30; This profile is private; id = 369876540
Error: error_code = 30; This profile is private; id = 249303398
Error: error_code = 30; This profile is private; id = 321739142
Error: error_code = 30; This profile is private; id = 617196561
Error: error_code = 30; This profile is private; id = 74746282
Error: error_code = 30; This profile is private; id = 570762632
Error: error_code = 30; This profile is private; id = 638449157
Error: error_code = 15; Access denied: user deactivated; id = 599700474
Error: error_code = 30; This profile is private; id = 154169379
Error: error_code = 30; This profile is private; id = 464136652
Error: error_code = 15; Access denied: user deactivated; id = 365522979
Error: error_code = 30; This profile is private; id = 553944359
Error: error_code = 30; This profile is private; id = 33239978
Error: error_code = 15; Access denied: user deactivated; id = 400327106
Error: error_code = 15; Access denied: user deactivated; id = 360048358
Error: error_code = 30; This profile is private; id = 509616487
Error: error_code = 15; Access denied: user deactivated; id = 212991201
Error: error_code = 15; Access denied: user deactivated; id = 396571154
Error: error_code = 30; This profile is private; id = 716059973
Error: error_code = 30; This profile is private; id = 325311930
Error: error_code = 30; This profile is private; id = 236269409
Error: error_code = 15; Access denied: user deactivated; id = 703793360
Error: error_code = 30; This profile is private; id = 445796108
Error: error_code = 30; This profile is private; id = 181165513
Error: error_code = 30; This profile is private; id = 542712231
Error: error_code = 30; This profile is private; id = 581081331
Error: error_code = 30; This profile is private; id = 218570300
Error: error_code = 30; This profile is private; id = 56820028
Error: error_code = 30; This profile is private; id = 485464723
Error: error_code = 30; This profile is private; id = 318118021
Error: error_code = 30; This profile is private; id = 180093866
Error: error_code = 30; This profile is private; id = 307240079
Error: error_code = 15; Access denied: user deactivated; id = 224625752
Error: error_code = 30; This profile is private; id = 317992827
Error: error_code = 30; This profile is private; id = 534752510
Error: error_code = 30; This profile is private; id = 237726179
Error: error_code = 30; This profile is private; id = 417123213
Error: error_code = 30; This profile is private; id = 37029475
Error: error_code = 30; This profile is private; id = 364218320
Error: error_code = 15; Access denied: user deactivated; id = 210302065
Error: error_code = 30; This profile is private; id = 168363973
Error: error_code = 30; This profile is private; id = 209711619
Error: error_code = 30; This profile is private; id = 711163749
Error: error_code = 30; This profile is private; id = 1649091
Error: error_code = 30; This profile is private; id = 266931849
Error: error_code = 15; Access denied: user deactivated; id = 179418480
Error: error_code = 30; This profile is private; id = 114007358
Error: error_code = 30; This profile is private; id = 548335865
Error: error_code = 30; This profile is private; id = 361854669
Error: error_code = 30; This profile is private; id = 545628007
Error: error_code = 30; This profile is private; id = 558085438
Error: error_code = 15; Access denied: user deactivated; id = 473055437
Error: error_code = 30; This profile is private; id = 4256455
Error: error_code = 15; Access denied: user deactivated; id = 368580373
Error: error_code = 30; This profile is private; id = 72226564
Error: error_code = 30; This profile is private; id = 277462652
Error: error_code = 15; Access denied: user deactivated; id = 278970021
Error: error_code = 15; Access denied: user deactivated; id = 373223593
Error: error_code = 30; This profile is private; id = 484161446
Error: error_code = 30; This profile is private; id = 423827051
Error: error_code = 30; This profile is private; id = 381197662
Error: error_code = 30; This profile is private; id = 588438369
Error: error_code = 30; This profile is private; id = 406423587
Error: error_code = 30; This profile is private; id = 133628489
Error: error_code = 30; This profile is private; id = 344678754
Error: error_code = 30; This profile is private; id = 304357724
Error: error_code = 30; This profile is private; id = 677919176
Error: error_code = 30; This profile is private; id = 531490615
Error: error_code = 15; Access denied: user deactivated; id = 429202086
Error: error_code = 15; Access denied: user deactivated; id = 602402302
Error: error_code = 30; This profile is private; id = 191841443
Error: error_code = 30; This profile is private; id = 244636749
Error: error_code = 15; Access denied: user deactivated; id = 224919158
Error: error_code = 15; Access denied: user deactivated; id = 524362254
Error: error_code = 15; Access denied: user deactivated; id = 396349630
Error: error_code = 30; This profile is private; id = 465665630
Error: error_code = 30; This profile is private; id = 442185679
Error: error_code = 30; This profile is private; id = 102305740
Error: error_code = 30; This profile is private; id = 476508725
Error: error_code = 30; This profile is private; id = 576089412
Error: error_code = 30; This profile is private; id = 452637322
Error: error_code = 30; This profile is private; id = 45030213
Error: error_code = 30; This profile is private; id = 249800223
Error: error_code = 30; This profile is private; id = 546569998
Error: error_code = 15; Access denied: user deactivated; id = 125604759
Error: error_code = 30; This profile is private; id = 522214246
Error: error_code = 30; This profile is private; id = 607298938
Error: error_code = 15; Access denied: user deactivated; id = 544903796
Error: error_code = 15; Access denied: user deactivated; id = 425632321
Error: error_code = 30; This profile is private; id = 64119252
Error: error_code = 15; Access denied: user deactivated; id = 20436382
Error: error_code = 30; This profile is private; id = 7848445
Error: error_code = 30; This profile is private; id = 132780771
Error: error_code = 30; This profile is private; id = 9906181
Error: error_code = 30; This profile is private; id = 89687488
Error: error_code = 15; Access denied: user deactivated; id = 13912734
Error: error_code = 30; This profile is private; id = 477378451
Error: error_code = 30; This profile is private; id = 208635939
Error: error_code = 30; This profile is private; id = 439925352
Error: error_code = 15; Access denied: user deactivated; id = 202176810
Error: error_code = 30; This profile is private; id = 534956176
Error: error_code = 30; This profile is private; id = 7788956
Error: error_code = 30; This profile is private; id = 434574661
Error: error_code = 15; Access denied: user deactivated; id = 53090561
Error: error_code = 15; Access denied: user deactivated; id = 111604893
Error: error_code = 15; Access denied: user deactivated; id = 76838690
Error: error_code = 30; This profile is private; id = 185304335
Error: error_code = 15; Access denied: user deactivated; id = 133241122
Error: error_code = 15; Access denied: user deactivated; id = 344857270
Error: error_code = 15; Access denied: user deactivated; id = 303272646
Error: error_code = 30; This profile is private; id = 20777082
Error: error_code = 30; This profile is private; id = 308763423
Error: error_code = 30; This profile is private; id = 133697463
Error: error_code = 15; Access denied: user deactivated; id = 207444706
Error: error_code = 30; This profile is private; id = 393643998
Error: error_code = 30; This profile is private; id = 583416060
Error: error_code = 15; Access denied: user deactivated; id = 370015526
Error: error_code = 30; This profile is private; id = 68267391
Error: error_code = 30; This profile is private; id = 350862404
Error: error_code = 30; This profile is private; id = 380781275
Error: error_code = 30; This profile is private; id = 614815135
Error: error_code = 30; This profile is private; id = 236103769
Error: error_code = 30; This profile is private; id = 17737937
Error: error_code = 15; Access denied: user deactivated; id = 448618316
Error: error_code = 15; Access denied: user deactivated; id = 229585382
Error: error_code = 15; Access denied: user deactivated; id = 155959147
Error: error_code = 30; This profile is private; id = 545400634
Error: error_code = 30; This profile is private; id = 587574988
Error: error_code = 30; This profile is private; id = 105619808
Error: error_code = 30; This profile is private; id = 186763586
Error: error_code = 30; This profile is private; id = 439202321
Error: error_code = 15; Access denied: user deactivated; id = 683091043
Error: error_code = 30; This profile is private; id = 515170569
Error: error_code = 30; This profile is private; id = 588571461
Error: error_code = 30; This profile is private; id = 16011447
Error: error_code = 15; Access denied: user deactivated; id = 356387243
Error: error_code = 15; Access denied: user deactivated; id = 358097249
Error: error_code = 15; Access denied: user deactivated; id = 545587340
Error: error_code = 30; This profile is private; id = 3808414
Error: error_code = 30; This profile is private; id = 160317608
Error: error_code = 15; Access denied: user deactivated; id = 543478868
Error: error_code = 30; This profile is private; id = 533840250
Error: error_code = 30; This profile is private; id = 200256665
Error: error_code = 15; Access denied: user deactivated; id = 303218452
Error: error_code = 30; This profile is private; id = 617649231
Error: error_code = 30; This profile is private; id = 10247182
Error: error_code = 30; This profile is private; id = 697608379
Error: error_code = 15; Access denied: user deactivated; id = 17237905
Error: error_code = 15; Access denied: user deactivated; id = 121896978
Error: error_code = 15; Access denied: user deactivated; id = 576450552
Error: error_code = 30; This profile is private; id = 593222428
Error: error_code = 15; Access denied: user deactivated; id = 144536938
Error: error_code = 30; This profile is private; id = 438807933
Error: error_code = 30; This profile is private; id = 557297980
Error: error_code = 30; This profile is private; id = 579339829
Error: error_code = 30; This profile is private; id = 5319945
Error: error_code = 30; This profile is private; id = 194576154
Error: error_code = 30; This profile is private; id = 366497899
Error: error_code = 30; This profile is private; id = 205252230
Error: error_code = 30; This profile is private; id = 681248943
Error: error_code = 30; This profile is private; id = 153347704
Error: error_code = 30; This profile is private; id = 483327215
Error: error_code = 30; This profile is private; id = 418362700
Error: error_code = 30; This profile is private; id = 634496710
Error: error_code = 15; Access denied: user deactivated; id = 348745179
Error: error_code = 30; This profile is private; id = 249711742
Error: error_code = 15; Access denied: user deactivated; id = 492031907
Error: error_code = 30; This profile is private; id = 367784701
Error: error_code = 30; This profile is private; id = 619388784
Error: error_code = 15; Access denied: user deactivated; id = 260067157
Error: error_code = 30; This profile is private; id = 384306166
Error: error_code = 30; This profile is private; id = 448068668
Error: error_code = 15; Access denied: user deactivated; id = 419268635
Error: error_code = 30; This profile is private; id = 212573631
Error: error_code = 30; This profile is private; id = 149121035
Error: error_code = 30; This profile is private; id = 264377432
Error: error_code = 30; This profile is private; id = 713003996
Error: error_code = 30; This profile is private; id = 420085840
Error: error_code = 30; This profile is private; id = 61820526
Error: error_code = 15; Access denied: user deactivated; id = 562644407
Error: error_code = 30; This profile is private; id = 245634553
Error: error_code = 30; This profile is private; id = 98958490
Error: error_code = 30; This profile is private; id = 122339412
Error: error_code = 30; This profile is private; id = 347095248
Error: error_code = 30; This profile is private; id = 596409653
Error: error_code = 30; This profile is private; id = 133293214
Error: error_code = 15; Access denied: user deactivated; id = 590700570
Error: error_code = 30; This profile is private; id = 145217902
Error: error_code = 15; Access denied: user deactivated; id = 228876268
Error: error_code = 30; This profile is private; id = 570529360
Error: error_code = 30; This profile is private; id = 385558751
Error: error_code = 15; Access denied: user deactivated; id = 215810432
Error: error_code = 30; This profile is private; id = 93074775
Error: error_code = 30; This profile is private; id = 140292707
Error: error_code = 30; This profile is private; id = 112605972
Error: error_code = 30; This profile is private; id = 239397929
Error: error_code = 30; This profile is private; id = 340104407
Error: error_code = 15; Access denied: user deactivated; id = 218585956
Error: error_code = 30; This profile is private; id = 383607545
Error: error_code = 30; This profile is private; id = 9026060
Error: error_code = 30; This profile is private; id = 529294897
Error: error_code = 30; This profile is private; id = 407281488
Error: error_code = 30; This profile is private; id = 544486186
Error: error_code = 30; This profile is private; id = 513058401
Error: error_code = 30; This profile is private; id = 348344584
Error: error_code = 30; This profile is private; id = 197784781
Error: error_code = 15; Access denied: user deactivated; id = 211534675
Error: error_code = 15; Access denied: user deactivated; id = 362255989
Error: error_code = 15; Access denied: user deactivated; id = 463867070
Error: error_code = 30; This profile is private; id = 568735469
Error: error_code = 30; This profile is private; id = 4474897
Error: error_code = 30; This profile is private; id = 582078106
Error: error_code = 15; Access denied: user deactivated; id = 199588294
Error: error_code = 30; This profile is private; id = 481600681
Error: error_code = 30; This profile is private; id = 203984511
Error: error_code = 30; This profile is private; id = 1465724
Error: error_code = 15; Access denied: user deactivated; id = 401443159
Error: error_code = 30; This profile is private; id = 621633350
Error: error_code = 30; This profile is private; id = 230164477
Error: error_code = 30; This profile is private; id = 292790932
Error: error_code = 30; This profile is private; id = 316433758
Error: error_code = 30; This profile is private; id = 272425108
Error: error_code = 15; Access denied: user deactivated; id = 479582016
Error: error_code = 30; This profile is private; id = 259546064
Error: error_code = 15; Access denied: user deactivated; id = 281714371
Error: error_code = 15; Access denied: user deactivated; id = 219056255
Error: error_code = 30; This profile is private; id = 652330182
Error: error_code = 15; Access denied: user deactivated; id = 403974001
Error: error_code = 15; Access denied: user deactivated; id = 428208261
Error: error_code = 30; This profile is private; id = 689385457
Error: error_code = 30; This profile is private; id = 152154214
Error: error_code = 30; This profile is private; id = 615078116
Error: error_code = 30; This profile is private; id = 147255905
Error: error_code = 30; This profile is private; id = 664021968
Error: error_code = 30; This profile is private; id = 216404631
Error: error_code = 30; This profile is private; id = 645677172
Error: error_code = 30; This profile is private; id = 169004584
Error: error_code = 30; This profile is private; id = 590077110
Error: error_code = 15; Access denied: user deactivated; id = 315021010
Error: error_code = 30; This profile is private; id = 169647547
Error: error_code = 15; Access denied: user deactivated; id = 189002723
Error: error_code = 15; Access denied: user deactivated; id = 265350090
Error: error_code = 15; Access denied: user deactivated; id = 696403921
Error: error_code = 15; Access denied: user deactivated; id = 226819237
Error: error_code = 30; This profile is private; id = 135014700
Error: error_code = 15; Access denied: user deactivated; id = 427732975
Error: error_code = 15; Access denied: user deactivated; id = 151403407
Error: error_code = 30; This profile is private; id = 715991802
Error: error_code = 30; This profile is private; id = 233893761
Error: error_code = 30; This profile is private; id = 156230492
Error: error_code = 30; This profile is private; id = 278599903
Error: error_code = 30; This profile is private; id = 187164115
Error: error_code = 15; Access denied: user deactivated; id = 230638331
Error: error_code = 30; This profile is private; id = 591275189
Error: error_code = 30; This profile is private; id = 710718426
Error: error_code = 30; This profile is private; id = 100241781
Error: error_code = 30; This profile is private; id = 707196219
Error: error_code = 15; Access denied: user deactivated; id = 218579550
Error: error_code = 30; This profile is private; id = 625074412
Error: error_code = 30; This profile is private; id = 105199446
Error: error_code = 30; This profile is private; id = 709032943
Error: error_code = 30; This profile is private; id = 247952073
Error: error_code = 15; Access denied: user deactivated; id = 193864406
Error: error_code = 15; Access denied: user deactivated; id = 681676511
Error: error_code = 15; Access denied: user deactivated; id = 452678807
Error: error_code = 30; This profile is private; id = 701723733
Error: error_code = 30; This profile is private; id = 496056564
Error: error_code = 15; Access denied: user deactivated; id = 327225906
Error: error_code = 30; This profile is private; id = 378930962
Error: error_code = 30; This profile is private; id = 434784116
Error: error_code = 15; Access denied: user deactivated; id = 524829232
Error: error_code = 30; This profile is private; id = 229478813
Error: error_code = 30; This profile is private; id = 199630937
Error: error_code = 30; This profile is private; id = 328884065
Error: error_code = 30; This profile is private; id = 44960065
Error: error_code = 15; Access denied: user deactivated; id = 253652662
Error: error_code = 15; Access denied: user deactivated; id = 381597349
Error: error_code = 30; This profile is private; id = 441076633
Error: error_code = 15; Access denied: user deactivated; id = 194880103
Error: error_code = 30; This profile is private; id = 131840739
Error: error_code = 30; This profile is private; id = 28925643
Error: error_code = 15; Access denied: user deactivated; id = 18303175
Error: error_code = 30; This profile is private; id = 603164251
Error: error_code = 30; This profile is private; id = 433727433
Error: error_code = 30; This profile is private; id = 219289003
Error: error_code = 30; This profile is private; id = 251290480
Error: error_code = 30; This profile is private; id = 279133030
Error: error_code = 30; This profile is private; id = 184839059
Error: error_code = 15; Access denied: user deactivated; id = 548196071
Error: error_code = 30; This profile is private; id = 111661931
Error: error_code = 30; This profile is private; id = 472682724
Error: error_code = 15; Access denied: user deactivated; id = 626513388
Error: error_code = 30; This profile is private; id = 710177963
Error: error_code = 15; Access denied: user deactivated; id = 623991434
Error: error_code = 30; This profile is private; id = 262149344
Error: error_code = 30; This profile is private; id = 100118725
Error: error_code = 30; This profile is private; id = 655355450
Error: error_code = 30; This profile is private; id = 72954725
Error: error_code = 30; This profile is private; id = 602652584
Error: error_code = 30; This profile is private; id = 610552827
Error: error_code = 30; This profile is private; id = 353042292
Error: error_code = 30; This profile is private; id = 285476611
Error: error_code = 30; This profile is private; id = 49400002
Error: error_code = 15; Access denied: user deactivated; id = 259579037
Error: error_code = 15; Access denied: user deactivated; id = 701781660
Error: error_code = 30; This profile is private; id = 139453918
Error: error_code = 15; Access denied: user deactivated; id = 385256627
Error: error_code = 30; This profile is private; id = 250534372
Error: error_code = 30; This profile is private; id = 254403407
Error: error_code = 30; This profile is private; id = 256358173
Error: error_code = 30; This profile is private; id = 176665114
Error: error_code = 30; This profile is private; id = 261419710
Error: error_code = 15; Access denied: user deactivated; id = 85065435
Error: error_code = 15; Access denied: user deactivated; id = 710761186
Error: error_code = 15; Access denied: user deactivated; id = 475578785
Error: error_code = 30; This profile is private; id = 220370569
Error: error_code = 30; This profile is private; id = 571932628
Error: error_code = 30; This profile is private; id = 629017251
Error: error_code = 30; This profile is private; id = 201540832
Error: error_code = 15; Access denied: user deactivated; id = 260249181
Error: error_code = 30; This profile is private; id = 143118033
Error: error_code = 30; This profile is private; id = 714778805
Error: error_code = 30; This profile is private; id = 64206141
Error: error_code = 30; This profile is private; id = 24835481
Error: error_code = 15; Access denied: user deactivated; id = 677689096
Error: error_code = 30; This profile is private; id = 225958353
Error: error_code = 30; This profile is private; id = 316650047
Error: error_code = 30; This profile is private; id = 22189466
Error: error_code = 30; This profile is private; id = 207148432
Error: error_code = 15; Access denied: user deactivated; id = 501941267
Error: error_code = 30; This profile is private; id = 11805367
Error: error_code = 30; This profile is private; id = 620168636
Error: error_code = 15; Access denied: user deactivated; id = 574790086
Error: error_code = 30; This profile is private; id = 350078846
Error: error_code = 30; This profile is private; id = 171719807
Error: error_code = 30; This profile is private; id = 655258354
Error: error_code = 30; This profile is private; id = 319790488
Error: error_code = 30; This profile is private; id = 650437461
Error: error_code = 15; Access denied: user deactivated; id = 193502574
Error: error_code = 30; This profile is private; id = 613747720
Error: error_code = 30; This profile is private; id = 635288838
Error: error_code = 30; This profile is private; id = 325304488
Error: error_code = 30; This profile is private; id = 346574685
Error: error_code = 30; This profile is private; id = 126691193
Error: error_code = 15; Access denied: user deactivated; id = 221724273
Error: error_code = 15; Access denied: user deactivated; id = 224168763
Error: error_code = 30; This profile is private; id = 197461385
Error: error_code = 30; This profile is private; id = 58222784
Error: error_code = 30; This profile is private; id = 457886339
Error: error_code = 30; This profile is private; id = 442976400
Error: error_code = 30; This profile is private; id = 48421408
Error: error_code = 15; Access denied: user deactivated; id = 452634489
Error: error_code = 30; This profile is private; id = 295975903
Error: error_code = 30; This profile is private; id = 133808484
Error: error_code = 30; This profile is private; id = 706400571
Error: error_code = 30; This profile is private; id = 222793422
Error: error_code = 15; Access denied: user deactivated; id = 346379250
Error: error_code = 30; This profile is private; id = 103327057
Error: error_code = 15; Access denied: user deactivated; id = 351652109
Error: error_code = 30; This profile is private; id = 96358122
Error: error_code = 30; This profile is private; id = 425419272
Error: error_code = 15; Access denied: user deactivated; id = 431024108
Error: error_code = 30; This profile is private; id = 116642659
Error: error_code = 15; Access denied: user deactivated; id = 404121541
Error: error_code = 30; This profile is private; id = 2263081
Error: error_code = 30; This profile is private; id = 476847976
Error: error_code = 30; This profile is private; id = 148371297
Error: error_code = 15; Access denied: user deactivated; id = 439510701
Error: error_code = 30; This profile is private; id = 438983997
Error: error_code = 30; This profile is private; id = 390004241
Error: error_code = 15; Access denied: user deactivated; id = 222859071
Error: error_code = 30; This profile is private; id = 536346821
Error: error_code = 30; This profile is private; id = 206210486
Error: error_code = 30; This profile is private; id = 632903984
Error: error_code = 15; Access denied: user deactivated; id = 622742527
Error: error_code = 30; This profile is private; id = 637923948
Error: error_code = 30; This profile is private; id = 456338155
Error: error_code = 30; This profile is private; id = 426418121
Error: error_code = 30; This profile is private; id = 43208918
Error: error_code = 15; Access denied: user deactivated; id = 69354643
Error: error_code = 30; This profile is private; id = 92230293
Error: error_code = 30; This profile is private; id = 111147357
Error: error_code = 15; Access denied: user deactivated; id = 434333147
Error: error_code = 30; This profile is private; id = 74037722
Error: error_code = 15; Access denied: user deactivated; id = 344995845
Error: error_code = 30; This profile is private; id = 69764518
Error: error_code = 30; This profile is private; id = 622754286
Error: error_code = 15; Access denied: user deactivated; id = 416535332
Error: error_code = 30; This profile is private; id = 281539357
Error: error_code = 15; Access denied: user deactivated; id = 425020200
Error: error_code = 15; Access denied: user deactivated; id = 323924308
Error: error_code = 30; This profile is private; id = 571771005
Error: error_code = 30; This profile is private; id = 577186014
Error: error_code = 15; Access denied: user deactivated; id = 457268819
Error: error_code = 30; This profile is private; id = 68310325
Error: error_code = 30; This profile is private; id = 6269006
Error: error_code = 15; Access denied: user deactivated; id = 208418050
Error: error_code = 30; This profile is private; id = 291260597
Error: error_code = 15; Access denied: user deactivated; id = 229552869
Error: error_code = 30; This profile is private; id = 713808740
Error: error_code = 30; This profile is private; id = 708669959
Error: error_code = 30; This profile is private; id = 620179797
Error: error_code = 30; This profile is private; id = 653823577
Error: error_code = 30; This profile is private; id = 185588795
Error: error_code = 30; This profile is private; id = 563370475
Error: error_code = 30; This profile is private; id = 530499090
Error: error_code = 30; This profile is private; id = 533877334
Error: error_code = 30; This profile is private; id = 188834215
Error: error_code = 30; This profile is private; id = 90419844
Error: error_code = 30; This profile is private; id = 95567505
Error: error_code = 15; Access denied: user deactivated; id = 220421481
Error: error_code = 15; Access denied: user deactivated; id = 430558794
Error: error_code = 30; This profile is private; id = 217544183
Error: error_code = 30; This profile is private; id = 162216778
Error: error_code = 15; Access denied: user deactivated; id = 351651686
Error: error_code = 30; This profile is private; id = 211438458
Error: error_code = 30; This profile is private; id = 355629384
Error: error_code = 30; This profile is private; id = 432151270
Error: error_code = 30; This profile is private; id = 216741176
Error: error_code = 15; Access denied: user deactivated; id = 19884890
Error: error_code = 30; This profile is private; id = 423484540
Error: error_code = 30; This profile is private; id = 684047766
Error: error_code = 30; This profile is private; id = 197636098
Error: error_code = 30; This profile is private; id = 152376029
Error: error_code = 15; Access denied: user deactivated; id = 417900271
Error: error_code = 30; This profile is private; id = 666124055
Error: error_code = 30; This profile is private; id = 329034960
Error: error_code = 30; This profile is private; id = 526507535
Error: error_code = 30; This profile is private; id = 646683938
Error: error_code = 30; This profile is private; id = 714607411
Error: error_code = 30; This profile is private; id = 672438734
Error: error_code = 30; This profile is private; id = 231512794
Error: error_code = 30; This profile is private; id = 305905915
Error: error_code = 30; This profile is private; id = 499200605
Error: error_code = 15; Access denied: user deactivated; id = 290840880
Error: error_code = 30; This profile is private; id = 215596204
Error: error_code = 30; This profile is private; id = 713722439
Error: error_code = 30; This profile is private; id = 16925589
Error: error_code = 30; This profile is private; id = 80386229
Error: error_code = 30; This profile is private; id = 212254037
Error: error_code = 30; This profile is private; id = 445998102
Error: error_code = 15; Access denied: user deactivated; id = 542147395
Error: error_code = 30; This profile is private; id = 410499864
Error: error_code = 15; Access denied: user deactivated; id = 165265717
Error: error_code = 30; This profile is private; id = 691761448
Error: error_code = 30; This profile is private; id = 269697697
Error: error_code = 15; Access denied: user deactivated; id = 310303760
Error: error_code = 30; This profile is private; id = 93869126
Error: error_code = 30; This profile is private; id = 614447408
Error: error_code = 30; This profile is private; id = 492243614
Error: error_code = 30; This profile is private; id = 211019848
Error: error_code = 30; This profile is private; id = 684335281
Error: error_code = 30; This profile is private; id = 168172129
Error: error_code = 30; This profile is private; id = 99002176
Error: error_code = 15; Access denied: user deactivated; id = 253299082
Error: error_code = 30; This profile is private; id = 108189705
Error: error_code = 30; This profile is private; id = 659461789
Error: error_code = 15; Access denied: user deactivated; id = 565884001
Error: error_code = 15; Access denied: user deactivated; id = 698802227
Error: error_code = 15; Access denied: user deactivated; id = 229061738
Error: error_code = 30; This profile is private; id = 508108774
Error: error_code = 30; This profile is private; id = 73147614
Error: error_code = 15; Access denied: user deactivated; id = 411143365
Error: error_code = 15; Access denied: user deactivated; id = 394813535
Error: error_code = 30; This profile is private; id = 273174031
Error: error_code = 15; Access denied: user deactivated; id = 254493417
Error: error_code = 30; This profile is private; id = 315936784
Error: error_code = 30; This profile is private; id = 521209601
Error: error_code = 30; This profile is private; id = 233989644
Error: error_code = 15; Access denied: user deactivated; id = 438520028
Error: error_code = 30; This profile is private; id = 707192490
Error: error_code = 30; This profile is private; id = 421361166
Error: error_code = 30; This profile is private; id = 464286237
Error: error_code = 30; This profile is private; id = 135854378
Error: error_code = 15; Access denied: user deactivated; id = 515237795
Error: error_code = 15; Access denied: user deactivated; id = 697423983
Error: error_code = 30; This profile is private; id = 177112263
Error: error_code = 30; This profile is private; id = 10952402
Error: error_code = 30; This profile is private; id = 432662484
Error: error_code = 30; This profile is private; id = 702665679
Error: error_code = 30; This profile is private; id = 259903135
Error: error_code = 30; This profile is private; id = 38096412
Error: error_code = 30; This profile is private; id = 370445245
Error: error_code = 30; This profile is private; id = 3616795
Error: error_code = 30; This profile is private; id = 151834217
Error: error_code = 15; Access denied: user deactivated; id = 232522103
Error: error_code = 30; This profile is private; id = 28923295
Error: error_code = 30; This profile is private; id = 98389824
Error: error_code = 15; Access denied: user deactivated; id = 542571672
Error: error_code = 30; This profile is private; id = 440702065
Error: error_code = 30; This profile is private; id = 88800950
Error: error_code = 15; Access denied: user deactivated; id = 172865481
Error: error_code = 15; Access denied: user deactivated; id = 212205080
Error: error_code = 15; Access denied: user deactivated; id = 541471426
Error: error_code = 30; This profile is private; id = 459720312
Error: error_code = 15; Access denied: user deactivated; id = 319342274
Error: error_code = 30; This profile is private; id = 61121851
Error: error_code = 30; This profile is private; id = 461009110
Error: error_code = 30; This profile is private; id = 118584780
Error: error_code = 30; This profile is private; id = 601606233
Error: error_code = 15; Access denied: user deactivated; id = 142823443
Error: error_code = 30; This profile is private; id = 332581972
Error: error_code = 15; Access denied: user deactivated; id = 318704887
Error: error_code = 15; Access denied: user deactivated; id = 376771635
Error: error_code = 30; This profile is private; id = 379140487
Error: error_code = 15; Access denied: user deactivated; id = 388791333
Error: error_code = 30; This profile is private; id = 19900200
Error: error_code = 30; This profile is private; id = 458980510
Error: error_code = 30; This profile is private; id = 313366041
Error: error_code = 30; This profile is private; id = 113506894
Error: error_code = 30; This profile is private; id = 3909271
Error: error_code = 30; This profile is private; id = 438515773
Error: error_code = 30; This profile is private; id = 50229298
Error: error_code = 30; This profile is private; id = 98226657
Error: error_code = 30; This profile is private; id = 239097230
Error: error_code = 30; This profile is private; id = 2619592
Error: error_code = 15; Access denied: user deactivated; id = 38758950
Error: error_code = 15; Access denied: user deactivated; id = 714539573
Error: error_code = 30; This profile is private; id = 26934049
Error: error_code = 30; This profile is private; id = 198538893
Error: error_code = 15; Access denied: user deactivated; id = 184956228
Error: error_code = 30; This profile is private; id = 5447749
Error: error_code = 30; This profile is private; id = 398087662
Error: error_code = 30; This profile is private; id = 547868396
Error: error_code = 30; This profile is private; id = 195893164
Error: error_code = 15; Access denied: user deactivated; id = 565341790
Error: error_code = 30; This profile is private; id = 176291385
Error: error_code = 15; Access denied: user deactivated; id = 205087406
Error: error_code = 15; Access denied: user deactivated; id = 18596672
Error: error_code = 30; This profile is private; id = 336693754
Error: error_code = 15; Access denied: user deactivated; id = 234393225
Error: error_code = 15; Access denied: user deactivated; id = 41130709
Error: error_code = 30; This profile is private; id = 640702179
Error: error_code = 30; This profile is private; id = 352476467
Error: error_code = 15; Access denied: user deactivated; id = 161782222
Error: error_code = 30; This profile is private; id = 281382249
Error: error_code = 30; This profile is private; id = 553702488
Error: error_code = 30; This profile is private; id = 489952020
Error: error_code = 30; This profile is private; id = 593350465
Error: error_code = 30; This profile is private; id = 583529104
Error: error_code = 30; This profile is private; id = 2124413
Error: error_code = 15; Access denied: user deactivated; id = 134147294
Error: error_code = 30; This profile is private; id = 198143530
Error: error_code = 30; This profile is private; id = 146582769
Error: error_code = 30; This profile is private; id = 114627460
Error: error_code = 15; Access denied: user deactivated; id = 427135778
Error: error_code = 30; This profile is private; id = 562689899
Error: error_code = 30; This profile is private; id = 116838417
Error: error_code = 30; This profile is private; id = 366567807
Error: error_code = 30; This profile is private; id = 546306111
Error: error_code = 30; This profile is private; id = 17187618
Error: error_code = 30; This profile is private; id = 687238749
Error: error_code = 30; This profile is private; id = 26609311
Error: error_code = 30; This profile is private; id = 176351692
Error: error_code = 15; Access denied: user deactivated; id = 220092459
Error: error_code = 30; This profile is private; id = 2890505
Error: error_code = 30; This profile is private; id = 92413213
Error: error_code = 15; Access denied: user deactivated; id = 714755410
Error: error_code = 30; This profile is private; id = 512617051
Error: error_code = 30; This profile is private; id = 147940402
Error: error_code = 15; Access denied: user deactivated; id = 229623113
Error: error_code = 30; This profile is private; id = 524671088
Error: error_code = 15; Access denied: user deactivated; id = 37498393
Error: error_code = 30; This profile is private; id = 537247274
Error: error_code = 15; Access denied: user deactivated; id = 206481587
Error: error_code = 30; This profile is private; id = 459320443
Error: error_code = 30; This profile is private; id = 258635760
Error: error_code = 15; Access denied: user deactivated; id = 702559155
Error: error_code = 30; This profile is private; id = 16623521
Error: error_code = 15; Access denied: user deactivated; id = 356308756
Error: error_code = 15; Access denied: user deactivated; id = 169988610
Error: error_code = 30; This profile is private; id = 6087105
Error: error_code = 30; This profile is private; id = 239775533
Error: error_code = 30; This profile is private; id = 424541646
Error: error_code = 15; Access denied: user deactivated; id = 547576373
Error: error_code = 15; Access denied: user deactivated; id = 422881626
Error: error_code = 30; This profile is private; id = 177313916
Error: error_code = 30; This profile is private; id = 129034948
Error: error_code = 30; This profile is private; id = 257086602
Error: error_code = 30; This profile is private; id = 275266474
Error: error_code = 30; This profile is private; id = 108787215
Error: error_code = 15; Access denied: user deactivated; id = 668835049
Error: error_code = 30; This profile is private; id = 713159629
Error: error_code = 15; Access denied: user deactivated; id = 53043568
Error: error_code = 15; Access denied: user deactivated; id = 254408170
Error: error_code = 30; This profile is private; id = 137736860
Error: error_code = 30; This profile is private; id = 174211984
Error: error_code = 30; This profile is private; id = 502109278
Error: error_code = 30; This profile is private; id = 281073583
Error: error_code = 30; This profile is private; id = 134559289
Error: error_code = 15; Access denied: user deactivated; id = 120668124
Error: error_code = 15; Access denied: user deactivated; id = 345806632
Error: error_code = 15; Access denied: user deactivated; id = 21384139
Error: error_code = 30; This profile is private; id = 644556247
Error: error_code = 30; This profile is private; id = 308081072
Error: error_code = 30; This profile is private; id = 471576118
Error: error_code = 30; This profile is private; id = 255073018
Error: error_code = 15; Access denied: user deactivated; id = 442832689
Error: error_code = 15; Access denied: user deactivated; id = 536605725
Error: error_code = 15; Access denied: user deactivated; id = 218448616
Error: error_code = 30; This profile is private; id = 243697615
Error: error_code = 30; This profile is private; id = 633775355
Error: error_code = 30; This profile is private; id = 541768165
Error: error_code = 15; Access denied: user deactivated; id = 343854185
Error: error_code = 30; This profile is private; id = 631544090
Error: error_code = 30; This profile is private; id = 85653716
Error: error_code = 30; This profile is private; id = 574909245
Error: error_code = 15; Access denied: user deactivated; id = 156799422
Error: error_code = 30; This profile is private; id = 642716235
Error: error_code = 30; This profile is private; id = 90046778
Error: error_code = 30; This profile is private; id = 44599084
Error: error_code = 15; Access denied: user deactivated; id = 652237395
Error: error_code = 30; This profile is private; id = 560495857
Error: error_code = 15; Access denied: user deactivated; id = 564716687
Error: error_code = 30; This profile is private; id = 223006185
Error: error_code = 30; This profile is private; id = 535930946
Error: error_code = 30; This profile is private; id = 109341389
Error: error_code = 30; This profile is private; id = 114689162
Error: error_code = 15; Access denied: user deactivated; id = 46593419
Error: error_code = 30; This profile is private; id = 196995830
Error: error_code = 30; This profile is private; id = 49701607
Error: error_code = 30; This profile is private; id = 9271294
Error: error_code = 30; This profile is private; id = 2986926
Error: error_code = 15; Access denied: user deactivated; id = 422536871
Error: error_code = 15; Access denied: user deactivated; id = 422875263
Error: error_code = 15; Access denied: user deactivated; id = 17938592
Error: error_code = 30; This profile is private; id = 101928225
Error: error_code = 30; This profile is private; id = 417463449
Error: error_code = 30; This profile is private; id = 357197229
Error: error_code = 30; This profile is private; id = 530773032
Error: error_code = 15; Access denied: user deactivated; id = 508864187
Error: error_code = 30; This profile is private; id = 617911113
Error: error_code = 15; Access denied: user deactivated; id = 103370719
Error: error_code = 15; Access denied: user deactivated; id = 403296215
Error: error_code = 15; Access denied: user deactivated; id = 221344721
Error: error_code = 15; Access denied: user deactivated; id = 424679017
Error: error_code = 15; Access denied: user deactivated; id = 430116691
Error: error_code = 30; This profile is private; id = 467592508
Error: error_code = 15; Access denied: user deactivated; id = 37612002
Error: error_code = 30; This profile is private; id = 58824720
Error: error_code = 30; This profile is private; id = 398335839
Error: error_code = 30; This profile is private; id = 89425928
Error: error_code = 30; This profile is private; id = 574991008
Error: error_code = 15; Access denied: user deactivated; id = 715139095
Error: error_code = 30; This profile is private; id = 112858247
Error: error_code = 30; This profile is private; id = 600861114
Error: error_code = 30; This profile is private; id = 164823050
Error: error_code = 30; This profile is private; id = 193772519
Error: error_code = 30; This profile is private; id = 575156099
Error: error_code = 30; This profile is private; id = 65638064
Error: error_code = 30; This profile is private; id = 448623319
Error: error_code = 15; Access denied: user deactivated; id = 618020335
Error: error_code = 30; This profile is private; id = 567250796
Error: error_code = 30; This profile is private; id = 602173466
Error: error_code = 30; This profile is private; id = 359190965
Error: error_code = 30; This profile is private; id = 110545774
Error: error_code = 15; Access denied: user deactivated; id = 220489436
Error: error_code = 30; This profile is private; id = 276943966
Error: error_code = 30; This profile is private; id = 588944225
Error: error_code = 30; This profile is private; id = 198630338
Error: error_code = 30; This profile is private; id = 17652428
Error: error_code = 30; This profile is private; id = 384191572
Error: error_code = 15; Access denied: user deactivated; id = 409329627
Error: error_code = 30; This profile is private; id = 619076919
Error: error_code = 30; This profile is private; id = 369448635
Error: error_code = 30; This profile is private; id = 20885283
Error: error_code = 30; This profile is private; id = 699730962
Error: error_code = 15; Access denied: user deactivated; id = 368916607
Error: error_code = 30; This profile is private; id = 317534570
Error: error_code = 15; Access denied: user deactivated; id = 344648644
Error: error_code = 15; Access denied: user deactivated; id = 407810208
Error: error_code = 30; This profile is private; id = 152503989
Error: error_code = 30; This profile is private; id = 369693824
Error: error_code = 30; This profile is private; id = 499071983
Error: error_code = 15; Access denied: user deactivated; id = 327925363
Error: error_code = 15; Access denied: user deactivated; id = 137223998
Error: error_code = 30; This profile is private; id = 533443671
Error: error_code = 30; This profile is private; id = 47322743
Error: error_code = 15; Access denied: user deactivated; id = 527010455
Error: error_code = 30; This profile is private; id = 160807433
Error: error_code = 30; This profile is private; id = 427998015
Error: error_code = 30; This profile is private; id = 151085837
Error: error_code = 30; This profile is private; id = 7525805
Error: error_code = 15; Access denied: user deactivated; id = 101840641
Error: error_code = 30; This profile is private; id = 139658808
Error: error_code = 15; Access denied: user deactivated; id = 214844993
Error: error_code = 15; Access denied: user deactivated; id = 295973467
Error: error_code = 15; Access denied: user deactivated; id = 642646613
Error: error_code = 15; Access denied: user deactivated; id = 572405599
Error: error_code = 30; This profile is private; id = 253776603
Error: error_code = 30; This profile is private; id = 18302061
Error: error_code = 15; Access denied: user deactivated; id = 545299788
Error: error_code = 30; This profile is private; id = 472343163
Error: error_code = 30; This profile is private; id = 364487037
Error: error_code = 15; Access denied: user deactivated; id = 408143122
Error: error_code = 30; This profile is private; id = 562775447
Error: error_code = 30; This profile is private; id = 372468538
Error: error_code = 30; This profile is private; id = 667834756
Error: error_code = 15; Access denied: user deactivated; id = 610808348
Error: error_code = 30; This profile is private; id = 184896266
Error: error_code = 30; This profile is private; id = 6894606
Error: error_code = 15; Access denied: user deactivated; id = 54871628
Error: error_code = 30; This profile is private; id = 532724790
Error: error_code = 15; Access denied: user deactivated; id = 570449242
Error: error_code = 30; This profile is private; id = 460978926
Error: error_code = 15; Access denied: user deactivated; id = 696744
Error: error_code = 30; This profile is private; id = 563931536
Error: error_code = 15; Access denied: user deactivated; id = 576785843
Error: error_code = 30; This profile is private; id = 11778417
Error: error_code = 30; This profile is private; id = 494378409
Error: error_code = 15; Access denied: user deactivated; id = 233265527
Error: error_code = 30; This profile is private; id = 116016621
Error: error_code = 15; Access denied: user deactivated; id = 382308409
Error: error_code = 15; Access denied: user deactivated; id = 17246291
Error: error_code = 30; This profile is private; id = 322598039
Error: error_code = 30; This profile is private; id = 60245710
Error: error_code = 30; This profile is private; id = 490967495
Error: error_code = 30; This profile is private; id = 450745998
Error: error_code = 15; Access denied: user deactivated; id = 178743932
Error: error_code = 15; Access denied: user deactivated; id = 364985210
Error: error_code = 30; This profile is private; id = 232410602
Error: error_code = 15; Access denied: user deactivated; id = 172175372
Error: error_code = 30; This profile is private; id = 173707194
Error: error_code = 30; This profile is private; id = 17391899
Error: error_code = 30; This profile is private; id = 718446817
Error: error_code = 15; Access denied: user deactivated; id = 373673088
Error: error_code = 15; Access denied: user deactivated; id = 616193356
Error: error_code = 30; This profile is private; id = 2218022
Error: error_code = 30; This profile is private; id = 296553067
Error: error_code = 15; Access denied: user deactivated; id = 520191603
Error: error_code = 30; This profile is private; id = 481865037
Error: error_code = 15; Access denied: user deactivated; id = 428905601
Error: error_code = 30; This profile is private; id = 480476256
Error: error_code = 30; This profile is private; id = 578727665
Error: error_code = 15; Access denied: user deactivated; id = 250729351
Error: error_code = 30; This profile is private; id = 622592507
Error: error_code = 30; This profile is private; id = 646270276
Error: error_code = 30; This profile is private; id = 497729216
Error: error_code = 30; This profile is private; id = 134042627
Error: error_code = 15; Access denied: user deactivated; id = 169452260
Error: error_code = 30; This profile is private; id = 69955305
Error: error_code = 30; This profile is private; id = 550592487
Error: error_code = 30; This profile is private; id = 675662572
Error: error_code = 30; This profile is private; id = 182349430
Error: error_code = 15; Access denied: user deactivated; id = 243681670
Error: error_code = 15; Access denied: user deactivated; id = 277275377
Error: error_code = 30; This profile is private; id = 346048586
Error: error_code = 30; This profile is private; id = 499785198
Error: error_code = 15; Access denied: user deactivated; id = 587330308
Error: error_code = 30; This profile is private; id = 125490329
Error: error_code = 30; This profile is private; id = 3838400
Error: error_code = 30; This profile is private; id = 485288726
Error: error_code = 15; Access denied: user deactivated; id = 26279256
Error: error_code = 15; Access denied: user deactivated; id = 330298345
Error: error_code = 30; This profile is private; id = 279780625
Error: error_code = 15; Access denied: user deactivated; id = 240436618
Error: error_code = 15; Access denied: user deactivated; id = 160036716
Error: error_code = 30; This profile is private; id = 512735775
Error: error_code = 30; This profile is private; id = 150503731
Error: error_code = 15; Access denied: user deactivated; id = 506046872
Error: error_code = 30; This profile is private; id = 589363249
Error: error_code = 30; This profile is private; id = 607701875
Error: error_code = 15; Access denied: user deactivated; id = 174668019
Error: error_code = 15; Access denied: user deactivated; id = 428204477
Error: error_code = 15; Access denied: user deactivated; id = 79387043
Error: error_code = 30; This profile is private; id = 690444455
Error: error_code = 15; Access denied: user deactivated; id = 433946123
Error: error_code = 30; This profile is private; id = 1819867
Error: error_code = 30; This profile is private; id = 338610569
Error: error_code = 30; This profile is private; id = 145983333
Error: error_code = 30; This profile is private; id = 618950078
Error: error_code = 15; Access denied: user deactivated; id = 227610038
Error: error_code = 15; Access denied: user deactivated; id = 243304392
Error: error_code = 15; Access denied: user deactivated; id = 286221288
Error: error_code = 30; This profile is private; id = 57757060
Error: error_code = 15; Access denied: user deactivated; id = 429989037
Error: error_code = 15; Access denied: user deactivated; id = 616940866
Error: error_code = 30; This profile is private; id = 210560041
Error: error_code = 30; This profile is private; id = 690688745
Error: error_code = 15; Access denied: user deactivated; id = 214163835
Error: error_code = 30; This profile is private; id = 679077729
Error: error_code = 30; This profile is private; id = 127839831
Error: error_code = 30; This profile is private; id = 660752929
Error: error_code = 30; This profile is private; id = 677719277
Error: error_code = 30; This profile is private; id = 629683196
Error: error_code = 30; This profile is private; id = 260976176
Error: error_code = 30; This profile is private; id = 144889702
Error: error_code = 15; Access denied: user deactivated; id = 685207479
Error: error_code = 30; This profile is private; id = 411094187
Error: error_code = 15; Access denied: user deactivated; id = 327893298
Error: error_code = 30; This profile is private; id = 507010955
Error: error_code = 30; This profile is private; id = 259223373
Error: error_code = 30; This profile is private; id = 171072664
Error: error_code = 30; This profile is private; id = 626877573
Error: error_code = 30; This profile is private; id = 445948532
Error: error_code = 15; Access denied: user deactivated; id = 532959464
Error: error_code = 15; Access denied: user deactivated; id = 168200326
Error: error_code = 15; Access denied: user deactivated; id = 125111163
Error: error_code = 30; This profile is private; id = 527479123
Error: error_code = 15; Access denied: user deactivated; id = 205215902
Error: error_code = 30; This profile is private; id = 368844290
Error: error_code = 30; This profile is private; id = 687976653
Error: error_code = 30; This profile is private; id = 39070695
Error: error_code = 30; This profile is private; id = 643338755
Error: error_code = 30; This profile is private; id = 673132138
Error: error_code = 30; This profile is private; id = 683530092
Error: error_code = 15; Access denied: user deactivated; id = 477594388
Error: error_code = 15; Access denied: user deactivated; id = 164057069
Error: error_code = 30; This profile is private; id = 80807417
Error: error_code = 30; This profile is private; id = 18784365
Error: error_code = 30; This profile is private; id = 477219853
Error: error_code = 15; Access denied: user deactivated; id = 15606851
Error: error_code = 15; Access denied: user deactivated; id = 420412118
Error: error_code = 15; Access denied: user deactivated; id = 384479522
Error: error_code = 15; Access denied: user deactivated; id = 225118808
Error: error_code = 15; Access denied: user deactivated; id = 710123061
Error: error_code = 15; Access denied: user deactivated; id = 475156870
Error: error_code = 30; This profile is private; id = 693745621
Error: error_code = 15; Access denied: user deactivated; id = 293648804
Error: error_code = 15; Access denied: user deactivated; id = 354382156
Error: error_code = 30; This profile is private; id = 56108777
Error: error_code = 30; This profile is private; id = 54222315
Error: error_code = 15; Access denied: user deactivated; id = 444117026
Error: error_code = 30; This profile is private; id = 699175534
Error: error_code = 30; This profile is private; id = 525367104
Error: error_code = 30; This profile is private; id = 171513529
Error: error_code = 15; Access denied: user deactivated; id = 185198187
Error: error_code = 15; Access denied: user deactivated; id = 140675654
Error: error_code = 15; Access denied: user deactivated; id = 232359908
Error: error_code = 30; This profile is private; id = 599755369
Error: error_code = 30; This profile is private; id = 27571719
Error: error_code = 15; Access denied: user deactivated; id = 443439475
Error: error_code = 15; Access denied: user deactivated; id = 171578572
Error: error_code = 30; This profile is private; id = 282630755
Error: error_code = 30; This profile is private; id = 273914663
Error: error_code = 15; Access denied: user deactivated; id = 540004352
Error: error_code = 30; This profile is private; id = 85691207
Error: error_code = 15; Access denied: user deactivated; id = 357298761
Error: error_code = 30; This profile is private; id = 4414528
Error: error_code = 15; Access denied: user deactivated; id = 353384810
Error: error_code = 30; This profile is private; id = 90937390
Error: error_code = 15; Access denied: user deactivated; id = 224570893
Error: error_code = 15; Access denied: user deactivated; id = 435659802
Error: error_code = 15; Access denied: user deactivated; id = 714853292
Error: error_code = 30; This profile is private; id = 212908489
Error: error_code = 15; Access denied: user deactivated; id = 239102667
Error: error_code = 30; This profile is private; id = 49858226
Error: error_code = 15; Access denied: user deactivated; id = 187098887
Error: error_code = 30; This profile is private; id = 3841355
Error: error_code = 15; Access denied: user deactivated; id = 504501884
Error: error_code = 15; Access denied: user deactivated; id = 425092101
Error: error_code = 15; Access denied: user deactivated; id = 547575312
Error: error_code = 30; This profile is private; id = 17259689
Error: error_code = 30; This profile is private; id = 124423659
Error: error_code = 30; This profile is private; id = 667939857
Error: error_code = 15; Access denied: user deactivated; id = 72614763
Error: error_code = 15; Access denied: user deactivated; id = 227524648
Error: error_code = 30; This profile is private; id = 251311322
Error: error_code = 30; This profile is private; id = 619803252
Error: error_code = 15; Access denied: user deactivated; id = 705404916
Error: error_code = 15; Access denied: user deactivated; id = 715038050
Error: error_code = 30; This profile is private; id = 346747654
Error: error_code = 15; Access denied: user deactivated; id = 33440967
Error: error_code = 30; This profile is private; id = 173160265
Error: error_code = 30; This profile is private; id = 46034542
Error: error_code = 30; This profile is private; id = 372076681
Error: error_code = 30; This profile is private; id = 212942540
Error: error_code = 30; This profile is private; id = 620442888
Error: error_code = 30; This profile is private; id = 353029258
Error: error_code = 15; Access denied: user deactivated; id = 668859561
Error: error_code = 30; This profile is private; id = 32897373
Error: error_code = 30; This profile is private; id = 223717008
Error: error_code = 15; Access denied: user deactivated; id = 414912533
Error: error_code = 30; This profile is private; id = 494389037
Error: error_code = 30; This profile is private; id = 162908715
Error: error_code = 30; This profile is private; id = 223757562
Error: error_code = 30; This profile is private; id = 576278425
Error: error_code = 15; Access denied: user deactivated; id = 558279828
Error: error_code = 15; Access denied: user deactivated; id = 392264145
Error: error_code = 15; Access denied: user deactivated; id = 702541782
Error: error_code = 30; This profile is private; id = 7955825
Error: error_code = 15; Access denied: user deactivated; id = 451524383
Error: error_code = 15; Access denied: user deactivated; id = 186977573
Error: error_code = 15; Access denied: user deactivated; id = 690482793
Error: error_code = 15; Access denied: user deactivated; id = 288597582
Error: error_code = 15; Access denied: user deactivated; id = 304358913
Error: error_code = 15; Access denied: user deactivated; id = 464463357
Error: error_code = 15; Access denied: user deactivated; id = 582881433
Error: error_code = 30; This profile is private; id = 585582175
Error: error_code = 30; This profile is private; id = 621789621
Error: error_code = 30; This profile is private; id = 192811641
Error: error_code = 15; Access denied: user deactivated; id = 226634749
Error: error_code = 15; Access denied: user deactivated; id = 666602673
Error: error_code = 30; This profile is private; id = 590748277
Error: error_code = 30; This profile is private; id = 247944336
Error: error_code = 15; Access denied: user deactivated; id = 278715980
Error: error_code = 30; This profile is private; id = 502025075
Error: error_code = 15; Access denied: user deactivated; id = 234851030
Error: error_code = 30; This profile is private; id = 14590249
Error: error_code = 30; This profile is private; id = 267577941
Error: error_code = 30; This profile is private; id = 210017644
Error: error_code = 30; This profile is private; id = 475499104
Error: error_code = 30; This profile is private; id = 216925126
Error: error_code = 30; This profile is private; id = 21464043
Error: error_code = 15; Access denied: user deactivated; id = 453979825
Error: error_code = 30; This profile is private; id = 328590558
Error: error_code = 15; Access denied: user deactivated; id = 195767704
Error: error_code = 30; This profile is private; id = 371210687
Error: error_code = 30; This profile is private; id = 625486544
Error: error_code = 30; This profile is private; id = 467401557
Error: error_code = 30; This profile is private; id = 82372075
Error: error_code = 30; This profile is private; id = 480234198
Error: error_code = 30; This profile is private; id = 11582484
Error: error_code = 15; Access denied: user deactivated; id = 18775144
Error: error_code = 30; This profile is private; id = 7207793
Error: error_code = 30; This profile is private; id = 60828269
Error: error_code = 30; This profile is private; id = 580279625
Error: error_code = 30; This profile is private; id = 650386837
Error: error_code = 30; This profile is private; id = 707834516
Error: error_code = 30; This profile is private; id = 137652412
Error: error_code = 30; This profile is private; id = 142500071
Error: error_code = 30; This profile is private; id = 151020634
Error: error_code = 30; This profile is private; id = 140700732
Error: error_code = 15; Access denied: user deactivated; id = 372531934
Error: error_code = 15; Access denied: user deactivated; id = 451774254
Error: error_code = 30; This profile is private; id = 223587279
Error: error_code = 15; Access denied: user deactivated; id = 388299915
Error: error_code = 30; This profile is private; id = 199400105
Error: error_code = 15; Access denied: user deactivated; id = 262275635
Error: error_code = 30; This profile is private; id = 364575717
Error: error_code = 15; Access denied: user deactivated; id = 304055458
Error: error_code = 15; Access denied: user deactivated; id = 426682997
Error: error_code = 15; Access denied: user deactivated; id = 440727318
Error: error_code = 30; This profile is private; id = 218666743
Error: error_code = 30; This profile is private; id = 529315393
Error: error_code = 30; This profile is private; id = 517232644
Error: error_code = 30; This profile is private; id = 395252647
Error: error_code = 15; Access denied: user deactivated; id = 215044219
Error: error_code = 30; This profile is private; id = 139190152
Error: error_code = 30; This profile is private; id = 573556990
Error: error_code = 30; This profile is private; id = 256139751
Error: error_code = 30; This profile is private; id = 142214381
Error: error_code = 30; This profile is private; id = 331146350
Error: error_code = 30; This profile is private; id = 11527313
Error: error_code = 15; Access denied: user deactivated; id = 43233757
Error: error_code = 30; This profile is private; id = 600267039
Error: error_code = 30; This profile is private; id = 618645227
Error: error_code = 15; Access denied: user deactivated; id = 257268521
Error: error_code = 30; This profile is private; id = 104700630
Error: error_code = 30; This profile is private; id = 586167629
Error: error_code = 30; This profile is private; id = 391827488
Error: error_code = 30; This profile is private; id = 81643263
Error: error_code = 15; Access denied: user deactivated; id = 221307977
Error: error_code = 30; This profile is private; id = 48084030
Error: error_code = 30; This profile is private; id = 664852147
Error: error_code = 15; Access denied: user deactivated; id = 141463481
Error: error_code = 30; This profile is private; id = 443101836
Error: error_code = 30; This profile is private; id = 312591483
Error: error_code = 30; This profile is private; id = 320728941
Error: error_code = 30; This profile is private; id = 134611959
Error: error_code = 15; Access denied: user deactivated; id = 455500474
Error: error_code = 15; Access denied: user deactivated; id = 363020015
Error: error_code = 30; This profile is private; id = 232659106
Error: error_code = 30; This profile is private; id = 441106504
Error: error_code = 30; This profile is private; id = 8986189
Error: error_code = 30; This profile is private; id = 311114755
Error: error_code = 30; This profile is private; id = 661940596
Error: error_code = 30; This profile is private; id = 233021862
Error: error_code = 15; Access denied: user deactivated; id = 170753609
Error: error_code = 15; Access denied: user deactivated; id = 4443049
Error: error_code = 15; Access denied: user deactivated; id = 434828726
Error: error_code = 30; This profile is private; id = 211825571
Error: error_code = 15; Access denied: user deactivated; id = 150697059
Error: error_code = 30; This profile is private; id = 399086701
Error: error_code = 30; This profile is private; id = 216814616
Error: error_code = 30; This profile is private; id = 226186766
Error: error_code = 30; This profile is private; id = 254184735
Error: error_code = 15; Access denied: user deactivated; id = 426763787
Error: error_code = 30; This profile is private; id = 16182904
Error: error_code = 30; This profile is private; id = 278111841
Error: error_code = 30; This profile is private; id = 85939690
Error: error_code = 30; This profile is private; id = 100186471
Error: error_code = 15; Access denied: user deactivated; id = 255606447
Error: error_code = 30; This profile is private; id = 587389394
Error: error_code = 15; Access denied: user deactivated; id = 423765243
Error: error_code = 30; This profile is private; id = 539458392
Error: error_code = 15; Access denied: user deactivated; id = 59103536
Error: error_code = 30; This profile is private; id = 547663050
Error: error_code = 30; This profile is private; id = 405901804
Error: error_code = 30; This profile is private; id = 239902239
Error: error_code = 30; This profile is private; id = 637921257
Error: error_code = 15; Access denied: user deactivated; id = 370057265
Error: error_code = 30; This profile is private; id = 240069858
Error: error_code = 30; This profile is private; id = 95756955
Error: error_code = 30; This profile is private; id = 44568318
Error: error_code = 30; This profile is private; id = 489487330
Error: error_code = 30; This profile is private; id = 112634519
Error: error_code = 15; Access denied: user deactivated; id = 29138258
Error: error_code = 30; This profile is private; id = 530474254
Error: error_code = 30; This profile is private; id = 20880224
Error: error_code = 30; This profile is private; id = 32304999
Error: error_code = 30; This profile is private; id = 277755172
Error: error_code = 15; Access denied: user deactivated; id = 639620337
Error: error_code = 15; Access denied: user deactivated; id = 398042647
Error: error_code = 30; This profile is private; id = 234108377
Error: error_code = 30; This profile is private; id = 12423476
Error: error_code = 30; This profile is private; id = 80982707
Error: error_code = 30; This profile is private; id = 520041769
Error: error_code = 30; This profile is private; id = 285942202
Error: error_code = 30; This profile is private; id = 499360551
Error: error_code = 30; This profile is private; id = 313849630
Error: error_code = 30; This profile is private; id = 356386931
Error: error_code = 15; Access denied: user deactivated; id = 216208425
Error: error_code = 30; This profile is private; id = 26125766
Error: error_code = 30; This profile is private; id = 36733546
Error: error_code = 15; Access denied: user deactivated; id = 518639337
Error: error_code = 30; This profile is private; id = 62512896
Error: error_code = 30; This profile is private; id = 52588354
Error: error_code = 30; This profile is private; id = 381424702
Error: error_code = 30; This profile is private; id = 2964788
Error: error_code = 30; This profile is private; id = 288491561
Error: error_code = 15; Access denied: user deactivated; id = 270310936
Error: error_code = 15; Access denied: user deactivated; id = 194495966
Error: error_code = 30; This profile is private; id = 474014278
Error: error_code = 30; This profile is private; id = 456747786
Error: error_code = 30; This profile is private; id = 684372864
Error: error_code = 15; Access denied: user deactivated; id = 226760914
Error: error_code = 30; This profile is private; id = 587700072
Error: error_code = 30; This profile is private; id = 689660857
Error: error_code = 30; This profile is private; id = 681972160
Error: error_code = 30; This profile is private; id = 494320655
Error: error_code = 30; This profile is private; id = 175512551
Error: error_code = 30; This profile is private; id = 546897389
Error: error_code = 15; Access denied: user deactivated; id = 475627941
Error: error_code = 15; Access denied: user deactivated; id = 48482198
Error: error_code = 30; This profile is private; id = 375972182
Error: error_code = 15; Access denied: user deactivated; id = 207532355
Error: error_code = 15; Access denied: user deactivated; id = 195275979
Error: error_code = 15; Access denied: user deactivated; id = 23572910
Error: error_code = 30; This profile is private; id = 540159324
Error: error_code = 15; Access denied: user deactivated; id = 105677218
Error: error_code = 15; Access denied: user deactivated; id = 150534702
Error: error_code = 15; Access denied: user deactivated; id = 6500022
Error: error_code = 30; This profile is private; id = 195172371
Error: error_code = 15; Access denied: user deactivated; id = 207900541
Error: error_code = 30; This profile is private; id = 310315795
Error: error_code = 15; Access denied: user deactivated; id = 266682226
Error: error_code = 30; This profile is private; id = 230865045
Error: error_code = 15; Access denied: user deactivated; id = 285636618
Error: error_code = 15; Access denied: user deactivated; id = 108827252
Error: error_code = 30; This profile is private; id = 352079385
Error: error_code = 30; This profile is private; id = 109769756
Error: error_code = 30; This profile is private; id = 575180817
Error: error_code = 30; This profile is private; id = 692886410
Error: error_code = 15; Access denied: user deactivated; id = 324447719
Error: error_code = 15; Access denied: user deactivated; id = 538044233
Error: error_code = 30; This profile is private; id = 458113995
Error: error_code = 30; This profile is private; id = 590441716
Error: error_code = 30; This profile is private; id = 250902509
Error: error_code = 15; Access denied: user deactivated; id = 571784288
Error: error_code = 30; This profile is private; id = 111364727
Error: error_code = 15; Access denied: user deactivated; id = 623965759
Error: error_code = 15; Access denied: user deactivated; id = 684797868
Error: error_code = 30; This profile is private; id = 83183586
Error: error_code = 30; This profile is private; id = 325117710
Error: error_code = 30; This profile is private; id = 589276393
Error: error_code = 30; This profile is private; id = 714532840
Error: error_code = 15; Access denied: user deactivated; id = 300015864
Error: error_code = 15; Access denied: user deactivated; id = 356543703
Error: error_code = 30; This profile is private; id = 780723
Error: error_code = 30; This profile is private; id = 549288660
Error: error_code = 15; Access denied: user deactivated; id = 240888580
Error: error_code = 15; Access denied: user deactivated; id = 381093722
Error: error_code = 30; This profile is private; id = 339979
Error: error_code = 30; This profile is private; id = 160285361
Error: error_code = 30; This profile is private; id = 1197138
Error: error_code = 30; This profile is private; id = 358901890
Error: error_code = 30; This profile is private; id = 616408216
Error: error_code = 30; This profile is private; id = 36093956
Error: error_code = 30; This profile is private; id = 606068556
Error: error_code = 30; This profile is private; id = 462974966
Error: error_code = 15; Access denied: user deactivated; id = 192348906
Error: error_code = 30; This profile is private; id = 349944108
Error: error_code = 30; This profile is private; id = 33873612
Error: error_code = 30; This profile is private; id = 513893854
Error: error_code = 30; This profile is private; id = 256069729
Error: error_code = 30; This profile is private; id = 708500141
Error: error_code = 30; This profile is private; id = 219672822
Error: error_code = 15; Access denied: user deactivated; id = 340792327
Error: error_code = 30; This profile is private; id = 68189743
Error: error_code = 30; This profile is private; id = 229562308
Error: error_code = 30; This profile is private; id = 445937464
Error: error_code = 30; This profile is private; id = 326004300
Error: error_code = 30; This profile is private; id = 255798384
Error: error_code = 30; This profile is private; id = 16857887
Error: error_code = 30; This profile is private; id = 359188253
Error: error_code = 30; This profile is private; id = 378433774
Error: error_code = 15; Access denied: user deactivated; id = 48476444
Error: error_code = 30; This profile is private; id = 624428426
Error: error_code = 15; Access denied: user deactivated; id = 643233697
Error: error_code = 15; Access denied: user deactivated; id = 547059638
Error: error_code = 30; This profile is private; id = 17031218
Error: error_code = 30; This profile is private; id = 664716623
Error: error_code = 30; This profile is private; id = 151144429
Error: error_code = 30; This profile is private; id = 685349662
Error: error_code = 30; This profile is private; id = 300399378
Error: error_code = 30; This profile is private; id = 577582231
Error: error_code = 15; Access denied: user deactivated; id = 153504754
Error: error_code = 15; Access denied: user deactivated; id = 370326073
Error: error_code = 30; This profile is private; id = 613718792
Error: error_code = 30; This profile is private; id = 316789347
Error: error_code = 30; This profile is private; id = 355461071
Error: error_code = 30; This profile is private; id = 119231702
Error: error_code = 15; Access denied: user deactivated; id = 326151633
Error: error_code = 15; Access denied: user deactivated; id = 35703595
Error: error_code = 15; Access denied: user deactivated; id = 249173143
Error: error_code = 15; Access denied: user deactivated; id = 362337920
Error: error_code = 30; This profile is private; id = 84941149
Error: error_code = 15; Access denied: user deactivated; id = 187873666
Error: error_code = 30; This profile is private; id = 54457454
Error: error_code = 30; This profile is private; id = 312959356
Error: error_code = 30; This profile is private; id = 153994637
Error: error_code = 30; This profile is private; id = 290158087
Error: error_code = 30; This profile is private; id = 474830289
Error: error_code = 30; This profile is private; id = 457282751
Error: error_code = 30; This profile is private; id = 133392051
Error: error_code = 30; This profile is private; id = 207646952
Error: error_code = 30; This profile is private; id = 273104465
Error: error_code = 30; This profile is private; id = 559424
Error: error_code = 30; This profile is private; id = 611655796
Error: error_code = 30; This profile is private; id = 669284642
Error: error_code = 30; This profile is private; id = 97740111
Error: error_code = 30; This profile is private; id = 363336780
Error: error_code = 15; Access denied: user deactivated; id = 626802908
Error: error_code = 30; This profile is private; id = 89611957
Error: error_code = 30; This profile is private; id = 438302563
Error: error_code = 15; Access denied: user deactivated; id = 457563558
Error: error_code = 30; This profile is private; id = 535610384
Error: error_code = 30; This profile is private; id = 11537034
Error: error_code = 30; This profile is private; id = 483418569
Error: error_code = 30; This profile is private; id = 323082436
Error: error_code = 30; This profile is private; id = 16397726
Error: error_code = 30; This profile is private; id = 420227557
Error: error_code = 30; This profile is private; id = 697638406
Error: error_code = 30; This profile is private; id = 353204234
Error: error_code = 15; Access denied: user deactivated; id = 492633518
Error: error_code = 30; This profile is private; id = 426394365
Error: error_code = 30; This profile is private; id = 280329209
Error: error_code = 15; Access denied: user deactivated; id = 429784228
Error: error_code = 30; This profile is private; id = 692277268
Error: error_code = 30; This profile is private; id = 195158476
Error: error_code = 30; This profile is private; id = 582297009
Error: error_code = 30; This profile is private; id = 216287266
Error: error_code = 30; This profile is private; id = 695597143
Error: error_code = 30; This profile is private; id = 470413501
Error: error_code = 30; This profile is private; id = 106309274
Error: error_code = 30; This profile is private; id = 688991758
Error: error_code = 15; Access denied: user deactivated; id = 700112035
Error: error_code = 30; This profile is private; id = 279244596
Error: error_code = 30; This profile is private; id = 92137682
Error: error_code = 30; This profile is private; id = 241308869
Error: error_code = 15; Access denied: user deactivated; id = 112745348
Error: error_code = 15; Access denied: user deactivated; id = 233780874
Error: error_code = 30; This profile is private; id = 161511622
Error: error_code = 30; This profile is private; id = 1928308
Error: error_code = 15; Access denied: user deactivated; id = 536844771
Error: error_code = 30; This profile is private; id = 598979622
Error: error_code = 15; Access denied: user deactivated; id = 406428773
Error: error_code = 30; This profile is private; id = 346165924
Error: error_code = 15; Access denied: user deactivated; id = 30039866
Error: error_code = 15; Access denied: user deactivated; id = 278761740
Error: error_code = 15; Access denied: user deactivated; id = 653333174
Error: error_code = 30; This profile is private; id = 171680585
Error: error_code = 30; This profile is private; id = 137190865
Error: error_code = 30; This profile is private; id = 280056738
Error: error_code = 15; Access denied: user deactivated; id = 347215633
Error: error_code = 30; This profile is private; id = 222970908
Error: error_code = 30; This profile is private; id = 355114246
Error: error_code = 30; This profile is private; id = 549062856
Error: error_code = 30; This profile is private; id = 512070862
Error: error_code = 15; Access denied: user deactivated; id = 435435765
Error: error_code = 30; This profile is private; id = 393424411
Error: error_code = 15; Access denied: user deactivated; id = 426777218
Error: error_code = 15; Access denied: user deactivated; id = 219227610
Error: error_code = 30; This profile is private; id = 409723985
Error: error_code = 30; This profile is private; id = 637335641
Error: error_code = 30; This profile is private; id = 86193778
Error: error_code = 30; This profile is private; id = 326794244
Error: error_code = 30; This profile is private; id = 517131440
Error: error_code = 30; This profile is private; id = 549297856
Error: error_code = 15; Access denied: user deactivated; id = 395696143
Error: error_code = 30; This profile is private; id = 663637960
Error: error_code = 30; This profile is private; id = 441940296
Error: error_code = 30; This profile is private; id = 459370021
Error: error_code = 30; This profile is private; id = 180826189
Error: error_code = 30; This profile is private; id = 108272245
Error: error_code = 30; This profile is private; id = 278957505
Error: error_code = 30; This profile is private; id = 105018725
Error: error_code = 30; This profile is private; id = 239885321
Error: error_code = 30; This profile is private; id = 337025676
Error: error_code = 30; This profile is private; id = 676870309
Error: error_code = 15; Access denied: user deactivated; id = 41185639
Error: error_code = 30; This profile is private; id = 308475324
Error: error_code = 30; This profile is private; id = 427522918
Error: error_code = 30; This profile is private; id = 136827592
Error: error_code = 15; Access denied: user deactivated; id = 298753094
Error: error_code = 15; Access denied: user deactivated; id = 179781188
Error: error_code = 15; Access denied: user deactivated; id = 540066730
Error: error_code = 30; This profile is private; id = 517306415
Error: error_code = 30; This profile is private; id = 158562325
Error: error_code = 15; Access denied: user deactivated; id = 206941978
Error: error_code = 30; This profile is private; id = 8394278
Error: error_code = 30; This profile is private; id = 673247924
Error: error_code = 15; Access denied: user deactivated; id = 422815626
Error: error_code = 15; Access denied: user deactivated; id = 362028777
Error: error_code = 15; Access denied: user deactivated; id = 616851269
Error: error_code = 30; This profile is private; id = 680016009
Error: error_code = 30; This profile is private; id = 305028948
Error: error_code = 30; This profile is private; id = 410264928
Error: error_code = 30; This profile is private; id = 646831431
Error: error_code = 15; Access denied: user deactivated; id = 364571127
Error: error_code = 15; Access denied: user deactivated; id = 644733703
Error: error_code = 30; This profile is private; id = 156240199
Error: error_code = 30; This profile is private; id = 667582662
Error: error_code = 30; This profile is private; id = 613642520
Error: error_code = 30; This profile is private; id = 198814274
Error: error_code = 30; This profile is private; id = 678486020
Error: error_code = 15; Access denied: user deactivated; id = 36095301
Error: error_code = 30; This profile is private; id = 618459580
Error: error_code = 30; This profile is private; id = 540283816
Error: error_code = 30; This profile is private; id = 293650048
Error: error_code = 15; Access denied: user deactivated; id = 328094041
Error: error_code = 30; This profile is private; id = 602326814
Error: error_code = 15; Access denied: user deactivated; id = 372932583
Error: error_code = 30; This profile is private; id = 147955812
Error: error_code = 30; This profile is private; id = 147292697
Error: error_code = 30; This profile is private; id = 694441112
Error: error_code = 30; This profile is private; id = 24114111
Error: error_code = 30; This profile is private; id = 65204425
Error: error_code = 15; Access denied: user deactivated; id = 306557464
Error: error_code = 30; This profile is private; id = 397859852
Error: error_code = 30; This profile is private; id = 622068101
Error: error_code = 15; Access denied: user deactivated; id = 435150894
Error: error_code = 15; Access denied: user deactivated; id = 929040
Error: error_code = 30; This profile is private; id = 137438153
Error: error_code = 30; This profile is private; id = 310147492
Error: error_code = 30; This profile is private; id = 221174881
Error: error_code = 15; Access denied: user deactivated; id = 273604064
Error: error_code = 30; This profile is private; id = 477344997
Error: error_code = 30; This profile is private; id = 702245102
Error: error_code = 30; This profile is private; id = 35079863
Error: error_code = 30; This profile is private; id = 72737075
Error: error_code = 30; This profile is private; id = 599576974
Error: error_code = 30; This profile is private; id = 596191807
Error: error_code = 15; Access denied: user deactivated; id = 342434684
Error: error_code = 30; This profile is private; id = 249054328
Error: error_code = 30; This profile is private; id = 83445435
Error: error_code = 30; This profile is private; id = 687723794
Error: error_code = 15; Access denied: user deactivated; id = 349032175
Error: error_code = 30; This profile is private; id = 502733041
Error: error_code = 15; Access denied: user deactivated; id = 511367559
Error: error_code = 30; This profile is private; id = 712685092
Error: error_code = 15; Access denied: user deactivated; id = 470276922
Error: error_code = 30; This profile is private; id = 285180969
Error: error_code = 30; This profile is private; id = 218030
Error: error_code = 30; This profile is private; id = 493272560
Error: error_code = 30; This profile is private; id = 172027778
Error: error_code = 30; This profile is private; id = 404947251
Error: error_code = 15; Access denied: user deactivated; id = 491958181
Error: error_code = 30; This profile is private; id = 602511791
Error: error_code = 15; Access denied: user deactivated; id = 368327361
Error: error_code = 15; Access denied: user deactivated; id = 234013746
Error: error_code = 30; This profile is private; id = 602633238
Error: error_code = 15; Access denied: user deactivated; id = 601020131
Error: error_code = 30; This profile is private; id = 293552147
Error: error_code = 30; This profile is private; id = 2281695
Error: error_code = 30; This profile is private; id = 477497052
Error: error_code = 30; This profile is private; id = 386026515
Error: error_code = 30; This profile is private; id = 293446330
Error: error_code = 15; Access denied: user deactivated; id = 206343187
Error: error_code = 30; This profile is private; id = 66462663
Error: error_code = 15; Access denied: user deactivated; id = 518441406
Error: error_code = 30; This profile is private; id = 657217811
Error: error_code = 30; This profile is private; id = 17481117
Error: error_code = 30; This profile is private; id = 206104331
Error: error_code = 15; Access denied: user deactivated; id = 10384511
Error: error_code = 15; Access denied: user deactivated; id = 300392202
Error: error_code = 30; This profile is private; id = 369506142
Error: error_code = 30; This profile is private; id = 664858578
Error: error_code = 15; Access denied: user deactivated; id = 233720067
Error: error_code = 30; This profile is private; id = 166668603
Error: error_code = 15; Access denied: user deactivated; id = 233952779
Error: error_code = 30; This profile is private; id = 397397001
Error: error_code = 30; This profile is private; id = 180024128
Error: error_code = 15; Access denied: user deactivated; id = 34665489
Error: error_code = 30; This profile is private; id = 313580188
Error: error_code = 30; This profile is private; id = 641685061
Error: error_code = 30; This profile is private; id = 29890821
Error: error_code = 15; Access denied: user deactivated; id = 178532288
Error: error_code = 30; This profile is private; id = 251805068
Error: error_code = 15; Access denied: user deactivated; id = 221727613
Error: error_code = 15; Access denied: user deactivated; id = 409724130
Error: error_code = 30; This profile is private; id = 520039609
Error: error_code = 30; This profile is private; id = 241940411
Error: error_code = 30; This profile is private; id = 471639684
Error: error_code = 15; Access denied: user deactivated; id = 374564813
Error: error_code = 30; This profile is private; id = 226247691
Error: error_code = 30; This profile is private; id = 31184237
Error: error_code = 30; This profile is private; id = 555401426
Error: error_code = 30; This profile is private; id = 189780735
Error: error_code = 30; This profile is private; id = 53009161
Error: error_code = 30; This profile is private; id = 498472812
Error: error_code = 30; This profile is private; id = 40603500
Error: error_code = 15; Access denied: user deactivated; id = 14076255
Error: error_code = 15; Access denied: user deactivated; id = 122603884
Error: error_code = 30; This profile is private; id = 273275591
Error: error_code = 30; This profile is private; id = 543352809
Error: error_code = 30; This profile is private; id = 586651562
Error: error_code = 30; This profile is private; id = 135471566
Error: error_code = 30; This profile is private; id = 184126789
Error: error_code = 30; This profile is private; id = 169890744
Error: error_code = 30; This profile is private; id = 188060277
Error: error_code = 30; This profile is private; id = 79563570
Error: error_code = 30; This profile is private; id = 134255635
Error: error_code = 30; This profile is private; id = 136882696
Error: error_code = 15; Access denied: user deactivated; id = 491941212
Error: error_code = 15; Access denied: user deactivated; id = 354601861
Error: error_code = 15; Access denied: user deactivated; id = 525128186
Error: error_code = 30; This profile is private; id = 20158580
Error: error_code = 15; Access denied: user deactivated; id = 278877620
Error: error_code = 30; This profile is private; id = 643367887
Error: error_code = 15; Access denied: user deactivated; id = 394589427
Error: error_code = 30; This profile is private; id = 273617055
Error: error_code = 30; This profile is private; id = 620752649
Error: error_code = 30; This profile is private; id = 198532072
Error: error_code = 30; This profile is private; id = 410809813
Error: error_code = 30; This profile is private; id = 16100507
Error: error_code = 15; Access denied: user deactivated; id = 448810636
Error: error_code = 30; This profile is private; id = 69647057
Error: error_code = 30; This profile is private; id = 293679632
Error: error_code = 30; This profile is private; id = 16549802
Error: error_code = 15; Access denied: user deactivated; id = 357796432
Error: error_code = 30; This profile is private; id = 27895751
Error: error_code = 30; This profile is private; id = 380804282
Error: error_code = 30; This profile is private; id = 201560352
Error: error_code = 15; Access denied: user deactivated; id = 340171268
Error: error_code = 15; Access denied: user deactivated; id = 667642829
Error: error_code = 30; This profile is private; id = 238416377
Error: error_code = 30; This profile is private; id = 138122327
Error: error_code = 30; This profile is private; id = 373487592
Error: error_code = 30; This profile is private; id = 516464528
Error: error_code = 30; This profile is private; id = 6605738
Error: error_code = 30; This profile is private; id = 150649823
Error: error_code = 30; This profile is private; id = 542709850
Error: error_code = 15; Access denied: user deactivated; id = 436336275
Error: error_code = 30; This profile is private; id = 598663691
Error: error_code = 30; This profile is private; id = 413136294
Error: error_code = 15; Access denied: user deactivated; id = 394586452
Error: error_code = 15; Access denied: user deactivated; id = 22557152
Error: error_code = 30; This profile is private; id = 663916658
Error: error_code = 15; Access denied: user deactivated; id = 510058448
Error: error_code = 15; Access denied: user deactivated; id = 700968211
Error: error_code = 30; This profile is private; id = 341385167
Error: error_code = 15; Access denied: user deactivated; id = 214363074
Error: error_code = 30; This profile is private; id = 688986973
Error: error_code = 30; This profile is private; id = 152933134
Error: error_code = 30; This profile is private; id = 70928156
Error: error_code = 30; This profile is private; id = 324571459
Error: error_code = 15; Access denied: user deactivated; id = 19093046
Error: error_code = 15; Access denied: user deactivated; id = 227555239
Error: error_code = 15; Access denied: user deactivated; id = 372288938
Error: error_code = 30; This profile is private; id = 113922857
Error: error_code = 30; This profile is private; id = 261437843
Error: error_code = 30; This profile is private; id = 8502801
Error: error_code = 30; This profile is private; id = 403757355
Error: error_code = 30; This profile is private; id = 431675017
Error: error_code = 30; This profile is private; id = 297066540
Error: error_code = 15; Access denied: user deactivated; id = 22411594
Error: error_code = 15; Access denied: user deactivated; id = 383148418
Error: error_code = 30; This profile is private; id = 16349748
Error: error_code = 30; This profile is private; id = 182475859
Error: error_code = 30; This profile is private; id = 598986616
Error: error_code = 30; This profile is private; id = 91649321
Error: error_code = 15; Access denied: user deactivated; id = 560267626
Error: error_code = 30; This profile is private; id = 562472462
Error: error_code = 30; This profile is private; id = 362150975
Error: error_code = 30; This profile is private; id = 338246104
Error: error_code = 30; This profile is private; id = 565316451
Error: error_code = 30; This profile is private; id = 16349516
Error: error_code = 30; This profile is private; id = 292351937
Error: error_code = 30; This profile is private; id = 381298184
Error: error_code = 30; This profile is private; id = 576581341
Error: error_code = 30; This profile is private; id = 210247377
Error: error_code = 15; Access denied: user deactivated; id = 710120816
Error: error_code = 30; This profile is private; id = 136868551
Error: error_code = 15; Access denied: user deactivated; id = 654149471
Error: error_code = 30; This profile is private; id = 542801389
Error: error_code = 15; Access denied: user deactivated; id = 471979678
Error: error_code = 30; This profile is private; id = 613035579
Error: error_code = 30; This profile is private; id = 3592138
Error: error_code = 30; This profile is private; id = 471224578
Error: error_code = 15; Access denied: user deactivated; id = 483381537
Error: error_code = 30; This profile is private; id = 253591962
Error: error_code = 30; This profile is private; id = 691057916
Error: error_code = 15; Access denied: user deactivated; id = 454544432
Error: error_code = 15; Access denied: user deactivated; id = 200071154
Error: error_code = 15; Access denied: user deactivated; id = 229666255
Error: error_code = 15; Access denied: user deactivated; id = 409581773
Error: error_code = 30; This profile is private; id = 426306464
Error: error_code = 15; Access denied: user deactivated; id = 234226132
Error: error_code = 30; This profile is private; id = 124058315
Error: error_code = 30; This profile is private; id = 55254533
Error: error_code = 15; Access denied: user deactivated; id = 236674254
Error: error_code = 15; Access denied: user deactivated; id = 443745369
Error: error_code = 30; This profile is private; id = 221749496
Error: error_code = 15; Access denied: user deactivated; id = 715185900
Error: error_code = 30; This profile is private; id = 476078747
Error: error_code = 15; Access denied: user deactivated; id = 355143895
Error: error_code = 30; This profile is private; id = 197064773
Error: error_code = 15; Access denied: user deactivated; id = 710120423
Error: error_code = 30; This profile is private; id = 501020474
Error: error_code = 30; This profile is private; id = 529384010
Error: error_code = 30; This profile is private; id = 334530732
Error: error_code = 30; This profile is private; id = 687897146
Error: error_code = 30; This profile is private; id = 532560205
Error: error_code = 30; This profile is private; id = 492286900
Error: error_code = 30; This profile is private; id = 216310229
Error: error_code = 30; This profile is private; id = 491534635
Error: error_code = 30; This profile is private; id = 373142933
Error: error_code = 15; Access denied: user deactivated; id = 87033722
Error: error_code = 30; This profile is private; id = 588773419
Error: error_code = 30; This profile is private; id = 71686717
Error: error_code = 30; This profile is private; id = 501626116
Error: error_code = 30; This profile is private; id = 209573191
Error: error_code = 30; This profile is private; id = 444674892
Error: error_code = 15; Access denied: user deactivated; id = 203135727
Error: error_code = 30; This profile is private; id = 340738208
Error: error_code = 30; This profile is private; id = 564683899
Error: error_code = 30; This profile is private; id = 511048598
Error: error_code = 30; This profile is private; id = 199376522
Error: error_code = 30; This profile is private; id = 32882893
Error: error_code = 30; This profile is private; id = 6554614
Error: error_code = 15; Access denied: user deactivated; id = 392268175
Error: error_code = 30; This profile is private; id = 59838678
Error: error_code = 30; This profile is private; id = 656641402
Error: error_code = 15; Access denied: user deactivated; id = 388931108
Error: error_code = 30; This profile is private; id = 394777005
Error: error_code = 30; This profile is private; id = 591297681
Error: error_code = 15; Access denied: user deactivated; id = 218347774
Error: error_code = 30; This profile is private; id = 330500994
Error: error_code = 30; This profile is private; id = 215113137
Error: error_code = 15; Access denied: user deactivated; id = 456278375
Error: error_code = 15; Access denied: user deactivated; id = 249859061
Error: error_code = 30; This profile is private; id = 484895813
Error: error_code = 30; This profile is private; id = 244960447
Error: error_code = 30; This profile is private; id = 461343631
Error: error_code = 30; This profile is private; id = 18672373
Error: error_code = 30; This profile is private; id = 154315062
Error: error_code = 15; Access denied: user deactivated; id = 412066767
Error: error_code = 30; This profile is private; id = 695453513
Error: error_code = 15; Access denied: user deactivated; id = 493617713
Error: error_code = 15; Access denied: user deactivated; id = 425038487
Error: error_code = 30; This profile is private; id = 217067947
Error: error_code = 30; This profile is private; id = 699119553
Error: error_code = 15; Access denied: user deactivated; id = 433870847
Error: error_code = 30; This profile is private; id = 402862071
Error: error_code = 30; This profile is private; id = 400844856
Error: error_code = 30; This profile is private; id = 663918682
Error: error_code = 15; Access denied: user deactivated; id = 359249639
Error: error_code = 30; This profile is private; id = 430907724
Error: error_code = 15; Access denied: user deactivated; id = 438083910
Error: error_code = 15; Access denied: user deactivated; id = 514573079
Error: error_code = 15; Access denied: user deactivated; id = 515538742
Error: error_code = 30; This profile is private; id = 579897852
Error: error_code = 30; This profile is private; id = 599174181
Error: error_code = 30; This profile is private; id = 277185647
Error: error_code = 30; This profile is private; id = 226123343
Error: error_code = 15; Access denied: user deactivated; id = 560175201
Error: error_code = 30; This profile is private; id = 85251637
Error: error_code = 15; Access denied: user deactivated; id = 401075196
Error: error_code = 15; Access denied: user deactivated; id = 424393126
Error: error_code = 15; Access denied: user deactivated; id = 160033593
Error: error_code = 15; Access denied: user deactivated; id = 338750333
Error: error_code = 30; This profile is private; id = 258434892
Error: error_code = 15; Access denied: user deactivated; id = 638238503
Error: error_code = 30; This profile is private; id = 631664886
Error: error_code = 30; This profile is private; id = 484442922
Error: error_code = 30; This profile is private; id = 222297997
Error: error_code = 15; Access denied: user deactivated; id = 537204248
Error: error_code = 30; This profile is private; id = 567699426
Error: error_code = 30; This profile is private; id = 104465581
Error: error_code = 30; This profile is private; id = 429550289
Error: error_code = 30; This profile is private; id = 412173052
Error: error_code = 30; This profile is private; id = 20126291
Error: error_code = 30; This profile is private; id = 138957105
Error: error_code = 30; This profile is private; id = 17005326
Error: error_code = 30; This profile is private; id = 360896946
Error: error_code = 30; This profile is private; id = 53342556
Error: error_code = 30; This profile is private; id = 163498763
Error: error_code = 15; Access denied: user deactivated; id = 431840021
Error: error_code = 15; Access denied: user deactivated; id = 201495359
Error: error_code = 30; This profile is private; id = 202330134
Error: error_code = 30; This profile is private; id = 40434958
Error: error_code = 30; This profile is private; id = 356720151
Error: error_code = 30; This profile is private; id = 377271930
Error: error_code = 30; This profile is private; id = 674003889
Error: error_code = 15; Access denied: user deactivated; id = 492989414
Error: error_code = 30; This profile is private; id = 455371187
Error: error_code = 30; This profile is private; id = 693345230
Error: error_code = 30; This profile is private; id = 154692692
Error: error_code = 30; This profile is private; id = 587193142
Error: error_code = 30; This profile is private; id = 18193191
Error: error_code = 30; This profile is private; id = 594398352
Error: error_code = 30; This profile is private; id = 290143137
Error: error_code = 30; This profile is private; id = 639466219
Error: error_code = 15; Access denied: user deactivated; id = 477192814
Error: error_code = 30; This profile is private; id = 233620084
Error: error_code = 15; Access denied: user deactivated; id = 348299313
Error: error_code = 15; Access denied: user deactivated; id = 3397363
Error: error_code = 15; Access denied: user deactivated; id = 166864456
Error: error_code = 15; Access denied: user deactivated; id = 526098892
Error: error_code = 15; Access denied: user deactivated; id = 468258844
Error: error_code = 15; Access denied: user deactivated; id = 288979171
Error: error_code = 15; Access denied: user deactivated; id = 702890151
Error: error_code = 30; This profile is private; id = 248202942
Error: error_code = 30; This profile is private; id = 13384150
Error: error_code = 30; This profile is private; id = 709339746
Error: error_code = 30; This profile is private; id = 544108336
Error: error_code = 15; Access denied: user deactivated; id = 396685905
Error: error_code = 30; This profile is private; id = 339304529
Error: error_code = 30; This profile is private; id = 65014700
Error: error_code = 30; This profile is private; id = 379871175
Error: error_code = 15; Access denied: user deactivated; id = 254805712
Error: error_code = 30; This profile is private; id = 60256269
Error: error_code = 30; This profile is private; id = 52802339
Error: error_code = 30; This profile is private; id = 397090963
Error: error_code = 15; Access denied: user deactivated; id = 202625339
Error: error_code = 15; Access denied: user deactivated; id = 241053450
Error: error_code = 15; Access denied: user deactivated; id = 431094232
Error: error_code = 15; Access denied: user deactivated; id = 421744878
Error: error_code = 15; Access denied: user deactivated; id = 29054425
Error: error_code = 15; Access denied: user deactivated; id = 10698862
Error: error_code = 15; Access denied: user deactivated; id = 439557104
Error: error_code = 15; Access denied: user deactivated; id = 355248051
Error: error_code = 30; This profile is private; id = 339752895
Error: error_code = 30; This profile is private; id = 452663874
Error: error_code = 30; This profile is private; id = 65885688
Error: error_code = 15; Access denied: user deactivated; id = 315162697
Error: error_code = 30; This profile is private; id = 38013861
Error: error_code = 15; Access denied: user deactivated; id = 519061780
Error: error_code = 15; Access denied: user deactivated; id = 166718804
Error: error_code = 15; Access denied: user deactivated; id = 133506460
Error: error_code = 30; This profile is private; id = 597712573
Error: error_code = 30; This profile is private; id = 338492538
Error: error_code = 30; This profile is private; id = 156652821
Error: error_code = 15; Access denied: user deactivated; id = 620532707
Error: error_code = 15; Access denied: user deactivated; id = 416516676
Error: error_code = 30; This profile is private; id = 194871668
Error: error_code = 30; This profile is private; id = 210785307
Error: error_code = 15; Access denied: user deactivated; id = 198227571
Error: error_code = 30; This profile is private; id = 424200015
Error: error_code = 30; This profile is private; id = 86851294
Error: error_code = 30; This profile is private; id = 614057264
Error: error_code = 30; This profile is private; id = 237244840
Error: error_code = 15; Access denied: user deactivated; id = 49141396
Error: error_code = 15; Access denied: user deactivated; id = 13113264
Error: error_code = 30; This profile is private; id = 196669623
Error: error_code = 15; Access denied: user deactivated; id = 218868551
Error: error_code = 15; Access denied: user deactivated; id = 326650879
Error: error_code = 30; This profile is private; id = 447899985
Error: error_code = 30; This profile is private; id = 165601931
Error: error_code = 30; This profile is private; id = 31688803
Error: error_code = 30; This profile is private; id = 2325044
Error: error_code = 30; This profile is private; id = 27575993
Error: error_code = 30; This profile is private; id = 680065683
Error: error_code = 30; This profile is private; id = 364643140
Error: error_code = 30; This profile is private; id = 704401158
Error: error_code = 15; Access denied: user deactivated; id = 212047375
Error: error_code = 30; This profile is private; id = 559031823
Error: error_code = 30; This profile is private; id = 183119959
Error: error_code = 15; Access denied: user deactivated; id = 209974218
Error: error_code = 30; This profile is private; id = 558950337
Error: error_code = 30; This profile is private; id = 155835289
Error: error_code = 30; This profile is private; id = 691682881
Error: error_code = 15; Access denied: user deactivated; id = 707143872
Error: error_code = 30; This profile is private; id = 556669923
Error: error_code = 30; This profile is private; id = 523693446
Error: error_code = 30; This profile is private; id = 220447184
Error: error_code = 30; This profile is private; id = 352867247
Error: error_code = 15; Access denied: user deactivated; id = 307089221
Error: error_code = 15; Access denied: user deactivated; id = 538514435
Error: error_code = 30; This profile is private; id = 32950637
Error: error_code = 30; This profile is private; id = 664514208
Error: error_code = 30; This profile is private; id = 223580957
Error: error_code = 15; Access denied: user deactivated; id = 367047977
Error: error_code = 30; This profile is private; id = 26225779
Error: error_code = 30; This profile is private; id = 227042449
Error: error_code = 15; Access denied: user deactivated; id = 450909464
Error: error_code = 15; Access denied: user deactivated; id = 92153774
Error: error_code = 30; This profile is private; id = 323762207
Error: error_code = 30; This profile is private; id = 697150161
Error: error_code = 30; This profile is private; id = 473757507
Error: error_code = 30; This profile is private; id = 617717421
Error: error_code = 30; This profile is private; id = 704843309
Error: error_code = 30; This profile is private; id = 462009908
Error: error_code = 30; This profile is private; id = 542364093
Error: error_code = 30; This profile is private; id = 138467458
Error: error_code = 30; This profile is private; id = 272511515
Error: error_code = 30; This profile is private; id = 320008871
Error: error_code = 30; This profile is private; id = 377660631
Error: error_code = 30; This profile is private; id = 655188263
Error: error_code = 15; Access denied: user deactivated; id = 438969397
Error: error_code = 15; Access denied: user deactivated; id = 355566811
Error: error_code = 30; This profile is private; id = 12428909
Error: error_code = 30; This profile is private; id = 82297551
Error: error_code = 30; This profile is private; id = 75131206
Error: error_code = 30; This profile is private; id = 362988354
Error: error_code = 15; Access denied: user deactivated; id = 118784354
Error: error_code = 15; Access denied: user deactivated; id = 348110667
Error: error_code = 30; This profile is private; id = 253792655
Error: error_code = 15; Access denied: user deactivated; id = 455278960
Error: error_code = 30; This profile is private; id = 542070448
Error: error_code = 30; This profile is private; id = 230554691
Error: error_code = 15; Access denied: user deactivated; id = 429426954
Error: error_code = 15; Access denied: user deactivated; id = 150568439
Error: error_code = 30; This profile is private; id = 252007471
Error: error_code = 15; Access denied: user deactivated; id = 72683450
Error: error_code = 30; This profile is private; id = 41453649
Error: error_code = 30; This profile is private; id = 269849961
Error: error_code = 30; This profile is private; id = 192199795
Error: error_code = 30; This profile is private; id = 262030521
Error: error_code = 15; Access denied: user deactivated; id = 160048303
Error: error_code = 15; Access denied: user deactivated; id = 179552872
Error: error_code = 15; Access denied: user deactivated; id = 353139390
Error: error_code = 30; This profile is private; id = 162050043
Error: error_code = 15; Access denied: user deactivated; id = 125902678
Error: error_code = 15; Access denied: user deactivated; id = 160727041
Error: error_code = 30; This profile is private; id = 632484495
Error: error_code = 30; This profile is private; id = 5327247
Error: error_code = 15; Access denied: user deactivated; id = 713709523
Error: error_code = 30; This profile is private; id = 340361537
Error: error_code = 30; This profile is private; id = 431297159
Error: error_code = 30; This profile is private; id = 262895960
Error: error_code = 15; Access denied: user deactivated; id = 221445286
Error: error_code = 30; This profile is private; id = 696315933
Error: error_code = 30; This profile is private; id = 206707851
Error: error_code = 30; This profile is private; id = 503693837
Error: error_code = 30; This profile is private; id = 133562350
Error: error_code = 30; This profile is private; id = 442527811
Error: error_code = 30; This profile is private; id = 607116878
Error: error_code = 30; This profile is private; id = 693561252
Error: error_code = 30; This profile is private; id = 608826621
Error: error_code = 30; This profile is private; id = 185442905
Error: error_code = 15; Access denied: user deactivated; id = 553356162
Error: error_code = 15; Access denied: user deactivated; id = 295224556
Error: error_code = 30; This profile is private; id = 460623758
Error: error_code = 15; Access denied: user deactivated; id = 146340385
Error: error_code = 30; This profile is private; id = 620667163
Error: error_code = 30; This profile is private; id = 462509206
Error: error_code = 30; This profile is private; id = 265455581
Error: error_code = 15; Access denied: user deactivated; id = 526340323
Error: error_code = 30; This profile is private; id = 63665858
Error: error_code = 30; This profile is private; id = 189215013
Error: error_code = 30; This profile is private; id = 368085021
Error: error_code = 30; This profile is private; id = 206221206
Error: error_code = 30; This profile is private; id = 518958150
Error: error_code = 30; This profile is private; id = 518517674
Error: error_code = 15; Access denied: user deactivated; id = 453072685
Error: error_code = 30; This profile is private; id = 282078040
Error: error_code = 15; Access denied: user deactivated; id = 469179434
Error: error_code = 30; This profile is private; id = 541566007
Error: error_code = 30; This profile is private; id = 96697095
Error: error_code = 30; This profile is private; id = 519552098
Error: error_code = 15; Access denied: user deactivated; id = 143411455
Error: error_code = 30; This profile is private; id = 578309221
Error: error_code = 30; This profile is private; id = 706721587
Error: error_code = 30; This profile is private; id = 421991806
Error: error_code = 15; Access denied: user deactivated; id = 154022353
Error: error_code = 30; This profile is private; id = 378199483
Error: error_code = 30; This profile is private; id = 136687584
Error: error_code = 30; This profile is private; id = 589455724
Error: error_code = 30; This profile is private; id = 482478065
Error: error_code = 30; This profile is private; id = 516354592
Error: error_code = 30; This profile is private; id = 658482616
Error: error_code = 30; This profile is private; id = 592501648
Error: error_code = 30; This profile is private; id = 414650706
Error: error_code = 15; Access denied: user deactivated; id = 353538504
Error: error_code = 15; Access denied: user deactivated; id = 10718467
Error: error_code = 30; This profile is private; id = 320620952
Error: error_code = 30; This profile is private; id = 11509901
Error: error_code = 30; This profile is private; id = 294182831
Error: error_code = 30; This profile is private; id = 21636814
Error: error_code = 15; Access denied: user deactivated; id = 184948834
Error: error_code = 30; This profile is private; id = 171967955
Error: error_code = 30; This profile is private; id = 473324885
Error: error_code = 15; Access denied: user deactivated; id = 116909901
Error: error_code = 30; This profile is private; id = 181562481
Error: error_code = 30; This profile is private; id = 568652448
Error: error_code = 15; Access denied: user deactivated; id = 549015137
Error: error_code = 30; This profile is private; id = 104507697
Error: error_code = 30; This profile is private; id = 40253152
Error: error_code = 30; This profile is private; id = 618436079
Error: error_code = 30; This profile is private; id = 231637363
Error: error_code = 30; This profile is private; id = 135917300
Error: error_code = 30; This profile is private; id = 675227097
Error: error_code = 30; This profile is private; id = 278642082
Error: error_code = 15; Access denied: user deactivated; id = 608037688
Error: error_code = 30; This profile is private; id = 26975632
Error: error_code = 15; Access denied: user deactivated; id = 467473294
Error: error_code = 30; This profile is private; id = 483054436
Error: error_code = 15; Access denied: user deactivated; id = 78323495
Error: error_code = 30; This profile is private; id = 447971033
Error: error_code = 15; Access denied: user deactivated; id = 6372990
Error: error_code = 15; Access denied: user deactivated; id = 175579953
Error: error_code = 15; Access denied: user deactivated; id = 142316231
Error: error_code = 15; Access denied: user deactivated; id = 528792540
Error: error_code = 15; Access denied: user deactivated; id = 713258838
Error: error_code = 30; This profile is private; id = 579706076
Error: error_code = 30; This profile is private; id = 600474033
Error: error_code = 15; Access denied: user deactivated; id = 406845555
Error: error_code = 15; Access denied: user deactivated; id = 226642360
Error: error_code = 30; This profile is private; id = 449250597
Error: error_code = 30; This profile is private; id = 399547299
Error: error_code = 30; This profile is private; id = 119210336
Error: error_code = 30; This profile is private; id = 470376607
Error: error_code = 30; This profile is private; id = 7689265
Error: error_code = 30; This profile is private; id = 135945544
Error: error_code = 15; Access denied: user deactivated; id = 200123851
Error: error_code = 30; This profile is private; id = 166018276
Error: error_code = 30; This profile is private; id = 563675557
Error: error_code = 30; This profile is private; id = 63790216
Error: error_code = 15; Access denied: user deactivated; id = 155417951
Error: error_code = 15; Access denied: user deactivated; id = 428894018
Error: error_code = 30; This profile is private; id = 628703579
Error: error_code = 30; This profile is private; id = 105089812
Error: error_code = 30; This profile is private; id = 70569722
Error: error_code = 30; This profile is private; id = 170657869
Error: error_code = 30; This profile is private; id = 279943023
Error: error_code = 30; This profile is private; id = 183880168
Error: error_code = 30; This profile is private; id = 276612390
Error: error_code = 15; Access denied: user deactivated; id = 429171045
Error: error_code = 15; Access denied: user deactivated; id = 18148642
Error: error_code = 30; This profile is private; id = 536100543
Error: error_code = 30; This profile is private; id = 330389265
Error: error_code = 15; Access denied: user deactivated; id = 32405434
Error: error_code = 30; This profile is private; id = 402443712
Error: error_code = 30; This profile is private; id = 224505907
Error: error_code = 30; This profile is private; id = 525427676
Error: error_code = 30; This profile is private; id = 675438819
Error: error_code = 15; Access denied: user deactivated; id = 242945884
Error: error_code = 30; This profile is private; id = 5565224
Error: error_code = 15; Access denied: user deactivated; id = 226761414
Error: error_code = 15; Access denied: user deactivated; id = 348873948
Error: error_code = 30; This profile is private; id = 27185439
Error: error_code = 30; This profile is private; id = 390933265
Error: error_code = 15; Access denied: user deactivated; id = 205687633
Error: error_code = 15; Access denied: user deactivated; id = 258429641
Error: error_code = 30; This profile is private; id = 134552020
Error: error_code = 15; Access denied: user deactivated; id = 552889835
Error: error_code = 30; This profile is private; id = 619963239
Error: error_code = 15; Access denied: user deactivated; id = 434555948
Error: error_code = 30; This profile is private; id = 67444004
Error: error_code = 30; This profile is private; id = 558922189
Error: error_code = 30; This profile is private; id = 236293780
Error: error_code = 30; This profile is private; id = 16866068
Error: error_code = 30; This profile is private; id = 280985737
Error: error_code = 30; This profile is private; id = 157030121
Error: error_code = 30; This profile is private; id = 191484325
Error: error_code = 15; Access denied: user deactivated; id = 582291999
Error: error_code = 30; This profile is private; id = 319999392
Error: error_code = 30; This profile is private; id = 410303848
Error: error_code = 30; This profile is private; id = 118138263
Error: error_code = 15; Access denied: user deactivated; id = 714547371
Error: error_code = 30; This profile is private; id = 179483314
Error: error_code = 30; This profile is private; id = 136072472
Error: error_code = 30; This profile is private; id = 703519747
Error: error_code = 30; This profile is private; id = 493780823
Error: error_code = 15; Access denied: user deactivated; id = 520761317
Error: error_code = 15; Access denied: user deactivated; id = 126317553
Error: error_code = 15; Access denied: user deactivated; id = 250911880
Error: error_code = 30; This profile is private; id = 38492261
Error: error_code = 30; This profile is private; id = 333078928
Error: error_code = 30; This profile is private; id = 415467491
Error: error_code = 30; This profile is private; id = 32708949
Error: error_code = 15; Access denied: user deactivated; id = 702827934
Error: error_code = 30; This profile is private; id = 618477863
Error: error_code = 30; This profile is private; id = 40445770
Error: error_code = 15; Access denied: user deactivated; id = 401668093
Error: error_code = 30; This profile is private; id = 573874169
Error: error_code = 30; This profile is private; id = 625235574
Error: error_code = 30; This profile is private; id = 192787019
Error: error_code = 15; Access denied: user deactivated; id = 5519849
Error: error_code = 30; This profile is private; id = 533173414
Error: error_code = 30; This profile is private; id = 545736789
Error: error_code = 30; This profile is private; id = 117713395
Error: error_code = 15; Access denied: user deactivated; id = 114625601
Error: error_code = 15; Access denied: user deactivated; id = 230877255
Error: error_code = 15; Access denied: user deactivated; id = 213121763
Error: error_code = 30; This profile is private; id = 501405134
Error: error_code = 30; This profile is private; id = 549701651
Error: error_code = 30; This profile is private; id = 408190678
Error: error_code = 30; This profile is private; id = 419550523
Error: error_code = 15; Access denied: user deactivated; id = 231987132
Error: error_code = 30; This profile is private; id = 141810643
Error: error_code = 30; This profile is private; id = 577765559
Error: error_code = 30; This profile is private; id = 561563689
Error: error_code = 30; This profile is private; id = 559126190
Error: error_code = 30; This profile is private; id = 315618393
Error: error_code = 15; Access denied: user deactivated; id = 531785536
Error: error_code = 30; This profile is private; id = 369103016
Error: error_code = 15; Access denied: user deactivated; id = 222385847
Error: error_code = 30; This profile is private; id = 136680515
Error: error_code = 30; This profile is private; id = 94014233
Error: error_code = 15; Access denied: user deactivated; id = 172311102
Error: error_code = 15; Access denied: user deactivated; id = 320992787
Error: error_code = 30; This profile is private; id = 173918622
Error: error_code = 15; Access denied: user deactivated; id = 114478655
Error: error_code = 30; This profile is private; id = 645911397
Error: error_code = 15; Access denied: user deactivated; id = 227111389
Error: error_code = 15; Access denied: user deactivated; id = 231075983
Error: error_code = 15; Access denied: user deactivated; id = 513063945
Error: error_code = 30; This profile is private; id = 584266330
Error: error_code = 15; Access denied: user deactivated; id = 234527374
Error: error_code = 15; Access denied: user deactivated; id = 438812558
Error: error_code = 30; This profile is private; id = 507982911
Error: error_code = 15; Access denied: user deactivated; id = 398743106
Error: error_code = 30; This profile is private; id = 202504531
Error: error_code = 15; Access denied: user deactivated; id = 211050391
Error: error_code = 30; This profile is private; id = 34902235
Error: error_code = 30; This profile is private; id = 500813846
Error: error_code = 30; This profile is private; id = 489681650
Error: error_code = 30; This profile is private; id = 41174284
Error: error_code = 15; Access denied: user deactivated; id = 254638473
Error: error_code = 15; Access denied: user deactivated; id = 377645857
Error: error_code = 30; This profile is private; id = 533643490
Error: error_code = 30; This profile is private; id = 528118462
Error: error_code = 15; Access denied: user deactivated; id = 682325267
Error: error_code = 30; This profile is private; id = 635735006
Error: error_code = 30; This profile is private; id = 217512625
Error: error_code = 15; Access denied: user deactivated; id = 336161393
Error: error_code = 15; Access denied: user deactivated; id = 347276612
Error: error_code = 30; This profile is private; id = 9355836
Error: error_code = 30; This profile is private; id = 248160130
Error: error_code = 30; This profile is private; id = 526838096
Error: error_code = 15; Access denied: user deactivated; id = 395850865
Error: error_code = 30; This profile is private; id = 450893632
Error: error_code = 15; Access denied: user deactivated; id = 244025377
Error: error_code = 30; This profile is private; id = 156766245
Error: error_code = 30; This profile is private; id = 681297448
Error: error_code = 30; This profile is private; id = 1703339
Error: error_code = 15; Access denied: user deactivated; id = 150591499
Error: error_code = 15; Access denied: user deactivated; id = 536433420
Error: error_code = 30; This profile is private; id = 59498835
Error: error_code = 15; Access denied: user deactivated; id = 511425746
Error: error_code = 30; This profile is private; id = 73306667
Error: error_code = 15; Access denied: user deactivated; id = 403754674
Error: error_code = 15; Access denied: user deactivated; id = 215884935
Error: error_code = 30; This profile is private; id = 579821970
Error: error_code = 15; Access denied: user deactivated; id = 229974821
Error: error_code = 15; Access denied: user deactivated; id = 517650563
Error: error_code = 30; This profile is private; id = 48054761
Error: error_code = 30; This profile is private; id = 564355867
Error: error_code = 15; Access denied: user deactivated; id = 503677852
Error: error_code = 15; Access denied: user deactivated; id = 426871590
Error: error_code = 30; This profile is private; id = 510586210
Error: error_code = 30; This profile is private; id = 154950195
Error: error_code = 30; This profile is private; id = 621083212
Error: error_code = 30; This profile is private; id = 54111604
Error: error_code = 15; Access denied: user deactivated; id = 181835460
Error: error_code = 30; This profile is private; id = 404627542
Error: error_code = 30; This profile is private; id = 610340678
Error: error_code = 30; This profile is private; id = 301118843
Error: error_code = 30; This profile is private; id = 416728831
Error: error_code = 15; Access denied: user deactivated; id = 537543443
Error: error_code = 30; This profile is private; id = 49892200
Error: error_code = 30; This profile is private; id = 40167086
Error: error_code = 15; Access denied: user deactivated; id = 281038348
Error: error_code = 30; This profile is private; id = 147382189
Error: error_code = 30; This profile is private; id = 8463717
Error: error_code = 30; This profile is private; id = 97419590
Error: error_code = 30; This profile is private; id = 4319946
Error: error_code = 30; This profile is private; id = 604742171
Error: error_code = 15; Access denied: user deactivated; id = 542402913
Error: error_code = 15; Access denied: user deactivated; id = 203516525
Error: error_code = 15; Access denied: user deactivated; id = 230527343
Error: error_code = 30; This profile is private; id = 530929611
Error: error_code = 30; This profile is private; id = 4382766
Error: error_code = 30; This profile is private; id = 312553840
Error: error_code = 15; Access denied: user deactivated; id = 431989509
Error: error_code = 30; This profile is private; id = 198618857
Error: error_code = 15; Access denied: user deactivated; id = 586762238
Error: error_code = 30; This profile is private; id = 102398210
Error: error_code = 15; Access denied: user deactivated; id = 359711360
Error: error_code = 30; This profile is private; id = 213883213
Error: error_code = 30; This profile is private; id = 32513868
Error: error_code = 30; This profile is private; id = 155408029
Error: error_code = 15; Access denied: user deactivated; id = 192685728
Error: error_code = 15; Access denied: user deactivated; id = 519795116
Error: error_code = 30; This profile is private; id = 511909586
Error: error_code = 15; Access denied: user deactivated; id = 403140448
Error: error_code = 15; Access denied: user deactivated; id = 407332290
Error: error_code = 30; This profile is private; id = 135545165
Error: error_code = 15; Access denied: user deactivated; id = 199108012
Error: error_code = 30; This profile is private; id = 151152056
Error: error_code = 30; This profile is private; id = 34208852
Error: error_code = 15; Access denied: user deactivated; id = 139147949
Error: error_code = 30; This profile is private; id = 409784956
Error: error_code = 30; This profile is private; id = 266447435
Error: error_code = 15; Access denied: user deactivated; id = 624322071
Error: error_code = 15; Access denied: user deactivated; id = 326015838
Error: error_code = 30; This profile is private; id = 585242885
Error: error_code = 30; This profile is private; id = 134651825
Error: error_code = 30; This profile is private; id = 241182431
Error: error_code = 15; Access denied: user deactivated; id = 413536047
Error: error_code = 30; This profile is private; id = 566126059
Error: error_code = 30; This profile is private; id = 177191790
Error: error_code = 30; This profile is private; id = 68818300
Error: error_code = 30; This profile is private; id = 116108268
Error: error_code = 30; This profile is private; id = 568938926
Error: error_code = 30; This profile is private; id = 614671667
Error: error_code = 30; This profile is private; id = 255240080
Error: error_code = 15; Access denied: user deactivated; id = 181599005
Error: error_code = 30; This profile is private; id = 279160858
Error: error_code = 30; This profile is private; id = 133731651
Error: error_code = 30; This profile is private; id = 571377806
Error: error_code = 30; This profile is private; id = 545393614
Error: error_code = 15; Access denied: user deactivated; id = 206701960
Error: error_code = 30; This profile is private; id = 36209986
Error: error_code = 30; This profile is private; id = 134305147
Error: error_code = 30; This profile is private; id = 690183898
Error: error_code = 30; This profile is private; id = 198545416
Error: error_code = 30; This profile is private; id = 647478270
Error: error_code = 30; This profile is private; id = 125665286
Error: error_code = 30; This profile is private; id = 557074477
Error: error_code = 15; Access denied: user deactivated; id = 394666194
Error: error_code = 30; This profile is private; id = 25360860
Error: error_code = 30; This profile is private; id = 702450556
Error: error_code = 30; This profile is private; id = 99558821
Error: error_code = 30; This profile is private; id = 441072672
Error: error_code = 15; Access denied: user deactivated; id = 642520982
Error: error_code = 15; Access denied: user deactivated; id = 171762024
Error: error_code = 30; This profile is private; id = 578717135
Error: error_code = 30; This profile is private; id = 611670378
Error: error_code = 15; Access denied: user deactivated; id = 631982188
Error: error_code = 30; This profile is private; id = 293018167
Error: error_code = 30; This profile is private; id = 656967132
Error: error_code = 30; This profile is private; id = 108716784
Error: error_code = 30; This profile is private; id = 136961955
Error: error_code = 30; This profile is private; id = 394521260
Error: error_code = 30; This profile is private; id = 478102303
Error: error_code = 15; Access denied: user deactivated; id = 388757124
Error: error_code = 30; This profile is private; id = 328926654
Error: error_code = 30; This profile is private; id = 449323608
Error: error_code = 30; This profile is private; id = 253891541
Error: error_code = 15; Access denied: user deactivated; id = 117413769
Error: error_code = 30; This profile is private; id = 466342515
Error: error_code = 15; Access denied: user deactivated; id = 534976673
Error: error_code = 15; Access denied: user deactivated; id = 170578898
Error: error_code = 30; This profile is private; id = 691878565
Error: error_code = 15; Access denied: user deactivated; id = 119285033
Error: error_code = 30; This profile is private; id = 268217200
Error: error_code = 30; This profile is private; id = 69835867
Error: error_code = 30; This profile is private; id = 59692755
Error: error_code = 30; This profile is private; id = 583218568
Error: error_code = 30; This profile is private; id = 476928553
Error: error_code = 30; This profile is private; id = 32762192
Error: error_code = 15; Access denied: user deactivated; id = 184462476
Error: error_code = 30; This profile is private; id = 402484710
Error: error_code = 15; Access denied: user deactivated; id = 214364185
Error: error_code = 30; This profile is private; id = 196376613
Error: error_code = 30; This profile is private; id = 9776708
Error: error_code = 30; This profile is private; id = 30510426
Error: error_code = 30; This profile is private; id = 86332084
Error: error_code = 15; Access denied: user deactivated; id = 380848539
Error: error_code = 15; Access denied: user deactivated; id = 419234817
Error: error_code = 30; This profile is private; id = 642613214
Error: error_code = 30; This profile is private; id = 281427391
Error: error_code = 15; Access denied: user deactivated; id = 411146564
Error: error_code = 30; This profile is private; id = 716753491
Error: error_code = 15; Access denied: user deactivated; id = 217875565
Error: error_code = 30; This profile is private; id = 75886777
Error: error_code = 30; This profile is private; id = 488522373
Error: error_code = 30; This profile is private; id = 35778005
Error: error_code = 30; This profile is private; id = 190616823
Error: error_code = 30; This profile is private; id = 520498266
Error: error_code = 30; This profile is private; id = 162139510
Error: error_code = 30; This profile is private; id = 445481014
Error: error_code = 30; This profile is private; id = 35701096
Error: error_code = 30; This profile is private; id = 612863007
Error: error_code = 15; Access denied: user deactivated; id = 160841313
Error: error_code = 15; Access denied: user deactivated; id = 160878766
Error: error_code = 30; This profile is private; id = 430513763
Error: error_code = 30; This profile is private; id = 35030176
Error: error_code = 30; This profile is private; id = 477144021
Error: error_code = 30; This profile is private; id = 12852505
Error: error_code = 15; Access denied: user deactivated; id = 474966319
Error: error_code = 30; This profile is private; id = 119957712
Error: error_code = 15; Access denied: user deactivated; id = 561990691
Error: error_code = 30; This profile is private; id = 544347324
Error: error_code = 30; This profile is private; id = 135849770
Error: error_code = 30; This profile is private; id = 159969642
Error: error_code = 30; This profile is private; id = 6894801
Error: error_code = 30; This profile is private; id = 281047524
Error: error_code = 30; This profile is private; id = 136200599
Error: error_code = 15; Access denied: user deactivated; id = 702860365
Error: error_code = 30; This profile is private; id = 425455265
Error: error_code = 15; Access denied: user deactivated; id = 616717786
Error: error_code = 30; This profile is private; id = 265719023
Error: error_code = 15; Access denied: user deactivated; id = 487013231
Error: error_code = 30; This profile is private; id = 295647778
Error: error_code = 30; This profile is private; id = 536632027
Error: error_code = 15; Access denied: user deactivated; id = 270999785
Error: error_code = 15; Access denied: user deactivated; id = 315671709
Error: error_code = 15; Access denied: user deactivated; id = 167115896
Error: error_code = 30; This profile is private; id = 312762436
Error: error_code = 30; This profile is private; id = 542394760
Error: error_code = 30; This profile is private; id = 154672740
Error: error_code = 30; This profile is private; id = 289144395
Error: error_code = 30; This profile is private; id = 15990196
Error: error_code = 30; This profile is private; id = 700595290
Error: error_code = 30; This profile is private; id = 26741037
Error: error_code = 30; This profile is private; id = 276142731
Error: error_code = 30; This profile is private; id = 96738661
Error: error_code = 30; This profile is private; id = 351596581
Error: error_code = 30; This profile is private; id = 180344676
Error: error_code = 15; Access denied: user deactivated; id = 355910547
Error: error_code = 15; Access denied: user deactivated; id = 197570225
Error: error_code = 15; Access denied: user deactivated; id = 540758204
Error: error_code = 30; This profile is private; id = 146234670
Error: error_code = 30; This profile is private; id = 100998072
Error: error_code = 15; Access denied: user deactivated; id = 543713729
Error: error_code = 30; This profile is private; id = 8321441
Error: error_code = 30; This profile is private; id = 670410777
Error: error_code = 15; Access denied: user deactivated; id = 64018522
Error: error_code = 30; This profile is private; id = 597397959
Error: error_code = 30; This profile is private; id = 3279333
Error: error_code = 15; Access denied: user deactivated; id = 153675393
Error: error_code = 15; Access denied: user deactivated; id = 282536997
Error: error_code = 30; This profile is private; id = 233009708
Error: error_code = 30; This profile is private; id = 519502983
Error: error_code = 15; Access denied: user deactivated; id = 1769367
Error: error_code = 30; This profile is private; id = 393569421
Error: error_code = 30; This profile is private; id = 285905649
Error: error_code = 30; This profile is private; id = 330852545
Error: error_code = 30; This profile is private; id = 17184658
Error: error_code = 30; This profile is private; id = 319696271
Error: error_code = 30; This profile is private; id = 130132988
Error: error_code = 15; Access denied: user deactivated; id = 111249453
Error: error_code = 30; This profile is private; id = 563012582
Error: error_code = 15; Access denied: user deactivated; id = 574367483
Error: error_code = 15; Access denied: user deactivated; id = 147333914
Error: error_code = 30; This profile is private; id = 224936751
Error: error_code = 15; Access denied: user deactivated; id = 542924037
Error: error_code = 15; Access denied: user deactivated; id = 166984674
Error: error_code = 30; This profile is private; id = 68374155
Error: error_code = 15; Access denied: user deactivated; id = 564741701
Error: error_code = 30; This profile is private; id = 561401585
Error: error_code = 15; Access denied: user deactivated; id = 376631450
Error: error_code = 15; Access denied: user deactivated; id = 242851185
Error: error_code = 30; This profile is private; id = 382585062
Error: error_code = 30; This profile is private; id = 669779437
Error: error_code = 15; Access denied: user deactivated; id = 349886889
Error: error_code = 30; This profile is private; id = 679846399
Error: error_code = 15; Access denied: user deactivated; id = 293709387
Error: error_code = 30; This profile is private; id = 110347644
Error: error_code = 30; This profile is private; id = 41698804
Error: error_code = 30; This profile is private; id = 588768731
Error: error_code = 30; This profile is private; id = 588678430
Error: error_code = 30; This profile is private; id = 53420749
Error: error_code = 30; This profile is private; id = 203423194
Error: error_code = 30; This profile is private; id = 697120547
Error: error_code = 30; This profile is private; id = 482291210
Error: error_code = 30; This profile is private; id = 603905165
Error: error_code = 15; Access denied: user deactivated; id = 202804767
Error: error_code = 15; Access denied: user deactivated; id = 538531253
Error: error_code = 15; Access denied: user deactivated; id = 173968521
Error: error_code = 30; This profile is private; id = 587765950
Error: error_code = 30; This profile is private; id = 306237298
Error: error_code = 15; Access denied: user deactivated; id = 279574773
Error: error_code = 15; Access denied: user deactivated; id = 213213113
Error: error_code = 30; This profile is private; id = 572457678
Error: error_code = 30; This profile is private; id = 259325327
Error: error_code = 30; This profile is private; id = 81798740
Error: error_code = 30; This profile is private; id = 546371490
Error: error_code = 30; This profile is private; id = 27170829
Error: error_code = 30; This profile is private; id = 178460356
Error: error_code = 15; Access denied: user deactivated; id = 196602192
Error: error_code = 15; Access denied: user deactivated; id = 276236196
Error: error_code = 15; Access denied: user deactivated; id = 396149915
Error: error_code = 30; This profile is private; id = 210956952
Error: error_code = 30; This profile is private; id = 322715959
Error: error_code = 15; Access denied: user deactivated; id = 548828139
Error: error_code = 30; This profile is private; id = 143458192
Error: error_code = 30; This profile is private; id = 664188962
Error: error_code = 15; Access denied: user deactivated; id = 178737721
Error: error_code = 30; This profile is private; id = 256673173
Error: error_code = 30; This profile is private; id = 665185542
Error: error_code = 30; This profile is private; id = 562438649
Error: error_code = 15; Access denied: user deactivated; id = 559658857
Error: error_code = 30; This profile is private; id = 695492663
Error: error_code = 30; This profile is private; id = 188319916
Error: error_code = 30; This profile is private; id = 176536574
Error: error_code = 15; Access denied: user deactivated; id = 138831030
Error: error_code = 30; This profile is private; id = 188809784
Error: error_code = 30; This profile is private; id = 216645906
Error: error_code = 30; This profile is private; id = 210789504
Error: error_code = 30; This profile is private; id = 488325623
Error: error_code = 15; Access denied: user deactivated; id = 216428244
Error: error_code = 30; This profile is private; id = 636463580
Error: error_code = 30; This profile is private; id = 209649094
Error: error_code = 15; Access denied: user deactivated; id = 141477168
Error: error_code = 30; This profile is private; id = 4224551
Error: error_code = 15; Access denied: user deactivated; id = 405667118
Error: error_code = 30; This profile is private; id = 1996587
Error: error_code = 30; This profile is private; id = 569489739
Error: error_code = 15; Access denied: user deactivated; id = 395230638
Error: error_code = 30; This profile is private; id = 367047439
Error: error_code = 30; This profile is private; id = 566145124
Error: error_code = 30; This profile is private; id = 105317272
Error: error_code = 30; This profile is private; id = 312490961
Error: error_code = 30; This profile is private; id = 215281843
Error: error_code = 30; This profile is private; id = 235542876
Error: error_code = 30; This profile is private; id = 582565630
Error: error_code = 15; Access denied: user deactivated; id = 214175560
Error: error_code = 15; Access denied: user deactivated; id = 250035605
Error: error_code = 30; This profile is private; id = 279179885
Error: error_code = 15; Access denied: user deactivated; id = 21272049
Error: error_code = 15; Access denied: user deactivated; id = 195222443
Error: error_code = 15; Access denied: user deactivated; id = 355103903
Error: error_code = 30; This profile is private; id = 175772499
Error: error_code = 15; Access denied: user deactivated; id = 355290590
Error: error_code = 30; This profile is private; id = 395233344
Error: error_code = 30; This profile is private; id = 108398295
Error: error_code = 15; Access denied: user deactivated; id = 566266470
Error: error_code = 30; This profile is private; id = 317611399
Error: error_code = 30; This profile is private; id = 503048325
Error: error_code = 30; This profile is private; id = 603293920
Error: error_code = 30; This profile is private; id = 441097923
Error: error_code = 30; This profile is private; id = 540541548
Error: error_code = 30; This profile is private; id = 494447051
Error: error_code = 30; This profile is private; id = 601465472
Error: error_code = 30; This profile is private; id = 387002271
Error: error_code = 15; Access denied: user deactivated; id = 417597221
Error: error_code = 30; This profile is private; id = 349889263
Error: error_code = 15; Access denied: user deactivated; id = 457969019
Error: error_code = 30; This profile is private; id = 9541447
Error: error_code = 15; Access denied: user deactivated; id = 653999
Error: error_code = 15; Access denied: user deactivated; id = 230030619
Error: error_code = 30; This profile is private; id = 610688424
Error: error_code = 30; This profile is private; id = 676039136
Error: error_code = 30; This profile is private; id = 134375690
Error: error_code = 30; This profile is private; id = 695927990
Error: error_code = 30; This profile is private; id = 20438363
Error: error_code = 30; This profile is private; id = 15370914
Error: error_code = 15; Access denied: user deactivated; id = 707601444
Error: error_code = 30; This profile is private; id = 92631879
Error: error_code = 30; This profile is private; id = 261845086
Error: error_code = 30; This profile is private; id = 686807407
Error: error_code = 30; This profile is private; id = 525981369
Error: error_code = 15; Access denied: user deactivated; id = 120276859
Error: error_code = 30; This profile is private; id = 603219377
Error: error_code = 30; This profile is private; id = 520589377
Error: error_code = 30; This profile is private; id = 300640650
Error: error_code = 15; Access denied: user deactivated; id = 401442127
Error: error_code = 15; Access denied: user deactivated; id = 436397242
Error: error_code = 30; This profile is private; id = 200306373
Error: error_code = 30; This profile is private; id = 523937008
Error: error_code = 30; This profile is private; id = 299505162
Error: error_code = 30; This profile is private; id = 590826558
Error: error_code = 30; This profile is private; id = 45053651
Error: error_code = 15; Access denied: user deactivated; id = 605602821
Error: error_code = 15; Access denied: user deactivated; id = 399566208
Error: error_code = 30; This profile is private; id = 168346479
Error: error_code = 15; Access denied: user deactivated; id = 603552982
Error: error_code = 15; Access denied: user deactivated; id = 413337735
Error: error_code = 30; This profile is private; id = 215237478
Error: error_code = 30; This profile is private; id = 589985239
Error: error_code = 30; This profile is private; id = 357457241
Error: error_code = 30; This profile is private; id = 280832807
Error: error_code = 15; Access denied: user deactivated; id = 173191958
Error: error_code = 15; Access denied: user deactivated; id = 343410213
Error: error_code = 30; This profile is private; id = 663057057
Error: error_code = 30; This profile is private; id = 155294139
Error: error_code = 15; Access denied: user deactivated; id = 217824083
Error: error_code = 30; This profile is private; id = 273778036
Error: error_code = 15; Access denied: user deactivated; id = 665004937
Error: error_code = 30; This profile is private; id = 597607193
Error: error_code = 30; This profile is private; id = 136125841
Error: error_code = 15; Access denied: user deactivated; id = 67248927
Error: error_code = 15; Access denied: user deactivated; id = 663462695
Error: error_code = 30; This profile is private; id = 369250482
Error: error_code = 30; This profile is private; id = 620250660
Error: error_code = 30; This profile is private; id = 10635886
Error: error_code = 30; This profile is private; id = 334053341
Error: error_code = 15; Access denied: user deactivated; id = 687268265
Error: error_code = 30; This profile is private; id = 10208983
Error: error_code = 30; This profile is private; id = 662941502
Error: error_code = 30; This profile is private; id = 57500115
Error: error_code = 30; This profile is private; id = 85644957
Error: error_code = 30; This profile is private; id = 295063882
Error: error_code = 15; Access denied: user deactivated; id = 291520961
Error: error_code = 15; Access denied: user deactivated; id = 403887371
Error: error_code = 30; This profile is private; id = 425322545
Error: error_code = 30; This profile is private; id = 255084225
Error: error_code = 30; This profile is private; id = 591709146
Error: error_code = 30; This profile is private; id = 16364436
Error: error_code = 15; Access denied: user deactivated; id = 52385480
Error: error_code = 30; This profile is private; id = 176034449
Error: error_code = 15; Access denied: user deactivated; id = 435020246
Error: error_code = 15; Access denied: user deactivated; id = 217161514
Error: error_code = 30; This profile is private; id = 374240460
Error: error_code = 30; This profile is private; id = 646506524
Error: error_code = 15; Access denied: user deactivated; id = 428716019
Error: error_code = 30; This profile is private; id = 711527787
Error: error_code = 30; This profile is private; id = 221364465
Error: error_code = 15; Access denied: user deactivated; id = 416535525
Error: error_code = 30; This profile is private; id = 7626576
Error: error_code = 15; Access denied: user deactivated; id = 217104939
Error: error_code = 15; Access denied: user deactivated; id = 557042717
Error: error_code = 30; This profile is private; id = 194835574
Error: error_code = 30; This profile is private; id = 140521118
Error: error_code = 15; Access denied: user deactivated; id = 409642649
Error: error_code = 30; This profile is private; id = 314252217
Error: error_code = 15; Access denied: user deactivated; id = 321488920
Error: error_code = 15; Access denied: user deactivated; id = 230492160
Error: error_code = 15; Access denied: user deactivated; id = 687618903
Error: error_code = 30; This profile is private; id = 427516315
Error: error_code = 15; Access denied: user deactivated; id = 354948996
Error: error_code = 15; Access denied: user deactivated; id = 713080903
Error: error_code = 15; Access denied: user deactivated; id = 238264890
Error: error_code = 15; Access denied: user deactivated; id = 16551298
Error: error_code = 30; This profile is private; id = 638807962
Error: error_code = 30; This profile is private; id = 637349639
Error: error_code = 30; This profile is private; id = 320090884
Error: error_code = 30; This profile is private; id = 321470185
Error: error_code = 15; Access denied: user deactivated; id = 239708392
Error: error_code = 30; This profile is private; id = 102496063
Error: error_code = 15; Access denied: user deactivated; id = 416021507
Error: error_code = 30; This profile is private; id = 446202306
Error: error_code = 15; Access denied: user deactivated; id = 521065187
Error: error_code = 30; This profile is private; id = 450936925
Error: error_code = 30; This profile is private; id = 637352036
Error: error_code = 30; This profile is private; id = 155312792
Error: error_code = 30; This profile is private; id = 16129992
Error: error_code = 30; This profile is private; id = 151046036
Error: error_code = 30; This profile is private; id = 4554868
Error: error_code = 15; Access denied: user deactivated; id = 248006574
Error: error_code = 15; Access denied: user deactivated; id = 402191532
Error: error_code = 15; Access denied: user deactivated; id = 221525595
Error: error_code = 15; Access denied: user deactivated; id = 418403870
Error: error_code = 15; Access denied: user deactivated; id = 710123020
Error: error_code = 30; This profile is private; id = 14111233
Error: error_code = 30; This profile is private; id = 321585910
Error: error_code = 30; This profile is private; id = 431886432
Error: error_code = 30; This profile is private; id = 342612201
Error: error_code = 15; Access denied: user deactivated; id = 482123496
Error: error_code = 30; This profile is private; id = 315701522
Error: error_code = 15; Access denied: user deactivated; id = 281252060
Error: error_code = 30; This profile is private; id = 494376282
Error: error_code = 15; Access denied: user deactivated; id = 593092331
Error: error_code = 15; Access denied: user deactivated; id = 346134425
Error: error_code = 30; This profile is private; id = 236056365
Error: error_code = 30; This profile is private; id = 677470862
Error: error_code = 30; This profile is private; id = 105103703
Error: error_code = 30; This profile is private; id = 151100514
Error: error_code = 15; Access denied: user deactivated; id = 524889164
Error: error_code = 30; This profile is private; id = 42520692
Error: error_code = 30; This profile is private; id = 41605968
Error: error_code = 30; This profile is private; id = 207311359
Error: error_code = 30; This profile is private; id = 143380187
Error: error_code = 15; Access denied: user deactivated; id = 427339438
Error: error_code = 30; This profile is private; id = 408245671
Error: error_code = 30; This profile is private; id = 76876293
Error: error_code = 30; This profile is private; id = 214357478
Error: error_code = 15; Access denied: user deactivated; id = 264340598
Error: error_code = 15; Access denied: user deactivated; id = 401513279
Error: error_code = 15; Access denied: user deactivated; id = 364728746
Error: error_code = 30; This profile is private; id = 70873275
Error: error_code = 30; This profile is private; id = 394301154
Error: error_code = 30; This profile is private; id = 2624101
Error: error_code = 30; This profile is private; id = 31439987
Error: error_code = 30; This profile is private; id = 456305895
Error: error_code = 30; This profile is private; id = 134843181
Error: error_code = 15; Access denied: user deactivated; id = 263091905
Error: error_code = 30; This profile is private; id = 111447059
Error: error_code = 30; This profile is private; id = 593117422
Error: error_code = 30; This profile is private; id = 145381208
Error: error_code = 15; Access denied: user deactivated; id = 276507786
Error: error_code = 30; This profile is private; id = 78322092
Error: error_code = 30; This profile is private; id = 101474901
Error: error_code = 30; This profile is private; id = 437771685
Error: error_code = 15; Access denied: user deactivated; id = 194811019
Error: error_code = 15; Access denied: user deactivated; id = 307881851
Error: error_code = 30; This profile is private; id = 132899290
Error: error_code = 15; Access denied: user deactivated; id = 60848470
Error: error_code = 30; This profile is private; id = 199368125
Error: error_code = 30; This profile is private; id = 202963083
Error: error_code = 30; This profile is private; id = 457134004
Error: error_code = 30; This profile is private; id = 381731904
Error: error_code = 15; Access denied: user deactivated; id = 176418568
Error: error_code = 15; Access denied: user deactivated; id = 712064148
Error: error_code = 30; This profile is private; id = 313173282
Error: error_code = 30; This profile is private; id = 203517645
Error: error_code = 15; Access denied: user deactivated; id = 280041199
Error: error_code = 15; Access denied: user deactivated; id = 588991017
Error: error_code = 30; This profile is private; id = 438686143
Error: error_code = 30; This profile is private; id = 171033182
Error: error_code = 30; This profile is private; id = 472610683
Error: error_code = 30; This profile is private; id = 152983738
Error: error_code = 15; Access denied: user deactivated; id = 182916991
Error: error_code = 15; Access denied: user deactivated; id = 143766049
Error: error_code = 30; This profile is private; id = 299333
Error: error_code = 15; Access denied: user deactivated; id = 188008450
Error: error_code = 30; This profile is private; id = 590166491
Error: error_code = 30; This profile is private; id = 64720099
Error: error_code = 15; Access denied: user deactivated; id = 467154165
Error: error_code = 30; This profile is private; id = 349386523
Error: error_code = 15; Access denied: user deactivated; id = 234655213
Error: error_code = 30; This profile is private; id = 159658679
Error: error_code = 15; Access denied: user deactivated; id = 458322801
Error: error_code = 30; This profile is private; id = 135487422
Error: error_code = 15; Access denied: user deactivated; id = 626603618
Error: error_code = 15; Access denied: user deactivated; id = 241651629
Error: error_code = 15; Access denied: user deactivated; id = 514342363
Error: error_code = 30; This profile is private; id = 362754000
Error: error_code = 30; This profile is private; id = 79113629
Error: error_code = 30; This profile is private; id = 661134706
Error: error_code = 30; This profile is private; id = 490826894
Error: error_code = 15; Access denied: user deactivated; id = 225348192
Error: error_code = 30; This profile is private; id = 443926927
Error: error_code = 15; Access denied: user deactivated; id = 714999588
Error: error_code = 30; This profile is private; id = 20447468
Error: error_code = 30; This profile is private; id = 309537607
Error: error_code = 30; This profile is private; id = 444059580
Error: error_code = 15; Access denied: user deactivated; id = 715187327
Error: error_code = 15; Access denied: user deactivated; id = 185112618
Error: error_code = 15; Access denied: user deactivated; id = 689932483
Error: error_code = 30; This profile is private; id = 158439923
Error: error_code = 15; Access denied: user deactivated; id = 539955997
Error: error_code = 30; This profile is private; id = 504866176
Error: error_code = 30; This profile is private; id = 708225104
Error: error_code = 30; This profile is private; id = 50648440
Error: error_code = 30; This profile is private; id = 246372337
Error: error_code = 30; This profile is private; id = 164321744
Error: error_code = 30; This profile is private; id = 668995950
Error: error_code = 30; This profile is private; id = 39496782
Error: error_code = 30; This profile is private; id = 496510884
Error: error_code = 30; This profile is private; id = 199573926
Error: error_code = 15; Access denied: user deactivated; id = 46580331
Error: error_code = 30; This profile is private; id = 140290541
Error: error_code = 15; Access denied: user deactivated; id = 634277703
Error: error_code = 15; Access denied: user deactivated; id = 339430745
Error: error_code = 15; Access denied: user deactivated; id = 425623566
Error: error_code = 30; This profile is private; id = 697539582
Error: error_code = 15; Access denied: user deactivated; id = 253244210
Error: error_code = 30; This profile is private; id = 649262376
Error: error_code = 30; This profile is private; id = 569999006
Error: error_code = 30; This profile is private; id = 345456748
Error: error_code = 15; Access denied: user deactivated; id = 197767287
Error: error_code = 30; This profile is private; id = 644599818
Error: error_code = 15; Access denied: user deactivated; id = 459174960
Error: error_code = 15; Access denied: user deactivated; id = 339813512
Error: error_code = 15; Access denied: user deactivated; id = 348762897
Error: error_code = 30; This profile is private; id = 546416346
Error: error_code = 30; This profile is private; id = 475929760
Error: error_code = 15; Access denied: user deactivated; id = 316973922
Error: error_code = 30; This profile is private; id = 300796182
Error: error_code = 15; Access denied: user deactivated; id = 400479614
Error: error_code = 15; Access denied: user deactivated; id = 509440501
Error: error_code = 30; This profile is private; id = 82459152
Error: error_code = 15; Access denied: user deactivated; id = 199366094
Error: error_code = 30; This profile is private; id = 557884095
Error: error_code = 30; This profile is private; id = 414964747
Error: error_code = 15; Access denied: user deactivated; id = 187613799
Error: error_code = 15; Access denied: user deactivated; id = 363714909
Error: error_code = 15; Access denied: user deactivated; id = 420476686
Error: error_code = 30; This profile is private; id = 355011777
Error: error_code = 15; Access denied: user deactivated; id = 356487462
Error: error_code = 30; This profile is private; id = 158739650
Error: error_code = 15; Access denied: user deactivated; id = 215130867
Error: error_code = 30; This profile is private; id = 48044034
Error: error_code = 30; This profile is private; id = 322781580
Error: error_code = 30; This profile is private; id = 508616848
Error: error_code = 30; This profile is private; id = 696303895
Error: error_code = 30; This profile is private; id = 2450124
Error: error_code = 30; This profile is private; id = 147510821
Error: error_code = 30; This profile is private; id = 179475836
Error: error_code = 15; Access denied: user deactivated; id = 11158863
Error: error_code = 30; This profile is private; id = 81779927
Error: error_code = 30; This profile is private; id = 460493656
Error: error_code = 15; Access denied: user deactivated; id = 512852574
Error: error_code = 15; Access denied: user deactivated; id = 13062601
Error: error_code = 15; Access denied: user deactivated; id = 178284318
Error: error_code = 30; This profile is private; id = 222367420
Error: error_code = 15; Access denied: user deactivated; id = 370188622
Error: error_code = 15; Access denied: user deactivated; id = 391908593
Error: error_code = 30; This profile is private; id = 622735927
Error: error_code = 15; Access denied: user deactivated; id = 180416248
Error: error_code = 15; Access denied: user deactivated; id = 90559719
Error: error_code = 30; This profile is private; id = 20154716
Error: error_code = 30; This profile is private; id = 189547094
Error: error_code = 15; Access denied: user deactivated; id = 471428775
Error: error_code = 30; This profile is private; id = 569078034
Error: error_code = 15; Access denied: user deactivated; id = 151868115
Error: error_code = 30; This profile is private; id = 55500049
Error: error_code = 30; This profile is private; id = 72373919
Error: error_code = 30; This profile is private; id = 14268878
Error: error_code = 30; This profile is private; id = 319466583
Error: error_code = 30; This profile is private; id = 22130878
Error: error_code = 30; This profile is private; id = 155658729
Error: error_code = 30; This profile is private; id = 321157702
Error: error_code = 15; Access denied: user deactivated; id = 321360111
Error: error_code = 15; Access denied: user deactivated; id = 4771200
Error: error_code = 30; This profile is private; id = 416423843
Error: error_code = 30; This profile is private; id = 15863176
Error: error_code = 30; This profile is private; id = 569286588
Error: error_code = 30; This profile is private; id = 383651739
Error: error_code = 15; Access denied: user deactivated; id = 419213111
Error: error_code = 30; This profile is private; id = 87345651
Error: error_code = 15; Access denied: user deactivated; id = 380922420
Error: error_code = 15; Access denied: user deactivated; id = 307852822
Error: error_code = 30; This profile is private; id = 232873528
Error: error_code = 30; This profile is private; id = 397968436
Error: error_code = 30; This profile is private; id = 558750162
Error: error_code = 15; Access denied: user deactivated; id = 293548383
Error: error_code = 30; This profile is private; id = 32930488
Error: error_code = 15; Access denied: user deactivated; id = 635676447
Error: error_code = 30; This profile is private; id = 710804999
Error: error_code = 15; Access denied: user deactivated; id = 494249952
Error: error_code = 30; This profile is private; id = 570859466
Error: error_code = 15; Access denied: user deactivated; id = 221088499
Error: error_code = 30; This profile is private; id = 493378685
Error: error_code = 30; This profile is private; id = 551828333
Error: error_code = 30; This profile is private; id = 466483689
Error: error_code = 30; This profile is private; id = 98870536
Error: error_code = 30; This profile is private; id = 652358520
Error: error_code = 30; This profile is private; id = 234395342
Error: error_code = 30; This profile is private; id = 869543
Error: error_code = 30; This profile is private; id = 577405747
Error: error_code = 30; This profile is private; id = 588260100
Error: error_code = 15; Access denied: user deactivated; id = 531317812
Error: error_code = 15; Access denied: user deactivated; id = 270699150
Error: error_code = 30; This profile is private; id = 683744835
Error: error_code = 30; This profile is private; id = 578351720
Error: error_code = 15; Access denied: user deactivated; id = 229503903
Error: error_code = 15; Access denied: user deactivated; id = 405112165
Error: error_code = 30; This profile is private; id = 36515360
Error: error_code = 30; This profile is private; id = 549398834
Error: error_code = 30; This profile is private; id = 413790041
Error: error_code = 30; This profile is private; id = 328086099
Error: error_code = 30; This profile is private; id = 35285972
Error: error_code = 30; This profile is private; id = 5085749
Error: error_code = 30; This profile is private; id = 41953086
Error: error_code = 30; This profile is private; id = 391124516
Error: error_code = 15; Access denied: user deactivated; id = 578739626
Error: error_code = 30; This profile is private; id = 505242107
Error: error_code = 15; Access denied: user deactivated; id = 363578526
Error: error_code = 30; This profile is private; id = 13992335
Error: error_code = 30; This profile is private; id = 214336664
Error: error_code = 30; This profile is private; id = 496600161
Error: error_code = 30; This profile is private; id = 68057463
Error: error_code = 15; Access denied: user deactivated; id = 538117091
Error: error_code = 30; This profile is private; id = 443033920
Error: error_code = 30; This profile is private; id = 496640962
Error: error_code = 30; This profile is private; id = 709047490
Error: error_code = 15; Access denied: user deactivated; id = 364430654
Error: error_code = 30; This profile is private; id = 319900504
Error: error_code = 30; This profile is private; id = 717463103
Error: error_code = 15; Access denied: user deactivated; id = 402895760
Error: error_code = 15; Access denied: user deactivated; id = 132628988
Error: error_code = 30; This profile is private; id = 559622209
Error: error_code = 30; This profile is private; id = 466005189
Error: error_code = 15; Access denied: user deactivated; id = 445591718
Error: error_code = 15; Access denied: user deactivated; id = 428168556
Error: error_code = 30; This profile is private; id = 405085368
Error: error_code = 30; This profile is private; id = 364188206
Error: error_code = 30; This profile is private; id = 556462547
Error: error_code = 30; This profile is private; id = 700887719
Error: error_code = 15; Access denied: user deactivated; id = 684206777
Error: error_code = 15; Access denied: user deactivated; id = 222183312
Error: error_code = 15; Access denied: user deactivated; id = 707944683
Error: error_code = 30; This profile is private; id = 28913584
Error: error_code = 30; This profile is private; id = 373767887
Error: error_code = 15; Access denied: user deactivated; id = 218652812
Error: error_code = 30; This profile is private; id = 48646560
Error: error_code = 30; This profile is private; id = 305242590
Error: error_code = 30; This profile is private; id = 166758616
Error: error_code = 30; This profile is private; id = 608319040
Error: error_code = 30; This profile is private; id = 453441188
Error: error_code = 15; Access denied: user deactivated; id = 242618691
Error: error_code = 15; Access denied: user deactivated; id = 19366465
Error: error_code = 15; Access denied: user deactivated; id = 40658294
Error: error_code = 30; This profile is private; id = 259572275
Error: error_code = 15; Access denied: user deactivated; id = 355585850
Error: error_code = 30; This profile is private; id = 19781959
Error: error_code = 15; Access denied: user deactivated; id = 229130305
Error: error_code = 15; Access denied: user deactivated; id = 241042992
Error: error_code = 30; This profile is private; id = 628062305
Error: error_code = 30; This profile is private; id = 450570082
Error: error_code = 15; Access denied: user deactivated; id = 357710343
Error: error_code = 30; This profile is private; id = 289742397
Error: error_code = 30; This profile is private; id = 694280985
Error: error_code = 30; This profile is private; id = 8788020
Error: error_code = 30; This profile is private; id = 561920306
Error: error_code = 30; This profile is private; id = 225672958
Error: error_code = 15; Access denied: user deactivated; id = 281823606
Error: error_code = 30; This profile is private; id = 509978788
Error: error_code = 30; This profile is private; id = 159358503
Error: error_code = 30; This profile is private; id = 91043809
Error: error_code = 30; This profile is private; id = 517644604
Error: error_code = 30; This profile is private; id = 393767083
Error: error_code = 30; This profile is private; id = 669675160
Error: error_code = 15; Access denied: user deactivated; id = 264737264
Error: error_code = 15; Access denied: user deactivated; id = 547941866
Error: error_code = 30; This profile is private; id = 124703591
Error: error_code = 15; Access denied: user deactivated; id = 29458363
Error: error_code = 30; This profile is private; id = 655776129
Error: error_code = 30; This profile is private; id = 582012463
Error: error_code = 15; Access denied: user deactivated; id = 235501016
Error: error_code = 30; This profile is private; id = 17125758
Error: error_code = 30; This profile is private; id = 429908262
Error: error_code = 30; This profile is private; id = 130737029
Error: error_code = 15; Access denied: user deactivated; id = 200183478
Error: error_code = 30; This profile is private; id = 688923189
Error: error_code = 30; This profile is private; id = 503141144
Error: error_code = 30; This profile is private; id = 475699482
Error: error_code = 30; This profile is private; id = 70863191
Error: error_code = 15; Access denied: user deactivated; id = 487553899
Error: error_code = 30; This profile is private; id = 653567397
Error: error_code = 15; Access denied: user deactivated; id = 460683430
Error: error_code = 30; This profile is private; id = 696390895
Error: error_code = 30; This profile is private; id = 271919243
Error: error_code = 30; This profile is private; id = 98824793
Error: error_code = 30; This profile is private; id = 702089055
Error: error_code = 15; Access denied: user deactivated; id = 534341423
Error: error_code = 30; This profile is private; id = 339802155
Error: error_code = 30; This profile is private; id = 643407543
Error: error_code = 15; Access denied: user deactivated; id = 333015357
Error: error_code = 30; This profile is private; id = 681909521
Error: error_code = 30; This profile is private; id = 542837314
Error: error_code = 30; This profile is private; id = 7639159
Error: error_code = 15; Access denied: user deactivated; id = 460652787
Error: error_code = 30; This profile is private; id = 34849993
Error: error_code = 30; This profile is private; id = 575277040
Error: error_code = 15; Access denied: user deactivated; id = 213367563
Error: error_code = 30; This profile is private; id = 140124802
Error: error_code = 30; This profile is private; id = 97519072
Error: error_code = 30; This profile is private; id = 6880648
Error: error_code = 30; This profile is private; id = 407002103
Error: error_code = 15; Access denied: user deactivated; id = 15448794
Error: error_code = 30; This profile is private; id = 592099264
Error: error_code = 30; This profile is private; id = 179701462
Error: error_code = 30; This profile is private; id = 462887536
Error: error_code = 15; Access denied: user deactivated; id = 208863481
Error: error_code = 30; This profile is private; id = 390243549
Error: error_code = 30; This profile is private; id = 655200853
Error: error_code = 30; This profile is private; id = 325490605
Error: error_code = 15; Access denied: user deactivated; id = 154128378
Error: error_code = 15; Access denied: user deactivated; id = 196626783
Error: error_code = 30; This profile is private; id = 385771793
Error: error_code = 30; This profile is private; id = 603324760
Error: error_code = 30; This profile is private; id = 336593055
Error: error_code = 15; Access denied: user deactivated; id = 237623799
Error: error_code = 30; This profile is private; id = 408044228
Error: error_code = 30; This profile is private; id = 557608362
Error: error_code = 30; This profile is private; id = 256184690
Error: error_code = 30; This profile is private; id = 1277737
Error: error_code = 15; Access denied: user deactivated; id = 228054402
Error: error_code = 30; This profile is private; id = 181523153
Error: error_code = 30; This profile is private; id = 166273260
Error: error_code = 30; This profile is private; id = 159525917
Error: error_code = 30; This profile is private; id = 322514081
Error: error_code = 30; This profile is private; id = 341076954
Error: error_code = 30; This profile is private; id = 26422487
Error: error_code = 30; This profile is private; id = 478879377
Error: error_code = 30; This profile is private; id = 411949491
Error: error_code = 30; This profile is private; id = 84737880
Error: error_code = 30; This profile is private; id = 705289494
Error: error_code = 30; This profile is private; id = 257031769
Error: error_code = 30; This profile is private; id = 609813121
Error: error_code = 30; This profile is private; id = 12536502
Error: error_code = 30; This profile is private; id = 320850321
Error: error_code = 30; This profile is private; id = 328222734
Error: error_code = 15; Access denied: user deactivated; id = 218957233
Error: error_code = 30; This profile is private; id = 95184517
Error: error_code = 15; Access denied: user deactivated; id = 532142812
Error: error_code = 15; Access denied: user deactivated; id = 448500176
Error: error_code = 15; Access denied: user deactivated; id = 13561789
Error: error_code = 15; Access denied: user deactivated; id = 249821340
Error: error_code = 15; Access denied: user deactivated; id = 1812169
Error: error_code = 15; Access denied: user deactivated; id = 524288631
Error: error_code = 15; Access denied: user deactivated; id = 534894733
Error: error_code = 15; Access denied: user deactivated; id = 350678613
Error: error_code = 15; Access denied: user deactivated; id = 391020199
Error: error_code = 15; Access denied: user deactivated; id = 514614765
Error: error_code = 15; Access denied: user deactivated; id = 351308276
Error: error_code = 30; This profile is private; id = 3363681
Error: error_code = 30; This profile is private; id = 644945581
Error: error_code = 30; This profile is private; id = 34009009
Error: error_code = 30; This profile is private; id = 484652225
Error: error_code = 15; Access denied: user deactivated; id = 342089782
Error: error_code = 15; Access denied: user deactivated; id = 394087244
Error: error_code = 30; This profile is private; id = 697844976
Error: error_code = 30; This profile is private; id = 178770489
Error: error_code = 30; This profile is private; id = 322928207
Error: error_code = 15; Access denied: user deactivated; id = 450231932
Error: error_code = 15; Access denied: user deactivated; id = 715137842
Error: error_code = 30; This profile is private; id = 349566751
Error: error_code = 15; Access denied: user deactivated; id = 362716958
Error: error_code = 30; This profile is private; id = 408271808
Error: error_code = 15; Access denied: user deactivated; id = 464919994
Error: error_code = 15; Access denied: user deactivated; id = 600854669
Error: error_code = 15; Access denied: user deactivated; id = 54083268
Error: error_code = 30; This profile is private; id = 116853933
Error: error_code = 15; Access denied: user deactivated; id = 538876276
Error: error_code = 30; This profile is private; id = 373434789
Error: error_code = 30; This profile is private; id = 662365975
Error: error_code = 30; This profile is private; id = 509113680
Error: error_code = 30; This profile is private; id = 287193665
Error: error_code = 30; This profile is private; id = 65746802
Error: error_code = 15; Access denied: user deactivated; id = 33688964
Error: error_code = 30; This profile is private; id = 435850553
Error: error_code = 30; This profile is private; id = 252604517
Error: error_code = 30; This profile is private; id = 185948573
Error: error_code = 15; Access denied: user deactivated; id = 414862535
Error: error_code = 30; This profile is private; id = 615911113
Error: error_code = 30; This profile is private; id = 92473197
Error: error_code = 15; Access denied: user deactivated; id = 77766369
Error: error_code = 15; Access denied: user deactivated; id = 274563225
Error: error_code = 30; This profile is private; id = 85700175
Error: error_code = 30; This profile is private; id = 666611537
Error: error_code = 30; This profile is private; id = 182854
Error: error_code = 15; Access denied: user deactivated; id = 544609995
Error: error_code = 15; Access denied: user deactivated; id = 115054551
Error: error_code = 30; This profile is private; id = 147850444
Error: error_code = 30; This profile is private; id = 76184398
Error: error_code = 30; This profile is private; id = 575402886
Error: error_code = 30; This profile is private; id = 132138893
Error: error_code = 30; This profile is private; id = 84638401
Error: error_code = 15; Access denied: user deactivated; id = 206566537
Error: error_code = 15; Access denied: user deactivated; id = 294822789
Error: error_code = 15; Access denied: user deactivated; id = 492378027
Error: error_code = 15; Access denied: user deactivated; id = 707604715
Error: error_code = 30; This profile is private; id = 385392127
Error: error_code = 30; This profile is private; id = 284484925
Error: error_code = 15; Access denied: user deactivated; id = 394861092
Error: error_code = 30; This profile is private; id = 448844779
Error: error_code = 30; This profile is private; id = 686002208
Error: error_code = 30; This profile is private; id = 48826068
Error: error_code = 15; Access denied: user deactivated; id = 272398197
Error: error_code = 30; This profile is private; id = 515674611
Error: error_code = 30; This profile is private; id = 510188067
Error: error_code = 30; This profile is private; id = 574018282
Error: error_code = 30; This profile is private; id = 105895307
Error: error_code = 15; Access denied: user deactivated; id = 299148035
Error: error_code = 15; Access denied: user deactivated; id = 547982680
Error: error_code = 15; Access denied: user deactivated; id = 419480951
Error: error_code = 30; This profile is private; id = 21692656
Error: error_code = 30; This profile is private; id = 161687641
Error: error_code = 15; Access denied: user deactivated; id = 718240281
Error: error_code = 30; This profile is private; id = 528973117
Error: error_code = 30; This profile is private; id = 68813262
Error: error_code = 15; Access denied: user deactivated; id = 716976518
Error: error_code = 15; Access denied: user deactivated; id = 440520791
Error: error_code = 15; Access denied: user deactivated; id = 372942564
Error: error_code = 15; Access denied: user deactivated; id = 208978181
Error: error_code = 15; Access denied: user deactivated; id = 348870000
Error: error_code = 15; Access denied: user deactivated; id = 452185783
Error: error_code = 30; This profile is private; id = 465648087
Error: error_code = 30; This profile is private; id = 176248341
Error: error_code = 30; This profile is private; id = 204708156
Error: error_code = 15; Access denied: user deactivated; id = 82617556
Error: error_code = 30; This profile is private; id = 241063774
Error: error_code = 30; This profile is private; id = 620585875
Error: error_code = 30; This profile is private; id = 202575760
Error: error_code = 30; This profile is private; id = 120527099
Error: error_code = 30; This profile is private; id = 266696541
Error: error_code = 30; This profile is private; id = 555118410
Error: error_code = 15; Access denied: user deactivated; id = 156112254
Error: error_code = 15; Access denied: user deactivated; id = 241653329
Error: error_code = 15; Access denied: user deactivated; id = 325372291
Error: error_code = 15; Access denied: user deactivated; id = 259624777
Error: error_code = 30; This profile is private; id = 240025633
Error: error_code = 30; This profile is private; id = 5736062
Error: error_code = 30; This profile is private; id = 695576652
Error: error_code = 30; This profile is private; id = 440476640
Error: error_code = 30; This profile is private; id = 199485789
Error: error_code = 30; This profile is private; id = 660749422
Error: error_code = 30; This profile is private; id = 6075362
Error: error_code = 30; This profile is private; id = 49612526
Error: error_code = 30; This profile is private; id = 501148080
Error: error_code = 15; Access denied: user deactivated; id = 213543556
Error: error_code = 15; Access denied: user deactivated; id = 202260525
Error: error_code = 15; Access denied: user deactivated; id = 226336836
Error: error_code = 30; This profile is private; id = 151535870
Error: error_code = 30; This profile is private; id = 292512889
Error: error_code = 30; This profile is private; id = 687716565
Error: error_code = 15; Access denied: user deactivated; id = 553889707
Error: error_code = 15; Access denied: user deactivated; id = 8388605
Error: error_code = 30; This profile is private; id = 687066909
Error: error_code = 15; Access denied: user deactivated; id = 97359926
Error: error_code = 15; Access denied: user deactivated; id = 225237540
Error: error_code = 30; This profile is private; id = 329713807
Error: error_code = 30; This profile is private; id = 153348541
Error: error_code = 30; This profile is private; id = 120286915
Error: error_code = 30; This profile is private; id = 639858609
Error: error_code = 30; This profile is private; id = 652885065
Error: error_code = 30; This profile is private; id = 642124609
Error: error_code = 30; This profile is private; id = 545738861
Error: error_code = 30; This profile is private; id = 282746871
Error: error_code = 30; This profile is private; id = 500686112
Error: error_code = 30; This profile is private; id = 390021495
Error: error_code = 30; This profile is private; id = 586880100
Error: error_code = 15; Access denied: user deactivated; id = 356867226
Error: error_code = 30; This profile is private; id = 374255536
Error: error_code = 30; This profile is private; id = 123183547
Error: error_code = 15; Access denied: user deactivated; id = 264700089
Error: error_code = 30; This profile is private; id = 260182547
Error: error_code = 30; This profile is private; id = 465073194
Error: error_code = 15; Access denied: user deactivated; id = 289208291
Error: error_code = 15; Access denied: user deactivated; id = 561890710
Error: error_code = 15; Access denied: user deactivated; id = 296775393
Error: error_code = 30; This profile is private; id = 717521981
Error: error_code = 30; This profile is private; id = 103606823
Error: error_code = 30; This profile is private; id = 601532886
Error: error_code = 30; This profile is private; id = 179845
Error: error_code = 15; Access denied: user deactivated; id = 328440304
Error: error_code = 15; Access denied: user deactivated; id = 462147311
Error: error_code = 15; Access denied: user deactivated; id = 430558094
Error: error_code = 15; Access denied: user deactivated; id = 536987818
Error: error_code = 30; This profile is private; id = 610025623
Error: error_code = 15; Access denied: user deactivated; id = 317448254
Error: error_code = 30; This profile is private; id = 443935067
Error: error_code = 15; Access denied: user deactivated; id = 702532421
Error: error_code = 15; Access denied: user deactivated; id = 539561787
Error: error_code = 30; This profile is private; id = 28055471
Error: error_code = 30; This profile is private; id = 40494642
Error: error_code = 15; Access denied: user deactivated; id = 349195597
Error: error_code = 30; This profile is private; id = 600088505
Error: error_code = 30; This profile is private; id = 142208967
Error: error_code = 30; This profile is private; id = 48425557
Error: error_code = 30; This profile is private; id = 273868864
Error: error_code = 30; This profile is private; id = 467470493
Error: error_code = 30; This profile is private; id = 43198145
Error: error_code = 30; This profile is private; id = 307796705
Error: error_code = 30; This profile is private; id = 161914940
Error: error_code = 30; This profile is private; id = 61766235
Error: error_code = 30; This profile is private; id = 451001410
Error: error_code = 30; This profile is private; id = 625763610
Error: error_code = 15; Access denied: user deactivated; id = 433057024
Error: error_code = 30; This profile is private; id = 549565188
Error: error_code = 30; This profile is private; id = 706794729
Error: error_code = 30; This profile is private; id = 672983163
Error: error_code = 15; Access denied: user deactivated; id = 148945364
Error: error_code = 15; Access denied: user deactivated; id = 399353187
Error: error_code = 30; This profile is private; id = 382924991
Error: error_code = 30; This profile is private; id = 5679604
Error: error_code = 30; This profile is private; id = 656283426
Error: error_code = 30; This profile is private; id = 609299975
Error: error_code = 30; This profile is private; id = 270000220
Error: error_code = 30; This profile is private; id = 450546988
Error: error_code = 30; This profile is private; id = 408510855
Error: error_code = 15; Access denied: user deactivated; id = 203217308
Error: error_code = 15; Access denied: user deactivated; id = 287632619
Error: error_code = 30; This profile is private; id = 299228027
Error: error_code = 30; This profile is private; id = 335275245
Error: error_code = 15; Access denied: user deactivated; id = 208741800
Error: error_code = 30; This profile is private; id = 713463882
Error: error_code = 30; This profile is private; id = 594421637
Error: error_code = 30; This profile is private; id = 227991575
Error: error_code = 30; This profile is private; id = 232205760
Error: error_code = 15; Access denied: user deactivated; id = 239165071
Error: error_code = 30; This profile is private; id = 247550440
Error: error_code = 30; This profile is private; id = 568690089
Error: error_code = 30; This profile is private; id = 469404615
Error: error_code = 30; This profile is private; id = 622918800
Error: error_code = 30; This profile is private; id = 427726897
Error: error_code = 15; Access denied: user deactivated; id = 307932373
Error: error_code = 30; This profile is private; id = 281469462
Error: error_code = 15; Access denied: user deactivated; id = 234632140
Error: error_code = 15; Access denied: user deactivated; id = 654329423
Error: error_code = 15; Access denied: user deactivated; id = 714538943
Error: error_code = 30; This profile is private; id = 299200024
Error: error_code = 15; Access denied: user deactivated; id = 160861416
Error: error_code = 15; Access denied: user deactivated; id = 260517873
Error: error_code = 30; This profile is private; id = 92898794
Error: error_code = 30; This profile is private; id = 677239416
Error: error_code = 30; This profile is private; id = 10214797
Error: error_code = 30; This profile is private; id = 496746591
Error: error_code = 15; Access denied: user deactivated; id = 550334443
Error: error_code = 30; This profile is private; id = 62798831
Error: error_code = 30; This profile is private; id = 133590852
Error: error_code = 30; This profile is private; id = 386332511
Error: error_code = 30; This profile is private; id = 528860000
Error: error_code = 30; This profile is private; id = 349176151
Error: error_code = 30; This profile is private; id = 513763526
Error: error_code = 30; This profile is private; id = 310948972
Error: error_code = 15; Access denied: user deactivated; id = 477269029
Error: error_code = 30; This profile is private; id = 575002541
Error: error_code = 30; This profile is private; id = 644174814
Error: error_code = 30; This profile is private; id = 560381446
Error: error_code = 15; Access denied: user deactivated; id = 99061223
Error: error_code = 30; This profile is private; id = 124204535
Error: error_code = 30; This profile is private; id = 344389400
Error: error_code = 30; This profile is private; id = 158781930
Error: error_code = 15; Access denied: user deactivated; id = 605921686
Error: error_code = 30; This profile is private; id = 141865202
Error: error_code = 30; This profile is private; id = 226751855
Error: error_code = 30; This profile is private; id = 299141627
Error: error_code = 30; This profile is private; id = 480863069
Error: error_code = 30; This profile is private; id = 96749306
Error: error_code = 30; This profile is private; id = 462497928
Error: error_code = 30; This profile is private; id = 481507422
Error: error_code = 15; Access denied: user deactivated; id = 201334135
Error: error_code = 30; This profile is private; id = 456691979
Error: error_code = 30; This profile is private; id = 324950197
Error: error_code = 30; This profile is private; id = 177332403
Error: error_code = 30; This profile is private; id = 388078540
Error: error_code = 30; This profile is private; id = 605661223
Error: error_code = 30; This profile is private; id = 328779254
Error: error_code = 15; Access denied: user deactivated; id = 428721063
Error: error_code = 30; This profile is private; id = 94933457
Error: error_code = 15; Access denied: user deactivated; id = 715126008
Error: error_code = 15; Access denied: user deactivated; id = 222454378
Error: error_code = 15; Access denied: user deactivated; id = 224778803
Error: error_code = 30; This profile is private; id = 614543869
Error: error_code = 15; Access denied: user deactivated; id = 7208341
Error: error_code = 30; This profile is private; id = 337518256
Error: error_code = 30; This profile is private; id = 348192359
Error: error_code = 30; This profile is private; id = 208271196
Error: error_code = 15; Access denied: user deactivated; id = 464153012
Error: error_code = 30; This profile is private; id = 25702105
Error: error_code = 15; Access denied: user deactivated; id = 352089591
Error: error_code = 30; This profile is private; id = 71330442
Error: error_code = 30; This profile is private; id = 575413772
Error: error_code = 15; Access denied: user deactivated; id = 173719862
Error: error_code = 15; Access denied: user deactivated; id = 141615300
Error: error_code = 15; Access denied: user deactivated; id = 77766964
Error: error_code = 30; This profile is private; id = 336828632
Error: error_code = 15; Access denied: user deactivated; id = 453339942
Error: error_code = 30; This profile is private; id = 393258302
Error: error_code = 15; Access denied: user deactivated; id = 31299776
Error: error_code = 30; This profile is private; id = 426338634
Error: error_code = 15; Access denied: user deactivated; id = 362598679
Error: error_code = 15; Access denied: user deactivated; id = 9643783
Error: error_code = 30; This profile is private; id = 415467639
Error: error_code = 30; This profile is private; id = 679114044
Error: error_code = 15; Access denied: user deactivated; id = 2057550
Error: error_code = 15; Access denied: user deactivated; id = 150441793
Error: error_code = 30; This profile is private; id = 325792025
Error: error_code = 15; Access denied: user deactivated; id = 470708301
Error: error_code = 30; This profile is private; id = 551462076
Error: error_code = 15; Access denied: user deactivated; id = 404027231
Error: error_code = 30; This profile is private; id = 346054730
Error: error_code = 30; This profile is private; id = 9845000
Error: error_code = 15; Access denied: user deactivated; id = 289621090
Error: error_code = 30; This profile is private; id = 241835110
Error: error_code = 30; This profile is private; id = 107790171
Error: error_code = 30; This profile is private; id = 240898465
Error: error_code = 30; This profile is private; id = 102748784
Error: error_code = 15; Access denied: user deactivated; id = 414658747
Error: error_code = 15; Access denied: user deactivated; id = 361786992
Error: error_code = 30; This profile is private; id = 283742194
Error: error_code = 30; This profile is private; id = 38236902
Error: error_code = 30; This profile is private; id = 50493790
Error: error_code = 30; This profile is private; id = 565428631
Error: error_code = 30; This profile is private; id = 173328409
Error: error_code = 15; Access denied: user deactivated; id = 368931960
Error: error_code = 15; Access denied: user deactivated; id = 221602636
Error: error_code = 30; This profile is private; id = 645214607
Error: error_code = 30; This profile is private; id = 461601508
Error: error_code = 30; This profile is private; id = 26138519
Error: error_code = 30; This profile is private; id = 35394537
Error: error_code = 30; This profile is private; id = 16222328
Error: error_code = 30; This profile is private; id = 189142563
Error: error_code = 15; Access denied: user deactivated; id = 606306129
Error: error_code = 15; Access denied: user deactivated; id = 188693050
Error: error_code = 15; Access denied: user deactivated; id = 221619471
Error: error_code = 30; This profile is private; id = 463566414
Error: error_code = 30; This profile is private; id = 281556363
Error: error_code = 30; This profile is private; id = 261378971
Error: error_code = 30; This profile is private; id = 103602235
Error: error_code = 15; Access denied: user deactivated; id = 184842682
Error: error_code = 30; This profile is private; id = 678185333
Error: error_code = 30; This profile is private; id = 196529548
Error: error_code = 30; This profile is private; id = 1807142
Error: error_code = 30; This profile is private; id = 3883222
Error: error_code = 30; This profile is private; id = 505110197
Error: error_code = 30; This profile is private; id = 282060073
Error: error_code = 15; Access denied: user deactivated; id = 356663329
Error: error_code = 30; This profile is private; id = 17189868
Error: error_code = 30; This profile is private; id = 37936797
Error: error_code = 15; Access denied: user deactivated; id = 409563182
Error: error_code = 15; Access denied: user deactivated; id = 401576955
Error: error_code = 15; Access denied: user deactivated; id = 468446175
Error: error_code = 30; This profile is private; id = 366316770
Error: error_code = 15; Access denied: user deactivated; id = 434952965
Error: error_code = 30; This profile is private; id = 592096927
Error: error_code = 30; This profile is private; id = 62535381
Error: error_code = 30; This profile is private; id = 9147441
Error: error_code = 30; This profile is private; id = 358155784
Error: error_code = 30; This profile is private; id = 349117678
Error: error_code = 30; This profile is private; id = 265983429
Error: error_code = 30; This profile is private; id = 671444957
Error: error_code = 30; This profile is private; id = 467469766
Error: error_code = 30; This profile is private; id = 549996323
Error: error_code = 15; Access denied: user deactivated; id = 220352537
Error: error_code = 15; Access denied: user deactivated; id = 550858138
Error: error_code = 15; Access denied: user deactivated; id = 200817178
Error: error_code = 30; This profile is private; id = 183811441
Error: error_code = 15; Access denied: user deactivated; id = 368557516
Error: error_code = 15; Access denied: user deactivated; id = 59183834
Error: error_code = 15; Access denied: user deactivated; id = 439626603
Error: error_code = 15; Access denied: user deactivated; id = 523579250
Error: error_code = 30; This profile is private; id = 572186453
Error: error_code = 30; This profile is private; id = 260966487
Error: error_code = 30; This profile is private; id = 666433166
Error: error_code = 30; This profile is private; id = 446273666
Error: error_code = 15; Access denied: user deactivated; id = 648535727
Error: error_code = 30; This profile is private; id = 546748643
Error: error_code = 30; This profile is private; id = 246502717
Error: error_code = 30; This profile is private; id = 672359219
Error: error_code = 30; This profile is private; id = 11823907
Error: error_code = 30; This profile is private; id = 480601100
Error: error_code = 30; This profile is private; id = 68774802
Error: error_code = 30; This profile is private; id = 556387184
Error: error_code = 30; This profile is private; id = 103546760
Error: error_code = 30; This profile is private; id = 210030242
Error: error_code = 30; This profile is private; id = 202676520
Error: error_code = 30; This profile is private; id = 547478753
Error: error_code = 30; This profile is private; id = 405998608
Error: error_code = 30; This profile is private; id = 26240589
Error: error_code = 30; This profile is private; id = 156658732
Error: error_code = 15; Access denied: user deactivated; id = 127975597
Error: error_code = 30; This profile is private; id = 444194801
Error: error_code = 30; This profile is private; id = 22749082
Error: error_code = 15; Access denied: user deactivated; id = 279495896
Error: error_code = 30; This profile is private; id = 395524352
Error: error_code = 30; This profile is private; id = 254749409
Error: error_code = 15; Access denied: user deactivated; id = 159712721
Error: error_code = 30; This profile is private; id = 49657533
Error: error_code = 15; Access denied: user deactivated; id = 75028270
Error: error_code = 30; This profile is private; id = 398261091
Error: error_code = 15; Access denied: user deactivated; id = 410810250
Error: error_code = 30; This profile is private; id = 675529519
Error: error_code = 30; This profile is private; id = 592490993
Error: error_code = 30; This profile is private; id = 34253691
Error: error_code = 30; This profile is private; id = 119327589
Error: error_code = 30; This profile is private; id = 101857225
Error: error_code = 15; Access denied: user deactivated; id = 166964450
Error: error_code = 15; Access denied: user deactivated; id = 422166219
Error: error_code = 30; This profile is private; id = 617135547
Error: error_code = 15; Access denied: user deactivated; id = 411009538
Error: error_code = 30; This profile is private; id = 347172868
Error: error_code = 30; This profile is private; id = 27854205
Error: error_code = 30; This profile is private; id = 472907432
Error: error_code = 30; This profile is private; id = 22615291
Error: error_code = 30; This profile is private; id = 248516062
Error: error_code = 15; Access denied: user deactivated; id = 195901397
Error: error_code = 15; Access denied: user deactivated; id = 295266726
Error: error_code = 30; This profile is private; id = 594075144
Error: error_code = 15; Access denied: user deactivated; id = 209457096
Error: error_code = 30; This profile is private; id = 11313759
Error: error_code = 15; Access denied: user deactivated; id = 79322165
Error: error_code = 30; This profile is private; id = 10549027
Error: error_code = 30; This profile is private; id = 270280159
Error: error_code = 15; Access denied: user deactivated; id = 435404169
Error: error_code = 30; This profile is private; id = 700762466
Error: error_code = 30; This profile is private; id = 84658839
Error: error_code = 30; This profile is private; id = 696994815
Error: error_code = 30; This profile is private; id = 114966503
Error: error_code = 30; This profile is private; id = 600496482
Error: error_code = 30; This profile is private; id = 276555028
Error: error_code = 15; Access denied: user deactivated; id = 346435319
Error: error_code = 30; This profile is private; id = 458194137
Error: error_code = 15; Access denied: user deactivated; id = 165479668
Error: error_code = 30; This profile is private; id = 594175186
Error: error_code = 30; This profile is private; id = 586309790
Error: error_code = 30; This profile is private; id = 247621215
Error: error_code = 15; Access denied: user deactivated; id = 353752588
Error: error_code = 30; This profile is private; id = 622020704
Error: error_code = 15; Access denied: user deactivated; id = 212990366
Error: error_code = 15; Access denied: user deactivated; id = 534797669
Error: error_code = 15; Access denied: user deactivated; id = 153319000
Error: error_code = 15; Access denied: user deactivated; id = 282130737
Error: error_code = 30; This profile is private; id = 507578821
Error: error_code = 30; This profile is private; id = 462529066
Error: error_code = 15; Access denied: user deactivated; id = 244014823
Error: error_code = 30; This profile is private; id = 255331128
Error: error_code = 30; This profile is private; id = 591871812
Error: error_code = 30; This profile is private; id = 637379960
Error: error_code = 15; Access denied: user deactivated; id = 715188438
Error: error_code = 15; Access denied: user deactivated; id = 135585595
Error: error_code = 15; Access denied: user deactivated; id = 310471449
Error: error_code = 30; This profile is private; id = 211383372
Error: error_code = 15; Access denied: user deactivated; id = 535880543
Error: error_code = 30; This profile is private; id = 473281089
Error: error_code = 30; This profile is private; id = 672896208
Error: error_code = 30; This profile is private; id = 387136580
Error: error_code = 15; Access denied: user deactivated; id = 291633657
Error: error_code = 30; This profile is private; id = 541591038
Error: error_code = 30; This profile is private; id = 586859871
Error: error_code = 30; This profile is private; id = 663791628
Error: error_code = 30; This profile is private; id = 507720264
Error: error_code = 30; This profile is private; id = 175547701
Error: error_code = 30; This profile is private; id = 650997460
Error: error_code = 30; This profile is private; id = 657730808
Error: error_code = 30; This profile is private; id = 6454563
Error: error_code = 30; This profile is private; id = 643300931
Error: error_code = 15; Access denied: user deactivated; id = 86392526
Error: error_code = 15; Access denied: user deactivated; id = 648593488
Error: error_code = 30; This profile is private; id = 37450116
Error: error_code = 30; This profile is private; id = 663869074
Error: error_code = 30; This profile is private; id = 660438553
Error: error_code = 30; This profile is private; id = 311667035
Error: error_code = 30; This profile is private; id = 35408337
Error: error_code = 30; This profile is private; id = 463468274
Error: error_code = 15; Access denied: user deactivated; id = 186565069
Error: error_code = 30; This profile is private; id = 461460708
Error: error_code = 30; This profile is private; id = 678242670
Error: error_code = 15; Access denied: user deactivated; id = 254027895
Error: error_code = 30; This profile is private; id = 483425185
Error: error_code = 30; This profile is private; id = 310568191
Error: error_code = 30; This profile is private; id = 37892420
Error: error_code = 15; Access denied: user deactivated; id = 427738777
Error: error_code = 30; This profile is private; id = 199108726
Error: error_code = 30; This profile is private; id = 16301212
Error: error_code = 30; This profile is private; id = 586074893
Error: error_code = 15; Access denied: user deactivated; id = 519843779
Error: error_code = 30; This profile is private; id = 47728604
Error: error_code = 15; Access denied: user deactivated; id = 414792116
Error: error_code = 30; This profile is private; id = 239148
Error: error_code = 15; Access denied: user deactivated; id = 402980812
Error: error_code = 15; Access denied: user deactivated; id = 536552661
Error: error_code = 30; This profile is private; id = 234758928
Error: error_code = 15; Access denied: user deactivated; id = 204853942
Error: error_code = 30; This profile is private; id = 485951158
Error: error_code = 30; This profile is private; id = 684555162
Error: error_code = 30; This profile is private; id = 234704397
Error: error_code = 30; This profile is private; id = 39517038
Error: error_code = 30; This profile is private; id = 443576493
Error: error_code = 15; Access denied: user deactivated; id = 231206068
Error: error_code = 30; This profile is private; id = 62382958
Error: error_code = 30; This profile is private; id = 705462907
Error: error_code = 30; This profile is private; id = 432755247
Error: error_code = 30; This profile is private; id = 644421693
Error: error_code = 30; This profile is private; id = 196228101
Error: error_code = 15; Access denied: user deactivated; id = 35283789
Error: error_code = 30; This profile is private; id = 62068273
Error: error_code = 15; Access denied: user deactivated; id = 402194562
Error: error_code = 30; This profile is private; id = 337572593
Error: error_code = 15; Access denied: user deactivated; id = 107754303
Error: error_code = 15; Access denied: user deactivated; id = 431795328
Error: error_code = 30; This profile is private; id = 362843616
Error: error_code = 30; This profile is private; id = 515073970
Error: error_code = 15; Access denied: user deactivated; id = 430053591
Error: error_code = 30; This profile is private; id = 447586656
Error: error_code = 30; This profile is private; id = 513308729
Error: error_code = 15; Access denied: user deactivated; id = 194759180
Error: error_code = 15; Access denied: user deactivated; id = 710120665
Error: error_code = 30; This profile is private; id = 434428093
Error: error_code = 15; Access denied: user deactivated; id = 715183877
Error: error_code = 30; This profile is private; id = 462476328
Error: error_code = 30; This profile is private; id = 216081565
Error: error_code = 30; This profile is private; id = 164614157
Error: error_code = 30; This profile is private; id = 144680671
Error: error_code = 15; Access denied: user deactivated; id = 199922813
Error: error_code = 15; Access denied: user deactivated; id = 229385895
Error: error_code = 30; This profile is private; id = 279424104
Error: error_code = 30; This profile is private; id = 375034866
Error: error_code = 30; This profile is private; id = 444398064
Error: error_code = 15; Access denied: user deactivated; id = 151692048
Error: error_code = 15; Access denied: user deactivated; id = 464691533
Error: error_code = 30; This profile is private; id = 288731611
Error: error_code = 30; This profile is private; id = 97555071
Error: error_code = 30; This profile is private; id = 546689496
Error: error_code = 30; This profile is private; id = 542442098
Error: error_code = 15; Access denied: user deactivated; id = 208678472
Error: error_code = 30; This profile is private; id = 338487076
Error: error_code = 30; This profile is private; id = 262045849
Error: error_code = 30; This profile is private; id = 330239953
Error: error_code = 15; Access denied: user deactivated; id = 199223246
Error: error_code = 30; This profile is private; id = 597488119
Error: error_code = 15; Access denied: user deactivated; id = 91870391
Error: error_code = 30; This profile is private; id = 624277499
Error: error_code = 30; This profile is private; id = 531964648
Error: error_code = 15; Access denied: user deactivated; id = 195457510
Error: error_code = 30; This profile is private; id = 540068877
Error: error_code = 15; Access denied: user deactivated; id = 341564253
Error: error_code = 30; This profile is private; id = 131755808
Error: error_code = 30; This profile is private; id = 258393360
Error: error_code = 30; This profile is private; id = 506167691
Error: error_code = 15; Access denied: user deactivated; id = 154673579
Error: error_code = 30; This profile is private; id = 158754314
Error: error_code = 30; This profile is private; id = 164237625
Error: error_code = 30; This profile is private; id = 238512152
Error: error_code = 30; This profile is private; id = 437398060
Error: error_code = 30; This profile is private; id = 449243118
Error: error_code = 30; This profile is private; id = 163219189
Error: error_code = 30; This profile is private; id = 21843255
Error: error_code = 30; This profile is private; id = 559304207
Error: error_code = 15; Access denied: user deactivated; id = 497485138
Error: error_code = 30; This profile is private; id = 318115084
Error: error_code = 15; Access denied: user deactivated; id = 178474644
Error: error_code = 30; This profile is private; id = 480111615
Error: error_code = 30; This profile is private; id = 289917996
Error: error_code = 30; This profile is private; id = 512808736
Error: error_code = 30; This profile is private; id = 548220692
Error: error_code = 15; Access denied: user deactivated; id = 214408765
Error: error_code = 30; This profile is private; id = 18582125
Error: error_code = 30; This profile is private; id = 75403456
Error: error_code = 30; This profile is private; id = 2788916
Error: error_code = 15; Access denied: user deactivated; id = 260319785
Error: error_code = 30; This profile is private; id = 107722163
Error: error_code = 15; Access denied: user deactivated; id = 483208603
Error: error_code = 30; This profile is private; id = 25447334
Error: error_code = 30; This profile is private; id = 220285285
Error: error_code = 30; This profile is private; id = 603275018
Error: error_code = 15; Access denied: user deactivated; id = 294262537
Error: error_code = 15; Access denied: user deactivated; id = 214815157
Error: error_code = 15; Access denied: user deactivated; id = 232146647
Error: error_code = 15; Access denied: user deactivated; id = 431668414
Error: error_code = 15; Access denied: user deactivated; id = 206526431
Error: error_code = 30; This profile is private; id = 149428261
Error: error_code = 30; This profile is private; id = 491680240
Error: error_code = 30; This profile is private; id = 263917242
Error: error_code = 30; This profile is private; id = 375168890
Error: error_code = 30; This profile is private; id = 688294487
Error: error_code = 30; This profile is private; id = 687405971
Error: error_code = 30; This profile is private; id = 155204741
Error: error_code = 30; This profile is private; id = 2167273
Error: error_code = 30; This profile is private; id = 603564993
Error: error_code = 15; Access denied: user deactivated; id = 189033515
Error: error_code = 30; This profile is private; id = 59529835
Error: error_code = 30; This profile is private; id = 392641801
Error: error_code = 15; Access denied: user deactivated; id = 507734456
Error: error_code = 30; This profile is private; id = 716352942
Error: error_code = 30; This profile is private; id = 159871204
Error: error_code = 15; Access denied: user deactivated; id = 413575691
Error: error_code = 30; This profile is private; id = 35773901
Error: error_code = 30; This profile is private; id = 184652210
Error: error_code = 30; This profile is private; id = 117713843
Error: error_code = 30; This profile is private; id = 540173761
Error: error_code = 15; Access denied: user deactivated; id = 336604800
Error: error_code = 30; This profile is private; id = 385668971
Error: error_code = 15; Access denied: user deactivated; id = 193593582
Error: error_code = 15; Access denied: user deactivated; id = 273232486
Error: error_code = 30; This profile is private; id = 604333069
Error: error_code = 30; This profile is private; id = 215326662
Error: error_code = 30; This profile is private; id = 268465469
Error: error_code = 30; This profile is private; id = 69941713
Error: error_code = 15; Access denied: user deactivated; id = 400941046
Error: error_code = 30; This profile is private; id = 570287299
Error: error_code = 30; This profile is private; id = 406245560
Error: error_code = 30; This profile is private; id = 525170887
Error: error_code = 30; This profile is private; id = 141349289
Error: error_code = 30; This profile is private; id = 14018647
Error: error_code = 30; This profile is private; id = 174025597
Error: error_code = 30; This profile is private; id = 295770972
Error: error_code = 30; This profile is private; id = 330117021
Error: error_code = 15; Access denied: user deactivated; id = 429768606
Error: error_code = 30; This profile is private; id = 9058984
Error: error_code = 30; This profile is private; id = 143409055
Error: error_code = 30; This profile is private; id = 476057667
Error: error_code = 15; Access denied: user deactivated; id = 505964290
Error: error_code = 30; This profile is private; id = 671955878
Error: error_code = 15; Access denied: user deactivated; id = 478991918
Error: error_code = 30; This profile is private; id = 525444818
Error: error_code = 30; This profile is private; id = 610072699
Error: error_code = 30; This profile is private; id = 186383345
Error: error_code = 15; Access denied: user deactivated; id = 72983901
Error: error_code = 30; This profile is private; id = 18656210
Error: error_code = 15; Access denied: user deactivated; id = 551006937
Error: error_code = 15; Access denied: user deactivated; id = 493166414
Error: error_code = 15; Access denied: user deactivated; id = 197943194
Error: error_code = 30; This profile is private; id = 509468582
Error: error_code = 30; This profile is private; id = 147031121
Error: error_code = 15; Access denied: user deactivated; id = 585560341
Error: error_code = 30; This profile is private; id = 531753413
Error: error_code = 30; This profile is private; id = 31101827
Error: error_code = 30; This profile is private; id = 223562050
Error: error_code = 15; Access denied: user deactivated; id = 342528739
Error: error_code = 15; Access denied: user deactivated; id = 453284181
Error: error_code = 30; This profile is private; id = 349167814
Error: error_code = 30; This profile is private; id = 235366926
Error: error_code = 30; This profile is private; id = 601379787
Error: error_code = 30; This profile is private; id = 161206203
Error: error_code = 30; This profile is private; id = 15671145
Error: error_code = 30; This profile is private; id = 60431117
Error: error_code = 30; This profile is private; id = 20200139
Error: error_code = 30; This profile is private; id = 21912813
Error: error_code = 15; Access denied: user deactivated; id = 68812230
Error: error_code = 30; This profile is private; id = 531743878
Error: error_code = 30; This profile is private; id = 296800229
Error: error_code = 15; Access denied: user deactivated; id = 525934784
Error: error_code = 15; Access denied: user deactivated; id = 106033675
Error: error_code = 30; This profile is private; id = 378263847
Error: error_code = 30; This profile is private; id = 592190601
Error: error_code = 30; This profile is private; id = 2523960
Error: error_code = 30; This profile is private; id = 155918602
Error: error_code = 15; Access denied: user deactivated; id = 689132187
Error: error_code = 15; Access denied: user deactivated; id = 231122412
Error: error_code = 30; This profile is private; id = 178258248
Error: error_code = 15; Access denied: user deactivated; id = 437577635
Error: error_code = 30; This profile is private; id = 453468004
Error: error_code = 30; This profile is private; id = 350503372
Error: error_code = 15; Access denied: user deactivated; id = 11912218
Error: error_code = 30; This profile is private; id = 534481907
Error: error_code = 30; This profile is private; id = 218880556
Error: error_code = 15; Access denied: user deactivated; id = 308613848
Error: error_code = 30; This profile is private; id = 19265644
Error: error_code = 30; This profile is private; id = 509761377
Error: error_code = 30; This profile is private; id = 21884046
Error: error_code = 30; This profile is private; id = 51721148
Error: error_code = 15; Access denied: user deactivated; id = 161849814
Error: error_code = 30; This profile is private; id = 405127971
Error: error_code = 30; This profile is private; id = 90395643
Error: error_code = 15; Access denied: user deactivated; id = 166414590
Error: error_code = 15; Access denied: user deactivated; id = 540842903
Error: error_code = 15; Access denied: user deactivated; id = 339224564
Error: error_code = 15; Access denied: user deactivated; id = 75832055
Error: error_code = 30; This profile is private; id = 632961657
Error: error_code = 15; Access denied: user deactivated; id = 192667238
Error: error_code = 30; This profile is private; id = 15130475
Error: error_code = 30; This profile is private; id = 532859322
Error: error_code = 30; This profile is private; id = 296537860
Error: error_code = 30; This profile is private; id = 170567101
Error: error_code = 30; This profile is private; id = 77839170
Error: error_code = 30; This profile is private; id = 137724421
Error: error_code = 30; This profile is private; id = 341125464
Error: error_code = 30; This profile is private; id = 713658867
Error: error_code = 15; Access denied: user deactivated; id = 79383060
Error: error_code = 30; This profile is private; id = 32576779
Error: error_code = 30; This profile is private; id = 76759171
Error: error_code = 15; Access denied: user deactivated; id = 702969661
Error: error_code = 30; This profile is private; id = 190886700
Error: error_code = 30; This profile is private; id = 175029263
Error: error_code = 30; This profile is private; id = 613718147
Error: error_code = 30; This profile is private; id = 479492110
Error: error_code = 30; This profile is private; id = 23385941
Error: error_code = 30; This profile is private; id = 427045046
Error: error_code = 30; This profile is private; id = 4886827
Error: error_code = 30; This profile is private; id = 533877699
Error: error_code = 30; This profile is private; id = 3921874
Error: error_code = 30; This profile is private; id = 343732251
Error: error_code = 15; Access denied: user deactivated; id = 387094222
Error: error_code = 30; This profile is private; id = 37375396
Error: error_code = 30; This profile is private; id = 156346362
Error: error_code = 30; This profile is private; id = 96759777
Error: error_code = 30; This profile is private; id = 20926283
Error: error_code = 30; This profile is private; id = 601519078
Error: error_code = 15; Access denied: user deactivated; id = 100091411
Error: error_code = 30; This profile is private; id = 202439618
Error: error_code = 30; This profile is private; id = 111881706
Error: error_code = 30; This profile is private; id = 18048467
Error: error_code = 30; This profile is private; id = 449036808
Error: error_code = 30; This profile is private; id = 151880526
Error: error_code = 30; This profile is private; id = 120875735
Error: error_code = 15; Access denied: user deactivated; id = 20800710
Error: error_code = 15; Access denied: user deactivated; id = 399579287
Error: error_code = 15; Access denied: user deactivated; id = 84792603
Error: error_code = 30; This profile is private; id = 5474799
Error: error_code = 30; This profile is private; id = 7549503
Error: error_code = 30; This profile is private; id = 23052829
Error: error_code = 15; Access denied: user deactivated; id = 190957037
Error: error_code = 30; This profile is private; id = 202601873
Error: error_code = 30; This profile is private; id = 585199244
Error: error_code = 30; This profile is private; id = 579967153
Error: error_code = 15; Access denied: user deactivated; id = 364571052
Error: error_code = 30; This profile is private; id = 623433876
Error: error_code = 15; Access denied: user deactivated; id = 529703333
Error: error_code = 15; Access denied: user deactivated; id = 185883452
Error: error_code = 30; This profile is private; id = 708794808
Error: error_code = 15; Access denied: user deactivated; id = 220928513
Error: error_code = 15; Access denied: user deactivated; id = 715042751
Error: error_code = 30; This profile is private; id = 133847909
Error: error_code = 30; This profile is private; id = 641487254
Error: error_code = 30; This profile is private; id = 89673777
Error: error_code = 15; Access denied: user deactivated; id = 12298926
Error: error_code = 30; This profile is private; id = 608421770
Error: error_code = 30; This profile is private; id = 233996577
Error: error_code = 30; This profile is private; id = 231648451
Error: error_code = 30; This profile is private; id = 26016256
Error: error_code = 30; This profile is private; id = 591055875
Error: error_code = 30; This profile is private; id = 468269161
Error: error_code = 15; Access denied: user deactivated; id = 435371443
Error: error_code = 30; This profile is private; id = 342647733
Error: error_code = 15; Access denied: user deactivated; id = 15816141
Error: error_code = 30; This profile is private; id = 373349966
Error: error_code = 30; This profile is private; id = 329562689
Error: error_code = 30; This profile is private; id = 60129248
Error: error_code = 30; This profile is private; id = 11541635
Error: error_code = 15; Access denied: user deactivated; id = 421381069
Error: error_code = 15; Access denied: user deactivated; id = 539226767
Error: error_code = 15; Access denied: user deactivated; id = 553083118
Error: error_code = 15; Access denied: user deactivated; id = 219133910
Error: error_code = 30; This profile is private; id = 278652973
Error: error_code = 30; This profile is private; id = 591681082
Error: error_code = 30; This profile is private; id = 26777314
Error: error_code = 30; This profile is private; id = 705210167
Error: error_code = 15; Access denied: user deactivated; id = 174709871
Error: error_code = 15; Access denied: user deactivated; id = 426483956
Error: error_code = 15; Access denied: user deactivated; id = 633585869
Error: error_code = 30; This profile is private; id = 608656422
Error: error_code = 30; This profile is private; id = 14006473
Error: error_code = 15; Access denied: user deactivated; id = 225633254
Error: error_code = 30; This profile is private; id = 683119196
Error: error_code = 30; This profile is private; id = 158445194
Error: error_code = 15; Access denied: user deactivated; id = 14108195
Error: error_code = 30; This profile is private; id = 537972535
Error: error_code = 30; This profile is private; id = 207347133
Error: error_code = 30; This profile is private; id = 392223869
Error: error_code = 15; Access denied: user deactivated; id = 221195884
Error: error_code = 30; This profile is private; id = 443794312
Error: error_code = 30; This profile is private; id = 78179460
Error: error_code = 30; This profile is private; id = 66214318
Error: error_code = 30; This profile is private; id = 175799812
Error: error_code = 30; This profile is private; id = 120025181
Error: error_code = 30; This profile is private; id = 594598674
Error: error_code = 30; This profile is private; id = 180560421
Error: error_code = 15; Access denied: user deactivated; id = 38157511
Error: error_code = 30; This profile is private; id = 160257496
Error: error_code = 15; Access denied: user deactivated; id = 503139775
Error: error_code = 15; Access denied: user deactivated; id = 526896381
Error: error_code = 30; This profile is private; id = 179649364
Error: error_code = 15; Access denied: user deactivated; id = 388213082
Error: error_code = 30; This profile is private; id = 424351578
Error: error_code = 30; This profile is private; id = 383691107
Error: error_code = 30; This profile is private; id = 229409489
Error: error_code = 30; This profile is private; id = 111840404
Error: error_code = 30; This profile is private; id = 672827265
Error: error_code = 30; This profile is private; id = 364790009
Error: error_code = 30; This profile is private; id = 21417765
Error: error_code = 15; Access denied: user deactivated; id = 224669879
Error: error_code = 15; Access denied: user deactivated; id = 128129347
Error: error_code = 30; This profile is private; id = 5472144
Error: error_code = 15; Access denied: user deactivated; id = 412101898
Error: error_code = 30; This profile is private; id = 295004411
Error: error_code = 30; This profile is private; id = 286041178
Error: error_code = 15; Access denied: user deactivated; id = 171365843
Error: error_code = 30; This profile is private; id = 562570959
Error: error_code = 30; This profile is private; id = 196293547
Error: error_code = 30; This profile is private; id = 438172377
Error: error_code = 30; This profile is private; id = 366201073
Error: error_code = 30; This profile is private; id = 343290583
Error: error_code = 15; Access denied: user deactivated; id = 304740212
Error: error_code = 30; This profile is private; id = 535638212
Error: error_code = 30; This profile is private; id = 108452881
Error: error_code = 15; Access denied: user deactivated; id = 479645208
Error: error_code = 30; This profile is private; id = 194923446
Error: error_code = 30; This profile is private; id = 606768782
Error: error_code = 30; This profile is private; id = 303656641
Error: error_code = 15; Access denied: user deactivated; id = 171303975
Error: error_code = 30; This profile is private; id = 465610135
Error: error_code = 15; Access denied: user deactivated; id = 619340602
Error: error_code = 15; Access denied: user deactivated; id = 435822432
Error: error_code = 15; Access denied: user deactivated; id = 587986085
Error: error_code = 15; Access denied: user deactivated; id = 467733449
Error: error_code = 30; This profile is private; id = 339089289
Error: error_code = 30; This profile is private; id = 57231544
Error: error_code = 30; This profile is private; id = 563406943
Error: error_code = 30; This profile is private; id = 288933899
Error: error_code = 30; This profile is private; id = 521084286
Error: error_code = 30; This profile is private; id = 21255864
Error: error_code = 30; This profile is private; id = 279881951
Error: error_code = 15; Access denied: user deactivated; id = 255433196
Error: error_code = 15; Access denied: user deactivated; id = 64708777
Error: error_code = 30; This profile is private; id = 113479150
Error: error_code = 15; Access denied: user deactivated; id = 289803377
Error: error_code = 30; This profile is private; id = 98052710
Error: error_code = 30; This profile is private; id = 408375594
Error: error_code = 30; This profile is private; id = 102167612
Error: error_code = 30; This profile is private; id = 603009203
Error: error_code = 15; Access denied: user deactivated; id = 167557590
Error: error_code = 30; This profile is private; id = 684304773
Error: error_code = 30; This profile is private; id = 28131225
Error: error_code = 30; This profile is private; id = 620949771
Error: error_code = 30; This profile is private; id = 88448903
Error: error_code = 30; This profile is private; id = 238453316
Error: error_code = 30; This profile is private; id = 403253603
Error: error_code = 30; This profile is private; id = 455302058
Error: error_code = 30; This profile is private; id = 185929510
Error: error_code = 30; This profile is private; id = 687600173
Error: error_code = 15; Access denied: user deactivated; id = 703665174
Error: error_code = 15; Access denied: user deactivated; id = 410295869
Error: error_code = 30; This profile is private; id = 163008903
Error: error_code = 30; This profile is private; id = 497617496
Error: error_code = 30; This profile is private; id = 542985615
Error: error_code = 30; This profile is private; id = 251450750
Error: error_code = 30; This profile is private; id = 663041716
Error: error_code = 15; Access denied: user deactivated; id = 339972570
Error: error_code = 15; Access denied: user deactivated; id = 5730707
Error: error_code = 30; This profile is private; id = 106161872
Error: error_code = 30; This profile is private; id = 32110829
Error: error_code = 30; This profile is private; id = 413675742
Error: error_code = 15; Access denied: user deactivated; id = 712064585
Error: error_code = 30; This profile is private; id = 310537680
Error: error_code = 30; This profile is private; id = 225477049
Error: error_code = 15; Access denied: user deactivated; id = 388974965
Error: error_code = 30; This profile is private; id = 494813809
Error: error_code = 30; This profile is private; id = 28600024
Error: error_code = 30; This profile is private; id = 4589289
Error: error_code = 30; This profile is private; id = 401272924
Error: error_code = 30; This profile is private; id = 610098615
Error: error_code = 30; This profile is private; id = 28898687
Error: error_code = 15; Access denied: user deactivated; id = 138329994
Error: error_code = 15; Access denied: user deactivated; id = 175044579
Error: error_code = 30; This profile is private; id = 338649011
Error: error_code = 30; This profile is private; id = 642207540
Error: error_code = 15; Access denied: user deactivated; id = 337049081
Error: error_code = 15; Access denied: user deactivated; id = 421872947
Error: error_code = 30; This profile is private; id = 693096886
Error: error_code = 30; This profile is private; id = 32671103
Error: error_code = 30; This profile is private; id = 544370059
Error: error_code = 30; This profile is private; id = 2776012
Error: error_code = 15; Access denied: user deactivated; id = 334141181
Error: error_code = 30; This profile is private; id = 200874067
Error: error_code = 30; This profile is private; id = 172022084
Error: error_code = 30; This profile is private; id = 61373577
Error: error_code = 15; Access denied: user deactivated; id = 382833688
Error: error_code = 15; Access denied: user deactivated; id = 272088556
Error: error_code = 30; This profile is private; id = 451616177
Error: error_code = 30; This profile is private; id = 574664244
Error: error_code = 30; This profile is private; id = 204099983
Error: error_code = 30; This profile is private; id = 192610569
Error: error_code = 30; This profile is private; id = 278228068
Error: error_code = 30; This profile is private; id = 238706901
Error: error_code = 15; Access denied: user deactivated; id = 521696532
Error: error_code = 30; This profile is private; id = 7472776
Error: error_code = 15; Access denied: user deactivated; id = 99190802
Error: error_code = 15; Access denied: user deactivated; id = 435858617
Error: error_code = 15; Access denied: user deactivated; id = 561527305
Error: error_code = 30; This profile is private; id = 418979628
Error: error_code = 15; Access denied: user deactivated; id = 276821885
Error: error_code = 15; Access denied: user deactivated; id = 579178837
Error: error_code = 30; This profile is private; id = 164345982
Error: error_code = 15; Access denied: user deactivated; id = 88169642
Error: error_code = 15; Access denied: user deactivated; id = 432994113
Error: error_code = 30; This profile is private; id = 83532430
Error: error_code = 30; This profile is private; id = 74136152
Error: error_code = 30; This profile is private; id = 31617289
Error: error_code = 15; Access denied: user deactivated; id = 34237492
Error: error_code = 30; This profile is private; id = 626007280
Error: error_code = 30; This profile is private; id = 523513758
Error: error_code = 30; This profile is private; id = 467677365
Error: error_code = 15; Access denied: user deactivated; id = 402171231
Error: error_code = 30; This profile is private; id = 212216150
Error: error_code = 30; This profile is private; id = 108549340
Error: error_code = 15; Access denied: user deactivated; id = 223369303
Error: error_code = 30; This profile is private; id = 137793586
Error: error_code = 30; This profile is private; id = 26746191
Error: error_code = 30; This profile is private; id = 417509640
Error: error_code = 30; This profile is private; id = 69828723
Error: error_code = 15; Access denied: user deactivated; id = 640518348
Error: error_code = 15; Access denied: user deactivated; id = 345097519
Error: error_code = 30; This profile is private; id = 530421585
Error: error_code = 15; Access denied: user deactivated; id = 512609292
Error: error_code = 30; This profile is private; id = 187982736
Error: error_code = 15; Access denied: user deactivated; id = 567409465
Error: error_code = 30; This profile is private; id = 578676758
Error: error_code = 30; This profile is private; id = 641212720
Error: error_code = 30; This profile is private; id = 419866316
Error: error_code = 30; This profile is private; id = 13290736
Error: error_code = 30; This profile is private; id = 306554126
Error: error_code = 15; Access denied: user deactivated; id = 345792069
Error: error_code = 15; Access denied: user deactivated; id = 162565915
Error: error_code = 30; This profile is private; id = 621060067
Error: error_code = 15; Access denied: user deactivated; id = 431495693
Error: error_code = 30; This profile is private; id = 179878024
Error: error_code = 30; This profile is private; id = 666393924
Error: error_code = 30; This profile is private; id = 264325777
Error: error_code = 30; This profile is private; id = 226255480
Error: error_code = 30; This profile is private; id = 438557
Error: error_code = 30; This profile is private; id = 142671030
Error: error_code = 30; This profile is private; id = 669746792
Error: error_code = 15; Access denied: user deactivated; id = 230565563
Error: error_code = 30; This profile is private; id = 310085028
Error: error_code = 15; Access denied: user deactivated; id = 715137601
Error: error_code = 15; Access denied: user deactivated; id = 207592024
Error: error_code = 30; This profile is private; id = 165120230
Error: error_code = 30; This profile is private; id = 507287681
Error: error_code = 15; Access denied: user deactivated; id = 715222643
Error: error_code = 15; Access denied: user deactivated; id = 710123988
Error: error_code = 15; Access denied: user deactivated; id = 558965585
Error: error_code = 15; Access denied: user deactivated; id = 633685842
Error: error_code = 15; Access denied: user deactivated; id = 468496753
Error: error_code = 15; Access denied: user deactivated; id = 310729978
Error: error_code = 30; This profile is private; id = 606331966
Error: error_code = 15; Access denied: user deactivated; id = 464841529
Error: error_code = 30; This profile is private; id = 386916897
Error: error_code = 15; Access denied: user deactivated; id = 715108349
Error: error_code = 30; This profile is private; id = 131716687
Error: error_code = 15; Access denied: user deactivated; id = 200562918
Error: error_code = 30; This profile is private; id = 18086223
Error: error_code = 15; Access denied: user deactivated; id = 199269810
Error: error_code = 30; This profile is private; id = 537971889
Error: error_code = 30; This profile is private; id = 657742353
Error: error_code = 15; Access denied: user deactivated; id = 600606563
Error: error_code = 30; This profile is private; id = 145700728
Error: error_code = 30; This profile is private; id = 53211968
Error: error_code = 30; This profile is private; id = 561434602
Error: error_code = 30; This profile is private; id = 13107435
Error: error_code = 15; Access denied: user deactivated; id = 213672714
Error: error_code = 30; This profile is private; id = 176632525
Error: error_code = 30; This profile is private; id = 637753081
Error: error_code = 30; This profile is private; id = 507676606
Error: error_code = 15; Access denied: user deactivated; id = 386707877
Error: error_code = 30; This profile is private; id = 701143181
Error: error_code = 30; This profile is private; id = 286705291
Error: error_code = 30; This profile is private; id = 648682285
Error: error_code = 15; Access denied: user deactivated; id = 325701715
Error: error_code = 15; Access denied: user deactivated; id = 447158129
Error: error_code = 15; Access denied: user deactivated; id = 659168296
Error: error_code = 30; This profile is private; id = 590237079
Error: error_code = 30; This profile is private; id = 476780356
Error: error_code = 30; This profile is private; id = 215146930
Error: error_code = 15; Access denied: user deactivated; id = 698179411
Error: error_code = 30; This profile is private; id = 242230144
Error: error_code = 30; This profile is private; id = 274748046
Error: error_code = 30; This profile is private; id = 500223
Error: error_code = 15; Access denied: user deactivated; id = 185391689
Error: error_code = 15; Access denied: user deactivated; id = 547175610
Error: error_code = 15; Access denied: user deactivated; id = 548090537
Error: error_code = 15; Access denied: user deactivated; id = 190856376
Error: error_code = 30; This profile is private; id = 471686889
Error: error_code = 30; This profile is private; id = 180722144
Error: error_code = 15; Access denied: user deactivated; id = 430521608
Error: error_code = 30; This profile is private; id = 177763722
Error: error_code = 15; Access denied: user deactivated; id = 509099042
Error: error_code = 15; Access denied: user deactivated; id = 477401714
Error: error_code = 15; Access denied: user deactivated; id = 156581519
Error: error_code = 15; Access denied: user deactivated; id = 118987197
Error: error_code = 30; This profile is private; id = 248562553
Error: error_code = 30; This profile is private; id = 54453421
Error: error_code = 15; Access denied: user deactivated; id = 66388761
Error: error_code = 30; This profile is private; id = 37642872
Error: error_code = 15; Access denied: user deactivated; id = 228590201
Error: error_code = 15; Access denied: user deactivated; id = 631451378
Error: error_code = 15; Access denied: user deactivated; id = 206630694
Error: error_code = 30; This profile is private; id = 639480244
Error: error_code = 15; Access denied: user deactivated; id = 260042851
Error: error_code = 15; Access denied: user deactivated; id = 411300298
Error: error_code = 30; This profile is private; id = 34061874
Error: error_code = 15; Access denied: user deactivated; id = 124262132
Error: error_code = 30; This profile is private; id = 676799853
Error: error_code = 30; This profile is private; id = 205857241
Error: error_code = 30; This profile is private; id = 164448418
Error: error_code = 30; This profile is private; id = 153476350
Error: error_code = 30; This profile is private; id = 606834089
Error: error_code = 15; Access denied: user deactivated; id = 221899240
Error: error_code = 15; Access denied: user deactivated; id = 196966734
Error: error_code = 15; Access denied: user deactivated; id = 80668419
Error: error_code = 30; This profile is private; id = 103597806
Error: error_code = 15; Access denied: user deactivated; id = 229710912
Error: error_code = 15; Access denied: user deactivated; id = 490497702
Error: error_code = 30; This profile is private; id = 46751046
Error: error_code = 30; This profile is private; id = 646691935
Error: error_code = 15; Access denied: user deactivated; id = 176698250
Error: error_code = 15; Access denied: user deactivated; id = 684954595
Error: error_code = 15; Access denied: user deactivated; id = 495510763
Error: error_code = 15; Access denied: user deactivated; id = 231195067
Error: error_code = 30; This profile is private; id = 383158110
Error: error_code = 30; This profile is private; id = 515158355
Error: error_code = 15; Access denied: user deactivated; id = 183200314
Error: error_code = 30; This profile is private; id = 10743097
Error: error_code = 30; This profile is private; id = 92412960
Error: error_code = 30; This profile is private; id = 444194095
Error: error_code = 30; This profile is private; id = 122156315
Error: error_code = 30; This profile is private; id = 305611528
Error: error_code = 30; This profile is private; id = 19871044
Error: error_code = 30; This profile is private; id = 654538483
Error: error_code = 30; This profile is private; id = 123206693
Error: error_code = 30; This profile is private; id = 663291710
Error: error_code = 15; Access denied: user deactivated; id = 366944183
Error: error_code = 30; This profile is private; id = 248140525
Error: error_code = 30; This profile is private; id = 149177053
Error: error_code = 15; Access denied: user deactivated; id = 224088085
Error: error_code = 15; Access denied: user deactivated; id = 507908958
Error: error_code = 30; This profile is private; id = 557838556
Error: error_code = 30; This profile is private; id = 46177987
Error: error_code = 30; This profile is private; id = 530931086
Error: error_code = 15; Access denied: user deactivated; id = 181914511
Error: error_code = 30; This profile is private; id = 325595302
Error: error_code = 30; This profile is private; id = 470307512
Error: error_code = 30; This profile is private; id = 71532704
Error: error_code = 30; This profile is private; id = 186613196
Error: error_code = 30; This profile is private; id = 166252143
Error: error_code = 30; This profile is private; id = 468652982
Error: error_code = 30; This profile is private; id = 640763071
Error: error_code = 30; This profile is private; id = 273078289
Error: error_code = 15; Access denied: user deactivated; id = 432529331
Error: error_code = 30; This profile is private; id = 369397069
Error: error_code = 30; This profile is private; id = 212903352
Error: error_code = 30; This profile is private; id = 534676758
Error: error_code = 30; This profile is private; id = 338852052
Error: error_code = 30; This profile is private; id = 691533694
Error: error_code = 30; This profile is private; id = 61708577
Error: error_code = 30; This profile is private; id = 320978412
Error: error_code = 30; This profile is private; id = 222940703
Error: error_code = 15; Access denied: user deactivated; id = 301262137
Error: error_code = 30; This profile is private; id = 484922103
Error: error_code = 30; This profile is private; id = 264660707
Error: error_code = 15; Access denied: user deactivated; id = 531482205
Error: error_code = 30; This profile is private; id = 322503545
Error: error_code = 15; Access denied: user deactivated; id = 179294840
Error: error_code = 30; This profile is private; id = 211385675
Error: error_code = 15; Access denied: user deactivated; id = 229786796
Error: error_code = 15; Access denied: user deactivated; id = 260696917
Error: error_code = 30; This profile is private; id = 126940071
Error: error_code = 15; Access denied: user deactivated; id = 346033045
Error: error_code = 15; Access denied: user deactivated; id = 212290696
Error: error_code = 30; This profile is private; id = 142577473
Error: error_code = 30; This profile is private; id = 608948214
Error: error_code = 30; This profile is private; id = 5941395
Error: error_code = 15; Access denied: user deactivated; id = 341319009
Error: error_code = 30; This profile is private; id = 282599788
Error: error_code = 30; This profile is private; id = 704526900
Error: error_code = 30; This profile is private; id = 696493147
Error: error_code = 15; Access denied: user deactivated; id = 71776865
Error: error_code = 15; Access denied: user deactivated; id = 331873012
Error: error_code = 30; This profile is private; id = 599553097
Error: error_code = 30; This profile is private; id = 585346514
Error: error_code = 15; Access denied: user deactivated; id = 87625521
Error: error_code = 15; Access denied: user deactivated; id = 413235284
Error: error_code = 30; This profile is private; id = 6085219
Error: error_code = 30; This profile is private; id = 346208260
Error: error_code = 30; This profile is private; id = 507137942
Error: error_code = 30; This profile is private; id = 467195240
Error: error_code = 30; This profile is private; id = 29430672
Error: error_code = 30; This profile is private; id = 13787619
Error: error_code = 30; This profile is private; id = 324021568
Error: error_code = 30; This profile is private; id = 409692800
Error: error_code = 30; This profile is private; id = 20303376
Error: error_code = 30; This profile is private; id = 4950546
Error: error_code = 30; This profile is private; id = 594674097
Error: error_code = 30; This profile is private; id = 339920981
Error: error_code = 30; This profile is private; id = 677652404
Error: error_code = 30; This profile is private; id = 7254410
Error: error_code = 30; This profile is private; id = 62089081
Error: error_code = 30; This profile is private; id = 619113945
Error: error_code = 30; This profile is private; id = 246486211
Error: error_code = 15; Access denied: user deactivated; id = 303352102
Error: error_code = 30; This profile is private; id = 11197978
Error: error_code = 30; This profile is private; id = 446050879
Error: error_code = 30; This profile is private; id = 165509650
Error: error_code = 15; Access denied: user deactivated; id = 558553282
Error: error_code = 30; This profile is private; id = 114690345
Error: error_code = 30; This profile is private; id = 35771965
Error: error_code = 30; This profile is private; id = 340094074
Error: error_code = 30; This profile is private; id = 605554747
Error: error_code = 15; Access denied: user deactivated; id = 451709033
Error: error_code = 30; This profile is private; id = 142058674
Error: error_code = 30; This profile is private; id = 637954063
Error: error_code = 30; This profile is private; id = 522208749
Error: error_code = 15; Access denied: user deactivated; id = 211627816
Error: error_code = 30; This profile is private; id = 138210760
Error: error_code = 30; This profile is private; id = 160819338
Error: error_code = 15; Access denied: user deactivated; id = 461029253
Error: error_code = 15; Access denied: user deactivated; id = 339001726
Error: error_code = 30; This profile is private; id = 14395277
Error: error_code = 15; Access denied: user deactivated; id = 702519211
Error: error_code = 30; This profile is private; id = 219004371
Error: error_code = 30; This profile is private; id = 71421255
Error: error_code = 30; This profile is private; id = 104522768
Error: error_code = 30; This profile is private; id = 307498114
Error: error_code = 30; This profile is private; id = 529166168
Error: error_code = 30; This profile is private; id = 546910835
Error: error_code = 30; This profile is private; id = 405942143
Error: error_code = 30; This profile is private; id = 357362139
Error: error_code = 15; Access denied: user deactivated; id = 326028492
Error: error_code = 15; Access denied: user deactivated; id = 195062075
Error: error_code = 30; This profile is private; id = 154027441
Error: error_code = 30; This profile is private; id = 258100985
Error: error_code = 30; This profile is private; id = 555301131
Error: error_code = 30; This profile is private; id = 221888295
Error: error_code = 30; This profile is private; id = 4389308
Error: error_code = 15; Access denied: user deactivated; id = 400562589
Error: error_code = 30; This profile is private; id = 478906898
Error: error_code = 30; This profile is private; id = 181510463
Error: error_code = 30; This profile is private; id = 602587999
Error: error_code = 30; This profile is private; id = 617288260
Error: error_code = 30; This profile is private; id = 547957483
Error: error_code = 15; Access denied: user deactivated; id = 347386770
Error: error_code = 30; This profile is private; id = 74102210
Error: error_code = 15; Access denied: user deactivated; id = 534865943
Error: error_code = 30; This profile is private; id = 589261571
Error: error_code = 30; This profile is private; id = 532891280
Error: error_code = 15; Access denied: user deactivated; id = 403357343
Error: error_code = 30; This profile is private; id = 468194601
Error: error_code = 30; This profile is private; id = 378588834
Error: error_code = 30; This profile is private; id = 712652721
Error: error_code = 30; This profile is private; id = 65171732
Error: error_code = 30; This profile is private; id = 652412940
Error: error_code = 30; This profile is private; id = 576421957
Error: error_code = 30; This profile is private; id = 5620509
Error: error_code = 30; This profile is private; id = 28301988
Error: error_code = 15; Access denied: user deactivated; id = 544064597
Error: error_code = 30; This profile is private; id = 440011491
Error: error_code = 15; Access denied: user deactivated; id = 176498550
Error: error_code = 30; This profile is private; id = 163400462
Error: error_code = 30; This profile is private; id = 135117302
Error: error_code = 30; This profile is private; id = 472269488
Error: error_code = 30; This profile is private; id = 419911239
Error: error_code = 30; This profile is private; id = 299057626
Error: error_code = 15; Access denied: user deactivated; id = 543686009
Error: error_code = 30; This profile is private; id = 491351289
Error: error_code = 30; This profile is private; id = 184161437
Error: error_code = 30; This profile is private; id = 219882035
Error: error_code = 30; This profile is private; id = 550040672
Error: error_code = 15; Access denied: user deactivated; id = 553647078
Error: error_code = 30; This profile is private; id = 226240648
Error: error_code = 30; This profile is private; id = 440811150
Error: error_code = 15; Access denied: user deactivated; id = 187665135
Error: error_code = 30; This profile is private; id = 10780840
Error: error_code = 30; This profile is private; id = 714975355
Error: error_code = 15; Access denied: user deactivated; id = 425011485
Error: error_code = 30; This profile is private; id = 658331913
Error: error_code = 30; This profile is private; id = 282924594
Error: error_code = 15; Access denied: user deactivated; id = 265117146
Error: error_code = 15; Access denied: user deactivated; id = 631035099
Error: error_code = 15; Access denied: user deactivated; id = 405466036
Error: error_code = 15; Access denied: user deactivated; id = 219781113
Error: error_code = 15; Access denied: user deactivated; id = 155902665
Error: error_code = 15; Access denied: user deactivated; id = 522089517
Error: error_code = 30; This profile is private; id = 59671855
Error: error_code = 30; This profile is private; id = 355816111
Error: error_code = 30; This profile is private; id = 10073608
Error: error_code = 30; This profile is private; id = 147048259
Error: error_code = 15; Access denied: user deactivated; id = 316236478
Error: error_code = 30; This profile is private; id = 516988530
Error: error_code = 30; This profile is private; id = 82847927
Error: error_code = 15; Access denied: user deactivated; id = 462421328
Error: error_code = 30; This profile is private; id = 567683523
Error: error_code = 15; Access denied: user deactivated; id = 572238218
Error: error_code = 30; This profile is private; id = 384136900
Error: error_code = 30; This profile is private; id = 429938432
Error: error_code = 15; Access denied: user deactivated; id = 444878112
Error: error_code = 30; This profile is private; id = 108144265
Error: error_code = 30; This profile is private; id = 10813243
Error: error_code = 15; Access denied: user deactivated; id = 206353163
Error: error_code = 15; Access denied: user deactivated; id = 509893134
Error: error_code = 15; Access denied: user deactivated; id = 541459810
Error: error_code = 30; This profile is private; id = 345645972
Error: error_code = 30; This profile is private; id = 644499973
Error: error_code = 30; This profile is private; id = 345468049
Error: error_code = 15; Access denied: user deactivated; id = 214498826
Error: error_code = 30; This profile is private; id = 42833972
Error: error_code = 30; This profile is private; id = 622656216
Error: error_code = 30; This profile is private; id = 510989182
Error: error_code = 30; This profile is private; id = 7827199
Error: error_code = 15; Access denied: user deactivated; id = 304164975
Error: error_code = 30; This profile is private; id = 312864299
Error: error_code = 30; This profile is private; id = 42187953
Error: error_code = 30; This profile is private; id = 364125024
Error: error_code = 30; This profile is private; id = 70887794
Error: error_code = 15; Access denied: user deactivated; id = 167857109
Error: error_code = 15; Access denied: user deactivated; id = 713901791
Error: error_code = 30; This profile is private; id = 173977687
Error: error_code = 30; This profile is private; id = 287294567
Error: error_code = 30; This profile is private; id = 331510160
Error: error_code = 15; Access denied: user deactivated; id = 418884317
Error: error_code = 30; This profile is private; id = 384791302
Error: error_code = 30; This profile is private; id = 409403277
Error: error_code = 30; This profile is private; id = 234360909
Error: error_code = 30; This profile is private; id = 30755656
Error: error_code = 30; This profile is private; id = 129476881
Error: error_code = 30; This profile is private; id = 244440329
Error: error_code = 30; This profile is private; id = 484333769
Error: error_code = 30; This profile is private; id = 18419099
Error: error_code = 30; This profile is private; id = 24319931
Error: error_code = 30; This profile is private; id = 569587673
Error: error_code = 30; This profile is private; id = 52911035
Error: error_code = 30; This profile is private; id = 197400475
Error: error_code = 30; This profile is private; id = 104575918
Error: error_code = 15; Access denied: user deactivated; id = 425961787
Error: error_code = 15; Access denied: user deactivated; id = 253457806
Error: error_code = 15; Access denied: user deactivated; id = 65970510
Error: error_code = 30; This profile is private; id = 154651248
Error: error_code = 30; This profile is private; id = 193835873
Error: error_code = 30; This profile is private; id = 712064008
Error: error_code = 15; Access denied: user deactivated; id = 386971175
Error: error_code = 15; Access denied: user deactivated; id = 536306508
Error: error_code = 30; This profile is private; id = 588812901
Error: error_code = 30; This profile is private; id = 88500179
Error: error_code = 30; This profile is private; id = 80025745
Error: error_code = 30; This profile is private; id = 398215545
Error: error_code = 15; Access denied: user deactivated; id = 550915871
Error: error_code = 15; Access denied: user deactivated; id = 136733568
Error: error_code = 30; This profile is private; id = 345149959
Error: error_code = 15; Access denied: user deactivated; id = 571383501
Error: error_code = 15; Access denied: user deactivated; id = 518883871
Error: error_code = 15; Access denied: user deactivated; id = 210863795
Error: error_code = 15; Access denied: user deactivated; id = 420359852
Error: error_code = 30; This profile is private; id = 522956969
Error: error_code = 30; This profile is private; id = 199804480
Error: error_code = 30; This profile is private; id = 24904077
Error: error_code = 15; Access denied: user deactivated; id = 361044545
Error: error_code = 15; Access denied: user deactivated; id = 568769558
Error: error_code = 30; This profile is private; id = 613128476
Error: error_code = 30; This profile is private; id = 694288079
Error: error_code = 30; This profile is private; id = 426009348
Error: error_code = 15; Access denied: user deactivated; id = 713316252
Error: error_code = 30; This profile is private; id = 638210912
Error: error_code = 30; This profile is private; id = 19895186
Error: error_code = 15; Access denied: user deactivated; id = 386128841
Error: error_code = 30; This profile is private; id = 705962987
Error: error_code = 15; Access denied: user deactivated; id = 214241293
Error: error_code = 30; This profile is private; id = 562398002
Error: error_code = 30; This profile is private; id = 3143290
Error: error_code = 15; Access denied: user deactivated; id = 212477631
Error: error_code = 30; This profile is private; id = 483650607
Error: error_code = 15; Access denied: user deactivated; id = 557675041
Error: error_code = 15; Access denied: user deactivated; id = 70365841
Error: error_code = 30; This profile is private; id = 144474533
Error: error_code = 30; This profile is private; id = 389521974
Error: error_code = 15; Access denied: user deactivated; id = 73717164
Error: error_code = 30; This profile is private; id = 240146689
Error: error_code = 30; This profile is private; id = 155598957
Error: error_code = 15; Access denied: user deactivated; id = 191645779
Error: error_code = 30; This profile is private; id = 475286685
Error: error_code = 30; This profile is private; id = 356078977
Error: error_code = 30; This profile is private; id = 390947797
Error: error_code = 30; This profile is private; id = 298326954
Error: error_code = 15; Access denied: user deactivated; id = 479935435
Error: error_code = 30; This profile is private; id = 347416760
Error: error_code = 30; This profile is private; id = 398195266
Error: error_code = 30; This profile is private; id = 324705760
Error: error_code = 30; This profile is private; id = 369568115
Error: error_code = 30; This profile is private; id = 23089482
Error: error_code = 30; This profile is private; id = 464079728
Error: error_code = 30; This profile is private; id = 525739903
Error: error_code = 15; Access denied: user deactivated; id = 192634917
Error: error_code = 30; This profile is private; id = 172438746
Error: error_code = 30; This profile is private; id = 594017442
Error: error_code = 30; This profile is private; id = 269687529
Error: error_code = 30; This profile is private; id = 134221681
Error: error_code = 30; This profile is private; id = 709497351
Error: error_code = 30; This profile is private; id = 515175058
Error: error_code = 30; This profile is private; id = 74655322
Error: error_code = 30; This profile is private; id = 7303842
Error: error_code = 15; Access denied: user deactivated; id = 657398091
Error: error_code = 30; This profile is private; id = 686536561
Error: error_code = 15; Access denied: user deactivated; id = 95852364
Error: error_code = 30; This profile is private; id = 515167542
Error: error_code = 30; This profile is private; id = 12906220
Error: error_code = 30; This profile is private; id = 709424769
Error: error_code = 30; This profile is private; id = 581745382
Error: error_code = 30; This profile is private; id = 77398123
Error: error_code = 30; This profile is private; id = 624331080
Error: error_code = 30; This profile is private; id = 175125162
Error: error_code = 30; This profile is private; id = 17966871
Error: error_code = 15; Access denied: user deactivated; id = 130069198
Error: error_code = 15; Access denied: user deactivated; id = 381306233
Error: error_code = 15; Access denied: user deactivated; id = 668852245
Error: error_code = 15; Access denied: user deactivated; id = 363326527
Error: error_code = 30; This profile is private; id = 671861228
Error: error_code = 30; This profile is private; id = 48827541
Error: error_code = 15; Access denied: user deactivated; id = 702548987
Error: error_code = 30; This profile is private; id = 590961524
Error: error_code = 30; This profile is private; id = 529854359
Error: error_code = 30; This profile is private; id = 640884264
Error: error_code = 30; This profile is private; id = 211955168
Error: error_code = 15; Access denied: user deactivated; id = 210951928
Error: error_code = 30; This profile is private; id = 41442475
Error: error_code = 30; This profile is private; id = 349218440
Error: error_code = 30; This profile is private; id = 174149455
Error: error_code = 15; Access denied: user deactivated; id = 230141024
Error: error_code = 15; Access denied: user deactivated; id = 403010942
Error: error_code = 15; Access denied: user deactivated; id = 221397806
Error: error_code = 30; This profile is private; id = 226526285
Error: error_code = 15; Access denied: user deactivated; id = 16925911
Error: error_code = 30; This profile is private; id = 209563461
Error: error_code = 30; This profile is private; id = 62978822
Error: error_code = 30; This profile is private; id = 12566887
Error: error_code = 15; Access denied: user deactivated; id = 510093311
Error: error_code = 30; This profile is private; id = 576342935
Error: error_code = 30; This profile is private; id = 145885792
Error: error_code = 30; This profile is private; id = 151258141
Error: error_code = 15; Access denied: user deactivated; id = 507172804
Error: error_code = 15; Access denied: user deactivated; id = 231380293
Error: error_code = 30; This profile is private; id = 447203771
Error: error_code = 30; This profile is private; id = 635212161
Error: error_code = 30; This profile is private; id = 413981186
Error: error_code = 30; This profile is private; id = 196945618
Error: error_code = 30; This profile is private; id = 233720474
Error: error_code = 30; This profile is private; id = 295442025
Error: error_code = 15; Access denied: user deactivated; id = 172429425
Error: error_code = 30; This profile is private; id = 519084646
Error: error_code = 15; Access denied: user deactivated; id = 417929994
Error: error_code = 15; Access denied: user deactivated; id = 425849292
Error: error_code = 30; This profile is private; id = 503626436
Error: error_code = 15; Access denied: user deactivated; id = 571137836
Error: error_code = 30; This profile is private; id = 614909692
Error: error_code = 30; This profile is private; id = 90834208
Error: error_code = 30; This profile is private; id = 325416601
Error: error_code = 30; This profile is private; id = 569248751
Error: error_code = 30; This profile is private; id = 92348855
Error: error_code = 30; This profile is private; id = 4740575
Error: error_code = 30; This profile is private; id = 301955534
Error: error_code = 30; This profile is private; id = 325870272
Error: error_code = 30; This profile is private; id = 307960736
Error: error_code = 30; This profile is private; id = 178642932
Error: error_code = 30; This profile is private; id = 73153975
Error: error_code = 30; This profile is private; id = 244741777
Error: error_code = 15; Access denied: user deactivated; id = 507984242
Error: error_code = 30; This profile is private; id = 521417528
Error: error_code = 15; Access denied: user deactivated; id = 637448717
Error: error_code = 30; This profile is private; id = 219627860
Error: error_code = 15; Access denied: user deactivated; id = 424860248
Error: error_code = 15; Access denied: user deactivated; id = 499163781
Error: error_code = 15; Access denied: user deactivated; id = 713929107
Error: error_code = 30; This profile is private; id = 171278693
Error: error_code = 15; Access denied: user deactivated; id = 240126486
Error: error_code = 30; This profile is private; id = 556876048
Error: error_code = 30; This profile is private; id = 608991971
Error: error_code = 30; This profile is private; id = 515173984
Error: error_code = 15; Access denied: user deactivated; id = 28127560
Error: error_code = 15; Access denied: user deactivated; id = 507442275
Error: error_code = 30; This profile is private; id = 569157050
Error: error_code = 30; This profile is private; id = 536730835
Error: error_code = 30; This profile is private; id = 574657369
Error: error_code = 15; Access denied: user deactivated; id = 429027542
Error: error_code = 30; This profile is private; id = 323637607
Error: error_code = 15; Access denied: user deactivated; id = 321138562
Error: error_code = 30; This profile is private; id = 224231194
Error: error_code = 15; Access denied: user deactivated; id = 570508711
Error: error_code = 30; This profile is private; id = 313022481
Error: error_code = 30; This profile is private; id = 55080929
Error: error_code = 30; This profile is private; id = 1901549
Error: error_code = 15; Access denied: user deactivated; id = 350437522
Error: error_code = 30; This profile is private; id = 302576951
Error: error_code = 30; This profile is private; id = 381474289
Error: error_code = 30; This profile is private; id = 184836059
Error: error_code = 15; Access denied: user deactivated; id = 681962845
Error: error_code = 15; Access denied: user deactivated; id = 285859578
Error: error_code = 30; This profile is private; id = 144750516
Error: error_code = 30; This profile is private; id = 493177781
Error: error_code = 30; This profile is private; id = 712375116
Error: error_code = 30; This profile is private; id = 12694960
Error: error_code = 15; Access denied: user deactivated; id = 113271998
Error: error_code = 30; This profile is private; id = 24391033
Error: error_code = 30; This profile is private; id = 294095151
Error: error_code = 30; This profile is private; id = 206606274
Error: error_code = 30; This profile is private; id = 170735459
Error: error_code = 15; Access denied: user deactivated; id = 215314953
Error: error_code = 30; This profile is private; id = 486646753
Error: error_code = 30; This profile is private; id = 2249871
Error: error_code = 30; This profile is private; id = 621948050
Error: error_code = 30; This profile is private; id = 434407265
Error: error_code = 15; Access denied: user deactivated; id = 132471130
Error: error_code = 30; This profile is private; id = 139562312
Error: error_code = 15; Access denied: user deactivated; id = 425674058
Error: error_code = 30; This profile is private; id = 16010368
Error: error_code = 15; Access denied: user deactivated; id = 157924461
Error: error_code = 30; This profile is private; id = 699906057
Error: error_code = 15; Access denied: user deactivated; id = 176687881
Error: error_code = 30; This profile is private; id = 209394296
Error: error_code = 30; This profile is private; id = 345943364
Error: error_code = 30; This profile is private; id = 159752212
Error: error_code = 30; This profile is private; id = 604110338
Error: error_code = 30; This profile is private; id = 108362334
Error: error_code = 30; This profile is private; id = 70009754
Error: error_code = 30; This profile is private; id = 266318868
Error: error_code = 30; This profile is private; id = 203159744
Error: error_code = 15; Access denied: user deactivated; id = 100599209
Error: error_code = 15; Access denied: user deactivated; id = 543616903
Error: error_code = 30; This profile is private; id = 448218175
Error: error_code = 30; This profile is private; id = 638117429
Error: error_code = 30; This profile is private; id = 450725466
Error: error_code = 30; This profile is private; id = 561177889
Error: error_code = 15; Access denied: user deactivated; id = 403271499
Error: error_code = 15; Access denied: user deactivated; id = 552465414
Error: error_code = 15; Access denied: user deactivated; id = 540076306
Error: error_code = 15; Access denied: user deactivated; id = 515055904
Error: error_code = 15; Access denied: user deactivated; id = 222041995
Error: error_code = 15; Access denied: user deactivated; id = 267160499
Error: error_code = 15; Access denied: user deactivated; id = 193716353
Error: error_code = 30; This profile is private; id = 59693186
Error: error_code = 30; This profile is private; id = 251370747
Error: error_code = 30; This profile is private; id = 83194076
Error: error_code = 30; This profile is private; id = 181106294
Error: error_code = 15; Access denied: user deactivated; id = 714467859
Error: error_code = 30; This profile is private; id = 232372323
Error: error_code = 30; This profile is private; id = 255765110
Error: error_code = 15; Access denied: user deactivated; id = 225288843
Error: error_code = 30; This profile is private; id = 419382257
Error: error_code = 15; Access denied: user deactivated; id = 365014931
Error: error_code = 30; This profile is private; id = 254369427
Error: error_code = 30; This profile is private; id = 173627205
Error: error_code = 30; This profile is private; id = 134971947
Error: error_code = 15; Access denied: user deactivated; id = 48551078
Error: error_code = 30; This profile is private; id = 382936538
Error: error_code = 30; This profile is private; id = 12043385
Error: error_code = 15; Access denied: user deactivated; id = 409395034
Error: error_code = 30; This profile is private; id = 226931652
Error: error_code = 15; Access denied: user deactivated; id = 161210033
Error: error_code = 30; This profile is private; id = 34599579
Error: error_code = 15; Access denied: user deactivated; id = 46056709
Error: error_code = 15; Access denied: user deactivated; id = 406738028
Error: error_code = 15; Access denied: user deactivated; id = 243509841
Error: error_code = 30; This profile is private; id = 16452301
Error: error_code = 15; Access denied: user deactivated; id = 151761108
Error: error_code = 15; Access denied: user deactivated; id = 609051443
Error: error_code = 15; Access denied: user deactivated; id = 388806735
Error: error_code = 30; This profile is private; id = 629208332
Error: error_code = 15; Access denied: user deactivated; id = 9760572
Error: error_code = 15; Access denied: user deactivated; id = 204421496
Error: error_code = 15; Access denied: user deactivated; id = 152726811
Error: error_code = 15; Access denied: user deactivated; id = 9395489
Error: error_code = 15; Access denied: user deactivated; id = 680298049
Error: error_code = 30; This profile is private; id = 528784603
Error: error_code = 30; This profile is private; id = 493686607
Error: error_code = 30; This profile is private; id = 226026072
Error: error_code = 15; Access denied: user deactivated; id = 535456287
Error: error_code = 30; This profile is private; id = 1740291
Error: error_code = 30; This profile is private; id = 712066824
Error: error_code = 30; This profile is private; id = 446735123
Error: error_code = 30; This profile is private; id = 326333487
Error: error_code = 30; This profile is private; id = 547311458
Error: error_code = 30; This profile is private; id = 542298632
Error: error_code = 30; This profile is private; id = 133408244
Error: error_code = 30; This profile is private; id = 629189687
Error: error_code = 30; This profile is private; id = 306992497
Error: error_code = 15; Access denied: user deactivated; id = 543064484
Error: error_code = 30; This profile is private; id = 421994021
Error: error_code = 30; This profile is private; id = 363314078
Error: error_code = 30; This profile is private; id = 17615656
Error: error_code = 15; Access denied: user deactivated; id = 326481022
Error: error_code = 30; This profile is private; id = 576429267
Error: error_code = 30; This profile is private; id = 685780297
Error: error_code = 15; Access denied: user deactivated; id = 183362787
Error: error_code = 30; This profile is private; id = 662792821
Error: error_code = 30; This profile is private; id = 221582911
Error: error_code = 15; Access denied: user deactivated; id = 508910427
Error: error_code = 30; This profile is private; id = 25824295
Error: error_code = 30; This profile is private; id = 555894712
Error: error_code = 15; Access denied: user deactivated; id = 23220633
Error: error_code = 30; This profile is private; id = 667797563
Error: error_code = 30; This profile is private; id = 560741766
Error: error_code = 30; This profile is private; id = 109364951
Error: error_code = 30; This profile is private; id = 120903170
Error: error_code = 15; Access denied: user deactivated; id = 296348599
Error: error_code = 30; This profile is private; id = 22618824
Error: error_code = 15; Access denied: user deactivated; id = 314062343
Error: error_code = 15; Access denied: user deactivated; id = 351827621
Error: error_code = 15; Access denied: user deactivated; id = 209826885
Error: error_code = 15; Access denied: user deactivated; id = 695513494
Error: error_code = 30; This profile is private; id = 17757592
Error: error_code = 30; This profile is private; id = 580604769
Error: error_code = 30; This profile is private; id = 499990224
Error: error_code = 30; This profile is private; id = 495839519
Error: error_code = 30; This profile is private; id = 582645761
Error: error_code = 30; This profile is private; id = 458690432
Error: error_code = 30; This profile is private; id = 713574249
Error: error_code = 30; This profile is private; id = 603099653
Error: error_code = 30; This profile is private; id = 192191945
Error: error_code = 30; This profile is private; id = 6489501
Error: error_code = 15; Access denied: user deactivated; id = 523045336
Error: error_code = 15; Access denied: user deactivated; id = 389126709
Error: error_code = 15; Access denied: user deactivated; id = 416932656
Error: error_code = 30; This profile is private; id = 16108693
Error: error_code = 30; This profile is private; id = 363620012
Error: error_code = 30; This profile is private; id = 590599063
Error: error_code = 30; This profile is private; id = 289716262
Error: error_code = 15; Access denied: user deactivated; id = 402593433
Error: error_code = 30; This profile is private; id = 591720603
Error: error_code = 15; Access denied: user deactivated; id = 183884410
Error: error_code = 30; This profile is private; id = 211001222
Error: error_code = 30; This profile is private; id = 417365067
Error: error_code = 30; This profile is private; id = 331770112
Error: error_code = 30; This profile is private; id = 626606865
Error: error_code = 30; This profile is private; id = 7030692
Error: error_code = 30; This profile is private; id = 177033065
Error: error_code = 30; This profile is private; id = 373640081
Error: error_code = 30; This profile is private; id = 101761495
Error: error_code = 30; This profile is private; id = 457447744
Error: error_code = 30; This profile is private; id = 43047762
Error: error_code = 30; This profile is private; id = 155145168
Error: error_code = 15; Access denied: user deactivated; id = 18798127
Error: error_code = 15; Access denied: user deactivated; id = 296422644
Error: error_code = 30; This profile is private; id = 701898723
Error: error_code = 30; This profile is private; id = 6604194
Error: error_code = 15; Access denied: user deactivated; id = 1289907
Error: error_code = 30; This profile is private; id = 313769733
Error: error_code = 30; This profile is private; id = 713104872
Error: error_code = 15; Access denied: user deactivated; id = 167602985
Error: error_code = 30; This profile is private; id = 263491416
Error: error_code = 15; Access denied: user deactivated; id = 320646897
Error: error_code = 15; Access denied: user deactivated; id = 565519522
Error: error_code = 15; Access denied: user deactivated; id = 189894146
Error: error_code = 15; Access denied: user deactivated; id = 48015739
Error: error_code = 30; This profile is private; id = 195607224
Error: error_code = 30; This profile is private; id = 646529108
Error: error_code = 30; This profile is private; id = 306125289
Error: error_code = 15; Access denied: user deactivated; id = 282050607
Error: error_code = 30; This profile is private; id = 414968573
Error: error_code = 30; This profile is private; id = 690302532
Error: error_code = 30; This profile is private; id = 20364831
Error: error_code = 30; This profile is private; id = 53825766
Error: error_code = 15; Access denied: user deactivated; id = 277030759
Error: error_code = 15; Access denied: user deactivated; id = 378623663
Error: error_code = 30; This profile is private; id = 403920365
Error: error_code = 30; This profile is private; id = 30342592
Error: error_code = 30; This profile is private; id = 166542421
Error: error_code = 15; Access denied: user deactivated; id = 469880545
Error: error_code = 15; Access denied: user deactivated; id = 218945466
Error: error_code = 30; This profile is private; id = 40747776
Error: error_code = 30; This profile is private; id = 528694316
Error: error_code = 30; This profile is private; id = 569451286
Error: error_code = 30; This profile is private; id = 38233387
Error: error_code = 30; This profile is private; id = 12701694
Error: error_code = 15; Access denied: user deactivated; id = 196711305
Error: error_code = 30; This profile is private; id = 25621013
Error: error_code = 30; This profile is private; id = 134014819
Error: error_code = 30; This profile is private; id = 154205634
Error: error_code = 15; Access denied: user deactivated; id = 53840823
Error: error_code = 30; This profile is private; id = 693082254
Error: error_code = 30; This profile is private; id = 365164344
Error: error_code = 30; This profile is private; id = 280470768
Error: error_code = 30; This profile is private; id = 592960920
Error: error_code = 15; Access denied: user deactivated; id = 588882990
Error: error_code = 30; This profile is private; id = 553095210
Error: error_code = 30; This profile is private; id = 215025266
Error: error_code = 30; This profile is private; id = 474001131
Error: error_code = 15; Access denied: user deactivated; id = 712065027
Error: error_code = 30; This profile is private; id = 132924100
Error: error_code = 30; This profile is private; id = 713409738
Error: error_code = 30; This profile is private; id = 310448312
Error: error_code = 30; This profile is private; id = 397207795
Error: error_code = 30; This profile is private; id = 94790374
Error: error_code = 15; Access denied: user deactivated; id = 586107284
Error: error_code = 30; This profile is private; id = 229845808
Error: error_code = 30; This profile is private; id = 706277003
Error: error_code = 30; This profile is private; id = 531456721
Error: error_code = 30; This profile is private; id = 691475298
Error: error_code = 30; This profile is private; id = 492118856
Error: error_code = 30; This profile is private; id = 513062428
Error: error_code = 15; Access denied: user deactivated; id = 454456760
Error: error_code = 15; Access denied: user deactivated; id = 290876694
Error: error_code = 30; This profile is private; id = 385454248
Error: error_code = 15; Access denied: user deactivated; id = 412127950
Error: error_code = 30; This profile is private; id = 414082491
Error: error_code = 30; This profile is private; id = 405502586
Error: error_code = 15; Access denied: user deactivated; id = 294711100
Error: error_code = 30; This profile is private; id = 49453554
Error: error_code = 30; This profile is private; id = 367117300
Error: error_code = 30; This profile is private; id = 343828026
Error: error_code = 15; Access denied: user deactivated; id = 493973256
Error: error_code = 15; Access denied: user deactivated; id = 158127528
Error: error_code = 30; This profile is private; id = 170411652
Error: error_code = 30; This profile is private; id = 45467801
Error: error_code = 15; Access denied: user deactivated; id = 622219116
Error: error_code = 30; This profile is private; id = 612563745
Error: error_code = 30; This profile is private; id = 11568754
Error: error_code = 15; Access denied: user deactivated; id = 196509084
Error: error_code = 15; Access denied: user deactivated; id = 258043585
Error: error_code = 30; This profile is private; id = 360930446
Error: error_code = 15; Access denied: user deactivated; id = 379293784
Error: error_code = 30; This profile is private; id = 421805345
Error: error_code = 15; Access denied: user deactivated; id = 173933741
Error: error_code = 30; This profile is private; id = 615984757
Error: error_code = 30; This profile is private; id = 132254437
Error: error_code = 30; This profile is private; id = 13043796
Error: error_code = 30; This profile is private; id = 17447026
Error: error_code = 30; This profile is private; id = 140342074
Error: error_code = 15; Access denied: user deactivated; id = 136242327
Error: error_code = 15; Access denied: user deactivated; id = 638857414
Error: error_code = 30; This profile is private; id = 189761765
Error: error_code = 30; This profile is private; id = 438222205
Error: error_code = 30; This profile is private; id = 63547158
Error: error_code = 15; Access denied: user deactivated; id = 611036642
Error: error_code = 30; This profile is private; id = 636385896
Error: error_code = 15; Access denied: user deactivated; id = 624847614
Error: error_code = 30; This profile is private; id = 519436221
Error: error_code = 30; This profile is private; id = 657143407
Error: error_code = 30; This profile is private; id = 593222203
Error: error_code = 30; This profile is private; id = 34256827
Error: error_code = 15; Access denied: user deactivated; id = 196449223
Error: error_code = 30; This profile is private; id = 580038075
Error: error_code = 30; This profile is private; id = 248149629
Error: error_code = 30; This profile is private; id = 29007454
Error: error_code = 30; This profile is private; id = 177463143
Error: error_code = 30; This profile is private; id = 159370174
Error: error_code = 30; This profile is private; id = 335620595
Error: error_code = 30; This profile is private; id = 169942
Error: error_code = 15; Access denied: user deactivated; id = 197594746
Error: error_code = 15; Access denied: user deactivated; id = 260656092
Error: error_code = 15; Access denied: user deactivated; id = 415452095
Error: error_code = 15; Access denied: user deactivated; id = 496752426
Error: error_code = 30; This profile is private; id = 614998457
Error: error_code = 15; Access denied: user deactivated; id = 474195059
Error: error_code = 30; This profile is private; id = 152225230
Error: error_code = 15; Access denied: user deactivated; id = 370870236
Error: error_code = 15; Access denied: user deactivated; id = 126548526
Error: error_code = 30; This profile is private; id = 654098674
Error: error_code = 30; This profile is private; id = 276520869
Error: error_code = 15; Access denied: user deactivated; id = 563423627
Error: error_code = 15; Access denied: user deactivated; id = 224623158
Error: error_code = 15; Access denied: user deactivated; id = 415349519
Error: error_code = 15; Access denied: user deactivated; id = 520445911
Error: error_code = 15; Access denied: user deactivated; id = 2606807
Error: error_code = 15; Access denied: user deactivated; id = 155300448
Error: error_code = 15; Access denied: user deactivated; id = 584940467
Error: error_code = 15; Access denied: user deactivated; id = 371085978
Error: error_code = 15; Access denied: user deactivated; id = 557502239
Error: error_code = 30; This profile is private; id = 37899993
Error: error_code = 15; Access denied: user deactivated; id = 348961721
Error: error_code = 15; Access denied: user deactivated; id = 644680086
Error: error_code = 30; This profile is private; id = 288822443
Error: error_code = 15; Access denied: user deactivated; id = 233803224
Error: error_code = 15; Access denied: user deactivated; id = 287092472
Error: error_code = 15; Access denied: user deactivated; id = 574111672
Error: error_code = 15; Access denied: user deactivated; id = 220385322
Error: error_code = 30; This profile is private; id = 279522427
Error: error_code = 15; Access denied: user deactivated; id = 147678820
Error: error_code = 15; Access denied: user deactivated; id = 221542831
Error: error_code = 15; Access denied: user deactivated; id = 292959360
Error: error_code = 15; Access denied: user deactivated; id = 225416022
Error: error_code = 30; This profile is private; id = 287565408
Error: error_code = 30; This profile is private; id = 656928549
Error: error_code = 30; This profile is private; id = 132800423
Error: error_code = 15; Access denied: user deactivated; id = 310247520
Error: error_code = 30; This profile is private; id = 101911735
Error: error_code = 30; This profile is private; id = 297459233
Error: error_code = 30; This profile is private; id = 551790550
Error: error_code = 30; This profile is private; id = 380262252
Error: error_code = 15; Access denied: user deactivated; id = 403402792
Error: error_code = 30; This profile is private; id = 683096111
Error: error_code = 30; This profile is private; id = 394935618
Error: error_code = 30; This profile is private; id = 73112419
Error: error_code = 30; This profile is private; id = 272019853
Error: error_code = 15; Access denied: user deactivated; id = 211848249
Error: error_code = 30; This profile is private; id = 5133461
Error: error_code = 30; This profile is private; id = 65403556
Error: error_code = 30; This profile is private; id = 361823420
Error: error_code = 15; Access denied: user deactivated; id = 535822239
Error: error_code = 30; This profile is private; id = 16902014
Error: error_code = 15; Access denied: user deactivated; id = 535770662
Error: error_code = 30; This profile is private; id = 668001870
Error: error_code = 30; This profile is private; id = 187095787
Error: error_code = 30; This profile is private; id = 66342639
Error: error_code = 30; This profile is private; id = 435268246
Error: error_code = 15; Access denied: user deactivated; id = 21625830
Error: error_code = 30; This profile is private; id = 333877577
Error: error_code = 15; Access denied: user deactivated; id = 219498467
Error: error_code = 15; Access denied: user deactivated; id = 494435843
Error: error_code = 30; This profile is private; id = 122659908
Error: error_code = 15; Access denied: user deactivated; id = 402627779
Error: error_code = 15; Access denied: user deactivated; id = 167113853
Error: error_code = 15; Access denied: user deactivated; id = 705178142
Error: error_code = 30; This profile is private; id = 248631448
Error: error_code = 15; Access denied: user deactivated; id = 201745153
Error: error_code = 30; This profile is private; id = 546228108
Error: error_code = 15; Access denied: user deactivated; id = 83574715
Error: error_code = 30; This profile is private; id = 576452963
Error: error_code = 15; Access denied: user deactivated; id = 195886939
Error: error_code = 30; This profile is private; id = 355168389
Error: error_code = 30; This profile is private; id = 120356411
Error: error_code = 30; This profile is private; id = 17670376
Error: error_code = 30; This profile is private; id = 307195558
Error: error_code = 30; This profile is private; id = 25278996
Error: error_code = 30; This profile is private; id = 258234779
Error: error_code = 15; Access denied: user deactivated; id = 302186508
Error: error_code = 15; Access denied: user deactivated; id = 269586268
Error: error_code = 30; This profile is private; id = 374488231
Error: error_code = 30; This profile is private; id = 334934018
Error: error_code = 30; This profile is private; id = 518184247
Error: error_code = 30; This profile is private; id = 565724219
Error: error_code = 30; This profile is private; id = 706220467
Error: error_code = 30; This profile is private; id = 7461116
Error: error_code = 30; This profile is private; id = 6913523
Error: error_code = 30; This profile is private; id = 89352713
Error: error_code = 30; This profile is private; id = 469710037
Error: error_code = 30; This profile is private; id = 622430725
Error: error_code = 30; This profile is private; id = 309738608
Error: error_code = 15; Access denied: user deactivated; id = 398494098
Error: error_code = 30; This profile is private; id = 490910906
Error: error_code = 15; Access denied: user deactivated; id = 135351811
Error: error_code = 15; Access denied: user deactivated; id = 309987098
Error: error_code = 15; Access denied: user deactivated; id = 287174275
Error: error_code = 15; Access denied: user deactivated; id = 147272624
Error: error_code = 30; This profile is private; id = 465129479
Error: error_code = 15; Access denied: user deactivated; id = 221713144
Error: error_code = 30; This profile is private; id = 21139859
Error: error_code = 30; This profile is private; id = 151199000
Error: error_code = 15; Access denied: user deactivated; id = 412253956
Error: error_code = 15; Access denied: user deactivated; id = 420707505
Error: error_code = 15; Access denied: user deactivated; id = 340903110
Error: error_code = 15; Access denied: user deactivated; id = 415328382
Error: error_code = 30; This profile is private; id = 374440695
Error: error_code = 30; This profile is private; id = 603113940
Error: error_code = 30; This profile is private; id = 625782970
Error: error_code = 30; This profile is private; id = 395133931
Error: error_code = 15; Access denied: user deactivated; id = 84951887
Error: error_code = 15; Access denied: user deactivated; id = 434225475
Error: error_code = 30; This profile is private; id = 582780410
Error: error_code = 30; This profile is private; id = 133320668
Error: error_code = 30; This profile is private; id = 220648478
Error: error_code = 30; This profile is private; id = 140125073
Error: error_code = 15; Access denied: user deactivated; id = 247020180
Error: error_code = 30; This profile is private; id = 597151890
Error: error_code = 15; Access denied: user deactivated; id = 158496217
Error: error_code = 30; This profile is private; id = 704459406
Error: error_code = 15; Access denied: user deactivated; id = 456615765
Error: error_code = 15; Access denied: user deactivated; id = 209411834
Error: error_code = 15; Access denied: user deactivated; id = 537279833
Error: error_code = 30; This profile is private; id = 712108713
Error: error_code = 15; Access denied: user deactivated; id = 88196591
Error: error_code = 30; This profile is private; id = 177198264
Error: error_code = 30; This profile is private; id = 67587822
Error: error_code = 15; Access denied: user deactivated; id = 455205436
Error: error_code = 15; Access denied: user deactivated; id = 368335788
Error: error_code = 30; This profile is private; id = 136857411
Error: error_code = 30; This profile is private; id = 546996469
Error: error_code = 30; This profile is private; id = 236671000
Error: error_code = 15; Access denied: user deactivated; id = 361189645
Error: error_code = 15; Access denied: user deactivated; id = 182553891
Error: error_code = 30; This profile is private; id = 16448948
Error: error_code = 15; Access denied: user deactivated; id = 253014784
Error: error_code = 15; Access denied: user deactivated; id = 29306003
Error: error_code = 15; Access denied: user deactivated; id = 671511088
Error: error_code = 30; This profile is private; id = 5665032
Error: error_code = 30; This profile is private; id = 400170344
Error: error_code = 30; This profile is private; id = 516362442
Error: error_code = 30; This profile is private; id = 604036217
Error: error_code = 30; This profile is private; id = 391059380
Error: error_code = 30; This profile is private; id = 376408416
Error: error_code = 30; This profile is private; id = 301114652
Error: error_code = 15; Access denied: user deactivated; id = 216176201
Error: error_code = 30; This profile is private; id = 195793482
Error: error_code = 30; This profile is private; id = 598791393
Error: error_code = 30; This profile is private; id = 586198409
Error: error_code = 30; This profile is private; id = 286838289
Error: error_code = 15; Access denied: user deactivated; id = 498158573
Error: error_code = 30; This profile is private; id = 172031043
Error: error_code = 30; This profile is private; id = 180174866
Error: error_code = 30; This profile is private; id = 529676997
Error: error_code = 30; This profile is private; id = 211756566
Error: error_code = 15; Access denied: user deactivated; id = 425713724
Error: error_code = 15; Access denied: user deactivated; id = 174064539
Error: error_code = 30; This profile is private; id = 425581002
Error: error_code = 15; Access denied: user deactivated; id = 24849356
Error: error_code = 15; Access denied: user deactivated; id = 163957365
Error: error_code = 30; This profile is private; id = 638521548
Error: error_code = 15; Access denied: user deactivated; id = 83270097
Error: error_code = 30; This profile is private; id = 655372682
Error: error_code = 30; This profile is private; id = 248950000
Error: error_code = 30; This profile is private; id = 682467252
Error: error_code = 30; This profile is private; id = 664992815
Error: error_code = 30; This profile is private; id = 643478086
Error: error_code = 30; This profile is private; id = 175676814
Error: error_code = 15; Access denied: user deactivated; id = 343232989
Error: error_code = 30; This profile is private; id = 403217156
Error: error_code = 30; This profile is private; id = 113231028
Error: error_code = 30; This profile is private; id = 571690465
Error: error_code = 30; This profile is private; id = 132668400
Error: error_code = 30; This profile is private; id = 110549598
Error: error_code = 30; This profile is private; id = 379199952
Error: error_code = 15; Access denied: user deactivated; id = 119995381
Error: error_code = 30; This profile is private; id = 19530294
Error: error_code = 30; This profile is private; id = 345178345
Error: error_code = 30; This profile is private; id = 394314622
Error: error_code = 30; This profile is private; id = 248959395
Error: error_code = 15; Access denied: user deactivated; id = 208480980
Error: error_code = 30; This profile is private; id = 612426056
Error: error_code = 30; This profile is private; id = 491195517
Error: error_code = 30; This profile is private; id = 620683740
Error: error_code = 30; This profile is private; id = 463677111
Error: error_code = 30; This profile is private; id = 326215124
Error: error_code = 15; Access denied: user deactivated; id = 54118324
Error: error_code = 15; Access denied: user deactivated; id = 104783362
Error: error_code = 30; This profile is private; id = 692089376
Error: error_code = 30; This profile is private; id = 238174014
Error: error_code = 30; This profile is private; id = 523440863
Error: error_code = 15; Access denied: user deactivated; id = 171462034
Error: error_code = 30; This profile is private; id = 8426332
Error: error_code = 30; This profile is private; id = 59045761
Error: error_code = 15; Access denied: user deactivated; id = 180092369
Error: error_code = 30; This profile is private; id = 190266717
Error: error_code = 30; This profile is private; id = 427426926
Error: error_code = 15; Access denied: user deactivated; id = 90788240
Error: error_code = 15; Access denied: user deactivated; id = 459286828
Error: error_code = 15; Access denied: user deactivated; id = 531489662
Error: error_code = 15; Access denied: user deactivated; id = 203742955
Error: error_code = 30; This profile is private; id = 18258392
Error: error_code = 30; This profile is private; id = 512969622
Error: error_code = 30; This profile is private; id = 662840622
Error: error_code = 30; This profile is private; id = 668175215
Error: error_code = 30; This profile is private; id = 489186011
Error: error_code = 15; Access denied: user deactivated; id = 185612368
Error: error_code = 30; This profile is private; id = 263243894
Error: error_code = 30; This profile is private; id = 247030249
Error: error_code = 30; This profile is private; id = 315264002
Error: error_code = 15; Access denied: user deactivated; id = 186883292
Error: error_code = 15; Access denied: user deactivated; id = 409241561
Error: error_code = 30; This profile is private; id = 500225637
Error: error_code = 30; This profile is private; id = 658840357
Error: error_code = 30; This profile is private; id = 14140726
Error: error_code = 30; This profile is private; id = 645256598
Error: error_code = 30; This profile is private; id = 586464071
Error: error_code = 30; This profile is private; id = 685429516
Error: error_code = 30; This profile is private; id = 187086495
Error: error_code = 30; This profile is private; id = 210696028
Error: error_code = 30; This profile is private; id = 238459432
Error: error_code = 30; This profile is private; id = 182285219
Error: error_code = 30; This profile is private; id = 586790872
Error: error_code = 15; Access denied: user deactivated; id = 248002089
Error: error_code = 30; This profile is private; id = 10776376
Error: error_code = 30; This profile is private; id = 548723690
Error: error_code = 30; This profile is private; id = 543262546
Error: error_code = 30; This profile is private; id = 342989612
Error: error_code = 30; This profile is private; id = 139243821
Error: error_code = 30; This profile is private; id = 585632195
Error: error_code = 15; Access denied: user deactivated; id = 11108267
Error: error_code = 30; This profile is private; id = 13058696
Error: error_code = 30; This profile is private; id = 276385170
Error: error_code = 30; This profile is private; id = 100795138
Error: error_code = 30; This profile is private; id = 78231820
Error: error_code = 15; Access denied: user deactivated; id = 186552188
Error: error_code = 30; This profile is private; id = 159911278
Error: error_code = 30; This profile is private; id = 233604233
Error: error_code = 15; Access denied: user deactivated; id = 262069605
Error: error_code = 30; This profile is private; id = 376333883
Error: error_code = 30; This profile is private; id = 572430773
Error: error_code = 15; Access denied: user deactivated; id = 571655617
Error: error_code = 30; This profile is private; id = 311815255
Error: error_code = 30; This profile is private; id = 161363627
Error: error_code = 30; This profile is private; id = 54375283
Error: error_code = 15; Access denied: user deactivated; id = 440256911
Error: error_code = 30; This profile is private; id = 296300909
Error: error_code = 30; This profile is private; id = 506015298
Error: error_code = 30; This profile is private; id = 561201426
Error: error_code = 30; This profile is private; id = 467746
Error: error_code = 30; This profile is private; id = 465390603
Error: error_code = 30; This profile is private; id = 170984965
Error: error_code = 15; Access denied: user deactivated; id = 702405077
Error: error_code = 30; This profile is private; id = 12815040
Error: error_code = 30; This profile is private; id = 675477147
Error: error_code = 15; Access denied: user deactivated; id = 211850842
Error: error_code = 15; Access denied: user deactivated; id = 510364201
Error: error_code = 30; This profile is private; id = 403535516
Error: error_code = 30; This profile is private; id = 555228779
Error: error_code = 30; This profile is private; id = 310660072
Error: error_code = 30; This profile is private; id = 51673748
Error: error_code = 30; This profile is private; id = 711885471
Error: error_code = 30; This profile is private; id = 169938477
Error: error_code = 30; This profile is private; id = 6852051
Error: error_code = 30; This profile is private; id = 337315749
Error: error_code = 15; Access denied: user deactivated; id = 158727778
Error: error_code = 30; This profile is private; id = 551046397
Error: error_code = 30; This profile is private; id = 611200859
Error: error_code = 30; This profile is private; id = 18586336
Error: error_code = 30; This profile is private; id = 56019333
Error: error_code = 15; Access denied: user deactivated; id = 121182464
Error: error_code = 30; This profile is private; id = 698730108
Error: error_code = 15; Access denied: user deactivated; id = 151868912
Error: error_code = 30; This profile is private; id = 338490620
Error: error_code = 30; This profile is private; id = 555719228
Error: error_code = 30; This profile is private; id = 589829491
Error: error_code = 15; Access denied: user deactivated; id = 83050817
Error: error_code = 30; This profile is private; id = 706833368
Error: error_code = 30; This profile is private; id = 346046255
Error: error_code = 15; Access denied: user deactivated; id = 305235908
Error: error_code = 30; This profile is private; id = 219565258
Error: error_code = 30; This profile is private; id = 355165353
Error: error_code = 30; This profile is private; id = 390559055
Error: error_code = 15; Access denied: user deactivated; id = 386347657
Error: error_code = 30; This profile is private; id = 242853069
Error: error_code = 30; This profile is private; id = 512759805
Error: error_code = 30; This profile is private; id = 530983282
Error: error_code = 15; Access denied: user deactivated; id = 50328390
Error: error_code = 30; This profile is private; id = 140937943
Error: error_code = 30; This profile is private; id = 307350245
Error: error_code = 30; This profile is private; id = 455430757
Error: error_code = 30; This profile is private; id = 555643888
Error: error_code = 30; This profile is private; id = 489517805
Error: error_code = 30; This profile is private; id = 90151158
Error: error_code = 15; Access denied: user deactivated; id = 282597589
Error: error_code = 15; Access denied: user deactivated; id = 698024432
Error: error_code = 30; This profile is private; id = 526558420
Error: error_code = 15; Access denied: user deactivated; id = 426070370
Error: error_code = 30; This profile is private; id = 615864423
Error: error_code = 30; This profile is private; id = 535785282
Error: error_code = 15; Access denied: user deactivated; id = 315303086
Error: error_code = 30; This profile is private; id = 187351927
Error: error_code = 30; This profile is private; id = 223088774
Error: error_code = 15; Access denied: user deactivated; id = 156593669
Error: error_code = 30; This profile is private; id = 682800987
Error: error_code = 15; Access denied: user deactivated; id = 26501381
Error: error_code = 30; This profile is private; id = 452429970
Error: error_code = 30; This profile is private; id = 230310910
Error: error_code = 15; Access denied: user deactivated; id = 526384909
Error: error_code = 30; This profile is private; id = 9598145
Error: error_code = 30; This profile is private; id = 131348765
Error: error_code = 15; Access denied: user deactivated; id = 674535299
Error: error_code = 30; This profile is private; id = 64328524
Error: error_code = 15; Access denied: user deactivated; id = 702933856
Error: error_code = 30; This profile is private; id = 151785980
Error: error_code = 30; This profile is private; id = 329920011
Error: error_code = 15; Access denied: user deactivated; id = 189907132
Error: error_code = 30; This profile is private; id = 35270975
Error: error_code = 15; Access denied: user deactivated; id = 532869243
Error: error_code = 30; This profile is private; id = 709132589
Error: error_code = 30; This profile is private; id = 568140450
Error: error_code = 30; This profile is private; id = 313572926
Error: error_code = 15; Access denied: user deactivated; id = 201272258
Error: error_code = 15; Access denied: user deactivated; id = 401277700
Error: error_code = 30; This profile is private; id = 581767099
Error: error_code = 30; This profile is private; id = 386945979
Error: error_code = 30; This profile is private; id = 360707489
Error: error_code = 15; Access denied: user deactivated; id = 213121381
Error: error_code = 15; Access denied: user deactivated; id = 332657665
Error: error_code = 30; This profile is private; id = 27600626
Error: error_code = 15; Access denied: user deactivated; id = 414960305
Error: error_code = 15; Access denied: user deactivated; id = 397917433
Error: error_code = 15; Access denied: user deactivated; id = 390718063
Error: error_code = 15; Access denied: user deactivated; id = 326160494
Error: error_code = 30; This profile is private; id = 343008639
Error: error_code = 30; This profile is private; id = 469524010
Error: error_code = 30; This profile is private; id = 202127157
Error: error_code = 15; Access denied: user deactivated; id = 159555893
Error: error_code = 30; This profile is private; id = 248036637
Error: error_code = 30; This profile is private; id = 350824947
Error: error_code = 15; Access denied: user deactivated; id = 167945544
Error: error_code = 15; Access denied: user deactivated; id = 414676386
Error: error_code = 15; Access denied: user deactivated; id = 525337979
Error: error_code = 15; Access denied: user deactivated; id = 349031973
Error: error_code = 30; This profile is private; id = 552335938
Error: error_code = 30; This profile is private; id = 583206727
Error: error_code = 30; This profile is private; id = 668869963
Error: error_code = 15; Access denied: user deactivated; id = 704685286
Error: error_code = 30; This profile is private; id = 336998142
Error: error_code = 30; This profile is private; id = 300118233
Error: error_code = 15; Access denied: user deactivated; id = 570872541
Error: error_code = 15; Access denied: user deactivated; id = 96392688
Error: error_code = 15; Access denied: user deactivated; id = 608931367
Error: error_code = 15; Access denied: user deactivated; id = 255017102
Error: error_code = 30; This profile is private; id = 373462540
Error: error_code = 15; Access denied: user deactivated; id = 197020355
Error: error_code = 15; Access denied: user deactivated; id = 291066995
Error: error_code = 30; This profile is private; id = 404641058
Error: error_code = 30; This profile is private; id = 152034697
Error: error_code = 15; Access denied: user deactivated; id = 661455126
Error: error_code = 30; This profile is private; id = 246882773
Error: error_code = 30; This profile is private; id = 443783863
Error: error_code = 30; This profile is private; id = 455920153
Error: error_code = 15; Access denied: user deactivated; id = 540091105
Error: error_code = 30; This profile is private; id = 175591543
Error: error_code = 30; This profile is private; id = 624640836
Error: error_code = 30; This profile is private; id = 140545858
Error: error_code = 30; This profile is private; id = 215374962
Error: error_code = 30; This profile is private; id = 378429097
Error: error_code = 30; This profile is private; id = 602282740
Error: error_code = 30; This profile is private; id = 74131408
Error: error_code = 30; This profile is private; id = 703726311
Error: error_code = 15; Access denied: user deactivated; id = 79114972
Error: error_code = 30; This profile is private; id = 117077658
Error: error_code = 30; This profile is private; id = 9679246
Error: error_code = 30; This profile is private; id = 495381831
Error: error_code = 15; Access denied: user deactivated; id = 225674299
Error: error_code = 15; Access denied: user deactivated; id = 425832528
Error: error_code = 30; This profile is private; id = 405221115
Error: error_code = 30; This profile is private; id = 506693189
Error: error_code = 30; This profile is private; id = 257902125
Error: error_code = 15; Access denied: user deactivated; id = 436387856
Error: error_code = 30; This profile is private; id = 551151352
Error: error_code = 30; This profile is private; id = 606936599
Error: error_code = 15; Access denied: user deactivated; id = 574599852
Error: error_code = 15; Access denied: user deactivated; id = 208349258
Error: error_code = 30; This profile is private; id = 628166451
Error: error_code = 15; Access denied: user deactivated; id = 464588323
Error: error_code = 15; Access denied: user deactivated; id = 361716954
Error: error_code = 30; This profile is private; id = 135855731
Error: error_code = 30; This profile is private; id = 714903716
Error: error_code = 15; Access denied: user deactivated; id = 124478452
Error: error_code = 15; Access denied: user deactivated; id = 69348339
Error: error_code = 30; This profile is private; id = 553130215
Error: error_code = 30; This profile is private; id = 715277204
Error: error_code = 30; This profile is private; id = 338788953
Error: error_code = 30; This profile is private; id = 3607828
Error: error_code = 30; This profile is private; id = 63119389
Error: error_code = 30; This profile is private; id = 456386363
Error: error_code = 15; Access denied: user deactivated; id = 65150561
Error: error_code = 30; This profile is private; id = 287046240
Error: error_code = 15; Access denied: user deactivated; id = 402099452
Error: error_code = 15; Access denied: user deactivated; id = 348048637
Error: error_code = 30; This profile is private; id = 606718855
Error: error_code = 30; This profile is private; id = 4770093
Error: error_code = 30; This profile is private; id = 195403313
Error: error_code = 30; This profile is private; id = 474518043
Error: error_code = 15; Access denied: user deactivated; id = 60654180
Error: error_code = 15; Access denied: user deactivated; id = 189517999
Error: error_code = 30; This profile is private; id = 866929
Error: error_code = 15; Access denied: user deactivated; id = 455871173
Error: error_code = 30; This profile is private; id = 3877877
Error: error_code = 30; This profile is private; id = 141280929
Error: error_code = 30; This profile is private; id = 82079828
Error: error_code = 30; This profile is private; id = 183020185
Error: error_code = 30; This profile is private; id = 78709887
Error: error_code = 15; Access denied: user deactivated; id = 96623270
Error: error_code = 15; Access denied: user deactivated; id = 140875292
Error: error_code = 15; Access denied: user deactivated; id = 311501927
Error: error_code = 15; Access denied: user deactivated; id = 335762618
Error: error_code = 15; Access denied: user deactivated; id = 220024972
Error: error_code = 30; This profile is private; id = 310859744
Error: error_code = 30; This profile is private; id = 5977891
Error: error_code = 30; This profile is private; id = 654883460
Error: error_code = 30; This profile is private; id = 175538708
Error: error_code = 15; Access denied: user deactivated; id = 470346060
Error: error_code = 30; This profile is private; id = 564912811
Error: error_code = 30; This profile is private; id = 159780370
Error: error_code = 30; This profile is private; id = 545816205
Error: error_code = 30; This profile is private; id = 141422554
Error: error_code = 30; This profile is private; id = 399588548
Error: error_code = 15; Access denied: user deactivated; id = 203123162
Error: error_code = 30; This profile is private; id = 386188729
Error: error_code = 15; Access denied: user deactivated; id = 402829318
Error: error_code = 15; Access denied: user deactivated; id = 128830104
Error: error_code = 30; This profile is private; id = 14670395
Error: error_code = 15; Access denied: user deactivated; id = 140040878
Error: error_code = 30; This profile is private; id = 176877128
Error: error_code = 15; Access denied: user deactivated; id = 261262118
Error: error_code = 15; Access denied: user deactivated; id = 33532854
Error: error_code = 15; Access denied: user deactivated; id = 137339018
Error: error_code = 15; Access denied: user deactivated; id = 183353555
Error: error_code = 30; This profile is private; id = 652042467
Error: error_code = 15; Access denied: user deactivated; id = 479941205
Error: error_code = 15; Access denied: user deactivated; id = 347406160
Error: error_code = 30; This profile is private; id = 88324918
Error: error_code = 15; Access denied: user deactivated; id = 265075904
Error: error_code = 30; This profile is private; id = 540990404
Error: error_code = 30; This profile is private; id = 143272458
Error: error_code = 30; This profile is private; id = 16531496
Error: error_code = 30; This profile is private; id = 611229465
Error: error_code = 15; Access denied: user deactivated; id = 421082291
Error: error_code = 30; This profile is private; id = 399773252
Error: error_code = 30; This profile is private; id = 244468939
Error: error_code = 30; This profile is private; id = 193703846
Error: error_code = 30; This profile is private; id = 10161496
Error: error_code = 30; This profile is private; id = 630356112
Error: error_code = 15; Access denied: user deactivated; id = 535489065
Error: error_code = 15; Access denied: user deactivated; id = 497442504
Error: error_code = 30; This profile is private; id = 5852861
Error: error_code = 30; This profile is private; id = 34794947
Error: error_code = 30; This profile is private; id = 260199771
Error: error_code = 30; This profile is private; id = 147200878
Error: error_code = 30; This profile is private; id = 39187991
Error: error_code = 30; This profile is private; id = 385007154
Error: error_code = 30; This profile is private; id = 137482230
Error: error_code = 30; This profile is private; id = 321565579
Error: error_code = 30; This profile is private; id = 687632650
Error: error_code = 30; This profile is private; id = 487846885
Error: error_code = 30; This profile is private; id = 458537815
Error: error_code = 30; This profile is private; id = 219709669
Error: error_code = 15; Access denied: user deactivated; id = 373759312
Error: error_code = 30; This profile is private; id = 510287252
Error: error_code = 15; Access denied: user deactivated; id = 530605154
Error: error_code = 30; This profile is private; id = 616898824
Error: error_code = 30; This profile is private; id = 543184283
Error: error_code = 15; Access denied: user deactivated; id = 410174085
Error: error_code = 30; This profile is private; id = 140587548
Error: error_code = 30; This profile is private; id = 448943717
Error: error_code = 15; Access denied: user deactivated; id = 627450552
Error: error_code = 30; This profile is private; id = 21636029
Error: error_code = 15; Access denied: user deactivated; id = 220271792
Error: error_code = 30; This profile is private; id = 10662296
Error: error_code = 30; This profile is private; id = 520767695
Error: error_code = 30; This profile is private; id = 227479266
Error: error_code = 15; Access denied: user deactivated; id = 441350660
Error: error_code = 30; This profile is private; id = 82904011
Error: error_code = 30; This profile is private; id = 204609874
Error: error_code = 30; This profile is private; id = 157469127
Error: error_code = 30; This profile is private; id = 100560393
Error: error_code = 15; Access denied: user deactivated; id = 366024740
Error: error_code = 30; This profile is private; id = 692045291
Error: error_code = 15; Access denied: user deactivated; id = 412969577
Error: error_code = 15; Access denied: user deactivated; id = 515522876
Error: error_code = 30; This profile is private; id = 538374874
Error: error_code = 15; Access denied: user deactivated; id = 683404997
Error: error_code = 15; Access denied: user deactivated; id = 308233085
Error: error_code = 15; Access denied: user deactivated; id = 320948785
Error: error_code = 30; This profile is private; id = 398624174
Error: error_code = 15; Access denied: user deactivated; id = 332424792
Error: error_code = 30; This profile is private; id = 457691230
Error: error_code = 30; This profile is private; id = 282042863
Error: error_code = 30; This profile is private; id = 400405965
Error: error_code = 30; This profile is private; id = 212718198
Error: error_code = 15; Access denied: user deactivated; id = 404817543
Error: error_code = 15; Access denied: user deactivated; id = 178204338
Error: error_code = 30; This profile is private; id = 448392399
Error: error_code = 15; Access denied: user deactivated; id = 218628727
Error: error_code = 30; This profile is private; id = 672466191
Error: error_code = 15; Access denied: user deactivated; id = 538782350
Error: error_code = 30; This profile is private; id = 135399176
Error: error_code = 30; This profile is private; id = 236057742
Error: error_code = 15; Access denied: user deactivated; id = 36830923
Error: error_code = 30; This profile is private; id = 180274271
Error: error_code = 15; Access denied: user deactivated; id = 477302374
Error: error_code = 15; Access denied: user deactivated; id = 359648949
Error: error_code = 30; This profile is private; id = 54856306
Error: error_code = 30; This profile is private; id = 65667553
Error: error_code = 30; This profile is private; id = 611289566
Error: error_code = 30; This profile is private; id = 9690931
Error: error_code = 30; This profile is private; id = 101001943
Error: error_code = 15; Access denied: user deactivated; id = 55261969
Error: error_code = 30; This profile is private; id = 78122750
Error: error_code = 30; This profile is private; id = 133451502
Error: error_code = 30; This profile is private; id = 198501824
Error: error_code = 30; This profile is private; id = 146308164
Error: error_code = 30; This profile is private; id = 256298216
Error: error_code = 15; Access denied: user deactivated; id = 481478481
Error: error_code = 30; This profile is private; id = 5897105
Error: error_code = 30; This profile is private; id = 190233149
Error: error_code = 15; Access denied: user deactivated; id = 134372844
Error: error_code = 15; Access denied: user deactivated; id = 290334907
Error: error_code = 30; This profile is private; id = 505295852
Error: error_code = 30; This profile is private; id = 250333209
Error: error_code = 30; This profile is private; id = 63453581
Error: error_code = 30; This profile is private; id = 521948777
Error: error_code = 30; This profile is private; id = 80951008
Error: error_code = 30; This profile is private; id = 484017761
Error: error_code = 30; This profile is private; id = 559860235
Error: error_code = 30; This profile is private; id = 213786002
Error: error_code = 30; This profile is private; id = 685476957
Error: error_code = 15; Access denied: user deactivated; id = 715176304
Error: error_code = 15; Access denied: user deactivated; id = 395257299
Error: error_code = 30; This profile is private; id = 106134623
Error: error_code = 30; This profile is private; id = 212857104
Error: error_code = 15; Access denied: user deactivated; id = 168607671
Error: error_code = 30; This profile is private; id = 366336245
Error: error_code = 30; This profile is private; id = 418202227
Error: error_code = 30; This profile is private; id = 7659759
Error: error_code = 30; This profile is private; id = 601607065
Error: error_code = 30; This profile is private; id = 6454210
Error: error_code = 15; Access denied: user deactivated; id = 469717495
Error: error_code = 30; This profile is private; id = 30547368
Error: error_code = 15; Access denied: user deactivated; id = 225491820
Error: error_code = 15; Access denied: user deactivated; id = 388206001
Error: error_code = 30; This profile is private; id = 310674053
Error: error_code = 30; This profile is private; id = 106460166
Error: error_code = 15; Access denied: user deactivated; id = 180581841
Error: error_code = 30; This profile is private; id = 340488907
Error: error_code = 30; This profile is private; id = 602282067
Error: error_code = 30; This profile is private; id = 80538803
Error: error_code = 30; This profile is private; id = 602287237
Error: error_code = 15; Access denied: user deactivated; id = 567803242
Error: error_code = 30; This profile is private; id = 17721299
Error: error_code = 30; This profile is private; id = 590502537
Error: error_code = 15; Access denied: user deactivated; id = 412838503
Error: error_code = 15; Access denied: user deactivated; id = 437712573
Error: error_code = 30; This profile is private; id = 58542038
Error: error_code = 30; This profile is private; id = 22524528
Error: error_code = 30; This profile is private; id = 382543982
Error: error_code = 30; This profile is private; id = 467902084
Error: error_code = 30; This profile is private; id = 290693415
Error: error_code = 30; This profile is private; id = 54719490
Error: error_code = 15; Access denied: user deactivated; id = 542778479
Error: error_code = 15; Access denied: user deactivated; id = 351307131
Error: error_code = 30; This profile is private; id = 130736535
Error: error_code = 30; This profile is private; id = 268633886
Error: error_code = 30; This profile is private; id = 191021904
Error: error_code = 30; This profile is private; id = 514859593
Error: error_code = 30; This profile is private; id = 579096644
Error: error_code = 15; Access denied: user deactivated; id = 418007696
Error: error_code = 30; This profile is private; id = 26695426
Error: error_code = 30; This profile is private; id = 208243766
Error: error_code = 30; This profile is private; id = 334615696
Error: error_code = 30; This profile is private; id = 51174124
Error: error_code = 30; This profile is private; id = 642299765
Error: error_code = 30; This profile is private; id = 69329728
Error: error_code = 15; Access denied: user deactivated; id = 543601109
Error: error_code = 15; Access denied: user deactivated; id = 171814098
Error: error_code = 15; Access denied: user deactivated; id = 637561606
Error: error_code = 15; Access denied: user deactivated; id = 52360065
Error: error_code = 30; This profile is private; id = 17275
Error: error_code = 30; This profile is private; id = 29365813
Error: error_code = 30; This profile is private; id = 182972690
Error: error_code = 15; Access denied: user deactivated; id = 668701705
Error: error_code = 15; Access denied: user deactivated; id = 227891564
Error: error_code = 15; Access denied: user deactivated; id = 592120947
Error: error_code = 30; This profile is private; id = 315021775
Error: error_code = 15; Access denied: user deactivated; id = 192954072
Error: error_code = 30; This profile is private; id = 551097091
Error: error_code = 30; This profile is private; id = 333663771
Error: error_code = 30; This profile is private; id = 653384863
Error: error_code = 30; This profile is private; id = 442423857
Error: error_code = 30; This profile is private; id = 32720362
Error: error_code = 30; This profile is private; id = 379885666
Error: error_code = 15; Access denied: user deactivated; id = 273628006
Error: error_code = 15; Access denied: user deactivated; id = 162255407
Error: error_code = 15; Access denied: user deactivated; id = 443689788
Error: error_code = 30; This profile is private; id = 74906388
Error: error_code = 30; This profile is private; id = 543507658
Error: error_code = 15; Access denied: user deactivated; id = 453962357
Error: error_code = 30; This profile is private; id = 616226780
Error: error_code = 30; This profile is private; id = 263316569
Error: error_code = 15; Access denied: user deactivated; id = 687003393
Error: error_code = 15; Access denied: user deactivated; id = 11488866
Error: error_code = 30; This profile is private; id = 316075996
Error: error_code = 30; This profile is private; id = 164766049
Error: error_code = 30; This profile is private; id = 227843468
Error: error_code = 15; Access denied: user deactivated; id = 431891006
Error: error_code = 30; This profile is private; id = 555304712
Error: error_code = 30; This profile is private; id = 96593246
Error: error_code = 30; This profile is private; id = 377278753
Error: error_code = 30; This profile is private; id = 69282188
Error: error_code = 15; Access denied: user deactivated; id = 230266011
Error: error_code = 30; This profile is private; id = 333226298
Error: error_code = 30; This profile is private; id = 638317128
Error: error_code = 30; This profile is private; id = 299946131
Error: error_code = 30; This profile is private; id = 459198951
Error: error_code = 30; This profile is private; id = 565117336
Error: error_code = 30; This profile is private; id = 615366417
Error: error_code = 15; Access denied: user deactivated; id = 247922217
Error: error_code = 30; This profile is private; id = 647986213
Error: error_code = 30; This profile is private; id = 204396632
Error: error_code = 15; Access denied: user deactivated; id = 121099631
Error: error_code = 30; This profile is private; id = 89865689
Error: error_code = 30; This profile is private; id = 576660359
Error: error_code = 30; This profile is private; id = 427708412
Error: error_code = 30; This profile is private; id = 1561548
Error: error_code = 30; This profile is private; id = 18096476
Error: error_code = 30; This profile is private; id = 141175059
Error: error_code = 30; This profile is private; id = 688589424
Error: error_code = 30; This profile is private; id = 363064734
Error: error_code = 30; This profile is private; id = 319292309
Error: error_code = 30; This profile is private; id = 441180936
Error: error_code = 30; This profile is private; id = 10717341
Error: error_code = 15; Access denied: user deactivated; id = 158400246
Error: error_code = 15; Access denied: user deactivated; id = 76760313
Error: error_code = 30; This profile is private; id = 537088777
Error: error_code = 30; This profile is private; id = 543141986
Error: error_code = 30; This profile is private; id = 9010864
Error: error_code = 30; This profile is private; id = 194503823
Error: error_code = 30; This profile is private; id = 154022145
Error: error_code = 30; This profile is private; id = 69397630
Error: error_code = 30; This profile is private; id = 709235051
Error: error_code = 15; Access denied: user deactivated; id = 527726934
Error: error_code = 15; Access denied: user deactivated; id = 396396052
Error: error_code = 30; This profile is private; id = 545366188
Error: error_code = 30; This profile is private; id = 139628286
Error: error_code = 30; This profile is private; id = 236240952
Error: error_code = 15; Access denied: user deactivated; id = 414604787
Error: error_code = 30; This profile is private; id = 641857237
Error: error_code = 30; This profile is private; id = 698948724
Error: error_code = 30; This profile is private; id = 219796083
Error: error_code = 15; Access denied: user deactivated; id = 429832682
Error: error_code = 30; This profile is private; id = 182965963
Error: error_code = 30; This profile is private; id = 281440075
Error: error_code = 30; This profile is private; id = 585736502
Error: error_code = 30; This profile is private; id = 349085357
Error: error_code = 15; Access denied: user deactivated; id = 208140870
Error: error_code = 15; Access denied: user deactivated; id = 447169096
Error: error_code = 30; This profile is private; id = 35071806
Error: error_code = 30; This profile is private; id = 77323660
Error: error_code = 30; This profile is private; id = 2328202
Error: error_code = 30; This profile is private; id = 4401168
Error: error_code = 30; This profile is private; id = 107005042
Error: error_code = 30; This profile is private; id = 24418302
Error: error_code = 30; This profile is private; id = 396533590
Error: error_code = 15; Access denied: user deactivated; id = 603580487
Error: error_code = 30; This profile is private; id = 352231269
Error: error_code = 30; This profile is private; id = 605977614
Error: error_code = 15; Access denied: user deactivated; id = 253889847
Error: error_code = 30; This profile is private; id = 59967243
Error: error_code = 30; This profile is private; id = 200056759
Error: error_code = 30; This profile is private; id = 581338886
Error: error_code = 15; Access denied: user deactivated; id = 485676503
Error: error_code = 30; This profile is private; id = 710472511
Error: error_code = 30; This profile is private; id = 691435165
Error: error_code = 15; Access denied: user deactivated; id = 18099706
Error: error_code = 30; This profile is private; id = 290065313
Error: error_code = 30; This profile is private; id = 268368783
Error: error_code = 30; This profile is private; id = 618438588
Error: error_code = 15; Access denied: user deactivated; id = 403182580
Error: error_code = 30; This profile is private; id = 474454076
Error: error_code = 30; This profile is private; id = 684485069
Error: error_code = 30; This profile is private; id = 707807470
Error: error_code = 30; This profile is private; id = 83915950
Error: error_code = 30; This profile is private; id = 34635175
Error: error_code = 15; Access denied: user deactivated; id = 536482625
Error: error_code = 15; Access denied: user deactivated; id = 695963733
Error: error_code = 30; This profile is private; id = 14659087
Error: error_code = 30; This profile is private; id = 582140735
Error: error_code = 30; This profile is private; id = 193642950
Error: error_code = 15; Access denied: user deactivated; id = 282806565
Error: error_code = 30; This profile is private; id = 616588931
Error: error_code = 15; Access denied: user deactivated; id = 670188287
Error: error_code = 15; Access denied: user deactivated; id = 216891239
Error: error_code = 30; This profile is private; id = 133839448
Error: error_code = 15; Access denied: user deactivated; id = 498389947
Error: error_code = 30; This profile is private; id = 686063218
Error: error_code = 30; This profile is private; id = 580788158
Error: error_code = 15; Access denied: user deactivated; id = 158656674
Error: error_code = 30; This profile is private; id = 560246643
Error: error_code = 30; This profile is private; id = 14511009
Error: error_code = 30; This profile is private; id = 221553431
Error: error_code = 30; This profile is private; id = 160821229
Error: error_code = 30; This profile is private; id = 84820
Error: error_code = 30; This profile is private; id = 382986664
Error: error_code = 30; This profile is private; id = 159200676
Error: error_code = 15; Access denied: user deactivated; id = 430247224
Error: error_code = 30; This profile is private; id = 574386578
Error: error_code = 30; This profile is private; id = 88084245
Error: error_code = 15; Access denied: user deactivated; id = 345050576
Error: error_code = 30; This profile is private; id = 19719971
Error: error_code = 30; This profile is private; id = 616874662
Error: error_code = 30; This profile is private; id = 472092062
Error: error_code = 30; This profile is private; id = 179326535
Error: error_code = 15; Access denied: user deactivated; id = 604634572
Error: error_code = 30; This profile is private; id = 617630688
Error: error_code = 30; This profile is private; id = 170436484
Error: error_code = 30; This profile is private; id = 118266191
Error: error_code = 15; Access denied: user deactivated; id = 176272909
Error: error_code = 30; This profile is private; id = 339446435
Error: error_code = 30; This profile is private; id = 295972402
Error: error_code = 30; This profile is private; id = 41012865
Error: error_code = 15; Access denied: user deactivated; id = 638638896
Error: error_code = 30; This profile is private; id = 209940714
Error: error_code = 30; This profile is private; id = 715075751
Error: error_code = 15; Access denied: user deactivated; id = 301752258
Error: error_code = 30; This profile is private; id = 412858804
Error: error_code = 15; Access denied: user deactivated; id = 355870774
Error: error_code = 30; This profile is private; id = 616760184
Error: error_code = 15; Access denied: user deactivated; id = 533354624
Error: error_code = 30; This profile is private; id = 122321979
Error: error_code = 30; This profile is private; id = 291699777
Error: error_code = 30; This profile is private; id = 618122580
Error: error_code = 15; Access denied: user deactivated; id = 259574243
Error: error_code = 30; This profile is private; id = 659602699
Error: error_code = 30; This profile is private; id = 165133549
Error: error_code = 30; This profile is private; id = 491292265
Error: error_code = 30; This profile is private; id = 441904682
Error: error_code = 30; This profile is private; id = 629810664
Error: error_code = 15; Access denied: user deactivated; id = 365920837
Error: error_code = 30; This profile is private; id = 249955236
Error: error_code = 30; This profile is private; id = 578998418
Error: error_code = 30; This profile is private; id = 138708380
Error: error_code = 30; This profile is private; id = 161990221
Error: error_code = 15; Access denied: user deactivated; id = 358797303
Error: error_code = 30; This profile is private; id = 8196050
Error: error_code = 15; Access denied: user deactivated; id = 23888996
Error: error_code = 30; This profile is private; id = 520613485
Error: error_code = 30; This profile is private; id = 595298787
Error: error_code = 30; This profile is private; id = 345885340
Error: error_code = 30; This profile is private; id = 395049896
Error: error_code = 30; This profile is private; id = 344426439
Error: error_code = 30; This profile is private; id = 592717678
Error: error_code = 15; Access denied: user deactivated; id = 371163605
Error: error_code = 15; Access denied: user deactivated; id = 432624693
Error: error_code = 30; This profile is private; id = 470016736
Error: error_code = 30; This profile is private; id = 591907932
Error: error_code = 30; This profile is private; id = 607600596
Error: error_code = 30; This profile is private; id = 174702638
Error: error_code = 30; This profile is private; id = 316580578
Error: error_code = 30; This profile is private; id = 657429893
Error: error_code = 30; This profile is private; id = 364562263
Error: error_code = 15; Access denied: user deactivated; id = 281734677
Error: error_code = 30; This profile is private; id = 17219466
Error: error_code = 30; This profile is private; id = 52273645
Error: error_code = 30; This profile is private; id = 660583625
Error: error_code = 30; This profile is private; id = 366114361
Error: error_code = 30; This profile is private; id = 75985761
Error: error_code = 15; Access denied: user deactivated; id = 410827573
Error: error_code = 30; This profile is private; id = 301362305
Error: error_code = 30; This profile is private; id = 485337766
Error: error_code = 30; This profile is private; id = 366953147
Error: error_code = 15; Access denied: user deactivated; id = 358323350
Error: error_code = 15; Access denied: user deactivated; id = 265846950
Error: error_code = 15; Access denied: user deactivated; id = 351358648
Error: error_code = 15; Access denied: user deactivated; id = 543441440
Error: error_code = 30; This profile is private; id = 65791998
Error: error_code = 30; This profile is private; id = 472178551
Error: error_code = 15; Access denied: user deactivated; id = 527960174
Error: error_code = 30; This profile is private; id = 360798892
Error: error_code = 15; Access denied: user deactivated; id = 557161369
Error: error_code = 30; This profile is private; id = 471985418
Error: error_code = 30; This profile is private; id = 637341893
Error: error_code = 30; This profile is private; id = 540333590
Error: error_code = 30; This profile is private; id = 448359056
Error: error_code = 30; This profile is private; id = 76216462
Error: error_code = 30; This profile is private; id = 502257013
Error: error_code = 30; This profile is private; id = 687120437
Error: error_code = 30; This profile is private; id = 324818950
Error: error_code = 30; This profile is private; id = 693186160
Error: error_code = 30; This profile is private; id = 242859066
Error: error_code = 15; Access denied: user deactivated; id = 338531442
Error: error_code = 30; This profile is private; id = 473456525
Error: error_code = 30; This profile is private; id = 677726968
Error: error_code = 30; This profile is private; id = 252176939
Error: error_code = 15; Access denied: user deactivated; id = 547701210
Error: error_code = 30; This profile is private; id = 682910099
Error: error_code = 30; This profile is private; id = 133326136
Error: error_code = 30; This profile is private; id = 4524868
Error: error_code = 30; This profile is private; id = 593908503
Error: error_code = 30; This profile is private; id = 29158455
Error: error_code = 30; This profile is private; id = 492670239
Error: error_code = 30; This profile is private; id = 163785875
Error: error_code = 30; This profile is private; id = 180982379
Error: error_code = 30; This profile is private; id = 71528407
Error: error_code = 30; This profile is private; id = 5693137
Error: error_code = 30; This profile is private; id = 154595536
Error: error_code = 30; This profile is private; id = 264001033
Error: error_code = 30; This profile is private; id = 387818408
Error: error_code = 15; Access denied: user deactivated; id = 369081365
Error: error_code = 15; Access denied: user deactivated; id = 66445769
Error: error_code = 15; Access denied: user deactivated; id = 606003264
Error: error_code = 30; This profile is private; id = 351330726
Error: error_code = 15; Access denied: user deactivated; id = 366263512
Error: error_code = 15; Access denied: user deactivated; id = 535824652
Error: error_code = 30; This profile is private; id = 104449759
Error: error_code = 30; This profile is private; id = 532542082
Error: error_code = 30; This profile is private; id = 471010432
Error: error_code = 30; This profile is private; id = 335109165
Error: error_code = 30; This profile is private; id = 9909617
Error: error_code = 30; This profile is private; id = 541611222
Error: error_code = 30; This profile is private; id = 585211007
Error: error_code = 15; Access denied: user deactivated; id = 700376653
Error: error_code = 30; This profile is private; id = 218473491
Error: error_code = 15; Access denied: user deactivated; id = 248713944
Error: error_code = 30; This profile is private; id = 614228961
Error: error_code = 30; This profile is private; id = 718485556
Error: error_code = 30; This profile is private; id = 136136153
Error: error_code = 30; This profile is private; id = 361297328
Error: error_code = 30; This profile is private; id = 685744179
Error: error_code = 30; This profile is private; id = 519000833
Error: error_code = 30; This profile is private; id = 586512833
Error: error_code = 15; Access denied: user deactivated; id = 167586139
Error: error_code = 30; This profile is private; id = 51805077
Error: error_code = 15; Access denied: user deactivated; id = 369141660
Error: error_code = 30; This profile is private; id = 514911309
Error: error_code = 30; This profile is private; id = 626504796
Error: error_code = 15; Access denied: user deactivated; id = 221401042
Error: error_code = 15; Access denied: user deactivated; id = 119438554
Error: error_code = 30; This profile is private; id = 247028356
Error: error_code = 30; This profile is private; id = 703070012
Error: error_code = 30; This profile is private; id = 590938167
Error: error_code = 15; Access denied: user deactivated; id = 64099594
Error: error_code = 15; Access denied: user deactivated; id = 462132753
Error: error_code = 30; This profile is private; id = 267584285
Error: error_code = 15; Access denied: user deactivated; id = 419901260
Error: error_code = 30; This profile is private; id = 37884162
Error: error_code = 15; Access denied: user deactivated; id = 16639216
Error: error_code = 15; Access denied: user deactivated; id = 365531924
Error: error_code = 15; Access denied: user deactivated; id = 324578063
Error: error_code = 15; Access denied: user deactivated; id = 366092292
Error: error_code = 15; Access denied: user deactivated; id = 714857889
Error: error_code = 30; This profile is private; id = 484311297
Error: error_code = 30; This profile is private; id = 146216605
Error: error_code = 30; This profile is private; id = 270066264
Error: error_code = 15; Access denied: user deactivated; id = 81612191
Error: error_code = 15; Access denied: user deactivated; id = 94678072
Error: error_code = 30; This profile is private; id = 434244463
Error: error_code = 15; Access denied: user deactivated; id = 414459427
Error: error_code = 30; This profile is private; id = 308215699
Error: error_code = 30; This profile is private; id = 629793961
Error: error_code = 30; This profile is private; id = 85060509
Error: error_code = 30; This profile is private; id = 687069158
Error: error_code = 30; This profile is private; id = 615537861
Error: error_code = 15; Access denied: user deactivated; id = 514362123
Error: error_code = 15; Access denied: user deactivated; id = 150250811
Error: error_code = 15; Access denied: user deactivated; id = 384186914
Error: error_code = 30; This profile is private; id = 282519871
Error: error_code = 30; This profile is private; id = 616005808
Error: error_code = 30; This profile is private; id = 146951156
Error: error_code = 30; This profile is private; id = 17953622
Error: error_code = 30; This profile is private; id = 287259947
Error: error_code = 15; Access denied: user deactivated; id = 65422790
Error: error_code = 15; Access denied: user deactivated; id = 695150906
Error: error_code = 30; This profile is private; id = 620793827
Error: error_code = 15; Access denied: user deactivated; id = 116664550
Error: error_code = 30; This profile is private; id = 2610241
Error: error_code = 15; Access denied: user deactivated; id = 468319860
Error: error_code = 30; This profile is private; id = 163713568
Error: error_code = 30; This profile is private; id = 343637548
Error: error_code = 15; Access denied: user deactivated; id = 124422219
Error: error_code = 30; This profile is private; id = 510510169
Error: error_code = 15; Access denied: user deactivated; id = 205365722
Error: error_code = 30; This profile is private; id = 698561088
Error: error_code = 15; Access denied: user deactivated; id = 714872105
Error: error_code = 15; Access denied: user deactivated; id = 537216244
Error: error_code = 30; This profile is private; id = 569282163
Error: error_code = 30; This profile is private; id = 343131514
Error: error_code = 30; This profile is private; id = 459330728
Error: error_code = 30; This profile is private; id = 139856994
Error: error_code = 30; This profile is private; id = 574812798
Error: error_code = 30; This profile is private; id = 633045503
Error: error_code = 30; This profile is private; id = 288976388
Error: error_code = 30; This profile is private; id = 544294731
Error: error_code = 30; This profile is private; id = 694173792
Error: error_code = 30; This profile is private; id = 500968846
Error: error_code = 30; This profile is private; id = 400088710
Error: error_code = 30; This profile is private; id = 610429346
Error: error_code = 15; Access denied: user deactivated; id = 438769743
Error: error_code = 15; Access denied: user deactivated; id = 708085288
Error: error_code = 15; Access denied: user deactivated; id = 159065255
Error: error_code = 30; This profile is private; id = 83902938
Error: error_code = 30; This profile is private; id = 26670412
Error: error_code = 30; This profile is private; id = 626212772
Error: error_code = 30; This profile is private; id = 620906758
Error: error_code = 30; This profile is private; id = 489362117
Error: error_code = 30; This profile is private; id = 185893770
Error: error_code = 30; This profile is private; id = 457315427
Error: error_code = 30; This profile is private; id = 467241278
Error: error_code = 30; This profile is private; id = 507628794
Error: error_code = 30; This profile is private; id = 49087530
Error: error_code = 15; Access denied: user deactivated; id = 417397538
Error: error_code = 30; This profile is private; id = 561475170
Error: error_code = 30; This profile is private; id = 13078779
Error: error_code = 15; Access denied: user deactivated; id = 9484401
Error: error_code = 30; This profile is private; id = 10079354
Error: error_code = 30; This profile is private; id = 133303885
Error: error_code = 30; This profile is private; id = 399706455
Error: error_code = 30; This profile is private; id = 703858653
Error: error_code = 30; This profile is private; id = 10837870
Error: error_code = 30; This profile is private; id = 696165622
Error: error_code = 30; This profile is private; id = 675425973
Error: error_code = 30; This profile is private; id = 498091232
Error: error_code = 30; This profile is private; id = 536201688
Error: error_code = 30; This profile is private; id = 450102762
Error: error_code = 30; This profile is private; id = 95965093
Error: error_code = 15; Access denied: user deactivated; id = 620566241
Error: error_code = 30; This profile is private; id = 543841569
Error: error_code = 30; This profile is private; id = 248309798
Error: error_code = 15; Access denied: user deactivated; id = 577279422
Error: error_code = 30; This profile is private; id = 11552524
Error: error_code = 15; Access denied: user deactivated; id = 548779501
Error: error_code = 30; This profile is private; id = 418343193
Error: error_code = 30; This profile is private; id = 381255108
Error: error_code = 30; This profile is private; id = 175732541
Error: error_code = 30; This profile is private; id = 51901962
Error: error_code = 30; This profile is private; id = 671447364
Error: error_code = 30; This profile is private; id = 16001679
Error: error_code = 15; Access denied: user deactivated; id = 425408939
Error: error_code = 30; This profile is private; id = 581996907
Error: error_code = 15; Access denied: user deactivated; id = 68206783
Error: error_code = 30; This profile is private; id = 136456591
Error: error_code = 30; This profile is private; id = 2896101
Error: error_code = 30; This profile is private; id = 530104984
Error: error_code = 30; This profile is private; id = 278704248
Error: error_code = 15; Access denied: user deactivated; id = 447235158
Error: error_code = 30; This profile is private; id = 697658765
Error: error_code = 30; This profile is private; id = 228745507
Error: error_code = 30; This profile is private; id = 232747831
Error: error_code = 30; This profile is private; id = 197292143
Error: error_code = 15; Access denied: user deactivated; id = 178890414
Error: error_code = 30; This profile is private; id = 182695468
Error: error_code = 30; This profile is private; id = 515181424
Error: error_code = 15; Access denied: user deactivated; id = 707867905
Error: error_code = 15; Access denied: user deactivated; id = 160324332
Error: error_code = 30; This profile is private; id = 150729809
Error: error_code = 30; This profile is private; id = 14152200
Error: error_code = 30; This profile is private; id = 67446476
Error: error_code = 15; Access denied: user deactivated; id = 195308236
Error: error_code = 30; This profile is private; id = 1847192
Error: error_code = 30; This profile is private; id = 11056928
Error: error_code = 30; This profile is private; id = 181799132
Error: error_code = 30; This profile is private; id = 5346489
Error: error_code = 30; This profile is private; id = 10316135
Error: error_code = 30; This profile is private; id = 106133222
Error: error_code = 30; This profile is private; id = 670014997
Error: error_code = 30; This profile is private; id = 450889251
Error: error_code = 30; This profile is private; id = 218918681
Error: error_code = 30; This profile is private; id = 9386588
Error: error_code = 15; Access denied: user deactivated; id = 348794429
Error: error_code = 30; This profile is private; id = 358037121
Error: error_code = 30; This profile is private; id = 57281342
Error: error_code = 15; Access denied: user deactivated; id = 403840947
Error: error_code = 30; This profile is private; id = 500465329
Error: error_code = 30; This profile is private; id = 704365309
Error: error_code = 30; This profile is private; id = 563382944
Error: error_code = 15; Access denied: user deactivated; id = 22445772
Error: error_code = 30; This profile is private; id = 443216125
Error: error_code = 30; This profile is private; id = 70706412
Error: error_code = 30; This profile is private; id = 199512592
Error: error_code = 15; Access denied: user deactivated; id = 382711052
Error: error_code = 15; Access denied: user deactivated; id = 695630734
Error: error_code = 30; This profile is private; id = 238134659
Error: error_code = 30; This profile is private; id = 454598263
Error: error_code = 15; Access denied: user deactivated; id = 363673962
Error: error_code = 30; This profile is private; id = 604808523
Error: error_code = 30; This profile is private; id = 31168455
Error: error_code = 15; Access denied: user deactivated; id = 134208327
Error: error_code = 15; Access denied: user deactivated; id = 272876302
Error: error_code = 30; This profile is private; id = 567439619
Error: error_code = 30; This profile is private; id = 42967901
Error: error_code = 15; Access denied: user deactivated; id = 270133275
Error: error_code = 30; This profile is private; id = 591827648
Error: error_code = 15; Access denied: user deactivated; id = 422032907
Error: error_code = 30; This profile is private; id = 690374320
Error: error_code = 30; This profile is private; id = 583453033
Error: error_code = 30; This profile is private; id = 510538805
Error: error_code = 15; Access denied: user deactivated; id = 143579578
Error: error_code = 30; This profile is private; id = 162446362
Error: error_code = 30; This profile is private; id = 122305322
Error: error_code = 30; This profile is private; id = 29242255
Error: error_code = 15; Access denied: user deactivated; id = 240314815
Error: error_code = 30; This profile is private; id = 283579951
Error: error_code = 30; This profile is private; id = 327892487
Error: error_code = 30; This profile is private; id = 575756202
Error: error_code = 30; This profile is private; id = 31916059
Error: error_code = 15; Access denied: user deactivated; id = 533686940
Error: error_code = 30; This profile is private; id = 42539560
Error: error_code = 30; This profile is private; id = 526248155
Error: error_code = 15; Access denied: user deactivated; id = 203101173
Error: error_code = 15; Access denied: user deactivated; id = 633781605
Error: error_code = 15; Access denied: user deactivated; id = 210151386
Error: error_code = 15; Access denied: user deactivated; id = 713079486
Error: error_code = 30; This profile is private; id = 271593139
Error: error_code = 30; This profile is private; id = 154783276
Error: error_code = 15; Access denied: user deactivated; id = 687982322
Error: error_code = 30; This profile is private; id = 250421567
Error: error_code = 15; Access denied: user deactivated; id = 140660791
Error: error_code = 30; This profile is private; id = 233749886
Error: error_code = 30; This profile is private; id = 64517984
Error: error_code = 30; This profile is private; id = 192892941
Error: error_code = 30; This profile is private; id = 518424294
Error: error_code = 15; Access denied: user deactivated; id = 488812047
Error: error_code = 30; This profile is private; id = 233663211
Error: error_code = 15; Access denied: user deactivated; id = 481808261
Error: error_code = 30; This profile is private; id = 255778662
Error: error_code = 15; Access denied: user deactivated; id = 183025125
Error: error_code = 30; This profile is private; id = 22512367
Error: error_code = 30; This profile is private; id = 270918619
Error: error_code = 15; Access denied: user deactivated; id = 190194889
Error: error_code = 30; This profile is private; id = 437658684
Error: error_code = 15; Access denied: user deactivated; id = 665675235
Error: error_code = 30; This profile is private; id = 14798707
Error: error_code = 15; Access denied: user deactivated; id = 589439029
Error: error_code = 15; Access denied: user deactivated; id = 210930677
Error: error_code = 15; Access denied: user deactivated; id = 565698821
Error: error_code = 30; This profile is private; id = 137808504
Error: error_code = 30; This profile is private; id = 683619786
Error: error_code = 30; This profile is private; id = 465029517
Error: error_code = 30; This profile is private; id = 132802334
Error: error_code = 30; This profile is private; id = 471559817
Error: error_code = 15; Access denied: user deactivated; id = 397484585
Error: error_code = 30; This profile is private; id = 213519629
Error: error_code = 30; This profile is private; id = 3206346
Error: error_code = 15; Access denied: user deactivated; id = 301269611
Error: error_code = 30; This profile is private; id = 466712476
Error: error_code = 15; Access denied: user deactivated; id = 301411700
Error: error_code = 30; This profile is private; id = 395260491
Error: error_code = 30; This profile is private; id = 499558718
Error: error_code = 15; Access denied: user deactivated; id = 206270321
Error: error_code = 15; Access denied: user deactivated; id = 491820719
Error: error_code = 30; This profile is private; id = 249760717
Error: error_code = 30; This profile is private; id = 635011740
Error: error_code = 15; Access denied: user deactivated; id = 541578116
Error: error_code = 30; This profile is private; id = 472728625
Error: error_code = 30; This profile is private; id = 599597441
Error: error_code = 30; This profile is private; id = 231070353
Error: error_code = 30; This profile is private; id = 185682824
Error: error_code = 30; This profile is private; id = 247763868
Error: error_code = 30; This profile is private; id = 4282083
Error: error_code = 30; This profile is private; id = 9865142
Error: error_code = 30; This profile is private; id = 460642962
Error: error_code = 30; This profile is private; id = 94982089
Error: error_code = 30; This profile is private; id = 571353368
Error: error_code = 15; Access denied: user deactivated; id = 427601719
Error: error_code = 30; This profile is private; id = 549272491
Error: error_code = 30; This profile is private; id = 522040825
Error: error_code = 30; This profile is private; id = 615751190
Error: error_code = 30; This profile is private; id = 286622999
Error: error_code = 30; This profile is private; id = 577736172
Error: error_code = 15; Access denied: user deactivated; id = 549029151
Error: error_code = 30; This profile is private; id = 156875486
Error: error_code = 30; This profile is private; id = 137183247
Error: error_code = 30; This profile is private; id = 130909337
Error: error_code = 15; Access denied: user deactivated; id = 420733372
Error: error_code = 15; Access denied: user deactivated; id = 631754952
Error: error_code = 30; This profile is private; id = 306689180
Error: error_code = 15; Access denied: user deactivated; id = 393205540
Error: error_code = 30; This profile is private; id = 476546976
Error: error_code = 30; This profile is private; id = 616385446
Error: error_code = 30; This profile is private; id = 557009191
Error: error_code = 30; This profile is private; id = 272033129
Error: error_code = 30; This profile is private; id = 153497503
Error: error_code = 30; This profile is private; id = 236979709
Error: error_code = 30; This profile is private; id = 124631874
Error: error_code = 30; This profile is private; id = 661660090
Error: error_code = 30; This profile is private; id = 604351580
Error: error_code = 30; This profile is private; id = 110722154
Error: error_code = 30; This profile is private; id = 358663273
Error: error_code = 30; This profile is private; id = 612690194
Error: error_code = 30; This profile is private; id = 203390007
Error: error_code = 30; This profile is private; id = 43356104
Error: error_code = 30; This profile is private; id = 136715552
Error: error_code = 15; Access denied: user deactivated; id = 243687534
Error: error_code = 30; This profile is private; id = 709730807
Error: error_code = 30; This profile is private; id = 688300214
Error: error_code = 15; Access denied: user deactivated; id = 715187519
Error: error_code = 30; This profile is private; id = 346708634
Error: error_code = 30; This profile is private; id = 57030516
Error: error_code = 15; Access denied: user deactivated; id = 450460544
Error: error_code = 30; This profile is private; id = 614096234
Error: error_code = 30; This profile is private; id = 123092114
Error: error_code = 30; This profile is private; id = 553477299
Error: error_code = 30; This profile is private; id = 632206839
Error: error_code = 30; This profile is private; id = 315593675
Error: error_code = 30; This profile is private; id = 174457277
Error: error_code = 30; This profile is private; id = 88828147
Error: error_code = 15; Access denied: user deactivated; id = 383598427
Error: error_code = 15; Access denied: user deactivated; id = 102775364
Error: error_code = 30; This profile is private; id = 213538276
Error: error_code = 30; This profile is private; id = 122491779
Error: error_code = 15; Access denied: user deactivated; id = 715155047
Error: error_code = 30; This profile is private; id = 592448803
Error: error_code = 30; This profile is private; id = 75673085
Error: error_code = 30; This profile is private; id = 410502740
Error: error_code = 30; This profile is private; id = 521879822
Error: error_code = 30; This profile is private; id = 211731244
Error: error_code = 30; This profile is private; id = 301153806
Error: error_code = 30; This profile is private; id = 68397375
Error: error_code = 30; This profile is private; id = 154307146
Error: error_code = 30; This profile is private; id = 691131034
Error: error_code = 15; Access denied: user deactivated; id = 344756215
Error: error_code = 15; Access denied: user deactivated; id = 59181529
Error: error_code = 30; This profile is private; id = 406393317
Error: error_code = 30; This profile is private; id = 638629216
Error: error_code = 15; Access denied: user deactivated; id = 694740247
Error: error_code = 30; This profile is private; id = 234275182
Error: error_code = 15; Access denied: user deactivated; id = 9136947
Error: error_code = 15; Access denied: user deactivated; id = 353532623
Error: error_code = 30; This profile is private; id = 409437738
Error: error_code = 30; This profile is private; id = 498546534
Error: error_code = 30; This profile is private; id = 624660166
Error: error_code = 15; Access denied: user deactivated; id = 373835234
Error: error_code = 30; This profile is private; id = 101274531
Error: error_code = 15; Access denied: user deactivated; id = 5908341
Error: error_code = 15; Access denied: user deactivated; id = 226543242
Error: error_code = 30; This profile is private; id = 612581995
Error: error_code = 15; Access denied: user deactivated; id = 308702086
Error: error_code = 15; Access denied: user deactivated; id = 197880077
Error: error_code = 30; This profile is private; id = 296045091
Error: error_code = 30; This profile is private; id = 418597770
Error: error_code = 15; Access denied: user deactivated; id = 363938675
Error: error_code = 30; This profile is private; id = 380118707
Error: error_code = 15; Access denied: user deactivated; id = 355608108
Error: error_code = 30; This profile is private; id = 369460194
Error: error_code = 30; This profile is private; id = 290695179
Error: error_code = 30; This profile is private; id = 520136055
Error: error_code = 30; This profile is private; id = 280470682
Error: error_code = 30; This profile is private; id = 142617173
Error: error_code = 30; This profile is private; id = 78406518
Error: error_code = 30; This profile is private; id = 374772792
Error: error_code = 15; Access denied: user deactivated; id = 222608073
Error: error_code = 30; This profile is private; id = 16373454
Error: error_code = 15; Access denied: user deactivated; id = 291497916
Error: error_code = 30; This profile is private; id = 684811707
Error: error_code = 15; Access denied: user deactivated; id = 653158003
Error: error_code = 30; This profile is private; id = 138237651
Error: error_code = 15; Access denied: user deactivated; id = 194092636
Error: error_code = 30; This profile is private; id = 388957329
Error: error_code = 30; This profile is private; id = 556587387
Error: error_code = 30; This profile is private; id = 384777241
Error: error_code = 30; This profile is private; id = 536694401
Error: error_code = 30; This profile is private; id = 698931635
Error: error_code = 30; This profile is private; id = 708838343
Error: error_code = 15; Access denied: user deactivated; id = 566639993
Error: error_code = 30; This profile is private; id = 668779808
Error: error_code = 30; This profile is private; id = 66661409
Error: error_code = 15; Access denied: user deactivated; id = 209538598
Error: error_code = 30; This profile is private; id = 295242933
Error: error_code = 15; Access denied: user deactivated; id = 249403528
Error: error_code = 30; This profile is private; id = 162725751
Error: error_code = 30; This profile is private; id = 339281420
Error: error_code = 30; This profile is private; id = 330046242
Error: error_code = 30; This profile is private; id = 260149331
Error: error_code = 30; This profile is private; id = 243570317
Error: error_code = 15; Access denied: user deactivated; id = 246665819
Error: error_code = 30; This profile is private; id = 444637064
Error: error_code = 30; This profile is private; id = 2593138
Error: error_code = 15; Access denied: user deactivated; id = 541113699
Error: error_code = 15; Access denied: user deactivated; id = 697672363
Error: error_code = 30; This profile is private; id = 631351156
Error: error_code = 15; Access denied: user deactivated; id = 123191646
Error: error_code = 30; This profile is private; id = 244043558
Error: error_code = 30; This profile is private; id = 660638899
Error: error_code = 30; This profile is private; id = 312679712
Error: error_code = 30; This profile is private; id = 620120214
Error: error_code = 15; Access denied: user deactivated; id = 174460373
Error: error_code = 15; Access denied: user deactivated; id = 653969529
Error: error_code = 15; Access denied: user deactivated; id = 557200523
Error: error_code = 30; This profile is private; id = 326688959
Error: error_code = 15; Access denied: user deactivated; id = 633412481
Error: error_code = 15; Access denied: user deactivated; id = 207199485
Error: error_code = 30; This profile is private; id = 27342479
Error: error_code = 30; This profile is private; id = 301600774
Error: error_code = 30; This profile is private; id = 132308029
Error: error_code = 30; This profile is private; id = 711729394
Error: error_code = 15; Access denied: user deactivated; id = 183659653
Error: error_code = 30; This profile is private; id = 578140538
Error: error_code = 30; This profile is private; id = 157927305
Error: error_code = 15; Access denied: user deactivated; id = 373835884
Error: error_code = 15; Access denied: user deactivated; id = 454007679
Error: error_code = 30; This profile is private; id = 140444251
Error: error_code = 30; This profile is private; id = 370881369
Error: error_code = 15; Access denied: user deactivated; id = 222906930
Error: error_code = 30; This profile is private; id = 77989627
Error: error_code = 15; Access denied: user deactivated; id = 231343348
Error: error_code = 30; This profile is private; id = 362137878
Error: error_code = 30; This profile is private; id = 155965738
Error: error_code = 15; Access denied: user deactivated; id = 22428584
Error: error_code = 30; This profile is private; id = 290682776
Error: error_code = 30; This profile is private; id = 534383172
Error: error_code = 30; This profile is private; id = 42730955
Error: error_code = 30; This profile is private; id = 64992910
Error: error_code = 30; This profile is private; id = 75473498
Error: error_code = 30; This profile is private; id = 11586414
Error: error_code = 30; This profile is private; id = 51198766
Error: error_code = 15; Access denied: user deactivated; id = 178711592
Error: error_code = 15; Access denied: user deactivated; id = 181321633
Error: error_code = 15; Access denied: user deactivated; id = 361231579
Error: error_code = 15; Access denied: user deactivated; id = 418374457
Error: error_code = 30; This profile is private; id = 204941537
Error: error_code = 30; This profile is private; id = 646272314
Error: error_code = 30; This profile is private; id = 374605187
Error: error_code = 30; This profile is private; id = 362791809
Error: error_code = 30; This profile is private; id = 329374342
Error: error_code = 30; This profile is private; id = 674865408
Error: error_code = 30; This profile is private; id = 168328583
Error: error_code = 30; This profile is private; id = 18384211
Error: error_code = 30; This profile is private; id = 25732803
Error: error_code = 30; This profile is private; id = 31750784
Error: error_code = 30; This profile is private; id = 560478463
Error: error_code = 15; Access denied: user deactivated; id = 541012473
Error: error_code = 15; Access denied: user deactivated; id = 20662890
Error: error_code = 30; This profile is private; id = 421395196
Error: error_code = 30; This profile is private; id = 571755144
Error: error_code = 30; This profile is private; id = 479240356
Error: error_code = 30; This profile is private; id = 310533411
Error: error_code = 15; Access denied: user deactivated; id = 469738717
Error: error_code = 30; This profile is private; id = 456245594
Error: error_code = 30; This profile is private; id = 716081180
Error: error_code = 30; This profile is private; id = 589679489
Error: error_code = 15; Access denied: user deactivated; id = 220404896
Error: error_code = 30; This profile is private; id = 340009739
Error: error_code = 30; This profile is private; id = 5072077
Error: error_code = 30; This profile is private; id = 177502
Error: error_code = 30; This profile is private; id = 47847355
Error: error_code = 15; Access denied: user deactivated; id = 538962696
Error: error_code = 30; This profile is private; id = 650849261
Error: error_code = 15; Access denied: user deactivated; id = 523409055
Error: error_code = 30; This profile is private; id = 535038753
Error: error_code = 15; Access denied: user deactivated; id = 406632677
Error: error_code = 30; This profile is private; id = 528762624
Error: error_code = 30; This profile is private; id = 492932237
Error: error_code = 15; Access denied: user deactivated; id = 555499339
Error: error_code = 30; This profile is private; id = 7987840
Error: error_code = 15; Access denied: user deactivated; id = 370958128
Error: error_code = 15; Access denied: user deactivated; id = 422738011
Error: error_code = 30; This profile is private; id = 568669886
Error: error_code = 30; This profile is private; id = 163948272
Error: error_code = 30; This profile is private; id = 489360238
Error: error_code = 30; This profile is private; id = 483400032
Error: error_code = 30; This profile is private; id = 65039470
Error: error_code = 30; This profile is private; id = 672712041
Error: error_code = 30; This profile is private; id = 5460738
Error: error_code = 15; Access denied: user deactivated; id = 432953779
Error: error_code = 15; Access denied: user deactivated; id = 159167002
Error: error_code = 15; Access denied: user deactivated; id = 326171193
Error: error_code = 15; Access denied: user deactivated; id = 565602220
Error: error_code = 15; Access denied: user deactivated; id = 268184516
Error: error_code = 30; This profile is private; id = 230569245
Error: error_code = 30; This profile is private; id = 76076188
Error: error_code = 30; This profile is private; id = 134751
Error: error_code = 30; This profile is private; id = 61841801
Error: error_code = 15; Access denied: user deactivated; id = 261973180
Error: error_code = 30; This profile is private; id = 203566650
Error: error_code = 30; This profile is private; id = 571603344
Error: error_code = 30; This profile is private; id = 550606773
Error: error_code = 30; This profile is private; id = 711931757
Error: error_code = 30; This profile is private; id = 6090659
Error: error_code = 30; This profile is private; id = 147627198
Error: error_code = 15; Access denied: user deactivated; id = 239540184
Error: error_code = 30; This profile is private; id = 681065206
Error: error_code = 30; This profile is private; id = 586904000
Error: error_code = 30; This profile is private; id = 334143402
Error: error_code = 15; Access denied: user deactivated; id = 330585877
Error: error_code = 30; This profile is private; id = 415563787
Error: error_code = 15; Access denied: user deactivated; id = 209605634
Error: error_code = 30; This profile is private; id = 549650191
Error: error_code = 30; This profile is private; id = 468032088
Error: error_code = 15; Access denied: user deactivated; id = 161903314
Error: error_code = 30; This profile is private; id = 530453460
Error: error_code = 15; Access denied: user deactivated; id = 90263901
Error: error_code = 30; This profile is private; id = 20325389
Error: error_code = 15; Access denied: user deactivated; id = 94523161
Error: error_code = 30; This profile is private; id = 538458898
Error: error_code = 30; This profile is private; id = 148184265
Error: error_code = 30; This profile is private; id = 532501774
Error: error_code = 30; This profile is private; id = 393392292
Error: error_code = 15; Access denied: user deactivated; id = 370347210
Error: error_code = 15; Access denied: user deactivated; id = 346751970
Error: error_code = 30; This profile is private; id = 232019508
Error: error_code = 15; Access denied: user deactivated; id = 248931332
Error: error_code = 30; This profile is private; id = 150420450
Error: error_code = 15; Access denied: user deactivated; id = 18967
Error: error_code = 30; This profile is private; id = 712215017
Error: error_code = 30; This profile is private; id = 630104966
Error: error_code = 15; Access denied: user deactivated; id = 291892909
Error: error_code = 30; This profile is private; id = 571691266
Error: error_code = 30; This profile is private; id = 337385888
Error: error_code = 30; This profile is private; id = 150269572
Error: error_code = 15; Access denied: user deactivated; id = 202508865
Error: error_code = 15; Access denied: user deactivated; id = 427293464
Error: error_code = 30; This profile is private; id = 597326266
Error: error_code = 30; This profile is private; id = 1216169
Error: error_code = 30; This profile is private; id = 23873694
Error: error_code = 30; This profile is private; id = 524249943
Error: error_code = 30; This profile is private; id = 511790088
Error: error_code = 15; Access denied: user deactivated; id = 225519004
Error: error_code = 15; Access denied: user deactivated; id = 178021266
Error: error_code = 30; This profile is private; id = 73920070
Error: error_code = 30; This profile is private; id = 538180583
Error: error_code = 15; Access denied: user deactivated; id = 541533887
Error: error_code = 30; This profile is private; id = 673213801
Error: error_code = 30; This profile is private; id = 326973484
Error: error_code = 30; This profile is private; id = 448714554
Error: error_code = 30; This profile is private; id = 2447929
Error: error_code = 30; This profile is private; id = 409488223
Error: error_code = 30; This profile is private; id = 557609342
Error: error_code = 15; Access denied: user deactivated; id = 211782471
Error: error_code = 30; This profile is private; id = 181828716
Error: error_code = 15; Access denied: user deactivated; id = 283659125
Error: error_code = 30; This profile is private; id = 328629074
Error: error_code = 30; This profile is private; id = 82661642
Error: error_code = 30; This profile is private; id = 21915230
Error: error_code = 15; Access denied: user deactivated; id = 426442907
Error: error_code = 15; Access denied: user deactivated; id = 530766325
Error: error_code = 30; This profile is private; id = 398773591
Error: error_code = 30; This profile is private; id = 479897748
Error: error_code = 30; This profile is private; id = 81843553
Error: error_code = 15; Access denied: user deactivated; id = 534001338
Error: error_code = 30; This profile is private; id = 177191249
Error: error_code = 30; This profile is private; id = 63242656
Error: error_code = 30; This profile is private; id = 479828691
Error: error_code = 30; This profile is private; id = 190977904
Error: error_code = 30; This profile is private; id = 184403162
Error: error_code = 30; This profile is private; id = 68025250
Error: error_code = 30; This profile is private; id = 711664272
Error: error_code = 15; Access denied: user deactivated; id = 401919576
Error: error_code = 15; Access denied: user deactivated; id = 139891282
Error: error_code = 30; This profile is private; id = 684200002
Error: error_code = 30; This profile is private; id = 480037426
Error: error_code = 30; This profile is private; id = 155927454
Error: error_code = 30; This profile is private; id = 187020536
Error: error_code = 30; This profile is private; id = 272130869
Error: error_code = 30; This profile is private; id = 98367427
Error: error_code = 30; This profile is private; id = 9075947
Error: error_code = 30; This profile is private; id = 369389287
Error: error_code = 30; This profile is private; id = 592130993
Error: error_code = 30; This profile is private; id = 442315796
Error: error_code = 30; This profile is private; id = 577540890
Error: error_code = 30; This profile is private; id = 507084221
Error: error_code = 15; Access denied: user deactivated; id = 60514448
Error: error_code = 15; Access denied: user deactivated; id = 526859425
Error: error_code = 30; This profile is private; id = 595475999
Error: error_code = 30; This profile is private; id = 441425587
Error: error_code = 30; This profile is private; id = 424947880
Error: error_code = 15; Access denied: user deactivated; id = 710121320
Error: error_code = 15; Access denied: user deactivated; id = 399101697
Error: error_code = 30; This profile is private; id = 521323308
Error: error_code = 15; Access denied: user deactivated; id = 358998181
Error: error_code = 30; This profile is private; id = 96331596
Error: error_code = 30; This profile is private; id = 705503529
Error: error_code = 30; This profile is private; id = 65692501
Error: error_code = 30; This profile is private; id = 410458485
Error: error_code = 30; This profile is private; id = 194541059
Error: error_code = 30; This profile is private; id = 338130633
Error: error_code = 30; This profile is private; id = 51438014
Error: error_code = 30; This profile is private; id = 141799637
Error: error_code = 15; Access denied: user deactivated; id = 697488415
Error: error_code = 30; This profile is private; id = 532593858
Error: error_code = 15; Access denied: user deactivated; id = 481983702
Error: error_code = 30; This profile is private; id = 5792983
Error: error_code = 15; Access denied: user deactivated; id = 147024381
Error: error_code = 15; Access denied: user deactivated; id = 205027773
Error: error_code = 30; This profile is private; id = 9874931
Error: error_code = 30; This profile is private; id = 233801231
Error: error_code = 15; Access denied: user deactivated; id = 148662164
Error: error_code = 30; This profile is private; id = 341621946
Error: error_code = 30; This profile is private; id = 44718697
Error: error_code = 30; This profile is private; id = 40081575
Error: error_code = 15; Access denied: user deactivated; id = 293685713
Error: error_code = 30; This profile is private; id = 193856600
Error: error_code = 30; This profile is private; id = 167052975
Error: error_code = 15; Access denied: user deactivated; id = 393172952
Error: error_code = 30; This profile is private; id = 496219645
Error: error_code = 15; Access denied: user deactivated; id = 233421682
Error: error_code = 15; Access denied: user deactivated; id = 201443148
Error: error_code = 15; Access denied: user deactivated; id = 204797757
Error: error_code = 15; Access denied: user deactivated; id = 173061347
Error: error_code = 30; This profile is private; id = 219409265
Error: error_code = 30; This profile is private; id = 254322365
Error: error_code = 30; This profile is private; id = 613600034
Error: error_code = 30; This profile is private; id = 474991407
Error: error_code = 30; This profile is private; id = 91162993
Error: error_code = 15; Access denied: user deactivated; id = 470594180
Error: error_code = 30; This profile is private; id = 167916462
Error: error_code = 30; This profile is private; id = 295654361
Error: error_code = 15; Access denied: user deactivated; id = 377680428
Error: error_code = 30; This profile is private; id = 367493026
Error: error_code = 30; This profile is private; id = 219723636
Error: error_code = 30; This profile is private; id = 684262488
Error: error_code = 30; This profile is private; id = 145489729
Error: error_code = 30; This profile is private; id = 291327134
Error: error_code = 30; This profile is private; id = 264826368
Error: error_code = 15; Access denied: user deactivated; id = 457074594
Error: error_code = 15; Access denied: user deactivated; id = 470106398
Error: error_code = 15; Access denied: user deactivated; id = 567523303
Error: error_code = 30; This profile is private; id = 279634861
Error: error_code = 30; This profile is private; id = 695070628
Error: error_code = 15; Access denied: user deactivated; id = 295905483
Error: error_code = 30; This profile is private; id = 483997656
Error: error_code = 30; This profile is private; id = 188713916
Error: error_code = 15; Access denied: user deactivated; id = 219442490
Error: error_code = 15; Access denied: user deactivated; id = 267838980
Error: error_code = 30; This profile is private; id = 564105523
Error: error_code = 30; This profile is private; id = 112069815
Error: error_code = 30; This profile is private; id = 154759726
Error: error_code = 15; Access denied: user deactivated; id = 445667241
Error: error_code = 30; This profile is private; id = 221386450
Error: error_code = 15; Access denied: user deactivated; id = 22022820
Error: error_code = 30; This profile is private; id = 395482599
Error: error_code = 15; Access denied: user deactivated; id = 380646915
Error: error_code = 30; This profile is private; id = 318321287
Error: error_code = 30; This profile is private; id = 184485732
Error: error_code = 15; Access denied: user deactivated; id = 673826682
Error: error_code = 30; This profile is private; id = 201600253
Error: error_code = 30; This profile is private; id = 282218709
Error: error_code = 15; Access denied: user deactivated; id = 243698883
Error: error_code = 30; This profile is private; id = 74643207
Error: error_code = 30; This profile is private; id = 159885992
Error: error_code = 30; This profile is private; id = 631749450
Error: error_code = 30; This profile is private; id = 465939016
Error: error_code = 30; This profile is private; id = 221508417
Error: error_code = 15; Access denied: user deactivated; id = 377522692
Error: error_code = 15; Access denied: user deactivated; id = 444679708
Error: error_code = 30; This profile is private; id = 251157955
Error: error_code = 30; This profile is private; id = 12127926
Error: error_code = 15; Access denied: user deactivated; id = 199680916
Error: error_code = 30; This profile is private; id = 486622323
Error: error_code = 30; This profile is private; id = 221358664
Error: error_code = 15; Access denied: user deactivated; id = 286811195
Error: error_code = 15; Access denied: user deactivated; id = 611382663
Error: error_code = 30; This profile is private; id = 580662716
Error: error_code = 15; Access denied: user deactivated; id = 714179876
Error: error_code = 30; This profile is private; id = 227929972
Error: error_code = 15; Access denied: user deactivated; id = 151680791
Error: error_code = 15; Access denied: user deactivated; id = 64021323
Error: error_code = 30; This profile is private; id = 566929531
Error: error_code = 30; This profile is private; id = 336380351
Error: error_code = 30; This profile is private; id = 677869076
Error: error_code = 30; This profile is private; id = 321131559
Error: error_code = 30; This profile is private; id = 73748197
Error: error_code = 30; This profile is private; id = 111141867
Error: error_code = 15; Access denied: user deactivated; id = 642184110
Error: error_code = 15; Access denied: user deactivated; id = 197857391
Error: error_code = 15; Access denied: user deactivated; id = 42643673
Error: error_code = 30; This profile is private; id = 484814935
Error: error_code = 15; Access denied: user deactivated; id = 395881403
Error: error_code = 30; This profile is private; id = 169144229
Error: error_code = 30; This profile is private; id = 695778894
Error: error_code = 30; This profile is private; id = 283476374
Error: error_code = 15; Access denied: user deactivated; id = 301747143
Error: error_code = 30; This profile is private; id = 96058704
Error: error_code = 30; This profile is private; id = 267413415
Error: error_code = 30; This profile is private; id = 713155830
Error: error_code = 30; This profile is private; id = 554511492
Error: error_code = 15; Access denied: user deactivated; id = 517553313
Error: error_code = 30; This profile is private; id = 483611862
Error: error_code = 30; This profile is private; id = 268105685
Error: error_code = 30; This profile is private; id = 271343481
Error: error_code = 30; This profile is private; id = 544628626
Error: error_code = 30; This profile is private; id = 49900827
Error: error_code = 30; This profile is private; id = 534276474
Error: error_code = 30; This profile is private; id = 135266028
Error: error_code = 15; Access denied: user deactivated; id = 272867960
Error: error_code = 30; This profile is private; id = 717403374
Error: error_code = 15; Access denied: user deactivated; id = 688742604
Error: error_code = 30; This profile is private; id = 309223593
Error: error_code = 15; Access denied: user deactivated; id = 710123703
Error: error_code = 30; This profile is private; id = 375246482
Error: error_code = 30; This profile is private; id = 212204211
Error: error_code = 15; Access denied: user deactivated; id = 415886097
Error: error_code = 30; This profile is private; id = 651913082
Error: error_code = 15; Access denied: user deactivated; id = 406620125
Error: error_code = 30; This profile is private; id = 145928457
Error: error_code = 15; Access denied: user deactivated; id = 407884809
Error: error_code = 30; This profile is private; id = 73138120
Error: error_code = 30; This profile is private; id = 318985037
Error: error_code = 30; This profile is private; id = 357663683
Error: error_code = 30; This profile is private; id = 583300373
Error: error_code = 30; This profile is private; id = 320287985
Error: error_code = 15; Access denied: user deactivated; id = 343281968
Error: error_code = 30; This profile is private; id = 328986200
Error: error_code = 30; This profile is private; id = 319028740
Error: error_code = 30; This profile is private; id = 483719392
Error: error_code = 15; Access denied: user deactivated; id = 498649612
Error: error_code = 30; This profile is private; id = 460131004
Error: error_code = 30; This profile is private; id = 665029493
Error: error_code = 15; Access denied: user deactivated; id = 702843890
Error: error_code = 30; This profile is private; id = 271235752
Error: error_code = 15; Access denied: user deactivated; id = 456353105
Error: error_code = 30; This profile is private; id = 514564402
Error: error_code = 15; Access denied: user deactivated; id = 347417702
Error: error_code = 30; This profile is private; id = 151950341
Error: error_code = 30; This profile is private; id = 524589393
Error: error_code = 15; Access denied: user deactivated; id = 261176509
Error: error_code = 30; This profile is private; id = 368333242
Error: error_code = 30; This profile is private; id = 715964311
Error: error_code = 30; This profile is private; id = 160464896
Error: error_code = 30; This profile is private; id = 501414522
Error: error_code = 30; This profile is private; id = 583879798
Error: error_code = 30; This profile is private; id = 714460025
Error: error_code = 15; Access denied: user deactivated; id = 558304843
Error: error_code = 30; This profile is private; id = 689553788
Error: error_code = 15; Access denied: user deactivated; id = 399239939
Error: error_code = 30; This profile is private; id = 48513237
Error: error_code = 30; This profile is private; id = 151665664
Error: error_code = 30; This profile is private; id = 199994727
Error: error_code = 15; Access denied: user deactivated; id = 573100736
Error: error_code = 30; This profile is private; id = 6762064
Error: error_code = 30; This profile is private; id = 222119490
Error: error_code = 15; Access denied: user deactivated; id = 355211291
Error: error_code = 15; Access denied: user deactivated; id = 308385006
Error: error_code = 30; This profile is private; id = 478721314
Error: error_code = 30; This profile is private; id = 1690517
Error: error_code = 15; Access denied: user deactivated; id = 182695185
Error: error_code = 30; This profile is private; id = 675040334
Error: error_code = 30; This profile is private; id = 530394278
Error: error_code = 30; This profile is private; id = 67690798
Error: error_code = 30; This profile is private; id = 587933158
Error: error_code = 30; This profile is private; id = 422727819
Error: error_code = 30; This profile is private; id = 27792166
Error: error_code = 30; This profile is private; id = 610488662
Error: error_code = 30; This profile is private; id = 91828930
Error: error_code = 30; This profile is private; id = 72945859
Error: error_code = 30; This profile is private; id = 613089381
Error: error_code = 30; This profile is private; id = 713165887
Error: error_code = 30; This profile is private; id = 344707970
Error: error_code = 15; Access denied: user deactivated; id = 330692378
Error: error_code = 15; Access denied: user deactivated; id = 230470593
Error: error_code = 30; This profile is private; id = 1257068
Error: error_code = 30; This profile is private; id = 394813633
Error: error_code = 15; Access denied: user deactivated; id = 476065448
Error: error_code = 30; This profile is private; id = 2909862
Error: error_code = 30; This profile is private; id = 101794172
Error: error_code = 15; Access denied: user deactivated; id = 152469469
Error: error_code = 30; This profile is private; id = 695454927
Error: error_code = 30; This profile is private; id = 526629174
Error: error_code = 15; Access denied: user deactivated; id = 173252640
Error: error_code = 15; Access denied: user deactivated; id = 180533827
Error: error_code = 15; Access denied: user deactivated; id = 226888712
Error: error_code = 15; Access denied: user deactivated; id = 501210005
Error: error_code = 15; Access denied: user deactivated; id = 236790450
Error: error_code = 15; Access denied: user deactivated; id = 403073560
Error: error_code = 15; Access denied: user deactivated; id = 193591904
Error: error_code = 30; This profile is private; id = 476516619
Error: error_code = 15; Access denied: user deactivated; id = 19878347
Error: error_code = 15; Access denied: user deactivated; id = 546956172
Error: error_code = 15; Access denied: user deactivated; id = 406679091
Error: error_code = 15; Access denied: user deactivated; id = 400717509
Error: error_code = 30; This profile is private; id = 447320399
Error: error_code = 30; This profile is private; id = 503579473
Error: error_code = 15; Access denied: user deactivated; id = 414763561
Error: error_code = 30; This profile is private; id = 364226359
Error: error_code = 30; This profile is private; id = 434572121
Error: error_code = 15; Access denied: user deactivated; id = 278593880
Error: error_code = 15; Access denied: user deactivated; id = 609489772
Error: error_code = 30; This profile is private; id = 425482467
Error: error_code = 15; Access denied: user deactivated; id = 137991369
Error: error_code = 15; Access denied: user deactivated; id = 204745201
Error: error_code = 30; This profile is private; id = 168785286
Error: error_code = 15; Access denied: user deactivated; id = 400202932
Error: error_code = 30; This profile is private; id = 5686631
Error: error_code = 30; This profile is private; id = 262597214
Error: error_code = 30; This profile is private; id = 3348063
Error: error_code = 30; This profile is private; id = 60204355
Error: error_code = 30; This profile is private; id = 635470825
Error: error_code = 30; This profile is private; id = 15924089
Error: error_code = 30; This profile is private; id = 108355067
Error: error_code = 30; This profile is private; id = 528151280
Error: error_code = 30; This profile is private; id = 343997512
Error: error_code = 30; This profile is private; id = 592495749
Error: error_code = 30; This profile is private; id = 390741275
Error: error_code = 30; This profile is private; id = 676647038
Error: error_code = 15; Access denied: user deactivated; id = 156686337
Error: error_code = 30; This profile is private; id = 19230694
Error: error_code = 30; This profile is private; id = 154866260
Error: error_code = 30; This profile is private; id = 892147
Error: error_code = 15; Access denied: user deactivated; id = 561804828
Error: error_code = 30; This profile is private; id = 280702493
Error: error_code = 30; This profile is private; id = 473139897
Error: error_code = 30; This profile is private; id = 621626121
Error: error_code = 15; Access denied: user deactivated; id = 220825914
Error: error_code = 30; This profile is private; id = 583296165
Error: error_code = 15; Access denied: user deactivated; id = 417097753
Error: error_code = 30; This profile is private; id = 288803853
Error: error_code = 15; Access denied: user deactivated; id = 198561386
Error: error_code = 30; This profile is private; id = 531864966
Error: error_code = 30; This profile is private; id = 161824043
Error: error_code = 15; Access denied: user deactivated; id = 506081501
Error: error_code = 30; This profile is private; id = 376247706
Error: error_code = 30; This profile is private; id = 395260945
Error: error_code = 15; Access denied: user deactivated; id = 17700856
Error: error_code = 30; This profile is private; id = 435661512
Error: error_code = 30; This profile is private; id = 628490053
Error: error_code = 30; This profile is private; id = 113555854
Error: error_code = 30; This profile is private; id = 585884693
Error: error_code = 30; This profile is private; id = 388274596
Error: error_code = 30; This profile is private; id = 183730955
Error: error_code = 15; Access denied: user deactivated; id = 549546057
Error: error_code = 15; Access denied: user deactivated; id = 208905391
Error: error_code = 30; This profile is private; id = 94556673
Error: error_code = 30; This profile is private; id = 701865776
Error: error_code = 30; This profile is private; id = 674531978
Error: error_code = 30; This profile is private; id = 360972313
Error: error_code = 15; Access denied: user deactivated; id = 216135874
Error: error_code = 30; This profile is private; id = 87573443
Error: error_code = 30; This profile is private; id = 640127293
Error: error_code = 15; Access denied: user deactivated; id = 296339870
Error: error_code = 30; This profile is private; id = 506801533
Error: error_code = 15; Access denied: user deactivated; id = 358765799
Error: error_code = 15; Access denied: user deactivated; id = 289253611
Error: error_code = 30; This profile is private; id = 297100778
Error: error_code = 30; This profile is private; id = 20216718
Error: error_code = 30; This profile is private; id = 716910550
Error: error_code = 30; This profile is private; id = 122684021
Error: error_code = 30; This profile is private; id = 36515920
Error: error_code = 15; Access denied: user deactivated; id = 22766884
Error: error_code = 15; Access denied: user deactivated; id = 143274180
Error: error_code = 30; This profile is private; id = 21238027
Error: error_code = 30; This profile is private; id = 352266705
Error: error_code = 30; This profile is private; id = 37069822
Error: error_code = 30; This profile is private; id = 145830975
Error: error_code = 30; This profile is private; id = 598813441
Error: error_code = 30; This profile is private; id = 637298409
Error: error_code = 15; Access denied: user deactivated; id = 207477662
Error: error_code = 15; Access denied: user deactivated; id = 209950000
Error: error_code = 15; Access denied: user deactivated; id = 375355630
Error: error_code = 30; This profile is private; id = 154144379
Error: error_code = 30; This profile is private; id = 560452232
Error: error_code = 30; This profile is private; id = 179300681
Error: error_code = 30; This profile is private; id = 572789616
Error: error_code = 15; Access denied: user deactivated; id = 435506607
Error: error_code = 30; This profile is private; id = 171828634
Error: error_code = 30; This profile is private; id = 532598265
Error: error_code = 30; This profile is private; id = 487921457
Error: error_code = 30; This profile is private; id = 236165926
Error: error_code = 30; This profile is private; id = 375329542
Error: error_code = 30; This profile is private; id = 583880406
Error: error_code = 15; Access denied: user deactivated; id = 281101048
Error: error_code = 15; Access denied: user deactivated; id = 653584607
Error: error_code = 30; This profile is private; id = 572418897
Error: error_code = 30; This profile is private; id = 224010662
Error: error_code = 30; This profile is private; id = 387958236
Error: error_code = 30; This profile is private; id = 18645934
Error: error_code = 30; This profile is private; id = 122530757
Error: error_code = 15; Access denied: user deactivated; id = 534109504
Error: error_code = 15; Access denied: user deactivated; id = 228228528
Error: error_code = 30; This profile is private; id = 8400773
Error: error_code = 30; This profile is private; id = 450877018
Error: error_code = 30; This profile is private; id = 152002745
Error: error_code = 30; This profile is private; id = 469935423
Error: error_code = 30; This profile is private; id = 117933950
Error: error_code = 30; This profile is private; id = 181014863
Error: error_code = 30; This profile is private; id = 668727606
Error: error_code = 30; This profile is private; id = 536632993
Error: error_code = 30; This profile is private; id = 251130413
Error: error_code = 15; Access denied: user deactivated; id = 650479491
Error: error_code = 30; This profile is private; id = 452289381
Error: error_code = 15; Access denied: user deactivated; id = 404736892
Error: error_code = 30; This profile is private; id = 297985140
Error: error_code = 30; This profile is private; id = 500191953
Error: error_code = 15; Access denied: user deactivated; id = 152793249
Error: error_code = 30; This profile is private; id = 299012685
Error: error_code = 15; Access denied: user deactivated; id = 564638285
Error: error_code = 30; This profile is private; id = 210196587
Error: error_code = 30; This profile is private; id = 692191872
Error: error_code = 30; This profile is private; id = 363159397
Error: error_code = 30; This profile is private; id = 372421954
Error: error_code = 30; This profile is private; id = 62258779
Error: error_code = 30; This profile is private; id = 21075374
Error: error_code = 15; Access denied: user deactivated; id = 410939583
Error: error_code = 30; This profile is private; id = 375080093
Error: error_code = 30; This profile is private; id = 520015726
Error: error_code = 30; This profile is private; id = 696771279
Error: error_code = 30; This profile is private; id = 282937414
Error: error_code = 30; This profile is private; id = 608366514
Error: error_code = 15; Access denied: user deactivated; id = 238397373
Error: error_code = 15; Access denied: user deactivated; id = 247333402
Error: error_code = 15; Access denied: user deactivated; id = 713504205
Error: error_code = 30; This profile is private; id = 305085121
Error: error_code = 15; Access denied: user deactivated; id = 432049464
Error: error_code = 30; This profile is private; id = 11135800
Error: error_code = 30; This profile is private; id = 402392822
Error: error_code = 30; This profile is private; id = 62501873
Error: error_code = 30; This profile is private; id = 488513917
Error: error_code = 15; Access denied: user deactivated; id = 507730201
Error: error_code = 30; This profile is private; id = 142259261
Error: error_code = 30; This profile is private; id = 544407485
Error: error_code = 30; This profile is private; id = 331866751
Error: error_code = 30; This profile is private; id = 229192889
Error: error_code = 30; This profile is private; id = 60818
Error: error_code = 30; This profile is private; id = 656144150
Error: error_code = 30; This profile is private; id = 212372651
Error: error_code = 30; This profile is private; id = 288930630
Error: error_code = 15; Access denied: user deactivated; id = 318634923
Error: error_code = 30; This profile is private; id = 401829810
Error: error_code = 30; This profile is private; id = 145170170
Error: error_code = 30; This profile is private; id = 299656103
Error: error_code = 30; This profile is private; id = 682126623
Error: error_code = 30; This profile is private; id = 455931950
Error: error_code = 30; This profile is private; id = 522583539
Error: error_code = 15; Access denied: user deactivated; id = 158133709
Error: error_code = 15; Access denied: user deactivated; id = 178357437
Error: error_code = 30; This profile is private; id = 18392399
Error: error_code = 30; This profile is private; id = 603694758
Error: error_code = 30; This profile is private; id = 387601099
Error: error_code = 30; This profile is private; id = 522571341
Error: error_code = 30; This profile is private; id = 565719449
Error: error_code = 30; This profile is private; id = 4201920
Error: error_code = 30; This profile is private; id = 99877748
Error: error_code = 30; This profile is private; id = 440072157
Error: error_code = 30; This profile is private; id = 457729729
Error: error_code = 30; This profile is private; id = 429469562
Error: error_code = 30; This profile is private; id = 88166836
Error: error_code = 30; This profile is private; id = 176962580
Error: error_code = 15; Access denied: user deactivated; id = 356532045
Error: error_code = 30; This profile is private; id = 411918261
Error: error_code = 30; This profile is private; id = 23377675
Error: error_code = 15; Access denied: user deactivated; id = 363648757
Error: error_code = 30; This profile is private; id = 398199894
Error: error_code = 30; This profile is private; id = 341819855
Error: error_code = 15; Access denied: user deactivated; id = 434913933
Error: error_code = 15; Access denied: user deactivated; id = 602269976
Error: error_code = 30; This profile is private; id = 135822370
Error: error_code = 30; This profile is private; id = 417141488
Error: error_code = 15; Access denied: user deactivated; id = 544652255
Error: error_code = 15; Access denied: user deactivated; id = 238138149
Error: error_code = 30; This profile is private; id = 486324911
Error: error_code = 30; This profile is private; id = 157615460
Error: error_code = 30; This profile is private; id = 219033974
Error: error_code = 30; This profile is private; id = 110867792
Error: error_code = 30; This profile is private; id = 198021074
Error: error_code = 30; This profile is private; id = 273059181
Error: error_code = 30; This profile is private; id = 881113
Error: error_code = 30; This profile is private; id = 193379321
Error: error_code = 15; Access denied: user deactivated; id = 395805190
Error: error_code = 30; This profile is private; id = 63335913
Error: error_code = 30; This profile is private; id = 36046730
Error: error_code = 30; This profile is private; id = 392823827
Error: error_code = 30; This profile is private; id = 588643608
Error: error_code = 15; Access denied: user deactivated; id = 139509813
Error: error_code = 15; Access denied: user deactivated; id = 512179917
Error: error_code = 15; Access denied: user deactivated; id = 193529676
Error: error_code = 30; This profile is private; id = 148104277
Error: error_code = 30; This profile is private; id = 535208276
Error: error_code = 30; This profile is private; id = 92596462
Error: error_code = 15; Access denied: user deactivated; id = 430935582
Error: error_code = 30; This profile is private; id = 75689288
Error: error_code = 15; Access denied: user deactivated; id = 206086124
Error: error_code = 30; This profile is private; id = 159719609
Error: error_code = 15; Access denied: user deactivated; id = 589543052
Error: error_code = 15; Access denied: user deactivated; id = 443481660
Error: error_code = 30; This profile is private; id = 266536063
Error: error_code = 15; Access denied: user deactivated; id = 227036203
Error: error_code = 30; This profile is private; id = 610604600
Error: error_code = 30; This profile is private; id = 561174529
Error: error_code = 30; This profile is private; id = 408440231
Error: error_code = 30; This profile is private; id = 77835534
Error: error_code = 30; This profile is private; id = 68229136
Error: error_code = 30; This profile is private; id = 293902077
Error: error_code = 30; This profile is private; id = 101091910
Error: error_code = 30; This profile is private; id = 191100542
Error: error_code = 30; This profile is private; id = 340544066
Error: error_code = 15; Access denied: user deactivated; id = 155252814
Error: error_code = 30; This profile is private; id = 216063724
Error: error_code = 30; This profile is private; id = 9696065
Error: error_code = 15; Access denied: user deactivated; id = 682801414
Error: error_code = 30; This profile is private; id = 337459020
Error: error_code = 30; This profile is private; id = 559506335
Error: error_code = 30; This profile is private; id = 246751497
Error: error_code = 30; This profile is private; id = 183515552
Error: error_code = 30; This profile is private; id = 504416179
Error: error_code = 30; This profile is private; id = 241316577
Error: error_code = 30; This profile is private; id = 639050529
Error: error_code = 30; This profile is private; id = 57053512
Error: error_code = 30; This profile is private; id = 572625784
Error: error_code = 15; Access denied: user deactivated; id = 205631063
Error: error_code = 30; This profile is private; id = 666849785
Error: error_code = 30; This profile is private; id = 157378261
Error: error_code = 15; Access denied: user deactivated; id = 695429800
Error: error_code = 30; This profile is private; id = 166089227
Error: error_code = 15; Access denied: user deactivated; id = 703210359
Error: error_code = 30; This profile is private; id = 197030445
Error: error_code = 30; This profile is private; id = 276109904
Error: error_code = 15; Access denied: user deactivated; id = 325440783
Error: error_code = 30; This profile is private; id = 30072959
Error: error_code = 30; This profile is private; id = 4397878
Error: error_code = 30; This profile is private; id = 526375574
Error: error_code = 30; This profile is private; id = 29067385
Error: error_code = 30; This profile is private; id = 650464350
Error: error_code = 30; This profile is private; id = 497002884
Error: error_code = 15; Access denied: user deactivated; id = 226977903
Error: error_code = 15; Access denied: user deactivated; id = 396583292
Error: error_code = 15; Access denied: user deactivated; id = 363320807
Error: error_code = 15; Access denied: user deactivated; id = 255304516
Error: error_code = 30; This profile is private; id = 161389865
Error: error_code = 30; This profile is private; id = 299027930
Error: error_code = 15; Access denied: user deactivated; id = 539476840
Error: error_code = 30; This profile is private; id = 250425175
Error: error_code = 30; This profile is private; id = 48833685
Error: error_code = 15; Access denied: user deactivated; id = 421811010
Error: error_code = 15; Access denied: user deactivated; id = 192879621
Error: error_code = 30; This profile is private; id = 287930521
Error: error_code = 15; Access denied: user deactivated; id = 323178202
Error: error_code = 30; This profile is private; id = 252098438
Error: error_code = 30; This profile is private; id = 364584036
Error: error_code = 30; This profile is private; id = 313637736
Error: error_code = 30; This profile is private; id = 614950710
Error: error_code = 30; This profile is private; id = 280695158
Error: error_code = 30; This profile is private; id = 681867151
Error: error_code = 15; Access denied: user deactivated; id = 600983873
Error: error_code = 30; This profile is private; id = 399800877
Error: error_code = 15; Access denied: user deactivated; id = 624443566
Error: error_code = 30; This profile is private; id = 410034359
Error: error_code = 30; This profile is private; id = 658239396
Error: error_code = 30; This profile is private; id = 468855334
Error: error_code = 15; Access denied: user deactivated; id = 499488310
Error: error_code = 15; Access denied: user deactivated; id = 119635168
Error: error_code = 30; This profile is private; id = 44646979
Error: error_code = 30; This profile is private; id = 345261544
Error: error_code = 30; This profile is private; id = 28829540
Error: error_code = 30; This profile is private; id = 100630317
Error: error_code = 30; This profile is private; id = 80993113
Error: error_code = 30; This profile is private; id = 496546437
Error: error_code = 30; This profile is private; id = 571412488
Error: error_code = 30; This profile is private; id = 265342968
Error: error_code = 30; This profile is private; id = 65878621
Error: error_code = 30; This profile is private; id = 243483368
Error: error_code = 30; This profile is private; id = 701167669
Error: error_code = 15; Access denied: user deactivated; id = 221916968
Error: error_code = 15; Access denied: user deactivated; id = 426948474
Error: error_code = 15; Access denied: user deactivated; id = 119060713
Error: error_code = 30; This profile is private; id = 203764956
Error: error_code = 30; This profile is private; id = 615876506
Error: error_code = 15; Access denied: user deactivated; id = 229073404
Error: error_code = 30; This profile is private; id = 678937042
Error: error_code = 30; This profile is private; id = 570971587
Error: error_code = 30; This profile is private; id = 233670092
Error: error_code = 30; This profile is private; id = 15250414
Error: error_code = 30; This profile is private; id = 581238518
Error: error_code = 15; Access denied: user deactivated; id = 448795544
Error: error_code = 30; This profile is private; id = 14678236
Error: error_code = 30; This profile is private; id = 34768339
Error: error_code = 30; This profile is private; id = 555555786
Error: error_code = 30; This profile is private; id = 718416452
Error: error_code = 30; This profile is private; id = 385246813
Error: error_code = 30; This profile is private; id = 147987457
Error: error_code = 30; This profile is private; id = 257792137
Error: error_code = 30; This profile is private; id = 659984121
Error: error_code = 15; Access denied: user deactivated; id = 21265193
Error: error_code = 30; This profile is private; id = 600890424
Error: error_code = 30; This profile is private; id = 463562869
Error: error_code = 30; This profile is private; id = 326570927
Error: error_code = 30; This profile is private; id = 579049293
Error: error_code = 30; This profile is private; id = 519043
Error: error_code = 30; This profile is private; id = 346861061
Error: error_code = 30; This profile is private; id = 265442339
Error: error_code = 30; This profile is private; id = 579621953
Error: error_code = 30; This profile is private; id = 565611055
Error: error_code = 15; Access denied: user deactivated; id = 225244670
Error: error_code = 30; This profile is private; id = 606905674
Error: error_code = 30; This profile is private; id = 510816099
Error: error_code = 15; Access denied: user deactivated; id = 251671125
Error: error_code = 30; This profile is private; id = 274567209
Error: error_code = 15; Access denied: user deactivated; id = 553033892
Error: error_code = 30; This profile is private; id = 576391364
Error: error_code = 15; Access denied: user deactivated; id = 146367051
Error: error_code = 30; This profile is private; id = 371639892
Error: error_code = 30; This profile is private; id = 504960614
Error: error_code = 30; This profile is private; id = 703076955
Error: error_code = 15; Access denied: user deactivated; id = 214934959
Error: error_code = 30; This profile is private; id = 170484730
Error: error_code = 15; Access denied: user deactivated; id = 221153020
Error: error_code = 15; Access denied: user deactivated; id = 295352499
Error: error_code = 30; This profile is private; id = 394497206
Error: error_code = 15; Access denied: user deactivated; id = 445729374
Error: error_code = 15; Access denied: user deactivated; id = 699196214
Error: error_code = 15; Access denied: user deactivated; id = 255812449
Error: error_code = 30; This profile is private; id = 677036781
Error: error_code = 15; Access denied: user deactivated; id = 230341604
Error: error_code = 30; This profile is private; id = 355067914
Error: error_code = 30; This profile is private; id = 574321120
Error: error_code = 30; This profile is private; id = 256191305
Error: error_code = 30; This profile is private; id = 207094660
Error: error_code = 30; This profile is private; id = 292203390
Error: error_code = 15; Access denied: user deactivated; id = 369275725
Error: error_code = 30; This profile is private; id = 486922065
Error: error_code = 15; Access denied: user deactivated; id = 545620631
Error: error_code = 30; This profile is private; id = 353268691
Error: error_code = 30; This profile is private; id = 678288527
Error: error_code = 15; Access denied: user deactivated; id = 247599435
Error: error_code = 30; This profile is private; id = 297163789
Error: error_code = 30; This profile is private; id = 501591588
Error: error_code = 30; This profile is private; id = 97387339
Error: error_code = 30; This profile is private; id = 559976180
Error: error_code = 30; This profile is private; id = 354995803
Error: error_code = 30; This profile is private; id = 61729879
Error: error_code = 30; This profile is private; id = 467588214
Error: error_code = 30; This profile is private; id = 131801223
Error: error_code = 30; This profile is private; id = 177477620
Error: error_code = 30; This profile is private; id = 633140553
Error: error_code = 15; Access denied: user deactivated; id = 269368618
Error: error_code = 15; Access denied: user deactivated; id = 495515877
Error: error_code = 15; Access denied: user deactivated; id = 683308326
Error: error_code = 30; This profile is private; id = 57045665
Error: error_code = 30; This profile is private; id = 491582352
Error: error_code = 15; Access denied: user deactivated; id = 549071434
Error: error_code = 30; This profile is private; id = 276536838
Error: error_code = 30; This profile is private; id = 45843930
Error: error_code = 30; This profile is private; id = 232100064
Error: error_code = 15; Access denied: user deactivated; id = 452032822
Error: error_code = 30; This profile is private; id = 31898482
Error: error_code = 30; This profile is private; id = 579579709
Error: error_code = 30; This profile is private; id = 317884285
Error: error_code = 30; This profile is private; id = 226386732
Error: error_code = 30; This profile is private; id = 438071416
Error: error_code = 30; This profile is private; id = 851773
Error: error_code = 30; This profile is private; id = 338935591
Error: error_code = 30; This profile is private; id = 491694495
Error: error_code = 30; This profile is private; id = 479749431
Error: error_code = 15; Access denied: user deactivated; id = 116613062
Error: error_code = 15; Access denied: user deactivated; id = 284267199
Error: error_code = 15; Access denied: user deactivated; id = 298874929
Error: error_code = 30; This profile is private; id = 487037915
Error: error_code = 30; This profile is private; id = 576853380
Error: error_code = 15; Access denied: user deactivated; id = 167498029
Error: error_code = 15; Access denied: user deactivated; id = 20714771
Error: error_code = 30; This profile is private; id = 14963627
Error: error_code = 30; This profile is private; id = 657663128
Error: error_code = 15; Access denied: user deactivated; id = 358641446
Error: error_code = 15; Access denied: user deactivated; id = 348719043
Error: error_code = 30; This profile is private; id = 320966257
Error: error_code = 15; Access denied: user deactivated; id = 355499030
Error: error_code = 30; This profile is private; id = 82424939
Error: error_code = 30; This profile is private; id = 587911253
Error: error_code = 30; This profile is private; id = 13784916
Error: error_code = 30; This profile is private; id = 155319566
Error: error_code = 30; This profile is private; id = 53730991
Error: error_code = 15; Access denied: user deactivated; id = 453936955
Error: error_code = 30; This profile is private; id = 327840276
Error: error_code = 15; Access denied: user deactivated; id = 44633016
Error: error_code = 30; This profile is private; id = 166611194
Error: error_code = 30; This profile is private; id = 306405293
Error: error_code = 15; Access denied: user deactivated; id = 509678863
Error: error_code = 30; This profile is private; id = 158206309
Error: error_code = 15; Access denied: user deactivated; id = 425332338
Error: error_code = 30; This profile is private; id = 30650056
Error: error_code = 30; This profile is private; id = 653115113
Error: error_code = 15; Access denied: user deactivated; id = 237532486
Error: error_code = 30; This profile is private; id = 63043651
Error: error_code = 30; This profile is private; id = 8704604
Error: error_code = 30; This profile is private; id = 361414320
Error: error_code = 30; This profile is private; id = 197394649
Error: error_code = 30; This profile is private; id = 332140995
Error: error_code = 30; This profile is private; id = 310766734
Error: error_code = 30; This profile is private; id = 91581264
Error: error_code = 15; Access denied: user deactivated; id = 213212448
Error: error_code = 15; Access denied: user deactivated; id = 420015829
Error: error_code = 15; Access denied: user deactivated; id = 468520383
Error: error_code = 15; Access denied: user deactivated; id = 266223648
Error: error_code = 15; Access denied: user deactivated; id = 308355139
Error: error_code = 15; Access denied: user deactivated; id = 4480757
Error: error_code = 30; This profile is private; id = 150502865
Error: error_code = 30; This profile is private; id = 357406531
Error: error_code = 15; Access denied: user deactivated; id = 491622562
Error: error_code = 30; This profile is private; id = 501812962
Error: error_code = 30; This profile is private; id = 74204234
Error: error_code = 15; Access denied: user deactivated; id = 518485039
Error: error_code = 30; This profile is private; id = 423006872
Error: error_code = 30; This profile is private; id = 561321429
Error: error_code = 30; This profile is private; id = 262181447
Error: error_code = 15; Access denied: user deactivated; id = 351899192
Error: error_code = 30; This profile is private; id = 233265496
Error: error_code = 30; This profile is private; id = 348903199
Error: error_code = 15; Access denied: user deactivated; id = 429455969
Error: error_code = 30; This profile is private; id = 70581710
Error: error_code = 30; This profile is private; id = 200866032
Error: error_code = 30; This profile is private; id = 667724333
Error: error_code = 30; This profile is private; id = 18544130
Error: error_code = 30; This profile is private; id = 455696273
Error: error_code = 15; Access denied: user deactivated; id = 44829119
Error: error_code = 15; Access denied: user deactivated; id = 287901470
Error: error_code = 30; This profile is private; id = 617662837
Error: error_code = 30; This profile is private; id = 610044119
Error: error_code = 30; This profile is private; id = 255145239
Error: error_code = 30; This profile is private; id = 247660571
Error: error_code = 30; This profile is private; id = 584587689
Error: error_code = 30; This profile is private; id = 447447847
Error: error_code = 30; This profile is private; id = 7646197
Error: error_code = 15; Access denied: user deactivated; id = 248472889
Error: error_code = 15; Access denied: user deactivated; id = 483654456
Error: error_code = 30; This profile is private; id = 561835498
Error: error_code = 15; Access denied: user deactivated; id = 34594810
Error: error_code = 30; This profile is private; id = 669841220
Error: error_code = 30; This profile is private; id = 476442143
Error: error_code = 30; This profile is private; id = 52652508
Error: error_code = 30; This profile is private; id = 60168626
Error: error_code = 15; Access denied: user deactivated; id = 257135211
Error: error_code = 30; This profile is private; id = 9508776
Error: error_code = 15; Access denied: user deactivated; id = 715189437
Error: error_code = 15; Access denied: user deactivated; id = 340771957
Error: error_code = 15; Access denied: user deactivated; id = 448247104
Error: error_code = 15; Access denied: user deactivated; id = 242674054
Error: error_code = 15; Access denied: user deactivated; id = 412300366
Error: error_code = 30; This profile is private; id = 122834082
Error: error_code = 15; Access denied: user deactivated; id = 175696613
Error: error_code = 30; This profile is private; id = 533241220
Error: error_code = 15; Access denied: user deactivated; id = 280134044
Error: error_code = 30; This profile is private; id = 560486844
Error: error_code = 15; Access denied: user deactivated; id = 519217472
Error: error_code = 30; This profile is private; id = 61024528
Error: error_code = 30; This profile is private; id = 8957185
Error: error_code = 30; This profile is private; id = 88923664
Error: error_code = 30; This profile is private; id = 428896235
Error: error_code = 30; This profile is private; id = 180516182
Error: error_code = 30; This profile is private; id = 559779074
Error: error_code = 30; This profile is private; id = 548424548
Error: error_code = 30; This profile is private; id = 582607415
Error: error_code = 30; This profile is private; id = 21476028
Error: error_code = 30; This profile is private; id = 43315675
Error: error_code = 30; This profile is private; id = 139472040
Error: error_code = 15; Access denied: user deactivated; id = 483057701
Error: error_code = 30; This profile is private; id = 104296355
Error: error_code = 15; Access denied: user deactivated; id = 510780490
Error: error_code = 30; This profile is private; id = 293959119
Error: error_code = 30; This profile is private; id = 91053319
Error: error_code = 30; This profile is private; id = 137866283
Error: error_code = 15; Access denied: user deactivated; id = 710120427
Error: error_code = 30; This profile is private; id = 474911719
Error: error_code = 30; This profile is private; id = 482555587
Error: error_code = 30; This profile is private; id = 582737818
Error: error_code = 30; This profile is private; id = 551366404
Error: error_code = 15; Access denied: user deactivated; id = 236182547
Error: error_code = 30; This profile is private; id = 247251138
Error: error_code = 30; This profile is private; id = 139154825
Error: error_code = 30; This profile is private; id = 323383852
Error: error_code = 30; This profile is private; id = 135143442
Error: error_code = 15; Access denied: user deactivated; id = 376935569
Error: error_code = 30; This profile is private; id = 479722876
Error: error_code = 15; Access denied: user deactivated; id = 401139112
Error: error_code = 30; This profile is private; id = 180032853
Error: error_code = 30; This profile is private; id = 318604906
Error: error_code = 30; This profile is private; id = 558322330
Error: error_code = 30; This profile is private; id = 134545872
Error: error_code = 15; Access denied: user deactivated; id = 106480992
Error: error_code = 30; This profile is private; id = 632485581
Error: error_code = 30; This profile is private; id = 538283571
Error: error_code = 15; Access denied: user deactivated; id = 270629558
Error: error_code = 15; Access denied: user deactivated; id = 470969643
Error: error_code = 15; Access denied: user deactivated; id = 494387967
Error: error_code = 30; This profile is private; id = 357476369
Error: error_code = 30; This profile is private; id = 35608732
Error: error_code = 30; This profile is private; id = 182978993
Error: error_code = 30; This profile is private; id = 142632365
Error: error_code = 15; Access denied: user deactivated; id = 468334944
Error: error_code = 30; This profile is private; id = 713298771
Error: error_code = 30; This profile is private; id = 691261809
Error: error_code = 15; Access denied: user deactivated; id = 267161693
Error: error_code = 30; This profile is private; id = 235659493
Error: error_code = 30; This profile is private; id = 298409041
Error: error_code = 15; Access denied: user deactivated; id = 281780912
Error: error_code = 30; This profile is private; id = 681074977
Error: error_code = 30; This profile is private; id = 375240493
Error: error_code = 30; This profile is private; id = 203254276
Error: error_code = 30; This profile is private; id = 89215623
Error: error_code = 30; This profile is private; id = 92067889
Error: error_code = 30; This profile is private; id = 80372404
Error: error_code = 15; Access denied: user deactivated; id = 98406088
Error: error_code = 30; This profile is private; id = 124555082
Error: error_code = 15; Access denied: user deactivated; id = 424495743
Error: error_code = 30; This profile is private; id = 258195038
Error: error_code = 30; This profile is private; id = 639123157
Error: error_code = 30; This profile is private; id = 157761530
Error: error_code = 30; This profile is private; id = 192326995
Error: error_code = 30; This profile is private; id = 603428871
Error: error_code = 15; Access denied: user deactivated; id = 484842241
Error: error_code = 15; Access denied: user deactivated; id = 342872010
Error: error_code = 30; This profile is private; id = 652362210
Error: error_code = 15; Access denied: user deactivated; id = 353127032
Error: error_code = 30; This profile is private; id = 405762524
Error: error_code = 15; Access denied: user deactivated; id = 265225022
Error: error_code = 30; This profile is private; id = 119767775
Error: error_code = 30; This profile is private; id = 152973711
Error: error_code = 15; Access denied: user deactivated; id = 31303519
Error: error_code = 30; This profile is private; id = 231242585
Error: error_code = 30; This profile is private; id = 499775429
Error: error_code = 30; This profile is private; id = 33021247
Error: error_code = 30; This profile is private; id = 6483879
Error: error_code = 30; This profile is private; id = 162846023
Error: error_code = 15; Access denied: user deactivated; id = 418922151
Error: error_code = 15; Access denied: user deactivated; id = 686515330
Error: error_code = 30; This profile is private; id = 233737990
Error: error_code = 15; Access denied: user deactivated; id = 477401742
Error: error_code = 30; This profile is private; id = 578755768
Error: error_code = 15; Access denied: user deactivated; id = 631579568
Error: error_code = 15; Access denied: user deactivated; id = 370973270
Error: error_code = 30; This profile is private; id = 289925151
Error: error_code = 30; This profile is private; id = 675811971
Error: error_code = 30; This profile is private; id = 203676707
Error: error_code = 30; This profile is private; id = 160581490
Error: error_code = 30; This profile is private; id = 455401395
Error: error_code = 30; This profile is private; id = 495128346
Error: error_code = 15; Access denied: user deactivated; id = 415188554
Error: error_code = 30; This profile is private; id = 146715955
Error: error_code = 15; Access denied: user deactivated; id = 250713367
Error: error_code = 30; This profile is private; id = 80972928
Error: error_code = 30; This profile is private; id = 329736039
Error: error_code = 30; This profile is private; id = 539995046
Error: error_code = 30; This profile is private; id = 1275581
Error: error_code = 15; Access denied: user deactivated; id = 397591897
Error: error_code = 30; This profile is private; id = 252009315
Error: error_code = 15; Access denied: user deactivated; id = 423505890
Error: error_code = 15; Access denied: user deactivated; id = 178943986
Error: error_code = 30; This profile is private; id = 424589061
Error: error_code = 15; Access denied: user deactivated; id = 677767865
Error: error_code = 30; This profile is private; id = 549332311
Error: error_code = 15; Access denied: user deactivated; id = 299669205
Error: error_code = 15; Access denied: user deactivated; id = 569948436
Error: error_code = 30; This profile is private; id = 75669134
Error: error_code = 30; This profile is private; id = 562344322
Error: error_code = 30; This profile is private; id = 533344731
Error: error_code = 15; Access denied: user deactivated; id = 297514204
Error: error_code = 30; This profile is private; id = 179301162
Error: error_code = 30; This profile is private; id = 423774765
Error: error_code = 15; Access denied: user deactivated; id = 324470516
Error: error_code = 15; Access denied: user deactivated; id = 224073053
Error: error_code = 30; This profile is private; id = 666915158
Error: error_code = 15; Access denied: user deactivated; id = 50775866
Error: error_code = 15; Access denied: user deactivated; id = 710123058
Error: error_code = 15; Access denied: user deactivated; id = 19807492
Error: error_code = 30; This profile is private; id = 648328295
Error: error_code = 30; This profile is private; id = 679947226
Error: error_code = 15; Access denied: user deactivated; id = 526585454
Error: error_code = 30; This profile is private; id = 225822605
Error: error_code = 30; This profile is private; id = 608557140
Error: error_code = 30; This profile is private; id = 125390707
Error: error_code = 30; This profile is private; id = 564014996
Error: error_code = 15; Access denied: user deactivated; id = 253530464
Error: error_code = 30; This profile is private; id = 259801731
Error: error_code = 30; This profile is private; id = 640205055
Error: error_code = 30; This profile is private; id = 304522709
Error: error_code = 30; This profile is private; id = 174802652
Error: error_code = 30; This profile is private; id = 671153
Error: error_code = 30; This profile is private; id = 58335332
Error: error_code = 30; This profile is private; id = 291214308
Error: error_code = 30; This profile is private; id = 674559343
Error: error_code = 30; This profile is private; id = 136130232
Error: error_code = 30; This profile is private; id = 353572533
Error: error_code = 30; This profile is private; id = 182870395
Error: error_code = 30; This profile is private; id = 612565615
Error: error_code = 30; This profile is private; id = 322635042
Error: error_code = 15; Access denied: user deactivated; id = 563825255
Error: error_code = 15; Access denied: user deactivated; id = 428599795
Error: error_code = 15; Access denied: user deactivated; id = 635968780
Error: error_code = 30; This profile is private; id = 646037419
Error: error_code = 30; This profile is private; id = 601784479
Error: error_code = 30; This profile is private; id = 70797274
Error: error_code = 30; This profile is private; id = 59171238
Error: error_code = 30; This profile is private; id = 448507716
Error: error_code = 30; This profile is private; id = 258889920
Error: error_code = 15; Access denied: user deactivated; id = 715188622
Error: error_code = 15; Access denied: user deactivated; id = 560448739
Error: error_code = 30; This profile is private; id = 166676142
Error: error_code = 15; Access denied: user deactivated; id = 201979387
Error: error_code = 30; This profile is private; id = 158817184
Error: error_code = 30; This profile is private; id = 263448862
Error: error_code = 30; This profile is private; id = 96481095
Error: error_code = 15; Access denied: user deactivated; id = 422139008
Error: error_code = 30; This profile is private; id = 612554076
Error: error_code = 15; Access denied: user deactivated; id = 423379121
Error: error_code = 15; Access denied: user deactivated; id = 274610109
Error: error_code = 15; Access denied: user deactivated; id = 177945764
Error: error_code = 15; Access denied: user deactivated; id = 208323522
Error: error_code = 15; Access denied: user deactivated; id = 553978747
Error: error_code = 30; This profile is private; id = 587817454
Error: error_code = 30; This profile is private; id = 132684655
Error: error_code = 30; This profile is private; id = 81419312
Error: error_code = 30; This profile is private; id = 644666425
Error: error_code = 30; This profile is private; id = 162369549
Error: error_code = 30; This profile is private; id = 218802278
Error: error_code = 30; This profile is private; id = 38724664
Error: error_code = 15; Access denied: user deactivated; id = 261576529
Error: error_code = 30; This profile is private; id = 251129092
Error: error_code = 30; This profile is private; id = 414567360
Error: error_code = 15; Access denied: user deactivated; id = 82281791
Error: error_code = 15; Access denied: user deactivated; id = 243938664
Error: error_code = 15; Access denied: user deactivated; id = 275548242
Error: error_code = 30; This profile is private; id = 525745369
Error: error_code = 30; This profile is private; id = 140728903
Error: error_code = 30; This profile is private; id = 155020800
Error: error_code = 15; Access denied: user deactivated; id = 381162721
Error: error_code = 30; This profile is private; id = 39030342
Error: error_code = 30; This profile is private; id = 480935542
Error: error_code = 15; Access denied: user deactivated; id = 574391376
Error: error_code = 30; This profile is private; id = 651498576
Error: error_code = 30; This profile is private; id = 518593752
Error: error_code = 30; This profile is private; id = 301707629
Error: error_code = 30; This profile is private; id = 102266683
Error: error_code = 15; Access denied: user deactivated; id = 368959148
Error: error_code = 15; Access denied: user deactivated; id = 210320406
Error: error_code = 15; Access denied: user deactivated; id = 107447795
Error: error_code = 15; Access denied: user deactivated; id = 191180679
Error: error_code = 15; Access denied: user deactivated; id = 347414130
Error: error_code = 15; Access denied: user deactivated; id = 147070533
Error: error_code = 30; This profile is private; id = 138074097
Error: error_code = 15; Access denied: user deactivated; id = 140080269
Error: error_code = 30; This profile is private; id = 234866151
Error: error_code = 30; This profile is private; id = 155924907
Error: error_code = 15; Access denied: user deactivated; id = 423081551
Error: error_code = 30; This profile is private; id = 41409676
Error: error_code = 15; Access denied: user deactivated; id = 406003632
Error: error_code = 15; Access denied: user deactivated; id = 545100617
Error: error_code = 30; This profile is private; id = 549258268
Error: error_code = 15; Access denied: user deactivated; id = 304179648
Error: error_code = 30; This profile is private; id = 1686899
Error: error_code = 30; This profile is private; id = 42085071
Error: error_code = 15; Access denied: user deactivated; id = 283271666
Error: error_code = 15; Access denied: user deactivated; id = 201001475
Error: error_code = 30; This profile is private; id = 704537962
Error: error_code = 30; This profile is private; id = 1468735
Error: error_code = 30; This profile is private; id = 540599320
Error: error_code = 15; Access denied: user deactivated; id = 132812788
Error: error_code = 30; This profile is private; id = 456675050
Error: error_code = 15; Access denied: user deactivated; id = 173674770
Error: error_code = 30; This profile is private; id = 23491626
Error: error_code = 30; This profile is private; id = 147549789
Error: error_code = 30; This profile is private; id = 131699681
Error: error_code = 15; Access denied: user deactivated; id = 282716650
Error: error_code = 30; This profile is private; id = 92065515
Error: error_code = 15; Access denied: user deactivated; id = 202128267
Error: error_code = 15; Access denied: user deactivated; id = 55520705
Error: error_code = 30; This profile is private; id = 688911987
Error: error_code = 15; Access denied: user deactivated; id = 308455103
Error: error_code = 30; This profile is private; id = 34264021
Error: error_code = 15; Access denied: user deactivated; id = 432592292
Error: error_code = 30; This profile is private; id = 283245998
Error: error_code = 30; This profile is private; id = 544259400
Error: error_code = 15; Access denied: user deactivated; id = 424616247
Error: error_code = 30; This profile is private; id = 241113813
Error: error_code = 15; Access denied: user deactivated; id = 224934010
Error: error_code = 15; Access denied: user deactivated; id = 189240713
Error: error_code = 30; This profile is private; id = 562399950
Error: error_code = 30; This profile is private; id = 591079554
Error: error_code = 30; This profile is private; id = 3781742
Error: error_code = 15; Access denied: user deactivated; id = 351600902
Error: error_code = 30; This profile is private; id = 182021280
Error: error_code = 15; Access denied: user deactivated; id = 317381240
Error: error_code = 30; This profile is private; id = 161466181
Error: error_code = 15; Access denied: user deactivated; id = 228662456
Error: error_code = 30; This profile is private; id = 690667710
Error: error_code = 15; Access denied: user deactivated; id = 184333939
Error: error_code = 30; This profile is private; id = 153547675
Error: error_code = 30; This profile is private; id = 462910877
Error: error_code = 15; Access denied: user deactivated; id = 373433577
Error: error_code = 30; This profile is private; id = 238109395
Error: error_code = 30; This profile is private; id = 609304280
Error: error_code = 30; This profile is private; id = 554406344
Error: error_code = 15; Access denied: user deactivated; id = 605374530
Error: error_code = 30; This profile is private; id = 648053205
Error: error_code = 15; Access denied: user deactivated; id = 188256928
Error: error_code = 15; Access denied: user deactivated; id = 212931823
Error: error_code = 30; This profile is private; id = 597475671
Error: error_code = 15; Access denied: user deactivated; id = 394495269
Error: error_code = 15; Access denied: user deactivated; id = 566103154
Error: error_code = 30; This profile is private; id = 574532510
Error: error_code = 15; Access denied: user deactivated; id = 626907268
Error: error_code = 30; This profile is private; id = 351713523
Error: error_code = 30; This profile is private; id = 491532317
Error: error_code = 30; This profile is private; id = 98882479
Error: error_code = 30; This profile is private; id = 15599924
Error: error_code = 15; Access denied: user deactivated; id = 219374783
Error: error_code = 15; Access denied: user deactivated; id = 235566121
Error: error_code = 15; Access denied: user deactivated; id = 606359491
Error: error_code = 30; This profile is private; id = 325578809
Error: error_code = 30; This profile is private; id = 105865959
Error: error_code = 15; Access denied: user deactivated; id = 377254033
Error: error_code = 30; This profile is private; id = 864331
Error: error_code = 15; Access denied: user deactivated; id = 299296786
Error: error_code = 15; Access denied: user deactivated; id = 146712626
Error: error_code = 30; This profile is private; id = 272534086
Error: error_code = 15; Access denied: user deactivated; id = 649847409
Error: error_code = 15; Access denied: user deactivated; id = 336321503
Error: error_code = 30; This profile is private; id = 28942535
Error: error_code = 15; Access denied: user deactivated; id = 397137180
Error: error_code = 15; Access denied: user deactivated; id = 199843285
Error: error_code = 15; Access denied: user deactivated; id = 176738042
Error: error_code = 15; Access denied: user deactivated; id = 353827187
Error: error_code = 30; This profile is private; id = 17314774
Error: error_code = 30; This profile is private; id = 11476334
Error: error_code = 30; This profile is private; id = 621894274
Error: error_code = 15; Access denied: user deactivated; id = 109589549
Error: error_code = 30; This profile is private; id = 579118017
Error: error_code = 30; This profile is private; id = 618396104
Error: error_code = 15; Access denied: user deactivated; id = 660347243
Error: error_code = 15; Access denied: user deactivated; id = 401001983
Error: error_code = 30; This profile is private; id = 306465028
Error: error_code = 15; Access denied: user deactivated; id = 422567336
Error: error_code = 15; Access denied: user deactivated; id = 405878727
Error: error_code = 30; This profile is private; id = 148265264
Error: error_code = 15; Access denied: user deactivated; id = 353679224
Error: error_code = 15; Access denied: user deactivated; id = 205730713
Error: error_code = 30; This profile is private; id = 344078523
Error: error_code = 15; Access denied: user deactivated; id = 290790692
Error: error_code = 30; This profile is private; id = 696328787
Error: error_code = 30; This profile is private; id = 569230818
Error: error_code = 30; This profile is private; id = 45261960
Error: error_code = 30; This profile is private; id = 347025644
Error: error_code = 30; This profile is private; id = 285878288
Error: error_code = 30; This profile is private; id = 7811097
Error: error_code = 15; Access denied: user deactivated; id = 394255375
Error: error_code = 30; This profile is private; id = 101195713
Error: error_code = 30; This profile is private; id = 182222543
Error: error_code = 15; Access denied: user deactivated; id = 492357880
Error: error_code = 30; This profile is private; id = 525380647
Error: error_code = 15; Access denied: user deactivated; id = 539905647
Error: error_code = 15; Access denied: user deactivated; id = 398495286
Error: error_code = 30; This profile is private; id = 654981616
Error: error_code = 30; This profile is private; id = 527312031
Error: error_code = 15; Access denied: user deactivated; id = 661403180
Error: error_code = 15; Access denied: user deactivated; id = 601246827
Error: error_code = 15; Access denied: user deactivated; id = 228237108
Error: error_code = 30; This profile is private; id = 286297927
Error: error_code = 30; This profile is private; id = 169541369
Error: error_code = 30; This profile is private; id = 111407725
Error: error_code = 15; Access denied: user deactivated; id = 300318735
Error: error_code = 30; This profile is private; id = 212164762
Error: error_code = 15; Access denied: user deactivated; id = 399143260
Error: error_code = 30; This profile is private; id = 714800479
Error: error_code = 15; Access denied: user deactivated; id = 277432089
Error: error_code = 30; This profile is private; id = 248438198
Error: error_code = 30; This profile is private; id = 194531712
Error: error_code = 30; This profile is private; id = 607059912
Error: error_code = 30; This profile is private; id = 401472459
Error: error_code = 15; Access denied: user deactivated; id = 206316623
Error: error_code = 30; This profile is private; id = 463897242
Error: error_code = 15; Access denied: user deactivated; id = 391736695
Error: error_code = 15; Access denied: user deactivated; id = 426078248
Error: error_code = 30; This profile is private; id = 290531842
Error: error_code = 15; Access denied: user deactivated; id = 408613570
Error: error_code = 30; This profile is private; id = 524972151
Error: error_code = 15; Access denied: user deactivated; id = 687926121
Error: error_code = 30; This profile is private; id = 5424224
Error: error_code = 30; This profile is private; id = 569493398
Error: error_code = 30; This profile is private; id = 526230077
Error: error_code = 30; This profile is private; id = 170728329
Error: error_code = 30; This profile is private; id = 353510990
Error: error_code = 30; This profile is private; id = 390885666
Error: error_code = 30; This profile is private; id = 201862749
Error: error_code = 30; This profile is private; id = 223724168
Error: error_code = 30; This profile is private; id = 541562936
Error: error_code = 30; This profile is private; id = 493709720
Error: error_code = 30; This profile is private; id = 513093882
Error: error_code = 15; Access denied: user deactivated; id = 163504729
Error: error_code = 30; This profile is private; id = 9329381
Error: error_code = 15; Access denied: user deactivated; id = 213685296
Error: error_code = 15; Access denied: user deactivated; id = 436423528
Error: error_code = 30; This profile is private; id = 102021585
Error: error_code = 30; This profile is private; id = 513438645
Error: error_code = 15; Access denied: user deactivated; id = 599846507
Error: error_code = 15; Access denied: user deactivated; id = 413225105
Error: error_code = 15; Access denied: user deactivated; id = 165824754
Error: error_code = 30; This profile is private; id = 415236801
Error: error_code = 15; Access denied: user deactivated; id = 201670505
Error: error_code = 30; This profile is private; id = 560434240
Error: error_code = 30; This profile is private; id = 257022712
Error: error_code = 30; This profile is private; id = 569550486
Error: error_code = 30; This profile is private; id = 74582023
Error: error_code = 30; This profile is private; id = 380713372
Error: error_code = 15; Access denied: user deactivated; id = 667071874
Error: error_code = 30; This profile is private; id = 341080850
Error: error_code = 15; Access denied: user deactivated; id = 30293340
Error: error_code = 30; This profile is private; id = 49067729
Error: error_code = 30; This profile is private; id = 291589156
Error: error_code = 30; This profile is private; id = 587258520
Error: error_code = 30; This profile is private; id = 528390564
Error: error_code = 30; This profile is private; id = 491225551
Error: error_code = 30; This profile is private; id = 592643145
Error: error_code = 30; This profile is private; id = 688894705
Error: error_code = 30; This profile is private; id = 84690287
Error: error_code = 15; Access denied: user deactivated; id = 425999569
Error: error_code = 15; Access denied: user deactivated; id = 354893793
Error: error_code = 15; Access denied: user deactivated; id = 209599386
Error: error_code = 30; This profile is private; id = 407670014
Error: error_code = 30; This profile is private; id = 714911071
Error: error_code = 30; This profile is private; id = 561339198
Error: error_code = 30; This profile is private; id = 96082542
Error: error_code = 30; This profile is private; id = 584221380
Error: error_code = 15; Access denied: user deactivated; id = 341847468
Error: error_code = 15; Access denied: user deactivated; id = 369138645
Error: error_code = 30; This profile is private; id = 618059569
Error: error_code = 30; This profile is private; id = 347096748
Error: error_code = 30; This profile is private; id = 632378678
Error: error_code = 30; This profile is private; id = 565886566
Error: error_code = 30; This profile is private; id = 634254168
Error: error_code = 30; This profile is private; id = 63249069
Error: error_code = 30; This profile is private; id = 216643445
Error: error_code = 15; Access denied: user deactivated; id = 216647148
Error: error_code = 30; This profile is private; id = 331776020
Error: error_code = 30; This profile is private; id = 6088398
Error: error_code = 30; This profile is private; id = 194149466
Error: error_code = 15; Access denied: user deactivated; id = 498218659
Error: error_code = 15; Access denied: user deactivated; id = 715222348
Error: error_code = 15; Access denied: user deactivated; id = 2075235
Error: error_code = 15; Access denied: user deactivated; id = 402430457
Error: error_code = 30; This profile is private; id = 638347827
Error: error_code = 30; This profile is private; id = 628131748
Error: error_code = 30; This profile is private; id = 50493750
Error: error_code = 30; This profile is private; id = 105558183
Error: error_code = 30; This profile is private; id = 509066990
Error: error_code = 30; This profile is private; id = 257408748
Error: error_code = 30; This profile is private; id = 386901032
Error: error_code = 30; This profile is private; id = 458115850
Error: error_code = 30; This profile is private; id = 680870664
Error: error_code = 15; Access denied: user deactivated; id = 322958776
Error: error_code = 30; This profile is private; id = 513075326
Error: error_code = 15; Access denied: user deactivated; id = 356137425
Error: error_code = 15; Access denied: user deactivated; id = 354645348
Error: error_code = 30; This profile is private; id = 578452671
Error: error_code = 30; This profile is private; id = 539932153
Error: error_code = 30; This profile is private; id = 216557369
Error: error_code = 30; This profile is private; id = 144678848
Error: error_code = 30; This profile is private; id = 387603774
Error: error_code = 15; Access denied: user deactivated; id = 715041772
Error: error_code = 30; This profile is private; id = 222449286
Error: error_code = 30; This profile is private; id = 140962046
Error: error_code = 30; This profile is private; id = 485914614
Error: error_code = 15; Access denied: user deactivated; id = 528051774
Error: error_code = 30; This profile is private; id = 616365711
Error: error_code = 15; Access denied: user deactivated; id = 230805538
Error: error_code = 30; This profile is private; id = 705298969
Error: error_code = 15; Access denied: user deactivated; id = 303860346
Error: error_code = 30; This profile is private; id = 464011231
Error: error_code = 30; This profile is private; id = 535146652
Error: error_code = 30; This profile is private; id = 479284479
Error: error_code = 15; Access denied: user deactivated; id = 321423715
Error: error_code = 30; This profile is private; id = 46221049
Error: error_code = 15; Access denied: user deactivated; id = 61848833
Error: error_code = 30; This profile is private; id = 123234605
Error: error_code = 30; This profile is private; id = 503655639
Error: error_code = 30; This profile is private; id = 478385411
Error: error_code = 30; This profile is private; id = 517918733
Error: error_code = 15; Access denied: user deactivated; id = 541813619
Error: error_code = 30; This profile is private; id = 8212243
Error: error_code = 30; This profile is private; id = 433981196
Error: error_code = 30; This profile is private; id = 66022210
Error: error_code = 30; This profile is private; id = 333629162
Error: error_code = 30; This profile is private; id = 7398103
Error: error_code = 30; This profile is private; id = 585567546
Error: error_code = 30; This profile is private; id = 51128144
Error: error_code = 30; This profile is private; id = 228245878
Error: error_code = 15; Access denied: user deactivated; id = 371390854
Error: error_code = 30; This profile is private; id = 419363366
Error: error_code = 30; This profile is private; id = 84285125
Error: error_code = 30; This profile is private; id = 241697316
Error: error_code = 30; This profile is private; id = 425088115
Error: error_code = 30; This profile is private; id = 326407608
Error: error_code = 30; This profile is private; id = 498427854
Error: error_code = 30; This profile is private; id = 35553704
Error: error_code = 30; This profile is private; id = 32082400
Error: error_code = 15; Access denied: user deactivated; id = 418368515
Error: error_code = 30; This profile is private; id = 408117962
Error: error_code = 30; This profile is private; id = 1701001
Error: error_code = 30; This profile is private; id = 186112924
Error: error_code = 30; This profile is private; id = 566500243
Error: error_code = 30; This profile is private; id = 155769582
Error: error_code = 30; This profile is private; id = 251309365
Error: error_code = 30; This profile is private; id = 710286309
Error: error_code = 30; This profile is private; id = 695024019
Error: error_code = 30; This profile is private; id = 16408070
Error: error_code = 30; This profile is private; id = 357057503
Error: error_code = 15; Access denied: user deactivated; id = 539567575
Error: error_code = 30; This profile is private; id = 704782412
Error: error_code = 30; This profile is private; id = 577668449
Error: error_code = 30; This profile is private; id = 4638585
Error: error_code = 15; Access denied: user deactivated; id = 137253417
Error: error_code = 30; This profile is private; id = 112606467
Error: error_code = 30; This profile is private; id = 429795324
Error: error_code = 30; This profile is private; id = 471568810
Error: error_code = 30; This profile is private; id = 687616381
Error: error_code = 30; This profile is private; id = 136994819
Error: error_code = 15; Access denied: user deactivated; id = 260767358
Error: error_code = 15; Access denied: user deactivated; id = 528680795
Error: error_code = 30; This profile is private; id = 168464860
Error: error_code = 30; This profile is private; id = 257019262
Error: error_code = 30; This profile is private; id = 56303270
Error: error_code = 30; This profile is private; id = 76690086
Error: error_code = 30; This profile is private; id = 307893147
Error: error_code = 30; This profile is private; id = 446271158
Error: error_code = 30; This profile is private; id = 547250193
Error: error_code = 15; Access denied: user deactivated; id = 714552449
Error: error_code = 30; This profile is private; id = 80586368
Error: error_code = 15; Access denied: user deactivated; id = 338743752
Error: error_code = 30; This profile is private; id = 551810867
Error: error_code = 30; This profile is private; id = 609190752
Error: error_code = 30; This profile is private; id = 675314733
Error: error_code = 30; This profile is private; id = 181933001
Error: error_code = 15; Access denied: user deactivated; id = 439191697
Error: error_code = 15; Access denied: user deactivated; id = 421786129
Error: error_code = 15; Access denied: user deactivated; id = 282324986
Error: error_code = 15; Access denied: user deactivated; id = 337419513
Error: error_code = 30; This profile is private; id = 13814974
Error: error_code = 30; This profile is private; id = 517550155
Error: error_code = 15; Access denied: user deactivated; id = 420521058
Error: error_code = 30; This profile is private; id = 242428854
Error: error_code = 30; This profile is private; id = 601664553
Error: error_code = 30; This profile is private; id = 659981580
Error: error_code = 30; This profile is private; id = 43116614
Error: error_code = 15; Access denied: user deactivated; id = 355341082
Error: error_code = 15; Access denied: user deactivated; id = 539261289
Error: error_code = 15; Access denied: user deactivated; id = 707416554
Error: error_code = 15; Access denied: user deactivated; id = 174134350
Error: error_code = 30; This profile is private; id = 484257684
Error: error_code = 30; This profile is private; id = 179888625
Error: error_code = 30; This profile is private; id = 62307510
Error: error_code = 30; This profile is private; id = 5713545
Error: error_code = 30; This profile is private; id = 41134256
Error: error_code = 30; This profile is private; id = 22656265
Error: error_code = 15; Access denied: user deactivated; id = 534248127
Error: error_code = 15; Access denied: user deactivated; id = 159790727
Error: error_code = 30; This profile is private; id = 280655794
Error: error_code = 15; Access denied: user deactivated; id = 401879499
Error: error_code = 15; Access denied: user deactivated; id = 221613610
Error: error_code = 30; This profile is private; id = 326161912
Error: error_code = 30; This profile is private; id = 247094007
Error: error_code = 15; Access denied: user deactivated; id = 200653418
Error: error_code = 30; This profile is private; id = 251959631
Error: error_code = 30; This profile is private; id = 622589261
Error: error_code = 15; Access denied: user deactivated; id = 115441111
Error: error_code = 30; This profile is private; id = 288931663
Error: error_code = 15; Access denied: user deactivated; id = 629640024
Error: error_code = 30; This profile is private; id = 270136032
Error: error_code = 15; Access denied: user deactivated; id = 559239639
Error: error_code = 30; This profile is private; id = 369960264
Error: error_code = 30; This profile is private; id = 384029718
Error: error_code = 30; This profile is private; id = 31327788
Error: error_code = 15; Access denied: user deactivated; id = 431453957
Error: error_code = 30; This profile is private; id = 54380993
Error: error_code = 30; This profile is private; id = 546588416
Error: error_code = 30; This profile is private; id = 26558317
Error: error_code = 15; Access denied: user deactivated; id = 203853380
Error: error_code = 30; This profile is private; id = 681540580
Error: error_code = 30; This profile is private; id = 471712158
Error: error_code = 15; Access denied: user deactivated; id = 215686457
Error: error_code = 30; This profile is private; id = 532790354
Error: error_code = 15; Access denied: user deactivated; id = 191916475
Error: error_code = 15; Access denied: user deactivated; id = 54735316
Error: error_code = 15; Access denied: user deactivated; id = 218276117
Error: error_code = 30; This profile is private; id = 197111333
Error: error_code = 30; This profile is private; id = 291762582
Error: error_code = 30; This profile is private; id = 142878972
Error: error_code = 30; This profile is private; id = 580247136
Error: error_code = 30; This profile is private; id = 464299853
Error: error_code = 15; Access denied: user deactivated; id = 87740840
Error: error_code = 30; This profile is private; id = 236353836
Error: error_code = 30; This profile is private; id = 420473134
Error: error_code = 30; This profile is private; id = 333492973
Error: error_code = 30; This profile is private; id = 576121689
Error: error_code = 30; This profile is private; id = 260327895
Error: error_code = 30; This profile is private; id = 286319375
Error: error_code = 30; This profile is private; id = 267575224
Error: error_code = 30; This profile is private; id = 236436699
Error: error_code = 30; This profile is private; id = 43700102
Error: error_code = 15; Access denied: user deactivated; id = 328834051
Error: error_code = 15; Access denied: user deactivated; id = 556579233
Error: error_code = 30; This profile is private; id = 616012624
Error: error_code = 15; Access denied: user deactivated; id = 226871907
Error: error_code = 15; Access denied: user deactivated; id = 666697524
Error: error_code = 30; This profile is private; id = 225996691
Error: error_code = 30; This profile is private; id = 204856851
Error: error_code = 30; This profile is private; id = 222822705
Error: error_code = 30; This profile is private; id = 167481716
Error: error_code = 15; Access denied: user deactivated; id = 402522152
Error: error_code = 30; This profile is private; id = 155838706
Error: error_code = 30; This profile is private; id = 348034750
Error: error_code = 30; This profile is private; id = 145643699
Error: error_code = 30; This profile is private; id = 194695191
Error: error_code = 30; This profile is private; id = 342050140
Error: error_code = 30; This profile is private; id = 201948558
Error: error_code = 30; This profile is private; id = 681865279
Error: error_code = 15; Access denied: user deactivated; id = 526893294
Error: error_code = 30; This profile is private; id = 12238482
Error: error_code = 30; This profile is private; id = 688658274
Error: error_code = 15; Access denied: user deactivated; id = 306721249
Error: error_code = 15; Access denied: user deactivated; id = 273940981
Error: error_code = 30; This profile is private; id = 491668401
Error: error_code = 30; This profile is private; id = 470171257
Error: error_code = 30; This profile is private; id = 166607673
Error: error_code = 30; This profile is private; id = 223441526
Error: error_code = 30; This profile is private; id = 564665005
Error: error_code = 30; This profile is private; id = 636623472
Error: error_code = 30; This profile is private; id = 112106782
Error: error_code = 30; This profile is private; id = 268139991
Error: error_code = 15; Access denied: user deactivated; id = 360674960
Error: error_code = 30; This profile is private; id = 590895593
Error: error_code = 15; Access denied: user deactivated; id = 217355537
Error: error_code = 30; This profile is private; id = 671589989
Error: error_code = 30; This profile is private; id = 381156314
Error: error_code = 30; This profile is private; id = 675732897
Error: error_code = 30; This profile is private; id = 601765422
Error: error_code = 30; This profile is private; id = 656337330
Error: error_code = 30; This profile is private; id = 569762954
Error: error_code = 30; This profile is private; id = 481054502
Error: error_code = 30; This profile is private; id = 562629133
Error: error_code = 30; This profile is private; id = 184638167
Error: error_code = 15; Access denied: user deactivated; id = 283623568
Error: error_code = 30; This profile is private; id = 254937621
Error: error_code = 30; This profile is private; id = 373474796
Error: error_code = 30; This profile is private; id = 450598966
Error: error_code = 30; This profile is private; id = 309160692
Error: error_code = 30; This profile is private; id = 118945825
Error: error_code = 30; This profile is private; id = 471260817
Error: error_code = 15; Access denied: user deactivated; id = 203305225
Error: error_code = 15; Access denied: user deactivated; id = 665525659
Error: error_code = 30; This profile is private; id = 213607268
Error: error_code = 30; This profile is private; id = 525770031
Error: error_code = 15; Access denied: user deactivated; id = 325464874
Error: error_code = 30; This profile is private; id = 547277643
Error: error_code = 30; This profile is private; id = 603009758
Error: error_code = 30; This profile is private; id = 260532492
Error: error_code = 15; Access denied: user deactivated; id = 184094618
Error: error_code = 15; Access denied: user deactivated; id = 570213610
Error: error_code = 15; Access denied: user deactivated; id = 2135
Error: error_code = 15; Access denied: user deactivated; id = 25610568
Error: error_code = 15; Access denied: user deactivated; id = 503873239
Error: error_code = 30; This profile is private; id = 316634066
Error: error_code = 30; This profile is private; id = 619366338
Error: error_code = 30; This profile is private; id = 36016646
Error: error_code = 15; Access denied: user deactivated; id = 706597964
Error: error_code = 30; This profile is private; id = 390383962
Error: error_code = 30; This profile is private; id = 493308461
Error: error_code = 30; This profile is private; id = 617337990
Error: error_code = 30; This profile is private; id = 133874298
Error: error_code = 30; This profile is private; id = 81680629
Error: error_code = 30; This profile is private; id = 439852236
Error: error_code = 30; This profile is private; id = 481274063
Error: error_code = 30; This profile is private; id = 7451779
Error: error_code = 15; Access denied: user deactivated; id = 210724549
Error: error_code = 15; Access denied: user deactivated; id = 474731749
Error: error_code = 30; This profile is private; id = 278604287
Error: error_code = 30; This profile is private; id = 494195961
Error: error_code = 15; Access denied: user deactivated; id = 124789496
Error: error_code = 30; This profile is private; id = 3197213
Error: error_code = 30; This profile is private; id = 156493183
Error: error_code = 30; This profile is private; id = 140767724
Error: error_code = 30; This profile is private; id = 661804634
Error: error_code = 30; This profile is private; id = 265460071
Error: error_code = 30; This profile is private; id = 49591206
Error: error_code = 30; This profile is private; id = 540657269
Error: error_code = 30; This profile is private; id = 536624588
Error: error_code = 30; This profile is private; id = 156300534
Error: error_code = 30; This profile is private; id = 542302444
Error: error_code = 15; Access denied: user deactivated; id = 419053282
Error: error_code = 30; This profile is private; id = 567156730
Error: error_code = 30; This profile is private; id = 122177330
Error: error_code = 15; Access denied: user deactivated; id = 421958621
Error: error_code = 30; This profile is private; id = 269602387
Error: error_code = 30; This profile is private; id = 38140695
Error: error_code = 30; This profile is private; id = 95989835
Error: error_code = 30; This profile is private; id = 271882877
Error: error_code = 30; This profile is private; id = 244700625
Error: error_code = 30; This profile is private; id = 303314874
Error: error_code = 15; Access denied: user deactivated; id = 428788735
Error: error_code = 30; This profile is private; id = 51076301
Error: error_code = 30; This profile is private; id = 451138971
Error: error_code = 30; This profile is private; id = 276501872
Error: error_code = 30; This profile is private; id = 39593514
Error: error_code = 30; This profile is private; id = 141362407
Error: error_code = 30; This profile is private; id = 19148327
Error: error_code = 15; Access denied: user deactivated; id = 430366529
Error: error_code = 30; This profile is private; id = 9646897
Error: error_code = 30; This profile is private; id = 529092493
Error: error_code = 30; This profile is private; id = 589444887
Error: error_code = 30; This profile is private; id = 533745341
Error: error_code = 30; This profile is private; id = 393919914
Error: error_code = 30; This profile is private; id = 265122756
Error: error_code = 30; This profile is private; id = 317131250
Error: error_code = 15; Access denied: user deactivated; id = 268466850
Error: error_code = 30; This profile is private; id = 295799946
Error: error_code = 30; This profile is private; id = 17958683
Error: error_code = 30; This profile is private; id = 428089308
Error: error_code = 15; Access denied: user deactivated; id = 150946751
Error: error_code = 30; This profile is private; id = 7796072
Error: error_code = 30; This profile is private; id = 31659437
Error: error_code = 30; This profile is private; id = 263091467
Error: error_code = 15; Access denied: user deactivated; id = 423741470
Error: error_code = 30; This profile is private; id = 16384479
Error: error_code = 30; This profile is private; id = 85850708
Error: error_code = 30; This profile is private; id = 642366673
Error: error_code = 30; This profile is private; id = 188808471
Error: error_code = 30; This profile is private; id = 484945262
Error: error_code = 30; This profile is private; id = 268615157
Error: error_code = 15; Access denied: user deactivated; id = 682157047
Error: error_code = 15; Access denied: user deactivated; id = 714340173
Error: error_code = 15; Access denied: user deactivated; id = 190478143
Error: error_code = 30; This profile is private; id = 146483342
Error: error_code = 30; This profile is private; id = 84641246
Error: error_code = 30; This profile is private; id = 608726368
Error: error_code = 30; This profile is private; id = 595954109
Error: error_code = 15; Access denied: user deactivated; id = 204957661
Error: error_code = 30; This profile is private; id = 576960296
Error: error_code = 30; This profile is private; id = 341038935
Error: error_code = 30; This profile is private; id = 249048690
Error: error_code = 30; This profile is private; id = 33601875
Error: error_code = 30; This profile is private; id = 227759811
Error: error_code = 15; Access denied: user deactivated; id = 503127886
Error: error_code = 30; This profile is private; id = 533795997
Error: error_code = 30; This profile is private; id = 446881620
Error: error_code = 30; This profile is private; id = 569611640
Error: error_code = 30; This profile is private; id = 4451473
Error: error_code = 30; This profile is private; id = 561960851
Error: error_code = 15; Access denied: user deactivated; id = 47471381
Error: error_code = 30; This profile is private; id = 9460597
Error: error_code = 15; Access denied: user deactivated; id = 362145813
Error: error_code = 15; Access denied: user deactivated; id = 170518306
Error: error_code = 30; This profile is private; id = 438477490
Error: error_code = 30; This profile is private; id = 444582464
Error: error_code = 30; This profile is private; id = 529360922
Error: error_code = 30; This profile is private; id = 457343576
Error: error_code = 30; This profile is private; id = 133559627
Error: error_code = 30; This profile is private; id = 332657656
Error: error_code = 30; This profile is private; id = 410183120
Error: error_code = 30; This profile is private; id = 690768183
Error: error_code = 30; This profile is private; id = 136667718
Error: error_code = 15; Access denied: user deactivated; id = 336342041
Error: error_code = 15; Access denied: user deactivated; id = 210855225
Error: error_code = 15; Access denied: user deactivated; id = 355819654
Error: error_code = 15; Access denied: user deactivated; id = 217889037
Error: error_code = 30; This profile is private; id = 664062289
Error: error_code = 15; Access denied: user deactivated; id = 154786549
Error: error_code = 30; This profile is private; id = 212656321
Error: error_code = 15; Access denied: user deactivated; id = 211400326
Error: error_code = 15; Access denied: user deactivated; id = 164866160
Error: error_code = 30; This profile is private; id = 156650423
Error: error_code = 30; This profile is private; id = 98246633
Error: error_code = 30; This profile is private; id = 350428187
Error: error_code = 30; This profile is private; id = 49028186
Error: error_code = 30; This profile is private; id = 238541693
Error: error_code = 15; Access denied: user deactivated; id = 192363724
Error: error_code = 15; Access denied: user deactivated; id = 336693624
Error: error_code = 30; This profile is private; id = 125891011
Error: error_code = 30; This profile is private; id = 617768944
Error: error_code = 30; This profile is private; id = 508193
Error: error_code = 30; This profile is private; id = 448548193
Error: error_code = 30; This profile is private; id = 179259511
Error: error_code = 30; This profile is private; id = 136425170
Error: error_code = 30; This profile is private; id = 553090849
Error: error_code = 15; Access denied: user deactivated; id = 547691090
Error: error_code = 30; This profile is private; id = 473523179
Error: error_code = 30; This profile is private; id = 568676934
Error: error_code = 30; This profile is private; id = 338866356
Error: error_code = 30; This profile is private; id = 221006524
Error: error_code = 15; Access denied: user deactivated; id = 216462144
Error: error_code = 15; Access denied: user deactivated; id = 444819024
Error: error_code = 30; This profile is private; id = 177886475
Error: error_code = 30; This profile is private; id = 341739678
Error: error_code = 30; This profile is private; id = 577154908
Error: error_code = 15; Access denied: user deactivated; id = 33970029
Error: error_code = 30; This profile is private; id = 17051796
Error: error_code = 30; This profile is private; id = 498657173
Error: error_code = 30; This profile is private; id = 614827995
Error: error_code = 30; This profile is private; id = 553355918
Error: error_code = 30; This profile is private; id = 455212192
Error: error_code = 30; This profile is private; id = 687004092
Error: error_code = 30; This profile is private; id = 556652554
Error: error_code = 30; This profile is private; id = 241487992
Error: error_code = 30; This profile is private; id = 472165174
Error: error_code = 15; Access denied: user deactivated; id = 575658077
Error: error_code = 15; Access denied: user deactivated; id = 546820218
Error: error_code = 15; Access denied: user deactivated; id = 558075205
Error: error_code = 30; This profile is private; id = 486179138
Error: error_code = 30; This profile is private; id = 691500330
Error: error_code = 30; This profile is private; id = 179438776
Error: error_code = 30; This profile is private; id = 27537252
Error: error_code = 30; This profile is private; id = 637839197
Error: error_code = 30; This profile is private; id = 539683504
Error: error_code = 30; This profile is private; id = 61048550
Error: error_code = 15; Access denied: user deactivated; id = 2829637
Error: error_code = 15; Access denied: user deactivated; id = 705563634
Error: error_code = 30; This profile is private; id = 322440396
Error: error_code = 30; This profile is private; id = 14097894
Error: error_code = 30; This profile is private; id = 9556396
Error: error_code = 30; This profile is private; id = 528259839
Error: error_code = 30; This profile is private; id = 471328292
Error: error_code = 30; This profile is private; id = 255237081
Error: error_code = 30; This profile is private; id = 57847995
Error: error_code = 15; Access denied: user deactivated; id = 544624867
Error: error_code = 30; This profile is private; id = 42958876
Error: error_code = 15; Access denied: user deactivated; id = 423420991
Error: error_code = 15; Access denied: user deactivated; id = 474590452
Error: error_code = 15; Access denied: user deactivated; id = 715043337
Error: error_code = 15; Access denied: user deactivated; id = 705495887
Error: error_code = 30; This profile is private; id = 592486893
Error: error_code = 15; Access denied: user deactivated; id = 221557978
Error: error_code = 15; Access denied: user deactivated; id = 92533123
Error: error_code = 30; This profile is private; id = 568982700
Error: error_code = 30; This profile is private; id = 33913044
Error: error_code = 30; This profile is private; id = 692642177
Error: error_code = 30; This profile is private; id = 668815288
Error: error_code = 30; This profile is private; id = 32739233
Error: error_code = 30; This profile is private; id = 678362797
Error: error_code = 30; This profile is private; id = 584095898
Error: error_code = 15; Access denied: user deactivated; id = 691614612
Error: error_code = 30; This profile is private; id = 241151665
Error: error_code = 30; This profile is private; id = 165136594
Error: error_code = 15; Access denied: user deactivated; id = 57457504
Error: error_code = 30; This profile is private; id = 158551507
Error: error_code = 15; Access denied: user deactivated; id = 28639637
Error: error_code = 30; This profile is private; id = 153642240
Error: error_code = 30; This profile is private; id = 132674688
Error: error_code = 15; Access denied: user deactivated; id = 155634527
Error: error_code = 30; This profile is private; id = 395953978
Error: error_code = 30; This profile is private; id = 559097381
Error: error_code = 30; This profile is private; id = 354990472
Error: error_code = 30; This profile is private; id = 202389926
Error: error_code = 15; Access denied: user deactivated; id = 212102897
Error: error_code = 30; This profile is private; id = 6795995
Error: error_code = 30; This profile is private; id = 276456642
Error: error_code = 30; This profile is private; id = 6521731
Error: error_code = 30; This profile is private; id = 286403833
Error: error_code = 30; This profile is private; id = 241422810
Error: error_code = 15; Access denied: user deactivated; id = 138726940
Error: error_code = 30; This profile is private; id = 473802169
Error: error_code = 15; Access denied: user deactivated; id = 203605197
Error: error_code = 15; Access denied: user deactivated; id = 220731720
Error: error_code = 15; Access denied: user deactivated; id = 516651648
Error: error_code = 30; This profile is private; id = 67909015
Error: error_code = 15; Access denied: user deactivated; id = 661509824
Error: error_code = 15; Access denied: user deactivated; id = 248731135
Error: error_code = 15; Access denied: user deactivated; id = 534922451
Error: error_code = 30; This profile is private; id = 5691719
Error: error_code = 30; This profile is private; id = 641941575
Error: error_code = 30; This profile is private; id = 366834410
Error: error_code = 15; Access denied: user deactivated; id = 155021024
Error: error_code = 15; Access denied: user deactivated; id = 259459928
Error: error_code = 30; This profile is private; id = 32144893
Error: error_code = 30; This profile is private; id = 559683486
Error: error_code = 30; This profile is private; id = 344393761
Error: error_code = 30; This profile is private; id = 50638256
Error: error_code = 30; This profile is private; id = 353504698
Error: error_code = 30; This profile is private; id = 689972642
Error: error_code = 30; This profile is private; id = 554756842
Error: error_code = 15; Access denied: user deactivated; id = 198695499
Error: error_code = 30; This profile is private; id = 372254606
Error: error_code = 30; This profile is private; id = 257077017
Error: error_code = 30; This profile is private; id = 623281481
Error: error_code = 15; Access denied: user deactivated; id = 145367679
Error: error_code = 30; This profile is private; id = 685227808
Error: error_code = 30; This profile is private; id = 393617175
Error: error_code = 15; Access denied: user deactivated; id = 550236829
Error: error_code = 30; This profile is private; id = 137870421
Error: error_code = 30; This profile is private; id = 561906503
Error: error_code = 15; Access denied: user deactivated; id = 464980987
Error: error_code = 15; Access denied: user deactivated; id = 294076233
Error: error_code = 30; This profile is private; id = 449384425
Error: error_code = 30; This profile is private; id = 505937727
Error: error_code = 15; Access denied: user deactivated; id = 197133568
Error: error_code = 15; Access denied: user deactivated; id = 404095908
Error: error_code = 30; This profile is private; id = 201700609
Error: error_code = 30; This profile is private; id = 205589085
Error: error_code = 15; Access denied: user deactivated; id = 660694536
Error: error_code = 30; This profile is private; id = 142312835
Error: error_code = 15; Access denied: user deactivated; id = 474307195
Error: error_code = 15; Access denied: user deactivated; id = 408920805
Error: error_code = 30; This profile is private; id = 530865640
Error: error_code = 15; Access denied: user deactivated; id = 1938014
Error: error_code = 15; Access denied: user deactivated; id = 506293229
Error: error_code = 15; Access denied: user deactivated; id = 17274985
Error: error_code = 30; This profile is private; id = 258864080
Error: error_code = 30; This profile is private; id = 83257368
Error: error_code = 30; This profile is private; id = 466382265
Error: error_code = 15; Access denied: user deactivated; id = 567405516
Error: error_code = 15; Access denied: user deactivated; id = 419966785
Error: error_code = 30; This profile is private; id = 431805331
Error: error_code = 15; Access denied: user deactivated; id = 284224450
Error: error_code = 30; This profile is private; id = 2582122
Error: error_code = 15; Access denied: user deactivated; id = 286977465
Error: error_code = 15; Access denied: user deactivated; id = 410870523
Error: error_code = 30; This profile is private; id = 627639811
Error: error_code = 30; This profile is private; id = 326998843
Error: error_code = 15; Access denied: user deactivated; id = 466716944
Error: error_code = 30; This profile is private; id = 146226115
Error: error_code = 30; This profile is private; id = 142674679
Error: error_code = 15; Access denied: user deactivated; id = 365075606
Error: error_code = 15; Access denied: user deactivated; id = 339232555
Error: error_code = 15; Access denied: user deactivated; id = 705315603
Error: error_code = 30; This profile is private; id = 311275370
Error: error_code = 15; Access denied: user deactivated; id = 205486818
Error: error_code = 15; Access denied: user deactivated; id = 315233482
Error: error_code = 15; Access denied: user deactivated; id = 406962683
Error: error_code = 30; This profile is private; id = 252034161
Error: error_code = 30; This profile is private; id = 715324425
Error: error_code = 30; This profile is private; id = 135207055
Error: error_code = 30; This profile is private; id = 19880616
Error: error_code = 30; This profile is private; id = 139764660
Error: error_code = 30; This profile is private; id = 380901389
Error: error_code = 30; This profile is private; id = 565075056
Error: error_code = 30; This profile is private; id = 140788217
Error: error_code = 30; This profile is private; id = 516479331
Error: error_code = 30; This profile is private; id = 444534836
Error: error_code = 30; This profile is private; id = 41027356
Error: error_code = 30; This profile is private; id = 152796202
Error: error_code = 30; This profile is private; id = 16348458
Error: error_code = 15; Access denied: user deactivated; id = 145660421
Error: error_code = 30; This profile is private; id = 567818311
Error: error_code = 30; This profile is private; id = 605549407
Error: error_code = 15; Access denied: user deactivated; id = 614909225
Error: error_code = 30; This profile is private; id = 336088
Error: error_code = 30; This profile is private; id = 84135339
Error: error_code = 30; This profile is private; id = 224477508
Error: error_code = 30; This profile is private; id = 562970177
Error: error_code = 15; Access denied: user deactivated; id = 237612906
Error: error_code = 30; This profile is private; id = 146635795
Error: error_code = 15; Access denied: user deactivated; id = 180922498
Error: error_code = 30; This profile is private; id = 684515758
Error: error_code = 15; Access denied: user deactivated; id = 176162573
Error: error_code = 15; Access denied: user deactivated; id = 703703217
Error: error_code = 30; This profile is private; id = 704213040
Error: error_code = 15; Access denied: user deactivated; id = 534858916
Error: error_code = 30; This profile is private; id = 420062068
Error: error_code = 15; Access denied: user deactivated; id = 258855708
Error: error_code = 15; Access denied: user deactivated; id = 448173086
Error: error_code = 15; Access denied: user deactivated; id = 221855246
Error: error_code = 15; Access denied: user deactivated; id = 623603988
Error: error_code = 30; This profile is private; id = 3580858
Error: error_code = 30; This profile is private; id = 710209225
Error: error_code = 30; This profile is private; id = 608059720
Error: error_code = 15; Access denied: user deactivated; id = 470175071
Error: error_code = 30; This profile is private; id = 42176989
Error: error_code = 30; This profile is private; id = 233092956
Error: error_code = 15; Access denied: user deactivated; id = 464065962
Error: error_code = 30; This profile is private; id = 502047996
Error: error_code = 30; This profile is private; id = 296338496
Error: error_code = 30; This profile is private; id = 628503296
Error: error_code = 15; Access denied: user deactivated; id = 654936930
Error: error_code = 15; Access denied: user deactivated; id = 560730089
Error: error_code = 30; This profile is private; id = 187864103
Error: error_code = 30; This profile is private; id = 275862510
Error: error_code = 30; This profile is private; id = 132554803
Error: error_code = 30; This profile is private; id = 568050884
Error: error_code = 30; This profile is private; id = 596598726
Error: error_code = 30; This profile is private; id = 31606818
Error: error_code = 30; This profile is private; id = 66294314
Error: error_code = 15; Access denied: user deactivated; id = 426923899
Error: error_code = 30; This profile is private; id = 19658287
Error: error_code = 30; This profile is private; id = 71745129
Error: error_code = 30; This profile is private; id = 514518011
Error: error_code = 30; This profile is private; id = 318384085
Error: error_code = 30; This profile is private; id = 13498369
Error: error_code = 15; Access denied: user deactivated; id = 529475495
Error: error_code = 30; This profile is private; id = 489976568
Error: error_code = 30; This profile is private; id = 143787733
Error: error_code = 30; This profile is private; id = 533681841
Error: error_code = 15; Access denied: user deactivated; id = 519969072
Error: error_code = 30; This profile is private; id = 525748602
Error: error_code = 15; Access denied: user deactivated; id = 143036394
Error: error_code = 30; This profile is private; id = 204055900
Error: error_code = 30; This profile is private; id = 281522432
Error: error_code = 30; This profile is private; id = 5287127
Error: error_code = 30; This profile is private; id = 670759329
Error: error_code = 30; This profile is private; id = 68032416
Error: error_code = 15; Access denied: user deactivated; id = 246077362
Error: error_code = 30; This profile is private; id = 541091260
Error: error_code = 30; This profile is private; id = 102920140
Error: error_code = 30; This profile is private; id = 411476085
Error: error_code = 30; This profile is private; id = 528882791
Error: error_code = 15; Access denied: user deactivated; id = 355187986
Error: error_code = 15; Access denied: user deactivated; id = 683947359
Error: error_code = 30; This profile is private; id = 188133294
Error: error_code = 15; Access denied: user deactivated; id = 214125471
Error: error_code = 30; This profile is private; id = 30008935
Error: error_code = 30; This profile is private; id = 467890022
Error: error_code = 15; Access denied: user deactivated; id = 165484827
Error: error_code = 30; This profile is private; id = 27548222
Error: error_code = 30; This profile is private; id = 676366582
Error: error_code = 30; This profile is private; id = 128524174
Error: error_code = 15; Access denied: user deactivated; id = 155128026
Error: error_code = 30; This profile is private; id = 312820797
Error: error_code = 30; This profile is private; id = 28321169
Error: error_code = 15; Access denied: user deactivated; id = 458446493
Error: error_code = 30; This profile is private; id = 494681597
Error: error_code = 30; This profile is private; id = 693195644
Error: error_code = 30; This profile is private; id = 600030625
Error: error_code = 30; This profile is private; id = 23461231
Error: error_code = 15; Access denied: user deactivated; id = 377843594
Error: error_code = 30; This profile is private; id = 641379153
Error: error_code = 30; This profile is private; id = 64565586
Error: error_code = 30; This profile is private; id = 326876829
Error: error_code = 15; Access denied: user deactivated; id = 267405811
Error: error_code = 30; This profile is private; id = 488781710
Error: error_code = 30; This profile is private; id = 425999899
Error: error_code = 30; This profile is private; id = 696038291
Error: error_code = 30; This profile is private; id = 1700461
Error: error_code = 30; This profile is private; id = 623612538
Error: error_code = 30; This profile is private; id = 619824643
Error: error_code = 30; This profile is private; id = 4608320
Error: error_code = 30; This profile is private; id = 435464256
Error: error_code = 30; This profile is private; id = 473065264
Error: error_code = 30; This profile is private; id = 231260263
Error: error_code = 30; This profile is private; id = 568760812
Error: error_code = 15; Access denied: user deactivated; id = 139092098
Error: error_code = 30; This profile is private; id = 326787369
Error: error_code = 30; This profile is private; id = 548204598
Error: error_code = 30; This profile is private; id = 595463827
Error: error_code = 30; This profile is private; id = 673637832
Error: error_code = 30; This profile is private; id = 521300711
Error: error_code = 30; This profile is private; id = 669964823
Error: error_code = 30; This profile is private; id = 317339670
Error: error_code = 30; This profile is private; id = 481677453
Error: error_code = 15; Access denied: user deactivated; id = 480976086
Error: error_code = 30; This profile is private; id = 4430790
Error: error_code = 15; Access denied: user deactivated; id = 199869774
Error: error_code = 30; This profile is private; id = 429608207
Error: error_code = 30; This profile is private; id = 703575373
Error: error_code = 15; Access denied: user deactivated; id = 260762318
Error: error_code = 15; Access denied: user deactivated; id = 223827704
Error: error_code = 30; This profile is private; id = 440790158
Error: error_code = 15; Access denied: user deactivated; id = 487012408
Error: error_code = 30; This profile is private; id = 3691169
Error: error_code = 15; Access denied: user deactivated; id = 320984148
Error: error_code = 15; Access denied: user deactivated; id = 532636517
Error: error_code = 30; This profile is private; id = 202763369
Error: error_code = 30; This profile is private; id = 216154937
Error: error_code = 15; Access denied: user deactivated; id = 393104870
Error: error_code = 30; This profile is private; id = 25951932
Error: error_code = 15; Access denied: user deactivated; id = 542435861
Error: error_code = 15; Access denied: user deactivated; id = 484337227
Error: error_code = 15; Access denied: user deactivated; id = 430501193
Error: error_code = 30; This profile is private; id = 405798323
Error: error_code = 30; This profile is private; id = 61323026
Error: error_code = 15; Access denied: user deactivated; id = 715183613
Error: error_code = 30; This profile is private; id = 188275700
Error: error_code = 15; Access denied: user deactivated; id = 564891697
Error: error_code = 15; Access denied: user deactivated; id = 523776474
Error: error_code = 15; Access denied: user deactivated; id = 390269100
Error: error_code = 30; This profile is private; id = 53775267
Error: error_code = 30; This profile is private; id = 675771919
Error: error_code = 15; Access denied: user deactivated; id = 629930349
Error: error_code = 15; Access denied: user deactivated; id = 376442457
Error: error_code = 30; This profile is private; id = 1343787
Error: error_code = 15; Access denied: user deactivated; id = 336715930
Error: error_code = 30; This profile is private; id = 117074887
Error: error_code = 30; This profile is private; id = 708652743
Error: error_code = 15; Access denied: user deactivated; id = 390732286
Error: error_code = 30; This profile is private; id = 312551827
Error: error_code = 15; Access denied: user deactivated; id = 427695997
Error: error_code = 15; Access denied: user deactivated; id = 359870952
Error: error_code = 15; Access denied: user deactivated; id = 414962002
Error: error_code = 15; Access denied: user deactivated; id = 705279654
Error: error_code = 30; This profile is private; id = 453998602
Error: error_code = 30; This profile is private; id = 10238934
Error: error_code = 30; This profile is private; id = 8187413
Error: error_code = 30; This profile is private; id = 348484139
Error: error_code = 15; Access denied: user deactivated; id = 268408241
Error: error_code = 30; This profile is private; id = 137241162
Error: error_code = 30; This profile is private; id = 248521915
Error: error_code = 30; This profile is private; id = 351833915
Error: error_code = 30; This profile is private; id = 570049809
Error: error_code = 30; This profile is private; id = 518715355
Error: error_code = 30; This profile is private; id = 47222306
Error: error_code = 15; Access denied: user deactivated; id = 76896596
Error: error_code = 30; This profile is private; id = 454993557
Error: error_code = 30; This profile is private; id = 538988812
Error: error_code = 15; Access denied: user deactivated; id = 434289730
Error: error_code = 15; Access denied: user deactivated; id = 666453012
Error: error_code = 15; Access denied: user deactivated; id = 426782238
Error: error_code = 15; Access denied: user deactivated; id = 350845659
Error: error_code = 15; Access denied: user deactivated; id = 340670251
Error: error_code = 30; This profile is private; id = 81397460
Error: error_code = 30; This profile is private; id = 570016129
Error: error_code = 30; This profile is private; id = 555353139
Error: error_code = 30; This profile is private; id = 550838809
Error: error_code = 30; This profile is private; id = 442473091
Error: error_code = 30; This profile is private; id = 530356307
Error: error_code = 30; This profile is private; id = 381392284
Error: error_code = 30; This profile is private; id = 633615139
Error: error_code = 15; Access denied: user deactivated; id = 309797247
Error: error_code = 15; Access denied: user deactivated; id = 144716489
Error: error_code = 30; This profile is private; id = 16601789
Error: error_code = 15; Access denied: user deactivated; id = 476430763
Error: error_code = 30; This profile is private; id = 199214275
Error: error_code = 30; This profile is private; id = 316981156
Error: error_code = 30; This profile is private; id = 136530090
Error: error_code = 30; This profile is private; id = 539505749
Error: error_code = 30; This profile is private; id = 280015569
Error: error_code = 15; Access denied: user deactivated; id = 330464589
Error: error_code = 30; This profile is private; id = 296049669
Error: error_code = 15; Access denied: user deactivated; id = 640665878
Error: error_code = 15; Access denied: user deactivated; id = 474362651
Error: error_code = 15; Access denied: user deactivated; id = 195202865
Error: error_code = 15; Access denied: user deactivated; id = 522179606
Error: error_code = 15; Access denied: user deactivated; id = 359789073
Error: error_code = 30; This profile is private; id = 148238178
Error: error_code = 30; This profile is private; id = 25537532
Error: error_code = 30; This profile is private; id = 223095370
Error: error_code = 30; This profile is private; id = 378655925
Error: error_code = 30; This profile is private; id = 26355474
Error: error_code = 30; This profile is private; id = 624474865
Error: error_code = 30; This profile is private; id = 186267885
Error: error_code = 30; This profile is private; id = 590524
Error: error_code = 30; This profile is private; id = 672429258
Error: error_code = 15; Access denied: user deactivated; id = 702890124
Error: error_code = 30; This profile is private; id = 269613107
Error: error_code = 15; Access denied: user deactivated; id = 396388379
Error: error_code = 15; Access denied: user deactivated; id = 433980315
Error: error_code = 15; Access denied: user deactivated; id = 227757734
Error: error_code = 30; This profile is private; id = 499691036
Error: error_code = 15; Access denied: user deactivated; id = 510334399
Error: error_code = 30; This profile is private; id = 3128183
Error: error_code = 30; This profile is private; id = 533289321
Error: error_code = 15; Access denied: user deactivated; id = 370108968
Error: error_code = 30; This profile is private; id = 54442200
Error: error_code = 30; This profile is private; id = 73527447
Error: error_code = 30; This profile is private; id = 5730907
Error: error_code = 15; Access denied: user deactivated; id = 361673642
Error: error_code = 15; Access denied: user deactivated; id = 225746784
Error: error_code = 15; Access denied: user deactivated; id = 119222977
Error: error_code = 30; This profile is private; id = 603734390
Error: error_code = 30; This profile is private; id = 118289991
Error: error_code = 15; Access denied: user deactivated; id = 246928808
Error: error_code = 30; This profile is private; id = 247188216
Error: error_code = 30; This profile is private; id = 179564759
Error: error_code = 15; Access denied: user deactivated; id = 138905636
Error: error_code = 30; This profile is private; id = 88900644
Error: error_code = 30; This profile is private; id = 225819639
Error: error_code = 30; This profile is private; id = 692383961
Error: error_code = 15; Access denied: user deactivated; id = 185408124
Error: error_code = 30; This profile is private; id = 562063
Error: error_code = 30; This profile is private; id = 50853538
Error: error_code = 30; This profile is private; id = 618950049
Error: error_code = 30; This profile is private; id = 221783050
Error: error_code = 15; Access denied: user deactivated; id = 466628231
Error: error_code = 15; Access denied: user deactivated; id = 588995059
Error: error_code = 15; Access denied: user deactivated; id = 433182668
Error: error_code = 15; Access denied: user deactivated; id = 220347939
Error: error_code = 15; Access denied: user deactivated; id = 699728591
Error: error_code = 30; This profile is private; id = 397525918
Error: error_code = 30; This profile is private; id = 361098567
Error: error_code = 30; This profile is private; id = 505299219
Error: error_code = 30; This profile is private; id = 44584248
Error: error_code = 30; This profile is private; id = 190640635
Error: error_code = 30; This profile is private; id = 781111
Error: error_code = 30; This profile is private; id = 469576978
Error: error_code = 30; This profile is private; id = 506651928
Error: error_code = 30; This profile is private; id = 518209507
Error: error_code = 30; This profile is private; id = 51629549
Error: error_code = 30; This profile is private; id = 26787364
Error: error_code = 15; Access denied: user deactivated; id = 229633641
Error: error_code = 30; This profile is private; id = 26529928
Error: error_code = 30; This profile is private; id = 577954250
Error: error_code = 30; This profile is private; id = 4111415
Error: error_code = 15; Access denied: user deactivated; id = 228614095
Error: error_code = 15; Access denied: user deactivated; id = 715139594
Error: error_code = 30; This profile is private; id = 386384826
Error: error_code = 30; This profile is private; id = 136344064
Error: error_code = 30; This profile is private; id = 2601656
Error: error_code = 30; This profile is private; id = 700529156
Error: error_code = 30; This profile is private; id = 699196107
Error: error_code = 15; Access denied: user deactivated; id = 353773525
Error: error_code = 30; This profile is private; id = 198536746
Error: error_code = 15; Access denied: user deactivated; id = 163990565
Error: error_code = 30; This profile is private; id = 548399873
Error: error_code = 15; Access denied: user deactivated; id = 486186125
Error: error_code = 30; This profile is private; id = 514414925
Error: error_code = 30; This profile is private; id = 539389369
Error: error_code = 15; Access denied: user deactivated; id = 424514736
Error: error_code = 30; This profile is private; id = 502906911
Error: error_code = 30; This profile is private; id = 419275807
Error: error_code = 30; This profile is private; id = 192316302
Error: error_code = 30; This profile is private; id = 206604095
Error: error_code = 30; This profile is private; id = 364750476
Error: error_code = 30; This profile is private; id = 71667923
Error: error_code = 30; This profile is private; id = 392940333
Error: error_code = 30; This profile is private; id = 675912647
Error: error_code = 30; This profile is private; id = 145810314
Error: error_code = 15; Access denied: user deactivated; id = 94101988
Error: error_code = 15; Access denied: user deactivated; id = 13969821
Error: error_code = 30; This profile is private; id = 529661366
Error: error_code = 30; This profile is private; id = 678349391
Error: error_code = 30; This profile is private; id = 378512413
Error: error_code = 15; Access denied: user deactivated; id = 371831548
Error: error_code = 30; This profile is private; id = 513764466
Error: error_code = 15; Access denied: user deactivated; id = 560247483
Error: error_code = 30; This profile is private; id = 52799505
Error: error_code = 30; This profile is private; id = 28094265
Error: error_code = 15; Access denied: user deactivated; id = 305617972
Error: error_code = 30; This profile is private; id = 301693608
Error: error_code = 30; This profile is private; id = 366157931
Error: error_code = 30; This profile is private; id = 295202370
Error: error_code = 30; This profile is private; id = 219639697
Error: error_code = 30; This profile is private; id = 54379881
Error: error_code = 30; This profile is private; id = 363657071
Error: error_code = 15; Access denied: user deactivated; id = 400091120
Error: error_code = 30; This profile is private; id = 414451951
Error: error_code = 15; Access denied: user deactivated; id = 642190922
Error: error_code = 30; This profile is private; id = 391998557
Error: error_code = 30; This profile is private; id = 206575947
Error: error_code = 30; This profile is private; id = 10218738
Error: error_code = 30; This profile is private; id = 67138995
Error: error_code = 30; This profile is private; id = 322694019
Error: error_code = 15; Access denied: user deactivated; id = 534364173
Error: error_code = 30; This profile is private; id = 691975313
Error: error_code = 30; This profile is private; id = 18133543
Error: error_code = 30; This profile is private; id = 603880854
Error: error_code = 30; This profile is private; id = 448247764
Error: error_code = 30; This profile is private; id = 551194239
Error: error_code = 15; Access denied: user deactivated; id = 535023215
Error: error_code = 30; This profile is private; id = 295088609
Error: error_code = 15; Access denied: user deactivated; id = 125112982
Error: error_code = 30; This profile is private; id = 559920102
Error: error_code = 15; Access denied: user deactivated; id = 347525312
Error: error_code = 15; Access denied: user deactivated; id = 213484825
Error: error_code = 30; This profile is private; id = 654355253
Error: error_code = 15; Access denied: user deactivated; id = 231606123
Error: error_code = 30; This profile is private; id = 422574958
Error: error_code = 30; This profile is private; id = 640943496
Error: error_code = 15; Access denied: user deactivated; id = 17111236
Error: error_code = 30; This profile is private; id = 136387002
Error: error_code = 15; Access denied: user deactivated; id = 436481198
Error: error_code = 30; This profile is private; id = 7891276
Error: error_code = 15; Access denied: user deactivated; id = 420319125
Error: error_code = 15; Access denied: user deactivated; id = 126290436
Error: error_code = 30; This profile is private; id = 192217453
Error: error_code = 15; Access denied: user deactivated; id = 403276420
Error: error_code = 30; This profile is private; id = 676228630
Error: error_code = 15; Access denied: user deactivated; id = 12015204
Error: error_code = 30; This profile is private; id = 273028509
Error: error_code = 30; This profile is private; id = 624423280
Error: error_code = 30; This profile is private; id = 257645160
Error: error_code = 30; This profile is private; id = 94745333
Error: error_code = 15; Access denied: user deactivated; id = 520895675
Error: error_code = 30; This profile is private; id = 678285042
Error: error_code = 30; This profile is private; id = 34021053
Error: error_code = 30; This profile is private; id = 320046641
Error: error_code = 15; Access denied: user deactivated; id = 570973013
Error: error_code = 30; This profile is private; id = 321273895
Error: error_code = 30; This profile is private; id = 441376094
Error: error_code = 30; This profile is private; id = 442692739
Error: error_code = 30; This profile is private; id = 202452156
Error: error_code = 30; This profile is private; id = 263278878
Error: error_code = 15; Access denied: user deactivated; id = 615966854
Error: error_code = 30; This profile is private; id = 249657469
Error: error_code = 30; This profile is private; id = 6627603
Error: error_code = 15; Access denied: user deactivated; id = 58071037
Error: error_code = 15; Access denied: user deactivated; id = 537718971
Error: error_code = 30; This profile is private; id = 544312743
Error: error_code = 15; Access denied: user deactivated; id = 166697266
Error: error_code = 30; This profile is private; id = 67517906
Error: error_code = 30; This profile is private; id = 598928369
Error: error_code = 15; Access denied: user deactivated; id = 141808412
Error: error_code = 30; This profile is private; id = 352360668
Error: error_code = 30; This profile is private; id = 90736323
Error: error_code = 15; Access denied: user deactivated; id = 207286876
Error: error_code = 30; This profile is private; id = 46485671
Error: error_code = 30; This profile is private; id = 291256
Error: error_code = 30; This profile is private; id = 147764965
Error: error_code = 30; This profile is private; id = 218153940
Error: error_code = 30; This profile is private; id = 320954568
Error: error_code = 30; This profile is private; id = 491440979
Error: error_code = 30; This profile is private; id = 127720125
Error: error_code = 30; This profile is private; id = 575597253
Error: error_code = 30; This profile is private; id = 244575671
Error: error_code = 15; Access denied: user deactivated; id = 366740059
Error: error_code = 15; Access denied: user deactivated; id = 187704254
Error: error_code = 30; This profile is private; id = 585529728
Error: error_code = 15; Access denied: user deactivated; id = 313342689
Error: error_code = 30; This profile is private; id = 359710634
Error: error_code = 30; This profile is private; id = 649725055
Error: error_code = 30; This profile is private; id = 275903204
Error: error_code = 30; This profile is private; id = 321168285
Error: error_code = 15; Access denied: user deactivated; id = 428919552
Error: error_code = 30; This profile is private; id = 559305075
Error: error_code = 30; This profile is private; id = 327206330
Error: error_code = 30; This profile is private; id = 21405646
Error: error_code = 15; Access denied: user deactivated; id = 214668472
Error: error_code = 30; This profile is private; id = 546398273
Error: error_code = 30; This profile is private; id = 518477374
Error: error_code = 30; This profile is private; id = 542471668
Error: error_code = 30; This profile is private; id = 17207390
Error: error_code = 30; This profile is private; id = 322029114
Error: error_code = 30; This profile is private; id = 232825495
Error: error_code = 15; Access denied: user deactivated; id = 164826819
Error: error_code = 30; This profile is private; id = 52906961
Error: error_code = 30; This profile is private; id = 577073073
Error: error_code = 15; Access denied: user deactivated; id = 547909915
Error: error_code = 30; This profile is private; id = 565316196
Error: error_code = 30; This profile is private; id = 40524931
Error: error_code = 30; This profile is private; id = 278934275
Error: error_code = 30; This profile is private; id = 8782180
Error: error_code = 30; This profile is private; id = 96663277
Error: error_code = 30; This profile is private; id = 192760111
Error: error_code = 30; This profile is private; id = 265027886
Error: error_code = 15; Access denied: user deactivated; id = 572713781
Error: error_code = 30; This profile is private; id = 380773673
Error: error_code = 30; This profile is private; id = 32876603
Error: error_code = 30; This profile is private; id = 637338348
Error: error_code = 30; This profile is private; id = 31403740
Error: error_code = 30; This profile is private; id = 536013955
Error: error_code = 30; This profile is private; id = 320417024
Error: error_code = 30; This profile is private; id = 39640480
Error: error_code = 30; This profile is private; id = 111372027
Error: error_code = 15; Access denied: user deactivated; id = 225926012
Error: error_code = 30; This profile is private; id = 504078035
Error: error_code = 30; This profile is private; id = 150496903
Error: error_code = 30; This profile is private; id = 374690169
Error: error_code = 30; This profile is private; id = 10296588
Error: error_code = 30; This profile is private; id = 544801484
Error: error_code = 30; This profile is private; id = 558668117
Error: error_code = 30; This profile is private; id = 176711885
Error: error_code = 30; This profile is private; id = 132165203
Error: error_code = 30; This profile is private; id = 178106174
Error: error_code = 30; This profile is private; id = 552593230
Error: error_code = 15; Access denied: user deactivated; id = 1210540
Error: error_code = 15; Access denied: user deactivated; id = 631977762
Error: error_code = 15; Access denied: user deactivated; id = 317310329
Error: error_code = 30; This profile is private; id = 213553696
Error: error_code = 30; This profile is private; id = 80400492
Error: error_code = 30; This profile is private; id = 552122310
Error: error_code = 30; This profile is private; id = 225521545
Error: error_code = 30; This profile is private; id = 348748767
Error: error_code = 15; Access denied: user deactivated; id = 413084554
Error: error_code = 15; Access denied: user deactivated; id = 501272980
Error: error_code = 30; This profile is private; id = 407943721
Error: error_code = 30; This profile is private; id = 612896989
Error: error_code = 30; This profile is private; id = 401333632
Error: error_code = 15; Access denied: user deactivated; id = 546430335
Error: error_code = 30; This profile is private; id = 208336715
Error: error_code = 15; Access denied: user deactivated; id = 571861793
Error: error_code = 15; Access denied: user deactivated; id = 541884061
Error: error_code = 15; Access denied: user deactivated; id = 557553526
Error: error_code = 15; Access denied: user deactivated; id = 557560910
Error: error_code = 30; This profile is private; id = 182139244
Error: error_code = 30; This profile is private; id = 222317242
Error: error_code = 30; This profile is private; id = 200059278
Error: error_code = 30; This profile is private; id = 175415108
Error: error_code = 15; Access denied: user deactivated; id = 79254529
Error: error_code = 30; This profile is private; id = 86134422
Error: error_code = 30; This profile is private; id = 376284641
Error: error_code = 30; This profile is private; id = 454009731
Error: error_code = 15; Access denied: user deactivated; id = 400127155
Error: error_code = 30; This profile is private; id = 625789464
Error: error_code = 15; Access denied: user deactivated; id = 256125421
Error: error_code = 30; This profile is private; id = 64510195
Error: error_code = 30; This profile is private; id = 226751496
Error: error_code = 30; This profile is private; id = 627367351
Error: error_code = 15; Access denied: user deactivated; id = 445824062
Error: error_code = 15; Access denied: user deactivated; id = 357366744
Error: error_code = 30; This profile is private; id = 420389358
Error: error_code = 15; Access denied: user deactivated; id = 544615913
Error: error_code = 30; This profile is private; id = 180326969
Error: error_code = 15; Access denied: user deactivated; id = 61952854
Error: error_code = 30; This profile is private; id = 100424402
Error: error_code = 30; This profile is private; id = 378763403
Error: error_code = 15; Access denied: user deactivated; id = 35550177
Error: error_code = 30; This profile is private; id = 337082093
Error: error_code = 15; Access denied: user deactivated; id = 235245194
Error: error_code = 30; This profile is private; id = 2731737
Error: error_code = 30; This profile is private; id = 258338813
Error: error_code = 30; This profile is private; id = 594654765
Error: error_code = 30; This profile is private; id = 55336432
Error: error_code = 30; This profile is private; id = 471901452
Error: error_code = 30; This profile is private; id = 269547994
Error: error_code = 30; This profile is private; id = 18870723
Error: error_code = 30; This profile is private; id = 422371666
Error: error_code = 30; This profile is private; id = 51669941
Error: error_code = 30; This profile is private; id = 644666002
Error: error_code = 15; Access denied: user deactivated; id = 245596867
Error: error_code = 30; This profile is private; id = 706330343
Error: error_code = 30; This profile is private; id = 282811351
Error: error_code = 30; This profile is private; id = 602741565
Error: error_code = 30; This profile is private; id = 505695376
Error: error_code = 15; Access denied: user deactivated; id = 169833817
Error: error_code = 15; Access denied: user deactivated; id = 181618644
Error: error_code = 30; This profile is private; id = 711562331
Error: error_code = 15; Access denied: user deactivated; id = 435329939
Error: error_code = 30; This profile is private; id = 363432622
Error: error_code = 15; Access denied: user deactivated; id = 412760587
Error: error_code = 15; Access denied: user deactivated; id = 426793460
Error: error_code = 30; This profile is private; id = 330398033
Error: error_code = 30; This profile is private; id = 43505386
Error: error_code = 30; This profile is private; id = 537053736
Error: error_code = 15; Access denied: user deactivated; id = 180820698
Error: error_code = 30; This profile is private; id = 71132933
Error: error_code = 15; Access denied: user deactivated; id = 359250584
Error: error_code = 30; This profile is private; id = 197436815
Error: error_code = 30; This profile is private; id = 61342945
Error: error_code = 15; Access denied: user deactivated; id = 551685790
Error: error_code = 30; This profile is private; id = 560325233
Error: error_code = 15; Access denied: user deactivated; id = 379105974
Error: error_code = 30; This profile is private; id = 501675647
Error: error_code = 15; Access denied: user deactivated; id = 32573779
Error: error_code = 15; Access denied: user deactivated; id = 166327164
Error: error_code = 15; Access denied: user deactivated; id = 474072438
Error: error_code = 15; Access denied: user deactivated; id = 544822119
Error: error_code = 30; This profile is private; id = 58428758
Error: error_code = 30; This profile is private; id = 31059873
Error: error_code = 30; This profile is private; id = 2994648
Error: error_code = 15; Access denied: user deactivated; id = 347792046
Error: error_code = 30; This profile is private; id = 554980816
Error: error_code = 15; Access denied: user deactivated; id = 268516452
Error: error_code = 30; This profile is private; id = 216308925
Error: error_code = 30; This profile is private; id = 191197213
Error: error_code = 30; This profile is private; id = 237301241
Error: error_code = 30; This profile is private; id = 469192221
Error: error_code = 30; This profile is private; id = 60891627
Error: error_code = 30; This profile is private; id = 433319211
Error: error_code = 15; Access denied: user deactivated; id = 496350600
Error: error_code = 30; This profile is private; id = 36434279
Error: error_code = 15; Access denied: user deactivated; id = 598525895
Error: error_code = 15; Access denied: user deactivated; id = 406599003
Error: error_code = 15; Access denied: user deactivated; id = 290953547
Error: error_code = 30; This profile is private; id = 83849360
Error: error_code = 30; This profile is private; id = 283723732
Error: error_code = 30; This profile is private; id = 9308989
Error: error_code = 30; This profile is private; id = 50985989
Error: error_code = 30; This profile is private; id = 663802680
Error: error_code = 30; This profile is private; id = 379453200
Error: error_code = 15; Access denied: user deactivated; id = 231401033
Error: error_code = 30; This profile is private; id = 550406310
Error: error_code = 15; Access denied: user deactivated; id = 19845675
Error: error_code = 30; This profile is private; id = 4075608
Error: error_code = 15; Access denied: user deactivated; id = 670540233
Error: error_code = 30; This profile is private; id = 686730143
Error: error_code = 30; This profile is private; id = 105576264
Error: error_code = 15; Access denied: user deactivated; id = 221888490
Error: error_code = 30; This profile is private; id = 189810928
Error: error_code = 30; This profile is private; id = 200085578
Error: error_code = 30; This profile is private; id = 551390204
Error: error_code = 15; Access denied: user deactivated; id = 341269131
Error: error_code = 30; This profile is private; id = 465958416
Error: error_code = 15; Access denied: user deactivated; id = 278396301
Error: error_code = 30; This profile is private; id = 301348729
Error: error_code = 30; This profile is private; id = 524081379
Error: error_code = 30; This profile is private; id = 53303458
Error: error_code = 30; This profile is private; id = 109844869
Error: error_code = 30; This profile is private; id = 467298054
Error: error_code = 30; This profile is private; id = 266353890
Error: error_code = 30; This profile is private; id = 566835697
Error: error_code = 15; Access denied: user deactivated; id = 150859740
Error: error_code = 15; Access denied: user deactivated; id = 232125314
Error: error_code = 15; Access denied: user deactivated; id = 222381591
Error: error_code = 15; Access denied: user deactivated; id = 27204332
Error: error_code = 15; Access denied: user deactivated; id = 414653042
Error: error_code = 30; This profile is private; id = 593526760
Error: error_code = 30; This profile is private; id = 490774941
Error: error_code = 30; This profile is private; id = 115017495
Error: error_code = 30; This profile is private; id = 160071696
Error: error_code = 30; This profile is private; id = 240142208
Error: error_code = 15; Access denied: user deactivated; id = 134585282
Error: error_code = 30; This profile is private; id = 156656288
Error: error_code = 30; This profile is private; id = 146970627
Error: error_code = 15; Access denied: user deactivated; id = 179738282
Error: error_code = 15; Access denied: user deactivated; id = 352513405
Error: error_code = 30; This profile is private; id = 555244074
Error: error_code = 30; This profile is private; id = 147292688
Error: error_code = 30; This profile is private; id = 159860723
Error: error_code = 30; This profile is private; id = 23155799
Error: error_code = 30; This profile is private; id = 5500353
Error: error_code = 30; This profile is private; id = 177250682
Error: error_code = 15; Access denied: user deactivated; id = 696655587
Error: error_code = 15; Access denied: user deactivated; id = 209492155
Error: error_code = 30; This profile is private; id = 591619957
Error: error_code = 15; Access denied: user deactivated; id = 230639337
Error: error_code = 30; This profile is private; id = 395114153
Error: error_code = 30; This profile is private; id = 370836644
Error: error_code = 30; This profile is private; id = 416146553
Error: error_code = 15; Access denied: user deactivated; id = 433568140
Error: error_code = 30; This profile is private; id = 136858556
Error: error_code = 30; This profile is private; id = 468331767
Error: error_code = 15; Access denied: user deactivated; id = 429832580
Error: error_code = 30; This profile is private; id = 9726598
Error: error_code = 30; This profile is private; id = 594007717
Error: error_code = 15; Access denied: user deactivated; id = 299386122
Error: error_code = 15; Access denied: user deactivated; id = 546204020
Error: error_code = 30; This profile is private; id = 210502712
Error: error_code = 30; This profile is private; id = 54092676
Error: error_code = 30; This profile is private; id = 18176264
Error: error_code = 30; This profile is private; id = 712002541
Error: error_code = 30; This profile is private; id = 606260062
Error: error_code = 30; This profile is private; id = 537099806
Error: error_code = 30; This profile is private; id = 141022634
Error: error_code = 30; This profile is private; id = 256926222
Error: error_code = 30; This profile is private; id = 688399959
Error: error_code = 30; This profile is private; id = 636204222
Error: error_code = 30; This profile is private; id = 672383466
Error: error_code = 30; This profile is private; id = 547133248
Error: error_code = 30; This profile is private; id = 38387673
Error: error_code = 15; Access denied: user deactivated; id = 561319120
Error: error_code = 30; This profile is private; id = 238378739
Error: error_code = 30; This profile is private; id = 318649286
Error: error_code = 15; Access denied: user deactivated; id = 313309102
Error: error_code = 30; This profile is private; id = 631530219
Error: error_code = 15; Access denied: user deactivated; id = 365572631
Error: error_code = 30; This profile is private; id = 668408285
Error: error_code = 30; This profile is private; id = 630459859
Error: error_code = 30; This profile is private; id = 161439360
Error: error_code = 15; Access denied: user deactivated; id = 213472548
Error: error_code = 30; This profile is private; id = 27645658
Error: error_code = 30; This profile is private; id = 446365299
Error: error_code = 15; Access denied: user deactivated; id = 428384780
Error: error_code = 30; This profile is private; id = 281796107
Error: error_code = 30; This profile is private; id = 105733633
Error: error_code = 30; This profile is private; id = 183340228
Error: error_code = 15; Access denied: user deactivated; id = 11739134
Error: error_code = 30; This profile is private; id = 87610774
Error: error_code = 30; This profile is private; id = 676050096
Error: error_code = 30; This profile is private; id = 89084001
Error: error_code = 30; This profile is private; id = 628331767
Error: error_code = 15; Access denied: user deactivated; id = 207332538
Error: error_code = 30; This profile is private; id = 530352113
Error: error_code = 15; Access denied: user deactivated; id = 154764095
Error: error_code = 30; This profile is private; id = 41929141
Error: error_code = 30; This profile is private; id = 571943652
Error: error_code = 30; This profile is private; id = 358784219
Error: error_code = 30; This profile is private; id = 246639164
Error: error_code = 30; This profile is private; id = 65625990
Error: error_code = 15; Access denied: user deactivated; id = 688477844
Error: error_code = 15; Access denied: user deactivated; id = 264052419
Error: error_code = 30; This profile is private; id = 21493798
Error: error_code = 30; This profile is private; id = 352904912
Error: error_code = 15; Access denied: user deactivated; id = 173913087
Error: error_code = 15; Access denied: user deactivated; id = 402531469
Error: error_code = 30; This profile is private; id = 47865100
Error: error_code = 15; Access denied: user deactivated; id = 465181093
Error: error_code = 30; This profile is private; id = 243139021
Error: error_code = 30; This profile is private; id = 36703016
Error: error_code = 30; This profile is private; id = 401654062
Error: error_code = 30; This profile is private; id = 220266261
Error: error_code = 30; This profile is private; id = 229183103
Error: error_code = 15; Access denied: user deactivated; id = 644638358
Error: error_code = 30; This profile is private; id = 331248650
Error: error_code = 30; This profile is private; id = 11817461
Error: error_code = 30; This profile is private; id = 8695805
Error: error_code = 30; This profile is private; id = 486714616
Error: error_code = 30; This profile is private; id = 686698834
Error: error_code = 30; This profile is private; id = 204038656
Error: error_code = 30; This profile is private; id = 138612619
Error: error_code = 15; Access denied: user deactivated; id = 27023821
Error: error_code = 15; Access denied: user deactivated; id = 204586670
Error: error_code = 30; This profile is private; id = 421183165
Error: error_code = 30; This profile is private; id = 338419782
Error: error_code = 30; This profile is private; id = 705321717
Error: error_code = 30; This profile is private; id = 201389010
Error: error_code = 30; This profile is private; id = 931271
Error: error_code = 15; Access denied: user deactivated; id = 176411290
Error: error_code = 15; Access denied: user deactivated; id = 220540891
Error: error_code = 30; This profile is private; id = 232204134
Error: error_code = 30; This profile is private; id = 448163994
Error: error_code = 15; Access denied: user deactivated; id = 140126997
Error: error_code = 15; Access denied: user deactivated; id = 554620676
Error: error_code = 15; Access denied: user deactivated; id = 409750500
Error: error_code = 30; This profile is private; id = 132091477
Error: error_code = 30; This profile is private; id = 339657971
Error: error_code = 15; Access denied: user deactivated; id = 11445676
Error: error_code = 30; This profile is private; id = 681836914
Error: error_code = 30; This profile is private; id = 434251
Error: error_code = 30; This profile is private; id = 310786546
Error: error_code = 30; This profile is private; id = 709101571
Error: error_code = 30; This profile is private; id = 83787259
Error: error_code = 30; This profile is private; id = 186910877
Error: error_code = 30; This profile is private; id = 534227541
Error: error_code = 30; This profile is private; id = 172914294
Error: error_code = 30; This profile is private; id = 41744739
Error: error_code = 30; This profile is private; id = 477543859
Error: error_code = 30; This profile is private; id = 191056599
Error: error_code = 15; Access denied: user deactivated; id = 204540496
Error: error_code = 15; Access denied: user deactivated; id = 487040116
Error: error_code = 15; Access denied: user deactivated; id = 135097302
Error: error_code = 30; This profile is private; id = 532338208
Error: error_code = 30; This profile is private; id = 198976869
Error: error_code = 15; Access denied: user deactivated; id = 18700694
Error: error_code = 15; Access denied: user deactivated; id = 178713407
Error: error_code = 30; This profile is private; id = 615154044
Error: error_code = 30; This profile is private; id = 541648721
Error: error_code = 15; Access denied: user deactivated; id = 428128186
Error: error_code = 30; This profile is private; id = 578274283
Error: error_code = 30; This profile is private; id = 59431768
Error: error_code = 30; This profile is private; id = 624543459
Error: error_code = 30; This profile is private; id = 187970768
Error: error_code = 30; This profile is private; id = 682383036
Error: error_code = 30; This profile is private; id = 137725606
Error: error_code = 30; This profile is private; id = 132676543
Error: error_code = 30; This profile is private; id = 73507123
Error: error_code = 30; This profile is private; id = 517122678
Error: error_code = 30; This profile is private; id = 76214047
Error: error_code = 30; This profile is private; id = 158201474
Error: error_code = 30; This profile is private; id = 24945751
Error: error_code = 30; This profile is private; id = 593291864
Error: error_code = 15; Access denied: user deactivated; id = 230673702
Error: error_code = 30; This profile is private; id = 322981357
Error: error_code = 15; Access denied: user deactivated; id = 546799023
Error: error_code = 15; Access denied: user deactivated; id = 598788235
Error: error_code = 30; This profile is private; id = 512913255
Error: error_code = 30; This profile is private; id = 250063934
Error: error_code = 30; This profile is private; id = 423484516
Error: error_code = 30; This profile is private; id = 707861446
Error: error_code = 30; This profile is private; id = 14550700
Error: error_code = 30; This profile is private; id = 199923725
Error: error_code = 30; This profile is private; id = 401230582
Error: error_code = 30; This profile is private; id = 367586092
Error: error_code = 30; This profile is private; id = 421838460
Error: error_code = 15; Access denied: user deactivated; id = 352893995
Error: error_code = 30; This profile is private; id = 356365995
Error: error_code = 30; This profile is private; id = 309546819
Error: error_code = 30; This profile is private; id = 447678401
Error: error_code = 30; This profile is private; id = 468216574
Error: error_code = 30; This profile is private; id = 358465969
Error: error_code = 15; Access denied: user deactivated; id = 665848258
Error: error_code = 15; Access denied: user deactivated; id = 499563000
Error: error_code = 15; Access denied: user deactivated; id = 420627225
Error: error_code = 15; Access denied: user deactivated; id = 440754691
Error: error_code = 30; This profile is private; id = 17350904
Error: error_code = 30; This profile is private; id = 369751478
Error: error_code = 15; Access denied: user deactivated; id = 451896205
Error: error_code = 30; This profile is private; id = 94049260
Error: error_code = 30; This profile is private; id = 101555807
Error: error_code = 30; This profile is private; id = 323949397
Error: error_code = 30; This profile is private; id = 263421756
Error: error_code = 15; Access denied: user deactivated; id = 381778093
Error: error_code = 30; This profile is private; id = 609157717
Error: error_code = 15; Access denied: user deactivated; id = 52763414
Error: error_code = 30; This profile is private; id = 142743395
Error: error_code = 15; Access denied: user deactivated; id = 421672852
Error: error_code = 30; This profile is private; id = 538127379
Error: error_code = 15; Access denied: user deactivated; id = 169218124
Error: error_code = 15; Access denied: user deactivated; id = 22127204
Error: error_code = 30; This profile is private; id = 70588853
Error: error_code = 30; This profile is private; id = 224294568
Error: error_code = 30; This profile is private; id = 424381072
Error: error_code = 30; This profile is private; id = 351818026
Error: error_code = 30; This profile is private; id = 193322887
Error: error_code = 30; This profile is private; id = 650006524
Error: error_code = 30; This profile is private; id = 693235854
Error: error_code = 15; Access denied: user deactivated; id = 309581820
Error: error_code = 30; This profile is private; id = 135135
Error: error_code = 15; Access denied: user deactivated; id = 395818234
Error: error_code = 15; Access denied: user deactivated; id = 547133928
Error: error_code = 30; This profile is private; id = 167961705
Error: error_code = 30; This profile is private; id = 275686704
Error: error_code = 30; This profile is private; id = 34300833
Error: error_code = 30; This profile is private; id = 339740990
Error: error_code = 30; This profile is private; id = 249948697
Error: error_code = 30; This profile is private; id = 551289585
Error: error_code = 30; This profile is private; id = 645834324
Error: error_code = 30; This profile is private; id = 624080319
Error: error_code = 15; Access denied: user deactivated; id = 171013971
Error: error_code = 15; Access denied: user deactivated; id = 421164991
Error: error_code = 30; This profile is private; id = 419090179
Error: error_code = 30; This profile is private; id = 438082688
Error: error_code = 15; Access denied: user deactivated; id = 576531431
Error: error_code = 15; Access denied: user deactivated; id = 255502592
Error: error_code = 30; This profile is private; id = 286873312
Error: error_code = 30; This profile is private; id = 26228281
Error: error_code = 15; Access denied: user deactivated; id = 216741051
Error: error_code = 30; This profile is private; id = 644063726
Error: error_code = 15; Access denied: user deactivated; id = 216175176
Error: error_code = 15; Access denied: user deactivated; id = 224201819
Error: error_code = 30; This profile is private; id = 535126452
Error: error_code = 30; This profile is private; id = 136472119
Error: error_code = 30; This profile is private; id = 327503170
Error: error_code = 30; This profile is private; id = 532207017
Error: error_code = 30; This profile is private; id = 187771426
Error: error_code = 30; This profile is private; id = 271833480
Error: error_code = 30; This profile is private; id = 527104594
Error: error_code = 15; Access denied: user deactivated; id = 10023359
Error: error_code = 30; This profile is private; id = 715115602
Error: error_code = 30; This profile is private; id = 438728607
Error: error_code = 15; Access denied: user deactivated; id = 454378197
Error: error_code = 30; This profile is private; id = 13839583
Error: error_code = 15; Access denied: user deactivated; id = 546154703
Error: error_code = 30; This profile is private; id = 345356498
Error: error_code = 30; This profile is private; id = 570441240
Error: error_code = 30; This profile is private; id = 141193887
Error: error_code = 30; This profile is private; id = 632039210
Error: error_code = 30; This profile is private; id = 180369333
Error: error_code = 30; This profile is private; id = 562582658
Error: error_code = 30; This profile is private; id = 567062320
Error: error_code = 30; This profile is private; id = 57064400
Error: error_code = 30; This profile is private; id = 290909
Error: error_code = 30; This profile is private; id = 163683909
Error: error_code = 30; This profile is private; id = 37528973
Error: error_code = 30; This profile is private; id = 142834982
Error: error_code = 30; This profile is private; id = 466055480
Error: error_code = 30; This profile is private; id = 274382495
Error: error_code = 15; Access denied: user deactivated; id = 542732054
Error: error_code = 30; This profile is private; id = 152272794
Error: error_code = 30; This profile is private; id = 709116442
Error: error_code = 15; Access denied: user deactivated; id = 372191425
Error: error_code = 30; This profile is private; id = 82413679
Error: error_code = 30; This profile is private; id = 341566857
Error: error_code = 30; This profile is private; id = 145262444
Error: error_code = 30; This profile is private; id = 481652338
Error: error_code = 30; This profile is private; id = 355308419
Error: error_code = 30; This profile is private; id = 521127152
Error: error_code = 30; This profile is private; id = 155335197
Error: error_code = 15; Access denied: user deactivated; id = 390406222
Error: error_code = 30; This profile is private; id = 499557120
Error: error_code = 30; This profile is private; id = 574658156
Error: error_code = 30; This profile is private; id = 177901414
Error: error_code = 15; Access denied: user deactivated; id = 299885143
Error: error_code = 15; Access denied: user deactivated; id = 166279297
Error: error_code = 30; This profile is private; id = 136103154
Error: error_code = 30; This profile is private; id = 617836246
Error: error_code = 15; Access denied: user deactivated; id = 143382339
Error: error_code = 30; This profile is private; id = 568750544
Error: error_code = 30; This profile is private; id = 637289118
Error: error_code = 30; This profile is private; id = 5337238
Error: error_code = 15; Access denied: user deactivated; id = 49755415
Error: error_code = 30; This profile is private; id = 495683081
Error: error_code = 30; This profile is private; id = 661453645
Error: error_code = 30; This profile is private; id = 346347353
Error: error_code = 15; Access denied: user deactivated; id = 559447102
Error: error_code = 30; This profile is private; id = 557921114
Error: error_code = 30; This profile is private; id = 660577973
Error: error_code = 30; This profile is private; id = 186917389
Error: error_code = 30; This profile is private; id = 559380278
Error: error_code = 30; This profile is private; id = 324797751
Error: error_code = 15; Access denied: user deactivated; id = 514190298
Error: error_code = 30; This profile is private; id = 78498224
Error: error_code = 30; This profile is private; id = 19902264
Error: error_code = 30; This profile is private; id = 402067903
Error: error_code = 30; This profile is private; id = 137808247
Error: error_code = 30; This profile is private; id = 169585143
Error: error_code = 30; This profile is private; id = 383788979
Error: error_code = 15; Access denied: user deactivated; id = 214488225
Error: error_code = 15; Access denied: user deactivated; id = 209665355
Error: error_code = 30; This profile is private; id = 433713333
Error: error_code = 15; Access denied: user deactivated; id = 244363433
Error: error_code = 30; This profile is private; id = 44121361
Error: error_code = 15; Access denied: user deactivated; id = 209853135
Error: error_code = 30; This profile is private; id = 500916312
Error: error_code = 30; This profile is private; id = 411207523
Error: error_code = 30; This profile is private; id = 302154858
Error: error_code = 30; This profile is private; id = 532064765
Error: error_code = 30; This profile is private; id = 50020347
Error: error_code = 30; This profile is private; id = 403940808
Error: error_code = 30; This profile is private; id = 713630701
Error: error_code = 15; Access denied: user deactivated; id = 30921743
Error: error_code = 30; This profile is private; id = 291752054
Error: error_code = 15; Access denied: user deactivated; id = 512354
Error: error_code = 30; This profile is private; id = 452116404
Error: error_code = 15; Access denied: user deactivated; id = 294153065
Error: error_code = 15; Access denied: user deactivated; id = 251716728
Error: error_code = 30; This profile is private; id = 403630377
Error: error_code = 15; Access denied: user deactivated; id = 611814162
Error: error_code = 15; Access denied: user deactivated; id = 355911038
Error: error_code = 30; This profile is private; id = 705751791
Error: error_code = 30; This profile is private; id = 431484690
Error: error_code = 15; Access denied: user deactivated; id = 333783448
Error: error_code = 30; This profile is private; id = 174235660
Error: error_code = 30; This profile is private; id = 696074677
Error: error_code = 30; This profile is private; id = 367380523
Error: error_code = 30; This profile is private; id = 164204677
Error: error_code = 30; This profile is private; id = 501289623
Error: error_code = 15; Access denied: user deactivated; id = 299129842
Error: error_code = 15; Access denied: user deactivated; id = 226141842
Error: error_code = 15; Access denied: user deactivated; id = 404418691
Error: error_code = 30; This profile is private; id = 132580329
Error: error_code = 30; This profile is private; id = 258883601
Error: error_code = 30; This profile is private; id = 50643118
Error: error_code = 15; Access denied: user deactivated; id = 387732428
Error: error_code = 15; Access denied: user deactivated; id = 600854825
Error: error_code = 30; This profile is private; id = 431873533
Error: error_code = 30; This profile is private; id = 35862281
Error: error_code = 30; This profile is private; id = 43447171
Error: error_code = 30; This profile is private; id = 38113646
Error: error_code = 30; This profile is private; id = 342447004
Error: error_code = 30; This profile is private; id = 170896134
Error: error_code = 15; Access denied: user deactivated; id = 434085010
Error: error_code = 30; This profile is private; id = 696488466
Error: error_code = 30; This profile is private; id = 195588924
Error: error_code = 15; Access denied: user deactivated; id = 418653804
Error: error_code = 30; This profile is private; id = 81826866
Error: error_code = 30; This profile is private; id = 561008471
Error: error_code = 15; Access denied: user deactivated; id = 519004517
Error: error_code = 15; Access denied: user deactivated; id = 539987120
Error: error_code = 30; This profile is private; id = 659189224
Error: error_code = 15; Access denied: user deactivated; id = 556195895
Error: error_code = 15; Access denied: user deactivated; id = 145239666
Error: error_code = 30; This profile is private; id = 91484833
Error: error_code = 15; Access denied: user deactivated; id = 191226546
Error: error_code = 15; Access denied: user deactivated; id = 143091580
Error: error_code = 30; This profile is private; id = 21786884
Error: error_code = 30; This profile is private; id = 632195427
Error: error_code = 30; This profile is private; id = 273757225
Error: error_code = 30; This profile is private; id = 201178122
Error: error_code = 30; This profile is private; id = 418755471
Error: error_code = 30; This profile is private; id = 625268489
Error: error_code = 15; Access denied: user deactivated; id = 426493152
Error: error_code = 30; This profile is private; id = 2678936
Error: error_code = 30; This profile is private; id = 650916982
Error: error_code = 30; This profile is private; id = 33296499
Error: error_code = 30; This profile is private; id = 570241136
Error: error_code = 30; This profile is private; id = 265977630
Error: error_code = 30; This profile is private; id = 524106406
Error: error_code = 30; This profile is private; id = 265929765
Error: error_code = 30; This profile is private; id = 282515048
Error: error_code = 15; Access denied: user deactivated; id = 426314137
Error: error_code = 30; This profile is private; id = 151566292
Error: error_code = 30; This profile is private; id = 151935745
Error: error_code = 30; This profile is private; id = 330616989
Error: error_code = 30; This profile is private; id = 299269265
Error: error_code = 30; This profile is private; id = 491241265
Error: error_code = 30; This profile is private; id = 513441473
Error: error_code = 30; This profile is private; id = 186039234
Error: error_code = 30; This profile is private; id = 276741704
Error: error_code = 30; This profile is private; id = 307218697
Error: error_code = 30; This profile is private; id = 39642954
Error: error_code = 30; This profile is private; id = 438266131
Error: error_code = 30; This profile is private; id = 330261779
Error: error_code = 30; This profile is private; id = 89280169
Error: error_code = 15; Access denied: user deactivated; id = 31909768
Error: error_code = 15; Access denied: user deactivated; id = 522729134
Error: error_code = 30; This profile is private; id = 516938583
Error: error_code = 30; This profile is private; id = 631037266
Error: error_code = 30; This profile is private; id = 277549642
Error: error_code = 15; Access denied: user deactivated; id = 186813697
Error: error_code = 30; This profile is private; id = 351729836
Error: error_code = 30; This profile is private; id = 429724293
Error: error_code = 30; This profile is private; id = 172628116
Error: error_code = 30; This profile is private; id = 698404741
Error: error_code = 30; This profile is private; id = 670016942
Error: error_code = 30; This profile is private; id = 346022411
Error: error_code = 15; Access denied: user deactivated; id = 219228755
Error: error_code = 30; This profile is private; id = 311384808
Error: error_code = 30; This profile is private; id = 6860356
Error: error_code = 15; Access denied: user deactivated; id = 14209578
Error: error_code = 30; This profile is private; id = 330740239
Error: error_code = 30; This profile is private; id = 663766789
Error: error_code = 15; Access denied: user deactivated; id = 588475573
Error: error_code = 15; Access denied: user deactivated; id = 580200644
Error: error_code = 15; Access denied: user deactivated; id = 355979775
Error: error_code = 30; This profile is private; id = 60095214
Error: error_code = 30; This profile is private; id = 433493819
Error: error_code = 30; This profile is private; id = 85621655
Error: error_code = 30; This profile is private; id = 21110882
Error: error_code = 30; This profile is private; id = 397456865
Error: error_code = 15; Access denied: user deactivated; id = 147947382
Error: error_code = 15; Access denied: user deactivated; id = 421083994
Error: error_code = 15; Access denied: user deactivated; id = 12633009
Error: error_code = 15; Access denied: user deactivated; id = 268762637
Error: error_code = 30; This profile is private; id = 635987308
Error: error_code = 30; This profile is private; id = 462055892
Error: error_code = 30; This profile is private; id = 289964838
Error: error_code = 15; Access denied: user deactivated; id = 457649016
Error: error_code = 15; Access denied: user deactivated; id = 430835011
Error: error_code = 30; This profile is private; id = 412684091
Error: error_code = 30; This profile is private; id = 30840720
Error: error_code = 30; This profile is private; id = 461979799
Error: error_code = 30; This profile is private; id = 50535933
Error: error_code = 15; Access denied: user deactivated; id = 163057219
Error: error_code = 30; This profile is private; id = 401516257
Error: error_code = 30; This profile is private; id = 347758252
Error: error_code = 30; This profile is private; id = 72872576
Error: error_code = 15; Access denied: user deactivated; id = 360999342
Error: error_code = 30; This profile is private; id = 14473143
Error: error_code = 15; Access denied: user deactivated; id = 237439533
Error: error_code = 30; This profile is private; id = 238536590
Error: error_code = 15; Access denied: user deactivated; id = 345976980
Error: error_code = 30; This profile is private; id = 319957965
Error: error_code = 30; This profile is private; id = 344694525
Error: error_code = 30; This profile is private; id = 252628999
Error: error_code = 30; This profile is private; id = 19911409
Error: error_code = 15; Access denied: user deactivated; id = 673375786
Error: error_code = 30; This profile is private; id = 640520350
Error: error_code = 30; This profile is private; id = 87622318
Error: error_code = 30; This profile is private; id = 10271059
Error: error_code = 30; This profile is private; id = 434615302
Error: error_code = 30; This profile is private; id = 231742372
Error: error_code = 30; This profile is private; id = 632033972
Error: error_code = 30; This profile is private; id = 194572419
Error: error_code = 30; This profile is private; id = 79488210
Error: error_code = 30; This profile is private; id = 138199404
Error: error_code = 30; This profile is private; id = 237184578
Error: error_code = 30; This profile is private; id = 137631383
Error: error_code = 30; This profile is private; id = 471306246
Error: error_code = 30; This profile is private; id = 545053668
Error: error_code = 30; This profile is private; id = 133001356
Error: error_code = 15; Access denied: user deactivated; id = 275931764
Error: error_code = 30; This profile is private; id = 286749793
Error: error_code = 15; Access denied: user deactivated; id = 155613724
Error: error_code = 15; Access denied: user deactivated; id = 270149415
Error: error_code = 30; This profile is private; id = 461529281
Error: error_code = 15; Access denied: user deactivated; id = 6828837
Error: error_code = 30; This profile is private; id = 442829017
Error: error_code = 30; This profile is private; id = 521315556
Error: error_code = 15; Access denied: user deactivated; id = 495345541
Error: error_code = 15; Access denied: user deactivated; id = 227782446
Error: error_code = 15; Access denied: user deactivated; id = 556991837
Error: error_code = 30; This profile is private; id = 231207811
Error: error_code = 15; Access denied: user deactivated; id = 219159311
Error: error_code = 30; This profile is private; id = 396548642
Error: error_code = 30; This profile is private; id = 673040642
Error: error_code = 30; This profile is private; id = 546986237
Error: error_code = 30; This profile is private; id = 342656843
Error: error_code = 30; This profile is private; id = 22860950
Error: error_code = 30; This profile is private; id = 179832394
Error: error_code = 15; Access denied: user deactivated; id = 423839073
Error: error_code = 15; Access denied: user deactivated; id = 372986382
Error: error_code = 30; This profile is private; id = 284269468
Error: error_code = 30; This profile is private; id = 682577457
Error: error_code = 15; Access denied: user deactivated; id = 200522574
Error: error_code = 30; This profile is private; id = 365112769
Error: error_code = 15; Access denied: user deactivated; id = 1084842
Error: error_code = 15; Access denied: user deactivated; id = 283362978
Error: error_code = 30; This profile is private; id = 136861175
Error: error_code = 15; Access denied: user deactivated; id = 301424084
Error: error_code = 30; This profile is private; id = 228252144
Error: error_code = 30; This profile is private; id = 147496599
Error: error_code = 15; Access denied: user deactivated; id = 220809542
Error: error_code = 15; Access denied: user deactivated; id = 340742615
Error: error_code = 30; This profile is private; id = 690790893
Error: error_code = 15; Access denied: user deactivated; id = 424040882
Error: error_code = 30; This profile is private; id = 529870841
Error: error_code = 30; This profile is private; id = 326004485
Error: error_code = 15; Access denied: user deactivated; id = 168232843
Error: error_code = 30; This profile is private; id = 634453914
Error: error_code = 30; This profile is private; id = 163394768
Error: error_code = 15; Access denied: user deactivated; id = 417016513
Error: error_code = 30; This profile is private; id = 603410732
Error: error_code = 30; This profile is private; id = 35129605
Error: error_code = 30; This profile is private; id = 38115670
Error: error_code = 15; Access denied: user deactivated; id = 368559212
Error: error_code = 30; This profile is private; id = 550010145
Error: error_code = 30; This profile is private; id = 396708146
Error: error_code = 30; This profile is private; id = 173936052
Error: error_code = 30; This profile is private; id = 189338296
Error: error_code = 30; This profile is private; id = 524673064
Error: error_code = 15; Access denied: user deactivated; id = 340215318
Error: error_code = 15; Access denied: user deactivated; id = 470808384
Error: error_code = 30; This profile is private; id = 12808
Error: error_code = 30; This profile is private; id = 95789863
Error: error_code = 30; This profile is private; id = 460366889
Error: error_code = 30; This profile is private; id = 514835463
Error: error_code = 15; Access denied: user deactivated; id = 543695435
Error: error_code = 15; Access denied: user deactivated; id = 535789406
Error: error_code = 15; Access denied: user deactivated; id = 43550860
Error: error_code = 30; This profile is private; id = 618522380
Error: error_code = 30; This profile is private; id = 84254608
Error: error_code = 15; Access denied: user deactivated; id = 164751553
Error: error_code = 30; This profile is private; id = 174865292
Error: error_code = 30; This profile is private; id = 474400433
Error: error_code = 30; This profile is private; id = 4789802
Error: error_code = 30; This profile is private; id = 439890769
Error: error_code = 15; Access denied: user deactivated; id = 128865937
Error: error_code = 15; Access denied: user deactivated; id = 472888459
Error: error_code = 30; This profile is private; id = 531636544
Error: error_code = 30; This profile is private; id = 194718132
Error: error_code = 30; This profile is private; id = 153887454
Error: error_code = 15; Access denied: user deactivated; id = 191615645
Error: error_code = 30; This profile is private; id = 56416301
Error: error_code = 15; Access denied: user deactivated; id = 216365540
Error: error_code = 30; This profile is private; id = 298656160
Error: error_code = 15; Access denied: user deactivated; id = 221903350
Error: error_code = 30; This profile is private; id = 644105723
Error: error_code = 15; Access denied: user deactivated; id = 73962675
Error: error_code = 15; Access denied: user deactivated; id = 515939721
Error: error_code = 30; This profile is private; id = 627505602
Error: error_code = 15; Access denied: user deactivated; id = 555393940
Error: error_code = 15; Access denied: user deactivated; id = 220114143
Error: error_code = 30; This profile is private; id = 20435769
Error: error_code = 15; Access denied: user deactivated; id = 439631941
Error: error_code = 30; This profile is private; id = 356145871
Error: error_code = 30; This profile is private; id = 364097
Error: error_code = 30; This profile is private; id = 487871701
Error: error_code = 30; This profile is private; id = 578660312
Error: error_code = 30; This profile is private; id = 63816048
Error: error_code = 30; This profile is private; id = 701820345
Error: error_code = 30; This profile is private; id = 31940180
Error: error_code = 30; This profile is private; id = 493530962
Error: error_code = 30; This profile is private; id = 514823758
Error: error_code = 30; This profile is private; id = 705342368
Error: error_code = 30; This profile is private; id = 351139249
Error: error_code = 30; This profile is private; id = 497944350
Error: error_code = 30; This profile is private; id = 24531939
Error: error_code = 15; Access denied: user deactivated; id = 425769998
Error: error_code = 30; This profile is private; id = 472620854
Error: error_code = 15; Access denied: user deactivated; id = 411573900
Error: error_code = 30; This profile is private; id = 679818503
Error: error_code = 15; Access denied: user deactivated; id = 710123681
Error: error_code = 30; This profile is private; id = 136632265
Error: error_code = 15; Access denied: user deactivated; id = 615020690
Error: error_code = 30; This profile is private; id = 203134069
Error: error_code = 30; This profile is private; id = 452852429
Error: error_code = 30; This profile is private; id = 235047478
Error: error_code = 30; This profile is private; id = 523407262
Error: error_code = 30; This profile is private; id = 345133416
Error: error_code = 30; This profile is private; id = 484516993
Error: error_code = 30; This profile is private; id = 262927924
Error: error_code = 30; This profile is private; id = 157227610
Error: error_code = 30; This profile is private; id = 558756230
Error: error_code = 30; This profile is private; id = 2999335
Error: error_code = 15; Access denied: user deactivated; id = 140488699
Error: error_code = 30; This profile is private; id = 151625079
Error: error_code = 30; This profile is private; id = 101621331
Error: error_code = 30; This profile is private; id = 709501129
Error: error_code = 30; This profile is private; id = 588560086
Error: error_code = 30; This profile is private; id = 148220312
Error: error_code = 30; This profile is private; id = 177101023
Error: error_code = 30; This profile is private; id = 422208883
Error: error_code = 15; Access denied: user deactivated; id = 403251631
Error: error_code = 15; Access denied: user deactivated; id = 701930575
Error: error_code = 15; Access denied: user deactivated; id = 183700429
Error: error_code = 30; This profile is private; id = 33193892
Error: error_code = 30; This profile is private; id = 574011143
Error: error_code = 30; This profile is private; id = 138924937
Error: error_code = 30; This profile is private; id = 268443227
Error: error_code = 30; This profile is private; id = 167225805
Error: error_code = 30; This profile is private; id = 304795578
Error: error_code = 30; This profile is private; id = 569752705
Error: error_code = 30; This profile is private; id = 715971686
Error: error_code = 30; This profile is private; id = 577655546
Error: error_code = 30; This profile is private; id = 372460765
Error: error_code = 30; This profile is private; id = 551558191
Error: error_code = 15; Access denied: user deactivated; id = 185613446
Error: error_code = 30; This profile is private; id = 302093408
Error: error_code = 15; Access denied: user deactivated; id = 279877497
Error: error_code = 30; This profile is private; id = 426214466
Error: error_code = 15; Access denied: user deactivated; id = 670672847
Error: error_code = 30; This profile is private; id = 612824421
Error: error_code = 30; This profile is private; id = 59361647
Error: error_code = 30; This profile is private; id = 348436952
Error: error_code = 30; This profile is private; id = 225372498
Error: error_code = 15; Access denied: user deactivated; id = 230858407
Error: error_code = 15; Access denied: user deactivated; id = 220041110
Error: error_code = 15; Access denied: user deactivated; id = 708174852
Error: error_code = 30; This profile is private; id = 98236067
Error: error_code = 15; Access denied: user deactivated; id = 422041622
Error: error_code = 15; Access denied: user deactivated; id = 42691524
Error: error_code = 30; This profile is private; id = 668575370
Error: error_code = 15; Access denied: user deactivated; id = 216228850
Error: error_code = 30; This profile is private; id = 384658384
Error: error_code = 30; This profile is private; id = 200736414
Error: error_code = 15; Access denied: user deactivated; id = 250595672
Error: error_code = 15; Access denied: user deactivated; id = 232279781
Error: error_code = 30; This profile is private; id = 577589563
Error: error_code = 30; This profile is private; id = 618852779
Error: error_code = 30; This profile is private; id = 203842828
Error: error_code = 30; This profile is private; id = 712688859
Error: error_code = 30; This profile is private; id = 712044939
Error: error_code = 30; This profile is private; id = 488470807
Error: error_code = 30; This profile is private; id = 213979984
Error: error_code = 15; Access denied: user deactivated; id = 150328001
Error: error_code = 15; Access denied: user deactivated; id = 353933610
Error: error_code = 30; This profile is private; id = 600626021
Error: error_code = 30; This profile is private; id = 639088017
Error: error_code = 30; This profile is private; id = 604959389
Error: error_code = 30; This profile is private; id = 594521083
Error: error_code = 15; Access denied: user deactivated; id = 537978097
Error: error_code = 30; This profile is private; id = 114609021
Error: error_code = 15; Access denied: user deactivated; id = 701309763
Error: error_code = 15; Access denied: user deactivated; id = 122418618
Error: error_code = 30; This profile is private; id = 690072046
Error: error_code = 30; This profile is private; id = 380379903
Error: error_code = 30; This profile is private; id = 638469228
Error: error_code = 30; This profile is private; id = 155169240
Error: error_code = 30; This profile is private; id = 105571502
Error: error_code = 15; Access denied: user deactivated; id = 403886252
Error: error_code = 30; This profile is private; id = 609886145
Error: error_code = 15; Access denied: user deactivated; id = 456847403
Error: error_code = 30; This profile is private; id = 10170253
Error: error_code = 30; This profile is private; id = 195961327
Error: error_code = 30; This profile is private; id = 131775637
Error: error_code = 30; This profile is private; id = 248223876
Error: error_code = 15; Access denied: user deactivated; id = 476571039
Error: error_code = 30; This profile is private; id = 291213421
Error: error_code = 30; This profile is private; id = 297479140
Error: error_code = 15; Access denied: user deactivated; id = 592523681
Error: error_code = 30; This profile is private; id = 293712648
Error: error_code = 15; Access denied: user deactivated; id = 401859789
Error: error_code = 30; This profile is private; id = 411538787
Error: error_code = 30; This profile is private; id = 153537949
Error: error_code = 15; Access denied: user deactivated; id = 203644106
Error: error_code = 30; This profile is private; id = 151158941
Error: error_code = 15; Access denied: user deactivated; id = 634052640
Error: error_code = 30; This profile is private; id = 603965734
Error: error_code = 30; This profile is private; id = 511538672
Error: error_code = 30; This profile is private; id = 104290064
Error: error_code = 15; Access denied: user deactivated; id = 248561708
Error: error_code = 15; Access denied: user deactivated; id = 317394360
Error: error_code = 30; This profile is private; id = 345988110
Error: error_code = 30; This profile is private; id = 219710728
Error: error_code = 30; This profile is private; id = 538613641
Error: error_code = 30; This profile is private; id = 572977066
Error: error_code = 30; This profile is private; id = 484851369
Error: error_code = 30; This profile is private; id = 521545673
Error: error_code = 30; This profile is private; id = 251779305
Error: error_code = 30; This profile is private; id = 302962564
Error: error_code = 15; Access denied: user deactivated; id = 94884007
Error: error_code = 15; Access denied: user deactivated; id = 205424675
Error: error_code = 30; This profile is private; id = 170009843
Error: error_code = 15; Access denied: user deactivated; id = 326293448
Error: error_code = 30; This profile is private; id = 483144923
Error: error_code = 15; Access denied: user deactivated; id = 569290685
Error: error_code = 30; This profile is private; id = 51821578
Error: error_code = 15; Access denied: user deactivated; id = 483570221
Error: error_code = 30; This profile is private; id = 439081458
Error: error_code = 30; This profile is private; id = 149171514
Error: error_code = 30; This profile is private; id = 78589464
Error: error_code = 30; This profile is private; id = 410719382
Error: error_code = 30; This profile is private; id = 682459815
Error: error_code = 15; Access denied: user deactivated; id = 215521247
Error: error_code = 15; Access denied: user deactivated; id = 290194807
Error: error_code = 15; Access denied: user deactivated; id = 164738586
Error: error_code = 15; Access denied: user deactivated; id = 430214837
Error: error_code = 15; Access denied: user deactivated; id = 534098275
Error: error_code = 15; Access denied: user deactivated; id = 435919328
Error: error_code = 15; Access denied: user deactivated; id = 593201634
Error: error_code = 30; This profile is private; id = 17554416
Error: error_code = 30; This profile is private; id = 347765229
Error: error_code = 30; This profile is private; id = 554596309
Error: error_code = 15; Access denied: user deactivated; id = 225643891
Error: error_code = 15; Access denied: user deactivated; id = 383578257
Error: error_code = 15; Access denied: user deactivated; id = 230923023
Error: error_code = 30; This profile is private; id = 2386224
Error: error_code = 30; This profile is private; id = 163909461
Error: error_code = 30; This profile is private; id = 202808630
Error: error_code = 30; This profile is private; id = 9147368
Error: error_code = 15; Access denied: user deactivated; id = 209779607
Error: error_code = 30; This profile is private; id = 505485136
Error: error_code = 30; This profile is private; id = 275011644
Error: error_code = 30; This profile is private; id = 346593727
Error: error_code = 15; Access denied: user deactivated; id = 429924900
Error: error_code = 30; This profile is private; id = 192713804
Error: error_code = 30; This profile is private; id = 468855775
Error: error_code = 15; Access denied: user deactivated; id = 181349135
Error: error_code = 15; Access denied: user deactivated; id = 589973900
Error: error_code = 30; This profile is private; id = 336017928
Error: error_code = 30; This profile is private; id = 65066985
Error: error_code = 30; This profile is private; id = 57522925
Error: error_code = 30; This profile is private; id = 561690822
Error: error_code = 15; Access denied: user deactivated; id = 182904193
Error: error_code = 30; This profile is private; id = 553588536
Error: error_code = 15; Access denied: user deactivated; id = 71211805
Error: error_code = 30; This profile is private; id = 187214111
Error: error_code = 15; Access denied: user deactivated; id = 674072463
Error: error_code = 30; This profile is private; id = 331801641
Error: error_code = 30; This profile is private; id = 13624737
Error: error_code = 30; This profile is private; id = 84033882
Error: error_code = 30; This profile is private; id = 237400375
Error: error_code = 30; This profile is private; id = 58678207
Error: error_code = 30; This profile is private; id = 228270538
Error: error_code = 30; This profile is private; id = 423117752
Error: error_code = 30; This profile is private; id = 358686032
Error: error_code = 15; Access denied: user deactivated; id = 195380717
Error: error_code = 15; Access denied: user deactivated; id = 313659942
Error: error_code = 30; This profile is private; id = 307988632
Error: error_code = 15; Access denied: user deactivated; id = 428353759
Error: error_code = 15; Access denied: user deactivated; id = 573376359
Error: error_code = 30; This profile is private; id = 382240719
Error: error_code = 30; This profile is private; id = 188239692
Error: error_code = 30; This profile is private; id = 275868336
Error: error_code = 15; Access denied: user deactivated; id = 677849362
Error: error_code = 15; Access denied: user deactivated; id = 412864879
Error: error_code = 30; This profile is private; id = 368618383
Error: error_code = 30; This profile is private; id = 339728356
Error: error_code = 15; Access denied: user deactivated; id = 708092921
Error: error_code = 30; This profile is private; id = 658005184
Error: error_code = 30; This profile is private; id = 438791903
Error: error_code = 30; This profile is private; id = 308617131
Error: error_code = 15; Access denied: user deactivated; id = 120372676
Error: error_code = 30; This profile is private; id = 191779323
Error: error_code = 30; This profile is private; id = 675426001
Error: error_code = 30; This profile is private; id = 546932462
Error: error_code = 30; This profile is private; id = 36305829
Error: error_code = 30; This profile is private; id = 34551517
Error: error_code = 30; This profile is private; id = 68493422
Error: error_code = 15; Access denied: user deactivated; id = 466581968
Error: error_code = 15; Access denied: user deactivated; id = 663473021
Error: error_code = 15; Access denied: user deactivated; id = 271665895
Error: error_code = 15; Access denied: user deactivated; id = 365039697
Error: error_code = 30; This profile is private; id = 629155374
Error: error_code = 30; This profile is private; id = 533489681
Error: error_code = 15; Access denied: user deactivated; id = 469912383
Error: error_code = 30; This profile is private; id = 62836820
Error: error_code = 30; This profile is private; id = 19405618
Error: error_code = 30; This profile is private; id = 177340005
Error: error_code = 30; This profile is private; id = 449498303
Error: error_code = 30; This profile is private; id = 360944659
Error: error_code = 30; This profile is private; id = 515084742
Error: error_code = 15; Access denied: user deactivated; id = 65709665
Error: error_code = 30; This profile is private; id = 309941058
Error: error_code = 30; This profile is private; id = 216188608
Error: error_code = 15; Access denied: user deactivated; id = 227520363
Error: error_code = 30; This profile is private; id = 405545072
Error: error_code = 15; Access denied: user deactivated; id = 230405459
Error: error_code = 30; This profile is private; id = 153291604
Error: error_code = 30; This profile is private; id = 4527604
Error: error_code = 15; Access denied: user deactivated; id = 702971197
Error: error_code = 30; This profile is private; id = 437539211
Error: error_code = 30; This profile is private; id = 492895662
Error: error_code = 30; This profile is private; id = 302738248
Error: error_code = 30; This profile is private; id = 336810068
Error: error_code = 30; This profile is private; id = 444654978
Error: error_code = 30; This profile is private; id = 250129051
Error: error_code = 15; Access denied: user deactivated; id = 400974480
Error: error_code = 30; This profile is private; id = 613636613
Error: error_code = 30; This profile is private; id = 235982
Error: error_code = 30; This profile is private; id = 476782857
Error: error_code = 30; This profile is private; id = 524558280
Error: error_code = 30; This profile is private; id = 710112011
Error: error_code = 30; This profile is private; id = 685123423
Error: error_code = 30; This profile is private; id = 88687976
Error: error_code = 15; Access denied: user deactivated; id = 421220605
Error: error_code = 15; Access denied: user deactivated; id = 383392624
Error: error_code = 30; This profile is private; id = 341291020
Error: error_code = 15; Access denied: user deactivated; id = 428123328
Error: error_code = 30; This profile is private; id = 619781532
Error: error_code = 30; This profile is private; id = 262074959
Error: error_code = 15; Access denied: user deactivated; id = 306479124
Error: error_code = 30; This profile is private; id = 528694160
Error: error_code = 30; This profile is private; id = 321511306
Error: error_code = 15; Access denied: user deactivated; id = 348673227
Error: error_code = 30; This profile is private; id = 228276776
Error: error_code = 30; This profile is private; id = 411290167
Error: error_code = 30; This profile is private; id = 29138017
Error: error_code = 15; Access denied: user deactivated; id = 647185403
Error: error_code = 30; This profile is private; id = 432188059
Error: error_code = 30; This profile is private; id = 446938309
Error: error_code = 30; This profile is private; id = 343202848
Error: error_code = 30; This profile is private; id = 5740398
Error: error_code = 30; This profile is private; id = 68745977
Error: error_code = 15; Access denied: user deactivated; id = 391466571
Error: error_code = 30; This profile is private; id = 230032999
Error: error_code = 30; This profile is private; id = 684653122
Error: error_code = 30; This profile is private; id = 36673205
Error: error_code = 15; Access denied: user deactivated; id = 159603795
Error: error_code = 15; Access denied: user deactivated; id = 192810291
Error: error_code = 30; This profile is private; id = 357680730
Error: error_code = 30; This profile is private; id = 84090029
Error: error_code = 30; This profile is private; id = 279610596
Error: error_code = 30; This profile is private; id = 15663622
Error: error_code = 30; This profile is private; id = 256729631
Error: error_code = 15; Access denied: user deactivated; id = 534879556
Error: error_code = 30; This profile is private; id = 625637797
Error: error_code = 15; Access denied: user deactivated; id = 207207596
Error: error_code = 30; This profile is private; id = 264577956
Error: error_code = 30; This profile is private; id = 650956263
Error: error_code = 15; Access denied: user deactivated; id = 343355749
Error: error_code = 30; This profile is private; id = 576195707
Error: error_code = 30; This profile is private; id = 419673230
Error: error_code = 15; Access denied: user deactivated; id = 236236810
Error: error_code = 15; Access denied: user deactivated; id = 318505792
Error: error_code = 30; This profile is private; id = 516020747
Error: error_code = 30; This profile is private; id = 344528779
Error: error_code = 30; This profile is private; id = 421018132
Error: error_code = 30; This profile is private; id = 540058907
Error: error_code = 30; This profile is private; id = 69557024
Error: error_code = 30; This profile is private; id = 321640689
Error: error_code = 30; This profile is private; id = 132810327
Error: error_code = 30; This profile is private; id = 151188510
Error: error_code = 30; This profile is private; id = 626954589
Error: error_code = 30; This profile is private; id = 593423087
Error: error_code = 30; This profile is private; id = 428668895
Error: error_code = 30; This profile is private; id = 637157003
Error: error_code = 30; This profile is private; id = 79039885
Error: error_code = 15; Access denied: user deactivated; id = 628286708
Error: error_code = 30; This profile is private; id = 448856902
Error: error_code = 15; Access denied: user deactivated; id = 386910917
Error: error_code = 30; This profile is private; id = 300997812
Error: error_code = 30; This profile is private; id = 141392791
Error: error_code = 15; Access denied: user deactivated; id = 446530936
Error: error_code = 30; This profile is private; id = 159072561
Error: error_code = 30; This profile is private; id = 147505079
Error: error_code = 30; This profile is private; id = 472337728
Error: error_code = 30; This profile is private; id = 181516829
Error: error_code = 30; This profile is private; id = 417621215
Error: error_code = 30; This profile is private; id = 468952875
Error: error_code = 15; Access denied: user deactivated; id = 273885041
Error: error_code = 30; This profile is private; id = 206240578
Error: error_code = 30; This profile is private; id = 185919013
Error: error_code = 30; This profile is private; id = 669210240
Error: error_code = 15; Access denied: user deactivated; id = 403158564
Error: error_code = 30; This profile is private; id = 489728890
Error: error_code = 30; This profile is private; id = 330841469
Error: error_code = 30; This profile is private; id = 11253672
Error: error_code = 30; This profile is private; id = 459271562
Error: error_code = 30; This profile is private; id = 160628497
Error: error_code = 30; This profile is private; id = 290901217
Error: error_code = 15; Access denied: user deactivated; id = 514891790
Error: error_code = 15; Access denied: user deactivated; id = 216329090
Error: error_code = 30; This profile is private; id = 50372684
Error: error_code = 30; This profile is private; id = 161743676
Error: error_code = 30; This profile is private; id = 15738975
Error: error_code = 30; This profile is private; id = 563766458
Error: error_code = 30; This profile is private; id = 203037644
Error: error_code = 15; Access denied: user deactivated; id = 212365727
Error: error_code = 30; This profile is private; id = 97861410
Error: error_code = 15; Access denied: user deactivated; id = 335123334
Error: error_code = 30; This profile is private; id = 545456438
Error: error_code = 15; Access denied: user deactivated; id = 535218146
Error: error_code = 30; This profile is private; id = 708943254
Error: error_code = 30; This profile is private; id = 526294915
Error: error_code = 30; This profile is private; id = 483707440
Error: error_code = 30; This profile is private; id = 304277883
Error: error_code = 30; This profile is private; id = 91715463
Error: error_code = 15; Access denied: user deactivated; id = 633366332
Error: error_code = 30; This profile is private; id = 688770040
Error: error_code = 30; This profile is private; id = 657251550
Error: error_code = 30; This profile is private; id = 714974076
Error: error_code = 30; This profile is private; id = 476471332
Error: error_code = 30; This profile is private; id = 352597426
Error: error_code = 30; This profile is private; id = 680731369
Error: error_code = 30; This profile is private; id = 398686480
Error: error_code = 30; This profile is private; id = 35048396
Error: error_code = 30; This profile is private; id = 557186484
Error: error_code = 30; This profile is private; id = 697782938
Error: error_code = 15; Access denied: user deactivated; id = 190377534
Error: error_code = 15; Access denied: user deactivated; id = 207921804
Error: error_code = 30; This profile is private; id = 35816517
Error: error_code = 30; This profile is private; id = 2033515
Error: error_code = 15; Access denied: user deactivated; id = 38275608
Error: error_code = 30; This profile is private; id = 339307744
Error: error_code = 30; This profile is private; id = 679541503
Error: error_code = 15; Access denied: user deactivated; id = 443663826
Error: error_code = 30; This profile is private; id = 709481380
Error: error_code = 30; This profile is private; id = 210766334
Error: error_code = 30; This profile is private; id = 379043310
Error: error_code = 30; This profile is private; id = 485552048
Error: error_code = 30; This profile is private; id = 60561955
Error: error_code = 30; This profile is private; id = 245225766
Error: error_code = 15; Access denied: user deactivated; id = 594822253
Error: error_code = 30; This profile is private; id = 677395300
Error: error_code = 30; This profile is private; id = 44240369
Error: error_code = 30; This profile is private; id = 682328558
Error: error_code = 15; Access denied: user deactivated; id = 210636714
Error: error_code = 30; This profile is private; id = 167171285
Error: error_code = 15; Access denied: user deactivated; id = 699901332
Error: error_code = 15; Access denied: user deactivated; id = 346227545
Error: error_code = 15; Access denied: user deactivated; id = 391975754
Error: error_code = 30; This profile is private; id = 14195725
Error: error_code = 30; This profile is private; id = 635789792
Error: error_code = 30; This profile is private; id = 503174588
Error: error_code = 15; Access denied: user deactivated; id = 494944139
Error: error_code = 30; This profile is private; id = 632823589
Error: error_code = 15; Access denied: user deactivated; id = 400866609
Error: error_code = 15; Access denied: user deactivated; id = 417206231
Error: error_code = 30; This profile is private; id = 503982104
Error: error_code = 30; This profile is private; id = 686636714
Error: error_code = 15; Access denied: user deactivated; id = 527451471
Error: error_code = 15; Access denied: user deactivated; id = 323857953
Error: error_code = 15; Access denied: user deactivated; id = 587768011
Error: error_code = 30; This profile is private; id = 18321051
Error: error_code = 30; This profile is private; id = 106397126
Error: error_code = 30; This profile is private; id = 233512848
Error: error_code = 30; This profile is private; id = 671385149
Error: error_code = 30; This profile is private; id = 476920741
Error: error_code = 30; This profile is private; id = 193748625
Error: error_code = 15; Access denied: user deactivated; id = 253857428
Error: error_code = 30; This profile is private; id = 653063544
Error: error_code = 30; This profile is private; id = 26516656
Error: error_code = 30; This profile is private; id = 167958297
Error: error_code = 30; This profile is private; id = 183935812
Error: error_code = 30; This profile is private; id = 396421
Error: error_code = 30; This profile is private; id = 392233543
Error: error_code = 15; Access denied: user deactivated; id = 221343010
Error: error_code = 30; This profile is private; id = 180326052
Error: error_code = 30; This profile is private; id = 396251968
Error: error_code = 30; This profile is private; id = 152040112
Error: error_code = 30; This profile is private; id = 428305977
Error: error_code = 15; Access denied: user deactivated; id = 506682911
Error: error_code = 30; This profile is private; id = 712641061
Error: error_code = 30; This profile is private; id = 278633202
Error: error_code = 30; This profile is private; id = 449116939
Error: error_code = 15; Access denied: user deactivated; id = 75496547
Error: error_code = 30; This profile is private; id = 472751323
Error: error_code = 30; This profile is private; id = 662724875
Error: error_code = 15; Access denied: user deactivated; id = 359003012
Error: error_code = 30; This profile is private; id = 11417343
Error: error_code = 30; This profile is private; id = 674661293
Error: error_code = 15; Access denied: user deactivated; id = 286381908
Error: error_code = 30; This profile is private; id = 163842388
Error: error_code = 30; This profile is private; id = 680800462
Error: error_code = 30; This profile is private; id = 294880843
Error: error_code = 30; This profile is private; id = 705467129
Error: error_code = 30; This profile is private; id = 333869284
Error: error_code = 30; This profile is private; id = 23194930
Error: error_code = 15; Access denied: user deactivated; id = 679036480
Error: error_code = 30; This profile is private; id = 296339685
Error: error_code = 30; This profile is private; id = 402909008
Error: error_code = 30; This profile is private; id = 160512848
Error: error_code = 30; This profile is private; id = 10109412
Error: error_code = 15; Access denied: user deactivated; id = 370234018
Error: error_code = 30; This profile is private; id = 254108105
Error: error_code = 30; This profile is private; id = 321816585
Error: error_code = 15; Access denied: user deactivated; id = 389397176
Error: error_code = 30; This profile is private; id = 520830373
Error: error_code = 15; Access denied: user deactivated; id = 274655609
Error: error_code = 15; Access denied: user deactivated; id = 383136871
Error: error_code = 30; This profile is private; id = 109533913
Error: error_code = 30; This profile is private; id = 356574183
Error: error_code = 30; This profile is private; id = 70552637
Error: error_code = 30; This profile is private; id = 402652946
Error: error_code = 15; Access denied: user deactivated; id = 560000879
Error: error_code = 30; This profile is private; id = 218764555
Error: error_code = 15; Access denied: user deactivated; id = 521960064
Error: error_code = 30; This profile is private; id = 460887057
Error: error_code = 15; Access denied: user deactivated; id = 455278394
Error: error_code = 15; Access denied: user deactivated; id = 369543667
Error: error_code = 30; This profile is private; id = 383632941
Error: error_code = 30; This profile is private; id = 65750188
Error: error_code = 30; This profile is private; id = 52943828
Error: error_code = 30; This profile is private; id = 525142683
Error: error_code = 30; This profile is private; id = 469621722
Error: error_code = 30; This profile is private; id = 126359567
Error: error_code = 30; This profile is private; id = 22022083
Error: error_code = 30; This profile is private; id = 90074010
Error: error_code = 15; Access denied: user deactivated; id = 422680857
Error: error_code = 15; Access denied: user deactivated; id = 216982487
Error: error_code = 30; This profile is private; id = 671874636
Error: error_code = 30; This profile is private; id = 6630160
Error: error_code = 15; Access denied: user deactivated; id = 656542556
Error: error_code = 30; This profile is private; id = 283383059
Error: error_code = 30; This profile is private; id = 235441650
Error: error_code = 15; Access denied: user deactivated; id = 561951560
Error: error_code = 30; This profile is private; id = 682865692
Error: error_code = 30; This profile is private; id = 541942806
Error: error_code = 30; This profile is private; id = 551699503
Error: error_code = 30; This profile is private; id = 192515480
Error: error_code = 30; This profile is private; id = 260892613
Error: error_code = 15; Access denied: user deactivated; id = 220213528
Error: error_code = 30; This profile is private; id = 45306475
Error: error_code = 30; This profile is private; id = 608373667
Error: error_code = 30; This profile is private; id = 51444781
Error: error_code = 15; Access denied: user deactivated; id = 221273169
Error: error_code = 30; This profile is private; id = 247072210
Error: error_code = 30; This profile is private; id = 73936288
Error: error_code = 30; This profile is private; id = 28337072
Error: error_code = 15; Access denied: user deactivated; id = 312554557
Error: error_code = 15; Access denied: user deactivated; id = 503168289
Error: error_code = 30; This profile is private; id = 524105372
Error: error_code = 30; This profile is private; id = 16063913
Error: error_code = 30; This profile is private; id = 164924666
Error: error_code = 15; Access denied: user deactivated; id = 131687020
Error: error_code = 15; Access denied: user deactivated; id = 516644738
Error: error_code = 30; This profile is private; id = 710531017
Error: error_code = 30; This profile is private; id = 689753658
Error: error_code = 15; Access denied: user deactivated; id = 419160138
Error: error_code = 30; This profile is private; id = 203161
Error: error_code = 30; This profile is private; id = 7449242
Error: error_code = 30; This profile is private; id = 159007744
Error: error_code = 15; Access denied: user deactivated; id = 348675675
Error: error_code = 30; This profile is private; id = 439350304
Error: error_code = 15; Access denied: user deactivated; id = 478705937
Error: error_code = 30; This profile is private; id = 173826216
Error: error_code = 15; Access denied: user deactivated; id = 137652322
Error: error_code = 30; This profile is private; id = 67107670
Error: error_code = 30; This profile is private; id = 151620262
Error: error_code = 15; Access denied: user deactivated; id = 188810770
Error: error_code = 15; Access denied: user deactivated; id = 271759457
Error: error_code = 30; This profile is private; id = 142857523
Error: error_code = 15; Access denied: user deactivated; id = 210956033
Error: error_code = 30; This profile is private; id = 138237248
Error: error_code = 15; Access denied: user deactivated; id = 19648971
Error: error_code = 15; Access denied: user deactivated; id = 603492333
Error: error_code = 30; This profile is private; id = 565081245
Error: error_code = 15; Access denied: user deactivated; id = 65673125
Error: error_code = 15; Access denied: user deactivated; id = 229824240
Error: error_code = 15; Access denied: user deactivated; id = 579153390
Error: error_code = 30; This profile is private; id = 415083509
Error: error_code = 15; Access denied: user deactivated; id = 521365854
Error: error_code = 30; This profile is private; id = 654369820
Error: error_code = 30; This profile is private; id = 578903752
Error: error_code = 30; This profile is private; id = 622513024
Error: error_code = 15; Access denied: user deactivated; id = 373775790
Error: error_code = 30; This profile is private; id = 143390134
Error: error_code = 15; Access denied: user deactivated; id = 152222850
Error: error_code = 30; This profile is private; id = 589277781
Error: error_code = 15; Access denied: user deactivated; id = 399714898
Error: error_code = 15; Access denied: user deactivated; id = 368866431
Error: error_code = 15; Access denied: user deactivated; id = 213085847
Error: error_code = 30; This profile is private; id = 316240354
Error: error_code = 15; Access denied: user deactivated; id = 333952884
Error: error_code = 30; This profile is private; id = 390228817
Error: error_code = 30; This profile is private; id = 143882763
Error: error_code = 30; This profile is private; id = 525262328
Error: error_code = 15; Access denied: user deactivated; id = 188390328
Error: error_code = 30; This profile is private; id = 586697396
Error: error_code = 30; This profile is private; id = 314309
Error: error_code = 15; Access denied: user deactivated; id = 328130564
Error: error_code = 30; This profile is private; id = 415326103
Error: error_code = 15; Access denied: user deactivated; id = 459554423
Error: error_code = 30; This profile is private; id = 587316976
Error: error_code = 30; This profile is private; id = 473910318
Error: error_code = 30; This profile is private; id = 155020537
Error: error_code = 30; This profile is private; id = 452431464
Error: error_code = 30; This profile is private; id = 145509269
Error: error_code = 15; Access denied: user deactivated; id = 370692689
Error: error_code = 30; This profile is private; id = 549390491
Error: error_code = 30; This profile is private; id = 519811871
Error: error_code = 30; This profile is private; id = 2693086
Error: error_code = 30; This profile is private; id = 156298518
Error: error_code = 30; This profile is private; id = 212659007
Error: error_code = 30; This profile is private; id = 442315509
Error: error_code = 15; Access denied: user deactivated; id = 496153980
Error: error_code = 30; This profile is private; id = 27676159
Error: error_code = 30; This profile is private; id = 423336919
Error: error_code = 30; This profile is private; id = 449792639
Error: error_code = 15; Access denied: user deactivated; id = 28950674
Error: error_code = 15; Access denied: user deactivated; id = 142257438
Error: error_code = 30; This profile is private; id = 65651095
Error: error_code = 30; This profile is private; id = 456838557
Error: error_code = 30; This profile is private; id = 232614098
Error: error_code = 30; This profile is private; id = 315693309
Error: error_code = 15; Access denied: user deactivated; id = 254446624
Error: error_code = 30; This profile is private; id = 219532767
Error: error_code = 30; This profile is private; id = 292855218
Error: error_code = 30; This profile is private; id = 593589111
Error: error_code = 30; This profile is private; id = 53048075
Error: error_code = 30; This profile is private; id = 328849158
Error: error_code = 30; This profile is private; id = 289010788
Error: error_code = 30; This profile is private; id = 459816673
Error: error_code = 30; This profile is private; id = 575112297
Error: error_code = 30; This profile is private; id = 708651228
Error: error_code = 30; This profile is private; id = 645808629
Error: error_code = 30; This profile is private; id = 660319971
Error: error_code = 30; This profile is private; id = 528622125
Error: error_code = 30; This profile is private; id = 248896776
Error: error_code = 15; Access denied: user deactivated; id = 432312674
Error: error_code = 30; This profile is private; id = 498069213
Error: error_code = 15; Access denied: user deactivated; id = 400937207
Error: error_code = 15; Access denied: user deactivated; id = 175533956
Error: error_code = 30; This profile is private; id = 507417974
Error: error_code = 30; This profile is private; id = 46429859
Error: error_code = 30; This profile is private; id = 688923209
Error: error_code = 30; This profile is private; id = 133219228
Error: error_code = 30; This profile is private; id = 269612178
Error: error_code = 15; Access denied: user deactivated; id = 492963369
Error: error_code = 30; This profile is private; id = 60053832
Error: error_code = 15; Access denied: user deactivated; id = 183365713
Error: error_code = 30; This profile is private; id = 89312703
Error: error_code = 30; This profile is private; id = 119010005
Error: error_code = 30; This profile is private; id = 527829236
Error: error_code = 15; Access denied: user deactivated; id = 428761326
Error: error_code = 30; This profile is private; id = 14582681
Error: error_code = 15; Access denied: user deactivated; id = 144974178
Error: error_code = 30; This profile is private; id = 340618905
Error: error_code = 15; Access denied: user deactivated; id = 459891488
Error: error_code = 30; This profile is private; id = 21562303
Error: error_code = 15; Access denied: user deactivated; id = 149271460
Error: error_code = 15; Access denied: user deactivated; id = 204696245
Error: error_code = 30; This profile is private; id = 178212837
Error: error_code = 30; This profile is private; id = 3925614
Error: error_code = 30; This profile is private; id = 420954544
Error: error_code = 30; This profile is private; id = 699592328
Error: error_code = 15; Access denied: user deactivated; id = 208248005
Error: error_code = 30; This profile is private; id = 524322702
Error: error_code = 15; Access denied: user deactivated; id = 559872751
Error: error_code = 15; Access denied: user deactivated; id = 209342250
Error: error_code = 15; Access denied: user deactivated; id = 395849811
Error: error_code = 15; Access denied: user deactivated; id = 438454299
Error: error_code = 30; This profile is private; id = 561329204
Error: error_code = 15; Access denied: user deactivated; id = 352320988
Error: error_code = 30; This profile is private; id = 475723144
Error: error_code = 30; This profile is private; id = 81562723
Error: error_code = 30; This profile is private; id = 322037651
Error: error_code = 30; This profile is private; id = 7956527
Error: error_code = 15; Access denied: user deactivated; id = 650975607
Error: error_code = 30; This profile is private; id = 497596367
Error: error_code = 15; Access denied: user deactivated; id = 529133544
Error: error_code = 15; Access denied: user deactivated; id = 219824926
Error: error_code = 30; This profile is private; id = 657416584
Error: error_code = 30; This profile is private; id = 562082042
Error: error_code = 30; This profile is private; id = 145772046
Error: error_code = 15; Access denied: user deactivated; id = 654146052
Error: error_code = 15; Access denied: user deactivated; id = 201115568
Error: error_code = 30; This profile is private; id = 366435277
Error: error_code = 30; This profile is private; id = 341855729
Error: error_code = 15; Access denied: user deactivated; id = 197894374
Error: error_code = 15; Access denied: user deactivated; id = 113383495
Error: error_code = 30; This profile is private; id = 436564146
Error: error_code = 30; This profile is private; id = 115225892
Error: error_code = 30; This profile is private; id = 359236988
Error: error_code = 15; Access denied: user deactivated; id = 393020342
Error: error_code = 15; Access denied: user deactivated; id = 245253707
Error: error_code = 15; Access denied: user deactivated; id = 586109490
Error: error_code = 30; This profile is private; id = 145138051
Error: error_code = 15; Access denied: user deactivated; id = 470340412
Error: error_code = 30; This profile is private; id = 63753781
Error: error_code = 30; This profile is private; id = 617741446
Error: error_code = 30; This profile is private; id = 27895030
Error: error_code = 30; This profile is private; id = 296756341
Error: error_code = 30; This profile is private; id = 421215984
Error: error_code = 30; This profile is private; id = 662054822
Error: error_code = 30; This profile is private; id = 19898652
Error: error_code = 30; This profile is private; id = 198424910
Error: error_code = 30; This profile is private; id = 642744410
Error: error_code = 30; This profile is private; id = 148370239
Error: error_code = 15; Access denied: user deactivated; id = 303536900
Error: error_code = 15; Access denied: user deactivated; id = 356321259
Error: error_code = 15; Access denied: user deactivated; id = 136417108
Error: error_code = 30; This profile is private; id = 472015517
Error: error_code = 15; Access denied: user deactivated; id = 290438177
Error: error_code = 30; This profile is private; id = 365809435
Error: error_code = 30; This profile is private; id = 628695673
Error: error_code = 30; This profile is private; id = 541778857
Error: error_code = 15; Access denied: user deactivated; id = 155332210
Error: error_code = 30; This profile is private; id = 277402953
Error: error_code = 30; This profile is private; id = 427015435
Error: error_code = 30; This profile is private; id = 37241617
Error: error_code = 15; Access denied: user deactivated; id = 191436189
Error: error_code = 15; Access denied: user deactivated; id = 555202783
Error: error_code = 15; Access denied: user deactivated; id = 277329367
Error: error_code = 30; This profile is private; id = 24436668
Error: error_code = 30; This profile is private; id = 496389760
Error: error_code = 15; Access denied: user deactivated; id = 682701091
Error: error_code = 30; This profile is private; id = 592402468
Error: error_code = 15; Access denied: user deactivated; id = 349435229
Error: error_code = 30; This profile is private; id = 550946212
Error: error_code = 30; This profile is private; id = 502862161
Error: error_code = 30; This profile is private; id = 58223076
Error: error_code = 30; This profile is private; id = 701858281
Error: error_code = 15; Access denied: user deactivated; id = 341900093
Error: error_code = 30; This profile is private; id = 17596408
Error: error_code = 15; Access denied: user deactivated; id = 713286746
Error: error_code = 30; This profile is private; id = 76125072
Error: error_code = 30; This profile is private; id = 38191343
Error: error_code = 30; This profile is private; id = 266098354
Error: error_code = 30; This profile is private; id = 100686773
Error: error_code = 30; This profile is private; id = 238651672
Error: error_code = 30; This profile is private; id = 518379957
Error: error_code = 30; This profile is private; id = 185367989
Error: error_code = 30; This profile is private; id = 381303720
Error: error_code = 15; Access denied: user deactivated; id = 418381045
Error: error_code = 30; This profile is private; id = 234234038
Error: error_code = 15; Access denied: user deactivated; id = 701997346
Error: error_code = 30; This profile is private; id = 219803307
Error: error_code = 30; This profile is private; id = 665693350
Error: error_code = 15; Access denied: user deactivated; id = 121546997
Error: error_code = 30; This profile is private; id = 142310872
Error: error_code = 30; This profile is private; id = 357779278
Error: error_code = 30; This profile is private; id = 280884888
Error: error_code = 15; Access denied: user deactivated; id = 133819351
Error: error_code = 30; This profile is private; id = 97445386
Error: error_code = 30; This profile is private; id = 233625
Error: error_code = 30; This profile is private; id = 34537626
Error: error_code = 30; This profile is private; id = 560482277
Error: error_code = 30; This profile is private; id = 551859945
Error: error_code = 30; This profile is private; id = 600606838
Error: error_code = 30; This profile is private; id = 134521531
Error: error_code = 30; This profile is private; id = 654726334
Error: error_code = 30; This profile is private; id = 455911
Error: error_code = 30; This profile is private; id = 267188165
Error: error_code = 30; This profile is private; id = 357497143
Error: error_code = 15; Access denied: user deactivated; id = 337079356
Error: error_code = 30; This profile is private; id = 451977152
Error: error_code = 30; This profile is private; id = 145802829
Error: error_code = 30; This profile is private; id = 593313285
Error: error_code = 30; This profile is private; id = 193433522
Error: error_code = 30; This profile is private; id = 233544387
Error: error_code = 15; Access denied: user deactivated; id = 231350056
Error: error_code = 30; This profile is private; id = 132010218
Error: error_code = 15; Access denied: user deactivated; id = 355309411
Error: error_code = 30; This profile is private; id = 395085
Error: error_code = 30; This profile is private; id = 399492202
Error: error_code = 30; This profile is private; id = 205059159
Error: error_code = 30; This profile is private; id = 707870729
Error: error_code = 30; This profile is private; id = 3858214
Error: error_code = 30; This profile is private; id = 50172785
Error: error_code = 15; Access denied: user deactivated; id = 434801674
Error: error_code = 30; This profile is private; id = 153051744
Error: error_code = 30; This profile is private; id = 211427738
Error: error_code = 30; This profile is private; id = 277112237
Error: error_code = 30; This profile is private; id = 670147391
Error: error_code = 30; This profile is private; id = 5068627
Error: error_code = 30; This profile is private; id = 164482324
Error: error_code = 30; This profile is private; id = 481262035
Error: error_code = 15; Access denied: user deactivated; id = 409214361
Error: error_code = 30; This profile is private; id = 7193992
Error: error_code = 30; This profile is private; id = 258106906
Error: error_code = 30; This profile is private; id = 563989471
Error: error_code = 30; This profile is private; id = 362422622
Error: error_code = 30; This profile is private; id = 160652970
Error: error_code = 15; Access denied: user deactivated; id = 132990508
Error: error_code = 15; Access denied: user deactivated; id = 426971076
Error: error_code = 30; This profile is private; id = 34839818
Error: error_code = 15; Access denied: user deactivated; id = 598910965
Error: error_code = 30; This profile is private; id = 251166648
Error: error_code = 30; This profile is private; id = 225372611
Error: error_code = 30; This profile is private; id = 97248048
Error: error_code = 30; This profile is private; id = 230711917
Error: error_code = 30; This profile is private; id = 646262918
Error: error_code = 30; This profile is private; id = 677806342
Error: error_code = 15; Access denied: user deactivated; id = 510797176
Error: error_code = 30; This profile is private; id = 573723440
Error: error_code = 30; This profile is private; id = 556223062
Error: error_code = 30; This profile is private; id = 133987178
Error: error_code = 30; This profile is private; id = 988221
Error: error_code = 15; Access denied: user deactivated; id = 587930139
Error: error_code = 30; This profile is private; id = 580710680
Error: error_code = 30; This profile is private; id = 181786181
Error: error_code = 30; This profile is private; id = 561167006
Error: error_code = 15; Access denied: user deactivated; id = 555823379
Error: error_code = 30; This profile is private; id = 692526555
Error: error_code = 30; This profile is private; id = 29842728
Error: error_code = 15; Access denied: user deactivated; id = 390710680
Error: error_code = 15; Access denied: user deactivated; id = 382270394
Error: error_code = 15; Access denied: user deactivated; id = 427446499
Error: error_code = 15; Access denied: user deactivated; id = 314261204
Error: error_code = 15; Access denied: user deactivated; id = 559439728
Error: error_code = 15; Access denied: user deactivated; id = 277312030
Error: error_code = 30; This profile is private; id = 413802038
Error: error_code = 15; Access denied: user deactivated; id = 230296669
Error: error_code = 30; This profile is private; id = 259623101
Error: error_code = 30; This profile is private; id = 62139427
Error: error_code = 15; Access denied: user deactivated; id = 360462308
Error: error_code = 30; This profile is private; id = 403977041
Error: error_code = 30; This profile is private; id = 196932704
Error: error_code = 30; This profile is private; id = 372608113
Error: error_code = 15; Access denied: user deactivated; id = 306729705
Error: error_code = 30; This profile is private; id = 436857828
Error: error_code = 15; Access denied: user deactivated; id = 169182684
Error: error_code = 30; This profile is private; id = 450882089
Error: error_code = 30; This profile is private; id = 100283565
Error: error_code = 30; This profile is private; id = 696606532
Error: error_code = 30; This profile is private; id = 555107419
Error: error_code = 30; This profile is private; id = 65007077
Error: error_code = 30; This profile is private; id = 613910113
Error: error_code = 30; This profile is private; id = 170613109
Error: error_code = 30; This profile is private; id = 137090181
Error: error_code = 15; Access denied: user deactivated; id = 223022619
Error: error_code = 15; Access denied: user deactivated; id = 245467586
Error: error_code = 30; This profile is private; id = 245690486
Error: error_code = 30; This profile is private; id = 712874172
Error: error_code = 30; This profile is private; id = 192351520
Error: error_code = 30; This profile is private; id = 406409717
Error: error_code = 30; This profile is private; id = 442772013
Error: error_code = 30; This profile is private; id = 505130912
Error: error_code = 15; Access denied: user deactivated; id = 214831201
Error: error_code = 15; Access denied: user deactivated; id = 401196728
Error: error_code = 15; Access denied: user deactivated; id = 280747476
Error: error_code = 30; This profile is private; id = 539648909
Error: error_code = 15; Access denied: user deactivated; id = 558006346
Error: error_code = 30; This profile is private; id = 15943480
Error: error_code = 30; This profile is private; id = 327716858
Error: error_code = 30; This profile is private; id = 218228260
Error: error_code = 30; This profile is private; id = 199502978
Error: error_code = 15; Access denied: user deactivated; id = 258471590
Error: error_code = 30; This profile is private; id = 168785911
Error: error_code = 30; This profile is private; id = 663346304
Error: error_code = 30; This profile is private; id = 437859846
Error: error_code = 30; This profile is private; id = 224719511
Error: error_code = 30; This profile is private; id = 480457688
Error: error_code = 30; This profile is private; id = 180735290
Error: error_code = 15; Access denied: user deactivated; id = 543378854
Error: error_code = 15; Access denied: user deactivated; id = 690439836
Error: error_code = 15; Access denied: user deactivated; id = 102130389
Error: error_code = 15; Access denied: user deactivated; id = 392320405
Error: error_code = 30; This profile is private; id = 181203313
Error: error_code = 15; Access denied: user deactivated; id = 335169550
Error: error_code = 30; This profile is private; id = 421782529
Error: error_code = 30; This profile is private; id = 534986761
Error: error_code = 30; This profile is private; id = 158576372
Error: error_code = 30; This profile is private; id = 506008741
Error: error_code = 30; This profile is private; id = 330689322
Error: error_code = 30; This profile is private; id = 60812686
Error: error_code = 30; This profile is private; id = 387381478
Error: error_code = 15; Access denied: user deactivated; id = 601240087
Error: error_code = 15; Access denied: user deactivated; id = 231070270
Error: error_code = 15; Access denied: user deactivated; id = 164868225
Error: error_code = 30; This profile is private; id = 26298107
Error: error_code = 30; This profile is private; id = 371291331
Error: error_code = 30; This profile is private; id = 577792188
Error: error_code = 15; Access denied: user deactivated; id = 257748897
Error: error_code = 15; Access denied: user deactivated; id = 492419396
Error: error_code = 15; Access denied: user deactivated; id = 171965019
Error: error_code = 30; This profile is private; id = 213207283
Error: error_code = 30; This profile is private; id = 391119848
Error: error_code = 30; This profile is private; id = 203874757
Error: error_code = 15; Access denied: user deactivated; id = 547644388
Error: error_code = 30; This profile is private; id = 404939637
Error: error_code = 30; This profile is private; id = 210633422
Error: error_code = 30; This profile is private; id = 122234990
Error: error_code = 30; This profile is private; id = 156391468
Error: error_code = 15; Access denied: user deactivated; id = 389736729
Error: error_code = 30; This profile is private; id = 614944772
Error: error_code = 30; This profile is private; id = 7554557
Error: error_code = 15; Access denied: user deactivated; id = 261995702
Error: error_code = 30; This profile is private; id = 323244839
Error: error_code = 30; This profile is private; id = 575640841
Error: error_code = 30; This profile is private; id = 135105449
Error: error_code = 15; Access denied: user deactivated; id = 642871501
Error: error_code = 30; This profile is private; id = 391663038
Error: error_code = 30; This profile is private; id = 619440596
Error: error_code = 15; Access denied: user deactivated; id = 220314658
Error: error_code = 15; Access denied: user deactivated; id = 484086306
Error: error_code = 15; Access denied: user deactivated; id = 240660280
Error: error_code = 30; This profile is private; id = 360108813
Error: error_code = 30; This profile is private; id = 599507026
Error: error_code = 15; Access denied: user deactivated; id = 522189484
Error: error_code = 30; This profile is private; id = 607356019
Error: error_code = 30; This profile is private; id = 239345159
Error: error_code = 15; Access denied: user deactivated; id = 354301598
Error: error_code = 15; Access denied: user deactivated; id = 432651403
Error: error_code = 30; This profile is private; id = 46510780
Error: error_code = 30; This profile is private; id = 61334844
Error: error_code = 30; This profile is private; id = 706372854
Error: error_code = 30; This profile is private; id = 264754790
Error: error_code = 15; Access denied: user deactivated; id = 326728774
Error: error_code = 30; This profile is private; id = 520161190
Error: error_code = 30; This profile is private; id = 76141698
Error: error_code = 30; This profile is private; id = 632039644
Error: error_code = 30; This profile is private; id = 511948387
Error: error_code = 15; Access denied: user deactivated; id = 206505767
Error: error_code = 15; Access denied: user deactivated; id = 226977501
Error: error_code = 30; This profile is private; id = 375966417
Error: error_code = 30; This profile is private; id = 399715128
Error: error_code = 30; This profile is private; id = 517072432
Error: error_code = 30; This profile is private; id = 202354268
Error: error_code = 30; This profile is private; id = 1849334
Error: error_code = 30; This profile is private; id = 518431341
Error: error_code = 30; This profile is private; id = 43553307
Error: error_code = 30; This profile is private; id = 142520358
Error: error_code = 30; This profile is private; id = 57479271
Error: error_code = 15; Access denied: user deactivated; id = 124874955
Error: error_code = 15; Access denied: user deactivated; id = 118770480
Error: error_code = 30; This profile is private; id = 594231731
Error: error_code = 30; This profile is private; id = 294111847
Error: error_code = 30; This profile is private; id = 132122710
Error: error_code = 15; Access denied: user deactivated; id = 43764657
Error: error_code = 30; This profile is private; id = 514942629
Error: error_code = 15; Access denied: user deactivated; id = 98537273
Error: error_code = 30; This profile is private; id = 400661619
Error: error_code = 30; This profile is private; id = 415966698
Error: error_code = 15; Access denied: user deactivated; id = 320663594
Error: error_code = 30; This profile is private; id = 162563810
Error: error_code = 30; This profile is private; id = 673163559
Error: error_code = 30; This profile is private; id = 138287236
Error: error_code = 15; Access denied: user deactivated; id = 426643088
Error: error_code = 15; Access denied: user deactivated; id = 449558891
Error: error_code = 30; This profile is private; id = 342803279
Error: error_code = 30; This profile is private; id = 559540701
Error: error_code = 30; This profile is private; id = 275304913
Error: error_code = 30; This profile is private; id = 5807440
Error: error_code = 30; This profile is private; id = 389941709
Error: error_code = 30; This profile is private; id = 466920833
Error: error_code = 15; Access denied: user deactivated; id = 257237509
Error: error_code = 30; This profile is private; id = 159036036
Error: error_code = 30; This profile is private; id = 237420148
Error: error_code = 15; Access denied: user deactivated; id = 90920882
Error: error_code = 30; This profile is private; id = 165581267
Error: error_code = 30; This profile is private; id = 108004361
Error: error_code = 15; Access denied: user deactivated; id = 697137509
Error: error_code = 15; Access denied: user deactivated; id = 161113093
Error: error_code = 30; This profile is private; id = 552857000
Error: error_code = 30; This profile is private; id = 419579010
Error: error_code = 30; This profile is private; id = 315480014
Error: error_code = 30; This profile is private; id = 412683374
Error: error_code = 30; This profile is private; id = 53248
Error: error_code = 15; Access denied: user deactivated; id = 529186610
Error: error_code = 30; This profile is private; id = 86477770
Error: error_code = 30; This profile is private; id = 237379824
Error: error_code = 15; Access denied: user deactivated; id = 210632584
Error: error_code = 30; This profile is private; id = 433170269
Error: error_code = 30; This profile is private; id = 3039650
Error: error_code = 30; This profile is private; id = 508251573
Error: error_code = 15; Access denied: user deactivated; id = 227348087
Error: error_code = 30; This profile is private; id = 19865810
Error: error_code = 15; Access denied: user deactivated; id = 210252048
Error: error_code = 30; This profile is private; id = 97749199
Error: error_code = 30; This profile is private; id = 79777842
Error: error_code = 30; This profile is private; id = 33506043
Error: error_code = 30; This profile is private; id = 251653392
Error: error_code = 30; This profile is private; id = 14592007
Error: error_code = 30; This profile is private; id = 4528883
Error: error_code = 15; Access denied: user deactivated; id = 518036074
Error: error_code = 15; Access denied: user deactivated; id = 165323291
Error: error_code = 15; Access denied: user deactivated; id = 182070612
Error: error_code = 30; This profile is private; id = 233143502
Error: error_code = 30; This profile is private; id = 142490035
Error: error_code = 15; Access denied: user deactivated; id = 115461098
Error: error_code = 15; Access denied: user deactivated; id = 641350902
Error: error_code = 15; Access denied: user deactivated; id = 433420489
Error: error_code = 15; Access denied: user deactivated; id = 268052124
Error: error_code = 30; This profile is private; id = 209640356
Error: error_code = 30; This profile is private; id = 45904416
Error: error_code = 30; This profile is private; id = 275934830
Error: error_code = 30; This profile is private; id = 496444729
Error: error_code = 15; Access denied: user deactivated; id = 355746130
Error: error_code = 30; This profile is private; id = 708993800
Error: error_code = 30; This profile is private; id = 574947562
Error: error_code = 30; This profile is private; id = 532989051
Error: error_code = 30; This profile is private; id = 171168778
Error: error_code = 15; Access denied: user deactivated; id = 249871228
Error: error_code = 15; Access denied: user deactivated; id = 230912289
Error: error_code = 30; This profile is private; id = 632199717
Error: error_code = 30; This profile is private; id = 626032695
Error: error_code = 30; This profile is private; id = 522117930
Error: error_code = 30; This profile is private; id = 711798274
Error: error_code = 30; This profile is private; id = 139902541
Error: error_code = 15; Access denied: user deactivated; id = 220910943
Error: error_code = 30; This profile is private; id = 529324685
Error: error_code = 30; This profile is private; id = 291161342
Error: error_code = 15; Access denied: user deactivated; id = 541377670
Error: error_code = 15; Access denied: user deactivated; id = 160305915
Error: error_code = 30; This profile is private; id = 619934757
Error: error_code = 30; This profile is private; id = 173675650
Error: error_code = 15; Access denied: user deactivated; id = 574337827
Error: error_code = 30; This profile is private; id = 545585447
Error: error_code = 30; This profile is private; id = 298604414
Error: error_code = 30; This profile is private; id = 359739099
Error: error_code = 30; This profile is private; id = 561367698
Error: error_code = 30; This profile is private; id = 26591162
Error: error_code = 30; This profile is private; id = 212195985
Error: error_code = 15; Access denied: user deactivated; id = 135473311
Error: error_code = 30; This profile is private; id = 147301
Error: error_code = 30; This profile is private; id = 194315396
Error: error_code = 30; This profile is private; id = 315304021
Error: error_code = 30; This profile is private; id = 480212002
Error: error_code = 15; Access denied: user deactivated; id = 39448369
Error: error_code = 15; Access denied: user deactivated; id = 128295788
Error: error_code = 30; This profile is private; id = 235033291
Error: error_code = 30; This profile is private; id = 614934452
Error: error_code = 15; Access denied: user deactivated; id = 701729257
Error: error_code = 15; Access denied: user deactivated; id = 487727909
Error: error_code = 15; Access denied: user deactivated; id = 294412010
Error: error_code = 15; Access denied: user deactivated; id = 210217073
Error: error_code = 30; This profile is private; id = 204026442
Error: error_code = 30; This profile is private; id = 441622390
Error: error_code = 30; This profile is private; id = 221531607
Error: error_code = 30; This profile is private; id = 634906178
Error: error_code = 30; This profile is private; id = 575431635
Error: error_code = 30; This profile is private; id = 444147840
Error: error_code = 15; Access denied: user deactivated; id = 165663839
Error: error_code = 30; This profile is private; id = 234623865
Error: error_code = 30; This profile is private; id = 112712342
Error: error_code = 30; This profile is private; id = 551692394
Error: error_code = 30; This profile is private; id = 62234488
Error: error_code = 30; This profile is private; id = 445906466
Error: error_code = 15; Access denied: user deactivated; id = 539086396
Error: error_code = 30; This profile is private; id = 696117795
Error: error_code = 15; Access denied: user deactivated; id = 713069713
Error: error_code = 30; This profile is private; id = 572625154
Error: error_code = 30; This profile is private; id = 620218566
Error: error_code = 30; This profile is private; id = 316813128
Error: error_code = 30; This profile is private; id = 689162601
Error: error_code = 30; This profile is private; id = 44587175
Error: error_code = 30; This profile is private; id = 303677289
Error: error_code = 30; This profile is private; id = 225169612
Error: error_code = 30; This profile is private; id = 702031211
Error: error_code = 30; This profile is private; id = 156397348
Error: error_code = 30; This profile is private; id = 171323258
Error: error_code = 15; Access denied: user deactivated; id = 18344602
Error: error_code = 15; Access denied: user deactivated; id = 534502787
Error: error_code = 30; This profile is private; id = 617023824
Error: error_code = 30; This profile is private; id = 692029815
Error: error_code = 30; This profile is private; id = 645482267
Error: error_code = 30; This profile is private; id = 95577881
Error: error_code = 15; Access denied: user deactivated; id = 150581581
Error: error_code = 30; This profile is private; id = 638918956
Error: error_code = 30; This profile is private; id = 558178915
Error: error_code = 15; Access denied: user deactivated; id = 288285853
Error: error_code = 30; This profile is private; id = 589704929
Error: error_code = 15; Access denied: user deactivated; id = 538024429
Error: error_code = 30; This profile is private; id = 183874547
Error: error_code = 15; Access denied: user deactivated; id = 612787878
Error: error_code = 30; This profile is private; id = 100204975
Error: error_code = 30; This profile is private; id = 602235360
Error: error_code = 15; Access denied: user deactivated; id = 496676752
Error: error_code = 15; Access denied: user deactivated; id = 167291760
Error: error_code = 15; Access denied: user deactivated; id = 287602310
Error: error_code = 30; This profile is private; id = 599836544
Error: error_code = 30; This profile is private; id = 674525558
Error: error_code = 30; This profile is private; id = 471197079
Error: error_code = 30; This profile is private; id = 571967346
Error: error_code = 30; This profile is private; id = 289875168
Error: error_code = 15; Access denied: user deactivated; id = 401308812
Error: error_code = 30; This profile is private; id = 497458198
Error: error_code = 15; Access denied: user deactivated; id = 186102679
Error: error_code = 30; This profile is private; id = 945975
Error: error_code = 30; This profile is private; id = 136292110
Error: error_code = 15; Access denied: user deactivated; id = 638864218
Error: error_code = 15; Access denied: user deactivated; id = 362544622
Error: error_code = 30; This profile is private; id = 547325290
Error: error_code = 15; Access denied: user deactivated; id = 410096010
Error: error_code = 15; Access denied: user deactivated; id = 684363705
Error: error_code = 30; This profile is private; id = 90832764
Error: error_code = 15; Access denied: user deactivated; id = 28813729
Error: error_code = 30; This profile is private; id = 218692319
Error: error_code = 15; Access denied: user deactivated; id = 487744790
Error: error_code = 30; This profile is private; id = 127707877
Error: error_code = 15; Access denied: user deactivated; id = 705313180
Error: error_code = 30; This profile is private; id = 264801049
Error: error_code = 30; This profile is private; id = 15838882
Error: error_code = 15; Access denied: user deactivated; id = 548422416
Error: error_code = 30; This profile is private; id = 289664760
Error: error_code = 30; This profile is private; id = 526248364
Error: error_code = 15; Access denied: user deactivated; id = 247766126
Error: error_code = 30; This profile is private; id = 162524646
Error: error_code = 30; This profile is private; id = 237299184
Error: error_code = 30; This profile is private; id = 509864831
Error: error_code = 30; This profile is private; id = 155736882
Error: error_code = 30; This profile is private; id = 212579047
Error: error_code = 30; This profile is private; id = 660329952
Error: error_code = 15; Access denied: user deactivated; id = 361283165
Error: error_code = 30; This profile is private; id = 62487921
Error: error_code = 30; This profile is private; id = 691936169
Error: error_code = 15; Access denied: user deactivated; id = 594575449
Error: error_code = 30; This profile is private; id = 22124479
Error: error_code = 30; This profile is private; id = 198249247
Error: error_code = 15; Access denied: user deactivated; id = 270604414
Error: error_code = 15; Access denied: user deactivated; id = 226630899
Error: error_code = 15; Access denied: user deactivated; id = 188382432
Error: error_code = 30; This profile is private; id = 153407761
Error: error_code = 15; Access denied: user deactivated; id = 63787006
Error: error_code = 30; This profile is private; id = 60304718
Error: error_code = 30; This profile is private; id = 594742379
Error: error_code = 30; This profile is private; id = 520380098
Error: error_code = 30; This profile is private; id = 446806243
Error: error_code = 15; Access denied: user deactivated; id = 147512178
Error: error_code = 30; This profile is private; id = 196320626
Error: error_code = 30; This profile is private; id = 661250325
Error: error_code = 15; Access denied: user deactivated; id = 422160478
Error: error_code = 30; This profile is private; id = 405009277
Error: error_code = 30; This profile is private; id = 693004068
Error: error_code = 30; This profile is private; id = 602983372
Error: error_code = 30; This profile is private; id = 258847827
Error: error_code = 15; Access denied: user deactivated; id = 450556089
Error: error_code = 30; This profile is private; id = 346024873
Error: error_code = 15; Access denied: user deactivated; id = 421154886
Error: error_code = 30; This profile is private; id = 664713694
Error: error_code = 30; This profile is private; id = 30035897
Error: error_code = 30; This profile is private; id = 127550927
Error: error_code = 15; Access denied: user deactivated; id = 469278082
Error: error_code = 30; This profile is private; id = 300885029
Error: error_code = 15; Access denied: user deactivated; id = 415063209
Error: error_code = 30; This profile is private; id = 11250145
Error: error_code = 30; This profile is private; id = 1900733
Error: error_code = 30; This profile is private; id = 160302164
Error: error_code = 15; Access denied: user deactivated; id = 120902530
Error: error_code = 30; This profile is private; id = 535660859
Error: error_code = 30; This profile is private; id = 198826577
Error: error_code = 30; This profile is private; id = 132200997
Error: error_code = 30; This profile is private; id = 670510042
Error: error_code = 30; This profile is private; id = 32379178
Error: error_code = 30; This profile is private; id = 69962376
Error: error_code = 15; Access denied: user deactivated; id = 159459759
Error: error_code = 30; This profile is private; id = 64333400
Error: error_code = 30; This profile is private; id = 7430539
Error: error_code = 30; This profile is private; id = 302170238
Error: error_code = 30; This profile is private; id = 537076299
Error: error_code = 30; This profile is private; id = 675511826
Error: error_code = 15; Access denied: user deactivated; id = 201143535
Error: error_code = 30; This profile is private; id = 90144107
Error: error_code = 30; This profile is private; id = 634001149
Error: error_code = 30; This profile is private; id = 101083357
Error: error_code = 30; This profile is private; id = 403615928
Error: error_code = 30; This profile is private; id = 12644484
Error: error_code = 30; This profile is private; id = 566027533
Error: error_code = 30; This profile is private; id = 707638404
Error: error_code = 15; Access denied: user deactivated; id = 197818685
Error: error_code = 30; This profile is private; id = 547183997
Error: error_code = 30; This profile is private; id = 5565844
Error: error_code = 30; This profile is private; id = 708582028
Error: error_code = 30; This profile is private; id = 695555222
Error: error_code = 30; This profile is private; id = 647288436
Error: error_code = 30; This profile is private; id = 43306227
Error: error_code = 30; This profile is private; id = 82112203
Error: error_code = 30; This profile is private; id = 526434727
Error: error_code = 30; This profile is private; id = 521424369
Error: error_code = 15; Access denied: user deactivated; id = 165460317
Error: error_code = 30; This profile is private; id = 617778198
Error: error_code = 30; This profile is private; id = 135321531
Error: error_code = 30; This profile is private; id = 161623867
Error: error_code = 30; This profile is private; id = 234017270
Error: error_code = 30; This profile is private; id = 26144374
Error: error_code = 30; This profile is private; id = 176828463
Error: error_code = 30; This profile is private; id = 51884604
Error: error_code = 30; This profile is private; id = 12874094
Error: error_code = 30; This profile is private; id = 401237212
Error: error_code = 30; This profile is private; id = 627326530
Error: error_code = 15; Access denied: user deactivated; id = 440144513
Error: error_code = 15; Access denied: user deactivated; id = 468734860
Error: error_code = 30; This profile is private; id = 556424911
Error: error_code = 30; This profile is private; id = 466783544
Error: error_code = 30; This profile is private; id = 134574722
Error: error_code = 15; Access denied: user deactivated; id = 4199
Error: error_code = 30; This profile is private; id = 490653255
Error: error_code = 30; This profile is private; id = 634712295
Error: error_code = 30; This profile is private; id = 452553197
Error: error_code = 30; This profile is private; id = 351579253
Error: error_code = 30; This profile is private; id = 671048369
Error: error_code = 30; This profile is private; id = 217479900
Error: error_code = 15; Access denied: user deactivated; id = 414263770
Error: error_code = 30; This profile is private; id = 201302317
Error: error_code = 30; This profile is private; id = 203956413
Error: error_code = 30; This profile is private; id = 233451222
Error: error_code = 30; This profile is private; id = 339089261
Error: error_code = 15; Access denied: user deactivated; id = 491586441
Error: error_code = 30; This profile is private; id = 134085690
Error: error_code = 30; This profile is private; id = 663954906
Error: error_code = 30; This profile is private; id = 35077439
Error: error_code = 15; Access denied: user deactivated; id = 84043637
Error: error_code = 30; This profile is private; id = 469306289
Error: error_code = 30; This profile is private; id = 297277110
Error: error_code = 30; This profile is private; id = 24075901
Error: error_code = 30; This profile is private; id = 145692414
Error: error_code = 30; This profile is private; id = 647090488
Error: error_code = 30; This profile is private; id = 559570759
Error: error_code = 30; This profile is private; id = 78951388
Error: error_code = 15; Access denied: user deactivated; id = 120743232
Error: error_code = 15; Access denied: user deactivated; id = 372161526
Error: error_code = 30; This profile is private; id = 183672904
Error: error_code = 15; Access denied: user deactivated; id = 354431241
Error: error_code = 15; Access denied: user deactivated; id = 179365154
Error: error_code = 15; Access denied: user deactivated; id = 540001833
Error: error_code = 30; This profile is private; id = 152614559
Error: error_code = 30; This profile is private; id = 488343701
Error: error_code = 30; This profile is private; id = 410724978
Error: error_code = 30; This profile is private; id = 119614344
Error: error_code = 30; This profile is private; id = 63308074
Error: error_code = 30; This profile is private; id = 305664045
Error: error_code = 30; This profile is private; id = 662767781
Error: error_code = 30; This profile is private; id = 340524363
Error: error_code = 15; Access denied: user deactivated; id = 422594391
Error: error_code = 30; This profile is private; id = 78831529
Error: error_code = 30; This profile is private; id = 36856566
Error: error_code = 30; This profile is private; id = 605404431
Error: error_code = 30; This profile is private; id = 370266686
Error: error_code = 30; This profile is private; id = 160299044
Error: error_code = 15; Access denied: user deactivated; id = 715006407
Error: error_code = 30; This profile is private; id = 1410739
Error: error_code = 30; This profile is private; id = 350810988
Error: error_code = 30; This profile is private; id = 132204848
Error: error_code = 30; This profile is private; id = 614949126
Error: error_code = 30; This profile is private; id = 701812439
Error: error_code = 15; Access denied: user deactivated; id = 199506817
Error: error_code = 30; This profile is private; id = 76285838
Error: error_code = 30; This profile is private; id = 577226919
Error: error_code = 30; This profile is private; id = 152168728
Error: error_code = 30; This profile is private; id = 710448281
Error: error_code = 30; This profile is private; id = 555455813
Error: error_code = 15; Access denied: user deactivated; id = 326189424
Error: error_code = 15; Access denied: user deactivated; id = 482626400
Error: error_code = 30; This profile is private; id = 497382918
Error: error_code = 30; This profile is private; id = 370376509
Error: error_code = 30; This profile is private; id = 600153889
Error: error_code = 15; Access denied: user deactivated; id = 635705182
Error: error_code = 15; Access denied: user deactivated; id = 63579638
Error: error_code = 15; Access denied: user deactivated; id = 296584050
Error: error_code = 15; Access denied: user deactivated; id = 254219456
Error: error_code = 15; Access denied: user deactivated; id = 153949190
Error: error_code = 30; This profile is private; id = 5097995
Error: error_code = 15; Access denied: user deactivated; id = 655455143
Error: error_code = 30; This profile is private; id = 367524
Error: error_code = 15; Access denied: user deactivated; id = 404102646
Error: error_code = 30; This profile is private; id = 582532401
Error: error_code = 30; This profile is private; id = 131593703
Error: error_code = 30; This profile is private; id = 225837391
Error: error_code = 15; Access denied: user deactivated; id = 229235377
Error: error_code = 30; This profile is private; id = 10038810
Error: error_code = 30; This profile is private; id = 65136468
Error: error_code = 30; This profile is private; id = 620410157
Error: error_code = 15; Access denied: user deactivated; id = 521720178
Error: error_code = 30; This profile is private; id = 152645246
Error: error_code = 30; This profile is private; id = 291601704
Error: error_code = 30; This profile is private; id = 143123690
Error: error_code = 15; Access denied: user deactivated; id = 529302676
Error: error_code = 30; This profile is private; id = 537882775
Error: error_code = 30; This profile is private; id = 513807208
Error: error_code = 15; Access denied: user deactivated; id = 472169383
Error: error_code = 30; This profile is private; id = 224553970
Error: error_code = 30; This profile is private; id = 220811710
Error: error_code = 30; This profile is private; id = 272845403
Error: error_code = 30; This profile is private; id = 454285718
Error: error_code = 15; Access denied: user deactivated; id = 28515996
Error: error_code = 15; Access denied: user deactivated; id = 229569007
Error: error_code = 30; This profile is private; id = 544470224
Error: error_code = 30; This profile is private; id = 600353663
Error: error_code = 15; Access denied: user deactivated; id = 422359196
Error: error_code = 15; Access denied: user deactivated; id = 256180229
Error: error_code = 30; This profile is private; id = 70751772
Error: error_code = 30; This profile is private; id = 419483659
Error: error_code = 15; Access denied: user deactivated; id = 636228794
Error: error_code = 15; Access denied: user deactivated; id = 145966385
Error: error_code = 30; This profile is private; id = 358104806
Error: error_code = 30; This profile is private; id = 34095648
Error: error_code = 15; Access denied: user deactivated; id = 546996292
Error: error_code = 30; This profile is private; id = 94092832
Error: error_code = 30; This profile is private; id = 544365890
Error: error_code = 15; Access denied: user deactivated; id = 139143749
Error: error_code = 15; Access denied: user deactivated; id = 308909433
Error: error_code = 15; Access denied: user deactivated; id = 569708620
Error: error_code = 15; Access denied: user deactivated; id = 89261861
Error: error_code = 30; This profile is private; id = 84561641
Error: error_code = 15; Access denied: user deactivated; id = 525892982
Error: error_code = 30; This profile is private; id = 265528564
Error: error_code = 30; This profile is private; id = 153436617
Error: error_code = 30; This profile is private; id = 608544198
Error: error_code = 30; This profile is private; id = 676264158
Error: error_code = 30; This profile is private; id = 226077373
Error: error_code = 30; This profile is private; id = 134183826
Error: error_code = 30; This profile is private; id = 130163890
Error: error_code = 30; This profile is private; id = 96663158
Error: error_code = 30; This profile is private; id = 212067108
Error: error_code = 30; This profile is private; id = 568214188
Error: error_code = 30; This profile is private; id = 270325177
Error: error_code = 30; This profile is private; id = 649157320
Error: error_code = 30; This profile is private; id = 606004744
Error: error_code = 30; This profile is private; id = 46758185
Error: error_code = 15; Access denied: user deactivated; id = 535168236
Error: error_code = 30; This profile is private; id = 511058326
Error: error_code = 30; This profile is private; id = 94650518
Error: error_code = 30; This profile is private; id = 225255081
Error: error_code = 30; This profile is private; id = 33682223
Error: error_code = 30; This profile is private; id = 199962135
Error: error_code = 30; This profile is private; id = 86252687
Error: error_code = 30; This profile is private; id = 14398038
Error: error_code = 30; This profile is private; id = 607073773
Error: error_code = 30; This profile is private; id = 282504579
Error: error_code = 15; Access denied: user deactivated; id = 15410792
Error: error_code = 30; This profile is private; id = 285891752
Error: error_code = 30; This profile is private; id = 531939735
Error: error_code = 30; This profile is private; id = 710657341
Error: error_code = 15; Access denied: user deactivated; id = 396572470
Error: error_code = 15; Access denied: user deactivated; id = 477145496
Error: error_code = 15; Access denied: user deactivated; id = 463983242
Error: error_code = 15; Access denied: user deactivated; id = 9518461
Error: error_code = 15; Access denied: user deactivated; id = 208779387
Error: error_code = 15; Access denied: user deactivated; id = 222987283
Error: error_code = 15; Access denied: user deactivated; id = 220085028
Error: error_code = 15; Access denied: user deactivated; id = 130409587
Error: error_code = 30; This profile is private; id = 56501545
Error: error_code = 15; Access denied: user deactivated; id = 715183129
Error: error_code = 30; This profile is private; id = 50965123
Error: error_code = 30; This profile is private; id = 134204204
Error: error_code = 15; Access denied: user deactivated; id = 385694354
Error: error_code = 15; Access denied: user deactivated; id = 413378768
Error: error_code = 30; This profile is private; id = 498707280
Error: error_code = 30; This profile is private; id = 570842811
Error: error_code = 30; This profile is private; id = 699996760
Error: error_code = 15; Access denied: user deactivated; id = 141584240
Error: error_code = 30; This profile is private; id = 232456341
Error: error_code = 30; This profile is private; id = 2104892
Error: error_code = 30; This profile is private; id = 408654923
Error: error_code = 15; Access denied: user deactivated; id = 381035754
Error: error_code = 30; This profile is private; id = 551783968
Error: error_code = 15; Access denied: user deactivated; id = 220401143
Error: error_code = 15; Access denied: user deactivated; id = 570930545
Error: error_code = 15; Access denied: user deactivated; id = 642331801
Error: error_code = 30; This profile is private; id = 100479060
Error: error_code = 15; Access denied: user deactivated; id = 424573343
Error: error_code = 30; This profile is private; id = 597168682
Error: error_code = 15; Access denied: user deactivated; id = 412094969
Error: error_code = 15; Access denied: user deactivated; id = 349326999
Error: error_code = 15; Access denied: user deactivated; id = 192305531
Error: error_code = 30; This profile is private; id = 563933772
Error: error_code = 30; This profile is private; id = 668736148
Error: error_code = 30; This profile is private; id = 157483638
Error: error_code = 30; This profile is private; id = 122199753
Error: error_code = 30; This profile is private; id = 344439895
Error: error_code = 30; This profile is private; id = 711639820
Error: error_code = 15; Access denied: user deactivated; id = 87307135
Error: error_code = 30; This profile is private; id = 682652559
Error: error_code = 30; This profile is private; id = 16770641
Error: error_code = 30; This profile is private; id = 590801755
Error: error_code = 15; Access denied: user deactivated; id = 459176293
Error: error_code = 30; This profile is private; id = 539422985
Error: error_code = 30; This profile is private; id = 28177824
Error: error_code = 30; This profile is private; id = 583353832
Error: error_code = 30; This profile is private; id = 469714285
Error: error_code = 30; This profile is private; id = 173228535
Error: error_code = 30; This profile is private; id = 635029960
Error: error_code = 30; This profile is private; id = 498251954
Error: error_code = 30; This profile is private; id = 125149903
Error: error_code = 30; This profile is private; id = 167697278
Error: error_code = 30; This profile is private; id = 534319811
Error: error_code = 30; This profile is private; id = 500295345
Error: error_code = 30; This profile is private; id = 554910715
Error: error_code = 30; This profile is private; id = 276196808
Error: error_code = 30; This profile is private; id = 7843993
Error: error_code = 30; This profile is private; id = 656914945
Error: error_code = 30; This profile is private; id = 590277471
Error: error_code = 30; This profile is private; id = 667292596
Error: error_code = 30; This profile is private; id = 551810031
Error: error_code = 15; Access denied: user deactivated; id = 428727081
Error: error_code = 30; This profile is private; id = 185411432
Error: error_code = 30; This profile is private; id = 192662418
Error: error_code = 30; This profile is private; id = 897735
Error: error_code = 30; This profile is private; id = 431438688
Error: error_code = 30; This profile is private; id = 317096630
Error: error_code = 30; This profile is private; id = 655270606
Error: error_code = 15; Access denied: user deactivated; id = 231166226
Error: error_code = 30; This profile is private; id = 573766675
Error: error_code = 30; This profile is private; id = 224497222
Error: error_code = 30; This profile is private; id = 32427391
Error: error_code = 30; This profile is private; id = 314645552
Error: error_code = 15; Access denied: user deactivated; id = 295377739
Error: error_code = 30; This profile is private; id = 426515430
Error: error_code = 30; This profile is private; id = 200618860
Error: error_code = 30; This profile is private; id = 203270719
Error: error_code = 15; Access denied: user deactivated; id = 177196833
Error: error_code = 30; This profile is private; id = 246126354
Error: error_code = 15; Access denied: user deactivated; id = 415389404
Error: error_code = 30; This profile is private; id = 159662712
Error: error_code = 30; This profile is private; id = 641246918
Error: error_code = 30; This profile is private; id = 328462452
Error: error_code = 15; Access denied: user deactivated; id = 426029437
Error: error_code = 15; Access denied: user deactivated; id = 558688453
Error: error_code = 30; This profile is private; id = 458448024
Error: error_code = 30; This profile is private; id = 446461563
Error: error_code = 30; This profile is private; id = 418116038
Error: error_code = 30; This profile is private; id = 39681728
Error: error_code = 30; This profile is private; id = 34956225
Error: error_code = 30; This profile is private; id = 66755627
Error: error_code = 30; This profile is private; id = 690439337
Error: error_code = 30; This profile is private; id = 331139042
Error: error_code = 30; This profile is private; id = 372066926
Error: error_code = 30; This profile is private; id = 98336527
Error: error_code = 15; Access denied: user deactivated; id = 181309609
Error: error_code = 30; This profile is private; id = 191169669
Error: error_code = 30; This profile is private; id = 133272858
Error: error_code = 15; Access denied: user deactivated; id = 539763190
Error: error_code = 30; This profile is private; id = 607238468
Error: error_code = 30; This profile is private; id = 516942070
Error: error_code = 15; Access denied: user deactivated; id = 74283024
Error: error_code = 30; This profile is private; id = 136411038
Error: error_code = 30; This profile is private; id = 91182437
Error: error_code = 15; Access denied: user deactivated; id = 271345872
Error: error_code = 15; Access denied: user deactivated; id = 32236093
Error: error_code = 15; Access denied: user deactivated; id = 601091153
Error: error_code = 30; This profile is private; id = 443075397
Error: error_code = 15; Access denied: user deactivated; id = 117444331
Error: error_code = 15; Access denied: user deactivated; id = 181223622
Error: error_code = 15; Access denied: user deactivated; id = 170587512
Error: error_code = 30; This profile is private; id = 59529696
Error: error_code = 30; This profile is private; id = 145046575
Error: error_code = 30; This profile is private; id = 10827225
Error: error_code = 15; Access denied: user deactivated; id = 17432559
Error: error_code = 30; This profile is private; id = 67567087
Error: error_code = 30; This profile is private; id = 53808676
Error: error_code = 30; This profile is private; id = 88487708
Error: error_code = 30; This profile is private; id = 113807075
Error: error_code = 30; This profile is private; id = 618140554
Error: error_code = 30; This profile is private; id = 671045081
Error: error_code = 30; This profile is private; id = 386257747
Error: error_code = 30; This profile is private; id = 371995177
Error: error_code = 15; Access denied: user deactivated; id = 451393801
Error: error_code = 30; This profile is private; id = 494217830
Error: error_code = 30; This profile is private; id = 694853472
Error: error_code = 15; Access denied: user deactivated; id = 710119561
Error: error_code = 30; This profile is private; id = 202436304
Error: error_code = 30; This profile is private; id = 58074238
Error: error_code = 30; This profile is private; id = 316765564
Error: error_code = 30; This profile is private; id = 217695644
Error: error_code = 15; Access denied: user deactivated; id = 221610499
Error: error_code = 30; This profile is private; id = 4104699
Error: error_code = 30; This profile is private; id = 274687086
Error: error_code = 30; This profile is private; id = 298392210
Error: error_code = 30; This profile is private; id = 188876604
Error: error_code = 15; Access denied: user deactivated; id = 689599604
Error: error_code = 30; This profile is private; id = 172956844
Error: error_code = 30; This profile is private; id = 357825980
Error: error_code = 30; This profile is private; id = 334690878
Error: error_code = 30; This profile is private; id = 437069088
Error: error_code = 30; This profile is private; id = 566407555
Error: error_code = 30; This profile is private; id = 40400338
Error: error_code = 15; Access denied: user deactivated; id = 618512592
Error: error_code = 30; This profile is private; id = 138070057
Error: error_code = 30; This profile is private; id = 636011727
Error: error_code = 15; Access denied: user deactivated; id = 343619348
Error: error_code = 30; This profile is private; id = 563952280
Error: error_code = 15; Access denied: user deactivated; id = 202062447
Error: error_code = 30; This profile is private; id = 571339921
Error: error_code = 15; Access denied: user deactivated; id = 498134152
Error: error_code = 30; This profile is private; id = 268066921
Error: error_code = 30; This profile is private; id = 690127619
Error: error_code = 30; This profile is private; id = 3979010
Error: error_code = 30; This profile is private; id = 151533108
Error: error_code = 30; This profile is private; id = 580185146
Error: error_code = 15; Access denied: user deactivated; id = 167784789
Error: error_code = 30; This profile is private; id = 671089200
Error: error_code = 30; This profile is private; id = 479105225
Error: error_code = 30; This profile is private; id = 149849690
Error: error_code = 30; This profile is private; id = 99515173
Error: error_code = 15; Access denied: user deactivated; id = 168589566
Error: error_code = 30; This profile is private; id = 538866171
Error: error_code = 15; Access denied: user deactivated; id = 429080420
Error: error_code = 15; Access denied: user deactivated; id = 699689858
Error: error_code = 30; This profile is private; id = 64354950
Error: error_code = 30; This profile is private; id = 282745571
Error: error_code = 30; This profile is private; id = 68795545
Error: error_code = 15; Access denied: user deactivated; id = 537812729
Error: error_code = 15; Access denied: user deactivated; id = 555417436
Error: error_code = 30; This profile is private; id = 635413373
Error: error_code = 30; This profile is private; id = 279457128
Error: error_code = 30; This profile is private; id = 528957187
Error: error_code = 30; This profile is private; id = 547770039
Error: error_code = 30; This profile is private; id = 352075793
Error: error_code = 30; This profile is private; id = 544170310
Error: error_code = 30; This profile is private; id = 567772097
Error: error_code = 15; Access denied: user deactivated; id = 342403413
Error: error_code = 30; This profile is private; id = 358133766
Error: error_code = 30; This profile is private; id = 226577901
Error: error_code = 30; This profile is private; id = 500714821
Error: error_code = 30; This profile is private; id = 481896439
Error: error_code = 15; Access denied: user deactivated; id = 292796446
Error: error_code = 30; This profile is private; id = 580710709
Error: error_code = 30; This profile is private; id = 351570324
Error: error_code = 15; Access denied: user deactivated; id = 566697458
Error: error_code = 15; Access denied: user deactivated; id = 542671956
Error: error_code = 30; This profile is private; id = 56720130
Error: error_code = 15; Access denied: user deactivated; id = 414729327
Error: error_code = 30; This profile is private; id = 112413270
Error: error_code = 15; Access denied: user deactivated; id = 144151515
Error: error_code = 15; Access denied: user deactivated; id = 418835088
Error: error_code = 15; Access denied: user deactivated; id = 675228081
Error: error_code = 30; This profile is private; id = 540565083
Error: error_code = 30; This profile is private; id = 685241194
Error: error_code = 30; This profile is private; id = 180398162
Error: error_code = 15; Access denied: user deactivated; id = 662098007
Error: error_code = 15; Access denied: user deactivated; id = 350071519
Error: error_code = 30; This profile is private; id = 582479990
Error: error_code = 15; Access denied: user deactivated; id = 420410502
Error: error_code = 30; This profile is private; id = 598694000
Error: error_code = 30; This profile is private; id = 480523510
Error: error_code = 30; This profile is private; id = 609086202
Error: error_code = 15; Access denied: user deactivated; id = 271565400
Error: error_code = 30; This profile is private; id = 514009855
Error: error_code = 30; This profile is private; id = 572077664
Error: error_code = 15; Access denied: user deactivated; id = 220842326
Error: error_code = 15; Access denied: user deactivated; id = 426144412
Error: error_code = 15; Access denied: user deactivated; id = 489060196
Error: error_code = 15; Access denied: user deactivated; id = 55265182
Error: error_code = 15; Access denied: user deactivated; id = 487392183
Error: error_code = 30; This profile is private; id = 522106034
Error: error_code = 30; This profile is private; id = 471790404
Error: error_code = 15; Access denied: user deactivated; id = 164035779
Error: error_code = 30; This profile is private; id = 153958912
Error: error_code = 30; This profile is private; id = 22275195
Error: error_code = 30; This profile is private; id = 146510241
Error: error_code = 30; This profile is private; id = 553437783
Error: error_code = 15; Access denied: user deactivated; id = 457891278
Error: error_code = 15; Access denied: user deactivated; id = 475626176
Error: error_code = 15; Access denied: user deactivated; id = 146099578
Error: error_code = 15; Access denied: user deactivated; id = 347821076
Error: error_code = 30; This profile is private; id = 357094457
Error: error_code = 30; This profile is private; id = 479994701
Error: error_code = 15; Access denied: user deactivated; id = 530590174
Error: error_code = 30; This profile is private; id = 295741724
Error: error_code = 30; This profile is private; id = 682941829
Error: error_code = 30; This profile is private; id = 699431016
Error: error_code = 15; Access denied: user deactivated; id = 395760543
Error: error_code = 30; This profile is private; id = 287018404
Error: error_code = 30; This profile is private; id = 102284869
Error: error_code = 30; This profile is private; id = 198229982
Error: error_code = 30; This profile is private; id = 143835506
Error: error_code = 15; Access denied: user deactivated; id = 551426500
Error: error_code = 30; This profile is private; id = 150755964
Error: error_code = 15; Access denied: user deactivated; id = 672521137
Error: error_code = 30; This profile is private; id = 187064485
Error: error_code = 30; This profile is private; id = 8994074
Error: error_code = 30; This profile is private; id = 554152355
Error: error_code = 15; Access denied: user deactivated; id = 314727583
Error: error_code = 30; This profile is private; id = 125595673
Error: error_code = 15; Access denied: user deactivated; id = 862
Error: error_code = 30; This profile is private; id = 37690333
Error: error_code = 30; This profile is private; id = 5585951
Error: error_code = 30; This profile is private; id = 647526542
Error: error_code = 30; This profile is private; id = 507752402
Error: error_code = 30; This profile is private; id = 268027225
Error: error_code = 15; Access denied: user deactivated; id = 257503596
Error: error_code = 15; Access denied: user deactivated; id = 28045113
Error: error_code = 30; This profile is private; id = 118849320
Error: error_code = 30; This profile is private; id = 518073512
Error: error_code = 30; This profile is private; id = 477528912
Error: error_code = 15; Access denied: user deactivated; id = 186967918
Error: error_code = 30; This profile is private; id = 597399660
Error: error_code = 30; This profile is private; id = 2871855
Error: error_code = 30; This profile is private; id = 158971764
Error: error_code = 30; This profile is private; id = 686443557
Error: error_code = 15; Access denied: user deactivated; id = 200020787
Error: error_code = 30; This profile is private; id = 201676870
Error: error_code = 30; This profile is private; id = 153747592
Error: error_code = 30; This profile is private; id = 38957984
Error: error_code = 30; This profile is private; id = 592053550
Error: error_code = 30; This profile is private; id = 108425418
Error: error_code = 30; This profile is private; id = 1979179
Error: error_code = 30; This profile is private; id = 580630820
Error: error_code = 30; This profile is private; id = 56107422
Error: error_code = 30; This profile is private; id = 177359370
Error: error_code = 30; This profile is private; id = 166428652
Error: error_code = 30; This profile is private; id = 4004166
Error: error_code = 30; This profile is private; id = 207424045
Error: error_code = 30; This profile is private; id = 179847376
Error: error_code = 30; This profile is private; id = 399165062
Error: error_code = 30; This profile is private; id = 8057964
Error: error_code = 30; This profile is private; id = 460701358
Error: error_code = 30; This profile is private; id = 632260781
Error: error_code = 15; Access denied: user deactivated; id = 616087082
Error: error_code = 30; This profile is private; id = 631451948
Error: error_code = 30; This profile is private; id = 367211538
Error: error_code = 30; This profile is private; id = 120512320
Error: error_code = 30; This profile is private; id = 209621054
Error: error_code = 15; Access denied: user deactivated; id = 373937464
Error: error_code = 30; This profile is private; id = 326421648
Error: error_code = 30; This profile is private; id = 184267491
Error: error_code = 15; Access denied: user deactivated; id = 659843515
Error: error_code = 15; Access denied: user deactivated; id = 407786719
Error: error_code = 15; Access denied: user deactivated; id = 529485828
Error: error_code = 30; This profile is private; id = 387018194
Error: error_code = 30; This profile is private; id = 286269209
Error: error_code = 30; This profile is private; id = 175387949
Error: error_code = 30; This profile is private; id = 329880553
Error: error_code = 30; This profile is private; id = 49274464
Error: error_code = 30; This profile is private; id = 327429920
Error: error_code = 30; This profile is private; id = 419123474
Error: error_code = 30; This profile is private; id = 224669275
Error: error_code = 15; Access denied: user deactivated; id = 655491251
Error: error_code = 30; This profile is private; id = 178323587
Error: error_code = 30; This profile is private; id = 707481441
Error: error_code = 15; Access denied: user deactivated; id = 57933834
Error: error_code = 30; This profile is private; id = 714464086
Error: error_code = 15; Access denied: user deactivated; id = 430967093
Error: error_code = 30; This profile is private; id = 92813001
Error: error_code = 15; Access denied: user deactivated; id = 245126296
Error: error_code = 30; This profile is private; id = 678701614
Error: error_code = 30; This profile is private; id = 179559300
Error: error_code = 30; This profile is private; id = 289452575
Error: error_code = 30; This profile is private; id = 139479029
Error: error_code = 15; Access denied: user deactivated; id = 530693387
Error: error_code = 30; This profile is private; id = 387741326
Error: error_code = 30; This profile is private; id = 45197157
Error: error_code = 30; This profile is private; id = 670920244
Error: error_code = 30; This profile is private; id = 677481160
Error: error_code = 15; Access denied: user deactivated; id = 167867996
Error: error_code = 30; This profile is private; id = 174688788
Error: error_code = 15; Access denied: user deactivated; id = 297900584
Error: error_code = 30; This profile is private; id = 34970339
Error: error_code = 30; This profile is private; id = 530121780
Error: error_code = 15; Access denied: user deactivated; id = 197507878
Error: error_code = 30; This profile is private; id = 156688352
Error: error_code = 30; This profile is private; id = 434365313
Error: error_code = 15; Access denied: user deactivated; id = 8421194
Error: error_code = 30; This profile is private; id = 488057538
Error: error_code = 30; This profile is private; id = 491054416
Error: error_code = 30; This profile is private; id = 11524985
Error: error_code = 15; Access denied: user deactivated; id = 412383786
Error: error_code = 15; Access denied: user deactivated; id = 372209079
Error: error_code = 30; This profile is private; id = 268084922
Error: error_code = 15; Access denied: user deactivated; id = 200261095
Error: error_code = 15; Access denied: user deactivated; id = 382947957
Error: error_code = 30; This profile is private; id = 297250112
Error: error_code = 30; This profile is private; id = 664994351
Error: error_code = 15; Access denied: user deactivated; id = 218352387
Error: error_code = 30; This profile is private; id = 3600967
Error: error_code = 30; This profile is private; id = 352207494
Error: error_code = 30; This profile is private; id = 152878148
Error: error_code = 30; This profile is private; id = 62365790
Error: error_code = 15; Access denied: user deactivated; id = 485480390
Error: error_code = 30; This profile is private; id = 165273703
Error: error_code = 15; Access denied: user deactivated; id = 584091453
Error: error_code = 15; Access denied: user deactivated; id = 328187751
Error: error_code = 30; This profile is private; id = 237924559
Error: error_code = 15; Access denied: user deactivated; id = 540271616
Error: error_code = 15; Access denied: user deactivated; id = 169701937
Error: error_code = 15; Access denied: user deactivated; id = 705431485
Error: error_code = 30; This profile is private; id = 281621098
Error: error_code = 15; Access denied: user deactivated; id = 705558003
Error: error_code = 30; This profile is private; id = 438200889
Error: error_code = 15; Access denied: user deactivated; id = 468368303
Error: error_code = 30; This profile is private; id = 416772685
Error: error_code = 30; This profile is private; id = 542478441
Error: error_code = 15; Access denied: user deactivated; id = 344127391
Error: error_code = 30; This profile is private; id = 287741825
Error: error_code = 30; This profile is private; id = 551824037
Error: error_code = 30; This profile is private; id = 298757619
Error: error_code = 15; Access denied: user deactivated; id = 388534709
Error: error_code = 30; This profile is private; id = 145641367
Error: error_code = 15; Access denied: user deactivated; id = 182702133
Error: error_code = 15; Access denied: user deactivated; id = 3152213
Error: error_code = 30; This profile is private; id = 50128992
Error: error_code = 15; Access denied: user deactivated; id = 40140825
Error: error_code = 30; This profile is private; id = 125575524
Error: error_code = 30; This profile is private; id = 560157373
Error: error_code = 30; This profile is private; id = 198338708
Error: error_code = 15; Access denied: user deactivated; id = 380328991
Error: error_code = 30; This profile is private; id = 354036261
Error: error_code = 30; This profile is private; id = 513623112
Error: error_code = 30; This profile is private; id = 451463311
Error: error_code = 30; This profile is private; id = 618685187
Error: error_code = 30; This profile is private; id = 691014875
Error: error_code = 30; This profile is private; id = 414482237
Error: error_code = 30; This profile is private; id = 514075262
Error: error_code = 30; This profile is private; id = 420982521
Error: error_code = 15; Access denied: user deactivated; id = 681034900
Error: error_code = 15; Access denied: user deactivated; id = 433867278
Error: error_code = 30; This profile is private; id = 139519778
Error: error_code = 30; This profile is private; id = 50574500
Error: error_code = 15; Access denied: user deactivated; id = 124208432
Error: error_code = 15; Access denied: user deactivated; id = 713765311
Error: error_code = 30; This profile is private; id = 295905715
Error: error_code = 15; Access denied: user deactivated; id = 613927218
Error: error_code = 30; This profile is private; id = 249470355
Error: error_code = 30; This profile is private; id = 322321473
Error: error_code = 15; Access denied: user deactivated; id = 231047013
Error: error_code = 15; Access denied: user deactivated; id = 84535914
Error: error_code = 30; This profile is private; id = 23150662
Error: error_code = 30; This profile is private; id = 468265506
Error: error_code = 15; Access denied: user deactivated; id = 146525444
Error: error_code = 15; Access denied: user deactivated; id = 545146414
Error: error_code = 30; This profile is private; id = 148908188
Error: error_code = 30; This profile is private; id = 2061437
Error: error_code = 15; Access denied: user deactivated; id = 225548962
Error: error_code = 30; This profile is private; id = 185473629
Error: error_code = 30; This profile is private; id = 14231729
Error: error_code = 15; Access denied: user deactivated; id = 317438616
Error: error_code = 15; Access denied: user deactivated; id = 455280122
Error: error_code = 15; Access denied: user deactivated; id = 526496560
Error: error_code = 30; This profile is private; id = 107560627
Error: error_code = 30; This profile is private; id = 53349413
Error: error_code = 15; Access denied: user deactivated; id = 272224684
Error: error_code = 15; Access denied: user deactivated; id = 436646398
Error: error_code = 15; Access denied: user deactivated; id = 451130640
Error: error_code = 30; This profile is private; id = 144767290
Error: error_code = 15; Access denied: user deactivated; id = 70292147
Error: error_code = 30; This profile is private; id = 347333479
Error: error_code = 30; This profile is private; id = 419422928
Error: error_code = 30; This profile is private; id = 5536018
Error: error_code = 30; This profile is private; id = 441060852
Error: error_code = 30; This profile is private; id = 152269957
Error: error_code = 30; This profile is private; id = 95075006
Error: error_code = 30; This profile is private; id = 297168973
Error: error_code = 15; Access denied: user deactivated; id = 422522963
Error: error_code = 15; Access denied: user deactivated; id = 491084382
Error: error_code = 30; This profile is private; id = 505087896
Error: error_code = 30; This profile is private; id = 204066932
Error: error_code = 15; Access denied: user deactivated; id = 556327269
Error: error_code = 15; Access denied: user deactivated; id = 197686121
Error: error_code = 30; This profile is private; id = 25804786
Error: error_code = 30; This profile is private; id = 379335593
Error: error_code = 15; Access denied: user deactivated; id = 205126280
Error: error_code = 15; Access denied: user deactivated; id = 189658383
Error: error_code = 15; Access denied: user deactivated; id = 433367641
Error: error_code = 15; Access denied: user deactivated; id = 389070036
Error: error_code = 30; This profile is private; id = 205113448
Error: error_code = 30; This profile is private; id = 503705029
Error: error_code = 30; This profile is private; id = 555719569
Error: error_code = 15; Access denied: user deactivated; id = 416298988
Error: error_code = 30; This profile is private; id = 602475672
Error: error_code = 15; Access denied: user deactivated; id = 527529098
Error: error_code = 30; This profile is private; id = 162443896
Error: error_code = 30; This profile is private; id = 526054189
Error: error_code = 30; This profile is private; id = 16975317
Error: error_code = 15; Access denied: user deactivated; id = 205659871
Error: error_code = 30; This profile is private; id = 230794733
Error: error_code = 15; Access denied: user deactivated; id = 66565392
Error: error_code = 15; Access denied: user deactivated; id = 452846855
Error: error_code = 30; This profile is private; id = 690140529
Error: error_code = 15; Access denied: user deactivated; id = 400151076
Error: error_code = 15; Access denied: user deactivated; id = 536077270
Error: error_code = 15; Access denied: user deactivated; id = 143238132
Error: error_code = 30; This profile is private; id = 300675625
Error: error_code = 30; This profile is private; id = 156648156
Error: error_code = 15; Access denied: user deactivated; id = 345797695
Error: error_code = 15; Access denied: user deactivated; id = 152348310
Error: error_code = 30; This profile is private; id = 203905831
Error: error_code = 30; This profile is private; id = 215899389
Error: error_code = 30; This profile is private; id = 703474003
Error: error_code = 30; This profile is private; id = 355115161
Error: error_code = 15; Access denied: user deactivated; id = 564311804
Error: error_code = 30; This profile is private; id = 287493511
Error: error_code = 15; Access denied: user deactivated; id = 498781578
Error: error_code = 30; This profile is private; id = 349807596
Error: error_code = 15; Access denied: user deactivated; id = 233195199
Error: error_code = 15; Access denied: user deactivated; id = 419008301
Error: error_code = 15; Access denied: user deactivated; id = 399960445
Error: error_code = 30; This profile is private; id = 494040865
Error: error_code = 30; This profile is private; id = 102827662
Error: error_code = 15; Access denied: user deactivated; id = 380214283
Error: error_code = 15; Access denied: user deactivated; id = 249749847
Error: error_code = 15; Access denied: user deactivated; id = 359338423
Error: error_code = 15; Access denied: user deactivated; id = 666493290
Error: error_code = 15; Access denied: user deactivated; id = 217799452
Error: error_code = 30; This profile is private; id = 175843480
Error: error_code = 15; Access denied: user deactivated; id = 203119012
Error: error_code = 15; Access denied: user deactivated; id = 446346169
Error: error_code = 30; This profile is private; id = 710009320
Error: error_code = 15; Access denied: user deactivated; id = 388721125
Error: error_code = 30; This profile is private; id = 376969494
Error: error_code = 30; This profile is private; id = 393304361
Error: error_code = 30; This profile is private; id = 5231344
Error: error_code = 15; Access denied: user deactivated; id = 431309525
Error: error_code = 15; Access denied: user deactivated; id = 150605919
Error: error_code = 30; This profile is private; id = 425552791
Error: error_code = 30; This profile is private; id = 67172980
Error: error_code = 30; This profile is private; id = 430441761
Error: error_code = 15; Access denied: user deactivated; id = 400625194
Error: error_code = 15; Access denied: user deactivated; id = 142835613
Error: error_code = 30; This profile is private; id = 414477484
Error: error_code = 30; This profile is private; id = 695206092
Error: error_code = 30; This profile is private; id = 674530525
Error: error_code = 30; This profile is private; id = 17253360
Error: error_code = 30; This profile is private; id = 4329056
Error: error_code = 30; This profile is private; id = 363674373
Error: error_code = 30; This profile is private; id = 73207195
Error: error_code = 15; Access denied: user deactivated; id = 303152182
Error: error_code = 30; This profile is private; id = 307968400
Error: error_code = 30; This profile is private; id = 153596470
Error: error_code = 15; Access denied: user deactivated; id = 439586800
Error: error_code = 30; This profile is private; id = 190585170
Error: error_code = 30; This profile is private; id = 279978607
Error: error_code = 30; This profile is private; id = 11143761
Error: error_code = 30; This profile is private; id = 232136547
Error: error_code = 30; This profile is private; id = 681079990
Error: error_code = 15; Access denied: user deactivated; id = 183472207
Error: error_code = 30; This profile is private; id = 536090528
Error: error_code = 30; This profile is private; id = 526179073
Error: error_code = 30; This profile is private; id = 53304248
Error: error_code = 30; This profile is private; id = 3479727
Error: error_code = 15; Access denied: user deactivated; id = 214836981
Error: error_code = 15; Access denied: user deactivated; id = 596283120
Error: error_code = 30; This profile is private; id = 695215696
Error: error_code = 30; This profile is private; id = 569213338
Error: error_code = 15; Access denied: user deactivated; id = 183953046
Error: error_code = 30; This profile is private; id = 76948839
Error: error_code = 30; This profile is private; id = 12761565
Error: error_code = 15; Access denied: user deactivated; id = 188560878
Error: error_code = 30; This profile is private; id = 450317714
Error: error_code = 30; This profile is private; id = 341335543
Error: error_code = 30; This profile is private; id = 514618917
Error: error_code = 30; This profile is private; id = 157163436
Error: error_code = 30; This profile is private; id = 342262143
Error: error_code = 15; Access denied: user deactivated; id = 541688686
Error: error_code = 30; This profile is private; id = 51762802
Error: error_code = 30; This profile is private; id = 51295706
Error: error_code = 30; This profile is private; id = 333882026
Error: error_code = 30; This profile is private; id = 135730622
Error: error_code = 30; This profile is private; id = 556041680
Error: error_code = 30; This profile is private; id = 396807146
Error: error_code = 30; This profile is private; id = 551306473
Error: error_code = 15; Access denied: user deactivated; id = 449752240
Error: error_code = 30; This profile is private; id = 222005358
Error: error_code = 15; Access denied: user deactivated; id = 61244054
Error: error_code = 30; This profile is private; id = 139850290
Error: error_code = 30; This profile is private; id = 359657566
Error: error_code = 15; Access denied: user deactivated; id = 239868860
Error: error_code = 15; Access denied: user deactivated; id = 394859577
Error: error_code = 15; Access denied: user deactivated; id = 52489025
Error: error_code = 15; Access denied: user deactivated; id = 21172611
Error: error_code = 30; This profile is private; id = 535092680
Error: error_code = 15; Access denied: user deactivated; id = 306121197
Error: error_code = 30; This profile is private; id = 24513625
Error: error_code = 15; Access denied: user deactivated; id = 448425012
Error: error_code = 15; Access denied: user deactivated; id = 384340292
Error: error_code = 15; Access denied: user deactivated; id = 106524992
Error: error_code = 30; This profile is private; id = 228620110
Error: error_code = 15; Access denied: user deactivated; id = 336315250
Error: error_code = 30; This profile is private; id = 292399497
Error: error_code = 15; Access denied: user deactivated; id = 430475691
Error: error_code = 30; This profile is private; id = 381521952
Error: error_code = 15; Access denied: user deactivated; id = 54987685
Error: error_code = 15; Access denied: user deactivated; id = 701832174
Error: error_code = 30; This profile is private; id = 136681267
Error: error_code = 30; This profile is private; id = 398193038
Error: error_code = 30; This profile is private; id = 222468896
Error: error_code = 30; This profile is private; id = 484180424
Error: error_code = 30; This profile is private; id = 467708364
Error: error_code = 30; This profile is private; id = 626939604
Error: error_code = 30; This profile is private; id = 710688653
Error: error_code = 30; This profile is private; id = 325924119
Error: error_code = 30; This profile is private; id = 592521540
Error: error_code = 30; This profile is private; id = 422392873
Error: error_code = 15; Access denied: user deactivated; id = 616636
Error: error_code = 30; This profile is private; id = 553419219
Error: error_code = 30; This profile is private; id = 711275185
Error: error_code = 30; This profile is private; id = 256634191
Error: error_code = 30; This profile is private; id = 93941550
Error: error_code = 15; Access denied: user deactivated; id = 446221038
Error: error_code = 30; This profile is private; id = 688094315
Error: error_code = 30; This profile is private; id = 319974277
Error: error_code = 15; Access denied: user deactivated; id = 410682586
Error: error_code = 15; Access denied: user deactivated; id = 513672936
Error: error_code = 15; Access denied: user deactivated; id = 146680464
Error: error_code = 30; This profile is private; id = 138771435
Error: error_code = 30; This profile is private; id = 20608968
Error: error_code = 15; Access denied: user deactivated; id = 712065536
Error: error_code = 15; Access denied: user deactivated; id = 636518646
Error: error_code = 30; This profile is private; id = 590775942
Error: error_code = 30; This profile is private; id = 511995073
Error: error_code = 30; This profile is private; id = 448176328
Error: error_code = 15; Access denied: user deactivated; id = 472745646
Error: error_code = 30; This profile is private; id = 383301854
Error: error_code = 30; This profile is private; id = 338499174
Error: error_code = 30; This profile is private; id = 40452873
Error: error_code = 30; This profile is private; id = 228331286
Error: error_code = 15; Access denied: user deactivated; id = 420412195
Error: error_code = 30; This profile is private; id = 384239572
Error: error_code = 30; This profile is private; id = 180949365
Error: error_code = 30; This profile is private; id = 178896749
Error: error_code = 15; Access denied: user deactivated; id = 451209372
Error: error_code = 30; This profile is private; id = 661770048
Error: error_code = 30; This profile is private; id = 556517820
Error: error_code = 30; This profile is private; id = 445508841
Error: error_code = 30; This profile is private; id = 558075049
Error: error_code = 30; This profile is private; id = 196700689
Error: error_code = 30; This profile is private; id = 6141884
Error: error_code = 30; This profile is private; id = 473067360
Error: error_code = 15; Access denied: user deactivated; id = 253445638
Error: error_code = 30; This profile is private; id = 356638141
Error: error_code = 30; This profile is private; id = 535158753
Error: error_code = 15; Access denied: user deactivated; id = 221608764
Error: error_code = 30; This profile is private; id = 89889413
Error: error_code = 30; This profile is private; id = 166688482
Error: error_code = 15; Access denied: user deactivated; id = 220008953
Error: error_code = 30; This profile is private; id = 672802947
Error: error_code = 30; This profile is private; id = 481012461
Error: error_code = 15; Access denied: user deactivated; id = 609715091
Error: error_code = 15; Access denied: user deactivated; id = 112482448
Error: error_code = 30; This profile is private; id = 152126843
Error: error_code = 30; This profile is private; id = 237142328
Error: error_code = 15; Access denied: user deactivated; id = 518348136
Error: error_code = 30; This profile is private; id = 136477734
Error: error_code = 30; This profile is private; id = 478147148
Error: error_code = 30; This profile is private; id = 535421394
Error: error_code = 30; This profile is private; id = 21789630
Error: error_code = 30; This profile is private; id = 39814296
Error: error_code = 30; This profile is private; id = 507933794
Error: error_code = 30; This profile is private; id = 121229573
Error: error_code = 30; This profile is private; id = 227929034
Error: error_code = 30; This profile is private; id = 310890867
Error: error_code = 15; Access denied: user deactivated; id = 564831471
Error: error_code = 15; Access denied: user deactivated; id = 20779267
Error: error_code = 30; This profile is private; id = 208107720
Error: error_code = 30; This profile is private; id = 708741098
Error: error_code = 15; Access denied: user deactivated; id = 341195170
Error: error_code = 30; This profile is private; id = 53224611
Error: error_code = 30; This profile is private; id = 116703185
Error: error_code = 15; Access denied: user deactivated; id = 38153543
Error: error_code = 15; Access denied: user deactivated; id = 661270
Error: error_code = 30; This profile is private; id = 368498402
Error: error_code = 30; This profile is private; id = 68783457
Error: error_code = 30; This profile is private; id = 452938371
Error: error_code = 30; This profile is private; id = 492315111
Error: error_code = 30; This profile is private; id = 657377521
Error: error_code = 15; Access denied: user deactivated; id = 486573254
Error: error_code = 30; This profile is private; id = 177311979
Error: error_code = 30; This profile is private; id = 168254692
Error: error_code = 15; Access denied: user deactivated; id = 3844356
Error: error_code = 15; Access denied: user deactivated; id = 199973902
Error: error_code = 15; Access denied: user deactivated; id = 243129153
Error: error_code = 30; This profile is private; id = 36793361
Error: error_code = 15; Access denied: user deactivated; id = 337027550
Error: error_code = 15; Access denied: user deactivated; id = 625881418
Error: error_code = 30; This profile is private; id = 131732699
Error: error_code = 30; This profile is private; id = 2932363
Error: error_code = 30; This profile is private; id = 527897434
Error: error_code = 30; This profile is private; id = 597226110
Error: error_code = 15; Access denied: user deactivated; id = 60746895
Error: error_code = 30; This profile is private; id = 581040331
Error: error_code = 30; This profile is private; id = 61934473
Error: error_code = 15; Access denied: user deactivated; id = 527435423
Error: error_code = 30; This profile is private; id = 40403349
Error: error_code = 30; This profile is private; id = 352693805
Error: error_code = 30; This profile is private; id = 534617101
Error: error_code = 30; This profile is private; id = 14594829
Error: error_code = 30; This profile is private; id = 384342064
Error: error_code = 30; This profile is private; id = 405822889
Error: error_code = 15; Access denied: user deactivated; id = 402111913
Error: error_code = 30; This profile is private; id = 68412581
Error: error_code = 30; This profile is private; id = 26115157
Error: error_code = 15; Access denied: user deactivated; id = 456870960
Error: error_code = 30; This profile is private; id = 30032195
Error: error_code = 15; Access denied: user deactivated; id = 375794684
Error: error_code = 15; Access denied: user deactivated; id = 195320622
Error: error_code = 30; This profile is private; id = 402658564
Error: error_code = 30; This profile is private; id = 714669717
Error: error_code = 30; This profile is private; id = 598926368
Error: error_code = 30; This profile is private; id = 341300229
Error: error_code = 30; This profile is private; id = 98795701
Error: error_code = 15; Access denied: user deactivated; id = 426909703
Error: error_code = 30; This profile is private; id = 485423553
Error: error_code = 30; This profile is private; id = 31956403
Error: error_code = 15; Access denied: user deactivated; id = 364880581
Error: error_code = 30; This profile is private; id = 265480714
Error: error_code = 15; Access denied: user deactivated; id = 385878841
Error: error_code = 30; This profile is private; id = 178923026
Error: error_code = 15; Access denied: user deactivated; id = 705386655
Error: error_code = 30; This profile is private; id = 703157775
Error: error_code = 15; Access denied: user deactivated; id = 364468541
Error: error_code = 15; Access denied: user deactivated; id = 540072105
Error: error_code = 15; Access denied: user deactivated; id = 211077735
Error: error_code = 30; This profile is private; id = 125529425
Error: error_code = 30; This profile is private; id = 274203782
Error: error_code = 30; This profile is private; id = 8991371
Error: error_code = 30; This profile is private; id = 458321729
Error: error_code = 30; This profile is private; id = 453236036
Error: error_code = 30; This profile is private; id = 544799036
Error: error_code = 15; Access denied: user deactivated; id = 227435499
Error: error_code = 30; This profile is private; id = 376372934
Error: error_code = 30; This profile is private; id = 5629511
Error: error_code = 15; Access denied: user deactivated; id = 522656116
Error: error_code = 30; This profile is private; id = 605956895
Error: error_code = 30; This profile is private; id = 545785570
Error: error_code = 30; This profile is private; id = 696471044
Error: error_code = 30; This profile is private; id = 194893067
Error: error_code = 15; Access denied: user deactivated; id = 541731013
Error: error_code = 15; Access denied: user deactivated; id = 15068774
Error: error_code = 15; Access denied: user deactivated; id = 138943763
Error: error_code = 15; Access denied: user deactivated; id = 426897337
Error: error_code = 30; This profile is private; id = 138184099
Error: error_code = 15; Access denied: user deactivated; id = 402405923
Error: error_code = 30; This profile is private; id = 522699960
Error: error_code = 30; This profile is private; id = 415169598
Error: error_code = 15; Access denied: user deactivated; id = 401839078
Error: error_code = 15; Access denied: user deactivated; id = 429489758
Error: error_code = 30; This profile is private; id = 222000424
Error: error_code = 15; Access denied: user deactivated; id = 588194951
Error: error_code = 30; This profile is private; id = 377556548
Error: error_code = 15; Access denied: user deactivated; id = 429277430
Error: error_code = 30; This profile is private; id = 220160402
Error: error_code = 30; This profile is private; id = 339511296
Error: error_code = 30; This profile is private; id = 533231878
Error: error_code = 15; Access denied: user deactivated; id = 233325913
Error: error_code = 15; Access denied: user deactivated; id = 703899954
Error: error_code = 15; Access denied: user deactivated; id = 439956622
Error: error_code = 15; Access denied: user deactivated; id = 236030248
Error: error_code = 30; This profile is private; id = 712765996
Error: error_code = 30; This profile is private; id = 46021286
Error: error_code = 30; This profile is private; id = 708504905
Error: error_code = 30; This profile is private; id = 580695847
Error: error_code = 15; Access denied: user deactivated; id = 232555600
Error: error_code = 30; This profile is private; id = 514520437
Error: error_code = 30; This profile is private; id = 482845994
Error: error_code = 30; This profile is private; id = 475854909
Error: error_code = 30; This profile is private; id = 281444104
Error: error_code = 30; This profile is private; id = 478511539
Error: error_code = 30; This profile is private; id = 254268523
Error: error_code = 30; This profile is private; id = 175157235
Error: error_code = 30; This profile is private; id = 1917985
Error: error_code = 15; Access denied: user deactivated; id = 422973719
Error: error_code = 15; Access denied: user deactivated; id = 188510324
Error: error_code = 30; This profile is private; id = 63037334
Error: error_code = 15; Access denied: user deactivated; id = 185012617
Error: error_code = 30; This profile is private; id = 25864716
Error: error_code = 15; Access denied: user deactivated; id = 701323179
Error: error_code = 15; Access denied: user deactivated; id = 535529753
Error: error_code = 30; This profile is private; id = 336850463
Error: error_code = 15; Access denied: user deactivated; id = 341771300
Error: error_code = 15; Access denied: user deactivated; id = 240163897
Error: error_code = 15; Access denied: user deactivated; id = 274860645
Error: error_code = 30; This profile is private; id = 615299230
Error: error_code = 30; This profile is private; id = 541319439
Error: error_code = 30; This profile is private; id = 269733879
Error: error_code = 30; This profile is private; id = 450084144
Error: error_code = 30; This profile is private; id = 213185465
Error: error_code = 30; This profile is private; id = 179165443
Error: error_code = 30; This profile is private; id = 213446783
Error: error_code = 30; This profile is private; id = 301806738
Error: error_code = 30; This profile is private; id = 200873099
Error: error_code = 30; This profile is private; id = 556178701
Error: error_code = 30; This profile is private; id = 395252507
Error: error_code = 30; This profile is private; id = 142594064
Error: error_code = 30; This profile is private; id = 263502265
Error: error_code = 30; This profile is private; id = 536163369
Error: error_code = 15; Access denied: user deactivated; id = 311514805
Error: error_code = 30; This profile is private; id = 468441562
Error: error_code = 30; This profile is private; id = 469807511
Error: error_code = 30; This profile is private; id = 465323562
Error: error_code = 30; This profile is private; id = 10827965
Error: error_code = 30; This profile is private; id = 47937953
Error: error_code = 30; This profile is private; id = 257856352
Error: error_code = 30; This profile is private; id = 564738178
Error: error_code = 30; This profile is private; id = 519987610
Error: error_code = 15; Access denied: user deactivated; id = 217994042
Error: error_code = 30; This profile is private; id = 26136987
Error: error_code = 30; This profile is private; id = 146310971
Error: error_code = 30; This profile is private; id = 400104548
Error: error_code = 15; Access denied: user deactivated; id = 243849270
Error: error_code = 30; This profile is private; id = 11373848
Error: error_code = 15; Access denied: user deactivated; id = 196274714
Error: error_code = 30; This profile is private; id = 9343504
Error: error_code = 15; Access denied: user deactivated; id = 351733624
Error: error_code = 30; This profile is private; id = 105531602
Error: error_code = 30; This profile is private; id = 444387973
Error: error_code = 30; This profile is private; id = 351692380
Error: error_code = 15; Access denied: user deactivated; id = 522465005
Error: error_code = 30; This profile is private; id = 153893112
Error: error_code = 30; This profile is private; id = 26017539
Error: error_code = 15; Access denied: user deactivated; id = 76225785
Error: error_code = 30; This profile is private; id = 144523481
Error: error_code = 30; This profile is private; id = 683758755
Error: error_code = 30; This profile is private; id = 710061360
Error: error_code = 30; This profile is private; id = 323679905
Error: error_code = 30; This profile is private; id = 10892263
Error: error_code = 30; This profile is private; id = 206274509
Error: error_code = 30; This profile is private; id = 6027591
Error: error_code = 30; This profile is private; id = 551536065
Error: error_code = 15; Access denied: user deactivated; id = 91156254
Error: error_code = 30; This profile is private; id = 295406253
Error: error_code = 15; Access denied: user deactivated; id = 523260442
Error: error_code = 30; This profile is private; id = 141453839
Error: error_code = 15; Access denied: user deactivated; id = 286381171
Error: error_code = 15; Access denied: user deactivated; id = 113543669
Error: error_code = 30; This profile is private; id = 102280328
Error: error_code = 30; This profile is private; id = 157605178
Error: error_code = 15; Access denied: user deactivated; id = 216064345
Error: error_code = 15; Access denied: user deactivated; id = 516951997
Error: error_code = 30; This profile is private; id = 355938613
Error: error_code = 30; This profile is private; id = 103502112
Error: error_code = 30; This profile is private; id = 626688622
Error: error_code = 30; This profile is private; id = 531515151
Error: error_code = 15; Access denied: user deactivated; id = 267111233
Error: error_code = 30; This profile is private; id = 321292321
Error: error_code = 30; This profile is private; id = 263973515
Error: error_code = 30; This profile is private; id = 178298508
Error: error_code = 30; This profile is private; id = 199389846
Error: error_code = 30; This profile is private; id = 75774938
Error: error_code = 30; This profile is private; id = 167373244
Error: error_code = 30; This profile is private; id = 215885777
Error: error_code = 15; Access denied: user deactivated; id = 712064395
Error: error_code = 30; This profile is private; id = 207765526
Error: error_code = 15; Access denied: user deactivated; id = 713494957
Error: error_code = 30; This profile is private; id = 578074278
Error: error_code = 30; This profile is private; id = 548516975
Error: error_code = 30; This profile is private; id = 576543430
Error: error_code = 30; This profile is private; id = 588088125
Error: error_code = 15; Access denied: user deactivated; id = 426772648
Error: error_code = 30; This profile is private; id = 559155194
Error: error_code = 30; This profile is private; id = 366140674
Error: error_code = 30; This profile is private; id = 242004710
Error: error_code = 30; This profile is private; id = 513112288
Error: error_code = 30; This profile is private; id = 290723605
Error: error_code = 30; This profile is private; id = 528889446
Error: error_code = 30; This profile is private; id = 580082056
Error: error_code = 30; This profile is private; id = 426222020
Error: error_code = 30; This profile is private; id = 579101232
Error: error_code = 30; This profile is private; id = 210412650
Error: error_code = 15; Access denied: user deactivated; id = 648845850
Error: error_code = 30; This profile is private; id = 220850744
Error: error_code = 15; Access denied: user deactivated; id = 396575531
Error: error_code = 15; Access denied: user deactivated; id = 536154899
Error: error_code = 30; This profile is private; id = 173249273
Error: error_code = 15; Access denied: user deactivated; id = 174997059
Error: error_code = 30; This profile is private; id = 266227259
Error: error_code = 30; This profile is private; id = 711435325
Error: error_code = 15; Access denied: user deactivated; id = 667218681
Error: error_code = 15; Access denied: user deactivated; id = 527155649
Error: error_code = 30; This profile is private; id = 238799029
Error: error_code = 15; Access denied: user deactivated; id = 521735571
Error: error_code = 30; This profile is private; id = 38753238
Error: error_code = 15; Access denied: user deactivated; id = 156049449
Error: error_code = 15; Access denied: user deactivated; id = 144708434
Error: error_code = 15; Access denied: user deactivated; id = 323615777
Error: error_code = 30; This profile is private; id = 325429377
Error: error_code = 15; Access denied: user deactivated; id = 229908191
Error: error_code = 15; Access denied: user deactivated; id = 610020607
Error: error_code = 30; This profile is private; id = 278721769
Error: error_code = 30; This profile is private; id = 335937883
Error: error_code = 30; This profile is private; id = 8578314
Error: error_code = 30; This profile is private; id = 707399828
Error: error_code = 30; This profile is private; id = 568602120
Error: error_code = 30; This profile is private; id = 61415644
Error: error_code = 30; This profile is private; id = 597811258
Error: error_code = 30; This profile is private; id = 325824641
Error: error_code = 30; This profile is private; id = 615512146
Error: error_code = 15; Access denied: user deactivated; id = 313204243
Error: error_code = 30; This profile is private; id = 154868664
Error: error_code = 30; This profile is private; id = 14801763
Error: error_code = 30; This profile is private; id = 539364187
Error: error_code = 15; Access denied: user deactivated; id = 212264684
Error: error_code = 30; This profile is private; id = 124505866
Error: error_code = 15; Access denied: user deactivated; id = 118604173
Error: error_code = 30; This profile is private; id = 506463720
Error: error_code = 15; Access denied: user deactivated; id = 481174866
Error: error_code = 30; This profile is private; id = 491261384
Error: error_code = 15; Access denied: user deactivated; id = 546137823
Error: error_code = 30; This profile is private; id = 572615278
Error: error_code = 30; This profile is private; id = 2296793
Error: error_code = 30; This profile is private; id = 5803654
Error: error_code = 15; Access denied: user deactivated; id = 244220454
Error: error_code = 15; Access denied: user deactivated; id = 407833286
Error: error_code = 30; This profile is private; id = 518830536
Error: error_code = 15; Access denied: user deactivated; id = 221073737
Error: error_code = 30; This profile is private; id = 528282629
Error: error_code = 30; This profile is private; id = 571353270
Error: error_code = 30; This profile is private; id = 117943758
Error: error_code = 30; This profile is private; id = 340783099
Error: error_code = 30; This profile is private; id = 356821300
Error: error_code = 30; This profile is private; id = 254833153
Error: error_code = 30; This profile is private; id = 562541874
Error: error_code = 15; Access denied: user deactivated; id = 541202982
Error: error_code = 15; Access denied: user deactivated; id = 29082665
Error: error_code = 30; This profile is private; id = 52251955
Error: error_code = 30; This profile is private; id = 313672313
Error: error_code = 30; This profile is private; id = 14916477
Error: error_code = 30; This profile is private; id = 232705059
Error: error_code = 30; This profile is private; id = 487799115
Error: error_code = 30; This profile is private; id = 482697882
Error: error_code = 15; Access denied: user deactivated; id = 694431872
Error: error_code = 30; This profile is private; id = 615170589
Error: error_code = 15; Access denied: user deactivated; id = 407780647
Error: error_code = 30; This profile is private; id = 347267318
Error: error_code = 30; This profile is private; id = 578621480
Error: error_code = 30; This profile is private; id = 54720688
Error: error_code = 30; This profile is private; id = 681847920
Error: error_code = 30; This profile is private; id = 590531210
Error: error_code = 15; Access denied: user deactivated; id = 227501228
Error: error_code = 15; Access denied: user deactivated; id = 414198901
Error: error_code = 15; Access denied: user deactivated; id = 402112372
Error: error_code = 30; This profile is private; id = 401120725
Error: error_code = 15; Access denied: user deactivated; id = 527153154
Error: error_code = 15; Access denied: user deactivated; id = 710123236
Error: error_code = 30; This profile is private; id = 310247580
Error: error_code = 15; Access denied: user deactivated; id = 355400327
Error: error_code = 15; Access denied: user deactivated; id = 663132103
Error: error_code = 30; This profile is private; id = 471175804
Error: error_code = 15; Access denied: user deactivated; id = 463731055
Error: error_code = 30; This profile is private; id = 529137478
Error: error_code = 30; This profile is private; id = 15546164
Error: error_code = 30; This profile is private; id = 586414843
Error: error_code = 30; This profile is private; id = 47339257
Error: error_code = 15; Access denied: user deactivated; id = 431851165
Error: error_code = 30; This profile is private; id = 112467330
Error: error_code = 30; This profile is private; id = 10734657
Error: error_code = 15; Access denied: user deactivated; id = 288300405
Error: error_code = 30; This profile is private; id = 408893059
Error: error_code = 15; Access denied: user deactivated; id = 190904212
Error: error_code = 30; This profile is private; id = 549112245
Error: error_code = 30; This profile is private; id = 334300843
Error: error_code = 15; Access denied: user deactivated; id = 192940422
Error: error_code = 30; This profile is private; id = 438470031
Error: error_code = 30; This profile is private; id = 647496970
Error: error_code = 30; This profile is private; id = 577298197
Error: error_code = 30; This profile is private; id = 138236345
Error: error_code = 30; This profile is private; id = 453917869
Error: error_code = 30; This profile is private; id = 604723046
Error: error_code = 15; Access denied: user deactivated; id = 558768163
Error: error_code = 15; Access denied: user deactivated; id = 693947070
Error: error_code = 15; Access denied: user deactivated; id = 561509318
Error: error_code = 30; This profile is private; id = 354982550
Error: error_code = 15; Access denied: user deactivated; id = 24723247
Error: error_code = 30; This profile is private; id = 319213774
Error: error_code = 30; This profile is private; id = 700358105
Error: error_code = 15; Access denied: user deactivated; id = 350694189
Error: error_code = 30; This profile is private; id = 522661811
Error: error_code = 30; This profile is private; id = 593502656
Error: error_code = 30; This profile is private; id = 598519040
Error: error_code = 30; This profile is private; id = 348216545
Error: error_code = 30; This profile is private; id = 581735906
Error: error_code = 30; This profile is private; id = 688262014
Error: error_code = 30; This profile is private; id = 696102667
Error: error_code = 30; This profile is private; id = 185479156
Error: error_code = 30; This profile is private; id = 46553176
Error: error_code = 15; Access denied: user deactivated; id = 219794406
Error: error_code = 30; This profile is private; id = 595442718
Error: error_code = 15; Access denied: user deactivated; id = 437148062
Error: error_code = 30; This profile is private; id = 58170124
Error: error_code = 30; This profile is private; id = 37026728
Error: error_code = 15; Access denied: user deactivated; id = 424856821
Error: error_code = 30; This profile is private; id = 524290890
Error: error_code = 15; Access denied: user deactivated; id = 434678469
Error: error_code = 15; Access denied: user deactivated; id = 429624497
Error: error_code = 15; Access denied: user deactivated; id = 25205968
Error: error_code = 30; This profile is private; id = 618097753
Error: error_code = 30; This profile is private; id = 476719540
Error: error_code = 30; This profile is private; id = 303884237
Error: error_code = 15; Access denied: user deactivated; id = 384816317
Error: error_code = 30; This profile is private; id = 137776869
Error: error_code = 30; This profile is private; id = 555839139
Error: error_code = 30; This profile is private; id = 33453103
Error: error_code = 30; This profile is private; id = 426830871
Error: error_code = 15; Access denied: user deactivated; id = 359879779
Error: error_code = 30; This profile is private; id = 266730338
Error: error_code = 30; This profile is private; id = 189466851
Error: error_code = 30; This profile is private; id = 688739085
Error: error_code = 30; This profile is private; id = 550506920
Error: error_code = 30; This profile is private; id = 9500471
Error: error_code = 30; This profile is private; id = 399896989
Error: error_code = 30; This profile is private; id = 19710414
Error: error_code = 15; Access denied: user deactivated; id = 288260938
Error: error_code = 30; This profile is private; id = 183014019
Error: error_code = 30; This profile is private; id = 405498042
Error: error_code = 30; This profile is private; id = 686592229
Error: error_code = 30; This profile is private; id = 699451791
Error: error_code = 15; Access denied: user deactivated; id = 176875760
Error: error_code = 15; Access denied: user deactivated; id = 248582118
Error: error_code = 30; This profile is private; id = 224418624
Error: error_code = 30; This profile is private; id = 530620520
Error: error_code = 30; This profile is private; id = 3079832
Error: error_code = 30; This profile is private; id = 9306250
Error: error_code = 30; This profile is private; id = 662597277
Error: error_code = 15; Access denied: user deactivated; id = 655333499
Error: error_code = 30; This profile is private; id = 496503941
Error: error_code = 30; This profile is private; id = 670017432
Error: error_code = 15; Access denied: user deactivated; id = 360700630
Error: error_code = 15; Access denied: user deactivated; id = 203369095
Error: error_code = 15; Access denied: user deactivated; id = 202856123
Error: error_code = 15; Access denied: user deactivated; id = 549369730
Error: error_code = 30; This profile is private; id = 589474170
Error: error_code = 15; Access denied: user deactivated; id = 277754723
Error: error_code = 15; Access denied: user deactivated; id = 465715322
Error: error_code = 30; This profile is private; id = 64940525
Error: error_code = 15; Access denied: user deactivated; id = 235587463
Error: error_code = 15; Access denied: user deactivated; id = 374375101
Error: error_code = 15; Access denied: user deactivated; id = 533628379
Error: error_code = 30; This profile is private; id = 259933710
Error: error_code = 15; Access denied: user deactivated; id = 237330632
Error: error_code = 30; This profile is private; id = 254785943
Error: error_code = 15; Access denied: user deactivated; id = 380662575
Error: error_code = 30; This profile is private; id = 77463423
Error: error_code = 30; This profile is private; id = 136143470
Error: error_code = 15; Access denied: user deactivated; id = 324948606
Error: error_code = 15; Access denied: user deactivated; id = 347569381
Error: error_code = 30; This profile is private; id = 100919808
Error: error_code = 30; This profile is private; id = 623714
Error: error_code = 30; This profile is private; id = 199582165
Error: error_code = 30; This profile is private; id = 185677899
Error: error_code = 30; This profile is private; id = 187617979
Error: error_code = 30; This profile is private; id = 213587603
Error: error_code = 15; Access denied: user deactivated; id = 147647902
Error: error_code = 30; This profile is private; id = 495525670
Error: error_code = 15; Access denied: user deactivated; id = 338138388
Error: error_code = 15; Access denied: user deactivated; id = 395593936
Error: error_code = 30; This profile is private; id = 194741088
Error: error_code = 30; This profile is private; id = 9518452
Error: error_code = 15; Access denied: user deactivated; id = 285415978
Error: error_code = 30; This profile is private; id = 582754601
Error: error_code = 30; This profile is private; id = 389684045
Error: error_code = 30; This profile is private; id = 378208035
Error: error_code = 30; This profile is private; id = 267182084
Error: error_code = 15; Access denied: user deactivated; id = 713973365
Error: error_code = 15; Access denied: user deactivated; id = 137509948
Error: error_code = 15; Access denied: user deactivated; id = 415758775
Error: error_code = 30; This profile is private; id = 689804575
Error: error_code = 30; This profile is private; id = 31367019
Error: error_code = 15; Access denied: user deactivated; id = 255561485
Error: error_code = 15; Access denied: user deactivated; id = 647501633
Error: error_code = 15; Access denied: user deactivated; id = 126491808
Error: error_code = 30; This profile is private; id = 162286142
Error: error_code = 15; Access denied: user deactivated; id = 359103648
Error: error_code = 30; This profile is private; id = 601859234
Error: error_code = 30; This profile is private; id = 226278595
Error: error_code = 15; Access denied: user deactivated; id = 714968794
Error: error_code = 30; This profile is private; id = 624085938
Error: error_code = 30; This profile is private; id = 669252800
Error: error_code = 30; This profile is private; id = 527004419
Error: error_code = 15; Access denied: user deactivated; id = 459257577
Error: error_code = 30; This profile is private; id = 261826703
Error: error_code = 15; Access denied: user deactivated; id = 464035384
Error: error_code = 15; Access denied: user deactivated; id = 135843650
Error: error_code = 15; Access denied: user deactivated; id = 417597145
Error: error_code = 30; This profile is private; id = 369561311
Error: error_code = 15; Access denied: user deactivated; id = 567078487
Error: error_code = 30; This profile is private; id = 536857184
Error: error_code = 15; Access denied: user deactivated; id = 314550002
Error: error_code = 30; This profile is private; id = 188540050
Error: error_code = 15; Access denied: user deactivated; id = 10416298
Error: error_code = 15; Access denied: user deactivated; id = 454528636
Error: error_code = 30; This profile is private; id = 447580987
Error: error_code = 30; This profile is private; id = 560227324
Error: error_code = 15; Access denied: user deactivated; id = 526384006
Error: error_code = 15; Access denied: user deactivated; id = 44161004
Error: error_code = 30; This profile is private; id = 375142351
Error: error_code = 15; Access denied: user deactivated; id = 91498596
Error: error_code = 30; This profile is private; id = 439766271
Error: error_code = 15; Access denied: user deactivated; id = 25972283
Error: error_code = 30; This profile is private; id = 95302860
Error: error_code = 15; Access denied: user deactivated; id = 231822071
Error: error_code = 15; Access denied: user deactivated; id = 268988336
Error: error_code = 30; This profile is private; id = 577353477
Error: error_code = 30; This profile is private; id = 106669006
Error: error_code = 15; Access denied: user deactivated; id = 387440516
Error: error_code = 15; Access denied: user deactivated; id = 186054223
Error: error_code = 30; This profile is private; id = 216632844
Error: error_code = 30; This profile is private; id = 154621501
Error: error_code = 15; Access denied: user deactivated; id = 704808156
Error: error_code = 15; Access denied: user deactivated; id = 488095645
Error: error_code = 15; Access denied: user deactivated; id = 474135664
Error: error_code = 30; This profile is private; id = 46430681
Error: error_code = 15; Access denied: user deactivated; id = 57371260
Error: error_code = 15; Access denied: user deactivated; id = 372012748
Error: error_code = 30; This profile is private; id = 95354225
Error: error_code = 15; Access denied: user deactivated; id = 89394882
Error: error_code = 30; This profile is private; id = 499108165
Error: error_code = 30; This profile is private; id = 310391847
Error: error_code = 30; This profile is private; id = 189357273
Error: error_code = 15; Access denied: user deactivated; id = 466423731
Error: error_code = 15; Access denied: user deactivated; id = 52143717
Error: error_code = 30; This profile is private; id = 80826914
Error: error_code = 30; This profile is private; id = 440947489
Error: error_code = 30; This profile is private; id = 483301326
Error: error_code = 30; This profile is private; id = 275967211
Error: error_code = 15; Access denied: user deactivated; id = 138039737
Error: error_code = 30; This profile is private; id = 494806390
Error: error_code = 15; Access denied: user deactivated; id = 463422660
Error: error_code = 15; Access denied: user deactivated; id = 147401473
Error: error_code = 30; This profile is private; id = 275421344
Error: error_code = 15; Access denied: user deactivated; id = 21783830
Error: error_code = 30; This profile is private; id = 154855660
Error: error_code = 15; Access denied: user deactivated; id = 432462875
Error: error_code = 30; This profile is private; id = 227014521
Error: error_code = 30; This profile is private; id = 366412956
Error: error_code = 15; Access denied: user deactivated; id = 359718159
Error: error_code = 30; This profile is private; id = 76873342
Error: error_code = 30; This profile is private; id = 90355926
Error: error_code = 30; This profile is private; id = 455988861
Error: error_code = 15; Access denied: user deactivated; id = 507650853
Error: error_code = 30; This profile is private; id = 94543756
Error: error_code = 30; This profile is private; id = 5835307
Error: error_code = 30; This profile is private; id = 570591156
Error: error_code = 30; This profile is private; id = 421972374
Error: error_code = 15; Access denied: user deactivated; id = 505257780
Error: error_code = 30; This profile is private; id = 309425289
Error: error_code = 30; This profile is private; id = 69443461
Error: error_code = 30; This profile is private; id = 713748307
Error: error_code = 30; This profile is private; id = 624016019
Error: error_code = 15; Access denied: user deactivated; id = 349285641
Error: error_code = 30; This profile is private; id = 11189568
Error: error_code = 30; This profile is private; id = 16070265
Error: error_code = 30; This profile is private; id = 553170375
Error: error_code = 30; This profile is private; id = 382237396
Error: error_code = 30; This profile is private; id = 630147315
Error: error_code = 30; This profile is private; id = 402424917
Error: error_code = 30; This profile is private; id = 185196615
Error: error_code = 15; Access denied: user deactivated; id = 345988053
Error: error_code = 15; Access denied: user deactivated; id = 183224542
Error: error_code = 15; Access denied: user deactivated; id = 306839880
Error: error_code = 30; This profile is private; id = 175211991
Error: error_code = 15; Access denied: user deactivated; id = 289116658
Error: error_code = 30; This profile is private; id = 160763984
Error: error_code = 30; This profile is private; id = 692397090
Error: error_code = 30; This profile is private; id = 52353446
Error: error_code = 15; Access denied: user deactivated; id = 194426851
Error: error_code = 15; Access denied: user deactivated; id = 684434321
Error: error_code = 30; This profile is private; id = 39186900
Error: error_code = 30; This profile is private; id = 284631302
Error: error_code = 30; This profile is private; id = 79588212
Error: error_code = 30; This profile is private; id = 713218153
Error: error_code = 30; This profile is private; id = 577294820
Error: error_code = 30; This profile is private; id = 717184940
Error: error_code = 30; This profile is private; id = 333967564
Error: error_code = 30; This profile is private; id = 660079066
Error: error_code = 30; This profile is private; id = 591052755
Error: error_code = 30; This profile is private; id = 333137465
Error: error_code = 15; Access denied: user deactivated; id = 224257544
Error: error_code = 30; This profile is private; id = 715763358
Error: error_code = 30; This profile is private; id = 529871956
Error: error_code = 30; This profile is private; id = 116059641
Error: error_code = 30; This profile is private; id = 421732556
Error: error_code = 30; This profile is private; id = 595087410
Error: error_code = 30; This profile is private; id = 609312900
Error: error_code = 30; This profile is private; id = 46933933
Error: error_code = 30; This profile is private; id = 456286840
Error: error_code = 30; This profile is private; id = 391949753
Error: error_code = 15; Access denied: user deactivated; id = 180146852
Error: error_code = 30; This profile is private; id = 500621287
Error: error_code = 30; This profile is private; id = 247928029
Error: error_code = 15; Access denied: user deactivated; id = 267288460
Error: error_code = 15; Access denied: user deactivated; id = 244368620
Error: error_code = 15; Access denied: user deactivated; id = 4950337
Error: error_code = 30; This profile is private; id = 93377860
Error: error_code = 30; This profile is private; id = 602985553
Error: error_code = 30; This profile is private; id = 231531765
Error: error_code = 30; This profile is private; id = 526100386
Error: error_code = 30; This profile is private; id = 24833426
Error: error_code = 15; Access denied: user deactivated; id = 65478461
Error: error_code = 15; Access denied: user deactivated; id = 217903463
Error: error_code = 30; This profile is private; id = 580487919
Error: error_code = 15; Access denied: user deactivated; id = 227166037
Error: error_code = 15; Access denied: user deactivated; id = 472462124
Error: error_code = 15; Access denied: user deactivated; id = 162997735
Error: error_code = 15; Access denied: user deactivated; id = 65193949
Error: error_code = 30; This profile is private; id = 434645589
Error: error_code = 15; Access denied: user deactivated; id = 152274051
Error: error_code = 30; This profile is private; id = 460928103
Error: error_code = 30; This profile is private; id = 510712132
Error: error_code = 30; This profile is private; id = 2539213
Error: error_code = 30; This profile is private; id = 573332884
Error: error_code = 30; This profile is private; id = 384569380
Error: error_code = 30; This profile is private; id = 271376661
Error: error_code = 15; Access denied: user deactivated; id = 374724123
Error: error_code = 30; This profile is private; id = 45764336
Error: error_code = 30; This profile is private; id = 561437149
Error: error_code = 30; This profile is private; id = 452545903
Error: error_code = 30; This profile is private; id = 219910546
Error: error_code = 30; This profile is private; id = 577417653
Error: error_code = 30; This profile is private; id = 383516107
Error: error_code = 30; This profile is private; id = 134264809
Error: error_code = 15; Access denied: user deactivated; id = 244795156
Error: error_code = 30; This profile is private; id = 469618537
Error: error_code = 15; Access denied: user deactivated; id = 434152834
Error: error_code = 30; This profile is private; id = 247790327
Error: error_code = 15; Access denied: user deactivated; id = 341081153
Error: error_code = 15; Access denied: user deactivated; id = 201180960
Error: error_code = 15; Access denied: user deactivated; id = 680516385
Error: error_code = 15; Access denied: user deactivated; id = 220363327
Error: error_code = 30; This profile is private; id = 51694122
Error: error_code = 15; Access denied: user deactivated; id = 411275683
Error: error_code = 30; This profile is private; id = 347352282
Error: error_code = 30; This profile is private; id = 627784464
Error: error_code = 30; This profile is private; id = 581911720
Error: error_code = 30; This profile is private; id = 297802346
Error: error_code = 30; This profile is private; id = 176026358
Error: error_code = 15; Access denied: user deactivated; id = 5639646
Error: error_code = 30; This profile is private; id = 139047091
Error: error_code = 30; This profile is private; id = 134537052
Error: error_code = 15; Access denied: user deactivated; id = 186040884
Error: error_code = 30; This profile is private; id = 152911310
Error: error_code = 30; This profile is private; id = 648875345
Error: error_code = 30; This profile is private; id = 388961909
Error: error_code = 30; This profile is private; id = 26138002
Error: error_code = 30; This profile is private; id = 437246256
Error: error_code = 30; This profile is private; id = 458812512
Error: error_code = 15; Access denied: user deactivated; id = 187421559
Error: error_code = 15; Access denied: user deactivated; id = 477787167
Error: error_code = 30; This profile is private; id = 613566710
Error: error_code = 30; This profile is private; id = 70300984
Error: error_code = 15; Access denied: user deactivated; id = 15105111
Error: error_code = 15; Access denied: user deactivated; id = 604601736
Error: error_code = 30; This profile is private; id = 656647497
Error: error_code = 30; This profile is private; id = 491378089
Error: error_code = 15; Access denied: user deactivated; id = 348110772
Error: error_code = 30; This profile is private; id = 506351049
Error: error_code = 15; Access denied: user deactivated; id = 189390269
Error: error_code = 30; This profile is private; id = 345328530
Error: error_code = 30; This profile is private; id = 271865845
Error: error_code = 15; Access denied: user deactivated; id = 389285764
Error: error_code = 30; This profile is private; id = 611800175
Error: error_code = 30; This profile is private; id = 114970821
Error: error_code = 30; This profile is private; id = 264200105
Error: error_code = 30; This profile is private; id = 554291841
Error: error_code = 15; Access denied: user deactivated; id = 323740718
Error: error_code = 15; Access denied: user deactivated; id = 691599982
Error: error_code = 30; This profile is private; id = 608775388
Error: error_code = 15; Access denied: user deactivated; id = 455149866
Error: error_code = 15; Access denied: user deactivated; id = 488637056
Error: error_code = 15; Access denied: user deactivated; id = 341811029
Error: error_code = 15; Access denied: user deactivated; id = 310498346
Error: error_code = 30; This profile is private; id = 558104004
Error: error_code = 30; This profile is private; id = 142639060
Error: error_code = 30; This profile is private; id = 606634718
Error: error_code = 15; Access denied: user deactivated; id = 16602380
Error: error_code = 15; Access denied: user deactivated; id = 431619326
Error: error_code = 15; Access denied: user deactivated; id = 428780765
Error: error_code = 30; This profile is private; id = 230718807
Error: error_code = 15; Access denied: user deactivated; id = 140360293
Error: error_code = 15; Access denied: user deactivated; id = 18566635
Error: error_code = 15; Access denied: user deactivated; id = 203069292
Error: error_code = 30; This profile is private; id = 188831701
Error: error_code = 30; This profile is private; id = 663556681
Error: error_code = 30; This profile is private; id = 119432675
Error: error_code = 15; Access denied: user deactivated; id = 128930387
Error: error_code = 30; This profile is private; id = 45450967
Error: error_code = 30; This profile is private; id = 43274573
Error: error_code = 30; This profile is private; id = 219275384
Error: error_code = 30; This profile is private; id = 453439280
Error: error_code = 15; Access denied: user deactivated; id = 541882979
Error: error_code = 15; Access denied: user deactivated; id = 363610500
Error: error_code = 30; This profile is private; id = 447355432
Error: error_code = 15; Access denied: user deactivated; id = 213499877
Error: error_code = 15; Access denied: user deactivated; id = 398290966
Error: error_code = 15; Access denied: user deactivated; id = 490748910
Error: error_code = 30; This profile is private; id = 455320070
Error: error_code = 15; Access denied: user deactivated; id = 13545099
Error: error_code = 30; This profile is private; id = 476576695
Error: error_code = 30; This profile is private; id = 16460535
Error: error_code = 15; Access denied: user deactivated; id = 249421721
Error: error_code = 15; Access denied: user deactivated; id = 156113902
Error: error_code = 30; This profile is private; id = 518671026
Error: error_code = 30; This profile is private; id = 521084276
Error: error_code = 15; Access denied: user deactivated; id = 294972887
Error: error_code = 30; This profile is private; id = 442555448
Error: error_code = 15; Access denied: user deactivated; id = 231177165
Error: error_code = 30; This profile is private; id = 255346535
Error: error_code = 30; This profile is private; id = 495594802
Error: error_code = 15; Access denied: user deactivated; id = 57786964
Error: error_code = 30; This profile is private; id = 366560961
Error: error_code = 30; This profile is private; id = 392322030
Error: error_code = 30; This profile is private; id = 704398818
Error: error_code = 30; This profile is private; id = 139826858
Error: error_code = 15; Access denied: user deactivated; id = 450778437
Error: error_code = 30; This profile is private; id = 371803592
Error: error_code = 15; Access denied: user deactivated; id = 92179203
Error: error_code = 15; Access denied: user deactivated; id = 701267899
Error: error_code = 30; This profile is private; id = 398194134
Error: error_code = 30; This profile is private; id = 20248513
Error: error_code = 30; This profile is private; id = 486573639
Error: error_code = 15; Access denied: user deactivated; id = 64585179
Error: error_code = 30; This profile is private; id = 19502956
Error: error_code = 15; Access denied: user deactivated; id = 407552549
Error: error_code = 30; This profile is private; id = 409288460
Error: error_code = 30; This profile is private; id = 83527704
Error: error_code = 15; Access denied: user deactivated; id = 21397827
Error: error_code = 30; This profile is private; id = 90316846
Error: error_code = 30; This profile is private; id = 38239936
Error: error_code = 15; Access denied: user deactivated; id = 496406148
Error: error_code = 30; This profile is private; id = 64380964
Error: error_code = 30; This profile is private; id = 29001794
Error: error_code = 15; Access denied: user deactivated; id = 214167791
Error: error_code = 30; This profile is private; id = 554858789
Error: error_code = 30; This profile is private; id = 19156482
Error: error_code = 30; This profile is private; id = 242905085
Error: error_code = 30; This profile is private; id = 636822982
Error: error_code = 30; This profile is private; id = 536802696
Error: error_code = 30; This profile is private; id = 252159660
Error: error_code = 30; This profile is private; id = 450280
Error: error_code = 30; This profile is private; id = 19074057
Error: error_code = 30; This profile is private; id = 457445020
Error: error_code = 15; Access denied: user deactivated; id = 200448873
Error: error_code = 30; This profile is private; id = 371859340
Error: error_code = 30; This profile is private; id = 287692834
Error: error_code = 30; This profile is private; id = 76596830
Error: error_code = 30; This profile is private; id = 228045758
Error: error_code = 30; This profile is private; id = 661696528
Error: error_code = 30; This profile is private; id = 283467257
Error: error_code = 15; Access denied: user deactivated; id = 411153524
Error: error_code = 30; This profile is private; id = 145072701
Error: error_code = 30; This profile is private; id = 2687054
Error: error_code = 15; Access denied: user deactivated; id = 67606062
Error: error_code = 30; This profile is private; id = 250564217
Error: error_code = 30; This profile is private; id = 308358985
Error: error_code = 30; This profile is private; id = 134609887
Error: error_code = 30; This profile is private; id = 49346972
Error: error_code = 15; Access denied: user deactivated; id = 170400230
Error: error_code = 15; Access denied: user deactivated; id = 132241254
Error: error_code = 30; This profile is private; id = 171748223
Error: error_code = 30; This profile is private; id = 196046283
Error: error_code = 30; This profile is private; id = 364437836
Error: error_code = 30; This profile is private; id = 597489016
Error: error_code = 15; Access denied: user deactivated; id = 202115570
Error: error_code = 15; Access denied: user deactivated; id = 58679044
Error: error_code = 15; Access denied: user deactivated; id = 541952390
Error: error_code = 30; This profile is private; id = 314176004
Error: error_code = 30; This profile is private; id = 9358503
Error: error_code = 30; This profile is private; id = 132474924
Error: error_code = 30; This profile is private; id = 350095624
Error: error_code = 15; Access denied: user deactivated; id = 378958497
Error: error_code = 15; Access denied: user deactivated; id = 425840871
Error: error_code = 30; This profile is private; id = 148390259
Error: error_code = 15; Access denied: user deactivated; id = 534597362
Error: error_code = 30; This profile is private; id = 30363814
Error: error_code = 30; This profile is private; id = 81571464
Error: error_code = 30; This profile is private; id = 234304391
Error: error_code = 15; Access denied: user deactivated; id = 56159598
Error: error_code = 30; This profile is private; id = 382976934
Error: error_code = 30; This profile is private; id = 584768636
Error: error_code = 30; This profile is private; id = 148165240
Error: error_code = 30; This profile is private; id = 33910554
Error: error_code = 15; Access denied: user deactivated; id = 279390196
Error: error_code = 30; This profile is private; id = 707612433
Error: error_code = 30; This profile is private; id = 591435821
Error: error_code = 30; This profile is private; id = 614440349
Error: error_code = 15; Access denied: user deactivated; id = 212361652
Error: error_code = 30; This profile is private; id = 199786218
Error: error_code = 15; Access denied: user deactivated; id = 544275645
Error: error_code = 15; Access denied: user deactivated; id = 22557365
Error: error_code = 15; Access denied: user deactivated; id = 416199821
Error: error_code = 15; Access denied: user deactivated; id = 63465090
Error: error_code = 30; This profile is private; id = 51549710
Error: error_code = 30; This profile is private; id = 77379819
Error: error_code = 15; Access denied: user deactivated; id = 547737431
Error: error_code = 15; Access denied: user deactivated; id = 319044736
Error: error_code = 30; This profile is private; id = 588905832
Error: error_code = 30; This profile is private; id = 102950517
Error: error_code = 30; This profile is private; id = 567260540
Error: error_code = 30; This profile is private; id = 277517729
Error: error_code = 30; This profile is private; id = 323716783
Error: error_code = 15; Access denied: user deactivated; id = 519261691
Error: error_code = 30; This profile is private; id = 419343661
Error: error_code = 30; This profile is private; id = 686772549
Error: error_code = 30; This profile is private; id = 9890741
Error: error_code = 30; This profile is private; id = 462458066
Error: error_code = 30; This profile is private; id = 158108868
Error: error_code = 15; Access denied: user deactivated; id = 172792637
Error: error_code = 30; This profile is private; id = 181839791
Error: error_code = 30; This profile is private; id = 311255360
Error: error_code = 30; This profile is private; id = 184203084
Error: error_code = 30; This profile is private; id = 213034146
Error: error_code = 15; Access denied: user deactivated; id = 396390863
Error: error_code = 30; This profile is private; id = 523374726
Error: error_code = 30; This profile is private; id = 501453808
Error: error_code = 30; This profile is private; id = 10025706
Error: error_code = 30; This profile is private; id = 6609545
Error: error_code = 30; This profile is private; id = 139450425
Error: error_code = 30; This profile is private; id = 711175733
Error: error_code = 30; This profile is private; id = 615343249
Error: error_code = 30; This profile is private; id = 23448528
Error: error_code = 15; Access denied: user deactivated; id = 219273283
Error: error_code = 15; Access denied: user deactivated; id = 476704649
Error: error_code = 30; This profile is private; id = 560370936
Error: error_code = 30; This profile is private; id = 326622726
Error: error_code = 15; Access denied: user deactivated; id = 538382072
Error: error_code = 15; Access denied: user deactivated; id = 199084890
Error: error_code = 15; Access denied: user deactivated; id = 453953652
Error: error_code = 30; This profile is private; id = 400919125
Error: error_code = 30; This profile is private; id = 309111995
Error: error_code = 15; Access denied: user deactivated; id = 556674843
Error: error_code = 30; This profile is private; id = 40967280
Error: error_code = 30; This profile is private; id = 145907280
Error: error_code = 30; This profile is private; id = 117480930
Error: error_code = 30; This profile is private; id = 440367589
Error: error_code = 30; This profile is private; id = 44995014
Error: error_code = 30; This profile is private; id = 235859116
Error: error_code = 15; Access denied: user deactivated; id = 209341852
Error: error_code = 15; Access denied: user deactivated; id = 203453392
Error: error_code = 30; This profile is private; id = 570575227
Error: error_code = 15; Access denied: user deactivated; id = 319628516
Error: error_code = 30; This profile is private; id = 576651032
Error: error_code = 15; Access denied: user deactivated; id = 320374243
Error: error_code = 30; This profile is private; id = 695689150
Error: error_code = 15; Access denied: user deactivated; id = 434446071
Error: error_code = 30; This profile is private; id = 120803319
Error: error_code = 30; This profile is private; id = 108585601
Error: error_code = 30; This profile is private; id = 591293332
Error: error_code = 30; This profile is private; id = 445173650
Error: error_code = 30; This profile is private; id = 93423384
Error: error_code = 30; This profile is private; id = 572573599
Error: error_code = 15; Access denied: user deactivated; id = 540209717
Error: error_code = 30; This profile is private; id = 153618994
Error: error_code = 15; Access denied: user deactivated; id = 350932497
Error: error_code = 30; This profile is private; id = 60518875
Error: error_code = 30; This profile is private; id = 8777604
Error: error_code = 15; Access denied: user deactivated; id = 271883864
Error: error_code = 30; This profile is private; id = 7433915
Error: error_code = 30; This profile is private; id = 213865169
Error: error_code = 15; Access denied: user deactivated; id = 147608552
Error: error_code = 15; Access denied: user deactivated; id = 666947448
Error: error_code = 30; This profile is private; id = 227090183
Error: error_code = 30; This profile is private; id = 200614686
Error: error_code = 30; This profile is private; id = 333962105
Error: error_code = 15; Access denied: user deactivated; id = 361199535
Error: error_code = 15; Access denied: user deactivated; id = 220193505
Error: error_code = 30; This profile is private; id = 561576560
Error: error_code = 15; Access denied: user deactivated; id = 228321718
Error: error_code = 30; This profile is private; id = 84850842
Error: error_code = 15; Access denied: user deactivated; id = 156157776
Error: error_code = 15; Access denied: user deactivated; id = 299585069
Error: error_code = 15; Access denied: user deactivated; id = 244478169
Error: error_code = 30; This profile is private; id = 37806437
Error: error_code = 30; This profile is private; id = 560280623
Error: error_code = 30; This profile is private; id = 198539358
Error: error_code = 30; This profile is private; id = 450645577
Error: error_code = 15; Access denied: user deactivated; id = 243946355
Error: error_code = 30; This profile is private; id = 516137300
Error: error_code = 30; This profile is private; id = 686357249
Error: error_code = 30; This profile is private; id = 204929779
Error: error_code = 30; This profile is private; id = 637516200
Error: error_code = 30; This profile is private; id = 292032614
Error: error_code = 30; This profile is private; id = 712687466
Error: error_code = 15; Access denied: user deactivated; id = 435689111
Error: error_code = 15; Access denied: user deactivated; id = 130901523
Error: error_code = 30; This profile is private; id = 34818268
Error: error_code = 30; This profile is private; id = 184783907
Error: error_code = 30; This profile is private; id = 311636468
Error: error_code = 15; Access denied: user deactivated; id = 347804763
Error: error_code = 30; This profile is private; id = 537380723
Error: error_code = 15; Access denied: user deactivated; id = 64356764
Error: error_code = 30; This profile is private; id = 324942542
Error: error_code = 15; Access denied: user deactivated; id = 644873802
Error: error_code = 15; Access denied: user deactivated; id = 539603178
Error: error_code = 30; This profile is private; id = 472909332
Error: error_code = 30; This profile is private; id = 450457205
Error: error_code = 30; This profile is private; id = 685441013
Error: error_code = 30; This profile is private; id = 115890445
Error: error_code = 30; This profile is private; id = 15731326
Error: error_code = 15; Access denied: user deactivated; id = 253313854
Error: error_code = 30; This profile is private; id = 264773234
Error: error_code = 15; Access denied: user deactivated; id = 365010959
Error: error_code = 30; This profile is private; id = 202267903
Error: error_code = 15; Access denied: user deactivated; id = 134365189
Error: error_code = 15; Access denied: user deactivated; id = 210953339
Error: error_code = 30; This profile is private; id = 11792339
Error: error_code = 30; This profile is private; id = 303395656
Error: error_code = 30; This profile is private; id = 277173296
Error: error_code = 30; This profile is private; id = 669430128
Error: error_code = 15; Access denied: user deactivated; id = 696985578
Error: error_code = 30; This profile is private; id = 54878134
Error: error_code = 30; This profile is private; id = 221541436
Error: error_code = 30; This profile is private; id = 147535156
Error: error_code = 15; Access denied: user deactivated; id = 516166775
Error: error_code = 30; This profile is private; id = 232228828
Error: error_code = 15; Access denied: user deactivated; id = 137241837
Error: error_code = 30; This profile is private; id = 42964805
Error: error_code = 15; Access denied: user deactivated; id = 296608134
Error: error_code = 30; This profile is private; id = 92503344
Error: error_code = 30; This profile is private; id = 536180674
Error: error_code = 30; This profile is private; id = 13198221
Error: error_code = 15; Access denied: user deactivated; id = 452413040
Error: error_code = 30; This profile is private; id = 526226966
Error: error_code = 30; This profile is private; id = 15806767
Error: error_code = 30; This profile is private; id = 204937107
Error: error_code = 30; This profile is private; id = 117986846
Error: error_code = 15; Access denied: user deactivated; id = 511378473
Error: error_code = 15; Access denied: user deactivated; id = 367133291
Error: error_code = 15; Access denied: user deactivated; id = 178935159
Error: error_code = 30; This profile is private; id = 295539124
Error: error_code = 30; This profile is private; id = 572595464
Error: error_code = 15; Access denied: user deactivated; id = 117990418
Error: error_code = 30; This profile is private; id = 32818145
Error: error_code = 30; This profile is private; id = 275948234
Error: error_code = 15; Access denied: user deactivated; id = 227299407
Error: error_code = 15; Access denied: user deactivated; id = 206535114
Error: error_code = 30; This profile is private; id = 357228522
Error: error_code = 30; This profile is private; id = 56072069
Error: error_code = 15; Access denied: user deactivated; id = 425428006
Error: error_code = 15; Access denied: user deactivated; id = 183660075
Error: error_code = 15; Access denied: user deactivated; id = 424888319
Error: error_code = 30; This profile is private; id = 329750891
Error: error_code = 15; Access denied: user deactivated; id = 202761994
Error: error_code = 30; This profile is private; id = 49708268
Error: error_code = 15; Access denied: user deactivated; id = 223752316
Error: error_code = 15; Access denied: user deactivated; id = 645859948
Error: error_code = 15; Access denied: user deactivated; id = 409476063
Error: error_code = 15; Access denied: user deactivated; id = 380250146
Error: error_code = 30; This profile is private; id = 279718382
Error: error_code = 30; This profile is private; id = 189787147
Error: error_code = 30; This profile is private; id = 347155586
Error: error_code = 30; This profile is private; id = 681241180
Error: error_code = 15; Access denied: user deactivated; id = 245805173
Error: error_code = 15; Access denied: user deactivated; id = 569342863
Error: error_code = 30; This profile is private; id = 382870409
Error: error_code = 30; This profile is private; id = 266771836
Error: error_code = 15; Access denied: user deactivated; id = 240045785
Error: error_code = 30; This profile is private; id = 677154833
Error: error_code = 30; This profile is private; id = 428974226
Error: error_code = 30; This profile is private; id = 375380299
Error: error_code = 15; Access denied: user deactivated; id = 221675544
Error: error_code = 30; This profile is private; id = 541705825
Error: error_code = 15; Access denied: user deactivated; id = 249543112
Error: error_code = 15; Access denied: user deactivated; id = 398679192
Error: error_code = 30; This profile is private; id = 414452001
Error: error_code = 30; This profile is private; id = 938918
Error: error_code = 30; This profile is private; id = 8486855
Error: error_code = 30; This profile is private; id = 373400708
Error: error_code = 30; This profile is private; id = 551656224
Error: error_code = 30; This profile is private; id = 111224264
Error: error_code = 30; This profile is private; id = 709323551
Error: error_code = 15; Access denied: user deactivated; id = 220916238
Error: error_code = 30; This profile is private; id = 81009790
Error: error_code = 30; This profile is private; id = 2668367
Error: error_code = 15; Access denied: user deactivated; id = 215634644
Error: error_code = 30; This profile is private; id = 400495168
Error: error_code = 30; This profile is private; id = 538491190
Error: error_code = 30; This profile is private; id = 468968628
Error: error_code = 15; Access denied: user deactivated; id = 216073469
Error: error_code = 15; Access denied: user deactivated; id = 498967222
Error: error_code = 30; This profile is private; id = 1703231
Error: error_code = 30; This profile is private; id = 281435182
Error: error_code = 30; This profile is private; id = 9084396
Error: error_code = 30; This profile is private; id = 463813706
Error: error_code = 30; This profile is private; id = 381607018
Error: error_code = 30; This profile is private; id = 546561358
Error: error_code = 30; This profile is private; id = 668946456
Error: error_code = 30; This profile is private; id = 576154459
Error: error_code = 15; Access denied: user deactivated; id = 226886951
Error: error_code = 30; This profile is private; id = 137063765
Error: error_code = 30; This profile is private; id = 57171261
Error: error_code = 15; Access denied: user deactivated; id = 396174307
Error: error_code = 30; This profile is private; id = 137106240
Error: error_code = 30; This profile is private; id = 542588335
Error: error_code = 15; Access denied: user deactivated; id = 535299287
Error: error_code = 30; This profile is private; id = 4870101
Error: error_code = 30; This profile is private; id = 17180155
Error: error_code = 30; This profile is private; id = 18075806
Error: error_code = 15; Access denied: user deactivated; id = 434757530
Error: error_code = 30; This profile is private; id = 143643704
Error: error_code = 15; Access denied: user deactivated; id = 436922191
Error: error_code = 15; Access denied: user deactivated; id = 497604304
Error: error_code = 30; This profile is private; id = 50917211
Error: error_code = 30; This profile is private; id = 553665459
Error: error_code = 30; This profile is private; id = 581034863
Error: error_code = 30; This profile is private; id = 73406111
Error: error_code = 15; Access denied: user deactivated; id = 320180974
Error: error_code = 30; This profile is private; id = 464815941
Error: error_code = 15; Access denied: user deactivated; id = 138364594
Error: error_code = 30; This profile is private; id = 290640767
Error: error_code = 15; Access denied: user deactivated; id = 538300788
Error: error_code = 30; This profile is private; id = 320837435
Error: error_code = 15; Access denied: user deactivated; id = 114843899
Error: error_code = 30; This profile is private; id = 38932725
Error: error_code = 30; This profile is private; id = 250879483
Error: error_code = 15; Access denied: user deactivated; id = 255673597
Error: error_code = 30; This profile is private; id = 693183814
Error: error_code = 15; Access denied: user deactivated; id = 372217143
Error: error_code = 30; This profile is private; id = 4434250
Error: error_code = 15; Access denied: user deactivated; id = 339946491
Error: error_code = 30; This profile is private; id = 691781219
Error: error_code = 30; This profile is private; id = 552878185
Error: error_code = 15; Access denied: user deactivated; id = 463638171
Error: error_code = 30; This profile is private; id = 244074198
Error: error_code = 30; This profile is private; id = 439857951
Error: error_code = 15; Access denied: user deactivated; id = 71870431
Error: error_code = 30; This profile is private; id = 691524395
Error: error_code = 30; This profile is private; id = 538949601
Error: error_code = 30; This profile is private; id = 546882443
Error: error_code = 30; This profile is private; id = 565897200
Error: error_code = 15; Access denied: user deactivated; id = 50377317
Error: error_code = 30; This profile is private; id = 567787914
Error: error_code = 30; This profile is private; id = 677852452
Error: error_code = 30; This profile is private; id = 542571327
Error: error_code = 30; This profile is private; id = 480471744
Error: error_code = 30; This profile is private; id = 518386925
Error: error_code = 30; This profile is private; id = 182484629
Error: error_code = 30; This profile is private; id = 471540146
Error: error_code = 15; Access denied: user deactivated; id = 173575778
Error: error_code = 15; Access denied: user deactivated; id = 446730587
Error: error_code = 30; This profile is private; id = 649963451
Error: error_code = 30; This profile is private; id = 61872886
Error: error_code = 30; This profile is private; id = 412121661
Error: error_code = 30; This profile is private; id = 285470791
Error: error_code = 15; Access denied: user deactivated; id = 545427190
Error: error_code = 30; This profile is private; id = 214859061
Error: error_code = 30; This profile is private; id = 250558555
Error: error_code = 30; This profile is private; id = 144935773
Error: error_code = 30; This profile is private; id = 426294284
Error: error_code = 30; This profile is private; id = 601123834
Error: error_code = 15; Access denied: user deactivated; id = 245487825
Error: error_code = 30; This profile is private; id = 708680713
Error: error_code = 15; Access denied: user deactivated; id = 433835378
Error: error_code = 15; Access denied: user deactivated; id = 287926175
Error: error_code = 30; This profile is private; id = 83554191
Error: error_code = 30; This profile is private; id = 92311307
Error: error_code = 30; This profile is private; id = 426495569
Error: error_code = 30; This profile is private; id = 39271333
Error: error_code = 30; This profile is private; id = 10322185
Error: error_code = 30; This profile is private; id = 663855537
Error: error_code = 30; This profile is private; id = 190258478
Error: error_code = 30; This profile is private; id = 191232737
Error: error_code = 30; This profile is private; id = 456830838
Error: error_code = 15; Access denied: user deactivated; id = 410404410
Error: error_code = 30; This profile is private; id = 295785057
Error: error_code = 15; Access denied: user deactivated; id = 423660968
Error: error_code = 15; Access denied: user deactivated; id = 113258278
Error: error_code = 15; Access denied: user deactivated; id = 202313174
Error: error_code = 30; This profile is private; id = 19422887
Error: error_code = 15; Access denied: user deactivated; id = 106279653
Error: error_code = 15; Access denied: user deactivated; id = 29636544
Error: error_code = 15; Access denied: user deactivated; id = 218128939
Error: error_code = 30; This profile is private; id = 208045656
Error: error_code = 30; This profile is private; id = 377454851
Error: error_code = 15; Access denied: user deactivated; id = 542180696
Error: error_code = 30; This profile is private; id = 25370932
Error: error_code = 30; This profile is private; id = 502255976
Error: error_code = 30; This profile is private; id = 148930658
Error: error_code = 15; Access denied: user deactivated; id = 682699582
Error: error_code = 30; This profile is private; id = 688676081
Error: error_code = 30; This profile is private; id = 698653579
Error: error_code = 30; This profile is private; id = 65206083
Error: error_code = 30; This profile is private; id = 409651979
Error: error_code = 30; This profile is private; id = 68978008
Error: error_code = 15; Access denied: user deactivated; id = 544049043
Error: error_code = 15; Access denied: user deactivated; id = 178781317
Error: error_code = 15; Access denied: user deactivated; id = 280175816
Error: error_code = 30; This profile is private; id = 350593739
Error: error_code = 15; Access denied: user deactivated; id = 261099875
Error: error_code = 30; This profile is private; id = 209160321
Error: error_code = 30; This profile is private; id = 62385252
Error: error_code = 30; This profile is private; id = 79180550
Error: error_code = 30; This profile is private; id = 271811961
Error: error_code = 30; This profile is private; id = 641591
Error: error_code = 30; This profile is private; id = 438297313
Error: error_code = 15; Access denied: user deactivated; id = 513047295
Error: error_code = 30; This profile is private; id = 385031489
Error: error_code = 15; Access denied: user deactivated; id = 273404182
Error: error_code = 30; This profile is private; id = 151278796
Error: error_code = 30; This profile is private; id = 12849507
Error: error_code = 30; This profile is private; id = 544621091
Error: error_code = 30; This profile is private; id = 203082951
Error: error_code = 30; This profile is private; id = 20693207
Error: error_code = 30; This profile is private; id = 421687080
Error: error_code = 30; This profile is private; id = 142906982
Error: error_code = 15; Access denied: user deactivated; id = 398679972
Error: error_code = 30; This profile is private; id = 339759540
Error: error_code = 15; Access denied: user deactivated; id = 184623843
Error: error_code = 30; This profile is private; id = 281973121
Error: error_code = 15; Access denied: user deactivated; id = 387277727
Error: error_code = 30; This profile is private; id = 383000835
Error: error_code = 30; This profile is private; id = 704430854
Error: error_code = 30; This profile is private; id = 331477204
Error: error_code = 30; This profile is private; id = 253375723
Error: error_code = 15; Access denied: user deactivated; id = 144554650
Error: error_code = 30; This profile is private; id = 388866822
Error: error_code = 15; Access denied: user deactivated; id = 219137479
Error: error_code = 30; This profile is private; id = 136290311
Error: error_code = 15; Access denied: user deactivated; id = 186794295
Error: error_code = 30; This profile is private; id = 566529174
Error: error_code = 15; Access denied: user deactivated; id = 207673154
Error: error_code = 30; This profile is private; id = 185391960
Error: error_code = 30; This profile is private; id = 712218769
Error: error_code = 15; Access denied: user deactivated; id = 544699167
Error: error_code = 30; This profile is private; id = 301054145
Error: error_code = 30; This profile is private; id = 488774183
Error: error_code = 30; This profile is private; id = 589316039
Error: error_code = 15; Access denied: user deactivated; id = 213194369
Error: error_code = 15; Access denied: user deactivated; id = 279098902
Error: error_code = 30; This profile is private; id = 573281409
Error: error_code = 15; Access denied: user deactivated; id = 452484150
Error: error_code = 30; This profile is private; id = 459189559
Error: error_code = 30; This profile is private; id = 278412796
Error: error_code = 30; This profile is private; id = 94309692
Error: error_code = 30; This profile is private; id = 96329559
Error: error_code = 15; Access denied: user deactivated; id = 542034272
Error: error_code = 30; This profile is private; id = 543870040
Error: error_code = 30; This profile is private; id = 371248075
Error: error_code = 30; This profile is private; id = 288166050
Error: error_code = 15; Access denied: user deactivated; id = 468829335
Error: error_code = 15; Access denied: user deactivated; id = 673390078
Error: error_code = 30; This profile is private; id = 255274908
Error: error_code = 30; This profile is private; id = 558755799
Error: error_code = 30; This profile is private; id = 501117326
Error: error_code = 30; This profile is private; id = 121748554
Error: error_code = 15; Access denied: user deactivated; id = 340568911
Error: error_code = 15; Access denied: user deactivated; id = 382797733
Error: error_code = 30; This profile is private; id = 411895482
Error: error_code = 15; Access denied: user deactivated; id = 348305456
Error: error_code = 30; This profile is private; id = 419603933
Error: error_code = 30; This profile is private; id = 94843663
Error: error_code = 30; This profile is private; id = 138687340
Error: error_code = 15; Access denied: user deactivated; id = 197442581
Error: error_code = 15; Access denied: user deactivated; id = 405144739
Error: error_code = 30; This profile is private; id = 20034986
Error: error_code = 30; This profile is private; id = 217299314
Error: error_code = 30; This profile is private; id = 90069088
Error: error_code = 15; Access denied: user deactivated; id = 702537082
Error: error_code = 30; This profile is private; id = 411760079
Error: error_code = 15; Access denied: user deactivated; id = 602271053
Error: error_code = 15; Access denied: user deactivated; id = 183431949
Error: error_code = 30; This profile is private; id = 158840790
Error: error_code = 30; This profile is private; id = 125531930
Error: error_code = 30; This profile is private; id = 6691437
Error: error_code = 15; Access denied: user deactivated; id = 219638896
Error: error_code = 30; This profile is private; id = 385027365
Error: error_code = 30; This profile is private; id = 125840228
Error: error_code = 30; This profile is private; id = 316475775
Error: error_code = 30; This profile is private; id = 526819576
Error: error_code = 30; This profile is private; id = 83841325
Error: error_code = 30; This profile is private; id = 38002622
Error: error_code = 30; This profile is private; id = 376890012
Error: error_code = 30; This profile is private; id = 155939924
Error: error_code = 30; This profile is private; id = 576304557
Error: error_code = 15; Access denied: user deactivated; id = 547334168
Error: error_code = 30; This profile is private; id = 194139841
Error: error_code = 15; Access denied: user deactivated; id = 300057842
Error: error_code = 15; Access denied: user deactivated; id = 177836277
Error: error_code = 15; Access denied: user deactivated; id = 317417443
Error: error_code = 30; This profile is private; id = 160897456
Error: error_code = 30; This profile is private; id = 441443966
Error: error_code = 15; Access denied: user deactivated; id = 481054332
Error: error_code = 15; Access denied: user deactivated; id = 409636668
Error: error_code = 30; This profile is private; id = 46761514
Error: error_code = 30; This profile is private; id = 234762102
Error: error_code = 30; This profile is private; id = 581567999
Error: error_code = 15; Access denied: user deactivated; id = 217533949
Error: error_code = 30; This profile is private; id = 453446237
Error: error_code = 30; This profile is private; id = 215234377
Error: error_code = 30; This profile is private; id = 3070553
Error: error_code = 30; This profile is private; id = 457910873
Error: error_code = 30; This profile is private; id = 336847588
Error: error_code = 30; This profile is private; id = 578461396
Error: error_code = 15; Access denied: user deactivated; id = 429740423
Error: error_code = 15; Access denied: user deactivated; id = 540317037
Error: error_code = 15; Access denied: user deactivated; id = 572765385
Error: error_code = 30; This profile is private; id = 275329393
Error: error_code = 30; This profile is private; id = 302527384
Error: error_code = 30; This profile is private; id = 437801944
Error: error_code = 15; Access denied: user deactivated; id = 603488430
Error: error_code = 30; This profile is private; id = 15784054
Error: error_code = 30; This profile is private; id = 687066577
Error: error_code = 15; Access denied: user deactivated; id = 551405731
Error: error_code = 30; This profile is private; id = 643102210
Error: error_code = 30; This profile is private; id = 194248552
Error: error_code = 30; This profile is private; id = 341743887
Error: error_code = 30; This profile is private; id = 18358975
Error: error_code = 30; This profile is private; id = 185649237
Error: error_code = 15; Access denied: user deactivated; id = 429809168
Error: error_code = 30; This profile is private; id = 269959818
Error: error_code = 30; This profile is private; id = 669763276
Error: error_code = 30; This profile is private; id = 121846773
Error: error_code = 15; Access denied: user deactivated; id = 370179856
Error: error_code = 30; This profile is private; id = 362599635
Error: error_code = 30; This profile is private; id = 232911865
Error: error_code = 15; Access denied: user deactivated; id = 204391549
Error: error_code = 30; This profile is private; id = 233171501
Error: error_code = 15; Access denied: user deactivated; id = 22405002
Error: error_code = 30; This profile is private; id = 182910554
Error: error_code = 15; Access denied: user deactivated; id = 309408736
Error: error_code = 30; This profile is private; id = 238573548
Error: error_code = 30; This profile is private; id = 387149812
Error: error_code = 15; Access denied: user deactivated; id = 334971949
Error: error_code = 30; This profile is private; id = 2766637
Error: error_code = 30; This profile is private; id = 565260821
Error: error_code = 15; Access denied: user deactivated; id = 206613602
Error: error_code = 15; Access denied: user deactivated; id = 556522088
Error: error_code = 30; This profile is private; id = 2378196
Error: error_code = 30; This profile is private; id = 10939107
Error: error_code = 30; This profile is private; id = 673128196
Error: error_code = 30; This profile is private; id = 592170634
Error: error_code = 15; Access denied: user deactivated; id = 365866235
Error: error_code = 30; This profile is private; id = 153730424
Error: error_code = 30; This profile is private; id = 3203109
Error: error_code = 30; This profile is private; id = 436228841
Error: error_code = 15; Access denied: user deactivated; id = 265115184
Error: error_code = 15; Access denied: user deactivated; id = 237560782
Error: error_code = 30; This profile is private; id = 72284391
Error: error_code = 30; This profile is private; id = 647707230
Error: error_code = 30; This profile is private; id = 573515618
Error: error_code = 15; Access denied: user deactivated; id = 501818446
Error: error_code = 30; This profile is private; id = 402030587
Error: error_code = 15; Access denied: user deactivated; id = 355649683
Error: error_code = 30; This profile is private; id = 592045176
Error: error_code = 15; Access denied: user deactivated; id = 226669931
Error: error_code = 30; This profile is private; id = 173553985
Error: error_code = 15; Access denied: user deactivated; id = 276172298
Error: error_code = 30; This profile is private; id = 458180555
Error: error_code = 30; This profile is private; id = 539975438
Error: error_code = 15; Access denied: user deactivated; id = 561126431
Error: error_code = 30; This profile is private; id = 219271354
Error: error_code = 30; This profile is private; id = 574460127
Error: error_code = 15; Access denied: user deactivated; id = 397606840
Error: error_code = 30; This profile is private; id = 432189299
Error: error_code = 15; Access denied: user deactivated; id = 369508666
Error: error_code = 15; Access denied: user deactivated; id = 704504517
Error: error_code = 30; This profile is private; id = 666064868
Error: error_code = 30; This profile is private; id = 424145374
Error: error_code = 30; This profile is private; id = 135222500
Error: error_code = 30; This profile is private; id = 573340158
Error: error_code = 30; This profile is private; id = 428251069
Error: error_code = 30; This profile is private; id = 538887509
Error: error_code = 15; Access denied: user deactivated; id = 471818977
Error: error_code = 15; Access denied: user deactivated; id = 429427127
Error: error_code = 15; Access denied: user deactivated; id = 401940787
Error: error_code = 30; This profile is private; id = 561451964
Error: error_code = 30; This profile is private; id = 85987961
Error: error_code = 30; This profile is private; id = 647959087
Error: error_code = 30; This profile is private; id = 444128767
Error: error_code = 30; This profile is private; id = 42371524
Error: error_code = 30; This profile is private; id = 225659034
Error: error_code = 30; This profile is private; id = 8811613
Error: error_code = 30; This profile is private; id = 462097077
Error: error_code = 15; Access denied: user deactivated; id = 231144741
Error: error_code = 15; Access denied: user deactivated; id = 292538248
Error: error_code = 30; This profile is private; id = 362623874
Error: error_code = 15; Access denied: user deactivated; id = 583079179
Error: error_code = 30; This profile is private; id = 4801182
Error: error_code = 30; This profile is private; id = 152251329
Error: error_code = 15; Access denied: user deactivated; id = 419599820
Error: error_code = 30; This profile is private; id = 585548278
Error: error_code = 30; This profile is private; id = 26414016
Error: error_code = 30; This profile is private; id = 2491793
Error: error_code = 15; Access denied: user deactivated; id = 223891957
Error: error_code = 30; This profile is private; id = 583280987
Error: error_code = 30; This profile is private; id = 523712363
Error: error_code = 30; This profile is private; id = 347218636
Error: error_code = 30; This profile is private; id = 6140439
Error: error_code = 15; Access denied: user deactivated; id = 558350501
Error: error_code = 30; This profile is private; id = 210688344
Error: error_code = 30; This profile is private; id = 612895807
Error: error_code = 30; This profile is private; id = 424391355
Error: error_code = 15; Access denied: user deactivated; id = 210572015
Error: error_code = 30; This profile is private; id = 402725768
Error: error_code = 30; This profile is private; id = 268969040
Error: error_code = 30; This profile is private; id = 646953944
Error: error_code = 15; Access denied: user deactivated; id = 256230987
Error: error_code = 15; Access denied: user deactivated; id = 473230277
Error: error_code = 30; This profile is private; id = 304543772
Error: error_code = 30; This profile is private; id = 592477904
Error: error_code = 30; This profile is private; id = 380350929
Error: error_code = 30; This profile is private; id = 501656745
Error: error_code = 30; This profile is private; id = 344349590
Error: error_code = 30; This profile is private; id = 306405787
Error: error_code = 30; This profile is private; id = 552018399
Error: error_code = 15; Access denied: user deactivated; id = 173892945
Error: error_code = 30; This profile is private; id = 462553031
Error: error_code = 15; Access denied: user deactivated; id = 472311233
Error: error_code = 15; Access denied: user deactivated; id = 211887008
Error: error_code = 15; Access denied: user deactivated; id = 260756948
Error: error_code = 30; This profile is private; id = 121662218
Error: error_code = 30; This profile is private; id = 392772737
Error: error_code = 15; Access denied: user deactivated; id = 388200883
Error: error_code = 30; This profile is private; id = 192236305
Error: error_code = 30; This profile is private; id = 7096782
Error: error_code = 15; Access denied: user deactivated; id = 545160153
Error: error_code = 30; This profile is private; id = 469865860
Error: error_code = 30; This profile is private; id = 10598574
Error: error_code = 15; Access denied: user deactivated; id = 295548950
Error: error_code = 30; This profile is private; id = 373948128
Error: error_code = 30; This profile is private; id = 641079992
Error: error_code = 30; This profile is private; id = 168748574
Error: error_code = 15; Access denied: user deactivated; id = 348675414
Error: error_code = 30; This profile is private; id = 540618220
Error: error_code = 30; This profile is private; id = 544393028
Error: error_code = 30; This profile is private; id = 366087478
Error: error_code = 30; This profile is private; id = 529277166
Error: error_code = 15; Access denied: user deactivated; id = 148058032
Error: error_code = 30; This profile is private; id = 525668759
Error: error_code = 15; Access denied: user deactivated; id = 303556398
Error: error_code = 15; Access denied: user deactivated; id = 347278464
Error: error_code = 15; Access denied: user deactivated; id = 274293907
Error: error_code = 30; This profile is private; id = 256124959
Error: error_code = 30; This profile is private; id = 712904957
Error: error_code = 15; Access denied: user deactivated; id = 17279038
Error: error_code = 30; This profile is private; id = 51520862
Error: error_code = 30; This profile is private; id = 27088290
Error: error_code = 30; This profile is private; id = 323366907
Error: error_code = 30; This profile is private; id = 113398950
Error: error_code = 30; This profile is private; id = 712362125
Error: error_code = 15; Access denied: user deactivated; id = 414328762
Error: error_code = 30; This profile is private; id = 9145961
Error: error_code = 15; Access denied: user deactivated; id = 496885040
Error: error_code = 30; This profile is private; id = 58400110
Error: error_code = 30; This profile is private; id = 682766268
Error: error_code = 30; This profile is private; id = 716314418
Error: error_code = 30; This profile is private; id = 120436653
Error: error_code = 15; Access denied: user deactivated; id = 5301201
Error: error_code = 15; Access denied: user deactivated; id = 715763303
Error: error_code = 30; This profile is private; id = 11022065
Error: error_code = 30; This profile is private; id = 311586723
Error: error_code = 30; This profile is private; id = 714013503
Error: error_code = 30; This profile is private; id = 491685961
Error: error_code = 30; This profile is private; id = 420625035
Error: error_code = 15; Access denied: user deactivated; id = 397762961
Error: error_code = 30; This profile is private; id = 641614970
Error: error_code = 15; Access denied: user deactivated; id = 347025588
Error: error_code = 15; Access denied: user deactivated; id = 269588826
Error: error_code = 15; Access denied: user deactivated; id = 145452386
Error: error_code = 30; This profile is private; id = 578186512
Error: error_code = 30; This profile is private; id = 81386601
Error: error_code = 30; This profile is private; id = 445063090
Error: error_code = 30; This profile is private; id = 146689729
Error: error_code = 30; This profile is private; id = 124977535
Error: error_code = 30; This profile is private; id = 331687069
Error: error_code = 30; This profile is private; id = 321879955
Error: error_code = 30; This profile is private; id = 311255463
Error: error_code = 15; Access denied: user deactivated; id = 22313996
Error: error_code = 30; This profile is private; id = 495899571
Error: error_code = 30; This profile is private; id = 321521313
Error: error_code = 30; This profile is private; id = 400231646
Error: error_code = 30; This profile is private; id = 641143798
Error: error_code = 30; This profile is private; id = 683001727
Error: error_code = 30; This profile is private; id = 595495600
Error: error_code = 30; This profile is private; id = 453463867
Error: error_code = 15; Access denied: user deactivated; id = 572377693
Error: error_code = 15; Access denied: user deactivated; id = 564456580
Error: error_code = 30; This profile is private; id = 1204769
Error: error_code = 30; This profile is private; id = 552629197
Error: error_code = 30; This profile is private; id = 7156207
Error: error_code = 15; Access denied: user deactivated; id = 239583902
Error: error_code = 30; This profile is private; id = 274305860
Error: error_code = 15; Access denied: user deactivated; id = 256590692
Error: error_code = 30; This profile is private; id = 611378491
Error: error_code = 30; This profile is private; id = 462002065
Error: error_code = 30; This profile is private; id = 297183329
Error: error_code = 30; This profile is private; id = 552259679
Error: error_code = 30; This profile is private; id = 481318953
Error: error_code = 30; This profile is private; id = 535486100
Error: error_code = 15; Access denied: user deactivated; id = 347792855
Error: error_code = 30; This profile is private; id = 477742586
Error: error_code = 30; This profile is private; id = 31659320
Error: error_code = 30; This profile is private; id = 158559736
Error: error_code = 30; This profile is private; id = 4586087
Error: error_code = 15; Access denied: user deactivated; id = 73259044
Error: error_code = 30; This profile is private; id = 158201436
Error: error_code = 30; This profile is private; id = 473779541
Error: error_code = 30; This profile is private; id = 544684620
Error: error_code = 15; Access denied: user deactivated; id = 507473752
Error: error_code = 30; This profile is private; id = 55017198
Error: error_code = 30; This profile is private; id = 677147690
Error: error_code = 30; This profile is private; id = 2244324
Error: error_code = 15; Access denied: user deactivated; id = 538574448
Error: error_code = 30; This profile is private; id = 32736584
Error: error_code = 30; This profile is private; id = 78105480
Error: error_code = 15; Access denied: user deactivated; id = 518392527
Error: error_code = 30; This profile is private; id = 670276540
Error: error_code = 30; This profile is private; id = 496175814
Error: error_code = 15; Access denied: user deactivated; id = 150520065
Error: error_code = 15; Access denied: user deactivated; id = 197451420
Error: error_code = 30; This profile is private; id = 7174675
Error: error_code = 30; This profile is private; id = 270120086
Error: error_code = 30; This profile is private; id = 32980595
Error: error_code = 30; This profile is private; id = 335958555
Error: error_code = 15; Access denied: user deactivated; id = 259663483
Error: error_code = 15; Access denied: user deactivated; id = 180055465
Error: error_code = 15; Access denied: user deactivated; id = 161814552
Error: error_code = 30; This profile is private; id = 4799163
Error: error_code = 15; Access denied: user deactivated; id = 551975139
Error: error_code = 15; Access denied: user deactivated; id = 235835183
Error: error_code = 30; This profile is private; id = 4171609
Error: error_code = 30; This profile is private; id = 120673552
Error: error_code = 30; This profile is private; id = 703995784
Error: error_code = 30; This profile is private; id = 416111002
Error: error_code = 30; This profile is private; id = 231803875
Error: error_code = 30; This profile is private; id = 578538382
Error: error_code = 30; This profile is private; id = 135981885
Error: error_code = 15; Access denied: user deactivated; id = 305919924
Error: error_code = 15; Access denied: user deactivated; id = 516541273
Error: error_code = 30; This profile is private; id = 396991141
Error: error_code = 30; This profile is private; id = 267310592
Error: error_code = 15; Access denied: user deactivated; id = 239173487
Error: error_code = 15; Access denied: user deactivated; id = 336077116
Error: error_code = 30; This profile is private; id = 594063817
Error: error_code = 30; This profile is private; id = 712117170
Error: error_code = 15; Access denied: user deactivated; id = 548544547
Error: error_code = 30; This profile is private; id = 45657752
Error: error_code = 15; Access denied: user deactivated; id = 215685279
Error: error_code = 30; This profile is private; id = 520662094
Error: error_code = 30; This profile is private; id = 376407829
Error: error_code = 30; This profile is private; id = 450107450
Error: error_code = 30; This profile is private; id = 536052235
Error: error_code = 30; This profile is private; id = 300409299
Error: error_code = 30; This profile is private; id = 205880733
Error: error_code = 15; Access denied: user deactivated; id = 208002961
Error: error_code = 15; Access denied: user deactivated; id = 473420917
Error: error_code = 30; This profile is private; id = 233582236
Error: error_code = 30; This profile is private; id = 387265575
Error: error_code = 30; This profile is private; id = 710126053
Error: error_code = 30; This profile is private; id = 235201744
Error: error_code = 30; This profile is private; id = 550510797
Error: error_code = 30; This profile is private; id = 29798382
Error: error_code = 30; This profile is private; id = 99331277
Error: error_code = 15; Access denied: user deactivated; id = 189687989
Error: error_code = 30; This profile is private; id = 146798947
Error: error_code = 30; This profile is private; id = 590318861
Error: error_code = 30; This profile is private; id = 189368504
Error: error_code = 30; This profile is private; id = 506533850
Error: error_code = 30; This profile is private; id = 330340047
Error: error_code = 15; Access denied: user deactivated; id = 710120865
Error: error_code = 30; This profile is private; id = 446449142
Error: error_code = 30; This profile is private; id = 607628565
Error: error_code = 30; This profile is private; id = 183617351
Error: error_code = 30; This profile is private; id = 293999237
Error: error_code = 30; This profile is private; id = 66348403
Error: error_code = 15; Access denied: user deactivated; id = 626467733
Error: error_code = 30; This profile is private; id = 551150357
Error: error_code = 30; This profile is private; id = 565591513
Error: error_code = 30; This profile is private; id = 447750186
Error: error_code = 30; This profile is private; id = 640718039
Error: error_code = 30; This profile is private; id = 571206640
Error: error_code = 30; This profile is private; id = 670352207
Error: error_code = 30; This profile is private; id = 524775015
Error: error_code = 15; Access denied: user deactivated; id = 435208505
Error: error_code = 30; This profile is private; id = 657308747
Error: error_code = 30; This profile is private; id = 124777363
Error: error_code = 30; This profile is private; id = 86244566
Error: error_code = 30; This profile is private; id = 325295565
Error: error_code = 30; This profile is private; id = 496752857
Error: error_code = 30; This profile is private; id = 220127014
Error: error_code = 30; This profile is private; id = 712158950
Error: error_code = 30; This profile is private; id = 287764868
Error: error_code = 30; This profile is private; id = 94722807
Error: error_code = 30; This profile is private; id = 618283500
Error: error_code = 30; This profile is private; id = 223097961
Error: error_code = 30; This profile is private; id = 227497491
Error: error_code = 30; This profile is private; id = 134946219
Error: error_code = 30; This profile is private; id = 502564782
Error: error_code = 30; This profile is private; id = 213154389
Error: error_code = 15; Access denied: user deactivated; id = 320036141
Error: error_code = 15; Access denied: user deactivated; id = 584406872
Error: error_code = 15; Access denied: user deactivated; id = 404086559
Error: error_code = 30; This profile is private; id = 389684951
Error: error_code = 15; Access denied: user deactivated; id = 201985074
Error: error_code = 30; This profile is private; id = 217923085
Error: error_code = 30; This profile is private; id = 41826416
Error: error_code = 15; Access denied: user deactivated; id = 476634012
Error: error_code = 30; This profile is private; id = 172842068
Error: error_code = 30; This profile is private; id = 626514104
Error: error_code = 15; Access denied: user deactivated; id = 176368682
Error: error_code = 15; Access denied: user deactivated; id = 247528155
Error: error_code = 30; This profile is private; id = 472235351
Error: error_code = 30; This profile is private; id = 159566019
Error: error_code = 30; This profile is private; id = 188008583
Error: error_code = 15; Access denied: user deactivated; id = 555551273
Error: error_code = 30; This profile is private; id = 52347674
Error: error_code = 30; This profile is private; id = 142501696
Error: error_code = 15; Access denied: user deactivated; id = 261263945
Error: error_code = 30; This profile is private; id = 125531096
Error: error_code = 30; This profile is private; id = 232784843
Error: error_code = 15; Access denied: user deactivated; id = 361774729
Error: error_code = 30; This profile is private; id = 26238422
Error: error_code = 15; Access denied: user deactivated; id = 280459646
Error: error_code = 30; This profile is private; id = 154336708
Error: error_code = 15; Access denied: user deactivated; id = 397481473
Error: error_code = 30; This profile is private; id = 151829854
Error: error_code = 30; This profile is private; id = 653313537
Error: error_code = 30; This profile is private; id = 481308756
Error: error_code = 30; This profile is private; id = 171312252
Error: error_code = 15; Access denied: user deactivated; id = 181938348
Error: error_code = 15; Access denied: user deactivated; id = 324750656
Error: error_code = 30; This profile is private; id = 8318545
Error: error_code = 30; This profile is private; id = 239289543
Error: error_code = 30; This profile is private; id = 150407900
Error: error_code = 30; This profile is private; id = 332367291
Error: error_code = 15; Access denied: user deactivated; id = 237976965
Error: error_code = 30; This profile is private; id = 213285848
Error: error_code = 30; This profile is private; id = 504022964
Error: error_code = 30; This profile is private; id = 706325731
Error: error_code = 30; This profile is private; id = 58650180
Error: error_code = 30; This profile is private; id = 419975000
Error: error_code = 30; This profile is private; id = 118902417
Error: error_code = 30; This profile is private; id = 166779848
Error: error_code = 30; This profile is private; id = 625882224
Error: error_code = 30; This profile is private; id = 688234335
Error: error_code = 30; This profile is private; id = 594463203
Error: error_code = 15; Access denied: user deactivated; id = 342808042
Error: error_code = 30; This profile is private; id = 549078856
Error: error_code = 30; This profile is private; id = 416537828
Error: error_code = 30; This profile is private; id = 413862006
Error: error_code = 30; This profile is private; id = 649378985
Error: error_code = 30; This profile is private; id = 479314223
Error: error_code = 15; Access denied: user deactivated; id = 356251153
Error: error_code = 15; Access denied: user deactivated; id = 10170559
Error: error_code = 30; This profile is private; id = 90669507
Error: error_code = 30; This profile is private; id = 230197654
Error: error_code = 15; Access denied: user deactivated; id = 521075186
Error: error_code = 30; This profile is private; id = 604445608
Error: error_code = 30; This profile is private; id = 31424484
Error: error_code = 30; This profile is private; id = 659590901
Error: error_code = 30; This profile is private; id = 19959409
Error: error_code = 30; This profile is private; id = 246859770
Error: error_code = 15; Access denied: user deactivated; id = 462491877
Error: error_code = 30; This profile is private; id = 167398806
Error: error_code = 30; This profile is private; id = 160571750
Error: error_code = 30; This profile is private; id = 557969268
Error: error_code = 15; Access denied: user deactivated; id = 424760349
Error: error_code = 30; This profile is private; id = 448080326
Error: error_code = 30; This profile is private; id = 291635549
Error: error_code = 30; This profile is private; id = 658302703
Error: error_code = 30; This profile is private; id = 247034908
Error: error_code = 30; This profile is private; id = 211053177
Error: error_code = 30; This profile is private; id = 502754794
Error: error_code = 30; This profile is private; id = 601671839
Error: error_code = 30; This profile is private; id = 528970469
Error: error_code = 15; Access denied: user deactivated; id = 347636117
Error: error_code = 15; Access denied: user deactivated; id = 354297069
Error: error_code = 30; This profile is private; id = 542493424
Error: error_code = 30; This profile is private; id = 496514573
Error: error_code = 30; This profile is private; id = 581683436
Error: error_code = 30; This profile is private; id = 434860107
Error: error_code = 30; This profile is private; id = 296565667
Error: error_code = 30; This profile is private; id = 20416296
Error: error_code = 30; This profile is private; id = 333316615
Error: error_code = 30; This profile is private; id = 455830021
Error: error_code = 30; This profile is private; id = 1775
Error: error_code = 15; Access denied: user deactivated; id = 349028446
Error: error_code = 30; This profile is private; id = 524736574
Error: error_code = 30; This profile is private; id = 611132081
Error: error_code = 30; This profile is private; id = 431428832
Error: error_code = 30; This profile is private; id = 58977931
Error: error_code = 15; Access denied: user deactivated; id = 450251685
Error: error_code = 30; This profile is private; id = 330678805
Error: error_code = 30; This profile is private; id = 385442205
Error: error_code = 30; This profile is private; id = 454099188
Error: error_code = 30; This profile is private; id = 532538542
Error: error_code = 15; Access denied: user deactivated; id = 494637110
Error: error_code = 30; This profile is private; id = 193841605
Error: error_code = 15; Access denied: user deactivated; id = 23429395
Error: error_code = 15; Access denied: user deactivated; id = 59367188
Error: error_code = 30; This profile is private; id = 87710095
Error: error_code = 30; This profile is private; id = 241215161
Error: error_code = 30; This profile is private; id = 36259864
Error: error_code = 30; This profile is private; id = 11381149
Error: error_code = 30; This profile is private; id = 120153703
Error: error_code = 15; Access denied: user deactivated; id = 211706684
Error: error_code = 30; This profile is private; id = 669121246
Error: error_code = 30; This profile is private; id = 710755740
Error: error_code = 15; Access denied: user deactivated; id = 133418586
Error: error_code = 30; This profile is private; id = 515540806
Error: error_code = 30; This profile is private; id = 268992061
Error: error_code = 30; This profile is private; id = 632630352
Error: error_code = 30; This profile is private; id = 35704318
Error: error_code = 15; Access denied: user deactivated; id = 210025396
Error: error_code = 15; Access denied: user deactivated; id = 393178148
Error: error_code = 30; This profile is private; id = 277542564
Error: error_code = 30; This profile is private; id = 444879066
Error: error_code = 15; Access denied: user deactivated; id = 446591368
Error: error_code = 15; Access denied: user deactivated; id = 220725487
Error: error_code = 15; Access denied: user deactivated; id = 195980642
Error: error_code = 30; This profile is private; id = 191880582
Error: error_code = 30; This profile is private; id = 429397777
Error: error_code = 30; This profile is private; id = 263882321
Error: error_code = 15; Access denied: user deactivated; id = 393153860
Error: error_code = 30; This profile is private; id = 365875660
Error: error_code = 30; This profile is private; id = 175317110
Error: error_code = 15; Access denied: user deactivated; id = 103104663
Error: error_code = 30; This profile is private; id = 8464193
Error: error_code = 30; This profile is private; id = 670820583
Error: error_code = 30; This profile is private; id = 512231981
Error: error_code = 30; This profile is private; id = 635502014
Error: error_code = 15; Access denied: user deactivated; id = 433620420
Error: error_code = 30; This profile is private; id = 16387739
Error: error_code = 15; Access denied: user deactivated; id = 131681982
Error: error_code = 30; This profile is private; id = 63871227
Error: error_code = 30; This profile is private; id = 293646318
Error: error_code = 30; This profile is private; id = 512660480
Error: error_code = 30; This profile is private; id = 602819903
Error: error_code = 30; This profile is private; id = 172381778
Error: error_code = 30; This profile is private; id = 444696137
Error: error_code = 30; This profile is private; id = 31056069
Error: error_code = 30; This profile is private; id = 252562015
Error: error_code = 30; This profile is private; id = 45789778
Error: error_code = 30; This profile is private; id = 542999789
Error: error_code = 30; This profile is private; id = 380034799
Error: error_code = 30; This profile is private; id = 233718697
Error: error_code = 30; This profile is private; id = 13760810
Error: error_code = 30; This profile is private; id = 156949803
Error: error_code = 30; This profile is private; id = 517313717
Error: error_code = 30; This profile is private; id = 183620634
Error: error_code = 30; This profile is private; id = 458762135
Error: error_code = 15; Access denied: user deactivated; id = 432545534
Error: error_code = 15; Access denied: user deactivated; id = 223415631
Error: error_code = 30; This profile is private; id = 352763044
Error: error_code = 15; Access denied: user deactivated; id = 343968491
Error: error_code = 15; Access denied: user deactivated; id = 96130639
Error: error_code = 30; This profile is private; id = 226848482
Error: error_code = 15; Access denied: user deactivated; id = 209561692
Error: error_code = 15; Access denied: user deactivated; id = 430387223
Error: error_code = 15; Access denied: user deactivated; id = 455403355
Error: error_code = 30; This profile is private; id = 133903137
Error: error_code = 30; This profile is private; id = 361586161
Error: error_code = 30; This profile is private; id = 168455050
Error: error_code = 15; Access denied: user deactivated; id = 373532973
Error: error_code = 30; This profile is private; id = 4911327
Error: error_code = 30; This profile is private; id = 513265336
Error: error_code = 30; This profile is private; id = 626976048
Error: error_code = 30; This profile is private; id = 613566202
Error: error_code = 30; This profile is private; id = 530483190
Error: error_code = 15; Access denied: user deactivated; id = 446231696
Error: error_code = 30; This profile is private; id = 239372385
Error: error_code = 30; This profile is private; id = 173528411
Error: error_code = 15; Access denied: user deactivated; id = 201977080
Error: error_code = 15; Access denied: user deactivated; id = 356265170
Error: error_code = 15; Access denied: user deactivated; id = 295676508
Error: error_code = 30; This profile is private; id = 564924512
Error: error_code = 30; This profile is private; id = 145161577
Error: error_code = 15; Access denied: user deactivated; id = 232587050
Error: error_code = 30; This profile is private; id = 49546868
Error: error_code = 30; This profile is private; id = 16734839
Error: error_code = 30; This profile is private; id = 157272592
Error: error_code = 30; This profile is private; id = 262489192
Error: error_code = 30; This profile is private; id = 68906913
Error: error_code = 30; This profile is private; id = 351549319
Error: error_code = 30; This profile is private; id = 553364125
Error: error_code = 15; Access denied: user deactivated; id = 623510156
Error: error_code = 15; Access denied: user deactivated; id = 226835942
Error: error_code = 15; Access denied: user deactivated; id = 134790691
Error: error_code = 15; Access denied: user deactivated; id = 536446996
Error: error_code = 30; This profile is private; id = 643310949
Error: error_code = 30; This profile is private; id = 309250790
Error: error_code = 15; Access denied: user deactivated; id = 192761105
Error: error_code = 30; This profile is private; id = 699868506
Error: error_code = 30; This profile is private; id = 132939698
Error: error_code = 15; Access denied: user deactivated; id = 340366319
Error: error_code = 30; This profile is private; id = 228129631
Error: error_code = 30; This profile is private; id = 19041563
Error: error_code = 15; Access denied: user deactivated; id = 508130531
Error: error_code = 30; This profile is private; id = 546708602
Error: error_code = 30; This profile is private; id = 11890730
Error: error_code = 15; Access denied: user deactivated; id = 230627847
Error: error_code = 30; This profile is private; id = 704969907
Error: error_code = 30; This profile is private; id = 19185462
Error: error_code = 30; This profile is private; id = 505845322
Error: error_code = 30; This profile is private; id = 656990401
Error: error_code = 15; Access denied: user deactivated; id = 229426459
Error: error_code = 30; This profile is private; id = 560893160
Error: error_code = 30; This profile is private; id = 31454540
Error: error_code = 15; Access denied: user deactivated; id = 684263157
Error: error_code = 15; Access denied: user deactivated; id = 499363326
Error: error_code = 30; This profile is private; id = 552878140
Error: error_code = 30; This profile is private; id = 142712471
Error: error_code = 15; Access denied: user deactivated; id = 402121245
Error: error_code = 30; This profile is private; id = 195333978
Error: error_code = 30; This profile is private; id = 712090313
Error: error_code = 15; Access denied: user deactivated; id = 562506458
Error: error_code = 15; Access denied: user deactivated; id = 68609100
Error: error_code = 15; Access denied: user deactivated; id = 39806819
Error: error_code = 30; This profile is private; id = 544397489
Error: error_code = 30; This profile is private; id = 10471062
Error: error_code = 15; Access denied: user deactivated; id = 406068889
Error: error_code = 15; Access denied: user deactivated; id = 257722050
Error: error_code = 15; Access denied: user deactivated; id = 537678778
Error: error_code = 15; Access denied: user deactivated; id = 539272394
Error: error_code = 30; This profile is private; id = 164779475
Error: error_code = 30; This profile is private; id = 611391242
Error: error_code = 30; This profile is private; id = 36828684
Error: error_code = 30; This profile is private; id = 467599190
Error: error_code = 30; This profile is private; id = 411741196
Error: error_code = 15; Access denied: user deactivated; id = 230503990
Error: error_code = 30; This profile is private; id = 39600902
Error: error_code = 30; This profile is private; id = 136123976
Error: error_code = 30; This profile is private; id = 586780722
Error: error_code = 30; This profile is private; id = 193287868
Error: error_code = 30; This profile is private; id = 443015681
Error: error_code = 30; This profile is private; id = 457876763
Error: error_code = 15; Access denied: user deactivated; id = 573071316
Error: error_code = 30; This profile is private; id = 627587359
Error: error_code = 15; Access denied: user deactivated; id = 496070217
Error: error_code = 30; This profile is private; id = 169277916
Error: error_code = 30; This profile is private; id = 232166670
Error: error_code = 30; This profile is private; id = 22015069
Error: error_code = 15; Access denied: user deactivated; id = 451168253
Error: error_code = 30; This profile is private; id = 706175067
Error: error_code = 30; This profile is private; id = 103287142
Error: error_code = 30; This profile is private; id = 177004854
Error: error_code = 30; This profile is private; id = 592603064
Error: error_code = 30; This profile is private; id = 701978074
Error: error_code = 30; This profile is private; id = 345769636
Error: error_code = 30; This profile is private; id = 701726504
Error: error_code = 30; This profile is private; id = 563766854
Error: error_code = 30; This profile is private; id = 556271262
Error: error_code = 30; This profile is private; id = 119605952
Error: error_code = 30; This profile is private; id = 218794286
Error: error_code = 15; Access denied: user deactivated; id = 111885513
Error: error_code = 30; This profile is private; id = 532235163
Error: error_code = 30; This profile is private; id = 509547153
Error: error_code = 30; This profile is private; id = 639141973
Error: error_code = 30; This profile is private; id = 482773235
Error: error_code = 15; Access denied: user deactivated; id = 417132683
Error: error_code = 30; This profile is private; id = 141733379
Error: error_code = 30; This profile is private; id = 145181000
Error: error_code = 15; Access denied: user deactivated; id = 409852128
Error: error_code = 30; This profile is private; id = 106743641
Error: error_code = 15; Access denied: user deactivated; id = 339451968
Error: error_code = 30; This profile is private; id = 548411668
Error: error_code = 15; Access denied: user deactivated; id = 406062731
Error: error_code = 30; This profile is private; id = 298486877
Error: error_code = 15; Access denied: user deactivated; id = 230445799
Error: error_code = 30; This profile is private; id = 162798476
Error: error_code = 30; This profile is private; id = 61887779
Error: error_code = 30; This profile is private; id = 237925151
Error: error_code = 30; This profile is private; id = 2565505
Error: error_code = 30; This profile is private; id = 233826269
Error: error_code = 30; This profile is private; id = 647726234
Error: error_code = 30; This profile is private; id = 10696650
Error: error_code = 30; This profile is private; id = 559379889
Error: error_code = 30; This profile is private; id = 673114905
Error: error_code = 15; Access denied: user deactivated; id = 461803221
Error: error_code = 30; This profile is private; id = 640774447
Error: error_code = 30; This profile is private; id = 322266523
Error: error_code = 30; This profile is private; id = 504642327
Error: error_code = 30; This profile is private; id = 616993895
Error: error_code = 30; This profile is private; id = 499448013
Error: error_code = 30; This profile is private; id = 372723155
Error: error_code = 30; This profile is private; id = 681166489
Error: error_code = 30; This profile is private; id = 515921357
Error: error_code = 15; Access denied: user deactivated; id = 200487221
Error: error_code = 30; This profile is private; id = 461204943
Error: error_code = 30; This profile is private; id = 660122643
Error: error_code = 15; Access denied: user deactivated; id = 287342426
Error: error_code = 30; This profile is private; id = 139311491
Error: error_code = 30; This profile is private; id = 513864952
Error: error_code = 30; This profile is private; id = 210539224
Error: error_code = 30; This profile is private; id = 398441508
Error: error_code = 30; This profile is private; id = 396612349
Error: error_code = 30; This profile is private; id = 340540664
Error: error_code = 30; This profile is private; id = 42245321
Error: error_code = 30; This profile is private; id = 424802202
Error: error_code = 30; This profile is private; id = 296367903
Error: error_code = 15; Access denied: user deactivated; id = 251873020
Error: error_code = 15; Access denied: user deactivated; id = 329546000
Error: error_code = 15; Access denied: user deactivated; id = 176827532
Error: error_code = 15; Access denied: user deactivated; id = 362128651
Error: error_code = 30; This profile is private; id = 369729390
Error: error_code = 15; Access denied: user deactivated; id = 222781000
Error: error_code = 30; This profile is private; id = 67760687
Error: error_code = 15; Access denied: user deactivated; id = 501715600
Error: error_code = 30; This profile is private; id = 651598543
Error: error_code = 15; Access denied: user deactivated; id = 67637546
Error: error_code = 30; This profile is private; id = 169391266
Error: error_code = 30; This profile is private; id = 347267226
Error: error_code = 30; This profile is private; id = 4465159
Error: error_code = 15; Access denied: user deactivated; id = 604955852
Error: error_code = 30; This profile is private; id = 315938914
Error: error_code = 30; This profile is private; id = 347699483
Error: error_code = 30; This profile is private; id = 144682152
Error: error_code = 15; Access denied: user deactivated; id = 258253305
Error: error_code = 30; This profile is private; id = 230555208
Error: error_code = 30; This profile is private; id = 149245838
Error: error_code = 30; This profile is private; id = 704166289
Error: error_code = 30; This profile is private; id = 76778189
Error: error_code = 15; Access denied: user deactivated; id = 231516690
Error: error_code = 30; This profile is private; id = 6107915
Error: error_code = 30; This profile is private; id = 53797075
Error: error_code = 15; Access denied: user deactivated; id = 525881501
Error: error_code = 30; This profile is private; id = 683043298
Error: error_code = 30; This profile is private; id = 590832121
Error: error_code = 30; This profile is private; id = 413688965
Error: error_code = 30; This profile is private; id = 638243752
Error: error_code = 30; This profile is private; id = 54754117
Error: error_code = 15; Access denied: user deactivated; id = 220380126
Error: error_code = 15; Access denied: user deactivated; id = 526794411
Error: error_code = 15; Access denied: user deactivated; id = 11015881
Error: error_code = 30; This profile is private; id = 270435395
Error: error_code = 15; Access denied: user deactivated; id = 424398773
Error: error_code = 30; This profile is private; id = 327895620
Error: error_code = 30; This profile is private; id = 12094406
Error: error_code = 15; Access denied: user deactivated; id = 416394179
Error: error_code = 30; This profile is private; id = 655637327
Error: error_code = 30; This profile is private; id = 315021772
Error: error_code = 30; This profile is private; id = 103704654
Error: error_code = 30; This profile is private; id = 34270421
Error: error_code = 30; This profile is private; id = 554929264
Error: error_code = 30; This profile is private; id = 242647743
Error: error_code = 30; This profile is private; id = 135461331
Error: error_code = 30; This profile is private; id = 436826647
Error: error_code = 30; This profile is private; id = 506134877
Error: error_code = 15; Access denied: user deactivated; id = 28131869
Error: error_code = 15; Access denied: user deactivated; id = 138447994
Error: error_code = 30; This profile is private; id = 552456495
Error: error_code = 15; Access denied: user deactivated; id = 232782516
Error: error_code = 15; Access denied: user deactivated; id = 228075778
Error: error_code = 15; Access denied: user deactivated; id = 534097743
Error: error_code = 30; This profile is private; id = 643858427
Error: error_code = 30; This profile is private; id = 616731907
Error: error_code = 30; This profile is private; id = 178192016
Error: error_code = 30; This profile is private; id = 431769389
Error: error_code = 30; This profile is private; id = 4956427
Error: error_code = 30; This profile is private; id = 255855677
Error: error_code = 30; This profile is private; id = 559231800
Error: error_code = 30; This profile is private; id = 172155147
Error: error_code = 30; This profile is private; id = 363659209
Error: error_code = 30; This profile is private; id = 164951306
Error: error_code = 30; This profile is private; id = 44732671
Error: error_code = 30; This profile is private; id = 673433862
Error: error_code = 30; This profile is private; id = 440198903
Error: error_code = 30; This profile is private; id = 567172171
Error: error_code = 15; Access denied: user deactivated; id = 480852954
Error: error_code = 15; Access denied: user deactivated; id = 131749035
Error: error_code = 30; This profile is private; id = 334080415
Error: error_code = 30; This profile is private; id = 530451302
Error: error_code = 15; Access denied: user deactivated; id = 177781419
Error: error_code = 30; This profile is private; id = 703890810
Error: error_code = 30; This profile is private; id = 193638295
Error: error_code = 15; Access denied: user deactivated; id = 349915762
Error: error_code = 15; Access denied: user deactivated; id = 620594978
Error: error_code = 30; This profile is private; id = 192180522
Error: error_code = 30; This profile is private; id = 261249381
Error: error_code = 30; This profile is private; id = 87370902
Error: error_code = 15; Access denied: user deactivated; id = 498217685
Error: error_code = 15; Access denied: user deactivated; id = 682502146
Error: error_code = 30; This profile is private; id = 170105117
Error: error_code = 30; This profile is private; id = 276166795
Error: error_code = 15; Access denied: user deactivated; id = 62826341
Error: error_code = 30; This profile is private; id = 296081369
Error: error_code = 30; This profile is private; id = 195724908
Error: error_code = 30; This profile is private; id = 170553758
Error: error_code = 15; Access denied: user deactivated; id = 93215579
Error: error_code = 15; Access denied: user deactivated; id = 265641570
Error: error_code = 30; This profile is private; id = 254180102
Error: error_code = 30; This profile is private; id = 495779449
Error: error_code = 15; Access denied: user deactivated; id = 496229946
Error: error_code = 30; This profile is private; id = 146709780
Error: error_code = 30; This profile is private; id = 191963363
Error: error_code = 30; This profile is private; id = 7671535
Error: error_code = 30; This profile is private; id = 585672397
Error: error_code = 30; This profile is private; id = 398803336
Error: error_code = 15; Access denied: user deactivated; id = 296290421
Error: error_code = 15; Access denied: user deactivated; id = 209125461
Error: error_code = 15; Access denied: user deactivated; id = 237166976
Error: error_code = 15; Access denied: user deactivated; id = 188356782
Error: error_code = 30; This profile is private; id = 174444761
Error: error_code = 30; This profile is private; id = 614710311
Error: error_code = 15; Access denied: user deactivated; id = 211604156
Error: error_code = 15; Access denied: user deactivated; id = 403746289
Error: error_code = 15; Access denied: user deactivated; id = 15006344
Error: error_code = 30; This profile is private; id = 315587478
Error: error_code = 30; This profile is private; id = 365377458
Error: error_code = 15; Access denied: user deactivated; id = 535630844
Error: error_code = 15; Access denied: user deactivated; id = 13112152
Error: error_code = 30; This profile is private; id = 654936131
Error: error_code = 30; This profile is private; id = 134031769
Error: error_code = 30; This profile is private; id = 383018873
Error: error_code = 15; Access denied: user deactivated; id = 72641357
Error: error_code = 30; This profile is private; id = 193337604
Error: error_code = 30; This profile is private; id = 321570354
Error: error_code = 15; Access denied: user deactivated; id = 259700759
Error: error_code = 15; Access denied: user deactivated; id = 352392977
Error: error_code = 15; Access denied: user deactivated; id = 703218244
Error: error_code = 30; This profile is private; id = 532367250
Error: error_code = 30; This profile is private; id = 401169203
Error: error_code = 30; This profile is private; id = 560349767
Error: error_code = 30; This profile is private; id = 647116665
Error: error_code = 15; Access denied: user deactivated; id = 14593307
Error: error_code = 30; This profile is private; id = 6959257
Error: error_code = 30; This profile is private; id = 566262527
Error: error_code = 30; This profile is private; id = 29138574
Error: error_code = 15; Access denied: user deactivated; id = 221336637
Error: error_code = 15; Access denied: user deactivated; id = 206264384
Error: error_code = 15; Access denied: user deactivated; id = 184470151
Error: error_code = 30; This profile is private; id = 460343164
Error: error_code = 30; This profile is private; id = 191952360
Error: error_code = 30; This profile is private; id = 717183069
Error: error_code = 15; Access denied: user deactivated; id = 194919252
Error: error_code = 30; This profile is private; id = 201102583
Error: error_code = 30; This profile is private; id = 31384047
Error: error_code = 30; This profile is private; id = 370423362
Error: error_code = 30; This profile is private; id = 163951737
Error: error_code = 30; This profile is private; id = 283266191
Error: error_code = 30; This profile is private; id = 442229074
Error: error_code = 15; Access denied: user deactivated; id = 390545497
Error: error_code = 15; Access denied: user deactivated; id = 314386871
Error: error_code = 15; Access denied: user deactivated; id = 251038864
Error: error_code = 15; Access denied: user deactivated; id = 230481105
Error: error_code = 15; Access denied: user deactivated; id = 682698690
Error: error_code = 30; This profile is private; id = 51549481
Error: error_code = 30; This profile is private; id = 289140310
Error: error_code = 30; This profile is private; id = 596655682
Error: error_code = 15; Access denied: user deactivated; id = 402122711
Error: error_code = 30; This profile is private; id = 173113657
Error: error_code = 15; Access denied: user deactivated; id = 194109051
Error: error_code = 30; This profile is private; id = 689037510
Error: error_code = 15; Access denied: user deactivated; id = 244976939
Error: error_code = 30; This profile is private; id = 30788880
Error: error_code = 30; This profile is private; id = 571564933
Error: error_code = 15; Access denied: user deactivated; id = 180809698
Error: error_code = 30; This profile is private; id = 361470861
Error: error_code = 30; This profile is private; id = 618511541
Error: error_code = 30; This profile is private; id = 143436832
Error: error_code = 30; This profile is private; id = 598843453
Error: error_code = 30; This profile is private; id = 657381025
Error: error_code = 30; This profile is private; id = 386462508
Error: error_code = 30; This profile is private; id = 141969163
Error: error_code = 30; This profile is private; id = 648649509
Error: error_code = 15; Access denied: user deactivated; id = 566273902
Error: error_code = 30; This profile is private; id = 625429829
Error: error_code = 30; This profile is private; id = 23356104
Error: error_code = 15; Access denied: user deactivated; id = 423610656
Error: error_code = 30; This profile is private; id = 81106090
Error: error_code = 30; This profile is private; id = 702223745
Error: error_code = 30; This profile is private; id = 180044789
Error: error_code = 30; This profile is private; id = 414911343
Error: error_code = 30; This profile is private; id = 635030387
Error: error_code = 30; This profile is private; id = 42096413
Error: error_code = 30; This profile is private; id = 409278559
Error: error_code = 30; This profile is private; id = 509093649
Error: error_code = 30; This profile is private; id = 513551113
Error: error_code = 15; Access denied: user deactivated; id = 221143876
Error: error_code = 30; This profile is private; id = 12342885
Error: error_code = 30; This profile is private; id = 445193716
Error: error_code = 15; Access denied: user deactivated; id = 396573099
Error: error_code = 30; This profile is private; id = 666034059
Error: error_code = 15; Access denied: user deactivated; id = 132972617
Error: error_code = 15; Access denied: user deactivated; id = 401403514
Error: error_code = 30; This profile is private; id = 501274773
Error: error_code = 30; This profile is private; id = 410327867
Error: error_code = 30; This profile is private; id = 139671478
Error: error_code = 30; This profile is private; id = 530853429
Error: error_code = 30; This profile is private; id = 14412265
Error: error_code = 30; This profile is private; id = 30435783
Error: error_code = 30; This profile is private; id = 151600848
Error: error_code = 30; This profile is private; id = 69401556
Error: error_code = 30; This profile is private; id = 463141877
Error: error_code = 30; This profile is private; id = 14016921
Error: error_code = 15; Access denied: user deactivated; id = 530374968
Error: error_code = 15; Access denied: user deactivated; id = 705236250
Error: error_code = 30; This profile is private; id = 168883595
Error: error_code = 15; Access denied: user deactivated; id = 251740667
Error: error_code = 30; This profile is private; id = 7159209
Error: error_code = 30; This profile is private; id = 268231115
Error: error_code = 30; This profile is private; id = 59935122
Error: error_code = 15; Access denied: user deactivated; id = 331791727
Error: error_code = 30; This profile is private; id = 727619
Error: error_code = 30; This profile is private; id = 100800180
Error: error_code = 30; This profile is private; id = 601977748
Error: error_code = 30; This profile is private; id = 211438177
Error: error_code = 15; Access denied: user deactivated; id = 345824998
Error: error_code = 15; Access denied: user deactivated; id = 224691263
Error: error_code = 30; This profile is private; id = 525711867
Error: error_code = 15; Access denied: user deactivated; id = 400727223
Error: error_code = 30; This profile is private; id = 2215032
Error: error_code = 30; This profile is private; id = 260241455
Error: error_code = 30; This profile is private; id = 223023528
Error: error_code = 15; Access denied: user deactivated; id = 494682041
Error: error_code = 30; This profile is private; id = 590829365
Error: error_code = 30; This profile is private; id = 318120481
Error: error_code = 15; Access denied: user deactivated; id = 196784453
Error: error_code = 30; This profile is private; id = 466644677
Error: error_code = 30; This profile is private; id = 554851598
Error: error_code = 15; Access denied: user deactivated; id = 553624207
Error: error_code = 30; This profile is private; id = 558402136
Error: error_code = 30; This profile is private; id = 136243124
Error: error_code = 30; This profile is private; id = 583212855
Error: error_code = 30; This profile is private; id = 18680487
Error: error_code = 30; This profile is private; id = 45414419
Error: error_code = 30; This profile is private; id = 29776198
Error: error_code = 30; This profile is private; id = 680126897
Error: error_code = 30; This profile is private; id = 465271569
Error: error_code = 30; This profile is private; id = 455122543
Error: error_code = 30; This profile is private; id = 614529125
Error: error_code = 15; Access denied: user deactivated; id = 114209766
Error: error_code = 30; This profile is private; id = 465472811
Error: error_code = 30; This profile is private; id = 519805364
Error: error_code = 15; Access denied: user deactivated; id = 428474383
Error: error_code = 15; Access denied: user deactivated; id = 544918478
Error: error_code = 15; Access denied: user deactivated; id = 404491295
Error: error_code = 30; This profile is private; id = 415255940
Error: error_code = 15; Access denied: user deactivated; id = 434116166
Error: error_code = 15; Access denied: user deactivated; id = 529329039
Error: error_code = 30; This profile is private; id = 697712459
Error: error_code = 30; This profile is private; id = 409475541
Error: error_code = 30; This profile is private; id = 395011091
Error: error_code = 30; This profile is private; id = 308482907
Error: error_code = 30; This profile is private; id = 152640964
Error: error_code = 30; This profile is private; id = 41279254
Error: error_code = 15; Access denied: user deactivated; id = 683083917
Error: error_code = 30; This profile is private; id = 523872128
Error: error_code = 30; This profile is private; id = 566999894
Error: error_code = 15; Access denied: user deactivated; id = 379545541
Error: error_code = 30; This profile is private; id = 242178782
Error: error_code = 30; This profile is private; id = 684114737
Error: error_code = 30; This profile is private; id = 491345073
Error: error_code = 15; Access denied: user deactivated; id = 288428141
Error: error_code = 30; This profile is private; id = 105579140
Error: error_code = 30; This profile is private; id = 710513656
Error: error_code = 30; This profile is private; id = 548536423
Error: error_code = 15; Access denied: user deactivated; id = 217144440
Error: error_code = 15; Access denied: user deactivated; id = 608298751
Error: error_code = 30; This profile is private; id = 148116291
Error: error_code = 30; This profile is private; id = 594110167
Error: error_code = 30; This profile is private; id = 673191622
Error: error_code = 30; This profile is private; id = 3199360
Error: error_code = 30; This profile is private; id = 509360326
Error: error_code = 15; Access denied: user deactivated; id = 529348902
Error: error_code = 30; This profile is private; id = 601565517
Error: error_code = 30; This profile is private; id = 260978466
Error: error_code = 30; This profile is private; id = 7639777
Error: error_code = 30; This profile is private; id = 637741803
Error: error_code = 15; Access denied: user deactivated; id = 714365972
Error: error_code = 30; This profile is private; id = 169663953
Error: error_code = 15; Access denied: user deactivated; id = 349977448
Error: error_code = 15; Access denied: user deactivated; id = 530950418
Error: error_code = 30; This profile is private; id = 482541865
Error: error_code = 30; This profile is private; id = 593222217
Error: error_code = 30; This profile is private; id = 584896033
Error: error_code = 15; Access denied: user deactivated; id = 192850729
Error: error_code = 15; Access denied: user deactivated; id = 403596901
Error: error_code = 15; Access denied: user deactivated; id = 181525950
Error: error_code = 15; Access denied: user deactivated; id = 624521786
Error: error_code = 30; This profile is private; id = 425137726
Error: error_code = 15; Access denied: user deactivated; id = 262240751
Error: error_code = 15; Access denied: user deactivated; id = 308024573
Error: error_code = 30; This profile is private; id = 482011299
Error: error_code = 30; This profile is private; id = 255505984
Error: error_code = 30; This profile is private; id = 344424844
Error: error_code = 15; Access denied: user deactivated; id = 404278420
Error: error_code = 30; This profile is private; id = 148043235
Error: error_code = 15; Access denied: user deactivated; id = 619227385
Error: error_code = 30; This profile is private; id = 200020269
Error: error_code = 15; Access denied: user deactivated; id = 527916257
Error: error_code = 30; This profile is private; id = 189184800
Error: error_code = 30; This profile is private; id = 10249998
Error: error_code = 15; Access denied: user deactivated; id = 460070403
Error: error_code = 30; This profile is private; id = 120184616
Error: error_code = 30; This profile is private; id = 522235694
Error: error_code = 15; Access denied: user deactivated; id = 701309767
Error: error_code = 30; This profile is private; id = 158233561
Error: error_code = 15; Access denied: user deactivated; id = 215079911
Error: error_code = 15; Access denied: user deactivated; id = 92540473
Error: error_code = 15; Access denied: user deactivated; id = 396405467
Error: error_code = 30; This profile is private; id = 461817629
Error: error_code = 30; This profile is private; id = 712911754
Error: error_code = 15; Access denied: user deactivated; id = 347204191
Error: error_code = 15; Access denied: user deactivated; id = 227786661
Error: error_code = 30; This profile is private; id = 170278406
Error: error_code = 30; This profile is private; id = 186553559
Error: error_code = 30; This profile is private; id = 223197711
Error: error_code = 30; This profile is private; id = 11821337
Error: error_code = 30; This profile is private; id = 447744679
Error: error_code = 30; This profile is private; id = 179865745
Error: error_code = 15; Access denied: user deactivated; id = 434468525
Error: error_code = 15; Access denied: user deactivated; id = 344805132
Error: error_code = 30; This profile is private; id = 484688155
Error: error_code = 30; This profile is private; id = 569895173
Error: error_code = 15; Access denied: user deactivated; id = 206128523
Error: error_code = 30; This profile is private; id = 663857532
Error: error_code = 30; This profile is private; id = 61160818
Error: error_code = 15; Access denied: user deactivated; id = 456195
Error: error_code = 30; This profile is private; id = 484551616
Error: error_code = 30; This profile is private; id = 36241818
Error: error_code = 30; This profile is private; id = 6059691
Error: error_code = 30; This profile is private; id = 278721545
Error: error_code = 30; This profile is private; id = 334056704
Error: error_code = 15; Access denied: user deactivated; id = 401980637
Error: error_code = 30; This profile is private; id = 540714459
Error: error_code = 30; This profile is private; id = 30341172
Error: error_code = 30; This profile is private; id = 165239351
Error: error_code = 30; This profile is private; id = 553757033
Error: error_code = 30; This profile is private; id = 174014679
Error: error_code = 30; This profile is private; id = 617468993
Error: error_code = 30; This profile is private; id = 653222775
Error: error_code = 30; This profile is private; id = 158783047
Error: error_code = 30; This profile is private; id = 181207935
Error: error_code = 30; This profile is private; id = 623489978
Error: error_code = 30; This profile is private; id = 78787748
Error: error_code = 30; This profile is private; id = 701003221
Error: error_code = 30; This profile is private; id = 575095291
Error: error_code = 30; This profile is private; id = 612443136
Error: error_code = 30; This profile is private; id = 509050787
Error: error_code = 15; Access denied: user deactivated; id = 206012077
Error: error_code = 15; Access denied: user deactivated; id = 608736602
Error: error_code = 30; This profile is private; id = 352962482
Error: error_code = 30; This profile is private; id = 486984569
Error: error_code = 15; Access denied: user deactivated; id = 354983749
Error: error_code = 15; Access denied: user deactivated; id = 701313989
Error: error_code = 15; Access denied: user deactivated; id = 224034823
Error: error_code = 30; This profile is private; id = 237435516
Error: error_code = 30; This profile is private; id = 98144545
Error: error_code = 30; This profile is private; id = 645997393
Error: error_code = 30; This profile is private; id = 381975153
Error: error_code = 30; This profile is private; id = 547250236
Error: error_code = 30; This profile is private; id = 230474178
Error: error_code = 15; Access denied: user deactivated; id = 520398600
Error: error_code = 30; This profile is private; id = 436931998
Error: error_code = 30; This profile is private; id = 226306979
Error: error_code = 30; This profile is private; id = 480563233
Error: error_code = 30; This profile is private; id = 694611944
Error: error_code = 15; Access denied: user deactivated; id = 184481460
Error: error_code = 30; This profile is private; id = 182340842
Error: error_code = 30; This profile is private; id = 675612350
Error: error_code = 15; Access denied: user deactivated; id = 159919776
Error: error_code = 30; This profile is private; id = 613572582
Error: error_code = 30; This profile is private; id = 225704518
Error: error_code = 15; Access denied: user deactivated; id = 628630886
Error: error_code = 30; This profile is private; id = 542669687
Error: error_code = 30; This profile is private; id = 92542939
Error: error_code = 15; Access denied: user deactivated; id = 3210680
Error: error_code = 30; This profile is private; id = 289460287
Error: error_code = 30; This profile is private; id = 403711499
Error: error_code = 15; Access denied: user deactivated; id = 247243049
Error: error_code = 15; Access denied: user deactivated; id = 436867410
Error: error_code = 30; This profile is private; id = 143135773
Error: error_code = 30; This profile is private; id = 22083175
Error: error_code = 15; Access denied: user deactivated; id = 189087243
Error: error_code = 30; This profile is private; id = 333592525
Error: error_code = 15; Access denied: user deactivated; id = 476601436
Error: error_code = 30; This profile is private; id = 575275749
Error: error_code = 30; This profile is private; id = 217215825
Error: error_code = 15; Access denied: user deactivated; id = 539784636
Error: error_code = 15; Access denied: user deactivated; id = 237420176
Error: error_code = 30; This profile is private; id = 410405197
Error: error_code = 30; This profile is private; id = 703713152
Error: error_code = 30; This profile is private; id = 434854506
Error: error_code = 15; Access denied: user deactivated; id = 29570170
Error: error_code = 30; This profile is private; id = 311916931
Error: error_code = 15; Access denied: user deactivated; id = 175935856
Error: error_code = 15; Access denied: user deactivated; id = 231767086
Error: error_code = 30; This profile is private; id = 354624971
Error: error_code = 30; This profile is private; id = 585934075
Error: error_code = 30; This profile is private; id = 62269355
Error: error_code = 15; Access denied: user deactivated; id = 202098013
Error: error_code = 30; This profile is private; id = 157321117
Error: error_code = 30; This profile is private; id = 157865588
Error: error_code = 30; This profile is private; id = 619548647
Error: error_code = 15; Access denied: user deactivated; id = 652188595
Error: error_code = 30; This profile is private; id = 238933107
Error: error_code = 30; This profile is private; id = 703598479
Error: error_code = 30; This profile is private; id = 621107954
Error: error_code = 30; This profile is private; id = 502598492
Error: error_code = 15; Access denied: user deactivated; id = 569208421
Error: error_code = 30; This profile is private; id = 675125407
Error: error_code = 15; Access denied: user deactivated; id = 186522508
Error: error_code = 15; Access denied: user deactivated; id = 285270528
Error: error_code = 15; Access denied: user deactivated; id = 208840954
Error: error_code = 30; This profile is private; id = 668124255
Error: error_code = 30; This profile is private; id = 640183149
Error: error_code = 30; This profile is private; id = 259532161
Error: error_code = 30; This profile is private; id = 196477887
Error: error_code = 15; Access denied: user deactivated; id = 9354628
Error: error_code = 30; This profile is private; id = 676442505
Error: error_code = 30; This profile is private; id = 538801473
Error: error_code = 30; This profile is private; id = 45904488
Error: error_code = 30; This profile is private; id = 16675317
Error: error_code = 15; Access denied: user deactivated; id = 222225601
Error: error_code = 15; Access denied: user deactivated; id = 124274159
Error: error_code = 15; Access denied: user deactivated; id = 318286325
Error: error_code = 30; This profile is private; id = 688107781
Error: error_code = 15; Access denied: user deactivated; id = 436145130
Error: error_code = 30; This profile is private; id = 196775424
Error: error_code = 30; This profile is private; id = 14810536
Error: error_code = 30; This profile is private; id = 198094855
Error: error_code = 15; Access denied: user deactivated; id = 399616923
Error: error_code = 30; This profile is private; id = 480172829
Error: error_code = 15; Access denied: user deactivated; id = 297210801
Error: error_code = 15; Access denied: user deactivated; id = 84401251
Error: error_code = 30; This profile is private; id = 498011017
Error: error_code = 30; This profile is private; id = 57705512
Error: error_code = 30; This profile is private; id = 369947462
Error: error_code = 30; This profile is private; id = 535788079
Error: error_code = 15; Access denied: user deactivated; id = 356652768
Error: error_code = 15; Access denied: user deactivated; id = 219269712
Error: error_code = 30; This profile is private; id = 2637786
Error: error_code = 30; This profile is private; id = 166671424
Error: error_code = 30; This profile is private; id = 242897832
Error: error_code = 30; This profile is private; id = 470748292
Error: error_code = 30; This profile is private; id = 565401672
Error: error_code = 15; Access denied: user deactivated; id = 172886804
Error: error_code = 30; This profile is private; id = 707443986
Error: error_code = 30; This profile is private; id = 478568998
Error: error_code = 30; This profile is private; id = 388224271
Error: error_code = 30; This profile is private; id = 386337703
Error: error_code = 15; Access denied: user deactivated; id = 206875380
Error: error_code = 30; This profile is private; id = 500684358
Error: error_code = 15; Access denied: user deactivated; id = 702558983
Error: error_code = 30; This profile is private; id = 504546181
Error: error_code = 30; This profile is private; id = 262727185
Error: error_code = 30; This profile is private; id = 144329957
Error: error_code = 30; This profile is private; id = 92899987
Error: error_code = 15; Access denied: user deactivated; id = 224362629
Error: error_code = 30; This profile is private; id = 6288960
Error: error_code = 30; This profile is private; id = 58639032
Error: error_code = 30; This profile is private; id = 174716471
Error: error_code = 30; This profile is private; id = 501808600
Error: error_code = 30; This profile is private; id = 186034244
Error: error_code = 30; This profile is private; id = 161726695
Error: error_code = 30; This profile is private; id = 266912644
Error: error_code = 15; Access denied: user deactivated; id = 546341118
Error: error_code = 30; This profile is private; id = 567863948
Error: error_code = 15; Access denied: user deactivated; id = 365154161
Error: error_code = 15; Access denied: user deactivated; id = 201168134
Error: error_code = 15; Access denied: user deactivated; id = 431240861
Error: error_code = 30; This profile is private; id = 596426555
Error: error_code = 30; This profile is private; id = 271193430
Error: error_code = 30; This profile is private; id = 425146365
Error: error_code = 30; This profile is private; id = 483388692
Error: error_code = 30; This profile is private; id = 215341273
Error: error_code = 15; Access denied: user deactivated; id = 157321699
Error: error_code = 15; Access denied: user deactivated; id = 241365237
Error: error_code = 30; This profile is private; id = 520522811
Error: error_code = 30; This profile is private; id = 345849358
Error: error_code = 30; This profile is private; id = 320814660
Error: error_code = 15; Access denied: user deactivated; id = 538213329
Error: error_code = 30; This profile is private; id = 677174930
Error: error_code = 15; Access denied: user deactivated; id = 182295604
Error: error_code = 30; This profile is private; id = 444280707
Error: error_code = 30; This profile is private; id = 61050105
Error: error_code = 30; This profile is private; id = 238921112
Error: error_code = 30; This profile is private; id = 164284143
Error: error_code = 30; This profile is private; id = 107527956
Error: error_code = 15; Access denied: user deactivated; id = 281267989
Error: error_code = 30; This profile is private; id = 435859662
Error: error_code = 30; This profile is private; id = 11012159
Error: error_code = 15; Access denied: user deactivated; id = 278167923
Error: error_code = 30; This profile is private; id = 28092139
Error: error_code = 30; This profile is private; id = 132310094
Error: error_code = 30; This profile is private; id = 65442341
Error: error_code = 30; This profile is private; id = 230858017
Error: error_code = 30; This profile is private; id = 534515353
Error: error_code = 30; This profile is private; id = 524296470
Error: error_code = 15; Access denied: user deactivated; id = 540076822
Error: error_code = 15; Access denied: user deactivated; id = 197449702
Error: error_code = 30; This profile is private; id = 279736503
Error: error_code = 30; This profile is private; id = 510730439
Error: error_code = 30; This profile is private; id = 672648043
Error: error_code = 30; This profile is private; id = 564526974
Error: error_code = 30; This profile is private; id = 594151078
Error: error_code = 30; This profile is private; id = 307767899
Error: error_code = 30; This profile is private; id = 29210811
Error: error_code = 30; This profile is private; id = 410407023
Error: error_code = 15; Access denied: user deactivated; id = 539684566
Error: error_code = 30; This profile is private; id = 280192980
Error: error_code = 15; Access denied: user deactivated; id = 386693680
Error: error_code = 30; This profile is private; id = 219444526
Error: error_code = 30; This profile is private; id = 52174553
Error: error_code = 30; This profile is private; id = 506824705
Error: error_code = 30; This profile is private; id = 494136948
Error: error_code = 15; Access denied: user deactivated; id = 531547245
Error: error_code = 30; This profile is private; id = 151838095
Error: error_code = 30; This profile is private; id = 166716810
Error: error_code = 30; This profile is private; id = 543228255
Error: error_code = 30; This profile is private; id = 213625246
Error: error_code = 30; This profile is private; id = 3353342
Error: error_code = 30; This profile is private; id = 516364777
Error: error_code = 15; Access denied: user deactivated; id = 276018451
Error: error_code = 30; This profile is private; id = 134427301
Error: error_code = 30; This profile is private; id = 225970394
Error: error_code = 15; Access denied: user deactivated; id = 367507379
Error: error_code = 30; This profile is private; id = 20021576
Error: error_code = 30; This profile is private; id = 158370978
Error: error_code = 30; This profile is private; id = 91961454
Error: error_code = 15; Access denied: user deactivated; id = 529578615
Error: error_code = 30; This profile is private; id = 297202901
Error: error_code = 30; This profile is private; id = 1483925
Error: error_code = 15; Access denied: user deactivated; id = 137752545
Error: error_code = 15; Access denied: user deactivated; id = 24607012
Error: error_code = 30; This profile is private; id = 19500772
Error: error_code = 30; This profile is private; id = 171357112
Error: error_code = 30; This profile is private; id = 571532374
Error: error_code = 30; This profile is private; id = 649990622
Error: error_code = 30; This profile is private; id = 25383495
Error: error_code = 30; This profile is private; id = 377973624
Error: error_code = 15; Access denied: user deactivated; id = 91907057
Error: error_code = 15; Access denied: user deactivated; id = 350239234
Error: error_code = 30; This profile is private; id = 118313318
Error: error_code = 30; This profile is private; id = 565202815
Error: error_code = 30; This profile is private; id = 638286625
Error: error_code = 30; This profile is private; id = 646120617
Error: error_code = 30; This profile is private; id = 674875684
Error: error_code = 30; This profile is private; id = 232436706
Error: error_code = 30; This profile is private; id = 152339583
Error: error_code = 30; This profile is private; id = 123772572
Error: error_code = 30; This profile is private; id = 151669725
Error: error_code = 30; This profile is private; id = 541890093
Error: error_code = 15; Access denied: user deactivated; id = 521016861
Error: error_code = 15; Access denied: user deactivated; id = 516444521
Error: error_code = 15; Access denied: user deactivated; id = 577362107
Error: error_code = 30; This profile is private; id = 657556463
Error: error_code = 30; This profile is private; id = 597105479
Error: error_code = 15; Access denied: user deactivated; id = 433572452
Error: error_code = 30; This profile is private; id = 15210267
Error: error_code = 30; This profile is private; id = 181946392
Error: error_code = 30; This profile is private; id = 474344218
Error: error_code = 30; This profile is private; id = 5627331
Error: error_code = 30; This profile is private; id = 525773061
Error: error_code = 15; Access denied: user deactivated; id = 17010735
Error: error_code = 15; Access denied: user deactivated; id = 489113800
Error: error_code = 30; This profile is private; id = 513514092
Error: error_code = 30; This profile is private; id = 381083026
Error: error_code = 15; Access denied: user deactivated; id = 402707172
Error: error_code = 15; Access denied: user deactivated; id = 158412026
Error: error_code = 30; This profile is private; id = 696836117
Error: error_code = 15; Access denied: user deactivated; id = 8184710
Error: error_code = 30; This profile is private; id = 382511711
Error: error_code = 30; This profile is private; id = 160374727
Error: error_code = 15; Access denied: user deactivated; id = 510774244
Error: error_code = 30; This profile is private; id = 172087034
Error: error_code = 30; This profile is private; id = 216513815
Error: error_code = 15; Access denied: user deactivated; id = 669550398
Error: error_code = 30; This profile is private; id = 639634324
Error: error_code = 30; This profile is private; id = 158122111
Error: error_code = 30; This profile is private; id = 12442473
Error: error_code = 30; This profile is private; id = 506927223
Error: error_code = 30; This profile is private; id = 418061592
Error: error_code = 30; This profile is private; id = 633467276
Error: error_code = 15; Access denied: user deactivated; id = 361063137
Error: error_code = 30; This profile is private; id = 35324167
Error: error_code = 30; This profile is private; id = 75531957
Error: error_code = 15; Access denied: user deactivated; id = 540211799
Error: error_code = 30; This profile is private; id = 639604751
Error: error_code = 30; This profile is private; id = 515929866
Error: error_code = 15; Access denied: user deactivated; id = 241936051
Error: error_code = 30; This profile is private; id = 624052488
Error: error_code = 30; This profile is private; id = 132628662
Error: error_code = 30; This profile is private; id = 65246529
Error: error_code = 30; This profile is private; id = 532835775
Error: error_code = 30; This profile is private; id = 426817097
Error: error_code = 30; This profile is private; id = 334714800
Error: error_code = 30; This profile is private; id = 360827903
Error: error_code = 15; Access denied: user deactivated; id = 296334396
Error: error_code = 30; This profile is private; id = 53170203
Error: error_code = 15; Access denied: user deactivated; id = 198965147
Error: error_code = 30; This profile is private; id = 315087152
Error: error_code = 30; This profile is private; id = 454512846
Error: error_code = 30; This profile is private; id = 8662902
Error: error_code = 30; This profile is private; id = 3140439
Error: error_code = 30; This profile is private; id = 270216867
Error: error_code = 30; This profile is private; id = 330919174
Error: error_code = 15; Access denied: user deactivated; id = 413679291
Error: error_code = 30; This profile is private; id = 16353747
Error: error_code = 30; This profile is private; id = 254420170
Error: error_code = 30; This profile is private; id = 41591919
Error: error_code = 15; Access denied: user deactivated; id = 355356119
Error: error_code = 30; This profile is private; id = 523950827
Error: error_code = 15; Access denied: user deactivated; id = 628629476
Error: error_code = 30; This profile is private; id = 41176471
Error: error_code = 15; Access denied: user deactivated; id = 702279933
Error: error_code = 15; Access denied: user deactivated; id = 424653358
Error: error_code = 30; This profile is private; id = 25656396
Error: error_code = 30; This profile is private; id = 346196916
Error: error_code = 30; This profile is private; id = 35903282
Error: error_code = 30; This profile is private; id = 315798877
Error: error_code = 15; Access denied: user deactivated; id = 714833524
Error: error_code = 15; Access denied: user deactivated; id = 7036442
Error: error_code = 30; This profile is private; id = 258584733
Error: error_code = 30; This profile is private; id = 640009363
Error: error_code = 15; Access denied: user deactivated; id = 579319830
Error: error_code = 15; Access denied: user deactivated; id = 177089294
Error: error_code = 15; Access denied: user deactivated; id = 319538559
Error: error_code = 15; Access denied: user deactivated; id = 200032448
Error: error_code = 15; Access denied: user deactivated; id = 662215167
Error: error_code = 30; This profile is private; id = 394022729
Error: error_code = 15; Access denied: user deactivated; id = 595432357
Error: error_code = 15; Access denied: user deactivated; id = 50417982
Error: error_code = 15; Access denied: user deactivated; id = 59554493
Error: error_code = 30; This profile is private; id = 601646064
Error: error_code = 30; This profile is private; id = 636403003
Error: error_code = 15; Access denied: user deactivated; id = 652493459
Error: error_code = 30; This profile is private; id = 579785639
Error: error_code = 15; Access denied: user deactivated; id = 545841476
Error: error_code = 30; This profile is private; id = 17705328
Error: error_code = 30; This profile is private; id = 210281483
Error: error_code = 15; Access denied: user deactivated; id = 396338178
Error: error_code = 15; Access denied: user deactivated; id = 348959012
Error: error_code = 30; This profile is private; id = 661945241
Error: error_code = 30; This profile is private; id = 36049010
Error: error_code = 15; Access denied: user deactivated; id = 37912028
Error: error_code = 30; This profile is private; id = 241692342
Error: error_code = 30; This profile is private; id = 535092036
Error: error_code = 15; Access denied: user deactivated; id = 351855042
Error: error_code = 15; Access denied: user deactivated; id = 562028211
Error: error_code = 30; This profile is private; id = 571841661
Error: error_code = 30; This profile is private; id = 541839872
Error: error_code = 15; Access denied: user deactivated; id = 199645792
Error: error_code = 15; Access denied: user deactivated; id = 379728672
Error: error_code = 30; This profile is private; id = 49928505
Error: error_code = 30; This profile is private; id = 135741515
Error: error_code = 15; Access denied: user deactivated; id = 279137701
Error: error_code = 15; Access denied: user deactivated; id = 365734077
Error: error_code = 15; Access denied: user deactivated; id = 641704549
Error: error_code = 15; Access denied: user deactivated; id = 356315417
Error: error_code = 30; This profile is private; id = 697588258
Error: error_code = 15; Access denied: user deactivated; id = 269830040
Error: error_code = 30; This profile is private; id = 270276050
Error: error_code = 30; This profile is private; id = 676064936
Error: error_code = 30; This profile is private; id = 135756672
Error: error_code = 30; This profile is private; id = 40491867
Error: error_code = 30; This profile is private; id = 619512100
Error: error_code = 15; Access denied: user deactivated; id = 75555552
Error: error_code = 15; Access denied: user deactivated; id = 584970457
Error: error_code = 30; This profile is private; id = 330450939
Error: error_code = 30; This profile is private; id = 68568437
Error: error_code = 30; This profile is private; id = 517121977
Error: error_code = 15; Access denied: user deactivated; id = 672779290
Error: error_code = 30; This profile is private; id = 100371945
Error: error_code = 30; This profile is private; id = 688734201
Error: error_code = 30; This profile is private; id = 235921441
Error: error_code = 30; This profile is private; id = 628999080
Error: error_code = 30; This profile is private; id = 578837407
Error: error_code = 30; This profile is private; id = 607784759
Error: error_code = 30; This profile is private; id = 606315946
Error: error_code = 30; This profile is private; id = 155696743
Error: error_code = 15; Access denied: user deactivated; id = 577263864
Error: error_code = 30; This profile is private; id = 705553550
Error: error_code = 15; Access denied: user deactivated; id = 471856846
Error: error_code = 30; This profile is private; id = 329586019
Error: error_code = 30; This profile is private; id = 273891280
Error: error_code = 30; This profile is private; id = 617952100
Error: error_code = 15; Access denied: user deactivated; id = 16261165
Error: error_code = 30; This profile is private; id = 242834433
Error: error_code = 30; This profile is private; id = 634665594
Error: error_code = 30; This profile is private; id = 108632554
Error: error_code = 30; This profile is private; id = 563536638
Error: error_code = 30; This profile is private; id = 404917554
Error: error_code = 30; This profile is private; id = 92870409
Error: error_code = 15; Access denied: user deactivated; id = 530833713
Error: error_code = 30; This profile is private; id = 144616323
Error: error_code = 30; This profile is private; id = 600547792
Error: error_code = 15; Access denied: user deactivated; id = 345521392
Error: error_code = 30; This profile is private; id = 245141324
Error: error_code = 15; Access denied: user deactivated; id = 477137759
Error: error_code = 15; Access denied: user deactivated; id = 347299428
Error: error_code = 15; Access denied: user deactivated; id = 273243237
Error: error_code = 30; This profile is private; id = 94546219
Error: error_code = 15; Access denied: user deactivated; id = 215063733
Error: error_code = 30; This profile is private; id = 662927875
Error: error_code = 15; Access denied: user deactivated; id = 585316170
Error: error_code = 30; This profile is private; id = 536861084
Error: error_code = 30; This profile is private; id = 446434283
Error: error_code = 30; This profile is private; id = 264644037
Error: error_code = 15; Access denied: user deactivated; id = 174706111
Error: error_code = 30; This profile is private; id = 133980353
Error: error_code = 15; Access denied: user deactivated; id = 385388709
Error: error_code = 30; This profile is private; id = 448469657
Error: error_code = 30; This profile is private; id = 94431972
Error: error_code = 30; This profile is private; id = 518568633
Error: error_code = 30; This profile is private; id = 153105869
Error: error_code = 30; This profile is private; id = 576117793
Error: error_code = 30; This profile is private; id = 259172241
Error: error_code = 30; This profile is private; id = 631481896
Error: error_code = 30; This profile is private; id = 615829357
Error: error_code = 30; This profile is private; id = 590623323
Error: error_code = 15; Access denied: user deactivated; id = 475867929
Error: error_code = 30; This profile is private; id = 3613665
Error: error_code = 30; This profile is private; id = 675967165
Error: error_code = 30; This profile is private; id = 11263384
Error: error_code = 30; This profile is private; id = 684074240
Error: error_code = 15; Access denied: user deactivated; id = 230442033
Error: error_code = 30; This profile is private; id = 372184698
Error: error_code = 15; Access denied: user deactivated; id = 430656220
Error: error_code = 30; This profile is private; id = 180391245
Error: error_code = 30; This profile is private; id = 628563533
Error: error_code = 15; Access denied: user deactivated; id = 248585476
Error: error_code = 30; This profile is private; id = 683523941
Error: error_code = 30; This profile is private; id = 336724371
Error: error_code = 15; Access denied: user deactivated; id = 396362578
Error: error_code = 30; This profile is private; id = 580752952
Error: error_code = 15; Access denied: user deactivated; id = 539281758
Error: error_code = 30; This profile is private; id = 483308582
Error: error_code = 30; This profile is private; id = 28983633
Error: error_code = 30; This profile is private; id = 20068380
Error: error_code = 30; This profile is private; id = 331491538
Error: error_code = 30; This profile is private; id = 441078938
Error: error_code = 30; This profile is private; id = 90668366
Error: error_code = 30; This profile is private; id = 377174005
Error: error_code = 30; This profile is private; id = 203144470
Error: error_code = 30; This profile is private; id = 693506941
Error: error_code = 30; This profile is private; id = 507777127
Error: error_code = 30; This profile is private; id = 276667974
Error: error_code = 15; Access denied: user deactivated; id = 223876277
Error: error_code = 30; This profile is private; id = 33647444
Error: error_code = 15; Access denied: user deactivated; id = 451372366
Error: error_code = 15; Access denied: user deactivated; id = 138250604
Error: error_code = 15; Access denied: user deactivated; id = 27562814
Error: error_code = 15; Access denied: user deactivated; id = 206978224
Error: error_code = 30; This profile is private; id = 453834
Error: error_code = 30; This profile is private; id = 388387361
Error: error_code = 15; Access denied: user deactivated; id = 681985440
Error: error_code = 30; This profile is private; id = 285648468
Error: error_code = 15; Access denied: user deactivated; id = 498725714
Error: error_code = 30; This profile is private; id = 9694895
Error: error_code = 30; This profile is private; id = 12694595
Error: error_code = 30; This profile is private; id = 461822705
Error: error_code = 30; This profile is private; id = 143152105
Error: error_code = 30; This profile is private; id = 528803334
Error: error_code = 30; This profile is private; id = 666840439
Error: error_code = 15; Access denied: user deactivated; id = 3015320
Error: error_code = 30; This profile is private; id = 404969168
Error: error_code = 30; This profile is private; id = 7495196
Error: error_code = 30; This profile is private; id = 639376585
Error: error_code = 30; This profile is private; id = 620642421
Error: error_code = 30; This profile is private; id = 283105030
Error: error_code = 30; This profile is private; id = 158377816
Error: error_code = 30; This profile is private; id = 688396045
Error: error_code = 15; Access denied: user deactivated; id = 669266108
Error: error_code = 30; This profile is private; id = 49048843
Error: error_code = 15; Access denied: user deactivated; id = 2599073
Error: error_code = 30; This profile is private; id = 595856089
Error: error_code = 30; This profile is private; id = 581098572
Error: error_code = 15; Access denied: user deactivated; id = 73783382
Error: error_code = 30; This profile is private; id = 447447953
Error: error_code = 30; This profile is private; id = 41209961
Error: error_code = 30; This profile is private; id = 512780758
Error: error_code = 30; This profile is private; id = 192399703
Error: error_code = 15; Access denied: user deactivated; id = 364888661
Error: error_code = 15; Access denied: user deactivated; id = 429875221
Error: error_code = 30; This profile is private; id = 224534537
Error: error_code = 30; This profile is private; id = 541533963
Error: error_code = 30; This profile is private; id = 665623793
Error: error_code = 15; Access denied: user deactivated; id = 72114264
Error: error_code = 30; This profile is private; id = 132831813
Error: error_code = 30; This profile is private; id = 694951364
Error: error_code = 15; Access denied: user deactivated; id = 386192898
Error: error_code = 30; This profile is private; id = 132106444
Error: error_code = 30; This profile is private; id = 52097572
Error: error_code = 30; This profile is private; id = 151379734
Error: error_code = 30; This profile is private; id = 379003986
Error: error_code = 30; This profile is private; id = 431251296
Error: error_code = 30; This profile is private; id = 53426668
Error: error_code = 30; This profile is private; id = 352895798
Error: error_code = 15; Access denied: user deactivated; id = 399470992
Error: error_code = 15; Access denied: user deactivated; id = 331812543
Error: error_code = 30; This profile is private; id = 398167156
Error: error_code = 30; This profile is private; id = 393086289
Error: error_code = 30; This profile is private; id = 213372185
Error: error_code = 30; This profile is private; id = 539165341
Error: error_code = 30; This profile is private; id = 640607508
Error: error_code = 30; This profile is private; id = 241986021
Error: error_code = 30; This profile is private; id = 118724216
Error: error_code = 30; This profile is private; id = 355089364
Error: error_code = 15; Access denied: user deactivated; id = 499378278
Error: error_code = 15; Access denied: user deactivated; id = 63858136
Error: error_code = 30; This profile is private; id = 2035508
Error: error_code = 30; This profile is private; id = 438752877
Error: error_code = 15; Access denied: user deactivated; id = 159040064
Error: error_code = 30; This profile is private; id = 535620756
Error: error_code = 30; This profile is private; id = 521240296
Error: error_code = 30; This profile is private; id = 534530161
Error: error_code = 15; Access denied: user deactivated; id = 507440641
Error: error_code = 30; This profile is private; id = 228742883
Error: error_code = 15; Access denied: user deactivated; id = 250793292
Error: error_code = 30; This profile is private; id = 307377538
Error: error_code = 30; This profile is private; id = 230363116
Error: error_code = 30; This profile is private; id = 556103025
Error: error_code = 30; This profile is private; id = 488082656
Error: error_code = 30; This profile is private; id = 266244469
Error: error_code = 30; This profile is private; id = 232759183
Error: error_code = 30; This profile is private; id = 497102511
Error: error_code = 30; This profile is private; id = 706763478
Error: error_code = 30; This profile is private; id = 495916018
Error: error_code = 30; This profile is private; id = 578691416
Error: error_code = 30; This profile is private; id = 110151413
Error: error_code = 30; This profile is private; id = 184091884
Error: error_code = 15; Access denied: user deactivated; id = 221684896
Error: error_code = 30; This profile is private; id = 508939505
Error: error_code = 30; This profile is private; id = 154229642
Error: error_code = 30; This profile is private; id = 176947185
Error: error_code = 15; Access denied: user deactivated; id = 635084072
Error: error_code = 15; Access denied: user deactivated; id = 424376448
Error: error_code = 30; This profile is private; id = 506901468
Error: error_code = 30; This profile is private; id = 38343519
Error: error_code = 30; This profile is private; id = 421296199
Error: error_code = 30; This profile is private; id = 97209885
Error: error_code = 30; This profile is private; id = 276308260
Error: error_code = 30; This profile is private; id = 485779694
Error: error_code = 30; This profile is private; id = 348881311
Error: error_code = 30; This profile is private; id = 88968685
Error: error_code = 15; Access denied: user deactivated; id = 342785394
Error: error_code = 30; This profile is private; id = 246768242
Error: error_code = 15; Access denied: user deactivated; id = 598295475
Error: error_code = 30; This profile is private; id = 679997565
Error: error_code = 15; Access denied: user deactivated; id = 418769949
Error: error_code = 15; Access denied: user deactivated; id = 169325745
Error: error_code = 30; This profile is private; id = 497158650
Error: error_code = 30; This profile is private; id = 669351133
Error: error_code = 30; This profile is private; id = 491695031
Error: error_code = 15; Access denied: user deactivated; id = 142837815
Error: error_code = 30; This profile is private; id = 242923559
Error: error_code = 30; This profile is private; id = 563954898
Error: error_code = 15; Access denied: user deactivated; id = 193167945
Error: error_code = 30; This profile is private; id = 63234339
Error: error_code = 30; This profile is private; id = 268271918
Error: error_code = 30; This profile is private; id = 138972529
Error: error_code = 30; This profile is private; id = 670549171
Error: error_code = 15; Access denied: user deactivated; id = 271564164
Error: error_code = 15; Access denied: user deactivated; id = 367574725
Error: error_code = 30; This profile is private; id = 133240709
Error: error_code = 30; This profile is private; id = 651515669
Error: error_code = 30; This profile is private; id = 438077454
Error: error_code = 30; This profile is private; id = 674715041
Error: error_code = 30; This profile is private; id = 15746125
Error: error_code = 15; Access denied: user deactivated; id = 368930058
Error: error_code = 15; Access denied: user deactivated; id = 178969099
Error: error_code = 30; This profile is private; id = 635870854
Error: error_code = 15; Access denied: user deactivated; id = 62265724
Error: error_code = 30; This profile is private; id = 246671631
Error: error_code = 30; This profile is private; id = 348336267
Error: error_code = 15; Access denied: user deactivated; id = 422816940
Error: error_code = 30; This profile is private; id = 191545019
Error: error_code = 30; This profile is private; id = 422880912
Error: error_code = 30; This profile is private; id = 693126081
Error: error_code = 30; This profile is private; id = 279434439
Error: error_code = 15; Access denied: user deactivated; id = 615570266
Error: error_code = 30; This profile is private; id = 556218575
Error: error_code = 30; This profile is private; id = 45959234
Error: error_code = 30; This profile is private; id = 230395468
Error: error_code = 15; Access denied: user deactivated; id = 200979768
Error: error_code = 30; This profile is private; id = 145205551
Error: error_code = 30; This profile is private; id = 275589827
Error: error_code = 30; This profile is private; id = 139155843
Error: error_code = 15; Access denied: user deactivated; id = 481981485
Error: error_code = 15; Access denied: user deactivated; id = 544908043
Error: error_code = 15; Access denied: user deactivated; id = 429731438
Error: error_code = 30; This profile is private; id = 209579112
Error: error_code = 30; This profile is private; id = 283079613
Error: error_code = 15; Access denied: user deactivated; id = 288446301
Error: error_code = 30; This profile is private; id = 594641894
Error: error_code = 15; Access denied: user deactivated; id = 144027547
Error: error_code = 30; This profile is private; id = 518823684
Error: error_code = 15; Access denied: user deactivated; id = 70254961
Error: error_code = 30; This profile is private; id = 272541446
Error: error_code = 30; This profile is private; id = 623037925
Error: error_code = 30; This profile is private; id = 544780872
Error: error_code = 30; This profile is private; id = 225035160
Error: error_code = 30; This profile is private; id = 702640511
Error: error_code = 30; This profile is private; id = 132397070
Error: error_code = 15; Access denied: user deactivated; id = 314181688
Error: error_code = 30; This profile is private; id = 96630087
Error: error_code = 15; Access denied: user deactivated; id = 221697401
Error: error_code = 30; This profile is private; id = 316782256
Error: error_code = 30; This profile is private; id = 200028676
Error: error_code = 15; Access denied: user deactivated; id = 527427926
Error: error_code = 30; This profile is private; id = 611527323
Error: error_code = 30; This profile is private; id = 491324316
Error: error_code = 30; This profile is private; id = 611942111
Error: error_code = 15; Access denied: user deactivated; id = 549712318
Error: error_code = 30; This profile is private; id = 481642384
Error: error_code = 15; Access denied: user deactivated; id = 428509958
Error: error_code = 30; This profile is private; id = 44262659
Error: error_code = 30; This profile is private; id = 580758413
Error: error_code = 15; Access denied: user deactivated; id = 10628925
Error: error_code = 30; This profile is private; id = 73801542
Error: error_code = 15; Access denied: user deactivated; id = 222010641
Error: error_code = 30; This profile is private; id = 311459627
Error: error_code = 30; This profile is private; id = 213780660
Error: error_code = 30; This profile is private; id = 538310845
Error: error_code = 15; Access denied: user deactivated; id = 212547229
Error: error_code = 30; This profile is private; id = 164420233
Error: error_code = 15; Access denied: user deactivated; id = 491920991
Error: error_code = 15; Access denied: user deactivated; id = 2808125
Error: error_code = 30; This profile is private; id = 7801641
Error: error_code = 30; This profile is private; id = 674315470
Error: error_code = 30; This profile is private; id = 172147610
Error: error_code = 30; This profile is private; id = 2398987
Error: error_code = 15; Access denied: user deactivated; id = 490718031
Error: error_code = 30; This profile is private; id = 259327740
Error: error_code = 15; Access denied: user deactivated; id = 551498485
Error: error_code = 30; This profile is private; id = 360878236
Error: error_code = 15; Access denied: user deactivated; id = 244013644
Error: error_code = 15; Access denied: user deactivated; id = 29198352
Error: error_code = 30; This profile is private; id = 214408508
Error: error_code = 30; This profile is private; id = 220567133
Error: error_code = 15; Access denied: user deactivated; id = 209539130
Error: error_code = 30; This profile is private; id = 486668782
Error: error_code = 30; This profile is private; id = 101130088
Error: error_code = 15; Access denied: user deactivated; id = 223757863
Error: error_code = 30; This profile is private; id = 687711110
Error: error_code = 30; This profile is private; id = 633339538
Error: error_code = 15; Access denied: user deactivated; id = 464422961
Error: error_code = 15; Access denied: user deactivated; id = 647550864
Error: error_code = 15; Access denied: user deactivated; id = 536632052
Error: error_code = 30; This profile is private; id = 184807639
Error: error_code = 30; This profile is private; id = 139945166
Error: error_code = 30; This profile is private; id = 673226206
Error: error_code = 30; This profile is private; id = 144180716
Error: error_code = 30; This profile is private; id = 121213990
Error: error_code = 30; This profile is private; id = 448579436
Error: error_code = 15; Access denied: user deactivated; id = 349125328
Error: error_code = 15; Access denied: user deactivated; id = 494897312
Error: error_code = 30; This profile is private; id = 287259140
Error: error_code = 15; Access denied: user deactivated; id = 561161544
Error: error_code = 15; Access denied: user deactivated; id = 426062004
Error: error_code = 15; Access denied: user deactivated; id = 422854359
Error: error_code = 30; This profile is private; id = 41579435
Error: error_code = 30; This profile is private; id = 163887809
Error: error_code = 30; This profile is private; id = 501744642
Error: error_code = 30; This profile is private; id = 560992256
Error: error_code = 30; This profile is private; id = 614120124
Error: error_code = 30; This profile is private; id = 127276404
Error: error_code = 15; Access denied: user deactivated; id = 510728435
Error: error_code = 30; This profile is private; id = 19299618
Error: error_code = 30; This profile is private; id = 399072675
Error: error_code = 15; Access denied: user deactivated; id = 437983844
Error: error_code = 30; This profile is private; id = 15799617
Error: error_code = 15; Access denied: user deactivated; id = 268743678
Error: error_code = 30; This profile is private; id = 633818723
Error: error_code = 15; Access denied: user deactivated; id = 158435088
Error: error_code = 30; This profile is private; id = 612497875
Error: error_code = 30; This profile is private; id = 631532655
Error: error_code = 30; This profile is private; id = 24257842
Error: error_code = 30; This profile is private; id = 77980
Error: error_code = 30; This profile is private; id = 147784126
Error: error_code = 30; This profile is private; id = 451236646
Error: error_code = 30; This profile is private; id = 694668709
Error: error_code = 30; This profile is private; id = 275551687
Error: error_code = 30; This profile is private; id = 190705479
Error: error_code = 30; This profile is private; id = 4044314
Error: error_code = 30; This profile is private; id = 267469860
Error: error_code = 15; Access denied: user deactivated; id = 533708335
Error: error_code = 30; This profile is private; id = 101913662
Error: error_code = 15; Access denied: user deactivated; id = 584134555
Error: error_code = 30; This profile is private; id = 637016546
Error: error_code = 15; Access denied: user deactivated; id = 538196076
Error: error_code = 15; Access denied: user deactivated; id = 140520223
Error: error_code = 15; Access denied: user deactivated; id = 194462202
Error: error_code = 30; This profile is private; id = 138543461
Error: error_code = 30; This profile is private; id = 458444884
Error: error_code = 30; This profile is private; id = 521719026
Error: error_code = 15; Access denied: user deactivated; id = 497200169
Error: error_code = 30; This profile is private; id = 31438633
Error: error_code = 30; This profile is private; id = 141013481
Error: error_code = 30; This profile is private; id = 89054949
Error: error_code = 30; This profile is private; id = 700992053
Error: error_code = 30; This profile is private; id = 67405576
Error: error_code = 30; This profile is private; id = 251806130
Error: error_code = 15; Access denied: user deactivated; id = 217156337
Error: error_code = 30; This profile is private; id = 341975705
Error: error_code = 15; Access denied: user deactivated; id = 272496510
Error: error_code = 15; Access denied: user deactivated; id = 658208251
Error: error_code = 30; This profile is private; id = 250808379
Error: error_code = 15; Access denied: user deactivated; id = 192968167
Error: error_code = 15; Access denied: user deactivated; id = 85574502
Error: error_code = 15; Access denied: user deactivated; id = 195433706
Error: error_code = 15; Access denied: user deactivated; id = 675439202
Error: error_code = 30; This profile is private; id = 395364376
Error: error_code = 30; This profile is private; id = 697136155
Error: error_code = 15; Access denied: user deactivated; id = 436450596
Error: error_code = 30; This profile is private; id = 153185477
Error: error_code = 30; This profile is private; id = 510557471
Error: error_code = 15; Access denied: user deactivated; id = 227514200
Error: error_code = 30; This profile is private; id = 2014554
Error: error_code = 30; This profile is private; id = 595353827
Error: error_code = 30; This profile is private; id = 186258018
Error: error_code = 30; This profile is private; id = 80609169
Error: error_code = 30; This profile is private; id = 185940802
Error: error_code = 15; Access denied: user deactivated; id = 452270527
Error: error_code = 15; Access denied: user deactivated; id = 22068528
Error: error_code = 15; Access denied: user deactivated; id = 471284781
Error: error_code = 30; This profile is private; id = 314764506
Error: error_code = 15; Access denied: user deactivated; id = 163795436
Error: error_code = 30; This profile is private; id = 528269766
Error: error_code = 30; This profile is private; id = 188680635
Error: error_code = 15; Access denied: user deactivated; id = 427764865
Error: error_code = 30; This profile is private; id = 143328586
Error: error_code = 30; This profile is private; id = 105143033
Error: error_code = 30; This profile is private; id = 506347709
Error: error_code = 15; Access denied: user deactivated; id = 524399306
Error: error_code = 30; This profile is private; id = 52536066
Error: error_code = 30; This profile is private; id = 588820623
Error: error_code = 30; This profile is private; id = 425565977
Error: error_code = 30; This profile is private; id = 287968534
Error: error_code = 30; This profile is private; id = 174157341
Error: error_code = 15; Access denied: user deactivated; id = 401094743
Error: error_code = 30; This profile is private; id = 487721442
Error: error_code = 15; Access denied: user deactivated; id = 13412844
Error: error_code = 15; Access denied: user deactivated; id = 192705400
Error: error_code = 15; Access denied: user deactivated; id = 424536972
Error: error_code = 30; This profile is private; id = 586536539
Error: error_code = 30; This profile is private; id = 665614308
Error: error_code = 15; Access denied: user deactivated; id = 287660784
Error: error_code = 30; This profile is private; id = 319458001
Error: error_code = 30; This profile is private; id = 382533161
Error: error_code = 30; This profile is private; id = 137819438
Error: error_code = 30; This profile is private; id = 2322572
Error: error_code = 15; Access denied: user deactivated; id = 52553211
Error: error_code = 15; Access denied: user deactivated; id = 236260305
Error: error_code = 30; This profile is private; id = 269030455
Error: error_code = 15; Access denied: user deactivated; id = 204011688
Error: error_code = 15; Access denied: user deactivated; id = 168764472
Error: error_code = 15; Access denied: user deactivated; id = 270617807
Error: error_code = 30; This profile is private; id = 102281024
Error: error_code = 15; Access denied: user deactivated; id = 146065264
Error: error_code = 30; This profile is private; id = 66819210
Error: error_code = 30; This profile is private; id = 573335574
Error: error_code = 30; This profile is private; id = 34684492
Error: error_code = 15; Access denied: user deactivated; id = 421116892
Error: error_code = 15; Access denied: user deactivated; id = 293205942
Error: error_code = 30; This profile is private; id = 27082979
Error: error_code = 15; Access denied: user deactivated; id = 165417132
Error: error_code = 30; This profile is private; id = 478966549
Error: error_code = 15; Access denied: user deactivated; id = 387279649
Error: error_code = 15; Access denied: user deactivated; id = 677793024
Error: error_code = 30; This profile is private; id = 84264154
Error: error_code = 30; This profile is private; id = 450019612
Error: error_code = 30; This profile is private; id = 697438652
Error: error_code = 30; This profile is private; id = 546746341
Error: error_code = 15; Access denied: user deactivated; id = 208350409
Error: error_code = 30; This profile is private; id = 216127821
Error: error_code = 30; This profile is private; id = 704516383
Error: error_code = 15; Access denied: user deactivated; id = 454822305
Error: error_code = 30; This profile is private; id = 646237523
Error: error_code = 30; This profile is private; id = 52530134
Error: error_code = 30; This profile is private; id = 134668641
Error: error_code = 30; This profile is private; id = 479162890
Error: error_code = 30; This profile is private; id = 593848171
Error: error_code = 30; This profile is private; id = 206452530
Error: error_code = 30; This profile is private; id = 698140514
Error: error_code = 30; This profile is private; id = 56239588
Error: error_code = 30; This profile is private; id = 97436660
Error: error_code = 30; This profile is private; id = 177346910
Error: error_code = 30; This profile is private; id = 52521372
Error: error_code = 15; Access denied: user deactivated; id = 194533681
Error: error_code = 30; This profile is private; id = 619122957
Error: error_code = 30; This profile is private; id = 362884202
Error: error_code = 30; This profile is private; id = 689395796
Error: error_code = 30; This profile is private; id = 135181003
Error: error_code = 15; Access denied: user deactivated; id = 705433339
Error: error_code = 15; Access denied: user deactivated; id = 450733042
Error: error_code = 30; This profile is private; id = 713742353
Error: error_code = 30; This profile is private; id = 27444198
Error: error_code = 30; This profile is private; id = 700864726
Error: error_code = 30; This profile is private; id = 362212099
Error: error_code = 15; Access denied: user deactivated; id = 269712803
Error: error_code = 30; This profile is private; id = 51499350
Error: error_code = 30; This profile is private; id = 241345563
Error: error_code = 30; This profile is private; id = 470317946
Error: error_code = 15; Access denied: user deactivated; id = 230529124
Error: error_code = 30; This profile is private; id = 95190777
Error: error_code = 30; This profile is private; id = 648408570
Error: error_code = 15; Access denied: user deactivated; id = 395825897
Error: error_code = 30; This profile is private; id = 286968219
Error: error_code = 30; This profile is private; id = 44646
Error: error_code = 30; This profile is private; id = 467362183
Error: error_code = 30; This profile is private; id = 58264992
Error: error_code = 30; This profile is private; id = 401621746
Error: error_code = 30; This profile is private; id = 506956532
Error: error_code = 30; This profile is private; id = 375432624
Error: error_code = 30; This profile is private; id = 436551310
Error: error_code = 15; Access denied: user deactivated; id = 18738781
Error: error_code = 15; Access denied: user deactivated; id = 228051598
Error: error_code = 30; This profile is private; id = 195481326
Error: error_code = 15; Access denied: user deactivated; id = 413464303
Error: error_code = 30; This profile is private; id = 705001714
Error: error_code = 30; This profile is private; id = 355064196
Error: error_code = 30; This profile is private; id = 346533454
Error: error_code = 30; This profile is private; id = 325045980
Error: error_code = 30; This profile is private; id = 714587781
Error: error_code = 30; This profile is private; id = 363125761
Error: error_code = 30; This profile is private; id = 243384426
Error: error_code = 30; This profile is private; id = 49279965
Error: error_code = 15; Access denied: user deactivated; id = 674593696
Error: error_code = 15; Access denied: user deactivated; id = 536825781
Error: error_code = 30; This profile is private; id = 648117879
Error: error_code = 30; This profile is private; id = 470785943
Error: error_code = 30; This profile is private; id = 335713736
Error: error_code = 15; Access denied: user deactivated; id = 7798781
Error: error_code = 30; This profile is private; id = 477169844
Error: error_code = 30; This profile is private; id = 137354304
Error: error_code = 30; This profile is private; id = 634140364
Error: error_code = 15; Access denied: user deactivated; id = 374738648
Error: error_code = 30; This profile is private; id = 419595434
Error: error_code = 30; This profile is private; id = 538098247
Error: error_code = 30; This profile is private; id = 616968250
Error: error_code = 15; Access denied: user deactivated; id = 450489565
Error: error_code = 30; This profile is private; id = 431318569
Error: error_code = 30; This profile is private; id = 606058331
Error: error_code = 15; Access denied: user deactivated; id = 200175599
Error: error_code = 30; This profile is private; id = 668374234
Error: error_code = 30; This profile is private; id = 701695083
Error: error_code = 15; Access denied: user deactivated; id = 37850953
Error: error_code = 30; This profile is private; id = 254953657
Error: error_code = 30; This profile is private; id = 179973891
Error: error_code = 15; Access denied: user deactivated; id = 206134138
Error: error_code = 30; This profile is private; id = 439831844
Error: error_code = 30; This profile is private; id = 589090767
Error: error_code = 30; This profile is private; id = 229604700
Error: error_code = 30; This profile is private; id = 132410649
Error: error_code = 30; This profile is private; id = 60364431
Error: error_code = 30; This profile is private; id = 57933289
Error: error_code = 30; This profile is private; id = 386210786
Error: error_code = 30; This profile is private; id = 424082114
Error: error_code = 30; This profile is private; id = 140080235
Error: error_code = 30; This profile is private; id = 576178692
Error: error_code = 30; This profile is private; id = 555680320
Error: error_code = 30; This profile is private; id = 383454697
Error: error_code = 15; Access denied: user deactivated; id = 177273615
Error: error_code = 30; This profile is private; id = 124978525
Error: error_code = 30; This profile is private; id = 597512265
Error: error_code = 15; Access denied: user deactivated; id = 38375884
Error: error_code = 30; This profile is private; id = 501695172
Error: error_code = 30; This profile is private; id = 567744328
Error: error_code = 30; This profile is private; id = 556378057
Error: error_code = 15; Access denied: user deactivated; id = 15701867
Error: error_code = 15; Access denied: user deactivated; id = 258126491
Error: error_code = 30; This profile is private; id = 645168172
Error: error_code = 30; This profile is private; id = 643643376
Error: error_code = 30; This profile is private; id = 578194549
Error: error_code = 30; This profile is private; id = 140286528
Error: error_code = 15; Access denied: user deactivated; id = 364609387
Error: error_code = 30; This profile is private; id = 718494279
Error: error_code = 30; This profile is private; id = 563813483
Error: error_code = 15; Access denied: user deactivated; id = 427065993
Error: error_code = 30; This profile is private; id = 156542
Error: error_code = 15; Access denied: user deactivated; id = 114424649
Error: error_code = 15; Access denied: user deactivated; id = 351228864
Error: error_code = 15; Access denied: user deactivated; id = 84365321
Error: error_code = 30; This profile is private; id = 17877168
Error: error_code = 15; Access denied: user deactivated; id = 567302494
Error: error_code = 30; This profile is private; id = 200890935
Error: error_code = 30; This profile is private; id = 279864826
Error: error_code = 15; Access denied: user deactivated; id = 537414873
Error: error_code = 30; This profile is private; id = 324849641
Error: error_code = 30; This profile is private; id = 78807610
Error: error_code = 30; This profile is private; id = 213142484
Error: error_code = 30; This profile is private; id = 93542628
Error: error_code = 15; Access denied: user deactivated; id = 424498206
Error: error_code = 15; Access denied: user deactivated; id = 442213797
Error: error_code = 30; This profile is private; id = 583969111
Error: error_code = 30; This profile is private; id = 327719351
Error: error_code = 30; This profile is private; id = 246096260
Error: error_code = 30; This profile is private; id = 614609754
Error: error_code = 30; This profile is private; id = 511141962
Error: error_code = 15; Access denied: user deactivated; id = 218985386
Error: error_code = 30; This profile is private; id = 623629288
Error: error_code = 30; This profile is private; id = 10300454
Error: error_code = 30; This profile is private; id = 384460428
Error: error_code = 30; This profile is private; id = 120532922
Error: error_code = 30; This profile is private; id = 607787357
Error: error_code = 30; This profile is private; id = 259016244
Error: error_code = 30; This profile is private; id = 17725355
Error: error_code = 30; This profile is private; id = 607571137
Error: error_code = 30; This profile is private; id = 359827731
Error: error_code = 30; This profile is private; id = 488201525
Error: error_code = 15; Access denied: user deactivated; id = 433411720
Error: error_code = 30; This profile is private; id = 581638460
Error: error_code = 30; This profile is private; id = 486588582
Error: error_code = 30; This profile is private; id = 486464814
Error: error_code = 15; Access denied: user deactivated; id = 18760159
Error: error_code = 15; Access denied: user deactivated; id = 457556752
Error: error_code = 30; This profile is private; id = 509280604
Error: error_code = 30; This profile is private; id = 397506682
Error: error_code = 15; Access denied: user deactivated; id = 287238906
Error: error_code = 30; This profile is private; id = 534705594
Error: error_code = 30; This profile is private; id = 409881832
Error: error_code = 30; This profile is private; id = 651127445
Error: error_code = 15; Access denied: user deactivated; id = 35546157
Error: error_code = 30; This profile is private; id = 420240206
Error: error_code = 30; This profile is private; id = 122069986
Error: error_code = 15; Access denied: user deactivated; id = 262663362
Error: error_code = 30; This profile is private; id = 537526338
Error: error_code = 15; Access denied: user deactivated; id = 411279422
Error: error_code = 30; This profile is private; id = 36945847
Error: error_code = 15; Access denied: user deactivated; id = 267714353
Error: error_code = 15; Access denied: user deactivated; id = 498738334
Error: error_code = 30; This profile is private; id = 279748696
Error: error_code = 15; Access denied: user deactivated; id = 55659581
Error: error_code = 30; This profile is private; id = 616049142
Error: error_code = 30; This profile is private; id = 4230497
Error: error_code = 15; Access denied: user deactivated; id = 347824276
Error: error_code = 30; This profile is private; id = 623651708
Error: error_code = 15; Access denied: user deactivated; id = 170334490
Error: error_code = 30; This profile is private; id = 570331562
Error: error_code = 30; This profile is private; id = 611150159
Error: error_code = 15; Access denied: user deactivated; id = 550732657
Error: error_code = 30; This profile is private; id = 139350687
Error: error_code = 30; This profile is private; id = 304321998
Error: error_code = 15; Access denied: user deactivated; id = 137568477
Error: error_code = 30; This profile is private; id = 197987294
Error: error_code = 30; This profile is private; id = 246595154
Error: error_code = 15; Access denied: user deactivated; id = 211690965
Error: error_code = 30; This profile is private; id = 459908662
Error: error_code = 30; This profile is private; id = 510879494
Error: error_code = 30; This profile is private; id = 374205947
Error: error_code = 30; This profile is private; id = 192757668
Error: error_code = 30; This profile is private; id = 663787825
Error: error_code = 15; Access denied: user deactivated; id = 113372598
Error: error_code = 30; This profile is private; id = 576529950
Error: error_code = 15; Access denied: user deactivated; id = 170834876
Error: error_code = 30; This profile is private; id = 506953653
Error: error_code = 30; This profile is private; id = 59476265
Error: error_code = 30; This profile is private; id = 530260477
Error: error_code = 30; This profile is private; id = 134311226
Error: error_code = 30; This profile is private; id = 611525069
Error: error_code = 15; Access denied: user deactivated; id = 400431185
Error: error_code = 15; Access denied: user deactivated; id = 352243773
Error: error_code = 15; Access denied: user deactivated; id = 694594233
Error: error_code = 15; Access denied: user deactivated; id = 198563886
Error: error_code = 15; Access denied: user deactivated; id = 415465625
Error: error_code = 30; This profile is private; id = 520746762
Error: error_code = 15; Access denied: user deactivated; id = 437367312
Error: error_code = 30; This profile is private; id = 566342682
Error: error_code = 15; Access denied: user deactivated; id = 608013668
Error: error_code = 30; This profile is private; id = 72721667
Error: error_code = 30; This profile is private; id = 181294764
Error: error_code = 30; This profile is private; id = 526182
Error: error_code = 30; This profile is private; id = 562747055
Error: error_code = 30; This profile is private; id = 537258674
Error: error_code = 30; This profile is private; id = 657954993
Error: error_code = 15; Access denied: user deactivated; id = 23690775
Error: error_code = 30; This profile is private; id = 168901947
Error: error_code = 30; This profile is private; id = 161503505
Error: error_code = 30; This profile is private; id = 622988377
Error: error_code = 30; This profile is private; id = 19324164
Error: error_code = 30; This profile is private; id = 493630379
Error: error_code = 30; This profile is private; id = 123615525
Error: error_code = 30; This profile is private; id = 44801254
Error: error_code = 15; Access denied: user deactivated; id = 597865410
Error: error_code = 30; This profile is private; id = 296647491
Error: error_code = 30; This profile is private; id = 75059155
Error: error_code = 15; Access denied: user deactivated; id = 542988136
Error: error_code = 30; This profile is private; id = 331215935
Error: error_code = 30; This profile is private; id = 4684879
Error: error_code = 15; Access denied: user deactivated; id = 690546339
Error: error_code = 30; This profile is private; id = 475325968
Error: error_code = 15; Access denied: user deactivated; id = 119510653
Error: error_code = 15; Access denied: user deactivated; id = 55717611
Error: error_code = 30; This profile is private; id = 84253311
Error: error_code = 15; Access denied: user deactivated; id = 323737617
Error: error_code = 30; This profile is private; id = 606114808
Error: error_code = 30; This profile is private; id = 150616574
Error: error_code = 15; Access denied: user deactivated; id = 221998923
Error: error_code = 30; This profile is private; id = 301993436
Error: error_code = 30; This profile is private; id = 573298713
Error: error_code = 30; This profile is private; id = 292526494
Error: error_code = 30; This profile is private; id = 5801813
Error: error_code = 15; Access denied: user deactivated; id = 514219576
Error: error_code = 30; This profile is private; id = 221714573
Error: error_code = 30; This profile is private; id = 502789
Error: error_code = 30; This profile is private; id = 207694916
Error: error_code = 30; This profile is private; id = 379983190
Error: error_code = 30; This profile is private; id = 156912379
Error: error_code = 30; This profile is private; id = 444690242
Error: error_code = 15; Access denied: user deactivated; id = 339946896
Error: error_code = 15; Access denied: user deactivated; id = 435879297
Error: error_code = 30; This profile is private; id = 670986334
Error: error_code = 15; Access denied: user deactivated; id = 4344032
Error: error_code = 30; This profile is private; id = 602893933
Error: error_code = 30; This profile is private; id = 655836213
Error: error_code = 30; This profile is private; id = 308266144
Error: error_code = 15; Access denied: user deactivated; id = 450697680
Error: error_code = 30; This profile is private; id = 41443578
Error: error_code = 30; This profile is private; id = 556198447
Error: error_code = 30; This profile is private; id = 143549178
Error: error_code = 15; Access denied: user deactivated; id = 624270853
Error: error_code = 30; This profile is private; id = 136580474
Error: error_code = 30; This profile is private; id = 137864783
Error: error_code = 15; Access denied: user deactivated; id = 702541601
Error: error_code = 30; This profile is private; id = 60512541
Error: error_code = 30; This profile is private; id = 9910732
Error: error_code = 15; Access denied: user deactivated; id = 314798254
Error: error_code = 15; Access denied: user deactivated; id = 681028794
Error: error_code = 15; Access denied: user deactivated; id = 715191733
Error: error_code = 15; Access denied: user deactivated; id = 27369265
Error: error_code = 15; Access denied: user deactivated; id = 706404231
Error: error_code = 30; This profile is private; id = 2423649
Error: error_code = 15; Access denied: user deactivated; id = 306983239
Error: error_code = 30; This profile is private; id = 347987973
Error: error_code = 30; This profile is private; id = 498840273
Error: error_code = 15; Access denied: user deactivated; id = 194217842
Error: error_code = 30; This profile is private; id = 343204395
Error: error_code = 15; Access denied: user deactivated; id = 353307310
Error: error_code = 15; Access denied: user deactivated; id = 531617827
Error: error_code = 15; Access denied: user deactivated; id = 309870238
Error: error_code = 30; This profile is private; id = 606399575
Error: error_code = 30; This profile is private; id = 428213103
Error: error_code = 30; This profile is private; id = 256044660
Error: error_code = 30; This profile is private; id = 310886429
Error: error_code = 30; This profile is private; id = 12539216
Error: error_code = 30; This profile is private; id = 686345063
Error: error_code = 15; Access denied: user deactivated; id = 22650898
Error: error_code = 30; This profile is private; id = 559001823
Error: error_code = 15; Access denied: user deactivated; id = 139636087
Error: error_code = 30; This profile is private; id = 345471340
Error: error_code = 15; Access denied: user deactivated; id = 495640681
Error: error_code = 15; Access denied: user deactivated; id = 532202492
Error: error_code = 30; This profile is private; id = 1474927
Error: error_code = 15; Access denied: user deactivated; id = 378691313
Error: error_code = 30; This profile is private; id = 122585277
Error: error_code = 30; This profile is private; id = 476271247
Error: error_code = 30; This profile is private; id = 384738010
Error: error_code = 30; This profile is private; id = 550893065
Error: error_code = 30; This profile is private; id = 298425217
Error: error_code = 15; Access denied: user deactivated; id = 397607236
Error: error_code = 15; Access denied: user deactivated; id = 670316503
Error: error_code = 30; This profile is private; id = 161704905
Error: error_code = 30; This profile is private; id = 10009872
Error: error_code = 15; Access denied: user deactivated; id = 184867095
Error: error_code = 30; This profile is private; id = 660057600
Error: error_code = 30; This profile is private; id = 446838674
Error: error_code = 15; Access denied: user deactivated; id = 492620640
Error: error_code = 30; This profile is private; id = 533548872
Error: error_code = 15; Access denied: user deactivated; id = 306568387
Error: error_code = 15; Access denied: user deactivated; id = 221737661
Error: error_code = 30; This profile is private; id = 706120838
Error: error_code = 30; This profile is private; id = 281246879
Error: error_code = 30; This profile is private; id = 696816694
Error: error_code = 30; This profile is private; id = 97054232
Error: error_code = 30; This profile is private; id = 342308350
Error: error_code = 30; This profile is private; id = 161991830
Error: error_code = 30; This profile is private; id = 476854172
Error: error_code = 15; Access denied: user deactivated; id = 425775689
Error: error_code = 15; Access denied: user deactivated; id = 647861287
Error: error_code = 30; This profile is private; id = 494015760
Error: error_code = 30; This profile is private; id = 423601497
Error: error_code = 30; This profile is private; id = 29055694
Error: error_code = 15; Access denied: user deactivated; id = 531946813
Error: error_code = 30; This profile is private; id = 25812758
Error: error_code = 30; This profile is private; id = 576277969
Error: error_code = 30; This profile is private; id = 286903976
Error: error_code = 30; This profile is private; id = 387095646
Error: error_code = 15; Access denied: user deactivated; id = 275448942
Error: error_code = 30; This profile is private; id = 211997494
Error: error_code = 30; This profile is private; id = 172295349
Error: error_code = 30; This profile is private; id = 666808615
Error: error_code = 30; This profile is private; id = 86342741
Error: error_code = 30; This profile is private; id = 85070541
Error: error_code = 30; This profile is private; id = 710794105
Error: error_code = 30; This profile is private; id = 582805589
Error: error_code = 15; Access denied: user deactivated; id = 413215874
Error: error_code = 30; This profile is private; id = 703170859
Error: error_code = 30; This profile is private; id = 655723372
Error: error_code = 30; This profile is private; id = 412152163
Error: error_code = 30; This profile is private; id = 517014862
Error: error_code = 15; Access denied: user deactivated; id = 688757359
Error: error_code = 30; This profile is private; id = 301159028
Error: error_code = 30; This profile is private; id = 11655224
Error: error_code = 30; This profile is private; id = 523059867
Error: error_code = 30; This profile is private; id = 332125834
Error: error_code = 15; Access denied: user deactivated; id = 366847038
Error: error_code = 30; This profile is private; id = 562434011
Error: error_code = 15; Access denied: user deactivated; id = 309908212
Error: error_code = 30; This profile is private; id = 393231489
Error: error_code = 30; This profile is private; id = 616566389
Error: error_code = 30; This profile is private; id = 531173874
Error: error_code = 30; This profile is private; id = 191717128
Error: error_code = 30; This profile is private; id = 665749593
Error: error_code = 30; This profile is private; id = 663450040
Error: error_code = 30; This profile is private; id = 472890439
Error: error_code = 15; Access denied: user deactivated; id = 174474034
Error: error_code = 15; Access denied: user deactivated; id = 513274301
Error: error_code = 30; This profile is private; id = 619955153
Error: error_code = 15; Access denied: user deactivated; id = 245814789
Error: error_code = 30; This profile is private; id = 703563407
Error: error_code = 30; This profile is private; id = 181689736
Error: error_code = 30; This profile is private; id = 38459149
Error: error_code = 30; This profile is private; id = 199575856
Error: error_code = 30; This profile is private; id = 137247896
Error: error_code = 15; Access denied: user deactivated; id = 269875425
Error: error_code = 15; Access denied: user deactivated; id = 185465362
Error: error_code = 15; Access denied: user deactivated; id = 496037404
Error: error_code = 15; Access denied: user deactivated; id = 428819773
Error: error_code = 30; This profile is private; id = 297236915
Error: error_code = 30; This profile is private; id = 371749053
Error: error_code = 15; Access denied: user deactivated; id = 33922189
Error: error_code = 30; This profile is private; id = 555195684
Error: error_code = 30; This profile is private; id = 3486172
Error: error_code = 30; This profile is private; id = 134245586
Error: error_code = 30; This profile is private; id = 329398878
Error: error_code = 30; This profile is private; id = 446789913
Error: error_code = 30; This profile is private; id = 174752480
Error: error_code = 30; This profile is private; id = 376790706
Error: error_code = 30; This profile is private; id = 280277749
Error: error_code = 15; Access denied: user deactivated; id = 648843133
Error: error_code = 30; This profile is private; id = 512090567
Error: error_code = 30; This profile is private; id = 349394698
Error: error_code = 15; Access denied: user deactivated; id = 411510765
Error: error_code = 15; Access denied: user deactivated; id = 705588153
Error: error_code = 15; Access denied: user deactivated; id = 278227720
Error: error_code = 30; This profile is private; id = 132025806
Error: error_code = 15; Access denied: user deactivated; id = 396385370
Error: error_code = 30; This profile is private; id = 17356325
Error: error_code = 15; Access denied: user deactivated; id = 358782989
Error: error_code = 30; This profile is private; id = 141712820
Error: error_code = 15; Access denied: user deactivated; id = 42146078
Error: error_code = 30; This profile is private; id = 559272168
Error: error_code = 15; Access denied: user deactivated; id = 619287463
Error: error_code = 30; This profile is private; id = 622852548
Error: error_code = 30; This profile is private; id = 477592250
Error: error_code = 15; Access denied: user deactivated; id = 393325888
Error: error_code = 30; This profile is private; id = 207637751
Error: error_code = 30; This profile is private; id = 226098435
Error: error_code = 30; This profile is private; id = 444279828
Error: error_code = 30; This profile is private; id = 96841020
Error: error_code = 30; This profile is private; id = 221779422
Error: error_code = 30; This profile is private; id = 64497807
Error: error_code = 30; This profile is private; id = 380877452
Error: error_code = 30; This profile is private; id = 83469271
Error: error_code = 30; This profile is private; id = 188462252
Error: error_code = 30; This profile is private; id = 670896709
Error: error_code = 30; This profile is private; id = 492051584
Error: error_code = 30; This profile is private; id = 607231902
Error: error_code = 30; This profile is private; id = 29483772
Error: error_code = 30; This profile is private; id = 352548695
Error: error_code = 30; This profile is private; id = 73000419
Error: error_code = 15; Access denied: user deactivated; id = 558189418
Error: error_code = 30; This profile is private; id = 582302058
Error: error_code = 15; Access denied: user deactivated; id = 347798915
Error: error_code = 15; Access denied: user deactivated; id = 702527079
Error: error_code = 30; This profile is private; id = 448399681
Error: error_code = 30; This profile is private; id = 93136518
Error: error_code = 30; This profile is private; id = 365008562
Error: error_code = 30; This profile is private; id = 695027237
Error: error_code = 30; This profile is private; id = 469639122
Error: error_code = 15; Access denied: user deactivated; id = 270444414
Error: error_code = 30; This profile is private; id = 98065122
Error: error_code = 30; This profile is private; id = 153844002
Error: error_code = 30; This profile is private; id = 90422528
Error: error_code = 30; This profile is private; id = 173062956
Error: error_code = 30; This profile is private; id = 622212102
Error: error_code = 30; This profile is private; id = 689382593
Error: error_code = 15; Access denied: user deactivated; id = 432069336
Error: error_code = 30; This profile is private; id = 11612634
Error: error_code = 15; Access denied: user deactivated; id = 601104144
Error: error_code = 30; This profile is private; id = 388900598
Error: error_code = 30; This profile is private; id = 505607835
Error: error_code = 30; This profile is private; id = 598233628
Error: error_code = 30; This profile is private; id = 667481848
Error: error_code = 30; This profile is private; id = 520154858
Error: error_code = 30; This profile is private; id = 657229361
Error: error_code = 30; This profile is private; id = 625363238
Error: error_code = 30; This profile is private; id = 148920977
Error: error_code = 30; This profile is private; id = 211057895
Error: error_code = 30; This profile is private; id = 546145694
Error: error_code = 30; This profile is private; id = 692786302
Error: error_code = 30; This profile is private; id = 501069449
Error: error_code = 30; This profile is private; id = 713250256
Error: error_code = 30; This profile is private; id = 32992388
Error: error_code = 30; This profile is private; id = 833770
Error: error_code = 15; Access denied: user deactivated; id = 221898251
Error: error_code = 30; This profile is private; id = 337867261
Error: error_code = 30; This profile is private; id = 232917209
Error: error_code = 30; This profile is private; id = 137479967
Error: error_code = 30; This profile is private; id = 59584804
Error: error_code = 15; Access denied: user deactivated; id = 354469158
Error: error_code = 15; Access denied: user deactivated; id = 198427742
Error: error_code = 30; This profile is private; id = 424096769
Error: error_code = 30; This profile is private; id = 686324316
Error: error_code = 30; This profile is private; id = 180459491
Error: error_code = 30; This profile is private; id = 572577272
Error: error_code = 30; This profile is private; id = 195960656
Error: error_code = 30; This profile is private; id = 306222255
Error: error_code = 30; This profile is private; id = 18045221
Error: error_code = 30; This profile is private; id = 588563699
Error: error_code = 15; Access denied: user deactivated; id = 209001891
Error: error_code = 30; This profile is private; id = 644529494
Error: error_code = 30; This profile is private; id = 16513539
Error: error_code = 30; This profile is private; id = 327820480
Error: error_code = 15; Access denied: user deactivated; id = 427567613
Error: error_code = 30; This profile is private; id = 695740183
Error: error_code = 15; Access denied: user deactivated; id = 225417591
Error: error_code = 30; This profile is private; id = 525628984
Error: error_code = 30; This profile is private; id = 87524894
Error: error_code = 30; This profile is private; id = 708688586
Error: error_code = 30; This profile is private; id = 220819341
Error: error_code = 15; Access denied: user deactivated; id = 154812230
Error: error_code = 15; Access denied: user deactivated; id = 228453345
Error: error_code = 30; This profile is private; id = 437273553
Error: error_code = 15; Access denied: user deactivated; id = 175606626
Error: error_code = 30; This profile is private; id = 530474722
Error: error_code = 30; This profile is private; id = 497350700
Error: error_code = 15; Access denied: user deactivated; id = 620895939
Error: error_code = 15; Access denied: user deactivated; id = 253646050
Error: error_code = 30; This profile is private; id = 6840617
Error: error_code = 30; This profile is private; id = 167895136
Error: error_code = 15; Access denied: user deactivated; id = 679602926
Error: error_code = 30; This profile is private; id = 357982406
Error: error_code = 30; This profile is private; id = 468076595
Error: error_code = 30; This profile is private; id = 506051935
Error: error_code = 15; Access denied: user deactivated; id = 158057518
Error: error_code = 15; Access denied: user deactivated; id = 89831761
Error: error_code = 15; Access denied: user deactivated; id = 466139897
Error: error_code = 30; This profile is private; id = 568744124
Error: error_code = 30; This profile is private; id = 240261323
Error: error_code = 30; This profile is private; id = 398275244
Error: error_code = 30; This profile is private; id = 391138351
Error: error_code = 30; This profile is private; id = 2874265
Error: error_code = 30; This profile is private; id = 689446720
Error: error_code = 15; Access denied: user deactivated; id = 347404497
Error: error_code = 30; This profile is private; id = 261026603
Error: error_code = 30; This profile is private; id = 525046951
Error: error_code = 15; Access denied: user deactivated; id = 217071650
Error: error_code = 30; This profile is private; id = 217371419
Error: error_code = 15; Access denied: user deactivated; id = 616528440
Error: error_code = 30; This profile is private; id = 494098453
Error: error_code = 30; This profile is private; id = 349900652
Error: error_code = 15; Access denied: user deactivated; id = 168828483
Error: error_code = 30; This profile is private; id = 144135336
Error: error_code = 15; Access denied: user deactivated; id = 164778194
Error: error_code = 30; This profile is private; id = 2536022
Error: error_code = 15; Access denied: user deactivated; id = 363795411
Error: error_code = 15; Access denied: user deactivated; id = 464389608
Error: error_code = 30; This profile is private; id = 275511375
Error: error_code = 15; Access denied: user deactivated; id = 194346305
Error: error_code = 15; Access denied: user deactivated; id = 454884505
Error: error_code = 15; Access denied: user deactivated; id = 12466398
Error: error_code = 30; This profile is private; id = 640904299
Error: error_code = 30; This profile is private; id = 494478039
Error: error_code = 15; Access denied: user deactivated; id = 51193590
Error: error_code = 30; This profile is private; id = 347717563
Error: error_code = 30; This profile is private; id = 560657082
Error: error_code = 30; This profile is private; id = 135758944
Error: error_code = 30; This profile is private; id = 266893521
Error: error_code = 30; This profile is private; id = 141765265
Error: error_code = 15; Access denied: user deactivated; id = 212598007
Error: error_code = 15; Access denied: user deactivated; id = 341799122
Error: error_code = 30; This profile is private; id = 124453843
Error: error_code = 15; Access denied: user deactivated; id = 204514954
Error: error_code = 30; This profile is private; id = 542830290
Error: error_code = 30; This profile is private; id = 294066688
Error: error_code = 30; This profile is private; id = 222008457
Error: error_code = 30; This profile is private; id = 90079264
Error: error_code = 30; This profile is private; id = 237912314
Error: error_code = 30; This profile is private; id = 162389929
Error: error_code = 30; This profile is private; id = 163072186
Error: error_code = 30; This profile is private; id = 361010553
Error: error_code = 30; This profile is private; id = 26942249
Error: error_code = 30; This profile is private; id = 416177489
Error: error_code = 30; This profile is private; id = 328473997
Error: error_code = 30; This profile is private; id = 417605814
Error: error_code = 30; This profile is private; id = 674268915
Error: error_code = 15; Access denied: user deactivated; id = 123034987
Error: error_code = 30; This profile is private; id = 413740286
Error: error_code = 30; This profile is private; id = 641315942
Error: error_code = 30; This profile is private; id = 314429044
Error: error_code = 30; This profile is private; id = 523160928
Error: error_code = 15; Access denied: user deactivated; id = 513210960
Error: error_code = 15; Access denied: user deactivated; id = 64809730
Error: error_code = 30; This profile is private; id = 295801158
Error: error_code = 30; This profile is private; id = 210903528
Error: error_code = 30; This profile is private; id = 609581536
Error: error_code = 30; This profile is private; id = 508556479
Error: error_code = 30; This profile is private; id = 477798189
Error: error_code = 30; This profile is private; id = 576417205
Error: error_code = 30; This profile is private; id = 9050743
Error: error_code = 15; Access denied: user deactivated; id = 429841375
Error: error_code = 30; This profile is private; id = 672185116
Error: error_code = 30; This profile is private; id = 72946634
Error: error_code = 30; This profile is private; id = 134076588
Error: error_code = 30; This profile is private; id = 348007805
Error: error_code = 30; This profile is private; id = 595489535
Error: error_code = 30; This profile is private; id = 473116990
Error: error_code = 30; This profile is private; id = 659148093
Error: error_code = 30; This profile is private; id = 608400919
Error: error_code = 15; Access denied: user deactivated; id = 239163219
Error: error_code = 30; This profile is private; id = 96530268
Error: error_code = 15; Access denied: user deactivated; id = 50698396
Error: error_code = 30; This profile is private; id = 188091695
Error: error_code = 15; Access denied: user deactivated; id = 455400557
Error: error_code = 15; Access denied: user deactivated; id = 525792956
Error: error_code = 15; Access denied: user deactivated; id = 169057899
Error: error_code = 30; This profile is private; id = 553173901
Error: error_code = 30; This profile is private; id = 30612797
Error: error_code = 30; This profile is private; id = 4778246
Error: error_code = 30; This profile is private; id = 464761117
Error: error_code = 15; Access denied: user deactivated; id = 283739128
Error: error_code = 30; This profile is private; id = 24879210
Error: error_code = 15; Access denied: user deactivated; id = 329617920
Error: error_code = 30; This profile is private; id = 22368471
Error: error_code = 15; Access denied: user deactivated; id = 215985673
Error: error_code = 30; This profile is private; id = 432410522
Error: error_code = 15; Access denied: user deactivated; id = 525231336
Error: error_code = 30; This profile is private; id = 387883477
Error: error_code = 30; This profile is private; id = 177202279
Error: error_code = 30; This profile is private; id = 13199392
Error: error_code = 30; This profile is private; id = 313220850
Error: error_code = 30; This profile is private; id = 404092188
Error: error_code = 15; Access denied: user deactivated; id = 257448844
Error: error_code = 30; This profile is private; id = 497764997
Error: error_code = 30; This profile is private; id = 633623425
Error: error_code = 30; This profile is private; id = 70451691
Error: error_code = 15; Access denied: user deactivated; id = 396380511
Error: error_code = 30; This profile is private; id = 713763555
Error: error_code = 30; This profile is private; id = 701007727
Error: error_code = 15; Access denied: user deactivated; id = 427380574
Error: error_code = 30; This profile is private; id = 566754542
Error: error_code = 30; This profile is private; id = 615775583
Error: error_code = 30; This profile is private; id = 473908315
Error: error_code = 30; This profile is private; id = 337356970
Error: error_code = 15; Access denied: user deactivated; id = 549850697
Error: error_code = 30; This profile is private; id = 323637234
Error: error_code = 30; This profile is private; id = 491032318
Error: error_code = 30; This profile is private; id = 174833897
Error: error_code = 30; This profile is private; id = 536255341
Error: error_code = 30; This profile is private; id = 22105679
Error: error_code = 15; Access denied: user deactivated; id = 538116463
Error: error_code = 15; Access denied: user deactivated; id = 187362266
Error: error_code = 30; This profile is private; id = 167025533
Error: error_code = 30; This profile is private; id = 65085778
Error: error_code = 30; This profile is private; id = 699259267
Error: error_code = 30; This profile is private; id = 217945420
Error: error_code = 30; This profile is private; id = 388860044
Error: error_code = 30; This profile is private; id = 9829244
Error: error_code = 30; This profile is private; id = 242241501
Error: error_code = 15; Access denied: user deactivated; id = 565865163
Error: error_code = 30; This profile is private; id = 705057736
Error: error_code = 30; This profile is private; id = 259427904
Error: error_code = 30; This profile is private; id = 174597970
Error: error_code = 30; This profile is private; id = 161450469
Error: error_code = 30; This profile is private; id = 207421249
Error: error_code = 15; Access denied: user deactivated; id = 252639908
Error: error_code = 30; This profile is private; id = 169105022
Error: error_code = 30; This profile is private; id = 570940176
Error: error_code = 15; Access denied: user deactivated; id = 107315735
Error: error_code = 15; Access denied: user deactivated; id = 352322274
Error: error_code = 30; This profile is private; id = 553126596
Error: error_code = 30; This profile is private; id = 441161626
Error: error_code = 30; This profile is private; id = 22376482
Error: error_code = 30; This profile is private; id = 534287456
Error: error_code = 30; This profile is private; id = 577435282
Error: error_code = 15; Access denied: user deactivated; id = 595567837
Error: error_code = 30; This profile is private; id = 215712528
Error: error_code = 30; This profile is private; id = 331072762
Error: error_code = 15; Access denied: user deactivated; id = 312956185
Error: error_code = 30; This profile is private; id = 277674079
Error: error_code = 30; This profile is private; id = 27691785
Error: error_code = 30; This profile is private; id = 137315644
Error: error_code = 15; Access denied: user deactivated; id = 618267801
Error: error_code = 30; This profile is private; id = 267630169
Error: error_code = 30; This profile is private; id = 101763715
Error: error_code = 30; This profile is private; id = 274584747
Error: error_code = 30; This profile is private; id = 343371548
Error: error_code = 30; This profile is private; id = 502139635
Error: error_code = 30; This profile is private; id = 529976948
Error: error_code = 15; Access denied: user deactivated; id = 217316465
Error: error_code = 30; This profile is private; id = 31461970
Error: error_code = 15; Access denied: user deactivated; id = 433955830
Error: error_code = 30; This profile is private; id = 527601401
Error: error_code = 30; This profile is private; id = 372874904
Error: error_code = 30; This profile is private; id = 327474968
Error: error_code = 15; Access denied: user deactivated; id = 294808614
Error: error_code = 30; This profile is private; id = 428843442
Error: error_code = 15; Access denied: user deactivated; id = 403369486
Error: error_code = 30; This profile is private; id = 196514279
Error: error_code = 30; This profile is private; id = 316795653
Error: error_code = 30; This profile is private; id = 133711357
Error: error_code = 15; Access denied: user deactivated; id = 478612085
Error: error_code = 30; This profile is private; id = 97559445
Error: error_code = 15; Access denied: user deactivated; id = 326934983
Error: error_code = 30; This profile is private; id = 88682467
Error: error_code = 30; This profile is private; id = 518383672
Error: error_code = 30; This profile is private; id = 651088679
Error: error_code = 30; This profile is private; id = 275885463
Error: error_code = 15; Access denied: user deactivated; id = 13514828
Error: error_code = 30; This profile is private; id = 28799628
Error: error_code = 30; This profile is private; id = 339124143
Error: error_code = 30; This profile is private; id = 178175183
Error: error_code = 15; Access denied: user deactivated; id = 416010909
Error: error_code = 15; Access denied: user deactivated; id = 185375625
Error: error_code = 15; Access denied: user deactivated; id = 401141504
Error: error_code = 15; Access denied: user deactivated; id = 358586409
Error: error_code = 15; Access denied: user deactivated; id = 141040109
Error: error_code = 30; This profile is private; id = 282556148
Error: error_code = 30; This profile is private; id = 146200488
Error: error_code = 30; This profile is private; id = 299201276
Error: error_code = 30; This profile is private; id = 380694257
Error: error_code = 30; This profile is private; id = 6039873
Error: error_code = 30; This profile is private; id = 19882282
Error: error_code = 15; Access denied: user deactivated; id = 272815436
Error: error_code = 30; This profile is private; id = 163046085
Error: error_code = 30; This profile is private; id = 189917424
Error: error_code = 30; This profile is private; id = 14597289
Error: error_code = 30; This profile is private; id = 701202170
Error: error_code = 15; Access denied: user deactivated; id = 460515866
Error: error_code = 30; This profile is private; id = 13732764
Error: error_code = 15; Access denied: user deactivated; id = 30177812
Error: error_code = 30; This profile is private; id = 12848067
Error: error_code = 15; Access denied: user deactivated; id = 548457195
Error: error_code = 30; This profile is private; id = 281061159
Error: error_code = 30; This profile is private; id = 167101504
Error: error_code = 30; This profile is private; id = 273766105
Error: error_code = 30; This profile is private; id = 189137221
Error: error_code = 30; This profile is private; id = 210383956
Error: error_code = 30; This profile is private; id = 611837692
Error: error_code = 15; Access denied: user deactivated; id = 172588980
Error: error_code = 30; This profile is private; id = 403337125
Error: error_code = 30; This profile is private; id = 674345869
Error: error_code = 30; This profile is private; id = 709387809
Error: error_code = 30; This profile is private; id = 40402434
Error: error_code = 30; This profile is private; id = 540266364
Error: error_code = 15; Access denied: user deactivated; id = 508356171
Error: error_code = 30; This profile is private; id = 626621759
Error: error_code = 30; This profile is private; id = 697756579
Error: error_code = 30; This profile is private; id = 69306407
Error: error_code = 30; This profile is private; id = 14782377
Error: error_code = 30; This profile is private; id = 530146209
Error: error_code = 30; This profile is private; id = 595445719
Error: error_code = 30; This profile is private; id = 546109461
Error: error_code = 30; This profile is private; id = 649902982
Error: error_code = 30; This profile is private; id = 113877047
Error: error_code = 15; Access denied: user deactivated; id = 508579154
Error: error_code = 30; This profile is private; id = 561911349
Error: error_code = 30; This profile is private; id = 398473922
Error: error_code = 30; This profile is private; id = 578288923
Error: error_code = 30; This profile is private; id = 223198152
Error: error_code = 30; This profile is private; id = 595944620
Error: error_code = 30; This profile is private; id = 55450151
Error: error_code = 15; Access denied: user deactivated; id = 514750129
Error: error_code = 30; This profile is private; id = 506618618
Error: error_code = 30; This profile is private; id = 660116951
Error: error_code = 30; This profile is private; id = 233912031
Error: error_code = 30; This profile is private; id = 58431256
Error: error_code = 30; This profile is private; id = 450629585
Error: error_code = 30; This profile is private; id = 661537876
Error: error_code = 15; Access denied: user deactivated; id = 358108573
Error: error_code = 15; Access denied: user deactivated; id = 201328409
Error: error_code = 30; This profile is private; id = 65870145
Error: error_code = 15; Access denied: user deactivated; id = 302113768
Error: error_code = 15; Access denied: user deactivated; id = 395371936
Error: error_code = 15; Access denied: user deactivated; id = 559022995
Error: error_code = 30; This profile is private; id = 57233102
Error: error_code = 30; This profile is private; id = 191098316
Error: error_code = 30; This profile is private; id = 229868532
Error: error_code = 15; Access denied: user deactivated; id = 613782135
Error: error_code = 15; Access denied: user deactivated; id = 214377505
Error: error_code = 30; This profile is private; id = 559714757
Error: error_code = 15; Access denied: user deactivated; id = 219940580
Error: error_code = 30; This profile is private; id = 192746823
Error: error_code = 30; This profile is private; id = 558001218
Error: error_code = 30; This profile is private; id = 452844094
Error: error_code = 30; This profile is private; id = 563705611
Error: error_code = 15; Access denied: user deactivated; id = 328620579
Error: error_code = 30; This profile is private; id = 585607385
Error: error_code = 30; This profile is private; id = 43783567
Error: error_code = 30; This profile is private; id = 62431383
Error: error_code = 30; This profile is private; id = 191229895
Error: error_code = 30; This profile is private; id = 50704526
Error: error_code = 15; Access denied: user deactivated; id = 517839835
Error: error_code = 15; Access denied: user deactivated; id = 115098825
Error: error_code = 30; This profile is private; id = 618145158
Error: error_code = 30; This profile is private; id = 213058142
Error: error_code = 15; Access denied: user deactivated; id = 539780411
Error: error_code = 30; This profile is private; id = 308051435
Error: error_code = 15; Access denied: user deactivated; id = 248669972
Error: error_code = 15; Access denied: user deactivated; id = 213467421
Error: error_code = 30; This profile is private; id = 329186703
Error: error_code = 30; This profile is private; id = 365052837
Error: error_code = 30; This profile is private; id = 223582835
Error: error_code = 15; Access denied: user deactivated; id = 702891801
Error: error_code = 30; This profile is private; id = 200415864
Error: error_code = 30; This profile is private; id = 672129894
Error: error_code = 15; Access denied: user deactivated; id = 184734533
Error: error_code = 30; This profile is private; id = 175209906
Error: error_code = 30; This profile is private; id = 280096616
Error: error_code = 30; This profile is private; id = 236796204
Error: error_code = 30; This profile is private; id = 564647191
Error: error_code = 30; This profile is private; id = 679516894
Error: error_code = 15; Access denied: user deactivated; id = 423953503
Error: error_code = 30; This profile is private; id = 540969165
Error: error_code = 30; This profile is private; id = 148587863
Error: error_code = 30; This profile is private; id = 586268205
Error: error_code = 15; Access denied: user deactivated; id = 1672300
Error: error_code = 30; This profile is private; id = 509087240
Error: error_code = 15; Access denied: user deactivated; id = 491403587
Error: error_code = 30; This profile is private; id = 202625341
Error: error_code = 15; Access denied: user deactivated; id = 175618701
Error: error_code = 15; Access denied: user deactivated; id = 389681426
Error: error_code = 15; Access denied: user deactivated; id = 224852391
Error: error_code = 30; This profile is private; id = 365934369
Error: error_code = 30; This profile is private; id = 26743862
Error: error_code = 30; This profile is private; id = 62280482
Error: error_code = 30; This profile is private; id = 13841053
Error: error_code = 30; This profile is private; id = 17821402
Error: error_code = 30; This profile is private; id = 447312839
Error: error_code = 30; This profile is private; id = 209142199
Error: error_code = 30; This profile is private; id = 220554797
Error: error_code = 15; Access denied: user deactivated; id = 188148291
Error: error_code = 30; This profile is private; id = 470574914
Error: error_code = 15; Access denied: user deactivated; id = 707598587
Error: error_code = 30; This profile is private; id = 598403956
Error: error_code = 15; Access denied: user deactivated; id = 33754424
Error: error_code = 30; This profile is private; id = 90040225
Error: error_code = 15; Access denied: user deactivated; id = 231281104
Error: error_code = 15; Access denied: user deactivated; id = 219506088
Error: error_code = 30; This profile is private; id = 312026703
Error: error_code = 30; This profile is private; id = 580292262
Error: error_code = 30; This profile is private; id = 364129573
Error: error_code = 30; This profile is private; id = 485175327
Error: error_code = 15; Access denied: user deactivated; id = 641075134
Error: error_code = 30; This profile is private; id = 39626265
Error: error_code = 30; This profile is private; id = 538297734
Error: error_code = 30; This profile is private; id = 169339514
Error: error_code = 30; This profile is private; id = 66030432
Error: error_code = 30; This profile is private; id = 351421109
Error: error_code = 15; Access denied: user deactivated; id = 233526153
Error: error_code = 30; This profile is private; id = 613281736
Error: error_code = 30; This profile is private; id = 260054696
Error: error_code = 15; Access denied: user deactivated; id = 14197500
Error: error_code = 15; Access denied: user deactivated; id = 164695175
Error: error_code = 30; This profile is private; id = 350084684
Error: error_code = 30; This profile is private; id = 604385
Error: error_code = 30; This profile is private; id = 154799700
Error: error_code = 30; This profile is private; id = 111190501
Error: error_code = 30; This profile is private; id = 453868524
Error: error_code = 30; This profile is private; id = 693694456
Error: error_code = 30; This profile is private; id = 580813631
Error: error_code = 15; Access denied: user deactivated; id = 493391756
Error: error_code = 30; This profile is private; id = 407356209
Error: error_code = 15; Access denied: user deactivated; id = 349226273
Error: error_code = 30; This profile is private; id = 648766492
Error: error_code = 15; Access denied: user deactivated; id = 244263166
Error: error_code = 30; This profile is private; id = 90015004
Error: error_code = 30; This profile is private; id = 505300322
Error: error_code = 30; This profile is private; id = 319292079
Error: error_code = 15; Access denied: user deactivated; id = 55162550
Error: error_code = 15; Access denied: user deactivated; id = 488170728
Error: error_code = 15; Access denied: user deactivated; id = 216823551
Error: error_code = 30; This profile is private; id = 601679775
Error: error_code = 30; This profile is private; id = 16613755
Error: error_code = 15; Access denied: user deactivated; id = 215476071
Error: error_code = 15; Access denied: user deactivated; id = 202122713
Error: error_code = 30; This profile is private; id = 7605637
Error: error_code = 30; This profile is private; id = 345758953
Error: error_code = 30; This profile is private; id = 660981225
Error: error_code = 15; Access denied: user deactivated; id = 627558930
Error: error_code = 15; Access denied: user deactivated; id = 326225759
Error: error_code = 30; This profile is private; id = 2313116
Error: error_code = 30; This profile is private; id = 615581099
Error: error_code = 30; This profile is private; id = 420009784
Error: error_code = 30; This profile is private; id = 449962077
Error: error_code = 15; Access denied: user deactivated; id = 336247953
Error: error_code = 15; Access denied: user deactivated; id = 343849645
Error: error_code = 30; This profile is private; id = 67049363
Error: error_code = 15; Access denied: user deactivated; id = 19888508
Error: error_code = 30; This profile is private; id = 65489122
Error: error_code = 30; This profile is private; id = 557663350
Error: error_code = 30; This profile is private; id = 23851732
Error: error_code = 30; This profile is private; id = 523976100
Error: error_code = 30; This profile is private; id = 710125341
Error: error_code = 30; This profile is private; id = 648808939
Error: error_code = 15; Access denied: user deactivated; id = 260214765
Error: error_code = 30; This profile is private; id = 627139700
Error: error_code = 15; Access denied: user deactivated; id = 206896194
Error: error_code = 30; This profile is private; id = 595415873
Error: error_code = 30; This profile is private; id = 267744175
Error: error_code = 15; Access denied: user deactivated; id = 525105234
Error: error_code = 15; Access denied: user deactivated; id = 155407165
Error: error_code = 15; Access denied: user deactivated; id = 682173128
Error: error_code = 30; This profile is private; id = 403941820
Error: error_code = 30; This profile is private; id = 699912446
Error: error_code = 30; This profile is private; id = 708468654
Error: error_code = 15; Access denied: user deactivated; id = 697883920
Error: error_code = 30; This profile is private; id = 179472956
Error: error_code = 15; Access denied: user deactivated; id = 343809298
Error: error_code = 30; This profile is private; id = 179542493
Error: error_code = 30; This profile is private; id = 367134097
Error: error_code = 30; This profile is private; id = 153679315
Error: error_code = 30; This profile is private; id = 273877556
Error: error_code = 15; Access denied: user deactivated; id = 693348103
Error: error_code = 15; Access denied: user deactivated; id = 199605257
Error: error_code = 30; This profile is private; id = 548328809
Error: error_code = 15; Access denied: user deactivated; id = 715182247
Error: error_code = 15; Access denied: user deactivated; id = 162843914
Error: error_code = 15; Access denied: user deactivated; id = 215571959
Error: error_code = 30; This profile is private; id = 7323132
Error: error_code = 15; Access denied: user deactivated; id = 432781002
Error: error_code = 30; This profile is private; id = 608074176
Error: error_code = 30; This profile is private; id = 252639418
Error: error_code = 30; This profile is private; id = 42161750
Error: error_code = 30; This profile is private; id = 605367417
Error: error_code = 15; Access denied: user deactivated; id = 326745302
Error: error_code = 30; This profile is private; id = 516713789
Error: error_code = 30; This profile is private; id = 295481893
Error: error_code = 15; Access denied: user deactivated; id = 106045791
Error: error_code = 30; This profile is private; id = 664682483
Error: error_code = 30; This profile is private; id = 497032553
Error: error_code = 30; This profile is private; id = 603863999
Error: error_code = 15; Access denied: user deactivated; id = 326725884
Error: error_code = 30; This profile is private; id = 105283739
Error: error_code = 30; This profile is private; id = 522082219
Error: error_code = 15; Access denied: user deactivated; id = 419899411
Error: error_code = 15; Access denied: user deactivated; id = 575281627
Error: error_code = 30; This profile is private; id = 169163676
Error: error_code = 30; This profile is private; id = 178403003
Error: error_code = 30; This profile is private; id = 15792150
Error: error_code = 30; This profile is private; id = 537857612
Error: error_code = 15; Access denied: user deactivated; id = 387758913
Error: error_code = 30; This profile is private; id = 486024069
Error: error_code = 15; Access denied: user deactivated; id = 487029087
Error: error_code = 15; Access denied: user deactivated; id = 653920184
Error: error_code = 15; Access denied: user deactivated; id = 572816973
Error: error_code = 15; Access denied: user deactivated; id = 527036883
Error: error_code = 30; This profile is private; id = 138671764
Error: error_code = 30; This profile is private; id = 428896075
Error: error_code = 30; This profile is private; id = 366172710
Error: error_code = 30; This profile is private; id = 146427081
Error: error_code = 30; This profile is private; id = 671260798
Error: error_code = 15; Access denied: user deactivated; id = 604129182
Error: error_code = 30; This profile is private; id = 153589692
Error: error_code = 15; Access denied: user deactivated; id = 350116339
Error: error_code = 30; This profile is private; id = 21171535
Error: error_code = 30; This profile is private; id = 605894845
Error: error_code = 30; This profile is private; id = 361251023
Error: error_code = 30; This profile is private; id = 240357503
Error: error_code = 30; This profile is private; id = 26638267
Error: error_code = 15; Access denied: user deactivated; id = 513064180
Error: error_code = 15; Access denied: user deactivated; id = 219458319
Error: error_code = 30; This profile is private; id = 204093792
Error: error_code = 15; Access denied: user deactivated; id = 393152659
Error: error_code = 15; Access denied: user deactivated; id = 178564767
Error: error_code = 30; This profile is private; id = 463279292
Error: error_code = 30; This profile is private; id = 325204258
Error: error_code = 15; Access denied: user deactivated; id = 3876403
Error: error_code = 30; This profile is private; id = 2683490
Error: error_code = 15; Access denied: user deactivated; id = 150324598
Error: error_code = 30; This profile is private; id = 5734192
Error: error_code = 30; This profile is private; id = 270253307
Error: error_code = 15; Access denied: user deactivated; id = 266491975
Error: error_code = 30; This profile is private; id = 208594273
Error: error_code = 30; This profile is private; id = 43322529
Error: error_code = 15; Access denied: user deactivated; id = 355261561
Error: error_code = 30; This profile is private; id = 547912675
Error: error_code = 30; This profile is private; id = 34031011
Error: error_code = 30; This profile is private; id = 438373831
Error: error_code = 15; Access denied: user deactivated; id = 160043153
Error: error_code = 15; Access denied: user deactivated; id = 197032924
Error: error_code = 30; This profile is private; id = 305708507
Error: error_code = 30; This profile is private; id = 168602607
Error: error_code = 30; This profile is private; id = 215006624
Error: error_code = 15; Access denied: user deactivated; id = 217311391
Error: error_code = 30; This profile is private; id = 38212095
Error: error_code = 30; This profile is private; id = 40503612
Error: error_code = 15; Access denied: user deactivated; id = 56504404
Error: error_code = 15; Access denied: user deactivated; id = 228532930
Error: error_code = 15; Access denied: user deactivated; id = 37945430
Error: error_code = 15; Access denied: user deactivated; id = 31602954
Error: error_code = 30; This profile is private; id = 502179188
Error: error_code = 30; This profile is private; id = 697455584
Error: error_code = 30; This profile is private; id = 3420482
Error: error_code = 15; Access denied: user deactivated; id = 550392295
Error: error_code = 15; Access denied: user deactivated; id = 258113187
Error: error_code = 30; This profile is private; id = 597557060
Error: error_code = 30; This profile is private; id = 692113938
Error: error_code = 30; This profile is private; id = 585745684
Error: error_code = 30; This profile is private; id = 660007246
Error: error_code = 30; This profile is private; id = 272366151
Error: error_code = 30; This profile is private; id = 187659409
Error: error_code = 30; This profile is private; id = 190869146
Error: error_code = 15; Access denied: user deactivated; id = 304463827
Error: error_code = 30; This profile is private; id = 658446323
Error: error_code = 30; This profile is private; id = 398840108
Error: error_code = 30; This profile is private; id = 234626672
Error: error_code = 30; This profile is private; id = 5110382
Error: error_code = 30; This profile is private; id = 781311
Error: error_code = 30; This profile is private; id = 589706037
Error: error_code = 30; This profile is private; id = 19642765
Error: error_code = 15; Access denied: user deactivated; id = 208314522
Error: error_code = 30; This profile is private; id = 532024214
Error: error_code = 30; This profile is private; id = 168112062
Error: error_code = 15; Access denied: user deactivated; id = 677099378
Error: error_code = 30; This profile is private; id = 547100988
Error: error_code = 30; This profile is private; id = 184173741
Error: error_code = 30; This profile is private; id = 151396869
Error: error_code = 15; Access denied: user deactivated; id = 563557118
Error: error_code = 15; Access denied: user deactivated; id = 572816918
Error: error_code = 30; This profile is private; id = 596321957
Error: error_code = 30; This profile is private; id = 19129663
Error: error_code = 30; This profile is private; id = 306746537
Error: error_code = 30; This profile is private; id = 523651586
Error: error_code = 15; Access denied: user deactivated; id = 461897810
Error: error_code = 30; This profile is private; id = 255801062
Error: error_code = 30; This profile is private; id = 408466950
Error: error_code = 30; This profile is private; id = 123556318
Error: error_code = 30; This profile is private; id = 468511761
Error: error_code = 30; This profile is private; id = 546959873
Error: error_code = 30; This profile is private; id = 103198933
Error: error_code = 30; This profile is private; id = 143660317
Error: error_code = 30; This profile is private; id = 578543613
Error: error_code = 15; Access denied: user deactivated; id = 217127646
Error: error_code = 30; This profile is private; id = 297310431
Error: error_code = 15; Access denied: user deactivated; id = 208883698
Error: error_code = 30; This profile is private; id = 175560516
Error: error_code = 30; This profile is private; id = 7317406
Error: error_code = 30; This profile is private; id = 62860244
Error: error_code = 30; This profile is private; id = 641170486
Error: error_code = 30; This profile is private; id = 492569185
Error: error_code = 30; This profile is private; id = 208505948
Error: error_code = 30; This profile is private; id = 29848139
Error: error_code = 30; This profile is private; id = 342618066
Error: error_code = 30; This profile is private; id = 561022590
Error: error_code = 15; Access denied: user deactivated; id = 685750711
Error: error_code = 30; This profile is private; id = 25613314
Error: error_code = 30; This profile is private; id = 23404829
Error: error_code = 15; Access denied: user deactivated; id = 336929981
Error: error_code = 30; This profile is private; id = 39919458
Error: error_code = 30; This profile is private; id = 306737600
Error: error_code = 30; This profile is private; id = 331354602
Error: error_code = 30; This profile is private; id = 651575786
Error: error_code = 30; This profile is private; id = 17295671
Error: error_code = 15; Access denied: user deactivated; id = 56652860
Error: error_code = 30; This profile is private; id = 672923783
Error: error_code = 30; This profile is private; id = 167865838
Error: error_code = 30; This profile is private; id = 50257415
Error: error_code = 15; Access denied: user deactivated; id = 702517988
Error: error_code = 30; This profile is private; id = 601049199
Error: error_code = 30; This profile is private; id = 665460317
Error: error_code = 30; This profile is private; id = 672452823
Error: error_code = 15; Access denied: user deactivated; id = 370202399
Error: error_code = 30; This profile is private; id = 138403206
Error: error_code = 15; Access denied: user deactivated; id = 324765934
Error: error_code = 15; Access denied: user deactivated; id = 77788719
Error: error_code = 15; Access denied: user deactivated; id = 181602703
Error: error_code = 15; Access denied: user deactivated; id = 480009375
Error: error_code = 15; Access denied: user deactivated; id = 374726400
Error: error_code = 15; Access denied: user deactivated; id = 291234493
Error: error_code = 15; Access denied: user deactivated; id = 50573048
Error: error_code = 30; This profile is private; id = 513112177
Error: error_code = 15; Access denied: user deactivated; id = 245607529
Error: error_code = 15; Access denied: user deactivated; id = 290081415
Error: error_code = 30; This profile is private; id = 63859573
Error: error_code = 30; This profile is private; id = 291187560
Error: error_code = 15; Access denied: user deactivated; id = 212333581
Error: error_code = 30; This profile is private; id = 156493969
Error: error_code = 30; This profile is private; id = 430313072
Error: error_code = 30; This profile is private; id = 141225690
Error: error_code = 30; This profile is private; id = 307211065
Error: error_code = 15; Access denied: user deactivated; id = 426896332
Error: error_code = 30; This profile is private; id = 388789209
Error: error_code = 30; This profile is private; id = 707879735
Error: error_code = 30; This profile is private; id = 708408076
Error: error_code = 15; Access denied: user deactivated; id = 9192045
Error: error_code = 15; Access denied: user deactivated; id = 401678953
Error: error_code = 15; Access denied: user deactivated; id = 15783268
Error: error_code = 15; Access denied: user deactivated; id = 431006038
Error: error_code = 30; This profile is private; id = 38847345
Error: error_code = 15; Access denied: user deactivated; id = 135997791
Error: error_code = 30; This profile is private; id = 268061206
Error: error_code = 15; Access denied: user deactivated; id = 109176168
Error: error_code = 15; Access denied: user deactivated; id = 260780537
Error: error_code = 30; This profile is private; id = 707607290
Error: error_code = 15; Access denied: user deactivated; id = 525112581
Error: error_code = 15; Access denied: user deactivated; id = 71093952
Error: error_code = 30; This profile is private; id = 10784825
Error: error_code = 30; This profile is private; id = 142073159
Error: error_code = 30; This profile is private; id = 478091260
Error: error_code = 30; This profile is private; id = 663203852
Error: error_code = 30; This profile is private; id = 554636540
Error: error_code = 15; Access denied: user deactivated; id = 294820835
Error: error_code = 30; This profile is private; id = 135210152
Error: error_code = 30; This profile is private; id = 4516112
Error: error_code = 15; Access denied: user deactivated; id = 190057978
Error: error_code = 30; This profile is private; id = 385030299
Error: error_code = 15; Access denied: user deactivated; id = 27127483
Error: error_code = 30; This profile is private; id = 137264091
Error: error_code = 30; This profile is private; id = 348071014
Error: error_code = 30; This profile is private; id = 717962566
Error: error_code = 15; Access denied: user deactivated; id = 538381408
Error: error_code = 15; Access denied: user deactivated; id = 496746919
Error: error_code = 30; This profile is private; id = 152800588
Error: error_code = 30; This profile is private; id = 457132335
Error: error_code = 30; This profile is private; id = 195870653
Error: error_code = 15; Access denied: user deactivated; id = 4927773
Error: error_code = 30; This profile is private; id = 585885804
Error: error_code = 30; This profile is private; id = 57071224
Error: error_code = 30; This profile is private; id = 59934422
Error: error_code = 30; This profile is private; id = 119875928
Error: error_code = 30; This profile is private; id = 517957849
Error: error_code = 30; This profile is private; id = 505902922
Error: error_code = 30; This profile is private; id = 157301240
Error: error_code = 15; Access denied: user deactivated; id = 316121321
Error: error_code = 30; This profile is private; id = 449734396
Error: error_code = 30; This profile is private; id = 105355949
Error: error_code = 30; This profile is private; id = 485900207
Error: error_code = 15; Access denied: user deactivated; id = 533850053
Error: error_code = 15; Access denied: user deactivated; id = 516847131
Error: error_code = 30; This profile is private; id = 138519393
Error: error_code = 15; Access denied: user deactivated; id = 339284940
Error: error_code = 30; This profile is private; id = 398508614
Error: error_code = 30; This profile is private; id = 307077217
Error: error_code = 30; This profile is private; id = 631918158
Error: error_code = 30; This profile is private; id = 173668461
Error: error_code = 30; This profile is private; id = 37633994
Error: error_code = 30; This profile is private; id = 49686900
Error: error_code = 30; This profile is private; id = 349334482
Error: error_code = 30; This profile is private; id = 613288460
Error: error_code = 30; This profile is private; id = 273484731
Error: error_code = 30; This profile is private; id = 176025685
Error: error_code = 30; This profile is private; id = 592428343
Error: error_code = 15; Access denied: user deactivated; id = 229876749
Error: error_code = 15; Access denied: user deactivated; id = 500224453
Error: error_code = 30; This profile is private; id = 581461415
Error: error_code = 15; Access denied: user deactivated; id = 409055227
Error: error_code = 30; This profile is private; id = 383180050
Error: error_code = 30; This profile is private; id = 703506198
Error: error_code = 30; This profile is private; id = 439868451
Error: error_code = 15; Access denied: user deactivated; id = 275926375
Error: error_code = 30; This profile is private; id = 501737192
Error: error_code = 30; This profile is private; id = 9649837
Error: error_code = 30; This profile is private; id = 329377100
Error: error_code = 30; This profile is private; id = 505579842
Error: error_code = 15; Access denied: user deactivated; id = 390536859
Error: error_code = 30; This profile is private; id = 182325262
Error: error_code = 30; This profile is private; id = 196261383
Error: error_code = 30; This profile is private; id = 132498309
Error: error_code = 30; This profile is private; id = 226453718
Error: error_code = 15; Access denied: user deactivated; id = 658801270
Error: error_code = 30; This profile is private; id = 128785626
Error: error_code = 30; This profile is private; id = 103616674
Error: error_code = 30; This profile is private; id = 707090945
Error: error_code = 30; This profile is private; id = 10143356
Error: error_code = 30; This profile is private; id = 102830918
Error: error_code = 30; This profile is private; id = 220840722
Error: error_code = 30; This profile is private; id = 477205103
Error: error_code = 30; This profile is private; id = 249409630
Error: error_code = 30; This profile is private; id = 518724294
Error: error_code = 30; This profile is private; id = 599912260
Error: error_code = 15; Access denied: user deactivated; id = 349924601
Error: error_code = 15; Access denied: user deactivated; id = 705692726
Error: error_code = 30; This profile is private; id = 69731196
Error: error_code = 30; This profile is private; id = 607362401
Error: error_code = 30; This profile is private; id = 669652922
Error: error_code = 15; Access denied: user deactivated; id = 399261885
Error: error_code = 15; Access denied: user deactivated; id = 234320245
Error: error_code = 15; Access denied: user deactivated; id = 685572405
Error: error_code = 30; This profile is private; id = 612875766
Error: error_code = 30; This profile is private; id = 609850927
Error: error_code = 30; This profile is private; id = 626747944
Error: error_code = 15; Access denied: user deactivated; id = 619470712
Error: error_code = 15; Access denied: user deactivated; id = 383405308
Error: error_code = 30; This profile is private; id = 228438885
Error: error_code = 30; This profile is private; id = 6869060
Error: error_code = 30; This profile is private; id = 693875336
Error: error_code = 30; This profile is private; id = 135302992
Error: error_code = 15; Access denied: user deactivated; id = 396331750
Error: error_code = 15; Access denied: user deactivated; id = 451195805
Error: error_code = 30; This profile is private; id = 316844354
Error: error_code = 30; This profile is private; id = 282458517
Error: error_code = 30; This profile is private; id = 612269478
Error: error_code = 30; This profile is private; id = 135379087
Error: error_code = 30; This profile is private; id = 525816078
Error: error_code = 30; This profile is private; id = 473275790
Error: error_code = 30; This profile is private; id = 222428631
Error: error_code = 30; This profile is private; id = 105038244
Error: error_code = 30; This profile is private; id = 654444917
Error: error_code = 15; Access denied: user deactivated; id = 170895804
Error: error_code = 30; This profile is private; id = 52129945
Error: error_code = 30; This profile is private; id = 417691259
Error: error_code = 30; This profile is private; id = 600218203
Error: error_code = 30; This profile is private; id = 502480390
Error: error_code = 30; This profile is private; id = 328372849
Error: error_code = 30; This profile is private; id = 340720346
Error: error_code = 30; This profile is private; id = 402956055
Error: error_code = 30; This profile is private; id = 38486565
Error: error_code = 30; This profile is private; id = 12905378
Error: error_code = 30; This profile is private; id = 292251944
Error: error_code = 30; This profile is private; id = 13157409
Error: error_code = 15; Access denied: user deactivated; id = 159202857
Error: error_code = 30; This profile is private; id = 177008338
Error: error_code = 15; Access denied: user deactivated; id = 421754327
Error: error_code = 30; This profile is private; id = 62327930
Error: error_code = 15; Access denied: user deactivated; id = 423226152
Error: error_code = 15; Access denied: user deactivated; id = 571941386
Error: error_code = 30; This profile is private; id = 262838671
Error: error_code = 15; Access denied: user deactivated; id = 206008237
Error: error_code = 30; This profile is private; id = 126159422
Error: error_code = 30; This profile is private; id = 541735783
Error: error_code = 15; Access denied: user deactivated; id = 440555322
Error: error_code = 30; This profile is private; id = 7176886
Error: error_code = 30; This profile is private; id = 2888411
Error: error_code = 30; This profile is private; id = 232827540
Error: error_code = 30; This profile is private; id = 621977903
Error: error_code = 30; This profile is private; id = 590588081
Error: error_code = 30; This profile is private; id = 531889674
Error: error_code = 30; This profile is private; id = 112168008
Error: error_code = 30; This profile is private; id = 465075366
Error: error_code = 15; Access denied: user deactivated; id = 615164177
Error: error_code = 30; This profile is private; id = 144536060
Error: error_code = 15; Access denied: user deactivated; id = 60498237
Error: error_code = 15; Access denied: user deactivated; id = 424708748
Error: error_code = 30; This profile is private; id = 182353517
Error: error_code = 30; This profile is private; id = 53516121
Error: error_code = 15; Access denied: user deactivated; id = 302410930
Error: error_code = 30; This profile is private; id = 635814856
Error: error_code = 15; Access denied: user deactivated; id = 410209885
Error: error_code = 15; Access denied: user deactivated; id = 366546485
Error: error_code = 30; This profile is private; id = 659853280
Error: error_code = 15; Access denied: user deactivated; id = 413470691
Error: error_code = 30; This profile is private; id = 233069451
Error: error_code = 15; Access denied: user deactivated; id = 244448403
Error: error_code = 30; This profile is private; id = 290073584
Error: error_code = 30; This profile is private; id = 488019910
Error: error_code = 30; This profile is private; id = 371350274
Error: error_code = 30; This profile is private; id = 420471278
Error: error_code = 30; This profile is private; id = 61270653
Error: error_code = 15; Access denied: user deactivated; id = 210051469
Error: error_code = 15; Access denied: user deactivated; id = 10724787
Error: error_code = 15; Access denied: user deactivated; id = 673806587
Error: error_code = 30; This profile is private; id = 139633970
Error: error_code = 30; This profile is private; id = 571636313
Error: error_code = 30; This profile is private; id = 176956498
Error: error_code = 15; Access denied: user deactivated; id = 390197818
Error: error_code = 30; This profile is private; id = 12627615
Error: error_code = 15; Access denied: user deactivated; id = 366227354
Error: error_code = 30; This profile is private; id = 132068028
Error: error_code = 30; This profile is private; id = 540963875
Error: error_code = 30; This profile is private; id = 523264335
Error: error_code = 30; This profile is private; id = 137332675
Error: error_code = 30; This profile is private; id = 504265110
Error: error_code = 30; This profile is private; id = 19904642
Error: error_code = 15; Access denied: user deactivated; id = 205427920
Error: error_code = 30; This profile is private; id = 245244377
Error: error_code = 15; Access denied: user deactivated; id = 141600200
Error: error_code = 30; This profile is private; id = 89676418
Error: error_code = 30; This profile is private; id = 629105630
Error: error_code = 15; Access denied: user deactivated; id = 219298800
Error: error_code = 30; This profile is private; id = 311211570
Error: error_code = 30; This profile is private; id = 103168221
Error: error_code = 15; Access denied: user deactivated; id = 11858325
Error: error_code = 30; This profile is private; id = 263228545
Error: error_code = 15; Access denied: user deactivated; id = 672503669
Error: error_code = 30; This profile is private; id = 438317937
Error: error_code = 15; Access denied: user deactivated; id = 172620808
Error: error_code = 30; This profile is private; id = 591404181
Error: error_code = 30; This profile is private; id = 555262334
Error: error_code = 30; This profile is private; id = 187747809
Error: error_code = 30; This profile is private; id = 507922439
Error: error_code = 30; This profile is private; id = 709956744
Error: error_code = 15; Access denied: user deactivated; id = 243214220
Error: error_code = 30; This profile is private; id = 71561449
Error: error_code = 30; This profile is private; id = 502610172
Error: error_code = 30; This profile is private; id = 26619471
Error: error_code = 30; This profile is private; id = 24832206
Error: error_code = 30; This profile is private; id = 552152060
Error: error_code = 30; This profile is private; id = 198521546
Error: error_code = 15; Access denied: user deactivated; id = 387269306
Error: error_code = 30; This profile is private; id = 94710732
Error: error_code = 15; Access denied: user deactivated; id = 215116887
Error: error_code = 30; This profile is private; id = 449789597
Error: error_code = 15; Access denied: user deactivated; id = 645854356
Error: error_code = 30; This profile is private; id = 669326240
Error: error_code = 30; This profile is private; id = 532760073
Error: error_code = 30; This profile is private; id = 425272614
Error: error_code = 30; This profile is private; id = 700506747
Error: error_code = 30; This profile is private; id = 326632326
Error: error_code = 15; Access denied: user deactivated; id = 483785051
Error: error_code = 15; Access denied: user deactivated; id = 604254827
Error: error_code = 30; This profile is private; id = 457077187
Error: error_code = 15; Access denied: user deactivated; id = 685541852
Error: error_code = 15; Access denied: user deactivated; id = 174710707
Error: error_code = 15; Access denied: user deactivated; id = 505764037
Error: error_code = 30; This profile is private; id = 421628132
Error: error_code = 30; This profile is private; id = 413254434
Error: error_code = 30; This profile is private; id = 205060924
Error: error_code = 15; Access denied: user deactivated; id = 227198533
Error: error_code = 30; This profile is private; id = 501184280
Error: error_code = 30; This profile is private; id = 397538722
Error: error_code = 30; This profile is private; id = 656876009
Error: error_code = 15; Access denied: user deactivated; id = 182891220
Error: error_code = 15; Access denied: user deactivated; id = 5316723
Error: error_code = 15; Access denied: user deactivated; id = 221646663
Error: error_code = 30; This profile is private; id = 578863026
Error: error_code = 30; This profile is private; id = 620616747
Error: error_code = 30; This profile is private; id = 571697217
Error: error_code = 15; Access denied: user deactivated; id = 540668043
Error: error_code = 15; Access denied: user deactivated; id = 425183102
Error: error_code = 15; Access denied: user deactivated; id = 248372199
Error: error_code = 30; This profile is private; id = 45482453
Error: error_code = 15; Access denied: user deactivated; id = 432113862
Error: error_code = 30; This profile is private; id = 503525965
Error: error_code = 30; This profile is private; id = 145293221
Error: error_code = 15; Access denied: user deactivated; id = 59750866
Error: error_code = 15; Access denied: user deactivated; id = 616462138
Error: error_code = 30; This profile is private; id = 521423005
Error: error_code = 30; This profile is private; id = 260158097
Error: error_code = 30; This profile is private; id = 565854293
Error: error_code = 15; Access denied: user deactivated; id = 264882496
Error: error_code = 30; This profile is private; id = 639602729
Error: error_code = 15; Access denied: user deactivated; id = 710123202
Error: error_code = 30; This profile is private; id = 10496022
Error: error_code = 15; Access denied: user deactivated; id = 222141793
Error: error_code = 15; Access denied: user deactivated; id = 222386765
Error: error_code = 15; Access denied: user deactivated; id = 202011017
Error: error_code = 15; Access denied: user deactivated; id = 488710240
Error: error_code = 15; Access denied: user deactivated; id = 423422648
Error: error_code = 15; Access denied: user deactivated; id = 411004918
Error: error_code = 30; This profile is private; id = 186452550
Error: error_code = 30; This profile is private; id = 681886102
Error: error_code = 30; This profile is private; id = 488384724
Error: error_code = 15; Access denied: user deactivated; id = 396906441
Error: error_code = 30; This profile is private; id = 543764771
Error: error_code = 30; This profile is private; id = 616886790
Error: error_code = 30; This profile is private; id = 131773558
Error: error_code = 30; This profile is private; id = 602305034
Error: error_code = 15; Access denied: user deactivated; id = 235869398
Error: error_code = 30; This profile is private; id = 548524162
Error: error_code = 30; This profile is private; id = 221241195
Error: error_code = 30; This profile is private; id = 325225413
Error: error_code = 15; Access denied: user deactivated; id = 616576524
Error: error_code = 30; This profile is private; id = 197353090
Error: error_code = 15; Access denied: user deactivated; id = 348615940
Error: error_code = 30; This profile is private; id = 278452468
Error: error_code = 30; This profile is private; id = 486006667
Error: error_code = 30; This profile is private; id = 562353483
Error: error_code = 30; This profile is private; id = 387253488
Error: error_code = 15; Access denied: user deactivated; id = 713492092
Error: error_code = 30; This profile is private; id = 360751242
Error: error_code = 30; This profile is private; id = 144834339
Error: error_code = 30; This profile is private; id = 442443380
Error: error_code = 15; Access denied: user deactivated; id = 713070741
Error: error_code = 30; This profile is private; id = 593179777
Error: error_code = 30; This profile is private; id = 574042330
Error: error_code = 15; Access denied: user deactivated; id = 350406642
Error: error_code = 30; This profile is private; id = 679798336
Error: error_code = 30; This profile is private; id = 702665697
Error: error_code = 30; This profile is private; id = 686053163
Error: error_code = 30; This profile is private; id = 249506455
Error: error_code = 15; Access denied: user deactivated; id = 242404923
Error: error_code = 30; This profile is private; id = 421924610
Error: error_code = 30; This profile is private; id = 79394039
Error: error_code = 15; Access denied: user deactivated; id = 369103500
Error: error_code = 15; Access denied: user deactivated; id = 209968333
Error: error_code = 15; Access denied: user deactivated; id = 395830183
Error: error_code = 15; Access denied: user deactivated; id = 479399395
Error: error_code = 15; Access denied: user deactivated; id = 268706885
Error: error_code = 30; This profile is private; id = 269127967
Error: error_code = 30; This profile is private; id = 533925035
Error: error_code = 15; Access denied: user deactivated; id = 347860317
Error: error_code = 15; Access denied: user deactivated; id = 290106284
Error: error_code = 30; This profile is private; id = 524117473
Error: error_code = 15; Access denied: user deactivated; id = 198156656
Error: error_code = 30; This profile is private; id = 23871018
Error: error_code = 15; Access denied: user deactivated; id = 349430150
Error: error_code = 30; This profile is private; id = 697372271
Error: error_code = 15; Access denied: user deactivated; id = 226730272
Error: error_code = 15; Access denied: user deactivated; id = 363183546
Error: error_code = 30; This profile is private; id = 304015992
Error: error_code = 30; This profile is private; id = 68277433
Error: error_code = 30; This profile is private; id = 326264524
Error: error_code = 30; This profile is private; id = 670662555
Error: error_code = 30; This profile is private; id = 636160722
Error: error_code = 30; This profile is private; id = 43403870
Error: error_code = 15; Access denied: user deactivated; id = 416384819
Error: error_code = 30; This profile is private; id = 388673522
Error: error_code = 15; Access denied: user deactivated; id = 676597701
Error: error_code = 30; This profile is private; id = 275772527
Error: error_code = 15; Access denied: user deactivated; id = 343200690
Error: error_code = 15; Access denied: user deactivated; id = 421744593
Error: error_code = 30; This profile is private; id = 536515793
Error: error_code = 30; This profile is private; id = 144140667
Error: error_code = 30; This profile is private; id = 585959135
Error: error_code = 30; This profile is private; id = 257530686
Error: error_code = 15; Access denied: user deactivated; id = 155038499
Error: error_code = 30; This profile is private; id = 193775853
Error: error_code = 30; This profile is private; id = 360415558
Error: error_code = 30; This profile is private; id = 137969698
Error: error_code = 15; Access denied: user deactivated; id = 205834240
Error: error_code = 30; This profile is private; id = 142125233
Error: error_code = 30; This profile is private; id = 420359249
Error: error_code = 30; This profile is private; id = 305613255
Error: error_code = 30; This profile is private; id = 547224397
Error: error_code = 30; This profile is private; id = 120295829
Error: error_code = 30; This profile is private; id = 392376276
Error: error_code = 30; This profile is private; id = 279464389
Error: error_code = 30; This profile is private; id = 620791477
Error: error_code = 30; This profile is private; id = 426333715
Error: error_code = 30; This profile is private; id = 317153172
Error: error_code = 30; This profile is private; id = 425848422
Error: error_code = 30; This profile is private; id = 288776049
Error: error_code = 30; This profile is private; id = 132035102
Error: error_code = 30; This profile is private; id = 215715843
Error: error_code = 15; Access denied: user deactivated; id = 714461032
Error: error_code = 15; Access denied: user deactivated; id = 637048125
Error: error_code = 30; This profile is private; id = 353508348
Error: error_code = 15; Access denied: user deactivated; id = 537303022
Error: error_code = 30; This profile is private; id = 339840757
Error: error_code = 15; Access denied: user deactivated; id = 401442538
Error: error_code = 30; This profile is private; id = 646079245
Error: error_code = 30; This profile is private; id = 576827357
Error: error_code = 30; This profile is private; id = 661936867
Error: error_code = 30; This profile is private; id = 363629990
Error: error_code = 30; This profile is private; id = 526417551
Error: error_code = 15; Access denied: user deactivated; id = 150308307
Error: error_code = 30; This profile is private; id = 277171393
Error: error_code = 15; Access denied: user deactivated; id = 231728022
Error: error_code = 30; This profile is private; id = 11904218
Error: error_code = 30; This profile is private; id = 527260761
Error: error_code = 30; This profile is private; id = 342013493
Error: error_code = 30; This profile is private; id = 694407896
Error: error_code = 30; This profile is private; id = 37722008
Error: error_code = 30; This profile is private; id = 341430518
Error: error_code = 30; This profile is private; id = 703250643
Error: error_code = 30; This profile is private; id = 797188
Error: error_code = 30; This profile is private; id = 242283699
Error: error_code = 30; This profile is private; id = 342362907
Error: error_code = 30; This profile is private; id = 519140213
Error: error_code = 30; This profile is private; id = 183783465
Error: error_code = 15; Access denied: user deactivated; id = 176079087
Error: error_code = 15; Access denied: user deactivated; id = 265261514
Error: error_code = 30; This profile is private; id = 199908738
Error: error_code = 15; Access denied: user deactivated; id = 133618942
Error: error_code = 15; Access denied: user deactivated; id = 229053899
Error: error_code = 30; This profile is private; id = 650563060
Error: error_code = 15; Access denied: user deactivated; id = 592475632
Error: error_code = 30; This profile is private; id = 2593376
Error: error_code = 30; This profile is private; id = 356756983
Error: error_code = 30; This profile is private; id = 474154631
Error: error_code = 30; This profile is private; id = 383169374
Error: error_code = 30; This profile is private; id = 172371936
Error: error_code = 30; This profile is private; id = 583162225
Error: error_code = 30; This profile is private; id = 101108298
Error: error_code = 15; Access denied: user deactivated; id = 294790956
Error: error_code = 30; This profile is private; id = 634180768
Error: error_code = 15; Access denied: user deactivated; id = 428360707
Error: error_code = 15; Access denied: user deactivated; id = 227195954
Error: error_code = 30; This profile is private; id = 111386097
Error: error_code = 30; This profile is private; id = 1089951
Error: error_code = 15; Access denied: user deactivated; id = 201829764
Error: error_code = 30; This profile is private; id = 681896958
Error: error_code = 30; This profile is private; id = 199951932
Error: error_code = 30; This profile is private; id = 168840957
Error: error_code = 30; This profile is private; id = 3691622
Error: error_code = 30; This profile is private; id = 106758652
Error: error_code = 30; This profile is private; id = 445673940
Error: error_code = 30; This profile is private; id = 704470604
Error: error_code = 30; This profile is private; id = 405611532
Error: error_code = 30; This profile is private; id = 158425288
Error: error_code = 30; This profile is private; id = 29318095
Error: error_code = 15; Access denied: user deactivated; id = 269837561
Error: error_code = 30; This profile is private; id = 284414887
Error: error_code = 15; Access denied: user deactivated; id = 169716622
Error: error_code = 15; Access denied: user deactivated; id = 328982793
Error: error_code = 15; Access denied: user deactivated; id = 401890069
Error: error_code = 15; Access denied: user deactivated; id = 696815003
Error: error_code = 30; This profile is private; id = 167761561
Error: error_code = 30; This profile is private; id = 33323681
Error: error_code = 15; Access denied: user deactivated; id = 325141355
Error: error_code = 30; This profile is private; id = 197029680
Error: error_code = 30; This profile is private; id = 392348652
Error: error_code = 15; Access denied: user deactivated; id = 185533653
Error: error_code = 30; This profile is private; id = 104176655
Error: error_code = 30; This profile is private; id = 344698851
Error: error_code = 30; This profile is private; id = 562009533
Error: error_code = 15; Access denied: user deactivated; id = 523269953
Error: error_code = 15; Access denied: user deactivated; id = 659653472
Error: error_code = 30; This profile is private; id = 486569920
Error: error_code = 15; Access denied: user deactivated; id = 141511117
Error: error_code = 30; This profile is private; id = 293818601
Error: error_code = 30; This profile is private; id = 454210729
Error: error_code = 15; Access denied: user deactivated; id = 215471401
Error: error_code = 30; This profile is private; id = 559038465
Error: error_code = 30; This profile is private; id = 547350996
Error: error_code = 15; Access denied: user deactivated; id = 282321151
Error: error_code = 30; This profile is private; id = 519666330
Error: error_code = 30; This profile is private; id = 113494298
Error: error_code = 30; This profile is private; id = 679651618
Error: error_code = 30; This profile is private; id = 439296047
Error: error_code = 30; This profile is private; id = 616405986
Error: error_code = 15; Access denied: user deactivated; id = 680305801
Error: error_code = 15; Access denied: user deactivated; id = 357139368
Error: error_code = 15; Access denied: user deactivated; id = 554833793
Error: error_code = 30; This profile is private; id = 576764707
Error: error_code = 30; This profile is private; id = 615106955
Error: error_code = 15; Access denied: user deactivated; id = 466252670
Error: error_code = 30; This profile is private; id = 451461633
Error: error_code = 30; This profile is private; id = 661215548
Error: error_code = 15; Access denied: user deactivated; id = 288484806
Error: error_code = 30; This profile is private; id = 520471743
Error: error_code = 30; This profile is private; id = 470660669
Error: error_code = 15; Access denied: user deactivated; id = 340074544
Error: error_code = 15; Access denied: user deactivated; id = 469729872
Error: error_code = 15; Access denied: user deactivated; id = 577850729
Error: error_code = 30; This profile is private; id = 24906548
Error: error_code = 15; Access denied: user deactivated; id = 412623402
Error: error_code = 30; This profile is private; id = 202476219
Error: error_code = 30; This profile is private; id = 563712978
Error: error_code = 15; Access denied: user deactivated; id = 182657380
Error: error_code = 15; Access denied: user deactivated; id = 76913015
Error: error_code = 15; Access denied: user deactivated; id = 407669809
Error: error_code = 30; This profile is private; id = 105690385
Error: error_code = 15; Access denied: user deactivated; id = 714545896
Error: error_code = 30; This profile is private; id = 245829697
Error: error_code = 30; This profile is private; id = 708884277
Error: error_code = 15; Access denied: user deactivated; id = 269059855
Error: error_code = 30; This profile is private; id = 627636824
Error: error_code = 30; This profile is private; id = 200274536
Error: error_code = 15; Access denied: user deactivated; id = 357082545
Error: error_code = 30; This profile is private; id = 383398451
Error: error_code = 30; This profile is private; id = 524533604
Error: error_code = 30; This profile is private; id = 378366898
Error: error_code = 30; This profile is private; id = 4797006
Error: error_code = 15; Access denied: user deactivated; id = 532432268
Error: error_code = 15; Access denied: user deactivated; id = 709080335
Error: error_code = 30; This profile is private; id = 2272365
Error: error_code = 30; This profile is private; id = 378237053
Error: error_code = 30; This profile is private; id = 637255183
Error: error_code = 15; Access denied: user deactivated; id = 418269080
Error: error_code = 30; This profile is private; id = 630944533
Error: error_code = 15; Access denied: user deactivated; id = 9285810
Error: error_code = 15; Access denied: user deactivated; id = 986045
Error: error_code = 15; Access denied: user deactivated; id = 208122452
Error: error_code = 30; This profile is private; id = 236397393
Error: error_code = 30; This profile is private; id = 214748047
Error: error_code = 30; This profile is private; id = 46095969
Error: error_code = 30; This profile is private; id = 262133711
Error: error_code = 15; Access denied: user deactivated; id = 312591333
Error: error_code = 15; Access denied: user deactivated; id = 423670916
Error: error_code = 15; Access denied: user deactivated; id = 322982930
Error: error_code = 15; Access denied: user deactivated; id = 641782046
Error: error_code = 30; This profile is private; id = 140725347
Error: error_code = 15; Access denied: user deactivated; id = 182030242
Error: error_code = 30; This profile is private; id = 449595754
Error: error_code = 15; Access denied: user deactivated; id = 353042462
Error: error_code = 15; Access denied: user deactivated; id = 517481746
Error: error_code = 30; This profile is private; id = 314918459
Error: error_code = 30; This profile is private; id = 618163164
Error: error_code = 30; This profile is private; id = 497181168
Error: error_code = 30; This profile is private; id = 2034483
Error: error_code = 15; Access denied: user deactivated; id = 28357404
Error: error_code = 30; This profile is private; id = 475208030
Error: error_code = 15; Access denied: user deactivated; id = 436561468
Error: error_code = 15; Access denied: user deactivated; id = 430410052
Error: error_code = 30; This profile is private; id = 234514324
Error: error_code = 30; This profile is private; id = 107485198
Error: error_code = 30; This profile is private; id = 396823969
Error: error_code = 30; This profile is private; id = 541277363
Error: error_code = 30; This profile is private; id = 575944021
Error: error_code = 30; This profile is private; id = 709407524
Error: error_code = 30; This profile is private; id = 630315011
Error: error_code = 30; This profile is private; id = 245784630
Error: error_code = 15; Access denied: user deactivated; id = 175864507
Error: error_code = 30; This profile is private; id = 561322078
Error: error_code = 30; This profile is private; id = 138825220
Error: error_code = 15; Access denied: user deactivated; id = 489701358
Error: error_code = 15; Access denied: user deactivated; id = 494635710
Error: error_code = 15; Access denied: user deactivated; id = 472388344
Error: error_code = 30; This profile is private; id = 662351326
Error: error_code = 30; This profile is private; id = 3232297
Error: error_code = 30; This profile is private; id = 596076691
Error: error_code = 30; This profile is private; id = 559625968
Error: error_code = 30; This profile is private; id = 27396184
Error: error_code = 15; Access denied: user deactivated; id = 556161450
Error: error_code = 30; This profile is private; id = 616490740
Error: error_code = 15; Access denied: user deactivated; id = 204509162
Error: error_code = 30; This profile is private; id = 317167707
Error: error_code = 15; Access denied: user deactivated; id = 454050884
Error: error_code = 30; This profile is private; id = 219470503
Error: error_code = 15; Access denied: user deactivated; id = 363975920
Error: error_code = 15; Access denied: user deactivated; id = 590795379
Error: error_code = 30; This profile is private; id = 170184323
Error: error_code = 30; This profile is private; id = 308154274
Error: error_code = 30; This profile is private; id = 28985456
Error: error_code = 15; Access denied: user deactivated; id = 363440414
Error: error_code = 30; This profile is private; id = 465003297
Error: error_code = 30; This profile is private; id = 228741040
Error: error_code = 30; This profile is private; id = 148210552
Error: error_code = 15; Access denied: user deactivated; id = 352771252
Error: error_code = 30; This profile is private; id = 659407308
Error: error_code = 30; This profile is private; id = 634590164
Error: error_code = 15; Access denied: user deactivated; id = 429310518
Error: error_code = 30; This profile is private; id = 593542441
Error: error_code = 30; This profile is private; id = 164435808
Error: error_code = 30; This profile is private; id = 167128347
Error: error_code = 30; This profile is private; id = 50346305
Error: error_code = 30; This profile is private; id = 173409912
Error: error_code = 30; This profile is private; id = 144488719
Error: error_code = 30; This profile is private; id = 553944492
Error: error_code = 30; This profile is private; id = 69918222
Error: error_code = 30; This profile is private; id = 283345663
Error: error_code = 30; This profile is private; id = 2599411
Error: error_code = 30; This profile is private; id = 180536460
Error: error_code = 15; Access denied: user deactivated; id = 32899114
Error: error_code = 30; This profile is private; id = 716529275
Error: error_code = 30; This profile is private; id = 358591513
Error: error_code = 30; This profile is private; id = 144139197
Error: error_code = 15; Access denied: user deactivated; id = 188737249
Error: error_code = 30; This profile is private; id = 705594124
Error: error_code = 30; This profile is private; id = 432916717
Error: error_code = 30; This profile is private; id = 314989914
Error: error_code = 15; Access denied: user deactivated; id = 335369086
Error: error_code = 15; Access denied: user deactivated; id = 273952404
Error: error_code = 30; This profile is private; id = 38258446
Error: error_code = 30; This profile is private; id = 79719096
Error: error_code = 15; Access denied: user deactivated; id = 20808439
Error: error_code = 30; This profile is private; id = 678550944
Error: error_code = 30; This profile is private; id = 65588465
Error: error_code = 30; This profile is private; id = 272747712
Error: error_code = 15; Access denied: user deactivated; id = 416399591
Error: error_code = 30; This profile is private; id = 364221830
Error: error_code = 30; This profile is private; id = 583279841
Error: error_code = 30; This profile is private; id = 433338825
Error: error_code = 15; Access denied: user deactivated; id = 420770679
Error: error_code = 30; This profile is private; id = 231943482
Error: error_code = 15; Access denied: user deactivated; id = 277657138
Error: error_code = 30; This profile is private; id = 381616823
Error: error_code = 30; This profile is private; id = 705742516
Error: error_code = 30; This profile is private; id = 5616212
Error: error_code = 30; This profile is private; id = 699314900
Error: error_code = 30; This profile is private; id = 573841748
Error: error_code = 30; This profile is private; id = 50916732
Error: error_code = 30; This profile is private; id = 292112696
Error: error_code = 15; Access denied: user deactivated; id = 343762473
Error: error_code = 30; This profile is private; id = 710763374
Error: error_code = 15; Access denied: user deactivated; id = 262611323
Error: error_code = 30; This profile is private; id = 29830697
Error: error_code = 30; This profile is private; id = 525938136
Error: error_code = 30; This profile is private; id = 325903083
Error: error_code = 30; This profile is private; id = 86133610
Error: error_code = 15; Access denied: user deactivated; id = 364945789
Error: error_code = 30; This profile is private; id = 654902255
Error: error_code = 30; This profile is private; id = 317133547
Error: error_code = 30; This profile is private; id = 1203681
Error: error_code = 15; Access denied: user deactivated; id = 695300410
Error: error_code = 30; This profile is private; id = 6590602
Error: error_code = 30; This profile is private; id = 298153750
Error: error_code = 30; This profile is private; id = 145688586
Error: error_code = 30; This profile is private; id = 254985542
Error: error_code = 15; Access denied: user deactivated; id = 670740759
Error: error_code = 30; This profile is private; id = 563136839
Error: error_code = 15; Access denied: user deactivated; id = 318444667
Error: error_code = 15; Access denied: user deactivated; id = 224969362
Error: error_code = 30; This profile is private; id = 709259390
Error: error_code = 30; This profile is private; id = 478700234
Error: error_code = 30; This profile is private; id = 577199440
Error: error_code = 15; Access denied: user deactivated; id = 286986902
Error: error_code = 30; This profile is private; id = 134947926
Error: error_code = 15; Access denied: user deactivated; id = 369232924
Error: error_code = 15; Access denied: user deactivated; id = 561885340
Error: error_code = 15; Access denied: user deactivated; id = 264053085
Error: error_code = 15; Access denied: user deactivated; id = 538050402
Error: error_code = 30; This profile is private; id = 36606
Error: error_code = 30; This profile is private; id = 78534856
Error: error_code = 15; Access denied: user deactivated; id = 525629651
Error: error_code = 30; This profile is private; id = 705302025
Error: error_code = 30; This profile is private; id = 590029093
Error: error_code = 30; This profile is private; id = 558082833
Error: error_code = 15; Access denied: user deactivated; id = 347447010
Error: error_code = 30; This profile is private; id = 489891714
Error: error_code = 30; This profile is private; id = 30033938
Error: error_code = 30; This profile is private; id = 218345032
Error: error_code = 15; Access denied: user deactivated; id = 184710070
Error: error_code = 15; Access denied: user deactivated; id = 23327326
Error: error_code = 30; This profile is private; id = 41744056
Error: error_code = 30; This profile is private; id = 10668578
Error: error_code = 15; Access denied: user deactivated; id = 162532002
Error: error_code = 30; This profile is private; id = 573148832
Error: error_code = 15; Access denied: user deactivated; id = 357734928
Error: error_code = 15; Access denied: user deactivated; id = 150845617
Error: error_code = 15; Access denied: user deactivated; id = 264163124
Error: error_code = 30; This profile is private; id = 53151692
Error: error_code = 15; Access denied: user deactivated; id = 324393768
Error: error_code = 30; This profile is private; id = 303849610
Error: error_code = 15; Access denied: user deactivated; id = 712280945
Error: error_code = 15; Access denied: user deactivated; id = 26248075
Error: error_code = 30; This profile is private; id = 525122534
Error: error_code = 30; This profile is private; id = 519653669
Error: error_code = 30; This profile is private; id = 114076876
Error: error_code = 30; This profile is private; id = 531800197
Error: error_code = 30; This profile is private; id = 409132533
Error: error_code = 30; This profile is private; id = 482660076
Error: error_code = 30; This profile is private; id = 303908581
Error: error_code = 30; This profile is private; id = 69978587
Error: error_code = 30; This profile is private; id = 26594660
Error: error_code = 15; Access denied: user deactivated; id = 304190947
Error: error_code = 30; This profile is private; id = 373543616
Error: error_code = 15; Access denied: user deactivated; id = 552919464
Error: error_code = 30; This profile is private; id = 238363957
Error: error_code = 30; This profile is private; id = 486578086
Error: error_code = 30; This profile is private; id = 370805685
Error: error_code = 30; This profile is private; id = 311154403
Error: error_code = 30; This profile is private; id = 6312332
Error: error_code = 15; Access denied: user deactivated; id = 441163869
Error: error_code = 15; Access denied: user deactivated; id = 416955961
Error: error_code = 30; This profile is private; id = 245720637
Error: error_code = 30; This profile is private; id = 669883745
Error: error_code = 30; This profile is private; id = 715963760
Error: error_code = 30; This profile is private; id = 2499789
Error: error_code = 30; This profile is private; id = 672006778
Error: error_code = 30; This profile is private; id = 118609951
Error: error_code = 15; Access denied: user deactivated; id = 50975567
Error: error_code = 15; Access denied: user deactivated; id = 566381453
Error: error_code = 15; Access denied: user deactivated; id = 427551155
Error: error_code = 30; This profile is private; id = 11698610
Error: error_code = 30; This profile is private; id = 407003328
Error: error_code = 15; Access denied: user deactivated; id = 228498728
Error: error_code = 30; This profile is private; id = 268821900
Error: error_code = 15; Access denied: user deactivated; id = 427908907
Error: error_code = 30; This profile is private; id = 714238036
Error: error_code = 30; This profile is private; id = 310598988
Error: error_code = 15; Access denied: user deactivated; id = 551532835
Error: error_code = 30; This profile is private; id = 209767373
Error: error_code = 15; Access denied: user deactivated; id = 227676229
Error: error_code = 30; This profile is private; id = 522593546
Error: error_code = 15; Access denied: user deactivated; id = 612267561
Error: error_code = 15; Access denied: user deactivated; id = 557843221
Error: error_code = 30; This profile is private; id = 121739611
Error: error_code = 30; This profile is private; id = 613928570
Error: error_code = 15; Access denied: user deactivated; id = 550354410
Error: error_code = 30; This profile is private; id = 2980835
Error: error_code = 30; This profile is private; id = 186370009
Error: error_code = 15; Access denied: user deactivated; id = 464027516
Error: error_code = 30; This profile is private; id = 516303637
Error: error_code = 15; Access denied: user deactivated; id = 196311693
Error: error_code = 15; Access denied: user deactivated; id = 476700604
Error: error_code = 30; This profile is private; id = 587425482
Error: error_code = 15; Access denied: user deactivated; id = 426009378
Error: error_code = 30; This profile is private; id = 509004823
Error: error_code = 15; Access denied: user deactivated; id = 561040608
Error: error_code = 30; This profile is private; id = 357241832
Error: error_code = 30; This profile is private; id = 160798232
Error: error_code = 30; This profile is private; id = 619389008
Error: error_code = 15; Access denied: user deactivated; id = 564278748
Error: error_code = 30; This profile is private; id = 68989443
Error: error_code = 15; Access denied: user deactivated; id = 483192222
Error: error_code = 15; Access denied: user deactivated; id = 426278516
Error: error_code = 30; This profile is private; id = 346410001
Error: error_code = 15; Access denied: user deactivated; id = 331118688
Error: error_code = 30; This profile is private; id = 691888298
Error: error_code = 30; This profile is private; id = 270110253
Error: error_code = 15; Access denied: user deactivated; id = 620731412
Error: error_code = 15; Access denied: user deactivated; id = 435635483
Error: error_code = 15; Access denied: user deactivated; id = 315894481
Error: error_code = 30; This profile is private; id = 569224248
Error: error_code = 30; This profile is private; id = 681062142
Error: error_code = 15; Access denied: user deactivated; id = 205973029
Error: error_code = 30; This profile is private; id = 429825658
Error: error_code = 30; This profile is private; id = 5009816
Error: error_code = 30; This profile is private; id = 207665577
Error: error_code = 30; This profile is private; id = 42208988
Error: error_code = 15; Access denied: user deactivated; id = 406338278
Error: error_code = 15; Access denied: user deactivated; id = 550321484
Error: error_code = 15; Access denied: user deactivated; id = 363364921
Error: error_code = 30; This profile is private; id = 318977271
Error: error_code = 15; Access denied: user deactivated; id = 210095637
Error: error_code = 30; This profile is private; id = 596012206
Error: error_code = 30; This profile is private; id = 72693968
Error: error_code = 15; Access denied: user deactivated; id = 323738729
Error: error_code = 30; This profile is private; id = 4614788
Error: error_code = 30; This profile is private; id = 414592550
Error: error_code = 30; This profile is private; id = 315761701
Error: error_code = 15; Access denied: user deactivated; id = 238587483
Error: error_code = 30; This profile is private; id = 596388817
Error: error_code = 15; Access denied: user deactivated; id = 41085169
Error: error_code = 15; Access denied: user deactivated; id = 408462079
Error: error_code = 30; This profile is private; id = 150703468
Error: error_code = 30; This profile is private; id = 299977097
Error: error_code = 30; This profile is private; id = 50684781
Error: error_code = 30; This profile is private; id = 196266654
Error: error_code = 15; Access denied: user deactivated; id = 630257356
Error: error_code = 30; This profile is private; id = 695982022
Error: error_code = 30; This profile is private; id = 695300079
Error: error_code = 30; This profile is private; id = 159226514
Error: error_code = 30; This profile is private; id = 508409740
Error: error_code = 15; Access denied: user deactivated; id = 240998186
Error: error_code = 15; Access denied: user deactivated; id = 227327169
Error: error_code = 30; This profile is private; id = 706358663
Error: error_code = 30; This profile is private; id = 446252935
Error: error_code = 30; This profile is private; id = 549526339
Error: error_code = 15; Access denied: user deactivated; id = 230514459
Error: error_code = 30; This profile is private; id = 135867172
Error: error_code = 30; This profile is private; id = 554114865
Error: error_code = 15; Access denied: user deactivated; id = 337334299
Error: error_code = 15; Access denied: user deactivated; id = 652656766
Error: error_code = 30; This profile is private; id = 56872264
Error: error_code = 15; Access denied: user deactivated; id = 395774050
Error: error_code = 30; This profile is private; id = 155592995
Error: error_code = 15; Access denied: user deactivated; id = 514931592
Error: error_code = 15; Access denied: user deactivated; id = 220929548
Error: error_code = 30; This profile is private; id = 566814646
Error: error_code = 30; This profile is private; id = 27339430
Error: error_code = 15; Access denied: user deactivated; id = 414084386
Error: error_code = 30; This profile is private; id = 598778498
Error: error_code = 30; This profile is private; id = 447238092
Error: error_code = 30; This profile is private; id = 14564716
Error: error_code = 30; This profile is private; id = 379574942
Error: error_code = 30; This profile is private; id = 567143663
Error: error_code = 30; This profile is private; id = 627924138
Error: error_code = 30; This profile is private; id = 225679662
Error: error_code = 30; This profile is private; id = 668911990
Error: error_code = 30; This profile is private; id = 13262508
Error: error_code = 30; This profile is private; id = 475754001
Error: error_code = 30; This profile is private; id = 398296285
Error: error_code = 15; Access denied: user deactivated; id = 422912532
Error: error_code = 15; Access denied: user deactivated; id = 391843292
Error: error_code = 30; This profile is private; id = 269896883
Error: error_code = 30; This profile is private; id = 3988064
Error: error_code = 30; This profile is private; id = 595330363
Error: error_code = 15; Access denied: user deactivated; id = 656874346
Error: error_code = 15; Access denied: user deactivated; id = 211989556
Error: error_code = 15; Access denied: user deactivated; id = 185197261
Error: error_code = 15; Access denied: user deactivated; id = 18435410
Error: error_code = 30; This profile is private; id = 30690105
Error: error_code = 30; This profile is private; id = 567465524
Error: error_code = 30; This profile is private; id = 348777408
Error: error_code = 30; This profile is private; id = 403576906
Error: error_code = 15; Access denied: user deactivated; id = 373336237
Error: error_code = 30; This profile is private; id = 14801776
Error: error_code = 30; This profile is private; id = 170096117
Error: error_code = 15; Access denied: user deactivated; id = 421564878
Error: error_code = 30; This profile is private; id = 320691026
Error: error_code = 30; This profile is private; id = 232230664
Error: error_code = 30; This profile is private; id = 192973565
Error: error_code = 30; This profile is private; id = 221570990
Error: error_code = 30; This profile is private; id = 695101631
Error: error_code = 30; This profile is private; id = 174082741
Error: error_code = 15; Access denied: user deactivated; id = 403822860
Error: error_code = 30; This profile is private; id = 269616960
Error: error_code = 15; Access denied: user deactivated; id = 549242335
Error: error_code = 30; This profile is private; id = 126315491
Error: error_code = 30; This profile is private; id = 7095574
Error: error_code = 30; This profile is private; id = 615424114
Error: error_code = 30; This profile is private; id = 52539286
Error: error_code = 15; Access denied: user deactivated; id = 705969276
Error: error_code = 30; This profile is private; id = 37385136
Error: error_code = 30; This profile is private; id = 561798557
Error: error_code = 15; Access denied: user deactivated; id = 134181816
Error: error_code = 30; This profile is private; id = 66362696
Error: error_code = 30; This profile is private; id = 594998295
Error: error_code = 15; Access denied: user deactivated; id = 182023761
Error: error_code = 30; This profile is private; id = 404552550
Error: error_code = 30; This profile is private; id = 594368698
Error: error_code = 30; This profile is private; id = 57071291
Error: error_code = 30; This profile is private; id = 641452073
Error: error_code = 15; Access denied: user deactivated; id = 400955614
Error: error_code = 30; This profile is private; id = 38844948
Error: error_code = 30; This profile is private; id = 55392549
Error: error_code = 15; Access denied: user deactivated; id = 502392410
Error: error_code = 30; This profile is private; id = 191491269
Error: error_code = 15; Access denied: user deactivated; id = 472274540
Error: error_code = 30; This profile is private; id = 324030404
Error: error_code = 15; Access denied: user deactivated; id = 185669724
Error: error_code = 30; This profile is private; id = 529004875
Error: error_code = 30; This profile is private; id = 3781382
Error: error_code = 15; Access denied: user deactivated; id = 408396440
Error: error_code = 15; Access denied: user deactivated; id = 70826013
Error: error_code = 30; This profile is private; id = 114168489
Error: error_code = 15; Access denied: user deactivated; id = 469001742
Error: error_code = 30; This profile is private; id = 69377677
Error: error_code = 15; Access denied: user deactivated; id = 96401524
Error: error_code = 30; This profile is private; id = 498161530
Error: error_code = 30; This profile is private; id = 349713456
Error: error_code = 15; Access denied: user deactivated; id = 491355611
Error: error_code = 15; Access denied: user deactivated; id = 612798386
Error: error_code = 30; This profile is private; id = 663718958
Error: error_code = 30; This profile is private; id = 449546345
Error: error_code = 30; This profile is private; id = 532289302
Error: error_code = 15; Access denied: user deactivated; id = 423912163
Error: error_code = 15; Access denied: user deactivated; id = 516949241
Error: error_code = 15; Access denied: user deactivated; id = 521907093
Error: error_code = 30; This profile is private; id = 456045280
Error: error_code = 15; Access denied: user deactivated; id = 366422171
Error: error_code = 30; This profile is private; id = 686276720
Error: error_code = 30; This profile is private; id = 52753780
Error: error_code = 30; This profile is private; id = 47694836
Error: error_code = 30; This profile is private; id = 397930035
Error: error_code = 15; Access denied: user deactivated; id = 150570597
Error: error_code = 30; This profile is private; id = 8947033
Error: error_code = 15; Access denied: user deactivated; id = 448041417
Error: error_code = 30; This profile is private; id = 12871522
Error: error_code = 30; This profile is private; id = 652661637
Error: error_code = 30; This profile is private; id = 361293436
Error: error_code = 30; This profile is private; id = 408620071
Error: error_code = 15; Access denied: user deactivated; id = 284193675
Error: error_code = 30; This profile is private; id = 294179036
Error: error_code = 30; This profile is private; id = 216832158
Error: error_code = 30; This profile is private; id = 420380659
Error: error_code = 30; This profile is private; id = 117813090
Error: error_code = 30; This profile is private; id = 438468438
Error: error_code = 30; This profile is private; id = 25689862
Error: error_code = 15; Access denied: user deactivated; id = 193193211
Error: error_code = 30; This profile is private; id = 23599872
Error: error_code = 15; Access denied: user deactivated; id = 421359248
Error: error_code = 30; This profile is private; id = 593909495
Error: error_code = 30; This profile is private; id = 97990785
Error: error_code = 15; Access denied: user deactivated; id = 25934748
Error: error_code = 30; This profile is private; id = 63057295
Error: error_code = 15; Access denied: user deactivated; id = 220356651
Error: error_code = 30; This profile is private; id = 674663863
Error: error_code = 30; This profile is private; id = 392735
Error: error_code = 30; This profile is private; id = 665697752
Error: error_code = 15; Access denied: user deactivated; id = 410924264
Error: error_code = 15; Access denied: user deactivated; id = 452570843
Error: error_code = 15; Access denied: user deactivated; id = 183716172
Error: error_code = 15; Access denied: user deactivated; id = 689342676
Error: error_code = 30; This profile is private; id = 169670236
Error: error_code = 15; Access denied: user deactivated; id = 361018342
Error: error_code = 30; This profile is private; id = 162201844
Error: error_code = 30; This profile is private; id = 584924723
Error: error_code = 30; This profile is private; id = 547397318
Error: error_code = 30; This profile is private; id = 283904544
Error: error_code = 30; This profile is private; id = 307521106
Error: error_code = 30; This profile is private; id = 521174004
Error: error_code = 15; Access denied: user deactivated; id = 192415810
Error: error_code = 30; This profile is private; id = 143570595
Error: error_code = 30; This profile is private; id = 47604565
Error: error_code = 30; This profile is private; id = 342307294
Error: error_code = 30; This profile is private; id = 563687611
Error: error_code = 30; This profile is private; id = 32468500
Error: error_code = 30; This profile is private; id = 211929737
Error: error_code = 30; This profile is private; id = 90016852
Error: error_code = 30; This profile is private; id = 337840882
Error: error_code = 30; This profile is private; id = 498575972
Error: error_code = 15; Access denied: user deactivated; id = 4042276
Error: error_code = 30; This profile is private; id = 438154443
Error: error_code = 15; Access denied: user deactivated; id = 582067638
Error: error_code = 30; This profile is private; id = 226620479
Error: error_code = 30; This profile is private; id = 336619234
Error: error_code = 30; This profile is private; id = 25232074
Error: error_code = 30; This profile is private; id = 75773114
Error: error_code = 30; This profile is private; id = 185994726
Error: error_code = 30; This profile is private; id = 281271615
Error: error_code = 30; This profile is private; id = 529832098
Error: error_code = 30; This profile is private; id = 445477591
Error: error_code = 30; This profile is private; id = 221119201
Error: error_code = 15; Access denied: user deactivated; id = 639164917
Error: error_code = 30; This profile is private; id = 267686217
Error: error_code = 30; This profile is private; id = 506211775
Error: error_code = 30; This profile is private; id = 138398970
Error: error_code = 15; Access denied: user deactivated; id = 28714105
Error: error_code = 15; Access denied: user deactivated; id = 49522574
Error: error_code = 30; This profile is private; id = 429657756
Error: error_code = 15; Access denied: user deactivated; id = 326953730
Error: error_code = 30; This profile is private; id = 58437101
Error: error_code = 30; This profile is private; id = 318168419
Error: error_code = 15; Access denied: user deactivated; id = 403803701
Error: error_code = 15; Access denied: user deactivated; id = 219787183
Error: error_code = 30; This profile is private; id = 535159667
Error: error_code = 30; This profile is private; id = 36157294
Error: error_code = 15; Access denied: user deactivated; id = 351847533
Error: error_code = 30; This profile is private; id = 480424724
Error: error_code = 30; This profile is private; id = 618500380
Error: error_code = 15; Access denied: user deactivated; id = 642453704
Error: error_code = 30; This profile is private; id = 499119499
Error: error_code = 30; This profile is private; id = 310737601
Error: error_code = 30; This profile is private; id = 504874472
Error: error_code = 30; This profile is private; id = 716272075
Error: error_code = 30; This profile is private; id = 5673162
Error: error_code = 30; This profile is private; id = 475447918
Error: error_code = 15; Access denied: user deactivated; id = 135720248
Error: error_code = 30; This profile is private; id = 312590297
Error: error_code = 30; This profile is private; id = 542614
Error: error_code = 15; Access denied: user deactivated; id = 520342982
Error: error_code = 30; This profile is private; id = 424814938
Error: error_code = 15; Access denied: user deactivated; id = 562061463
Error: error_code = 30; This profile is private; id = 359170648
Error: error_code = 30; This profile is private; id = 29719044
Error: error_code = 15; Access denied: user deactivated; id = 549403952
Error: error_code = 15; Access denied: user deactivated; id = 405757211
Error: error_code = 15; Access denied: user deactivated; id = 162776218
Error: error_code = 15; Access denied: user deactivated; id = 438297415
Error: error_code = 15; Access denied: user deactivated; id = 264324692
Error: error_code = 30; This profile is private; id = 135889739
Error: error_code = 30; This profile is private; id = 597405363
Error: error_code = 30; This profile is private; id = 232043805
Error: error_code = 15; Access denied: user deactivated; id = 202829978
Error: error_code = 30; This profile is private; id = 186711407
Error: error_code = 15; Access denied: user deactivated; id = 23107523
Error: error_code = 30; This profile is private; id = 448603341
Error: error_code = 30; This profile is private; id = 159003617
Error: error_code = 15; Access denied: user deactivated; id = 240651022
Error: error_code = 15; Access denied: user deactivated; id = 9266303
Error: error_code = 15; Access denied: user deactivated; id = 250197046
Error: error_code = 30; This profile is private; id = 23256894
Error: error_code = 30; This profile is private; id = 241975998
Error: error_code = 15; Access denied: user deactivated; id = 310510175
Error: error_code = 30; This profile is private; id = 510482289
Error: error_code = 15; Access denied: user deactivated; id = 315037423
Error: error_code = 30; This profile is private; id = 657573269
Error: error_code = 30; This profile is private; id = 75792508
Error: error_code = 15; Access denied: user deactivated; id = 207645916
Error: error_code = 30; This profile is private; id = 212831702
Error: error_code = 15; Access denied: user deactivated; id = 540290849
Error: error_code = 30; This profile is private; id = 607597587
Error: error_code = 30; This profile is private; id = 203717522
Error: error_code = 15; Access denied: user deactivated; id = 92509062
Error: error_code = 30; This profile is private; id = 97131583
Error: error_code = 15; Access denied: user deactivated; id = 210024670
Error: error_code = 15; Access denied: user deactivated; id = 399624634
Error: error_code = 30; This profile is private; id = 48325369
Error: error_code = 15; Access denied: user deactivated; id = 293265716
Error: error_code = 30; This profile is private; id = 151126931
Error: error_code = 30; This profile is private; id = 299220064
Error: error_code = 15; Access denied: user deactivated; id = 414330562
Error: error_code = 15; Access denied: user deactivated; id = 457047448
Error: error_code = 30; This profile is private; id = 496927166
Error: error_code = 30; This profile is private; id = 571377129
Error: error_code = 15; Access denied: user deactivated; id = 420339316
Error: error_code = 15; Access denied: user deactivated; id = 533577717
Error: error_code = 30; This profile is private; id = 20034532
Error: error_code = 30; This profile is private; id = 477559874
Error: error_code = 30; This profile is private; id = 191606574
Error: error_code = 15; Access denied: user deactivated; id = 624445830
Error: error_code = 30; This profile is private; id = 476657680
Error: error_code = 30; This profile is private; id = 22568767
Error: error_code = 30; This profile is private; id = 341062308
Error: error_code = 15; Access denied: user deactivated; id = 2340743
Error: error_code = 15; Access denied: user deactivated; id = 680559928
Error: error_code = 15; Access denied: user deactivated; id = 561397484
Error: error_code = 30; This profile is private; id = 558118175
Error: error_code = 30; This profile is private; id = 42171489
Error: error_code = 15; Access denied: user deactivated; id = 529957836
Error: error_code = 30; This profile is private; id = 172254735
Error: error_code = 15; Access denied: user deactivated; id = 153636646
Error: error_code = 15; Access denied: user deactivated; id = 264196290
Error: error_code = 30; This profile is private; id = 16311078
Error: error_code = 15; Access denied: user deactivated; id = 400754052
Error: error_code = 30; This profile is private; id = 119229376
Error: error_code = 30; This profile is private; id = 172338747
Error: error_code = 30; This profile is private; id = 657312341
Error: error_code = 15; Access denied: user deactivated; id = 299039503
Error: error_code = 15; Access denied: user deactivated; id = 475358212
Error: error_code = 15; Access denied: user deactivated; id = 29004281
Error: error_code = 30; This profile is private; id = 5723490
Error: error_code = 30; This profile is private; id = 603829892
Error: error_code = 30; This profile is private; id = 460660197
Error: error_code = 30; This profile is private; id = 671007959
Error: error_code = 30; This profile is private; id = 155676725
Error: error_code = 15; Access denied: user deactivated; id = 207851241
Error: error_code = 30; This profile is private; id = 66729751
Error: error_code = 30; This profile is private; id = 501122546
Error: error_code = 30; This profile is private; id = 96987263
Error: error_code = 30; This profile is private; id = 690513
Error: error_code = 30; This profile is private; id = 713764256
Error: error_code = 15; Access denied: user deactivated; id = 155558497
Error: error_code = 30; This profile is private; id = 468218249
Error: error_code = 30; This profile is private; id = 713660030
Error: error_code = 30; This profile is private; id = 210485219
Error: error_code = 30; This profile is private; id = 133398145
Error: error_code = 30; This profile is private; id = 379540276
Error: error_code = 30; This profile is private; id = 552564008
Error: error_code = 15; Access denied: user deactivated; id = 387272422
Error: error_code = 30; This profile is private; id = 211344860
Error: error_code = 15; Access denied: user deactivated; id = 208191528
Error: error_code = 30; This profile is private; id = 353789932
Error: error_code = 15; Access denied: user deactivated; id = 299709083
Error: error_code = 30; This profile is private; id = 352210071
Error: error_code = 30; This profile is private; id = 712064657
Error: error_code = 30; This profile is private; id = 351681631
Error: error_code = 30; This profile is private; id = 555310124
Error: error_code = 30; This profile is private; id = 621085021
Error: error_code = 15; Access denied: user deactivated; id = 169510381
Error: error_code = 30; This profile is private; id = 78054736
Error: error_code = 30; This profile is private; id = 143699615
Error: error_code = 15; Access denied: user deactivated; id = 332355013
Error: error_code = 30; This profile is private; id = 14451860
Error: error_code = 30; This profile is private; id = 651729144
Error: error_code = 30; This profile is private; id = 24185640
Error: error_code = 30; This profile is private; id = 550943249
Error: error_code = 30; This profile is private; id = 52582013
Error: error_code = 30; This profile is private; id = 610205459
Error: error_code = 15; Access denied: user deactivated; id = 543405238
Error: error_code = 30; This profile is private; id = 564280900
Error: error_code = 15; Access denied: user deactivated; id = 423025544
Error: error_code = 15; Access denied: user deactivated; id = 190781351
Error: error_code = 15; Access denied: user deactivated; id = 638088312
Error: error_code = 15; Access denied: user deactivated; id = 538049412
Error: error_code = 30; This profile is private; id = 385010691
Error: error_code = 30; This profile is private; id = 637705463
Error: error_code = 30; This profile is private; id = 186990401
Error: error_code = 30; This profile is private; id = 560283828
Error: error_code = 30; This profile is private; id = 39526169
Error: error_code = 15; Access denied: user deactivated; id = 246220534
Error: error_code = 30; This profile is private; id = 159150703
Error: error_code = 30; This profile is private; id = 279461680
Error: error_code = 30; This profile is private; id = 150874586
Error: error_code = 30; This profile is private; id = 292016410
Error: error_code = 15; Access denied: user deactivated; id = 515138950
Error: error_code = 30; This profile is private; id = 43553027
Error: error_code = 30; This profile is private; id = 284434875
Error: error_code = 15; Access denied: user deactivated; id = 360542726
Error: error_code = 30; This profile is private; id = 30215715
Error: error_code = 30; This profile is private; id = 644693408
Error: error_code = 30; This profile is private; id = 410201869
Error: error_code = 30; This profile is private; id = 260105038
Error: error_code = 15; Access denied: user deactivated; id = 27315871
Error: error_code = 30; This profile is private; id = 407016588
Error: error_code = 30; This profile is private; id = 202961540
Error: error_code = 30; This profile is private; id = 521410883
Error: error_code = 15; Access denied: user deactivated; id = 526981649
Error: error_code = 30; This profile is private; id = 480092690
Error: error_code = 15; Access denied: user deactivated; id = 548082176
Error: error_code = 15; Access denied: user deactivated; id = 392018762
Error: error_code = 30; This profile is private; id = 439183869
Error: error_code = 30; This profile is private; id = 201694627
Error: error_code = 30; This profile is private; id = 185879329
Error: error_code = 15; Access denied: user deactivated; id = 249043401
Error: error_code = 30; This profile is private; id = 255051029
Error: error_code = 30; This profile is private; id = 188456324
Error: error_code = 30; This profile is private; id = 235093067
Error: error_code = 15; Access denied: user deactivated; id = 30789812
Error: error_code = 30; This profile is private; id = 22892319
Error: error_code = 15; Access denied: user deactivated; id = 279715594
Error: error_code = 15; Access denied: user deactivated; id = 229940984
Error: error_code = 30; This profile is private; id = 655458113
Error: error_code = 30; This profile is private; id = 56239716
Error: error_code = 30; This profile is private; id = 173062688
Error: error_code = 15; Access denied: user deactivated; id = 430972469
Error: error_code = 15; Access denied: user deactivated; id = 4062346
Error: error_code = 30; This profile is private; id = 302183000
Error: error_code = 30; This profile is private; id = 33970359
Error: error_code = 30; This profile is private; id = 97857621
Error: error_code = 15; Access denied: user deactivated; id = 379358159
Error: error_code = 30; This profile is private; id = 11522157
Error: error_code = 30; This profile is private; id = 665760485
Error: error_code = 30; This profile is private; id = 439744330
Error: error_code = 30; This profile is private; id = 162673554
Error: error_code = 30; This profile is private; id = 122030312
Error: error_code = 30; This profile is private; id = 559341368
Error: error_code = 30; This profile is private; id = 398058125
Error: error_code = 30; This profile is private; id = 513816833
Error: error_code = 30; This profile is private; id = 522090885
Error: error_code = 30; This profile is private; id = 639492713
Error: error_code = 15; Access denied: user deactivated; id = 404033928
Error: error_code = 15; Access denied: user deactivated; id = 664572528
Error: error_code = 30; This profile is private; id = 163488578
Error: error_code = 30; This profile is private; id = 8676230
Error: error_code = 15; Access denied: user deactivated; id = 200211533
Error: error_code = 30; This profile is private; id = 48090660
Error: error_code = 15; Access denied: user deactivated; id = 395349552
Error: error_code = 15; Access denied: user deactivated; id = 177434886
Error: error_code = 30; This profile is private; id = 186031318
Error: error_code = 30; This profile is private; id = 235105954
Error: error_code = 30; This profile is private; id = 697964804
Error: error_code = 30; This profile is private; id = 560291304
Error: error_code = 30; This profile is private; id = 64831213
Error: error_code = 30; This profile is private; id = 52702494
Error: error_code = 15; Access denied: user deactivated; id = 350091912
Error: error_code = 30; This profile is private; id = 273669040
Error: error_code = 30; This profile is private; id = 3969393
Error: error_code = 15; Access denied: user deactivated; id = 526794316
Error: error_code = 30; This profile is private; id = 580246029
Error: error_code = 30; This profile is private; id = 94418218
Error: error_code = 30; This profile is private; id = 590963873
Error: error_code = 30; This profile is private; id = 570522743
Error: error_code = 30; This profile is private; id = 459079213
Error: error_code = 15; Access denied: user deactivated; id = 484284911
Error: error_code = 30; This profile is private; id = 189876496
Error: error_code = 30; This profile is private; id = 310419431
Error: error_code = 30; This profile is private; id = 454127439
Error: error_code = 30; This profile is private; id = 308541362
Error: error_code = 15; Access denied: user deactivated; id = 386545902
Error: error_code = 30; This profile is private; id = 157829125
Error: error_code = 15; Access denied: user deactivated; id = 242902363
Error: error_code = 30; This profile is private; id = 96588362
Error: error_code = 30; This profile is private; id = 422869522
Error: error_code = 30; This profile is private; id = 448046057
Error: error_code = 15; Access denied: user deactivated; id = 493159186
Error: error_code = 30; This profile is private; id = 156598238
Error: error_code = 30; This profile is private; id = 227082699
Error: error_code = 15; Access denied: user deactivated; id = 204612646
Error: error_code = 30; This profile is private; id = 100568584
Error: error_code = 30; This profile is private; id = 418403550
Error: error_code = 30; This profile is private; id = 610347651
Error: error_code = 15; Access denied: user deactivated; id = 360932560
Error: error_code = 30; This profile is private; id = 334582997
Error: error_code = 30; This profile is private; id = 706387938
Error: error_code = 15; Access denied: user deactivated; id = 397177712
Error: error_code = 30; This profile is private; id = 13609453
Error: error_code = 15; Access denied: user deactivated; id = 707570089
Error: error_code = 15; Access denied: user deactivated; id = 221055188
Error: error_code = 15; Access denied: user deactivated; id = 133472955
Error: error_code = 30; This profile is private; id = 95126174
Error: error_code = 30; This profile is private; id = 689450634
Error: error_code = 15; Access denied: user deactivated; id = 704548521
Error: error_code = 15; Access denied: user deactivated; id = 412179974
Error: error_code = 15; Access denied: user deactivated; id = 416021381
Error: error_code = 15; Access denied: user deactivated; id = 26323872
Error: error_code = 30; This profile is private; id = 279753163
Error: error_code = 15; Access denied: user deactivated; id = 319748817
Error: error_code = 30; This profile is private; id = 55401628
Error: error_code = 30; This profile is private; id = 431187850
Error: error_code = 15; Access denied: user deactivated; id = 207300201
Error: error_code = 30; This profile is private; id = 571005173
Error: error_code = 15; Access denied: user deactivated; id = 219869428
Error: error_code = 30; This profile is private; id = 311393343
Error: error_code = 15; Access denied: user deactivated; id = 215819969
Error: error_code = 30; This profile is private; id = 369775239
Error: error_code = 30; This profile is private; id = 22250320
Error: error_code = 30; This profile is private; id = 619573590
Error: error_code = 15; Access denied: user deactivated; id = 432029846
Error: error_code = 15; Access denied: user deactivated; id = 296781485
Error: error_code = 30; This profile is private; id = 21547029
Error: error_code = 30; This profile is private; id = 228238356
Error: error_code = 30; This profile is private; id = 333424323
Error: error_code = 15; Access denied: user deactivated; id = 161643249
Error: error_code = 15; Access denied: user deactivated; id = 668727148
Error: error_code = 30; This profile is private; id = 2383539
Error: error_code = 30; This profile is private; id = 50522114
Error: error_code = 15; Access denied: user deactivated; id = 235633696
Error: error_code = 30; This profile is private; id = 511186874
Error: error_code = 30; This profile is private; id = 411103572
Error: error_code = 15; Access denied: user deactivated; id = 98827326
Error: error_code = 30; This profile is private; id = 170953003
Error: error_code = 30; This profile is private; id = 55712415
Error: error_code = 30; This profile is private; id = 826324
Error: error_code = 30; This profile is private; id = 44237820
Error: error_code = 30; This profile is private; id = 151075496
Error: error_code = 15; Access denied: user deactivated; id = 360568088
Error: error_code = 15; Access denied: user deactivated; id = 216629791
Error: error_code = 15; Access denied: user deactivated; id = 384035022
Error: error_code = 30; This profile is private; id = 228153580
Error: error_code = 30; This profile is private; id = 149586180
Error: error_code = 30; This profile is private; id = 193200237
Error: error_code = 15; Access denied: user deactivated; id = 401556917
Error: error_code = 30; This profile is private; id = 398849133
Error: error_code = 15; Access denied: user deactivated; id = 446878812
Error: error_code = 30; This profile is private; id = 299146664
Error: error_code = 30; This profile is private; id = 6931708
Error: error_code = 30; This profile is private; id = 154272546
Error: error_code = 30; This profile is private; id = 548588954
Error: error_code = 30; This profile is private; id = 102714983
Error: error_code = 15; Access denied: user deactivated; id = 522260593
Error: error_code = 15; Access denied: user deactivated; id = 207511061
Error: error_code = 30; This profile is private; id = 46910415
Error: error_code = 30; This profile is private; id = 274722947
Error: error_code = 15; Access denied: user deactivated; id = 160634228
Error: error_code = 30; This profile is private; id = 139549195
Error: error_code = 15; Access denied: user deactivated; id = 402539440
Error: error_code = 15; Access denied: user deactivated; id = 577491139
Error: error_code = 15; Access denied: user deactivated; id = 110056673
Error: error_code = 15; Access denied: user deactivated; id = 249604269
Error: error_code = 30; This profile is private; id = 409094628
Error: error_code = 30; This profile is private; id = 348740150
Error: error_code = 30; This profile is private; id = 464617394
Error: error_code = 30; This profile is private; id = 167928222
Error: error_code = 30; This profile is private; id = 534204400
Error: error_code = 30; This profile is private; id = 574179314
Error: error_code = 15; Access denied: user deactivated; id = 679711053
Error: error_code = 30; This profile is private; id = 238411145
Error: error_code = 30; This profile is private; id = 79104172
Error: error_code = 30; This profile is private; id = 667566099
Error: error_code = 30; This profile is private; id = 398597258
Error: error_code = 15; Access denied: user deactivated; id = 361391973
Error: error_code = 15; Access denied: user deactivated; id = 401033111
Error: error_code = 30; This profile is private; id = 3625200
Error: error_code = 30; This profile is private; id = 53069773
Error: error_code = 30; This profile is private; id = 415779999
Error: error_code = 30; This profile is private; id = 149206053
Error: error_code = 30; This profile is private; id = 369184839
Error: error_code = 30; This profile is private; id = 679463422
Error: error_code = 30; This profile is private; id = 705936416
Error: error_code = 15; Access denied: user deactivated; id = 404404812
Error: error_code = 30; This profile is private; id = 565988272
Error: error_code = 30; This profile is private; id = 480315434
Error: error_code = 30; This profile is private; id = 213149018
Error: error_code = 30; This profile is private; id = 201161317
Error: error_code = 30; This profile is private; id = 603582905
Error: error_code = 30; This profile is private; id = 94829031
Error: error_code = 30; This profile is private; id = 441159321
Error: error_code = 30; This profile is private; id = 108532709
Error: error_code = 30; This profile is private; id = 3462631
Error: error_code = 30; This profile is private; id = 65701218
Error: error_code = 30; This profile is private; id = 281968006
Error: error_code = 30; This profile is private; id = 179122665
Error: error_code = 30; This profile is private; id = 310639804
Error: error_code = 15; Access denied: user deactivated; id = 67563037
Error: error_code = 30; This profile is private; id = 326720246
Error: error_code = 30; This profile is private; id = 517753060
Error: error_code = 15; Access denied: user deactivated; id = 622799881
Error: error_code = 15; Access denied: user deactivated; id = 192190629
Error: error_code = 30; This profile is private; id = 207637920
Error: error_code = 30; This profile is private; id = 673997357
Error: error_code = 30; This profile is private; id = 451251420
Error: error_code = 30; This profile is private; id = 368377259
Error: error_code = 30; This profile is private; id = 45459835
Error: error_code = 15; Access denied: user deactivated; id = 280496741
Error: error_code = 30; This profile is private; id = 395540750
Error: error_code = 30; This profile is private; id = 562123846
Error: error_code = 30; This profile is private; id = 543885540
Error: error_code = 30; This profile is private; id = 394660009
Error: error_code = 30; This profile is private; id = 570412542
Error: error_code = 15; Access denied: user deactivated; id = 29465721
Error: error_code = 30; This profile is private; id = 158009028
Error: error_code = 15; Access denied: user deactivated; id = 207452067
Error: error_code = 30; This profile is private; id = 163027864
Error: error_code = 30; This profile is private; id = 644756833
Error: error_code = 30; This profile is private; id = 114295753
Error: error_code = 30; This profile is private; id = 274616064
Error: error_code = 30; This profile is private; id = 566869183
Error: error_code = 15; Access denied: user deactivated; id = 241202629
Error: error_code = 30; This profile is private; id = 392229405
Error: error_code = 30; This profile is private; id = 70360811
Error: error_code = 15; Access denied: user deactivated; id = 217134673
Error: error_code = 30; This profile is private; id = 112140574
Error: error_code = 30; This profile is private; id = 476150009
Error: error_code = 30; This profile is private; id = 548091644
Error: error_code = 30; This profile is private; id = 284377884
Error: error_code = 30; This profile is private; id = 598367246
Error: error_code = 15; Access denied: user deactivated; id = 427137026
Error: error_code = 30; This profile is private; id = 619508731
Error: error_code = 15; Access denied: user deactivated; id = 572854233
Error: error_code = 15; Access denied: user deactivated; id = 226159886
Error: error_code = 30; This profile is private; id = 479543182
Error: error_code = 30; This profile is private; id = 486013157
Error: error_code = 15; Access denied: user deactivated; id = 226297156
Error: error_code = 30; This profile is private; id = 393534403
Error: error_code = 30; This profile is private; id = 546028493
Error: error_code = 15; Access denied: user deactivated; id = 423730301
Error: error_code = 30; This profile is private; id = 208765998
Error: error_code = 30; This profile is private; id = 158294571
Error: error_code = 15; Access denied: user deactivated; id = 204107333
Error: error_code = 30; This profile is private; id = 689528779
Error: error_code = 30; This profile is private; id = 42649215
Error: error_code = 30; This profile is private; id = 426737986
Error: error_code = 30; This profile is private; id = 490534269
Error: error_code = 30; This profile is private; id = 26120117
Error: error_code = 30; This profile is private; id = 235836855
Error: error_code = 30; This profile is private; id = 521014312
Error: error_code = 30; This profile is private; id = 358479449
Error: error_code = 30; This profile is private; id = 498485363
Error: error_code = 30; This profile is private; id = 5674920
Error: error_code = 30; This profile is private; id = 193786007
Error: error_code = 15; Access denied: user deactivated; id = 235476449
Error: error_code = 30; This profile is private; id = 223790054
Error: error_code = 15; Access denied: user deactivated; id = 305471223
Error: error_code = 30; This profile is private; id = 281156331
Error: error_code = 30; This profile is private; id = 263932468
Error: error_code = 30; This profile is private; id = 212967692
Error: error_code = 30; This profile is private; id = 558667479
Error: error_code = 30; This profile is private; id = 188870770
Error: error_code = 30; This profile is private; id = 386919019
Error: error_code = 30; This profile is private; id = 129301046
Error: error_code = 30; This profile is private; id = 58089851
Error: error_code = 30; This profile is private; id = 574937180
Error: error_code = 15; Access denied: user deactivated; id = 533553125
Error: error_code = 30; This profile is private; id = 637074272
Error: error_code = 15; Access denied: user deactivated; id = 519239603
Error: error_code = 30; This profile is private; id = 675675648
Error: error_code = 15; Access denied: user deactivated; id = 262854621
Error: error_code = 30; This profile is private; id = 556018768
Error: error_code = 15; Access denied: user deactivated; id = 628405022
Error: error_code = 30; This profile is private; id = 303328440
Error: error_code = 15; Access denied: user deactivated; id = 542750711
Error: error_code = 15; Access denied: user deactivated; id = 616201743
Error: error_code = 15; Access denied: user deactivated; id = 9464303
Error: error_code = 30; This profile is private; id = 189141490
Error: error_code = 30; This profile is private; id = 195796250
Error: error_code = 30; This profile is private; id = 125446086
Error: error_code = 15; Access denied: user deactivated; id = 588345275
Error: error_code = 30; This profile is private; id = 60517631
Error: error_code = 30; This profile is private; id = 217058683
Error: error_code = 30; This profile is private; id = 672492540
Error: error_code = 30; This profile is private; id = 213389464
Error: error_code = 15; Access denied: user deactivated; id = 381468020
Error: error_code = 30; This profile is private; id = 205939294
Error: error_code = 15; Access denied: user deactivated; id = 665453786
Error: error_code = 30; This profile is private; id = 539517680
Error: error_code = 15; Access denied: user deactivated; id = 444196719
Error: error_code = 15; Access denied: user deactivated; id = 425876751
Error: error_code = 30; This profile is private; id = 576454599
Error: error_code = 30; This profile is private; id = 34928880
Error: error_code = 30; This profile is private; id = 13804761
Error: error_code = 30; This profile is private; id = 661614679
Error: error_code = 30; This profile is private; id = 234988357
Error: error_code = 30; This profile is private; id = 172690250
Error: error_code = 15; Access denied: user deactivated; id = 134140105
Error: error_code = 15; Access denied: user deactivated; id = 8924159
Error: error_code = 15; Access denied: user deactivated; id = 530065865
Error: error_code = 30; This profile is private; id = 314170982
Error: error_code = 15; Access denied: user deactivated; id = 320415299
Error: error_code = 15; Access denied: user deactivated; id = 330574216
Error: error_code = 30; This profile is private; id = 138867055
Error: error_code = 30; This profile is private; id = 152823025
Error: error_code = 30; This profile is private; id = 6193706
Error: error_code = 30; This profile is private; id = 633533446
Error: error_code = 15; Access denied: user deactivated; id = 235052517
Error: error_code = 15; Access denied: user deactivated; id = 715137839
Error: error_code = 30; This profile is private; id = 12581271
Error: error_code = 30; This profile is private; id = 28460934
Error: error_code = 15; Access denied: user deactivated; id = 302543239
Error: error_code = 30; This profile is private; id = 320730209
Error: error_code = 30; This profile is private; id = 1238962
Error: error_code = 30; This profile is private; id = 568766660
Error: error_code = 30; This profile is private; id = 702024311
Error: error_code = 30; This profile is private; id = 499011794
Error: error_code = 30; This profile is private; id = 72677524
Error: error_code = 30; This profile is private; id = 327857182
Error: error_code = 30; This profile is private; id = 632135482
Error: error_code = 30; This profile is private; id = 11307439
Error: error_code = 30; This profile is private; id = 197862301
Error: error_code = 30; This profile is private; id = 11350125
Error: error_code = 15; Access denied: user deactivated; id = 406599345
Error: error_code = 30; This profile is private; id = 529175496
Error: error_code = 15; Access denied: user deactivated; id = 492098196
Error: error_code = 30; This profile is private; id = 13376178
Error: error_code = 15; Access denied: user deactivated; id = 326036784
Error: error_code = 30; This profile is private; id = 301748117
Error: error_code = 30; This profile is private; id = 595259510
Error: error_code = 30; This profile is private; id = 555901200
Error: error_code = 15; Access denied: user deactivated; id = 61460250
Error: error_code = 30; This profile is private; id = 62819416
Error: error_code = 30; This profile is private; id = 594447761
Error: error_code = 30; This profile is private; id = 363247219
Error: error_code = 30; This profile is private; id = 58771609
Error: error_code = 15; Access denied: user deactivated; id = 212417360
Error: error_code = 30; This profile is private; id = 290069881
Error: error_code = 30; This profile is private; id = 346152560
Error: error_code = 30; This profile is private; id = 294054631
Error: error_code = 30; This profile is private; id = 492300634
Error: error_code = 15; Access denied: user deactivated; id = 248446959
Error: error_code = 30; This profile is private; id = 396212221
Error: error_code = 15; Access denied: user deactivated; id = 363485525
Error: error_code = 30; This profile is private; id = 444876521
Error: error_code = 15; Access denied: user deactivated; id = 211370221
Error: error_code = 30; This profile is private; id = 155761735
Error: error_code = 30; This profile is private; id = 659759852
Error: error_code = 30; This profile is private; id = 653579979
Error: error_code = 30; This profile is private; id = 272578268
Error: error_code = 30; This profile is private; id = 11925748
Error: error_code = 30; This profile is private; id = 343577738
Error: error_code = 30; This profile is private; id = 262572551
Error: error_code = 30; This profile is private; id = 458197068
Error: error_code = 30; This profile is private; id = 31515623
Error: error_code = 15; Access denied: user deactivated; id = 219490244
Error: error_code = 15; Access denied: user deactivated; id = 218481901
Error: error_code = 30; This profile is private; id = 17403451
Error: error_code = 30; This profile is private; id = 272305672
Error: error_code = 30; This profile is private; id = 358330061
Error: error_code = 30; This profile is private; id = 31891660
Error: error_code = 30; This profile is private; id = 94399167
Error: error_code = 30; This profile is private; id = 705933024
Error: error_code = 30; This profile is private; id = 241253318
Error: error_code = 15; Access denied: user deactivated; id = 531907090
Error: error_code = 30; This profile is private; id = 81918206
Error: error_code = 30; This profile is private; id = 3302855
Error: error_code = 15; Access denied: user deactivated; id = 431110624
Error: error_code = 30; This profile is private; id = 462209058
Error: error_code = 30; This profile is private; id = 353285241
Error: error_code = 30; This profile is private; id = 167303761
Error: error_code = 30; This profile is private; id = 84316280
Error: error_code = 30; This profile is private; id = 553402666
Error: error_code = 30; This profile is private; id = 278628626
Error: error_code = 30; This profile is private; id = 17126680
Error: error_code = 30; This profile is private; id = 71959699
Error: error_code = 30; This profile is private; id = 625642267
Error: error_code = 30; This profile is private; id = 167228411
Error: error_code = 30; This profile is private; id = 539830377
Error: error_code = 30; This profile is private; id = 103590409
Error: error_code = 15; Access denied: user deactivated; id = 327229002
Error: error_code = 15; Access denied: user deactivated; id = 552768373
Error: error_code = 30; This profile is private; id = 141960264
Error: error_code = 15; Access denied: user deactivated; id = 275757070
Error: error_code = 30; This profile is private; id = 160951007
Error: error_code = 15; Access denied: user deactivated; id = 710123691
Error: error_code = 30; This profile is private; id = 520947831
Error: error_code = 15; Access denied: user deactivated; id = 1086854
Error: error_code = 30; This profile is private; id = 91941758
Error: error_code = 15; Access denied: user deactivated; id = 64963120
Error: error_code = 30; This profile is private; id = 27963326
Error: error_code = 30; This profile is private; id = 147414888
Error: error_code = 30; This profile is private; id = 229341520
Error: error_code = 15; Access denied: user deactivated; id = 363789097
Error: error_code = 15; Access denied: user deactivated; id = 197804553
Error: error_code = 30; This profile is private; id = 66181023
Error: error_code = 15; Access denied: user deactivated; id = 164794953
Error: error_code = 30; This profile is private; id = 417829096
Error: error_code = 30; This profile is private; id = 21153546
Error: error_code = 30; This profile is private; id = 640852708
Error: error_code = 30; This profile is private; id = 678936343
Error: error_code = 30; This profile is private; id = 312532901
Error: error_code = 30; This profile is private; id = 8532667
Error: error_code = 30; This profile is private; id = 460303623
Error: error_code = 15; Access denied: user deactivated; id = 209407129
Error: error_code = 30; This profile is private; id = 260384294
Error: error_code = 30; This profile is private; id = 33375961
Error: error_code = 30; This profile is private; id = 636902198
Error: error_code = 30; This profile is private; id = 53946565
Error: error_code = 15; Access denied: user deactivated; id = 112788490
Error: error_code = 30; This profile is private; id = 561031536
Error: error_code = 30; This profile is private; id = 260841384
Error: error_code = 30; This profile is private; id = 599681554
Error: error_code = 30; This profile is private; id = 157523843
Error: error_code = 30; This profile is private; id = 28576464
Error: error_code = 30; This profile is private; id = 238092709
Error: error_code = 30; This profile is private; id = 448206616
Error: error_code = 15; Access denied: user deactivated; id = 157363186
Error: error_code = 30; This profile is private; id = 603714579
Error: error_code = 30; This profile is private; id = 480417460
Error: error_code = 30; This profile is private; id = 14580807
Error: error_code = 15; Access denied: user deactivated; id = 511181026
Error: error_code = 30; This profile is private; id = 122804711
Error: error_code = 30; This profile is private; id = 580292293
Error: error_code = 30; This profile is private; id = 2540079
Error: error_code = 15; Access denied: user deactivated; id = 2784329
Error: error_code = 30; This profile is private; id = 40592617
Error: error_code = 30; This profile is private; id = 452169014
Error: error_code = 15; Access denied: user deactivated; id = 509549991
Error: error_code = 15; Access denied: user deactivated; id = 346790598
Error: error_code = 30; This profile is private; id = 370252892
Error: error_code = 30; This profile is private; id = 494691144
Error: error_code = 15; Access denied: user deactivated; id = 430195383
Error: error_code = 30; This profile is private; id = 463044804
Error: error_code = 30; This profile is private; id = 536005819
Error: error_code = 30; This profile is private; id = 662610413
Error: error_code = 15; Access denied: user deactivated; id = 405683577
Error: error_code = 30; This profile is private; id = 81441807
Error: error_code = 30; This profile is private; id = 396557026
Error: error_code = 30; This profile is private; id = 657803182
Error: error_code = 15; Access denied: user deactivated; id = 104021916
Error: error_code = 15; Access denied: user deactivated; id = 492957231
Error: error_code = 30; This profile is private; id = 614171009
Error: error_code = 15; Access denied: user deactivated; id = 13454553
Error: error_code = 30; This profile is private; id = 632196625
Error: error_code = 30; This profile is private; id = 161679173
Error: error_code = 30; This profile is private; id = 697306107
Error: error_code = 30; This profile is private; id = 154912317
Error: error_code = 30; This profile is private; id = 311604289
Error: error_code = 15; Access denied: user deactivated; id = 527987060
Error: error_code = 30; This profile is private; id = 147790676
Error: error_code = 30; This profile is private; id = 547946198
Error: error_code = 30; This profile is private; id = 489794227
Error: error_code = 30; This profile is private; id = 183341100
Error: error_code = 15; Access denied: user deactivated; id = 382742712
Error: error_code = 30; This profile is private; id = 274479677
Error: error_code = 30; This profile is private; id = 26770587
Error: error_code = 30; This profile is private; id = 675094715
Error: error_code = 30; This profile is private; id = 473847533
Error: error_code = 30; This profile is private; id = 342412534
Error: error_code = 30; This profile is private; id = 663023116
Error: error_code = 30; This profile is private; id = 583420802
Error: error_code = 30; This profile is private; id = 275793913
Error: error_code = 30; This profile is private; id = 677107490
Error: error_code = 30; This profile is private; id = 54716750
Error: error_code = 15; Access denied: user deactivated; id = 147586832
Error: error_code = 30; This profile is private; id = 170091099
Error: error_code = 15; Access denied: user deactivated; id = 549345729
Error: error_code = 30; This profile is private; id = 161553930
Error: error_code = 30; This profile is private; id = 63509811
Error: error_code = 30; This profile is private; id = 469828612
Error: error_code = 15; Access denied: user deactivated; id = 289744281
Error: error_code = 15; Access denied: user deactivated; id = 168474753
Error: error_code = 30; This profile is private; id = 15229454
Error: error_code = 30; This profile is private; id = 649048737
Error: error_code = 15; Access denied: user deactivated; id = 68019741
Error: error_code = 15; Access denied: user deactivated; id = 380846400
Error: error_code = 30; This profile is private; id = 222513309
Error: error_code = 30; This profile is private; id = 274752374
Error: error_code = 30; This profile is private; id = 536429326
Error: error_code = 15; Access denied: user deactivated; id = 282799575
Error: error_code = 30; This profile is private; id = 140497683
Error: error_code = 30; This profile is private; id = 269862217
Error: error_code = 30; This profile is private; id = 349954278
Error: error_code = 15; Access denied: user deactivated; id = 206359206
Error: error_code = 30; This profile is private; id = 194034200
Error: error_code = 30; This profile is private; id = 714376810
Error: error_code = 15; Access denied: user deactivated; id = 220586020
Error: error_code = 15; Access denied: user deactivated; id = 203806848
Error: error_code = 30; This profile is private; id = 95545016
Error: error_code = 30; This profile is private; id = 106192888
Error: error_code = 30; This profile is private; id = 176728836
Error: error_code = 30; This profile is private; id = 159055035
Error: error_code = 15; Access denied: user deactivated; id = 245316167
Error: error_code = 30; This profile is private; id = 177093771
Error: error_code = 15; Access denied: user deactivated; id = 259045566
Error: error_code = 30; This profile is private; id = 47442586
Error: error_code = 30; This profile is private; id = 85000430
Error: error_code = 30; This profile is private; id = 147037256
Error: error_code = 30; This profile is private; id = 541355593
Error: error_code = 15; Access denied: user deactivated; id = 518384346
Error: error_code = 30; This profile is private; id = 23958798
Error: error_code = 15; Access denied: user deactivated; id = 120296919
Error: error_code = 30; This profile is private; id = 228717132
Error: error_code = 30; This profile is private; id = 395712569
Error: error_code = 30; This profile is private; id = 615836559
Error: error_code = 30; This profile is private; id = 676847464
Error: error_code = 30; This profile is private; id = 607995685
Error: error_code = 30; This profile is private; id = 552904216
Error: error_code = 30; This profile is private; id = 462986571
Error: error_code = 15; Access denied: user deactivated; id = 229883876
Error: error_code = 15; Access denied: user deactivated; id = 452110576
Error: error_code = 30; This profile is private; id = 92709876
Error: error_code = 15; Access denied: user deactivated; id = 561825634
Error: error_code = 15; Access denied: user deactivated; id = 1820082
Error: error_code = 30; This profile is private; id = 675383134
Error: error_code = 15; Access denied: user deactivated; id = 671799663
Error: error_code = 30; This profile is private; id = 682193012
Error: error_code = 30; This profile is private; id = 677421803
Error: error_code = 30; This profile is private; id = 208914107
Error: error_code = 30; This profile is private; id = 472673276
Error: error_code = 15; Access denied: user deactivated; id = 204055618
Error: error_code = 30; This profile is private; id = 443967454
Error: error_code = 30; This profile is private; id = 465781728
Error: error_code = 15; Access denied: user deactivated; id = 219600580
Error: error_code = 30; This profile is private; id = 80908514
Error: error_code = 15; Access denied: user deactivated; id = 290841687
Error: error_code = 30; This profile is private; id = 79912603
Error: error_code = 15; Access denied: user deactivated; id = 228099263
Error: error_code = 30; This profile is private; id = 552767900
Error: error_code = 15; Access denied: user deactivated; id = 216641743
Error: error_code = 15; Access denied: user deactivated; id = 270903978
Error: error_code = 30; This profile is private; id = 659534354
Error: error_code = 15; Access denied: user deactivated; id = 10560702
Error: error_code = 30; This profile is private; id = 413460952
Error: error_code = 30; This profile is private; id = 654533825
Error: error_code = 30; This profile is private; id = 1325900
Error: error_code = 15; Access denied: user deactivated; id = 153274178
Error: error_code = 30; This profile is private; id = 306727987
Error: error_code = 30; This profile is private; id = 300009426
Error: error_code = 30; This profile is private; id = 435819010
Error: error_code = 30; This profile is private; id = 333394993
Error: error_code = 30; This profile is private; id = 59766730
Error: error_code = 30; This profile is private; id = 446591663
Error: error_code = 15; Access denied: user deactivated; id = 484922022
Error: error_code = 15; Access denied: user deactivated; id = 306641876
Error: error_code = 30; This profile is private; id = 18346296
Error: error_code = 15; Access denied: user deactivated; id = 275641415
Error: error_code = 30; This profile is private; id = 254783097
Error: error_code = 30; This profile is private; id = 236055352
Error: error_code = 15; Access denied: user deactivated; id = 167584717
Error: error_code = 30; This profile is private; id = 706010750
Error: error_code = 30; This profile is private; id = 453915758
Error: error_code = 30; This profile is private; id = 38802489
Error: error_code = 30; This profile is private; id = 414816558
Error: error_code = 15; Access denied: user deactivated; id = 27106382
Error: error_code = 15; Access denied: user deactivated; id = 392070769
Error: error_code = 15; Access denied: user deactivated; id = 87262497
Error: error_code = 15; Access denied: user deactivated; id = 350503369
Error: error_code = 30; This profile is private; id = 144044490
Error: error_code = 15; Access denied: user deactivated; id = 280150708
Error: error_code = 30; This profile is private; id = 555439380
Error: error_code = 30; This profile is private; id = 398066144
Error: error_code = 30; This profile is private; id = 703466599
Error: error_code = 15; Access denied: user deactivated; id = 64715305
Error: error_code = 15; Access denied: user deactivated; id = 413557976
Error: error_code = 30; This profile is private; id = 100416844
Error: error_code = 30; This profile is private; id = 656240749
Error: error_code = 30; This profile is private; id = 665609702
Error: error_code = 30; This profile is private; id = 376183247
Error: error_code = 15; Access denied: user deactivated; id = 225187767
Error: error_code = 30; This profile is private; id = 504582504
Error: error_code = 30; This profile is private; id = 143125062
Error: error_code = 30; This profile is private; id = 2535245
Error: error_code = 30; This profile is private; id = 165390841
Error: error_code = 30; This profile is private; id = 7752717
Error: error_code = 30; This profile is private; id = 58579605
Error: error_code = 15; Access denied: user deactivated; id = 347895150
Error: error_code = 30; This profile is private; id = 174842015
Error: error_code = 30; This profile is private; id = 81603322
Error: error_code = 30; This profile is private; id = 257370713
Error: error_code = 15; Access denied: user deactivated; id = 180410741
Error: error_code = 15; Access denied: user deactivated; id = 391716383
Error: error_code = 30; This profile is private; id = 558804598
Error: error_code = 15; Access denied: user deactivated; id = 308836447
Error: error_code = 15; Access denied: user deactivated; id = 378128231
Error: error_code = 30; This profile is private; id = 537715015
Error: error_code = 30; This profile is private; id = 668691236
Error: error_code = 30; This profile is private; id = 537328692
Error: error_code = 15; Access denied: user deactivated; id = 341178487
Error: error_code = 30; This profile is private; id = 194826516
Error: error_code = 15; Access denied: user deactivated; id = 32497265
Error: error_code = 15; Access denied: user deactivated; id = 577525430
Error: error_code = 30; This profile is private; id = 485011589
Error: error_code = 15; Access denied: user deactivated; id = 447478699
Error: error_code = 30; This profile is private; id = 405684603
Error: error_code = 30; This profile is private; id = 650050150
Error: error_code = 30; This profile is private; id = 240090236
Error: error_code = 30; This profile is private; id = 484408222
Error: error_code = 30; This profile is private; id = 455526113
Error: error_code = 15; Access denied: user deactivated; id = 128281528
Error: error_code = 30; This profile is private; id = 54565453
Error: error_code = 15; Access denied: user deactivated; id = 141175200
Error: error_code = 30; This profile is private; id = 557546244
Error: error_code = 30; This profile is private; id = 421195342
Error: error_code = 30; This profile is private; id = 602387212
Error: error_code = 30; This profile is private; id = 10335432
Error: error_code = 30; This profile is private; id = 99095778
Error: error_code = 15; Access denied: user deactivated; id = 472046829
Error: error_code = 30; This profile is private; id = 551415379
Error: error_code = 15; Access denied: user deactivated; id = 675891043
Error: error_code = 30; This profile is private; id = 569612647
Error: error_code = 30; This profile is private; id = 586145461
Error: error_code = 15; Access denied: user deactivated; id = 715041129
Error: error_code = 30; This profile is private; id = 162897138
Error: error_code = 30; This profile is private; id = 313289363
Error: error_code = 15; Access denied: user deactivated; id = 685017905
Error: error_code = 30; This profile is private; id = 5624326
Error: error_code = 15; Access denied: user deactivated; id = 197026596
Error: error_code = 15; Access denied: user deactivated; id = 526761286
Error: error_code = 15; Access denied: user deactivated; id = 186487009
Error: error_code = 30; This profile is private; id = 664849865
Error: error_code = 30; This profile is private; id = 280323709
Error: error_code = 30; This profile is private; id = 9002152
Error: error_code = 30; This profile is private; id = 158520797
Error: error_code = 30; This profile is private; id = 380702050
Error: error_code = 30; This profile is private; id = 482022918
Error: error_code = 30; This profile is private; id = 83865491
Error: error_code = 15; Access denied: user deactivated; id = 542141442
Error: error_code = 30; This profile is private; id = 159597794
Error: error_code = 30; This profile is private; id = 492668750
Error: error_code = 15; Access denied: user deactivated; id = 422849591
Error: error_code = 15; Access denied: user deactivated; id = 210784752
Error: error_code = 30; This profile is private; id = 133040880
Error: error_code = 30; This profile is private; id = 83622635
Error: error_code = 30; This profile is private; id = 120863200
Error: error_code = 15; Access denied: user deactivated; id = 475233093
Error: error_code = 30; This profile is private; id = 338858089
Error: error_code = 30; This profile is private; id = 480129219
Error: error_code = 30; This profile is private; id = 479806064
Error: error_code = 30; This profile is private; id = 675301899
Error: error_code = 15; Access denied: user deactivated; id = 439424319
Error: error_code = 15; Access denied: user deactivated; id = 216756291
Error: error_code = 30; This profile is private; id = 573500861
Error: error_code = 30; This profile is private; id = 307997111
Error: error_code = 30; This profile is private; id = 151251112
Error: error_code = 15; Access denied: user deactivated; id = 593701752
Error: error_code = 30; This profile is private; id = 611197963
Error: error_code = 15; Access denied: user deactivated; id = 543858698
Error: error_code = 30; This profile is private; id = 342849344
Error: error_code = 30; This profile is private; id = 607864069
Error: error_code = 30; This profile is private; id = 670999375
Error: error_code = 30; This profile is private; id = 445188616
Error: error_code = 30; This profile is private; id = 503901089
Error: error_code = 30; This profile is private; id = 697875307
Error: error_code = 15; Access denied: user deactivated; id = 379108932
Error: error_code = 30; This profile is private; id = 585071479
Error: error_code = 30; This profile is private; id = 274972048
Error: error_code = 30; This profile is private; id = 438950006
Error: error_code = 30; This profile is private; id = 232908547
Error: error_code = 15; Access denied: user deactivated; id = 660619698
Error: error_code = 30; This profile is private; id = 417594109
Error: error_code = 30; This profile is private; id = 706775847
Error: error_code = 30; This profile is private; id = 126466373
Error: error_code = 15; Access denied: user deactivated; id = 636087209
Error: error_code = 15; Access denied: user deactivated; id = 175321658
Error: error_code = 15; Access denied: user deactivated; id = 70004192
Error: error_code = 15; Access denied: user deactivated; id = 166774198
Error: error_code = 30; This profile is private; id = 45362537
Error: error_code = 15; Access denied: user deactivated; id = 199273300
Error: error_code = 15; Access denied: user deactivated; id = 229099402
Error: error_code = 15; Access denied: user deactivated; id = 264782012
Error: error_code = 30; This profile is private; id = 666670229
Error: error_code = 15; Access denied: user deactivated; id = 259164350
Error: error_code = 15; Access denied: user deactivated; id = 524172059
Error: error_code = 30; This profile is private; id = 185044855
Error: error_code = 30; This profile is private; id = 153685215
Error: error_code = 30; This profile is private; id = 559872886
Error: error_code = 30; This profile is private; id = 107799149
Error: error_code = 30; This profile is private; id = 19279980
Error: error_code = 30; This profile is private; id = 615635839
Error: error_code = 30; This profile is private; id = 512288524
Error: error_code = 15; Access denied: user deactivated; id = 285113604
Error: error_code = 30; This profile is private; id = 285336853
Error: error_code = 15; Access denied: user deactivated; id = 220433842
Error: error_code = 15; Access denied: user deactivated; id = 513818771
Error: error_code = 30; This profile is private; id = 699977639
Error: error_code = 30; This profile is private; id = 3076180
Error: error_code = 30; This profile is private; id = 211714282
Error: error_code = 30; This profile is private; id = 153865741
Error: error_code = 30; This profile is private; id = 221231078
Error: error_code = 30; This profile is private; id = 547683795
Error: error_code = 30; This profile is private; id = 16021893
Error: error_code = 15; Access denied: user deactivated; id = 202465617
Error: error_code = 15; Access denied: user deactivated; id = 395271876
Error: error_code = 30; This profile is private; id = 510561676
Error: error_code = 30; This profile is private; id = 473053149
Error: error_code = 30; This profile is private; id = 142080495
Error: error_code = 30; This profile is private; id = 125330935
Error: error_code = 30; This profile is private; id = 330244580
Error: error_code = 30; This profile is private; id = 463813125
Error: error_code = 30; This profile is private; id = 601684597
Error: error_code = 15; Access denied: user deactivated; id = 514029933
Error: error_code = 15; Access denied: user deactivated; id = 356221911
Error: error_code = 15; Access denied: user deactivated; id = 528817229
Error: error_code = 30; This profile is private; id = 198884566
Error: error_code = 15; Access denied: user deactivated; id = 407418748
Error: error_code = 30; This profile is private; id = 596385147
Error: error_code = 15; Access denied: user deactivated; id = 180865573
Error: error_code = 15; Access denied: user deactivated; id = 204039837
Error: error_code = 30; This profile is private; id = 244336224
Error: error_code = 30; This profile is private; id = 58249222
Error: error_code = 30; This profile is private; id = 8501488
Error: error_code = 30; This profile is private; id = 449718909
Error: error_code = 15; Access denied: user deactivated; id = 409589612
Error: error_code = 30; This profile is private; id = 154728124
Error: error_code = 30; This profile is private; id = 72012832
Error: error_code = 30; This profile is private; id = 716098634
Error: error_code = 30; This profile is private; id = 531637551
Error: error_code = 30; This profile is private; id = 324730788
Error: error_code = 30; This profile is private; id = 97021472
Error: error_code = 30; This profile is private; id = 696900095
Error: error_code = 30; This profile is private; id = 183876447
Error: error_code = 30; This profile is private; id = 61082037
Error: error_code = 30; This profile is private; id = 335666211
Error: error_code = 30; This profile is private; id = 113009199
Error: error_code = 30; This profile is private; id = 666078203
Error: error_code = 15; Access denied: user deactivated; id = 453756762
Error: error_code = 30; This profile is private; id = 567112749
Error: error_code = 30; This profile is private; id = 460221527
Error: error_code = 30; This profile is private; id = 4681769
Error: error_code = 15; Access denied: user deactivated; id = 204452766
Error: error_code = 15; Access denied: user deactivated; id = 471589423
Error: error_code = 30; This profile is private; id = 135624825
Error: error_code = 30; This profile is private; id = 412618333
Error: error_code = 30; This profile is private; id = 28099520
Error: error_code = 30; This profile is private; id = 654643458
Error: error_code = 30; This profile is private; id = 566148898
Error: error_code = 30; This profile is private; id = 450644518
Error: error_code = 15; Access denied: user deactivated; id = 522453705
Error: error_code = 30; This profile is private; id = 398957807
Error: error_code = 30; This profile is private; id = 48155907
Error: error_code = 15; Access denied: user deactivated; id = 285453425
Error: error_code = 30; This profile is private; id = 398640772
Error: error_code = 30; This profile is private; id = 435215876
Error: error_code = 15; Access denied: user deactivated; id = 476923624
Error: error_code = 30; This profile is private; id = 664469434
Error: error_code = 30; This profile is private; id = 20468740
Error: error_code = 15; Access denied: user deactivated; id = 232888036
Error: error_code = 30; This profile is private; id = 141348187
Error: error_code = 15; Access denied: user deactivated; id = 399962319
Error: error_code = 15; Access denied: user deactivated; id = 434913478
Error: error_code = 30; This profile is private; id = 148923974
Error: error_code = 30; This profile is private; id = 206840362
Error: error_code = 30; This profile is private; id = 236890627
Error: error_code = 15; Access denied: user deactivated; id = 133683752
Error: error_code = 30; This profile is private; id = 81524265
Error: error_code = 30; This profile is private; id = 166388995
Error: error_code = 30; This profile is private; id = 19279186
Error: error_code = 15; Access denied: user deactivated; id = 438663449
Error: error_code = 15; Access denied: user deactivated; id = 202342902
Error: error_code = 30; This profile is private; id = 218244688
Error: error_code = 15; Access denied: user deactivated; id = 224267107
Error: error_code = 30; This profile is private; id = 151635514
Error: error_code = 30; This profile is private; id = 8734923
Error: error_code = 30; This profile is private; id = 10891143
Error: error_code = 30; This profile is private; id = 532845491
Error: error_code = 15; Access denied: user deactivated; id = 141136449
Error: error_code = 15; Access denied: user deactivated; id = 361255759
Error: error_code = 15; Access denied: user deactivated; id = 413024415
Error: error_code = 30; This profile is private; id = 508149540
Error: error_code = 30; This profile is private; id = 261806661
Error: error_code = 30; This profile is private; id = 3229389
Error: error_code = 30; This profile is private; id = 64372094
Error: error_code = 30; This profile is private; id = 545623916
Error: error_code = 30; This profile is private; id = 676272399
Error: error_code = 30; This profile is private; id = 558401567
Error: error_code = 30; This profile is private; id = 5638127
Error: error_code = 15; Access denied: user deactivated; id = 291713661
Error: error_code = 30; This profile is private; id = 243105900
Error: error_code = 30; This profile is private; id = 398080456
Error: error_code = 30; This profile is private; id = 24518957
Error: error_code = 30; This profile is private; id = 521965093
Error: error_code = 30; This profile is private; id = 280836483
Error: error_code = 30; This profile is private; id = 20321488
Error: error_code = 30; This profile is private; id = 5406820
Error: error_code = 30; This profile is private; id = 237293001
Error: error_code = 30; This profile is private; id = 480883720
Error: error_code = 15; Access denied: user deactivated; id = 669447764
Error: error_code = 15; Access denied: user deactivated; id = 186031310
Error: error_code = 30; This profile is private; id = 578935629
Error: error_code = 30; This profile is private; id = 145209803
Error: error_code = 15; Access denied: user deactivated; id = 102827130
Error: error_code = 30; This profile is private; id = 550660853
Error: error_code = 30; This profile is private; id = 7496919
Error: error_code = 30; This profile is private; id = 515478721
Error: error_code = 30; This profile is private; id = 8263619
Error: error_code = 15; Access denied: user deactivated; id = 626594122
Error: error_code = 30; This profile is private; id = 148566610
Error: error_code = 30; This profile is private; id = 252894599
Error: error_code = 15; Access denied: user deactivated; id = 302624539
Error: error_code = 30; This profile is private; id = 662580883
Error: error_code = 30; This profile is private; id = 395553120
Error: error_code = 30; This profile is private; id = 489353512
Error: error_code = 15; Access denied: user deactivated; id = 350103688
Error: error_code = 30; This profile is private; id = 303772417
Error: error_code = 15; Access denied: user deactivated; id = 42313544
Error: error_code = 30; This profile is private; id = 394266184
Error: error_code = 30; This profile is private; id = 19529660
Error: error_code = 15; Access denied: user deactivated; id = 563719820
Error: error_code = 30; This profile is private; id = 366850111
Error: error_code = 30; This profile is private; id = 219961633
Error: error_code = 30; This profile is private; id = 64403355
Error: error_code = 15; Access denied: user deactivated; id = 326663119
Error: error_code = 30; This profile is private; id = 283272235
Error: error_code = 15; Access denied: user deactivated; id = 489152930
Error: error_code = 30; This profile is private; id = 12116821
Error: error_code = 15; Access denied: user deactivated; id = 445668870
Error: error_code = 30; This profile is private; id = 25216772
Error: error_code = 30; This profile is private; id = 168040723
Error: error_code = 15; Access denied: user deactivated; id = 479223907
Error: error_code = 30; This profile is private; id = 71048731
Error: error_code = 30; This profile is private; id = 512346673
Error: error_code = 30; This profile is private; id = 14374534
Error: error_code = 30; This profile is private; id = 633026782
Error: error_code = 15; Access denied: user deactivated; id = 65184990
Error: error_code = 30; This profile is private; id = 495249646
Error: error_code = 30; This profile is private; id = 259424774
Error: error_code = 30; This profile is private; id = 238803314
Error: error_code = 30; This profile is private; id = 43063373
Error: error_code = 15; Access denied: user deactivated; id = 599652631
Error: error_code = 30; This profile is private; id = 564758634
Error: error_code = 15; Access denied: user deactivated; id = 346640170
Error: error_code = 15; Access denied: user deactivated; id = 223348035
Error: error_code = 15; Access denied: user deactivated; id = 556168067
Error: error_code = 30; This profile is private; id = 476229243
Error: error_code = 30; This profile is private; id = 340839698
Error: error_code = 30; This profile is private; id = 626263850
Error: error_code = 15; Access denied: user deactivated; id = 219866270
Error: error_code = 30; This profile is private; id = 626414924
Error: error_code = 30; This profile is private; id = 52601494
Error: error_code = 30; This profile is private; id = 466755263
Error: error_code = 30; This profile is private; id = 521995440
Error: error_code = 30; This profile is private; id = 671547188
Error: error_code = 30; This profile is private; id = 367583901
Error: error_code = 15; Access denied: user deactivated; id = 239567977
Error: error_code = 15; Access denied: user deactivated; id = 622399805
Error: error_code = 30; This profile is private; id = 113021507
Error: error_code = 30; This profile is private; id = 674732743
Error: error_code = 15; Access denied: user deactivated; id = 560124775
Error: error_code = 30; This profile is private; id = 84691871
Error: error_code = 30; This profile is private; id = 315853334
Error: error_code = 15; Access denied: user deactivated; id = 369420268
Error: error_code = 30; This profile is private; id = 706555455
Error: error_code = 30; This profile is private; id = 316133878
Error: error_code = 30; This profile is private; id = 81754668
Error: error_code = 15; Access denied: user deactivated; id = 680925068
Error: error_code = 30; This profile is private; id = 481682658
Error: error_code = 30; This profile is private; id = 71698797
Error: error_code = 15; Access denied: user deactivated; id = 469076851
Error: error_code = 30; This profile is private; id = 163058322
Error: error_code = 15; Access denied: user deactivated; id = 395816375
Error: error_code = 15; Access denied: user deactivated; id = 613281066
Error: error_code = 15; Access denied: user deactivated; id = 190216681
Error: error_code = 30; This profile is private; id = 41461629
Error: error_code = 30; This profile is private; id = 11469143
Error: error_code = 30; This profile is private; id = 211695884
Error: error_code = 30; This profile is private; id = 606730654
Error: error_code = 30; This profile is private; id = 5752857
Error: error_code = 30; This profile is private; id = 595334942
Error: error_code = 30; This profile is private; id = 369751452
Error: error_code = 30; This profile is private; id = 486691848
Error: error_code = 15; Access denied: user deactivated; id = 613734901
Error: error_code = 15; Access denied: user deactivated; id = 68739386
Error: error_code = 30; This profile is private; id = 484904596
Error: error_code = 30; This profile is private; id = 222897301
Error: error_code = 30; This profile is private; id = 416438037
Error: error_code = 30; This profile is private; id = 200699850
Error: error_code = 15; Access denied: user deactivated; id = 396581894
Error: error_code = 30; This profile is private; id = 342906338
Error: error_code = 30; This profile is private; id = 353326577
Error: error_code = 15; Access denied: user deactivated; id = 11647025
Error: error_code = 30; This profile is private; id = 513387916
Error: error_code = 30; This profile is private; id = 354998096
Error: error_code = 30; This profile is private; id = 448236015
Error: error_code = 30; This profile is private; id = 64814027
Error: error_code = 30; This profile is private; id = 329907217
Error: error_code = 30; This profile is private; id = 338321813
Error: error_code = 15; Access denied: user deactivated; id = 545339447
Error: error_code = 30; This profile is private; id = 260041492
Error: error_code = 15; Access denied: user deactivated; id = 471881338
Error: error_code = 30; This profile is private; id = 220071578
Error: error_code = 30; This profile is private; id = 160031662
Error: error_code = 30; This profile is private; id = 521453248
Error: error_code = 15; Access denied: user deactivated; id = 136318916
Error: error_code = 30; This profile is private; id = 560206374
Error: error_code = 30; This profile is private; id = 11684299
Error: error_code = 15; Access denied: user deactivated; id = 256691882
Error: error_code = 30; This profile is private; id = 688049937
Error: error_code = 30; This profile is private; id = 590953023
Error: error_code = 15; Access denied: user deactivated; id = 323078308
Error: error_code = 15; Access denied: user deactivated; id = 709632654
Error: error_code = 30; This profile is private; id = 698999420
Error: error_code = 15; Access denied: user deactivated; id = 199862777
Error: error_code = 15; Access denied: user deactivated; id = 715192829
Error: error_code = 15; Access denied: user deactivated; id = 422856333
Error: error_code = 15; Access denied: user deactivated; id = 403936260
Error: error_code = 30; This profile is private; id = 86269903
Error: error_code = 30; This profile is private; id = 696823654
Error: error_code = 30; This profile is private; id = 50123544
Error: error_code = 30; This profile is private; id = 262950161
Error: error_code = 15; Access denied: user deactivated; id = 241623152
Error: error_code = 15; Access denied: user deactivated; id = 519339887
Error: error_code = 30; This profile is private; id = 451293323
Error: error_code = 30; This profile is private; id = 466551803
Error: error_code = 30; This profile is private; id = 329723361
Error: error_code = 15; Access denied: user deactivated; id = 409499965
Error: error_code = 30; This profile is private; id = 553499171
Error: error_code = 15; Access denied: user deactivated; id = 374487459
Error: error_code = 15; Access denied: user deactivated; id = 559814049
Error: error_code = 30; This profile is private; id = 48656048
Error: error_code = 15; Access denied: user deactivated; id = 402150458
Error: error_code = 30; This profile is private; id = 556616890
Error: error_code = 30; This profile is private; id = 62021251
Error: error_code = 30; This profile is private; id = 553830615
Error: error_code = 30; This profile is private; id = 292181518
Error: error_code = 30; This profile is private; id = 26242847
Error: error_code = 30; This profile is private; id = 71420931
Error: error_code = 15; Access denied: user deactivated; id = 702526319
Error: error_code = 30; This profile is private; id = 426686651
Error: error_code = 30; This profile is private; id = 391112889
Error: error_code = 30; This profile is private; id = 219088372
Error: error_code = 15; Access denied: user deactivated; id = 342567773
Error: error_code = 30; This profile is private; id = 449117719
Error: error_code = 30; This profile is private; id = 703876648
Error: error_code = 30; This profile is private; id = 596966160
Error: error_code = 15; Access denied: user deactivated; id = 522009649
Error: error_code = 15; Access denied: user deactivated; id = 398676451
Error: error_code = 30; This profile is private; id = 626950895
Error: error_code = 15; Access denied: user deactivated; id = 189401419
Error: error_code = 15; Access denied: user deactivated; id = 676539773
Error: error_code = 30; This profile is private; id = 262711804
Error: error_code = 30; This profile is private; id = 325277707
Error: error_code = 15; Access denied: user deactivated; id = 352778358
Error: error_code = 15; Access denied: user deactivated; id = 596320977
Error: error_code = 15; Access denied: user deactivated; id = 415024148
Error: error_code = 15; Access denied: user deactivated; id = 417796699
Error: error_code = 30; This profile is private; id = 290506786
Error: error_code = 15; Access denied: user deactivated; id = 348917119
Error: error_code = 15; Access denied: user deactivated; id = 638181976
Error: error_code = 15; Access denied: user deactivated; id = 507247317
Error: error_code = 30; This profile is private; id = 105956642
Error: error_code = 30; This profile is private; id = 410505523
Error: error_code = 30; This profile is private; id = 444387894
Error: error_code = 15; Access denied: user deactivated; id = 671872814
Error: error_code = 30; This profile is private; id = 531463277
Error: error_code = 30; This profile is private; id = 572674564
Error: error_code = 30; This profile is private; id = 670731209
Error: error_code = 15; Access denied: user deactivated; id = 439400853
Error: error_code = 30; This profile is private; id = 171033128
Error: error_code = 30; This profile is private; id = 426968577
Error: error_code = 30; This profile is private; id = 443265398
Error: error_code = 15; Access denied: user deactivated; id = 397354978
Error: error_code = 30; This profile is private; id = 445617463
Error: error_code = 30; This profile is private; id = 13977395
Error: error_code = 15; Access denied: user deactivated; id = 191474770
Error: error_code = 15; Access denied: user deactivated; id = 413902998
Error: error_code = 30; This profile is private; id = 492500294
Error: error_code = 30; This profile is private; id = 143924575
Error: error_code = 30; This profile is private; id = 465661027
Error: error_code = 15; Access denied: user deactivated; id = 596550298
Error: error_code = 30; This profile is private; id = 95780833
Error: error_code = 30; This profile is private; id = 500655778
Error: error_code = 15; Access denied: user deactivated; id = 539004687
Error: error_code = 30; This profile is private; id = 6439337
Error: error_code = 30; This profile is private; id = 22586812
Error: error_code = 30; This profile is private; id = 34001459
Error: error_code = 30; This profile is private; id = 1558734
Error: error_code = 30; This profile is private; id = 385112809
Error: error_code = 30; This profile is private; id = 423609847
Error: error_code = 15; Access denied: user deactivated; id = 576833400
Error: error_code = 30; This profile is private; id = 200094537
Error: error_code = 15; Access denied: user deactivated; id = 488946510
Error: error_code = 30; This profile is private; id = 360499484
Error: error_code = 30; This profile is private; id = 653624472
Error: error_code = 15; Access denied: user deactivated; id = 147899658
Error: error_code = 15; Access denied: user deactivated; id = 617606387
Error: error_code = 30; This profile is private; id = 39546146
Error: error_code = 15; Access denied: user deactivated; id = 10057024
Error: error_code = 30; This profile is private; id = 339943394
Error: error_code = 30; This profile is private; id = 7004079
Error: error_code = 30; This profile is private; id = 86555677
Error: error_code = 30; This profile is private; id = 245058813
Error: error_code = 15; Access denied: user deactivated; id = 398332564
Error: error_code = 15; Access denied: user deactivated; id = 424742629
Error: error_code = 30; This profile is private; id = 111344712
Error: error_code = 30; This profile is private; id = 482666258
Error: error_code = 30; This profile is private; id = 374627187
Error: error_code = 30; This profile is private; id = 141619462
Error: error_code = 30; This profile is private; id = 325974872
Error: error_code = 30; This profile is private; id = 413918286
Error: error_code = 15; Access denied: user deactivated; id = 623309276
Error: error_code = 30; This profile is private; id = 585093221
Error: error_code = 30; This profile is private; id = 309757337
Error: error_code = 30; This profile is private; id = 157636403
Error: error_code = 30; This profile is private; id = 95391387
Error: error_code = 30; This profile is private; id = 2051883
Error: error_code = 15; Access denied: user deactivated; id = 218734517
Error: error_code = 30; This profile is private; id = 267437301
Error: error_code = 15; Access denied: user deactivated; id = 574350101
Error: error_code = 30; This profile is private; id = 193846930
Error: error_code = 30; This profile is private; id = 572693848
Error: error_code = 30; This profile is private; id = 321296175
Error: error_code = 30; This profile is private; id = 223479850
Error: error_code = 30; This profile is private; id = 650761693
Error: error_code = 30; This profile is private; id = 692685606
Error: error_code = 30; This profile is private; id = 472981380
Error: error_code = 15; Access denied: user deactivated; id = 193938349
Error: error_code = 30; This profile is private; id = 646768828
Error: error_code = 15; Access denied: user deactivated; id = 144966817
Error: error_code = 30; This profile is private; id = 202967277
Error: error_code = 30; This profile is private; id = 44364312
Error: error_code = 30; This profile is private; id = 581443137
Error: error_code = 30; This profile is private; id = 639328731
Error: error_code = 30; This profile is private; id = 20754847
Error: error_code = 30; This profile is private; id = 290376644
Error: error_code = 30; This profile is private; id = 503928143
Error: error_code = 30; This profile is private; id = 325680781
Error: error_code = 15; Access denied: user deactivated; id = 431262162
Error: error_code = 30; This profile is private; id = 321639004
Error: error_code = 30; This profile is private; id = 46547043
Error: error_code = 30; This profile is private; id = 171743985
Error: error_code = 30; This profile is private; id = 429564860
Error: error_code = 15; Access denied: user deactivated; id = 402908681
Error: error_code = 15; Access denied: user deactivated; id = 526311687
Error: error_code = 15; Access denied: user deactivated; id = 446306695
Error: error_code = 15; Access denied: user deactivated; id = 4760091
Error: error_code = 15; Access denied: user deactivated; id = 600881261
Error: error_code = 15; Access denied: user deactivated; id = 714344154
Error: error_code = 30; This profile is private; id = 143970693
Error: error_code = 30; This profile is private; id = 17377464
Error: error_code = 30; This profile is private; id = 435327898
Error: error_code = 30; This profile is private; id = 262411185
Error: error_code = 30; This profile is private; id = 652667792
Error: error_code = 30; This profile is private; id = 32315344
Error: error_code = 30; This profile is private; id = 549551715
Error: error_code = 30; This profile is private; id = 220286005
Error: error_code = 15; Access denied: user deactivated; id = 349229901
Error: error_code = 30; This profile is private; id = 235051185
Error: error_code = 15; Access denied: user deactivated; id = 442956481
Error: error_code = 30; This profile is private; id = 66929101
Error: error_code = 30; This profile is private; id = 331522863
Error: error_code = 15; Access denied: user deactivated; id = 714537973
Error: error_code = 30; This profile is private; id = 240772616
Error: error_code = 15; Access denied: user deactivated; id = 429492926
Error: error_code = 30; This profile is private; id = 120081180
Error: error_code = 15; Access denied: user deactivated; id = 542282259
Error: error_code = 15; Access denied: user deactivated; id = 99969473
Error: error_code = 30; This profile is private; id = 32528309
Error: error_code = 30; This profile is private; id = 365553709
Error: error_code = 15; Access denied: user deactivated; id = 624879053
Error: error_code = 30; This profile is private; id = 643589476
Error: error_code = 15; Access denied: user deactivated; id = 273238928
Error: error_code = 15; Access denied: user deactivated; id = 227384029
Error: error_code = 30; This profile is private; id = 47066545
Error: error_code = 30; This profile is private; id = 50560603
Error: error_code = 30; This profile is private; id = 661856555
Error: error_code = 30; This profile is private; id = 160159149
Error: error_code = 30; This profile is private; id = 574615476
Error: error_code = 15; Access denied: user deactivated; id = 357066857
Error: error_code = 30; This profile is private; id = 156400919
Error: error_code = 30; This profile is private; id = 162054740
Error: error_code = 15; Access denied: user deactivated; id = 354786536
Error: error_code = 30; This profile is private; id = 159497270
Error: error_code = 15; Access denied: user deactivated; id = 291245914
Error: error_code = 30; This profile is private; id = 46733763
Error: error_code = 15; Access denied: user deactivated; id = 22542316
Error: error_code = 30; This profile is private; id = 322257673
Error: error_code = 30; This profile is private; id = 150863045
Error: error_code = 15; Access denied: user deactivated; id = 683228619
Error: error_code = 15; Access denied: user deactivated; id = 396262475
Error: error_code = 15; Access denied: user deactivated; id = 432817848
Error: error_code = 30; This profile is private; id = 279324367
Error: error_code = 30; This profile is private; id = 345281166
Error: error_code = 30; This profile is private; id = 479242586
Error: error_code = 30; This profile is private; id = 270807077
Error: error_code = 30; This profile is private; id = 42271940
Error: error_code = 15; Access denied: user deactivated; id = 82574851
Error: error_code = 15; Access denied: user deactivated; id = 412405312
Error: error_code = 30; This profile is private; id = 4805900
Error: error_code = 30; This profile is private; id = 347312974
Error: error_code = 30; This profile is private; id = 319867102
Error: error_code = 30; This profile is private; id = 649844785
Error: error_code = 30; This profile is private; id = 2404151
Error: error_code = 15; Access denied: user deactivated; id = 435294777
Error: error_code = 30; This profile is private; id = 3238092
Error: error_code = 30; This profile is private; id = 433782480
Error: error_code = 30; This profile is private; id = 14165689
Error: error_code = 15; Access denied: user deactivated; id = 637203229
Error: error_code = 30; This profile is private; id = 601129648
Error: error_code = 15; Access denied: user deactivated; id = 300293123
Error: error_code = 15; Access denied: user deactivated; id = 353039681
Error: error_code = 15; Access denied: user deactivated; id = 189355933
Error: error_code = 15; Access denied: user deactivated; id = 323050472
Error: error_code = 30; This profile is private; id = 651167437
Error: error_code = 30; This profile is private; id = 265264288
Error: error_code = 30; This profile is private; id = 107709447
Error: error_code = 15; Access denied: user deactivated; id = 340299766
Error: error_code = 30; This profile is private; id = 65257017
Error: error_code = 15; Access denied: user deactivated; id = 286522024
Error: error_code = 15; Access denied: user deactivated; id = 947857
Error: error_code = 30; This profile is private; id = 202161490
Error: error_code = 15; Access denied: user deactivated; id = 192088155
Error: error_code = 30; This profile is private; id = 97815172
Error: error_code = 30; This profile is private; id = 357029972
Error: error_code = 15; Access denied: user deactivated; id = 533411320
Error: error_code = 30; This profile is private; id = 343771948
Error: error_code = 15; Access denied: user deactivated; id = 429298459
Error: error_code = 30; This profile is private; id = 434910107
Error: error_code = 30; This profile is private; id = 103974931
Error: error_code = 15; Access denied: user deactivated; id = 14064642
Error: error_code = 30; This profile is private; id = 350533326
Error: error_code = 15; Access denied: user deactivated; id = 379575249
Error: error_code = 30; This profile is private; id = 200862563
Error: error_code = 30; This profile is private; id = 540310172
Error: error_code = 30; This profile is private; id = 310952676
Error: error_code = 15; Access denied: user deactivated; id = 218100032
Error: error_code = 30; This profile is private; id = 575306136
Error: error_code = 15; Access denied: user deactivated; id = 465974167
Error: error_code = 30; This profile is private; id = 89830895
Error: error_code = 30; This profile is private; id = 560522744
Error: error_code = 30; This profile is private; id = 308980658
Error: error_code = 30; This profile is private; id = 519781213
Error: error_code = 30; This profile is private; id = 566991542
Error: error_code = 15; Access denied: user deactivated; id = 713315829
Error: error_code = 30; This profile is private; id = 61116448
Error: error_code = 30; This profile is private; id = 186301592
Error: error_code = 30; This profile is private; id = 297760962
Error: error_code = 15; Access denied: user deactivated; id = 588485038
Error: error_code = 30; This profile is private; id = 161735497
Error: error_code = 30; This profile is private; id = 373588157
Error: error_code = 30; This profile is private; id = 485638076
Error: error_code = 15; Access denied: user deactivated; id = 38133648
Error: error_code = 15; Access denied: user deactivated; id = 184026397
Error: error_code = 30; This profile is private; id = 690479572
Error: error_code = 15; Access denied: user deactivated; id = 563784656
Error: error_code = 15; Access denied: user deactivated; id = 243977618
Error: error_code = 30; This profile is private; id = 492588702
Error: error_code = 30; This profile is private; id = 438523767
Error: error_code = 30; This profile is private; id = 569347112
Error: error_code = 30; This profile is private; id = 99951198
Error: error_code = 30; This profile is private; id = 350349278
Error: error_code = 15; Access denied: user deactivated; id = 412942269
Error: error_code = 15; Access denied: user deactivated; id = 218924312
Error: error_code = 30; This profile is private; id = 472508583
Error: error_code = 30; This profile is private; id = 283350087
Error: error_code = 30; This profile is private; id = 17327639
Error: error_code = 15; Access denied: user deactivated; id = 395857207
Error: error_code = 30; This profile is private; id = 155018612
Error: error_code = 30; This profile is private; id = 44019969
Error: error_code = 15; Access denied: user deactivated; id = 409915696
Error: error_code = 30; This profile is private; id = 63376114
Error: error_code = 30; This profile is private; id = 602627028
Error: error_code = 30; This profile is private; id = 682877028
Error: error_code = 15; Access denied: user deactivated; id = 614271483
Error: error_code = 30; This profile is private; id = 644961927
Error: error_code = 15; Access denied: user deactivated; id = 532362345
Error: error_code = 30; This profile is private; id = 319869601
Error: error_code = 30; This profile is private; id = 15392813
Error: error_code = 30; This profile is private; id = 38503154
Error: error_code = 15; Access denied: user deactivated; id = 421411798
Error: error_code = 30; This profile is private; id = 48124430
Error: error_code = 30; This profile is private; id = 652714558
Error: error_code = 30; This profile is private; id = 402380231
Error: error_code = 30; This profile is private; id = 230965147
Error: error_code = 30; This profile is private; id = 198368675
Error: error_code = 15; Access denied: user deactivated; id = 415989411
Error: error_code = 15; Access denied: user deactivated; id = 502549548
Error: error_code = 30; This profile is private; id = 466173525
Error: error_code = 15; Access denied: user deactivated; id = 15425699
Error: error_code = 30; This profile is private; id = 160925718
Error: error_code = 30; This profile is private; id = 222639229
Error: error_code = 30; This profile is private; id = 573965623
Error: error_code = 30; This profile is private; id = 520754040
Error: error_code = 30; This profile is private; id = 210450729
Error: error_code = 30; This profile is private; id = 133666282
Error: error_code = 30; This profile is private; id = 325709132
Error: error_code = 30; This profile is private; id = 319736521
Error: error_code = 30; This profile is private; id = 346136476
Error: error_code = 15; Access denied: user deactivated; id = 299037939
Error: error_code = 30; This profile is private; id = 538077342
Error: error_code = 30; This profile is private; id = 7611180
Error: error_code = 30; This profile is private; id = 336834659
Error: error_code = 30; This profile is private; id = 670168729
Error: error_code = 15; Access denied: user deactivated; id = 537242797
Error: error_code = 30; This profile is private; id = 314853623
Error: error_code = 30; This profile is private; id = 352695802
Error: error_code = 15; Access denied: user deactivated; id = 491485812
Error: error_code = 30; This profile is private; id = 54872247
Error: error_code = 30; This profile is private; id = 610648453
Error: error_code = 15; Access denied: user deactivated; id = 447514181
Error: error_code = 30; This profile is private; id = 21694083
Error: error_code = 30; This profile is private; id = 557388816
Error: error_code = 30; This profile is private; id = 274206883
Error: error_code = 15; Access denied: user deactivated; id = 169679271
Error: error_code = 30; This profile is private; id = 473151739
Error: error_code = 30; This profile is private; id = 700340181
Error: error_code = 15; Access denied: user deactivated; id = 208284912
Error: error_code = 30; This profile is private; id = 275366373
Error: error_code = 30; This profile is private; id = 186961419
Error: error_code = 30; This profile is private; id = 492760401
Error: error_code = 30; This profile is private; id = 289421718
Error: error_code = 30; This profile is private; id = 16866784
Error: error_code = 30; This profile is private; id = 147177110
Error: error_code = 30; This profile is private; id = 344228648
Error: error_code = 30; This profile is private; id = 533128799
Error: error_code = 30; This profile is private; id = 652129684
Error: error_code = 15; Access denied: user deactivated; id = 409316027
Error: error_code = 15; Access denied: user deactivated; id = 267375365
Error: error_code = 30; This profile is private; id = 422957592
Error: error_code = 30; This profile is private; id = 216331036
Error: error_code = 30; This profile is private; id = 230069214
Error: error_code = 30; This profile is private; id = 88893527
Error: error_code = 30; This profile is private; id = 229596927
Error: error_code = 30; This profile is private; id = 233782543
Error: error_code = 15; Access denied: user deactivated; id = 352962272
Error: error_code = 30; This profile is private; id = 156258415
Error: error_code = 15; Access denied: user deactivated; id = 166764577
Error: error_code = 30; This profile is private; id = 649680189
Error: error_code = 15; Access denied: user deactivated; id = 428303257
Error: error_code = 15; Access denied: user deactivated; id = 199378
Error: error_code = 30; This profile is private; id = 441853965
Error: error_code = 30; This profile is private; id = 396610306
Error: error_code = 30; This profile is private; id = 232595651
Error: error_code = 30; This profile is private; id = 213216615
Error: error_code = 30; This profile is private; id = 3990737
Error: error_code = 30; This profile is private; id = 578029031
Error: error_code = 15; Access denied: user deactivated; id = 396347150
Error: error_code = 30; This profile is private; id = 671433667
Error: error_code = 30; This profile is private; id = 168359062
Error: error_code = 30; This profile is private; id = 85066897
Error: error_code = 15; Access denied: user deactivated; id = 435662731
Error: error_code = 15; Access denied: user deactivated; id = 347399137
Error: error_code = 30; This profile is private; id = 374130409
Error: error_code = 30; This profile is private; id = 535177317
Error: error_code = 30; This profile is private; id = 12887203
Error: error_code = 30; This profile is private; id = 676915882
Error: error_code = 15; Access denied: user deactivated; id = 319861175
Error: error_code = 30; This profile is private; id = 93290341
Error: error_code = 30; This profile is private; id = 430975077
Error: error_code = 15; Access denied: user deactivated; id = 507918540
Error: error_code = 30; This profile is private; id = 563383563
Error: error_code = 30; This profile is private; id = 151094682
Error: error_code = 30; This profile is private; id = 19632212
Error: error_code = 30; This profile is private; id = 515849373
Error: error_code = 30; This profile is private; id = 659587005
Error: error_code = 15; Access denied: user deactivated; id = 553123634
Error: error_code = 30; This profile is private; id = 281200660
Error: error_code = 15; Access denied: user deactivated; id = 676564247
Error: error_code = 30; This profile is private; id = 699272084
Error: error_code = 15; Access denied: user deactivated; id = 150383041
Error: error_code = 30; This profile is private; id = 335601232
Error: error_code = 30; This profile is private; id = 544952010
Error: error_code = 30; This profile is private; id = 19958370
Error: error_code = 30; This profile is private; id = 199701474
Error: error_code = 30; This profile is private; id = 394945444
Error: error_code = 15; Access denied: user deactivated; id = 663856913
Error: error_code = 30; This profile is private; id = 182564443
Error: error_code = 30; This profile is private; id = 3280864
Error: error_code = 30; This profile is private; id = 610342992
Error: error_code = 30; This profile is private; id = 459610475
Error: error_code = 15; Access denied: user deactivated; id = 347216231
Error: error_code = 30; This profile is private; id = 490364461
Error: error_code = 15; Access denied: user deactivated; id = 243700723
Error: error_code = 15; Access denied: user deactivated; id = 223142809
Error: error_code = 15; Access denied: user deactivated; id = 427308741
Error: error_code = 30; This profile is private; id = 246213731
Error: error_code = 15; Access denied: user deactivated; id = 31886695
Error: error_code = 15; Access denied: user deactivated; id = 26353184
Error: error_code = 30; This profile is private; id = 612709222
Error: error_code = 15; Access denied: user deactivated; id = 230678941
Error: error_code = 30; This profile is private; id = 366050589
Error: error_code = 30; This profile is private; id = 335043005
Error: error_code = 30; This profile is private; id = 12611298
Error: error_code = 30; This profile is private; id = 50675725
Error: error_code = 15; Access denied: user deactivated; id = 209180987
Error: error_code = 30; This profile is private; id = 321910114
Error: error_code = 15; Access denied: user deactivated; id = 309311178
Error: error_code = 30; This profile is private; id = 545409874
Error: error_code = 15; Access denied: user deactivated; id = 63685366
Error: error_code = 30; This profile is private; id = 194362068
Error: error_code = 30; This profile is private; id = 225582012
Error: error_code = 15; Access denied: user deactivated; id = 188720219
Error: error_code = 15; Access denied: user deactivated; id = 476204387
Error: error_code = 30; This profile is private; id = 31006238
Error: error_code = 30; This profile is private; id = 315327782
Error: error_code = 15; Access denied: user deactivated; id = 162310813
Error: error_code = 30; This profile is private; id = 405058598
Error: error_code = 30; This profile is private; id = 362027895
Error: error_code = 30; This profile is private; id = 33647999
Error: error_code = 30; This profile is private; id = 668578556
Error: error_code = 15; Access denied: user deactivated; id = 50248877
Error: error_code = 15; Access denied: user deactivated; id = 427711026
Error: error_code = 30; This profile is private; id = 269808456
Error: error_code = 15; Access denied: user deactivated; id = 280912025
Error: error_code = 30; This profile is private; id = 8406951
Error: error_code = 30; This profile is private; id = 355751689
Error: error_code = 30; This profile is private; id = 49642285
Error: error_code = 15; Access denied: user deactivated; id = 356658357
Error: error_code = 30; This profile is private; id = 156179877
Error: error_code = 30; This profile is private; id = 273008428
Error: error_code = 30; This profile is private; id = 292066286
Error: error_code = 15; Access denied: user deactivated; id = 173892798
Error: error_code = 30; This profile is private; id = 535321082
Error: error_code = 30; This profile is private; id = 451849777
Error: error_code = 30; This profile is private; id = 629890730
Error: error_code = 15; Access denied: user deactivated; id = 185815301
Error: error_code = 30; This profile is private; id = 272600400
Error: error_code = 30; This profile is private; id = 85272
Error: error_code = 30; This profile is private; id = 439125684
Error: error_code = 30; This profile is private; id = 4594111
Error: error_code = 30; This profile is private; id = 431368909
Error: error_code = 30; This profile is private; id = 490006136
Error: error_code = 30; This profile is private; id = 52436766
Error: error_code = 15; Access denied: user deactivated; id = 17709704
Error: error_code = 30; This profile is private; id = 361030606
Error: error_code = 30; This profile is private; id = 598430734
Error: error_code = 30; This profile is private; id = 407781606
Error: error_code = 30; This profile is private; id = 335287247
Error: error_code = 30; This profile is private; id = 37266027
Error: error_code = 30; This profile is private; id = 695207965
Error: error_code = 15; Access denied: user deactivated; id = 39659496
Error: error_code = 30; This profile is private; id = 9931400
Error: error_code = 30; This profile is private; id = 550196503
Error: error_code = 30; This profile is private; id = 177975349
Error: error_code = 15; Access denied: user deactivated; id = 171899956
Error: error_code = 30; This profile is private; id = 696792818
Error: error_code = 15; Access denied: user deactivated; id = 363424149
Error: error_code = 15; Access denied: user deactivated; id = 402485407
Error: error_code = 30; This profile is private; id = 424233998
Error: error_code = 30; This profile is private; id = 140143444
Error: error_code = 15; Access denied: user deactivated; id = 379975628
Error: error_code = 15; Access denied: user deactivated; id = 416810339
Error: error_code = 30; This profile is private; id = 213728911
Error: error_code = 30; This profile is private; id = 551390016
Error: error_code = 30; This profile is private; id = 675041501
Error: error_code = 15; Access denied: user deactivated; id = 403111642
Error: error_code = 15; Access denied: user deactivated; id = 234465493
Error: error_code = 15; Access denied: user deactivated; id = 344192344
Error: error_code = 30; This profile is private; id = 151837479
Error: error_code = 15; Access denied: user deactivated; id = 205816828
Error: error_code = 30; This profile is private; id = 609893003
Error: error_code = 15; Access denied: user deactivated; id = 405227344
Error: error_code = 15; Access denied: user deactivated; id = 2083960
Error: error_code = 15; Access denied: user deactivated; id = 426956272
Error: error_code = 15; Access denied: user deactivated; id = 158568943
Error: error_code = 30; This profile is private; id = 367753028
Error: error_code = 30; This profile is private; id = 406366693
Error: error_code = 15; Access denied: user deactivated; id = 603130104
Error: error_code = 30; This profile is private; id = 379487763
Error: error_code = 30; This profile is private; id = 22382696
Error: error_code = 15; Access denied: user deactivated; id = 575443881
Error: error_code = 30; This profile is private; id = 465672946
Error: error_code = 30; This profile is private; id = 464310357
Error: error_code = 30; This profile is private; id = 141328192
Error: error_code = 30; This profile is private; id = 200723025
Error: error_code = 30; This profile is private; id = 92339905
Error: error_code = 30; This profile is private; id = 287691881
Error: error_code = 30; This profile is private; id = 59028835
Error: error_code = 15; Access denied: user deactivated; id = 408858917
Error: error_code = 30; This profile is private; id = 2923298
Error: error_code = 30; This profile is private; id = 86774146
Error: error_code = 15; Access denied: user deactivated; id = 43516432
Error: error_code = 30; This profile is private; id = 486041064
Error: error_code = 15; Access denied: user deactivated; id = 330152808
Error: error_code = 15; Access denied: user deactivated; id = 426946705
Error: error_code = 15; Access denied: user deactivated; id = 305312767
Error: error_code = 15; Access denied: user deactivated; id = 205325934
Error: error_code = 30; This profile is private; id = 263058354
Error: error_code = 30; This profile is private; id = 613170113
Error: error_code = 30; This profile is private; id = 181393331
Error: error_code = 30; This profile is private; id = 411524204
Error: error_code = 30; This profile is private; id = 561248970
Error: error_code = 30; This profile is private; id = 320326898
Error: error_code = 30; This profile is private; id = 213331543
Error: error_code = 30; This profile is private; id = 564318881
Error: error_code = 30; This profile is private; id = 713376340
Error: error_code = 15; Access denied: user deactivated; id = 403817957
Error: error_code = 30; This profile is private; id = 333406240
Error: error_code = 30; This profile is private; id = 4236301
Error: error_code = 15; Access denied: user deactivated; id = 612127539
Error: error_code = 30; This profile is private; id = 546162724
Error: error_code = 30; This profile is private; id = 184177808
Error: error_code = 30; This profile is private; id = 599428818
Error: error_code = 30; This profile is private; id = 692804299
Error: error_code = 30; This profile is private; id = 490434888
Error: error_code = 15; Access denied: user deactivated; id = 26803404
Error: error_code = 30; This profile is private; id = 194924377
Error: error_code = 30; This profile is private; id = 66161422
Error: error_code = 30; This profile is private; id = 647150889
Error: error_code = 30; This profile is private; id = 550969257
Error: error_code = 30; This profile is private; id = 132632111
Error: error_code = 30; This profile is private; id = 439405667
Error: error_code = 30; This profile is private; id = 159953653
Error: error_code = 30; This profile is private; id = 284084807
Error: error_code = 30; This profile is private; id = 123915119
Error: error_code = 30; This profile is private; id = 642020689
Error: error_code = 15; Access denied: user deactivated; id = 62648387
Error: error_code = 30; This profile is private; id = 4274415
Error: error_code = 15; Access denied: user deactivated; id = 91135977
Error: error_code = 30; This profile is private; id = 140174700
Error: error_code = 30; This profile is private; id = 558749757
Error: error_code = 30; This profile is private; id = 164313929
Error: error_code = 30; This profile is private; id = 14472493
Error: error_code = 15; Access denied: user deactivated; id = 699625538
Error: error_code = 15; Access denied: user deactivated; id = 705452937
Error: error_code = 15; Access denied: user deactivated; id = 410105505
Error: error_code = 30; This profile is private; id = 5464838
Error: error_code = 30; This profile is private; id = 573813351
Error: error_code = 30; This profile is private; id = 215508898
Error: error_code = 15; Access denied: user deactivated; id = 185540665
Error: error_code = 15; Access denied: user deactivated; id = 359081304
Error: error_code = 15; Access denied: user deactivated; id = 417572714
Error: error_code = 30; This profile is private; id = 526180903
Error: error_code = 15; Access denied: user deactivated; id = 354351974
Error: error_code = 30; This profile is private; id = 50666165
Error: error_code = 30; This profile is private; id = 25658407
Error: error_code = 30; This profile is private; id = 697992117
Error: error_code = 30; This profile is private; id = 2167834
Error: error_code = 15; Access denied: user deactivated; id = 430914625
Error: error_code = 15; Access denied: user deactivated; id = 387452928
Error: error_code = 15; Access denied: user deactivated; id = 29030160
Error: error_code = 30; This profile is private; id = 77467811
Error: error_code = 15; Access denied: user deactivated; id = 24111247
Error: error_code = 30; This profile is private; id = 573332795
Error: error_code = 15; Access denied: user deactivated; id = 246909185
Error: error_code = 30; This profile is private; id = 52762531
Error: error_code = 30; This profile is private; id = 680414650
Error: error_code = 15; Access denied: user deactivated; id = 693896857
Error: error_code = 15; Access denied: user deactivated; id = 229810797
Error: error_code = 30; This profile is private; id = 367463469
Error: error_code = 30; This profile is private; id = 381546934
Error: error_code = 15; Access denied: user deactivated; id = 267738435
Error: error_code = 30; This profile is private; id = 546677236
Error: error_code = 30; This profile is private; id = 612845262
Error: error_code = 15; Access denied: user deactivated; id = 274754061
Error: error_code = 30; This profile is private; id = 20810830
Error: error_code = 30; This profile is private; id = 557369878
Error: error_code = 30; This profile is private; id = 212890278
Error: error_code = 30; This profile is private; id = 514824045
Error: error_code = 15; Access denied: user deactivated; id = 217607739
Error: error_code = 15; Access denied: user deactivated; id = 374939021
Error: error_code = 30; This profile is private; id = 282199292
Error: error_code = 30; This profile is private; id = 132238196
Error: error_code = 30; This profile is private; id = 21244840
Error: error_code = 15; Access denied: user deactivated; id = 153078753
Error: error_code = 15; Access denied: user deactivated; id = 481914730
Error: error_code = 30; This profile is private; id = 93824870
Error: error_code = 30; This profile is private; id = 484222826
Error: error_code = 30; This profile is private; id = 39897970
Error: error_code = 15; Access denied: user deactivated; id = 55202088
Error: error_code = 30; This profile is private; id = 437491479
Error: error_code = 30; This profile is private; id = 163391400
Error: error_code = 15; Access denied: user deactivated; id = 328220537
Error: error_code = 30; This profile is private; id = 248583896
Error: error_code = 30; This profile is private; id = 321056089
Error: error_code = 30; This profile is private; id = 254908646
Error: error_code = 30; This profile is private; id = 376077791
Error: error_code = 30; This profile is private; id = 543516337
Error: error_code = 30; This profile is private; id = 384847075
Error: error_code = 15; Access denied: user deactivated; id = 676387661
Error: error_code = 30; This profile is private; id = 595510029
Error: error_code = 30; This profile is private; id = 114007425
Error: error_code = 15; Access denied: user deactivated; id = 393123424
Error: error_code = 30; This profile is private; id = 86553794
Error: error_code = 15; Access denied: user deactivated; id = 437404814
Error: error_code = 30; This profile is private; id = 335951687
Error: error_code = 30; This profile is private; id = 522948853
Error: error_code = 15; Access denied: user deactivated; id = 174557053
Error: error_code = 15; Access denied: user deactivated; id = 273499164
Error: error_code = 30; This profile is private; id = 74208960
Error: error_code = 30; This profile is private; id = 552607150
Error: error_code = 30; This profile is private; id = 477002133
Error: error_code = 30; This profile is private; id = 277642077
Error: error_code = 30; This profile is private; id = 222855117
Error: error_code = 30; This profile is private; id = 651108560
Error: error_code = 30; This profile is private; id = 569692490
Error: error_code = 15; Access denied: user deactivated; id = 387554668
Error: error_code = 15; Access denied: user deactivated; id = 370493888
Error: error_code = 15; Access denied: user deactivated; id = 472772601
Error: error_code = 30; This profile is private; id = 407945514
Error: error_code = 15; Access denied: user deactivated; id = 271025685
Error: error_code = 30; This profile is private; id = 352003293
Error: error_code = 30; This profile is private; id = 81371120
Error: error_code = 30; This profile is private; id = 671706399
Error: error_code = 15; Access denied: user deactivated; id = 380812892
Error: error_code = 15; Access denied: user deactivated; id = 200344802
Error: error_code = 15; Access denied: user deactivated; id = 396582620
Error: error_code = 30; This profile is private; id = 526531771
Error: error_code = 15; Access denied: user deactivated; id = 513771528
Error: error_code = 30; This profile is private; id = 159345951
Error: error_code = 15; Access denied: user deactivated; id = 183473480
Error: error_code = 30; This profile is private; id = 516698843
Error: error_code = 15; Access denied: user deactivated; id = 263073985
Error: error_code = 15; Access denied: user deactivated; id = 190544255
Error: error_code = 15; Access denied: user deactivated; id = 529415636
Error: error_code = 30; This profile is private; id = 664690870
Error: error_code = 30; This profile is private; id = 692028581
Error: error_code = 30; This profile is private; id = 5773748
Error: error_code = 30; This profile is private; id = 82672507
Error: error_code = 30; This profile is private; id = 217521231
Error: error_code = 30; This profile is private; id = 489285592
Error: error_code = 30; This profile is private; id = 547663685
Error: error_code = 30; This profile is private; id = 123080523
Error: error_code = 30; This profile is private; id = 660422604
Error: error_code = 30; This profile is private; id = 648963682
Error: error_code = 30; This profile is private; id = 657621738
Error: error_code = 30; This profile is private; id = 618278086
Error: error_code = 15; Access denied: user deactivated; id = 482231323
Error: error_code = 15; Access denied: user deactivated; id = 692584680
Error: error_code = 30; This profile is private; id = 292759267
Error: error_code = 30; This profile is private; id = 6055027
Error: error_code = 30; This profile is private; id = 219807648
Error: error_code = 30; This profile is private; id = 407945389
Error: error_code = 30; This profile is private; id = 41061477
Error: error_code = 30; This profile is private; id = 168443392
Error: error_code = 30; This profile is private; id = 4667091
Error: error_code = 30; This profile is private; id = 28708278
Error: error_code = 15; Access denied: user deactivated; id = 598741558
Error: error_code = 15; Access denied: user deactivated; id = 302441404
Error: error_code = 15; Access denied: user deactivated; id = 394592476
Error: error_code = 30; This profile is private; id = 92426288
Error: error_code = 30; This profile is private; id = 176322553
Error: error_code = 30; This profile is private; id = 19759016
Error: error_code = 15; Access denied: user deactivated; id = 259798653
Error: error_code = 30; This profile is private; id = 384408704
Error: error_code = 15; Access denied: user deactivated; id = 228971736
Error: error_code = 15; Access denied: user deactivated; id = 186376326
Error: error_code = 30; This profile is private; id = 617262457
Error: error_code = 30; This profile is private; id = 162854929
Error: error_code = 30; This profile is private; id = 133779335
Error: error_code = 15; Access denied: user deactivated; id = 469655911
Error: error_code = 30; This profile is private; id = 206822728
Error: error_code = 15; Access denied: user deactivated; id = 364561495
Error: error_code = 15; Access denied: user deactivated; id = 210864641
Error: error_code = 30; This profile is private; id = 500281669
Error: error_code = 30; This profile is private; id = 237638658
Error: error_code = 30; This profile is private; id = 487093798
Error: error_code = 30; This profile is private; id = 308991535
Error: error_code = 30; This profile is private; id = 632382
Error: error_code = 30; This profile is private; id = 104369837
Error: error_code = 30; This profile is private; id = 100847745
Error: error_code = 30; This profile is private; id = 76745322
Error: error_code = 15; Access denied: user deactivated; id = 235949498
Error: error_code = 30; This profile is private; id = 192091205
Error: error_code = 30; This profile is private; id = 273688258
Error: error_code = 30; This profile is private; id = 3041707
Error: error_code = 15; Access denied: user deactivated; id = 29654759
Error: error_code = 15; Access denied: user deactivated; id = 613495207
Error: error_code = 30; This profile is private; id = 64200534
Error: error_code = 30; This profile is private; id = 170544315
Error: error_code = 30; This profile is private; id = 159184039
Error: error_code = 30; This profile is private; id = 408662630
Error: error_code = 15; Access denied: user deactivated; id = 35762609
Error: error_code = 15; Access denied: user deactivated; id = 202935118
Error: error_code = 30; This profile is private; id = 591236551
Error: error_code = 30; This profile is private; id = 134766990
Error: error_code = 30; This profile is private; id = 160315394
Error: error_code = 30; This profile is private; id = 692252486
Error: error_code = 30; This profile is private; id = 42316725
Error: error_code = 15; Access denied: user deactivated; id = 332320254
Error: error_code = 30; This profile is private; id = 304739190
Error: error_code = 30; This profile is private; id = 298802121
Error: error_code = 30; This profile is private; id = 532530046
Error: error_code = 30; This profile is private; id = 439530933
Error: error_code = 30; This profile is private; id = 202284452
Error: error_code = 15; Access denied: user deactivated; id = 142231716
Error: error_code = 30; This profile is private; id = 553937229
Error: error_code = 30; This profile is private; id = 524652949
Error: error_code = 30; This profile is private; id = 258764600
Error: error_code = 15; Access denied: user deactivated; id = 166707206
Error: error_code = 30; This profile is private; id = 583794425
Error: error_code = 30; This profile is private; id = 47441545
Error: error_code = 30; This profile is private; id = 162850756
Error: error_code = 15; Access denied: user deactivated; id = 178374383
Error: error_code = 30; This profile is private; id = 446907712
Error: error_code = 30; This profile is private; id = 391145744
Error: error_code = 30; This profile is private; id = 103061060
Error: error_code = 15; Access denied: user deactivated; id = 382053874
Error: error_code = 30; This profile is private; id = 154465961
Error: error_code = 15; Access denied: user deactivated; id = 408032156
Error: error_code = 30; This profile is private; id = 487331597
Error: error_code = 15; Access denied: user deactivated; id = 714755603
Error: error_code = 30; This profile is private; id = 306742729
Error: error_code = 15; Access denied: user deactivated; id = 536771718
Error: error_code = 30; This profile is private; id = 479736603
Error: error_code = 30; This profile is private; id = 147859311
Error: error_code = 30; This profile is private; id = 168926439
Error: error_code = 30; This profile is private; id = 160780031
Error: error_code = 30; This profile is private; id = 388646713
Error: error_code = 30; This profile is private; id = 578071824
Error: error_code = 30; This profile is private; id = 642432392
Error: error_code = 30; This profile is private; id = 3727156
Error: error_code = 30; This profile is private; id = 359740084
Error: error_code = 30; This profile is private; id = 116380543
Error: error_code = 30; This profile is private; id = 1973970
Error: error_code = 15; Access denied: user deactivated; id = 519695618
Error: error_code = 30; This profile is private; id = 108850555
Error: error_code = 30; This profile is private; id = 10052133
Error: error_code = 30; This profile is private; id = 199093950
Error: error_code = 30; This profile is private; id = 551607522
Error: error_code = 30; This profile is private; id = 94676113
Error: error_code = 30; This profile is private; id = 612426405
Error: error_code = 15; Access denied: user deactivated; id = 317814433
Error: error_code = 15; Access denied: user deactivated; id = 207078779
Error: error_code = 30; This profile is private; id = 132586357
Error: error_code = 30; This profile is private; id = 585897005
Error: error_code = 30; This profile is private; id = 420010330
Error: error_code = 15; Access denied: user deactivated; id = 302637246
Error: error_code = 30; This profile is private; id = 665823537
Error: error_code = 15; Access denied: user deactivated; id = 147988603
Error: error_code = 30; This profile is private; id = 23587041
Error: error_code = 30; This profile is private; id = 407486146
Error: error_code = 30; This profile is private; id = 57935240
Error: error_code = 30; This profile is private; id = 340080189
Error: error_code = 30; This profile is private; id = 63865765
Error: error_code = 30; This profile is private; id = 670006748
Error: error_code = 30; This profile is private; id = 597227741
Error: error_code = 15; Access denied: user deactivated; id = 715188628
Error: error_code = 30; This profile is private; id = 675567393
Error: error_code = 15; Access denied: user deactivated; id = 355845130
Error: error_code = 30; This profile is private; id = 61553002
Error: error_code = 15; Access denied: user deactivated; id = 21704718
Error: error_code = 15; Access denied: user deactivated; id = 563522112
Error: error_code = 30; This profile is private; id = 326789988
Error: error_code = 15; Access denied: user deactivated; id = 195436702
Error: error_code = 30; This profile is private; id = 707818397
Error: error_code = 15; Access denied: user deactivated; id = 219126847
Error: error_code = 30; This profile is private; id = 560427168
Error: error_code = 30; This profile is private; id = 593840580
Error: error_code = 30; This profile is private; id = 694139405
Error: error_code = 30; This profile is private; id = 509985798
Error: error_code = 15; Access denied: user deactivated; id = 401610593
Error: error_code = 15; Access denied: user deactivated; id = 123343434
Error: error_code = 30; This profile is private; id = 277855404
Error: error_code = 30; This profile is private; id = 64239260
Error: error_code = 15; Access denied: user deactivated; id = 540789920
Error: error_code = 30; This profile is private; id = 713156216
Error: error_code = 30; This profile is private; id = 221511384
Error: error_code = 30; This profile is private; id = 582314825
Error: error_code = 30; This profile is private; id = 591765266
Error: error_code = 15; Access denied: user deactivated; id = 513761573
Error: error_code = 15; Access denied: user deactivated; id = 11646915
Error: error_code = 15; Access denied: user deactivated; id = 231107500
Error: error_code = 30; This profile is private; id = 229634850
Error: error_code = 15; Access denied: user deactivated; id = 622425411
Error: error_code = 30; This profile is private; id = 288594175
Error: error_code = 30; This profile is private; id = 287945895
Error: error_code = 15; Access denied: user deactivated; id = 441573120
Error: error_code = 30; This profile is private; id = 424733002
Error: error_code = 30; This profile is private; id = 525836401
Error: error_code = 30; This profile is private; id = 54143814
Error: error_code = 30; This profile is private; id = 225197399
Error: error_code = 30; This profile is private; id = 389220572
Error: error_code = 30; This profile is private; id = 335504741
Error: error_code = 30; This profile is private; id = 490194223
Error: error_code = 15; Access denied: user deactivated; id = 220475819
Error: error_code = 15; Access denied: user deactivated; id = 349652785
Error: error_code = 30; This profile is private; id = 480698224
Error: error_code = 30; This profile is private; id = 486642251
Error: error_code = 30; This profile is private; id = 11121429
Error: error_code = 30; This profile is private; id = 599572601
Error: error_code = 15; Access denied: user deactivated; id = 26934686
Error: error_code = 30; This profile is private; id = 411456905
Error: error_code = 30; This profile is private; id = 526704161
Error: error_code = 15; Access denied: user deactivated; id = 127779250
Error: error_code = 30; This profile is private; id = 56884013
Error: error_code = 30; This profile is private; id = 494352044
Error: error_code = 15; Access denied: user deactivated; id = 262026793
Error: error_code = 15; Access denied: user deactivated; id = 183460031
Error: error_code = 30; This profile is private; id = 414968543
Error: error_code = 30; This profile is private; id = 658744315
Error: error_code = 30; This profile is private; id = 361690051
Error: error_code = 15; Access denied: user deactivated; id = 466426998
Error: error_code = 30; This profile is private; id = 195129344
Error: error_code = 30; This profile is private; id = 130820458
Error: error_code = 30; This profile is private; id = 630409983
Error: error_code = 30; This profile is private; id = 5091364
Error: error_code = 15; Access denied: user deactivated; id = 290662836
Error: error_code = 15; Access denied: user deactivated; id = 453886701
Error: error_code = 30; This profile is private; id = 22553625
Error: error_code = 30; This profile is private; id = 538470146
Error: error_code = 15; Access denied: user deactivated; id = 597003261
Error: error_code = 30; This profile is private; id = 333973627
Error: error_code = 30; This profile is private; id = 623857151
Error: error_code = 30; This profile is private; id = 654486753
Error: error_code = 30; This profile is private; id = 302982022
Error: error_code = 30; This profile is private; id = 578118990
Error: error_code = 30; This profile is private; id = 272759197
Error: error_code = 15; Access denied: user deactivated; id = 155172345
Error: error_code = 15; Access denied: user deactivated; id = 217531913
Error: error_code = 30; This profile is private; id = 62395957
Error: error_code = 30; This profile is private; id = 381212952
Error: error_code = 30; This profile is private; id = 395547092
Error: error_code = 30; This profile is private; id = 647921091
Error: error_code = 15; Access denied: user deactivated; id = 177477308
Error: error_code = 30; This profile is private; id = 231612544
Error: error_code = 30; This profile is private; id = 10909116
Error: error_code = 15; Access denied: user deactivated; id = 102953694
Error: error_code = 15; Access denied: user deactivated; id = 461940598
Error: error_code = 15; Access denied: user deactivated; id = 173614039
Error: error_code = 15; Access denied: user deactivated; id = 347199179
Error: error_code = 15; Access denied: user deactivated; id = 183278655
Error: error_code = 30; This profile is private; id = 64161074
Error: error_code = 15; Access denied: user deactivated; id = 413254258
Error: error_code = 15; Access denied: user deactivated; id = 674563192
Error: error_code = 30; This profile is private; id = 414942423
Error: error_code = 15; Access denied: user deactivated; id = 195686145
Error: error_code = 30; This profile is private; id = 630626363
Error: error_code = 30; This profile is private; id = 270682823
Error: error_code = 15; Access denied: user deactivated; id = 509666
Error: error_code = 30; This profile is private; id = 629060197
Error: error_code = 30; This profile is private; id = 572656133
Error: error_code = 15; Access denied: user deactivated; id = 414039847
Error: error_code = 15; Access denied: user deactivated; id = 52872873
Error: error_code = 30; This profile is private; id = 139622361
Error: error_code = 30; This profile is private; id = 97149355
Error: error_code = 15; Access denied: user deactivated; id = 233621775
Error: error_code = 15; Access denied: user deactivated; id = 256348051
Error: error_code = 30; This profile is private; id = 559514782
Error: error_code = 30; This profile is private; id = 137391312
Error: error_code = 15; Access denied: user deactivated; id = 415755365
Error: error_code = 15; Access denied: user deactivated; id = 246044220
Error: error_code = 15; Access denied: user deactivated; id = 372210328
Error: error_code = 30; This profile is private; id = 379223583
Error: error_code = 30; This profile is private; id = 326842283
Error: error_code = 30; This profile is private; id = 195952574
Error: error_code = 15; Access denied: user deactivated; id = 73750168
Error: error_code = 15; Access denied: user deactivated; id = 223493327
Error: error_code = 30; This profile is private; id = 508938234
Error: error_code = 30; This profile is private; id = 355684378
Error: error_code = 30; This profile is private; id = 21434628
Error: error_code = 30; This profile is private; id = 304722876
Error: error_code = 15; Access denied: user deactivated; id = 529392868
Error: error_code = 15; Access denied: user deactivated; id = 158484488
Error: error_code = 30; This profile is private; id = 4561524
Error: error_code = 30; This profile is private; id = 327657050
Error: error_code = 15; Access denied: user deactivated; id = 175302896
Error: error_code = 30; This profile is private; id = 578737458
Error: error_code = 30; This profile is private; id = 384522632
Error: error_code = 30; This profile is private; id = 481058982
Error: error_code = 15; Access denied: user deactivated; id = 239961378
Error: error_code = 15; Access denied: user deactivated; id = 168583831
Error: error_code = 30; This profile is private; id = 337560261
Error: error_code = 30; This profile is private; id = 680854837
Error: error_code = 30; This profile is private; id = 306997358
Error: error_code = 30; This profile is private; id = 534527068
Error: error_code = 30; This profile is private; id = 301271587
Error: error_code = 15; Access denied: user deactivated; id = 650709485
Error: error_code = 30; This profile is private; id = 638373839
Error: error_code = 30; This profile is private; id = 560438714
Error: error_code = 15; Access denied: user deactivated; id = 131660789
Error: error_code = 30; This profile is private; id = 603762902
Error: error_code = 30; This profile is private; id = 105110279
Error: error_code = 30; This profile is private; id = 9312528
Error: error_code = 30; This profile is private; id = 60413951
Error: error_code = 30; This profile is private; id = 42005119
Error: error_code = 15; Access denied: user deactivated; id = 453865126
Error: error_code = 30; This profile is private; id = 56018280
Error: error_code = 30; This profile is private; id = 144950173
Error: error_code = 30; This profile is private; id = 183323116
Error: error_code = 30; This profile is private; id = 408668661
Error: error_code = 15; Access denied: user deactivated; id = 493292297
Error: error_code = 30; This profile is private; id = 2704984
Error: error_code = 30; This profile is private; id = 144714448
Error: error_code = 30; This profile is private; id = 565068530
Error: error_code = 30; This profile is private; id = 465054914
Error: error_code = 30; This profile is private; id = 171954285
Error: error_code = 30; This profile is private; id = 623625668
Error: error_code = 30; This profile is private; id = 149043012
Error: error_code = 30; This profile is private; id = 278180605
Error: error_code = 15; Access denied: user deactivated; id = 425775392
Error: error_code = 30; This profile is private; id = 682662501
Error: error_code = 15; Access denied: user deactivated; id = 203696383
Error: error_code = 30; This profile is private; id = 101604041
Error: error_code = 30; This profile is private; id = 501270150
Error: error_code = 30; This profile is private; id = 620258247
Error: error_code = 30; This profile is private; id = 80230552
Error: error_code = 30; This profile is private; id = 371921526
Error: error_code = 30; This profile is private; id = 585709195
Error: error_code = 30; This profile is private; id = 78686432
Error: error_code = 15; Access denied: user deactivated; id = 358856916
Error: error_code = 30; This profile is private; id = 588956673
Error: error_code = 15; Access denied: user deactivated; id = 621364714
Error: error_code = 30; This profile is private; id = 490125439
Error: error_code = 30; This profile is private; id = 686121727
Error: error_code = 30; This profile is private; id = 407490058
Error: error_code = 30; This profile is private; id = 223963142
Error: error_code = 30; This profile is private; id = 387646039
Error: error_code = 30; This profile is private; id = 19559921
Error: error_code = 30; This profile is private; id = 17749488
Error: error_code = 30; This profile is private; id = 611574579
Error: error_code = 30; This profile is private; id = 44100410
Error: error_code = 30; This profile is private; id = 538784167
Error: error_code = 30; This profile is private; id = 540270867
Error: error_code = 15; Access denied: user deactivated; id = 293385803
Error: error_code = 15; Access denied: user deactivated; id = 144282399
Error: error_code = 15; Access denied: user deactivated; id = 389123257
Error: error_code = 30; This profile is private; id = 33247536
Error: error_code = 30; This profile is private; id = 702214
Error: error_code = 30; This profile is private; id = 196534950
Error: error_code = 30; This profile is private; id = 142424197
Error: error_code = 30; This profile is private; id = 557930668
Error: error_code = 30; This profile is private; id = 109583350
Error: error_code = 15; Access denied: user deactivated; id = 140249221
Error: error_code = 30; This profile is private; id = 251369754
Error: error_code = 30; This profile is private; id = 572099788
Error: error_code = 15; Access denied: user deactivated; id = 511841286
Error: error_code = 30; This profile is private; id = 165440044
Error: error_code = 15; Access denied: user deactivated; id = 145576029
Error: error_code = 30; This profile is private; id = 36178576
Error: error_code = 30; This profile is private; id = 410422747
Error: error_code = 15; Access denied: user deactivated; id = 411723712
Error: error_code = 30; This profile is private; id = 138340083
Error: error_code = 15; Access denied: user deactivated; id = 394660418
Error: error_code = 30; This profile is private; id = 32679215
Error: error_code = 30; This profile is private; id = 10449735
Error: error_code = 15; Access denied: user deactivated; id = 328113642
Error: error_code = 30; This profile is private; id = 45296430
Error: error_code = 30; This profile is private; id = 163783821
Error: error_code = 30; This profile is private; id = 12115549
Error: error_code = 15; Access denied: user deactivated; id = 230807729
Error: error_code = 15; Access denied: user deactivated; id = 642762707
Error: error_code = 15; Access denied: user deactivated; id = 258439019
Error: error_code = 15; Access denied: user deactivated; id = 320324438
Error: error_code = 15; Access denied: user deactivated; id = 140002601
Error: error_code = 30; This profile is private; id = 454299992
Error: error_code = 15; Access denied: user deactivated; id = 478688389
Error: error_code = 15; Access denied: user deactivated; id = 43539597
Error: error_code = 15; Access denied: user deactivated; id = 13459457
Error: error_code = 30; This profile is private; id = 437265617
Error: error_code = 30; This profile is private; id = 138077909
Error: error_code = 15; Access denied: user deactivated; id = 142272167
Error: error_code = 30; This profile is private; id = 2450514
Error: error_code = 15; Access denied: user deactivated; id = 404795952
Error: error_code = 30; This profile is private; id = 306420003
Error: error_code = 30; This profile is private; id = 102754860
Error: error_code = 15; Access denied: user deactivated; id = 359251326
Error: error_code = 30; This profile is private; id = 699807048
Error: error_code = 30; This profile is private; id = 336732306
Error: error_code = 30; This profile is private; id = 82473778
Error: error_code = 30; This profile is private; id = 459189545
Error: error_code = 30; This profile is private; id = 318870513
Error: error_code = 30; This profile is private; id = 82773169
Error: error_code = 15; Access denied: user deactivated; id = 645771591
Error: error_code = 30; This profile is private; id = 88811288
Error: error_code = 15; Access denied: user deactivated; id = 488134738
Error: error_code = 15; Access denied: user deactivated; id = 282674540
Error: error_code = 30; This profile is private; id = 59225520
Error: error_code = 30; This profile is private; id = 6795002
Error: error_code = 30; This profile is private; id = 360521793
Error: error_code = 30; This profile is private; id = 710753761
Error: error_code = 15; Access denied: user deactivated; id = 216286788
Error: error_code = 15; Access denied: user deactivated; id = 3115551
Error: error_code = 30; This profile is private; id = 272146202
Error: error_code = 30; This profile is private; id = 152979241
Error: error_code = 30; This profile is private; id = 214513246
Error: error_code = 30; This profile is private; id = 524185834
Error: error_code = 30; This profile is private; id = 21002320
Error: error_code = 30; This profile is private; id = 292934971
Error: error_code = 30; This profile is private; id = 619901723
Error: error_code = 15; Access denied: user deactivated; id = 394554431
Error: error_code = 15; Access denied: user deactivated; id = 196918
Error: error_code = 30; This profile is private; id = 445136987
Error: error_code = 30; This profile is private; id = 18789539
Error: error_code = 30; This profile is private; id = 389251450
Error: error_code = 30; This profile is private; id = 691900853
Error: error_code = 30; This profile is private; id = 210849948
Error: error_code = 15; Access denied: user deactivated; id = 313610197
Error: error_code = 15; Access denied: user deactivated; id = 203758355
Error: error_code = 30; This profile is private; id = 266243997
Error: error_code = 30; This profile is private; id = 377198751
Error: error_code = 30; This profile is private; id = 538474200
Error: error_code = 15; Access denied: user deactivated; id = 481996671
Error: error_code = 30; This profile is private; id = 395838673
Error: error_code = 15; Access denied: user deactivated; id = 469124605
Error: error_code = 30; This profile is private; id = 234019689
Error: error_code = 30; This profile is private; id = 450953219
Error: error_code = 15; Access denied: user deactivated; id = 425590237
Error: error_code = 30; This profile is private; id = 282755907
Error: error_code = 30; This profile is private; id = 284181790
Error: error_code = 30; This profile is private; id = 98960622
Error: error_code = 15; Access denied: user deactivated; id = 715139225
Error: error_code = 30; This profile is private; id = 413341441
Error: error_code = 30; This profile is private; id = 92903489
Error: error_code = 15; Access denied: user deactivated; id = 526243233
Error: error_code = 30; This profile is private; id = 333913666
Error: error_code = 15; Access denied: user deactivated; id = 240823814
Error: error_code = 30; This profile is private; id = 145533274
Error: error_code = 30; This profile is private; id = 423429712
Error: error_code = 30; This profile is private; id = 64609232
Error: error_code = 30; This profile is private; id = 673197529
Error: error_code = 30; This profile is private; id = 3213176
Error: error_code = 15; Access denied: user deactivated; id = 211017250
Error: error_code = 30; This profile is private; id = 34838051
Error: error_code = 15; Access denied: user deactivated; id = 196866537
Error: error_code = 15; Access denied: user deactivated; id = 499055809
Error: error_code = 30; This profile is private; id = 579053231
Error: error_code = 30; This profile is private; id = 132940944
Error: error_code = 15; Access denied: user deactivated; id = 98348029
Error: error_code = 30; This profile is private; id = 616084707
Error: error_code = 30; This profile is private; id = 34096815
Error: error_code = 30; This profile is private; id = 147659957
Error: error_code = 30; This profile is private; id = 127041142
Error: error_code = 30; This profile is private; id = 446694664
Error: error_code = 30; This profile is private; id = 213530113
Error: error_code = 15; Access denied: user deactivated; id = 536298024
Error: error_code = 30; This profile is private; id = 153647737
Error: error_code = 30; This profile is private; id = 580050598
Error: error_code = 30; This profile is private; id = 315405701
Error: error_code = 30; This profile is private; id = 177598431
Error: error_code = 30; This profile is private; id = 691389144
Error: error_code = 30; This profile is private; id = 144188148
Error: error_code = 15; Access denied: user deactivated; id = 211318317
Error: error_code = 30; This profile is private; id = 431164063
Error: error_code = 30; This profile is private; id = 411148508
Error: error_code = 30; This profile is private; id = 384300522
Error: error_code = 30; This profile is private; id = 324652284
Error: error_code = 30; This profile is private; id = 618223
Error: error_code = 30; This profile is private; id = 595649759
Error: error_code = 30; This profile is private; id = 350401095
Error: error_code = 30; This profile is private; id = 682582849
Error: error_code = 15; Access denied: user deactivated; id = 415235731
Error: error_code = 30; This profile is private; id = 241099003
Error: error_code = 30; This profile is private; id = 290937952
Error: error_code = 30; This profile is private; id = 556422854
Error: error_code = 30; This profile is private; id = 151332592
Error: error_code = 30; This profile is private; id = 355365796
Error: error_code = 15; Access denied: user deactivated; id = 283479344
Error: error_code = 15; Access denied: user deactivated; id = 215383966
Error: error_code = 15; Access denied: user deactivated; id = 251649414
Error: error_code = 30; This profile is private; id = 472228019
Error: error_code = 30; This profile is private; id = 155316296
Error: error_code = 30; This profile is private; id = 26371545
Error: error_code = 30; This profile is private; id = 587177851
Error: error_code = 30; This profile is private; id = 49073790
Error: error_code = 30; This profile is private; id = 9241067
Error: error_code = 30; This profile is private; id = 568989990
Error: error_code = 30; This profile is private; id = 632331235
Error: error_code = 30; This profile is private; id = 241255319
Error: error_code = 30; This profile is private; id = 382830873
Error: error_code = 30; This profile is private; id = 39470344
Error: error_code = 30; This profile is private; id = 262452732
Error: error_code = 30; This profile is private; id = 489174329
Error: error_code = 15; Access denied: user deactivated; id = 595626899
Error: error_code = 30; This profile is private; id = 414033637
Error: error_code = 30; This profile is private; id = 639729478
Error: error_code = 15; Access denied: user deactivated; id = 276439481
Error: error_code = 30; This profile is private; id = 520284769
Error: error_code = 30; This profile is private; id = 420972736
Error: error_code = 30; This profile is private; id = 236079536
Error: error_code = 30; This profile is private; id = 129404503
Error: error_code = 30; This profile is private; id = 314597771
Error: error_code = 30; This profile is private; id = 216860284
Error: error_code = 15; Access denied: user deactivated; id = 436298690
Error: error_code = 30; This profile is private; id = 365711351
Error: error_code = 30; This profile is private; id = 555005208
Error: error_code = 30; This profile is private; id = 676047811
Error: error_code = 30; This profile is private; id = 609550264
Error: error_code = 30; This profile is private; id = 263814086
Error: error_code = 15; Access denied: user deactivated; id = 143914091
Error: error_code = 15; Access denied: user deactivated; id = 448474890
Error: error_code = 30; This profile is private; id = 362165262
Error: error_code = 30; This profile is private; id = 297353169
Error: error_code = 15; Access denied: user deactivated; id = 425603699
Error: error_code = 30; This profile is private; id = 36719090
Error: error_code = 30; This profile is private; id = 294197135
Error: error_code = 15; Access denied: user deactivated; id = 29176958
Error: error_code = 30; This profile is private; id = 530339704
Error: error_code = 30; This profile is private; id = 1338905
Error: error_code = 15; Access denied: user deactivated; id = 483654177
Error: error_code = 30; This profile is private; id = 232462911
Error: error_code = 30; This profile is private; id = 553362240
Error: error_code = 30; This profile is private; id = 333672402
Error: error_code = 30; This profile is private; id = 77980042
Error: error_code = 30; This profile is private; id = 194316425
Error: error_code = 30; This profile is private; id = 166009108
Error: error_code = 30; This profile is private; id = 50576447
Error: error_code = 15; Access denied: user deactivated; id = 186154965
Error: error_code = 30; This profile is private; id = 668137627
Error: error_code = 30; This profile is private; id = 621819453
Error: error_code = 15; Access denied: user deactivated; id = 39685801
Error: error_code = 15; Access denied: user deactivated; id = 541471170
Error: error_code = 30; This profile is private; id = 329450865
Error: error_code = 15; Access denied: user deactivated; id = 162121155
Error: error_code = 30; This profile is private; id = 562685554
Error: error_code = 30; This profile is private; id = 341756891
Error: error_code = 30; This profile is private; id = 111289053
Error: error_code = 30; This profile is private; id = 305279125
Error: error_code = 30; This profile is private; id = 652300846
Error: error_code = 15; Access denied: user deactivated; id = 533372041
Error: error_code = 15; Access denied: user deactivated; id = 192748265
Error: error_code = 30; This profile is private; id = 103765967
Error: error_code = 15; Access denied: user deactivated; id = 236553425
Error: error_code = 30; This profile is private; id = 271188026
Error: error_code = 30; This profile is private; id = 509500774
Error: error_code = 30; This profile is private; id = 472987905
Error: error_code = 30; This profile is private; id = 84619045
Error: error_code = 30; This profile is private; id = 586512646
Error: error_code = 30; This profile is private; id = 683103988
Error: error_code = 30; This profile is private; id = 145459164
Error: error_code = 15; Access denied: user deactivated; id = 278693980
Error: error_code = 30; This profile is private; id = 172624510
Error: error_code = 15; Access denied: user deactivated; id = 702832733
Error: error_code = 30; This profile is private; id = 207973020
Error: error_code = 15; Access denied: user deactivated; id = 535477926
Error: error_code = 15; Access denied: user deactivated; id = 403632362
Error: error_code = 30; This profile is private; id = 229019717
Error: error_code = 30; This profile is private; id = 342329697
Error: error_code = 15; Access denied: user deactivated; id = 309735399
Error: error_code = 30; This profile is private; id = 312843343
Error: error_code = 30; This profile is private; id = 387690816
Error: error_code = 30; This profile is private; id = 186004749
Error: error_code = 30; This profile is private; id = 466162041
Error: error_code = 15; Access denied: user deactivated; id = 212573053
Error: error_code = 30; This profile is private; id = 473981021
Error: error_code = 30; This profile is private; id = 199263149
Error: error_code = 30; This profile is private; id = 396311475
Error: error_code = 15; Access denied: user deactivated; id = 234978365
Error: error_code = 30; This profile is private; id = 308481862
Error: error_code = 30; This profile is private; id = 454015017
Error: error_code = 30; This profile is private; id = 39637701
Error: error_code = 30; This profile is private; id = 277842689
Error: error_code = 15; Access denied: user deactivated; id = 551056479
Error: error_code = 30; This profile is private; id = 433938277
Error: error_code = 15; Access denied: user deactivated; id = 355016628
Error: error_code = 15; Access denied: user deactivated; id = 353043937
Error: error_code = 30; This profile is private; id = 624307881
Error: error_code = 30; This profile is private; id = 663650643
Error: error_code = 30; This profile is private; id = 496270822
Error: error_code = 30; This profile is private; id = 530919900
Error: error_code = 30; This profile is private; id = 171673729
Error: error_code = 30; This profile is private; id = 528439780
Error: error_code = 15; Access denied: user deactivated; id = 178495789
Error: error_code = 30; This profile is private; id = 230014675
Error: error_code = 15; Access denied: user deactivated; id = 153733714
Error: error_code = 30; This profile is private; id = 74774654
Error: error_code = 15; Access denied: user deactivated; id = 142718902
Error: error_code = 15; Access denied: user deactivated; id = 544879278
Error: error_code = 15; Access denied: user deactivated; id = 260559118
Error: error_code = 30; This profile is private; id = 399133311
Error: error_code = 30; This profile is private; id = 347956044
Error: error_code = 15; Access denied: user deactivated; id = 203390192
Error: error_code = 30; This profile is private; id = 512261040
Error: error_code = 15; Access denied: user deactivated; id = 206866754
Error: error_code = 30; This profile is private; id = 141103804
Error: error_code = 30; This profile is private; id = 569953512
Error: error_code = 15; Access denied: user deactivated; id = 108420354
Error: error_code = 30; This profile is private; id = 20339410
Error: error_code = 30; This profile is private; id = 17030160
Error: error_code = 15; Access denied: user deactivated; id = 354391812
Error: error_code = 30; This profile is private; id = 211407653
Error: error_code = 30; This profile is private; id = 57066211
Error: error_code = 30; This profile is private; id = 168061249
Error: error_code = 30; This profile is private; id = 153263496
Error: error_code = 30; This profile is private; id = 354620071
Error: error_code = 30; This profile is private; id = 143807765
Error: error_code = 15; Access denied: user deactivated; id = 515578559
Error: error_code = 30; This profile is private; id = 121755242
Error: error_code = 30; This profile is private; id = 27260544
Error: error_code = 30; This profile is private; id = 269945188
Error: error_code = 30; This profile is private; id = 90117944
Error: error_code = 15; Access denied: user deactivated; id = 428004516
Error: error_code = 30; This profile is private; id = 240105459
Error: error_code = 15; Access denied: user deactivated; id = 205465732
Error: error_code = 15; Access denied: user deactivated; id = 220757821
Error: error_code = 30; This profile is private; id = 166220691
Error: error_code = 30; This profile is private; id = 31649050
Error: error_code = 30; This profile is private; id = 457820751
Error: error_code = 30; This profile is private; id = 224488036
Error: error_code = 30; This profile is private; id = 633603280
Error: error_code = 30; This profile is private; id = 245741035
Error: error_code = 30; This profile is private; id = 269612476
Error: error_code = 30; This profile is private; id = 181928045
Error: error_code = 15; Access denied: user deactivated; id = 213277135
Error: error_code = 30; This profile is private; id = 545272963
Error: error_code = 15; Access denied: user deactivated; id = 151476852
Error: error_code = 15; Access denied: user deactivated; id = 512701788
Error: error_code = 15; Access denied: user deactivated; id = 644202404
Error: error_code = 30; This profile is private; id = 175030894
Error: error_code = 15; Access denied: user deactivated; id = 165498486
Error: error_code = 15; Access denied: user deactivated; id = 576859049
Error: error_code = 30; This profile is private; id = 253986447
Error: error_code = 15; Access denied: user deactivated; id = 449845352
Error: error_code = 15; Access denied: user deactivated; id = 220696237
Error: error_code = 30; This profile is private; id = 86830466
Error: error_code = 30; This profile is private; id = 543972371
Error: error_code = 30; This profile is private; id = 594676392
Error: error_code = 15; Access denied: user deactivated; id = 518502623
Error: error_code = 15; Access denied: user deactivated; id = 292279894
Error: error_code = 30; This profile is private; id = 145146881
Error: error_code = 30; This profile is private; id = 555775917
Error: error_code = 30; This profile is private; id = 501700633
Error: error_code = 30; This profile is private; id = 508315727
Error: error_code = 15; Access denied: user deactivated; id = 520980027
Error: error_code = 15; Access denied: user deactivated; id = 421341794
Error: error_code = 15; Access denied: user deactivated; id = 472343566
Error: error_code = 30; This profile is private; id = 234487557
Error: error_code = 30; This profile is private; id = 609026614
Error: error_code = 30; This profile is private; id = 320032608
Error: error_code = 30; This profile is private; id = 112752203
Error: error_code = 15; Access denied: user deactivated; id = 679030571
Error: error_code = 30; This profile is private; id = 610415951
Error: error_code = 30; This profile is private; id = 63596769
Error: error_code = 30; This profile is private; id = 541119342
Error: error_code = 30; This profile is private; id = 494837787
Error: error_code = 15; Access denied: user deactivated; id = 408119511
Error: error_code = 15; Access denied: user deactivated; id = 405073509
Error: error_code = 15; Access denied: user deactivated; id = 403578854
Error: error_code = 30; This profile is private; id = 455735883
Error: error_code = 15; Access denied: user deactivated; id = 348582186
Error: error_code = 15; Access denied: user deactivated; id = 376240011
Error: error_code = 15; Access denied: user deactivated; id = 172656774
Error: error_code = 15; Access denied: user deactivated; id = 112834757
Error: error_code = 30; This profile is private; id = 558563301
Error: error_code = 30; This profile is private; id = 573706477
Error: error_code = 30; This profile is private; id = 182520547
Error: error_code = 30; This profile is private; id = 683434864
Error: error_code = 30; This profile is private; id = 267389579
Error: error_code = 15; Access denied: user deactivated; id = 91595417
Error: error_code = 30; This profile is private; id = 439412185
Error: error_code = 30; This profile is private; id = 265906073
Error: error_code = 30; This profile is private; id = 65247792
Error: error_code = 30; This profile is private; id = 8575009
Error: error_code = 30; This profile is private; id = 50733938
Error: error_code = 30; This profile is private; id = 648199983
Error: error_code = 15; Access denied: user deactivated; id = 234640131
Error: error_code = 30; This profile is private; id = 711887664
Error: error_code = 15; Access denied: user deactivated; id = 403967137
Error: error_code = 30; This profile is private; id = 296465493
Error: error_code = 30; This profile is private; id = 65522305
Error: error_code = 30; This profile is private; id = 104960162
Error: error_code = 15; Access denied: user deactivated; id = 468407710
Error: error_code = 30; This profile is private; id = 672524554
Error: error_code = 30; This profile is private; id = 19756993
Error: error_code = 30; This profile is private; id = 534981726
Error: error_code = 30; This profile is private; id = 168441724
Error: error_code = 15; Access denied: user deactivated; id = 435197956
Error: error_code = 30; This profile is private; id = 123077232
Error: error_code = 30; This profile is private; id = 63796663
Error: error_code = 30; This profile is private; id = 8193510
Error: error_code = 30; This profile is private; id = 70766078
Error: error_code = 15; Access denied: user deactivated; id = 400696955
Error: error_code = 15; Access denied: user deactivated; id = 185979454
Error: error_code = 30; This profile is private; id = 3376054
Error: error_code = 30; This profile is private; id = 547085770
Error: error_code = 30; This profile is private; id = 465472373
Error: error_code = 30; This profile is private; id = 430269014
Error: error_code = 30; This profile is private; id = 415950487
Error: error_code = 30; This profile is private; id = 624652784
Error: error_code = 30; This profile is private; id = 597946569
Error: error_code = 30; This profile is private; id = 2509670
Error: error_code = 15; Access denied: user deactivated; id = 602622564
Error: error_code = 30; This profile is private; id = 121551364
Error: error_code = 30; This profile is private; id = 349136086
Error: error_code = 30; This profile is private; id = 212275932
Error: error_code = 30; This profile is private; id = 122605522
Error: error_code = 30; This profile is private; id = 605257965
Error: error_code = 30; This profile is private; id = 630336042
Error: error_code = 15; Access denied: user deactivated; id = 420097022
Error: error_code = 30; This profile is private; id = 694219735
Error: error_code = 15; Access denied: user deactivated; id = 286712066
Error: error_code = 30; This profile is private; id = 68334443
Error: error_code = 30; This profile is private; id = 501407602
Error: error_code = 30; This profile is private; id = 412638578
Error: error_code = 15; Access denied: user deactivated; id = 295627795
Error: error_code = 30; This profile is private; id = 528044934
Error: error_code = 30; This profile is private; id = 611454787
Error: error_code = 15; Access denied: user deactivated; id = 548453779
Error: error_code = 30; This profile is private; id = 40804762
Error: error_code = 15; Access denied: user deactivated; id = 638005458
Error: error_code = 15; Access denied: user deactivated; id = 414398369
Error: error_code = 30; This profile is private; id = 600623010
Error: error_code = 30; This profile is private; id = 694559373
Error: error_code = 30; This profile is private; id = 712212538
Error: error_code = 30; This profile is private; id = 262804729
Error: error_code = 30; This profile is private; id = 336844570
Error: error_code = 30; This profile is private; id = 10468796
Error: error_code = 30; This profile is private; id = 689940091
Error: error_code = 15; Access denied: user deactivated; id = 264873223
Error: error_code = 15; Access denied: user deactivated; id = 389909984
Error: error_code = 30; This profile is private; id = 631592062
Error: error_code = 15; Access denied: user deactivated; id = 529680018
Error: error_code = 30; This profile is private; id = 504713337
Error: error_code = 30; This profile is private; id = 174323694
Error: error_code = 30; This profile is private; id = 249195985
Error: error_code = 15; Access denied: user deactivated; id = 344816331
Error: error_code = 30; This profile is private; id = 295239561
Error: error_code = 15; Access denied: user deactivated; id = 543799988
Error: error_code = 15; Access denied: user deactivated; id = 663940484
Error: error_code = 30; This profile is private; id = 698685588
Error: error_code = 30; This profile is private; id = 7842154
Error: error_code = 30; This profile is private; id = 366671063
Error: error_code = 30; This profile is private; id = 362374811
Error: error_code = 30; This profile is private; id = 423386581
Error: error_code = 15; Access denied: user deactivated; id = 597314115
Error: error_code = 30; This profile is private; id = 25397920
Error: error_code = 15; Access denied: user deactivated; id = 544502751
Error: error_code = 30; This profile is private; id = 1668349
Error: error_code = 15; Access denied: user deactivated; id = 206952472
Error: error_code = 30; This profile is private; id = 621024317
Error: error_code = 30; This profile is private; id = 240341735
Error: error_code = 30; This profile is private; id = 401779831
Error: error_code = 15; Access denied: user deactivated; id = 411673218
Error: error_code = 30; This profile is private; id = 467071460
Error: error_code = 30; This profile is private; id = 676781661
Error: error_code = 15; Access denied: user deactivated; id = 472587535
Error: error_code = 30; This profile is private; id = 311430433
Error: error_code = 15; Access denied: user deactivated; id = 71066688
Error: error_code = 30; This profile is private; id = 9738131
Error: error_code = 30; This profile is private; id = 273034968
Error: error_code = 30; This profile is private; id = 459152026
Error: error_code = 30; This profile is private; id = 479190209
Error: error_code = 30; This profile is private; id = 586404594
Error: error_code = 15; Access denied: user deactivated; id = 285511151
Error: error_code = 30; This profile is private; id = 204995511
Error: error_code = 15; Access denied: user deactivated; id = 406342840
Error: error_code = 30; This profile is private; id = 604201017
Error: error_code = 15; Access denied: user deactivated; id = 456324595
Error: error_code = 30; This profile is private; id = 637574172
Error: error_code = 30; This profile is private; id = 158585379
Error: error_code = 30; This profile is private; id = 142782261
Error: error_code = 15; Access denied: user deactivated; id = 272914876
Error: error_code = 30; This profile is private; id = 606667778
Error: error_code = 30; This profile is private; id = 306734664
Error: error_code = 30; This profile is private; id = 5085483
Error: error_code = 30; This profile is private; id = 178243437
Error: error_code = 30; This profile is private; id = 218427272
Error: error_code = 30; This profile is private; id = 408574679
Error: error_code = 15; Access denied: user deactivated; id = 138589084
Error: error_code = 15; Access denied: user deactivated; id = 344589259
Error: error_code = 30; This profile is private; id = 26552709
Error: error_code = 30; This profile is private; id = 517855660
Error: error_code = 15; Access denied: user deactivated; id = 25778550
Error: error_code = 30; This profile is private; id = 468592459
Error: error_code = 30; This profile is private; id = 618742337
Error: error_code = 30; This profile is private; id = 529680356
Error: error_code = 30; This profile is private; id = 701416946
Error: error_code = 15; Access denied: user deactivated; id = 371037130
Error: error_code = 30; This profile is private; id = 501786970
Error: error_code = 30; This profile is private; id = 11549342
Error: error_code = 30; This profile is private; id = 212660118
Error: error_code = 30; This profile is private; id = 634803837
Error: error_code = 30; This profile is private; id = 118194401
Error: error_code = 15; Access denied: user deactivated; id = 708201790
Error: error_code = 30; This profile is private; id = 353861847
Error: error_code = 30; This profile is private; id = 672878643
Error: error_code = 30; This profile is private; id = 490799019
Error: error_code = 15; Access denied: user deactivated; id = 505914760
Error: error_code = 30; This profile is private; id = 44075069
Error: error_code = 30; This profile is private; id = 225237728
Error: error_code = 30; This profile is private; id = 238352982
Error: error_code = 30; This profile is private; id = 697789406
Error: error_code = 30; This profile is private; id = 258639828
Error: error_code = 15; Access denied: user deactivated; id = 522457884
Error: error_code = 30; This profile is private; id = 417700136
Error: error_code = 30; This profile is private; id = 497650042
Error: error_code = 30; This profile is private; id = 150224631
Error: error_code = 30; This profile is private; id = 484703184
Error: error_code = 30; This profile is private; id = 605908008
Error: error_code = 15; Access denied: user deactivated; id = 705236319
Error: error_code = 15; Access denied: user deactivated; id = 235640315
Error: error_code = 15; Access denied: user deactivated; id = 532610973
Error: error_code = 30; This profile is private; id = 39124053
Error: error_code = 15; Access denied: user deactivated; id = 318233953
Error: error_code = 30; This profile is private; id = 126700222
Error: error_code = 15; Access denied: user deactivated; id = 338652113
Error: error_code = 15; Access denied: user deactivated; id = 465383163
Error: error_code = 15; Access denied: user deactivated; id = 39819027
Error: error_code = 30; This profile is private; id = 697505912
Error: error_code = 15; Access denied: user deactivated; id = 322042378
Error: error_code = 30; This profile is private; id = 326035953
Error: error_code = 30; This profile is private; id = 580740401
Error: error_code = 30; This profile is private; id = 30904486
Error: error_code = 15; Access denied: user deactivated; id = 370325232
Error: error_code = 30; This profile is private; id = 76549624
Error: error_code = 30; This profile is private; id = 259113527
Error: error_code = 15; Access denied: user deactivated; id = 218467426
Error: error_code = 15; Access denied: user deactivated; id = 612426673
Error: error_code = 15; Access denied: user deactivated; id = 539136194
Error: error_code = 30; This profile is private; id = 466975462
Error: error_code = 15; Access denied: user deactivated; id = 643842838
Error: error_code = 15; Access denied: user deactivated; id = 667055351
Error: error_code = 15; Access denied: user deactivated; id = 364311128
Error: error_code = 30; This profile is private; id = 565453427
Error: error_code = 15; Access denied: user deactivated; id = 135313577
Error: error_code = 15; Access denied: user deactivated; id = 710120675
Error: error_code = 15; Access denied: user deactivated; id = 526547847
Error: error_code = 30; This profile is private; id = 153205960
Error: error_code = 30; This profile is private; id = 69206255
Error: error_code = 30; This profile is private; id = 26951986
Error: error_code = 30; This profile is private; id = 188530
Error: error_code = 15; Access denied: user deactivated; id = 472305537
Error: error_code = 30; This profile is private; id = 478299293
Error: error_code = 15; Access denied: user deactivated; id = 231669488
Error: error_code = 15; Access denied: user deactivated; id = 433353861
Error: error_code = 30; This profile is private; id = 136849982
Error: error_code = 30; This profile is private; id = 624419620
Error: error_code = 15; Access denied: user deactivated; id = 267196783
Error: error_code = 30; This profile is private; id = 26887546
Error: error_code = 15; Access denied: user deactivated; id = 422622847
Error: error_code = 30; This profile is private; id = 532598439
Error: error_code = 30; This profile is private; id = 261522504
Error: error_code = 15; Access denied: user deactivated; id = 336095842
Error: error_code = 15; Access denied: user deactivated; id = 662915481
Error: error_code = 30; This profile is private; id = 639636189
Error: error_code = 30; This profile is private; id = 579838100
Error: error_code = 30; This profile is private; id = 621194740
Error: error_code = 30; This profile is private; id = 599966878
Error: error_code = 15; Access denied: user deactivated; id = 423732579
Error: error_code = 30; This profile is private; id = 480053560
Error: error_code = 30; This profile is private; id = 369028648
Error: error_code = 30; This profile is private; id = 19647051
Error: error_code = 15; Access denied: user deactivated; id = 368847779
Error: error_code = 30; This profile is private; id = 550657835
Error: error_code = 15; Access denied: user deactivated; id = 535597801
Error: error_code = 15; Access denied: user deactivated; id = 401377638
Error: error_code = 30; This profile is private; id = 214917910
Error: error_code = 30; This profile is private; id = 481501876
Error: error_code = 15; Access denied: user deactivated; id = 111283351
Error: error_code = 15; Access denied: user deactivated; id = 447068242
Error: error_code = 30; This profile is private; id = 590577645
Error: error_code = 15; Access denied: user deactivated; id = 204921932
Error: error_code = 30; This profile is private; id = 541716913
Error: error_code = 30; This profile is private; id = 142670626
Error: error_code = 30; This profile is private; id = 325645881
Error: error_code = 30; This profile is private; id = 377538404
Error: error_code = 30; This profile is private; id = 273426822
Error: error_code = 15; Access denied: user deactivated; id = 606869290
Error: error_code = 15; Access denied: user deactivated; id = 420428335
Error: error_code = 15; Access denied: user deactivated; id = 200842446
Error: error_code = 30; This profile is private; id = 407786908
Error: error_code = 15; Access denied: user deactivated; id = 212395075
Error: error_code = 30; This profile is private; id = 118749064
Error: error_code = 15; Access denied: user deactivated; id = 82576152
Error: error_code = 15; Access denied: user deactivated; id = 377489135
Error: error_code = 30; This profile is private; id = 266924591
Error: error_code = 30; This profile is private; id = 258492801
Error: error_code = 15; Access denied: user deactivated; id = 628031701
Error: error_code = 30; This profile is private; id = 173373058
Error: error_code = 15; Access denied: user deactivated; id = 663528503
Error: error_code = 30; This profile is private; id = 17005939
Error: error_code = 15; Access denied: user deactivated; id = 418982029
Error: error_code = 30; This profile is private; id = 228554728
Error: error_code = 30; This profile is private; id = 241008780
Error: error_code = 30; This profile is private; id = 460093086
Error: error_code = 30; This profile is private; id = 11590599
Error: error_code = 30; This profile is private; id = 531169518
Error: error_code = 30; This profile is private; id = 686193452
Error: error_code = 30; This profile is private; id = 627768326
Error: error_code = 30; This profile is private; id = 637531842
Error: error_code = 15; Access denied: user deactivated; id = 556836931
Error: error_code = 30; This profile is private; id = 4270577
Error: error_code = 30; This profile is private; id = 602434004
Error: error_code = 30; This profile is private; id = 671779292
Error: error_code = 30; This profile is private; id = 15867015
Error: error_code = 15; Access denied: user deactivated; id = 528966239
Error: error_code = 30; This profile is private; id = 153611371
Error: error_code = 30; This profile is private; id = 293439687
Error: error_code = 15; Access denied: user deactivated; id = 165517489
Error: error_code = 15; Access denied: user deactivated; id = 44472893
Error: error_code = 30; This profile is private; id = 290663726
Error: error_code = 30; This profile is private; id = 612525034
Error: error_code = 30; This profile is private; id = 88631012
Error: error_code = 30; This profile is private; id = 94719983
Error: error_code = 30; This profile is private; id = 322208682
Error: error_code = 15; Access denied: user deactivated; id = 461598722
Error: error_code = 30; This profile is private; id = 705736851
Error: error_code = 30; This profile is private; id = 107193583
Error: error_code = 15; Access denied: user deactivated; id = 154075338
Error: error_code = 30; This profile is private; id = 316742856
Error: error_code = 15; Access denied: user deactivated; id = 511629937
Error: error_code = 15; Access denied: user deactivated; id = 659632781
Error: error_code = 30; This profile is private; id = 191369752
Error: error_code = 15; Access denied: user deactivated; id = 550990957
Error: error_code = 15; Access denied: user deactivated; id = 173143861
Error: error_code = 15; Access denied: user deactivated; id = 7825671
Error: error_code = 30; This profile is private; id = 208242918
Error: error_code = 30; This profile is private; id = 571208827
Error: error_code = 30; This profile is private; id = 53186850
Error: error_code = 15; Access denied: user deactivated; id = 22641525
Error: error_code = 15; Access denied: user deactivated; id = 437541691
Error: error_code = 15; Access denied: user deactivated; id = 373070729
Error: error_code = 15; Access denied: user deactivated; id = 546539036
Error: error_code = 30; This profile is private; id = 107884694
Error: error_code = 30; This profile is private; id = 505281276
Error: error_code = 15; Access denied: user deactivated; id = 535258018
Error: error_code = 15; Access denied: user deactivated; id = 715186555
Error: error_code = 30; This profile is private; id = 384708729
Error: error_code = 30; This profile is private; id = 116432069
Error: error_code = 30; This profile is private; id = 175677845
Error: error_code = 30; This profile is private; id = 714916977
Error: error_code = 15; Access denied: user deactivated; id = 647071649
Error: error_code = 30; This profile is private; id = 592246214
Error: error_code = 15; Access denied: user deactivated; id = 205626347
Error: error_code = 15; Access denied: user deactivated; id = 237061284
Error: error_code = 15; Access denied: user deactivated; id = 710119575
Error: error_code = 30; This profile is private; id = 239371309
Error: error_code = 15; Access denied: user deactivated; id = 280378186
Error: error_code = 30; This profile is private; id = 25482576
Error: error_code = 30; This profile is private; id = 132041918
Error: error_code = 30; This profile is private; id = 88362811
Error: error_code = 30; This profile is private; id = 287686250
Error: error_code = 15; Access denied: user deactivated; id = 635586387
Error: error_code = 15; Access denied: user deactivated; id = 210258405
Error: error_code = 30; This profile is private; id = 185685842
Error: error_code = 15; Access denied: user deactivated; id = 359856872
Error: error_code = 30; This profile is private; id = 577971054
Error: error_code = 30; This profile is private; id = 457396925
Error: error_code = 15; Access denied: user deactivated; id = 535061990
Error: error_code = 30; This profile is private; id = 392350782
Error: error_code = 30; This profile is private; id = 710568484
Error: error_code = 30; This profile is private; id = 21913516
Error: error_code = 30; This profile is private; id = 301315718
Error: error_code = 30; This profile is private; id = 548552336
Error: error_code = 30; This profile is private; id = 276669290
Error: error_code = 30; This profile is private; id = 715326452
Error: error_code = 30; This profile is private; id = 146782554
Error: error_code = 15; Access denied: user deactivated; id = 504238749
Error: error_code = 15; Access denied: user deactivated; id = 283961302
Error: error_code = 15; Access denied: user deactivated; id = 347935112
Error: error_code = 30; This profile is private; id = 138223730
Error: error_code = 30; This profile is private; id = 614924705
Error: error_code = 30; This profile is private; id = 365976857
Error: error_code = 30; This profile is private; id = 707622489
Error: error_code = 15; Access denied: user deactivated; id = 415728235
Error: error_code = 30; This profile is private; id = 2525879
Error: error_code = 30; This profile is private; id = 139803216
Error: error_code = 30; This profile is private; id = 124120228
Error: error_code = 30; This profile is private; id = 25602117
Error: error_code = 15; Access denied: user deactivated; id = 543162088
Error: error_code = 15; Access denied: user deactivated; id = 435527003
Error: error_code = 30; This profile is private; id = 521646994
Error: error_code = 30; This profile is private; id = 667492366
Error: error_code = 30; This profile is private; id = 411045293
Error: error_code = 30; This profile is private; id = 450458654
Error: error_code = 30; This profile is private; id = 347601222
Error: error_code = 15; Access denied: user deactivated; id = 167759859
Error: error_code = 30; This profile is private; id = 284994575
Error: error_code = 30; This profile is private; id = 51061224
Error: error_code = 30; This profile is private; id = 154064997
Error: error_code = 30; This profile is private; id = 106294122
Error: error_code = 30; This profile is private; id = 139914107
Error: error_code = 15; Access denied: user deactivated; id = 9001836
Error: error_code = 30; This profile is private; id = 532747530
Error: error_code = 15; Access denied: user deactivated; id = 505740732
Error: error_code = 15; Access denied: user deactivated; id = 590773493
Error: error_code = 30; This profile is private; id = 104182670
Error: error_code = 30; This profile is private; id = 523854709
Error: error_code = 30; This profile is private; id = 359423344
Error: error_code = 15; Access denied: user deactivated; id = 663012678
Error: error_code = 30; This profile is private; id = 7894659
Error: error_code = 30; This profile is private; id = 491774286
Error: error_code = 15; Access denied: user deactivated; id = 114156702
Error: error_code = 30; This profile is private; id = 622316328
Error: error_code = 15; Access denied: user deactivated; id = 713315688
Error: error_code = 30; This profile is private; id = 605810547
Error: error_code = 30; This profile is private; id = 17341066
Error: error_code = 30; This profile is private; id = 260913736
Error: error_code = 15; Access denied: user deactivated; id = 559862260
Error: error_code = 30; This profile is private; id = 221639244
Error: error_code = 30; This profile is private; id = 63286608
Error: error_code = 30; This profile is private; id = 13986527
Error: error_code = 30; This profile is private; id = 29166750
Error: error_code = 15; Access denied: user deactivated; id = 222309043
Error: error_code = 15; Access denied: user deactivated; id = 240511868
Error: error_code = 30; This profile is private; id = 715677234
Error: error_code = 30; This profile is private; id = 487892813
Error: error_code = 15; Access denied: user deactivated; id = 150351294
Error: error_code = 30; This profile is private; id = 231423637
Error: error_code = 30; This profile is private; id = 240414850
Error: error_code = 15; Access denied: user deactivated; id = 532279133
Error: error_code = 30; This profile is private; id = 127111884
Error: error_code = 30; This profile is private; id = 631960859
Error: error_code = 15; Access denied: user deactivated; id = 31419614
Error: error_code = 30; This profile is private; id = 29731235
Error: error_code = 30; This profile is private; id = 497863814
Error: error_code = 30; This profile is private; id = 612303485
Error: error_code = 30; This profile is private; id = 14490134
Error: error_code = 30; This profile is private; id = 141630698
Error: error_code = 15; Access denied: user deactivated; id = 716753649
Error: error_code = 30; This profile is private; id = 117513601
Error: error_code = 30; This profile is private; id = 351879672
Error: error_code = 30; This profile is private; id = 122324925
Error: error_code = 30; This profile is private; id = 345131668
Error: error_code = 30; This profile is private; id = 611432247
Error: error_code = 30; This profile is private; id = 19331277
Error: error_code = 30; This profile is private; id = 682595753
Error: error_code = 30; This profile is private; id = 163933060
Error: error_code = 30; This profile is private; id = 201269879
Error: error_code = 30; This profile is private; id = 446322
Error: error_code = 15; Access denied: user deactivated; id = 121452358
Error: error_code = 30; This profile is private; id = 668222035
Error: error_code = 15; Access denied: user deactivated; id = 338602754
Error: error_code = 15; Access denied: user deactivated; id = 213009118
Error: error_code = 30; This profile is private; id = 430060457
Error: error_code = 30; This profile is private; id = 513529959
Error: error_code = 15; Access denied: user deactivated; id = 407041002
Error: error_code = 15; Access denied: user deactivated; id = 32361630
Error: error_code = 30; This profile is private; id = 364600755
Error: error_code = 30; This profile is private; id = 657769829
Error: error_code = 30; This profile is private; id = 221332797
Error: error_code = 30; This profile is private; id = 322260545
Error: error_code = 15; Access denied: user deactivated; id = 472657463
Error: error_code = 30; This profile is private; id = 180078600
Error: error_code = 30; This profile is private; id = 38813880
Error: error_code = 15; Access denied: user deactivated; id = 215172734
Error: error_code = 30; This profile is private; id = 633174039
Error: error_code = 30; This profile is private; id = 682663423
Error: error_code = 30; This profile is private; id = 186703744
Error: error_code = 30; This profile is private; id = 143576162
Error: error_code = 30; This profile is private; id = 57051090
Error: error_code = 30; This profile is private; id = 578390528
Error: error_code = 15; Access denied: user deactivated; id = 569204287
Error: error_code = 30; This profile is private; id = 407947885
Error: error_code = 30; This profile is private; id = 351821187
Error: error_code = 30; This profile is private; id = 284403651
Error: error_code = 15; Access denied: user deactivated; id = 541425930
Error: error_code = 30; This profile is private; id = 403999606
Error: error_code = 30; This profile is private; id = 207148152
Error: error_code = 30; This profile is private; id = 88581563
Error: error_code = 15; Access denied: user deactivated; id = 435578933
Error: error_code = 30; This profile is private; id = 388332147
Error: error_code = 30; This profile is private; id = 588634610
Error: error_code = 15; Access denied: user deactivated; id = 230513667
Error: error_code = 15; Access denied: user deactivated; id = 229240106
Error: error_code = 15; Access denied: user deactivated; id = 544195708
Error: error_code = 15; Access denied: user deactivated; id = 60907401
Error: error_code = 30; This profile is private; id = 710108663
Error: error_code = 30; This profile is private; id = 189669052
Error: error_code = 30; This profile is private; id = 624403733
Error: error_code = 30; This profile is private; id = 260210984
Error: error_code = 30; This profile is private; id = 309850045
Error: error_code = 30; This profile is private; id = 561906938
Error: error_code = 30; This profile is private; id = 267937884
Error: error_code = 30; This profile is private; id = 364380146
Error: error_code = 30; This profile is private; id = 8264046
Error: error_code = 15; Access denied: user deactivated; id = 151968849
Error: error_code = 15; Access denied: user deactivated; id = 189684833
Error: error_code = 30; This profile is private; id = 710329583
Error: error_code = 15; Access denied: user deactivated; id = 484592170
Error: error_code = 15; Access denied: user deactivated; id = 211068948
Error: error_code = 15; Access denied: user deactivated; id = 428572275
Error: error_code = 30; This profile is private; id = 468012208
Error: error_code = 15; Access denied: user deactivated; id = 369008103
Error: error_code = 30; This profile is private; id = 91154585
Error: error_code = 30; This profile is private; id = 604440588
Error: error_code = 30; This profile is private; id = 342801193
Error: error_code = 15; Access denied: user deactivated; id = 281332857
Error: error_code = 30; This profile is private; id = 243518914
Error: error_code = 30; This profile is private; id = 261718026
Error: error_code = 15; Access denied: user deactivated; id = 235860418
Error: error_code = 30; This profile is private; id = 669236607
Error: error_code = 30; This profile is private; id = 647097648
Error: error_code = 30; This profile is private; id = 627814682
Error: error_code = 15; Access denied: user deactivated; id = 358023262
Error: error_code = 15; Access denied: user deactivated; id = 318732679
Error: error_code = 30; This profile is private; id = 678616035
Error: error_code = 30; This profile is private; id = 33960929
Error: error_code = 30; This profile is private; id = 5080953
Error: error_code = 30; This profile is private; id = 636704353
Error: error_code = 15; Access denied: user deactivated; id = 706215798
Error: error_code = 15; Access denied: user deactivated; id = 588562335
Error: error_code = 30; This profile is private; id = 579117970
Error: error_code = 15; Access denied: user deactivated; id = 702526172
Error: error_code = 15; Access denied: user deactivated; id = 531621111
Error: error_code = 15; Access denied: user deactivated; id = 274886464
Error: error_code = 30; This profile is private; id = 686786889
Error: error_code = 30; This profile is private; id = 45355669
Error: error_code = 30; This profile is private; id = 638321720
Error: error_code = 15; Access denied: user deactivated; id = 21737494
Error: error_code = 15; Access denied: user deactivated; id = 531658771
Error: error_code = 15; Access denied: user deactivated; id = 345673471
Error: error_code = 30; This profile is private; id = 592303199
Error: error_code = 30; This profile is private; id = 455623826
Error: error_code = 30; This profile is private; id = 484647453
Error: error_code = 15; Access denied: user deactivated; id = 714135045
Error: error_code = 15; Access denied: user deactivated; id = 205185054
Error: error_code = 30; This profile is private; id = 193107439
Error: error_code = 30; This profile is private; id = 17272427
Error: error_code = 30; This profile is private; id = 521006235
Error: error_code = 30; This profile is private; id = 256001550
Error: error_code = 30; This profile is private; id = 697604106
Error: error_code = 15; Access denied: user deactivated; id = 1138031
Error: error_code = 30; This profile is private; id = 479426655
Error: error_code = 30; This profile is private; id = 303911641
Error: error_code = 15; Access denied: user deactivated; id = 219047108
Error: error_code = 15; Access denied: user deactivated; id = 229882718
Error: error_code = 30; This profile is private; id = 486163764
Error: error_code = 30; This profile is private; id = 545560767
Error: error_code = 30; This profile is private; id = 233887879
Error: error_code = 30; This profile is private; id = 1723234
Error: error_code = 15; Access denied: user deactivated; id = 410626702
Error: error_code = 15; Access denied: user deactivated; id = 312954976
Error: error_code = 15; Access denied: user deactivated; id = 342370194
Error: error_code = 30; This profile is private; id = 214153828
Error: error_code = 30; This profile is private; id = 81138817
Error: error_code = 30; This profile is private; id = 665618490
Error: error_code = 30; This profile is private; id = 700233025
Error: error_code = 15; Access denied: user deactivated; id = 506831414
Error: error_code = 30; This profile is private; id = 2086471
Error: error_code = 30; This profile is private; id = 579286729
Error: error_code = 30; This profile is private; id = 138671428
Error: error_code = 15; Access denied: user deactivated; id = 347182253
Error: error_code = 30; This profile is private; id = 261403771
Error: error_code = 30; This profile is private; id = 371878113
Error: error_code = 30; This profile is private; id = 592202348
Error: error_code = 30; This profile is private; id = 531922259
Error: error_code = 30; This profile is private; id = 326070700
Error: error_code = 30; This profile is private; id = 370881788
Error: error_code = 30; This profile is private; id = 238086314
Error: error_code = 30; This profile is private; id = 163283316
Error: error_code = 30; This profile is private; id = 612759939
Error: error_code = 30; This profile is private; id = 444668432
Error: error_code = 15; Access denied: user deactivated; id = 624270484
Error: error_code = 30; This profile is private; id = 233485997
Error: error_code = 30; This profile is private; id = 507819866
Error: error_code = 30; This profile is private; id = 172758234
Error: error_code = 15; Access denied: user deactivated; id = 339362800
Error: error_code = 30; This profile is private; id = 297453330
Error: error_code = 15; Access denied: user deactivated; id = 250892333
Error: error_code = 15; Access denied: user deactivated; id = 329933820
Error: error_code = 30; This profile is private; id = 117509391
Error: error_code = 30; This profile is private; id = 268243680
Error: error_code = 30; This profile is private; id = 301009068
Error: error_code = 30; This profile is private; id = 273955589
Error: error_code = 15; Access denied: user deactivated; id = 303595966
Error: error_code = 30; This profile is private; id = 271217594
Error: error_code = 30; This profile is private; id = 255640344
Error: error_code = 30; This profile is private; id = 7341087
Error: error_code = 30; This profile is private; id = 18523367
Error: error_code = 15; Access denied: user deactivated; id = 223918356
Error: error_code = 30; This profile is private; id = 412723847
Error: error_code = 30; This profile is private; id = 652369716
Error: error_code = 15; Access denied: user deactivated; id = 170517071
Error: error_code = 15; Access denied: user deactivated; id = 253349935
Error: error_code = 30; This profile is private; id = 474631529
Error: error_code = 15; Access denied: user deactivated; id = 217501816
Error: error_code = 30; This profile is private; id = 293029041
Error: error_code = 30; This profile is private; id = 612223906
Error: error_code = 15; Access denied: user deactivated; id = 247975775
Error: error_code = 15; Access denied: user deactivated; id = 479459764
Error: error_code = 30; This profile is private; id = 576343040
Error: error_code = 15; Access denied: user deactivated; id = 201867050
Error: error_code = 30; This profile is private; id = 655074946
Error: error_code = 30; This profile is private; id = 241064268
Error: error_code = 15; Access denied: user deactivated; id = 355015709
Error: error_code = 30; This profile is private; id = 695334216
Error: error_code = 30; This profile is private; id = 648127911
Error: error_code = 15; Access denied: user deactivated; id = 6464595
Error: error_code = 30; This profile is private; id = 399521634
Error: error_code = 30; This profile is private; id = 2277497
Error: error_code = 30; This profile is private; id = 362022187
Error: error_code = 15; Access denied: user deactivated; id = 343435930
Error: error_code = 30; This profile is private; id = 507596375
Error: error_code = 15; Access denied: user deactivated; id = 702922540
Error: error_code = 15; Access denied: user deactivated; id = 533943117
Error: error_code = 15; Access denied: user deactivated; id = 216595270
Error: error_code = 30; This profile is private; id = 488740137
Error: error_code = 30; This profile is private; id = 36358548
Error: error_code = 15; Access denied: user deactivated; id = 289666360
Error: error_code = 30; This profile is private; id = 332309671
Error: error_code = 30; This profile is private; id = 710918122
Error: error_code = 30; This profile is private; id = 174264934
Error: error_code = 15; Access denied: user deactivated; id = 689187600
Error: error_code = 30; This profile is private; id = 134000608
Error: error_code = 15; Access denied: user deactivated; id = 600247495
Error: error_code = 30; This profile is private; id = 87078109
Error: error_code = 30; This profile is private; id = 198747267
Error: error_code = 30; This profile is private; id = 596925752
Error: error_code = 30; This profile is private; id = 443955089
Error: error_code = 30; This profile is private; id = 506863304
Error: error_code = 15; Access denied: user deactivated; id = 435682834
Error: error_code = 15; Access denied: user deactivated; id = 411599418
Error: error_code = 15; Access denied: user deactivated; id = 432694784
Error: error_code = 30; This profile is private; id = 22742278
Error: error_code = 15; Access denied: user deactivated; id = 13046656
Error: error_code = 15; Access denied: user deactivated; id = 191305386
Error: error_code = 30; This profile is private; id = 633041444
Error: error_code = 30; This profile is private; id = 48085110
Error: error_code = 30; This profile is private; id = 693257886
Error: error_code = 30; This profile is private; id = 159121824
Error: error_code = 15; Access denied: user deactivated; id = 578697113
Error: error_code = 30; This profile is private; id = 285490895
Error: error_code = 30; This profile is private; id = 11055923
Error: error_code = 30; This profile is private; id = 160158473
Error: error_code = 30; This profile is private; id = 557932132
Error: error_code = 30; This profile is private; id = 624209252
Error: error_code = 30; This profile is private; id = 174751065
Error: error_code = 30; This profile is private; id = 458418360
Error: error_code = 30; This profile is private; id = 630268775
Error: error_code = 30; This profile is private; id = 78328356
Error: error_code = 30; This profile is private; id = 590802316
Error: error_code = 30; This profile is private; id = 698221931
Error: error_code = 30; This profile is private; id = 512537218
Error: error_code = 30; This profile is private; id = 407797651
Error: error_code = 30; This profile is private; id = 446635910
Error: error_code = 30; This profile is private; id = 631007862
Error: error_code = 15; Access denied: user deactivated; id = 181602041
Error: error_code = 30; This profile is private; id = 534729280
Error: error_code = 30; This profile is private; id = 374611588
Error: error_code = 30; This profile is private; id = 428278062
Error: error_code = 30; This profile is private; id = 164109080
Error: error_code = 15; Access denied: user deactivated; id = 219136528
Error: error_code = 30; This profile is private; id = 519022128
Error: error_code = 15; Access denied: user deactivated; id = 234153128
Error: error_code = 30; This profile is private; id = 226156414
Error: error_code = 30; This profile is private; id = 194871991
Error: error_code = 30; This profile is private; id = 337033299
Error: error_code = 15; Access denied: user deactivated; id = 105771145
Error: error_code = 30; This profile is private; id = 1794456
Error: error_code = 15; Access denied: user deactivated; id = 424080552
Error: error_code = 30; This profile is private; id = 38347346
Error: error_code = 30; This profile is private; id = 657454390
Error: error_code = 30; This profile is private; id = 280438238
Error: error_code = 30; This profile is private; id = 4183703
Error: error_code = 15; Access denied: user deactivated; id = 510910655
Error: error_code = 30; This profile is private; id = 577965598
Error: error_code = 30; This profile is private; id = 483975480
Error: error_code = 30; This profile is private; id = 146612673
Error: error_code = 15; Access denied: user deactivated; id = 514463148
Error: error_code = 30; This profile is private; id = 141428896
Error: error_code = 30; This profile is private; id = 249079207
Error: error_code = 15; Access denied: user deactivated; id = 185427559
Error: error_code = 30; This profile is private; id = 420914146
Error: error_code = 15; Access denied: user deactivated; id = 171522823
Error: error_code = 30; This profile is private; id = 670104986
Error: error_code = 30; This profile is private; id = 579106758
Error: error_code = 30; This profile is private; id = 655453122
Error: error_code = 15; Access denied: user deactivated; id = 166268271
Error: error_code = 30; This profile is private; id = 383526793
Error: error_code = 15; Access denied: user deactivated; id = 626245568
Error: error_code = 30; This profile is private; id = 517879567
Error: error_code = 30; This profile is private; id = 358516811
Error: error_code = 30; This profile is private; id = 557464977
Error: error_code = 30; This profile is private; id = 618586136
Error: error_code = 15; Access denied: user deactivated; id = 535380353
Error: error_code = 15; Access denied: user deactivated; id = 703663817
Error: error_code = 30; This profile is private; id = 178954425
Error: error_code = 30; This profile is private; id = 167799552
Error: error_code = 30; This profile is private; id = 680810643
Error: error_code = 15; Access denied: user deactivated; id = 309912361
Error: error_code = 15; Access denied: user deactivated; id = 709202500
Error: error_code = 30; This profile is private; id = 142624433
Error: error_code = 30; This profile is private; id = 118788908
Error: error_code = 30; This profile is private; id = 305195763
Error: error_code = 15; Access denied: user deactivated; id = 200527231
Error: error_code = 15; Access denied: user deactivated; id = 12761315
Error: error_code = 15; Access denied: user deactivated; id = 363972312
Error: error_code = 30; This profile is private; id = 122691582
Error: error_code = 30; This profile is private; id = 542111244
Error: error_code = 15; Access denied: user deactivated; id = 153413567
Error: error_code = 15; Access denied: user deactivated; id = 210331102
Error: error_code = 15; Access denied: user deactivated; id = 255613452
Error: error_code = 30; This profile is private; id = 629228565
Error: error_code = 30; This profile is private; id = 230557773
Error: error_code = 30; This profile is private; id = 695701281
Error: error_code = 30; This profile is private; id = 267049166
Error: error_code = 30; This profile is private; id = 645287313
Error: error_code = 30; This profile is private; id = 696255
Error: error_code = 15; Access denied: user deactivated; id = 332742790
Error: error_code = 15; Access denied: user deactivated; id = 282807190
Error: error_code = 15; Access denied: user deactivated; id = 154182874
Error: error_code = 30; This profile is private; id = 15568667
Error: error_code = 30; This profile is private; id = 9347734
Error: error_code = 30; This profile is private; id = 596151491
Error: error_code = 30; This profile is private; id = 703894144
Error: error_code = 30; This profile is private; id = 530458217
Error: error_code = 15; Access denied: user deactivated; id = 702519051
Error: error_code = 30; This profile is private; id = 333656338
Error: error_code = 15; Access denied: user deactivated; id = 394580760
Error: error_code = 30; This profile is private; id = 422115082
Error: error_code = 30; This profile is private; id = 122378726
Error: error_code = 30; This profile is private; id = 473580668
Error: error_code = 30; This profile is private; id = 711997902
Error: error_code = 30; This profile is private; id = 456824287
Error: error_code = 15; Access denied: user deactivated; id = 657233984
Error: error_code = 30; This profile is private; id = 652869650
Error: error_code = 30; This profile is private; id = 63670184
Error: error_code = 15; Access denied: user deactivated; id = 647330657
Error: error_code = 30; This profile is private; id = 592005
Error: error_code = 30; This profile is private; id = 554057593
Error: error_code = 15; Access denied: user deactivated; id = 269532918
Error: error_code = 15; Access denied: user deactivated; id = 378384974
Error: error_code = 15; Access denied: user deactivated; id = 36390645
Error: error_code = 30; This profile is private; id = 589067017
Error: error_code = 15; Access denied: user deactivated; id = 657446743
Error: error_code = 30; This profile is private; id = 451588460
Error: error_code = 30; This profile is private; id = 560056960
Error: error_code = 30; This profile is private; id = 138107244
Error: error_code = 30; This profile is private; id = 354054447
Error: error_code = 30; This profile is private; id = 281974540
Error: error_code = 15; Access denied: user deactivated; id = 588483131
Error: error_code = 30; This profile is private; id = 471198574
Error: error_code = 30; This profile is private; id = 152566505
Error: error_code = 30; This profile is private; id = 354628401
Error: error_code = 30; This profile is private; id = 546803874
Error: error_code = 30; This profile is private; id = 242888998
Error: error_code = 30; This profile is private; id = 608372868
Error: error_code = 15; Access denied: user deactivated; id = 99022933
Error: error_code = 15; Access denied: user deactivated; id = 157101777
Error: error_code = 30; This profile is private; id = 354
Error: error_code = 30; This profile is private; id = 556605633
Error: error_code = 30; This profile is private; id = 380210672
Error: error_code = 15; Access denied: user deactivated; id = 495095574
Error: error_code = 30; This profile is private; id = 382812165
Error: error_code = 30; This profile is private; id = 663204222
Error: error_code = 30; This profile is private; id = 20121288
Error: error_code = 15; Access denied: user deactivated; id = 360584588
Error: error_code = 30; This profile is private; id = 77159103
Error: error_code = 30; This profile is private; id = 573986308
Error: error_code = 15; Access denied: user deactivated; id = 258301983
Error: error_code = 15; Access denied: user deactivated; id = 217709374
Error: error_code = 30; This profile is private; id = 52874769
Error: error_code = 30; This profile is private; id = 5225844
Error: error_code = 30; This profile is private; id = 604059901
Error: error_code = 15; Access denied: user deactivated; id = 202381962
Error: error_code = 30; This profile is private; id = 652488172
Error: error_code = 15; Access denied: user deactivated; id = 345188001
Error: error_code = 15; Access denied: user deactivated; id = 296974629
Error: error_code = 30; This profile is private; id = 50406517
Error: error_code = 30; This profile is private; id = 134874944
Error: error_code = 30; This profile is private; id = 209377175
Error: error_code = 15; Access denied: user deactivated; id = 407491369
Error: error_code = 30; This profile is private; id = 140249978
Error: error_code = 30; This profile is private; id = 155391746
Error: error_code = 30; This profile is private; id = 562055391
Error: error_code = 30; This profile is private; id = 4774860
Error: error_code = 30; This profile is private; id = 574484507
Error: error_code = 30; This profile is private; id = 139636669
Error: error_code = 30; This profile is private; id = 469124606
Error: error_code = 15; Access denied: user deactivated; id = 523916214
Error: error_code = 15; Access denied: user deactivated; id = 182788192
Error: error_code = 15; Access denied: user deactivated; id = 180474914
Error: error_code = 30; This profile is private; id = 535238208
Error: error_code = 15; Access denied: user deactivated; id = 82938564
Error: error_code = 15; Access denied: user deactivated; id = 697210178
Error: error_code = 15; Access denied: user deactivated; id = 217162539
Error: error_code = 15; Access denied: user deactivated; id = 374736869
Error: error_code = 30; This profile is private; id = 214377861
Error: error_code = 30; This profile is private; id = 611544616
Error: error_code = 15; Access denied: user deactivated; id = 636746090
Error: error_code = 30; This profile is private; id = 601601724
Error: error_code = 15; Access denied: user deactivated; id = 654820615
Error: error_code = 30; This profile is private; id = 220458356
Error: error_code = 30; This profile is private; id = 348333166
Error: error_code = 15; Access denied: user deactivated; id = 663089212
Error: error_code = 30; This profile is private; id = 49046378
Error: error_code = 30; This profile is private; id = 381512162
Error: error_code = 15; Access denied: user deactivated; id = 366213327
Error: error_code = 30; This profile is private; id = 656642483
Error: error_code = 30; This profile is private; id = 237849759
Error: error_code = 30; This profile is private; id = 401599463
Error: error_code = 15; Access denied: user deactivated; id = 238497104
Error: error_code = 15; Access denied: user deactivated; id = 480326132
Error: error_code = 30; This profile is private; id = 139352991
Error: error_code = 15; Access denied: user deactivated; id = 236645025
Error: error_code = 30; This profile is private; id = 350246953
Error: error_code = 30; This profile is private; id = 120487230
Error: error_code = 30; This profile is private; id = 202699161
Error: error_code = 30; This profile is private; id = 670682713
Error: error_code = 30; This profile is private; id = 512185010
Error: error_code = 30; This profile is private; id = 668014749
Error: error_code = 30; This profile is private; id = 186900971
Error: error_code = 30; This profile is private; id = 677216828
Error: error_code = 30; This profile is private; id = 9909239
Error: error_code = 30; This profile is private; id = 573575535
Error: error_code = 30; This profile is private; id = 611013584
Error: error_code = 15; Access denied: user deactivated; id = 324610643
Error: error_code = 30; This profile is private; id = 589782253
Error: error_code = 15; Access denied: user deactivated; id = 299187830
Error: error_code = 15; Access denied: user deactivated; id = 185453906
Error: error_code = 15; Access denied: user deactivated; id = 216803971
Error: error_code = 15; Access denied: user deactivated; id = 308343512
Error: error_code = 30; This profile is private; id = 672948222
Error: error_code = 30; This profile is private; id = 100623925
Error: error_code = 30; This profile is private; id = 223060965
Error: error_code = 30; This profile is private; id = 138756844
Error: error_code = 30; This profile is private; id = 161285721
Error: error_code = 15; Access denied: user deactivated; id = 591429012
Error: error_code = 15; Access denied: user deactivated; id = 230450092
Error: error_code = 15; Access denied: user deactivated; id = 669186038
Error: error_code = 30; This profile is private; id = 217275912
Error: error_code = 30; This profile is private; id = 614778776
Error: error_code = 15; Access denied: user deactivated; id = 94135373
Error: error_code = 15; Access denied: user deactivated; id = 153580695
Error: error_code = 30; This profile is private; id = 126575125
Error: error_code = 30; This profile is private; id = 169928939
Error: error_code = 30; This profile is private; id = 414481174
Error: error_code = 30; This profile is private; id = 119594463
Error: error_code = 30; This profile is private; id = 28068748
Error: error_code = 30; This profile is private; id = 129577170
Error: error_code = 15; Access denied: user deactivated; id = 702545624
Error: error_code = 15; Access denied: user deactivated; id = 143417897
Error: error_code = 30; This profile is private; id = 34027481
Error: error_code = 30; This profile is private; id = 301858428
Error: error_code = 15; Access denied: user deactivated; id = 314719614
Error: error_code = 30; This profile is private; id = 146940981
Error: error_code = 15; Access denied: user deactivated; id = 566928616
Error: error_code = 15; Access denied: user deactivated; id = 376026579
Error: error_code = 15; Access denied: user deactivated; id = 297740016
Error: error_code = 30; This profile is private; id = 405702574
Error: error_code = 15; Access denied: user deactivated; id = 619957635
Error: error_code = 30; This profile is private; id = 711813443
Error: error_code = 30; This profile is private; id = 21098270
Error: error_code = 15; Access denied: user deactivated; id = 338749505
Error: error_code = 15; Access denied: user deactivated; id = 519371554
Error: error_code = 15; Access denied: user deactivated; id = 547454377
Error: error_code = 30; This profile is private; id = 628488677
Error: error_code = 15; Access denied: user deactivated; id = 275801955
Error: error_code = 30; This profile is private; id = 201494449
Error: error_code = 30; This profile is private; id = 104086315
Error: error_code = 30; This profile is private; id = 495266083
Error: error_code = 30; This profile is private; id = 230682486
Error: error_code = 15; Access denied: user deactivated; id = 215224256
Error: error_code = 15; Access denied: user deactivated; id = 197361131
Error: error_code = 15; Access denied: user deactivated; id = 713006849
Error: error_code = 30; This profile is private; id = 404226154
Error: error_code = 30; This profile is private; id = 238869693
Error: error_code = 30; This profile is private; id = 520534222
Error: error_code = 30; This profile is private; id = 408571002
Error: error_code = 30; This profile is private; id = 14807736
Error: error_code = 30; This profile is private; id = 35753670
Error: error_code = 30; This profile is private; id = 663462262
Error: error_code = 30; This profile is private; id = 332156755
Error: error_code = 15; Access denied: user deactivated; id = 561994068
Error: error_code = 15; Access denied: user deactivated; id = 53612117
Error: error_code = 30; This profile is private; id = 583770430
Error: error_code = 15; Access denied: user deactivated; id = 19404203
Error: error_code = 15; Access denied: user deactivated; id = 203513564
Error: error_code = 30; This profile is private; id = 28515272
Error: error_code = 30; This profile is private; id = 187736246
Error: error_code = 15; Access denied: user deactivated; id = 623113348
Error: error_code = 30; This profile is private; id = 137674361
Error: error_code = 15; Access denied: user deactivated; id = 88593766
Error: error_code = 30; This profile is private; id = 658995634
Error: error_code = 30; This profile is private; id = 522651572
Error: error_code = 30; This profile is private; id = 192496824
Error: error_code = 30; This profile is private; id = 7072173
Error: error_code = 15; Access denied: user deactivated; id = 171652608
Error: error_code = 30; This profile is private; id = 553392158
Error: error_code = 30; This profile is private; id = 533226314
Error: error_code = 30; This profile is private; id = 697024116
Error: error_code = 15; Access denied: user deactivated; id = 198845857
Error: error_code = 30; This profile is private; id = 325644325
Error: error_code = 15; Access denied: user deactivated; id = 381435847
Error: error_code = 15; Access denied: user deactivated; id = 157749619
Error: error_code = 30; This profile is private; id = 239079743
Error: error_code = 30; This profile is private; id = 20815399
Error: error_code = 30; This profile is private; id = 653351029
Error: error_code = 30; This profile is private; id = 400145263
Error: error_code = 30; This profile is private; id = 154165936
Error: error_code = 30; This profile is private; id = 602421
Error: error_code = 30; This profile is private; id = 506818962
Error: error_code = 30; This profile is private; id = 107507777
Error: error_code = 15; Access denied: user deactivated; id = 213525601
Error: error_code = 30; This profile is private; id = 29282435
Error: error_code = 30; This profile is private; id = 171034202
Error: error_code = 15; Access denied: user deactivated; id = 221093727
Error: error_code = 30; This profile is private; id = 284684555
Error: error_code = 30; This profile is private; id = 277141085
Error: error_code = 15; Access denied: user deactivated; id = 139090820
Error: error_code = 30; This profile is private; id = 484631627
Error: error_code = 15; Access denied: user deactivated; id = 529017267
Error: error_code = 30; This profile is private; id = 235972268
Error: error_code = 30; This profile is private; id = 12036028
Error: error_code = 30; This profile is private; id = 90585633
Error: error_code = 15; Access denied: user deactivated; id = 169624031
Error: error_code = 15; Access denied: user deactivated; id = 221521730
Error: error_code = 30; This profile is private; id = 10446567
Error: error_code = 30; This profile is private; id = 628528950
Error: error_code = 30; This profile is private; id = 323384893
Error: error_code = 15; Access denied: user deactivated; id = 440282263
Error: error_code = 15; Access denied: user deactivated; id = 713623712
Error: error_code = 15; Access denied: user deactivated; id = 421022543
Error: error_code = 30; This profile is private; id = 686312130
Error: error_code = 30; This profile is private; id = 189791193
Error: error_code = 15; Access denied: user deactivated; id = 172986141
Error: error_code = 30; This profile is private; id = 482365041
Error: error_code = 30; This profile is private; id = 357026941
Error: error_code = 30; This profile is private; id = 434801581
Error: error_code = 30; This profile is private; id = 39283863
Error: error_code = 30; This profile is private; id = 101455214
Error: error_code = 30; This profile is private; id = 141633318
Error: error_code = 15; Access denied: user deactivated; id = 221347010
Error: error_code = 30; This profile is private; id = 6040522
Error: error_code = 15; Access denied: user deactivated; id = 407587505
Error: error_code = 30; This profile is private; id = 2862893
Error: error_code = 15; Access denied: user deactivated; id = 401388663
Error: error_code = 30; This profile is private; id = 457569252
Error: error_code = 30; This profile is private; id = 663371059
Error: error_code = 30; This profile is private; id = 580427568
Error: error_code = 30; This profile is private; id = 123341666
Error: error_code = 30; This profile is private; id = 60445358
Error: error_code = 30; This profile is private; id = 68495420
Error: error_code = 30; This profile is private; id = 581637505
Error: error_code = 30; This profile is private; id = 440596551
Error: error_code = 15; Access denied: user deactivated; id = 166484216
Error: error_code = 30; This profile is private; id = 505990977
Error: error_code = 30; This profile is private; id = 275642791
Error: error_code = 30; This profile is private; id = 696926159
Error: error_code = 30; This profile is private; id = 467045905
Error: error_code = 15; Access denied: user deactivated; id = 545733733
Error: error_code = 15; Access denied: user deactivated; id = 402259240
Error: error_code = 15; Access denied: user deactivated; id = 394716917
Error: error_code = 30; This profile is private; id = 682372252
Error: error_code = 30; This profile is private; id = 558876146
Error: error_code = 30; This profile is private; id = 106526057
Error: error_code = 30; This profile is private; id = 148354932
Error: error_code = 15; Access denied: user deactivated; id = 212888961
Error: error_code = 30; This profile is private; id = 237512511
Error: error_code = 30; This profile is private; id = 135007453
Error: error_code = 15; Access denied: user deactivated; id = 21127471
Error: error_code = 30; This profile is private; id = 621960729
Error: error_code = 15; Access denied: user deactivated; id = 170390078
Error: error_code = 30; This profile is private; id = 599926274
Error: error_code = 30; This profile is private; id = 564804520
Error: error_code = 30; This profile is private; id = 623836999
Error: error_code = 30; This profile is private; id = 410238763
Error: error_code = 15; Access denied: user deactivated; id = 347403218
Error: error_code = 30; This profile is private; id = 142823614
Error: error_code = 30; This profile is private; id = 20520342
Error: error_code = 15; Access denied: user deactivated; id = 246317552
Error: error_code = 30; This profile is private; id = 234805145
Error: error_code = 30; This profile is private; id = 616239698
Error: error_code = 30; This profile is private; id = 408977550
Error: error_code = 30; This profile is private; id = 406143520
Error: error_code = 30; This profile is private; id = 609277594
Error: error_code = 30; This profile is private; id = 609721248
Error: error_code = 15; Access denied: user deactivated; id = 138879754
Error: error_code = 30; This profile is private; id = 154852560
Error: error_code = 30; This profile is private; id = 168019996
Error: error_code = 30; This profile is private; id = 101581226
Error: error_code = 30; This profile is private; id = 254820916
Error: error_code = 30; This profile is private; id = 488173857
Error: error_code = 30; This profile is private; id = 347810075
Error: error_code = 30; This profile is private; id = 3032854
Error: error_code = 30; This profile is private; id = 221962696
Error: error_code = 30; This profile is private; id = 488918016
Error: error_code = 30; This profile is private; id = 689915164
Error: error_code = 30; This profile is private; id = 577685786
Error: error_code = 15; Access denied: user deactivated; id = 269191121
Error: error_code = 15; Access denied: user deactivated; id = 169247509
Error: error_code = 30; This profile is private; id = 546762832
Error: error_code = 30; This profile is private; id = 140161285
Error: error_code = 15; Access denied: user deactivated; id = 245661043
Error: error_code = 30; This profile is private; id = 589081749
Error: error_code = 30; This profile is private; id = 14322933
Error: error_code = 15; Access denied: user deactivated; id = 196088223
Error: error_code = 30; This profile is private; id = 25514469
Error: error_code = 30; This profile is private; id = 479744390
Error: error_code = 30; This profile is private; id = 366749692
Error: error_code = 30; This profile is private; id = 255690
Error: error_code = 15; Access denied: user deactivated; id = 528972789
Error: error_code = 30; This profile is private; id = 268917234
Error: error_code = 30; This profile is private; id = 46299765
Error: error_code = 15; Access denied: user deactivated; id = 181831024
Error: error_code = 30; This profile is private; id = 351647297
Error: error_code = 30; This profile is private; id = 540103058
Error: error_code = 30; This profile is private; id = 612064926
Error: error_code = 30; This profile is private; id = 548525
Error: error_code = 30; This profile is private; id = 275353747
Error: error_code = 30; This profile is private; id = 56732199
Error: error_code = 15; Access denied: user deactivated; id = 591658747
Error: error_code = 30; This profile is private; id = 525097299
Error: error_code = 15; Access denied: user deactivated; id = 440783764
Error: error_code = 30; This profile is private; id = 545552499
Error: error_code = 30; This profile is private; id = 349246436
Error: error_code = 30; This profile is private; id = 289091444
Error: error_code = 30; This profile is private; id = 710661390
Error: error_code = 30; This profile is private; id = 225306878
Error: error_code = 15; Access denied: user deactivated; id = 437929646
Error: error_code = 15; Access denied: user deactivated; id = 190615164
Error: error_code = 30; This profile is private; id = 89579138
Error: error_code = 30; This profile is private; id = 103972973
Error: error_code = 30; This profile is private; id = 536236540
Error: error_code = 30; This profile is private; id = 450490003
Error: error_code = 30; This profile is private; id = 655523093
Error: error_code = 30; This profile is private; id = 439558931
Error: error_code = 15; Access denied: user deactivated; id = 29725987
Error: error_code = 30; This profile is private; id = 149508218
Error: error_code = 15; Access denied: user deactivated; id = 397765006
Error: error_code = 15; Access denied: user deactivated; id = 286098240
Error: error_code = 15; Access denied: user deactivated; id = 80926012
Error: error_code = 15; Access denied: user deactivated; id = 90860633
Error: error_code = 30; This profile is private; id = 405537359
Error: error_code = 30; This profile is private; id = 333573767
Error: error_code = 30; This profile is private; id = 715993896
Error: error_code = 30; This profile is private; id = 119451504
Error: error_code = 30; This profile is private; id = 451080
Error: error_code = 30; This profile is private; id = 446294734
Error: error_code = 15; Access denied: user deactivated; id = 339958115
Error: error_code = 30; This profile is private; id = 464148423
Error: error_code = 15; Access denied: user deactivated; id = 180313699
Error: error_code = 30; This profile is private; id = 245322922
Error: error_code = 30; This profile is private; id = 136678966
Error: error_code = 15; Access denied: user deactivated; id = 331968499
Error: error_code = 30; This profile is private; id = 688466111
Error: error_code = 30; This profile is private; id = 297611002
Error: error_code = 30; This profile is private; id = 451367472
Error: error_code = 30; This profile is private; id = 473321783
Error: error_code = 30; This profile is private; id = 574337467
Error: error_code = 15; Access denied: user deactivated; id = 220196167
Error: error_code = 30; This profile is private; id = 611084610
Error: error_code = 15; Access denied: user deactivated; id = 134194087
Error: error_code = 30; This profile is private; id = 647184712
Error: error_code = 15; Access denied: user deactivated; id = 137699600
Error: error_code = 15; Access denied: user deactivated; id = 453608563
Error: error_code = 30; This profile is private; id = 572850742
Error: error_code = 30; This profile is private; id = 511946844
Error: error_code = 15; Access denied: user deactivated; id = 218226078
Error: error_code = 30; This profile is private; id = 329688024
Error: error_code = 30; This profile is private; id = 73210571
Error: error_code = 30; This profile is private; id = 709235109
Error: error_code = 15; Access denied: user deactivated; id = 365048424
Error: error_code = 15; Access denied: user deactivated; id = 683728196
Error: error_code = 30; This profile is private; id = 703272750
Error: error_code = 15; Access denied: user deactivated; id = 28923443
Error: error_code = 30; This profile is private; id = 1626285
Error: error_code = 15; Access denied: user deactivated; id = 174502320
Error: error_code = 30; This profile is private; id = 10670871
Error: error_code = 15; Access denied: user deactivated; id = 352248467
Error: error_code = 30; This profile is private; id = 579701875
Error: error_code = 15; Access denied: user deactivated; id = 2306095
Error: error_code = 30; This profile is private; id = 250007967
Error: error_code = 30; This profile is private; id = 236429540
Error: error_code = 30; This profile is private; id = 204929891
Error: error_code = 30; This profile is private; id = 13093479
Error: error_code = 30; This profile is private; id = 82835309
Error: error_code = 30; This profile is private; id = 529041350
Error: error_code = 30; This profile is private; id = 22308245
Error: error_code = 15; Access denied: user deactivated; id = 11662951
Error: error_code = 30; This profile is private; id = 404430983
Error: error_code = 15; Access denied: user deactivated; id = 220932793
Error: error_code = 30; This profile is private; id = 574931259
Error: error_code = 15; Access denied: user deactivated; id = 438760053
Error: error_code = 30; This profile is private; id = 222019116
Error: error_code = 30; This profile is private; id = 528445676
Error: error_code = 15; Access denied: user deactivated; id = 368542613
Error: error_code = 30; This profile is private; id = 9268238
Error: error_code = 15; Access denied: user deactivated; id = 154392033
Error: error_code = 30; This profile is private; id = 196644504
Error: error_code = 15; Access denied: user deactivated; id = 309398965
Error: error_code = 15; Access denied: user deactivated; id = 29854914
Error: error_code = 15; Access denied: user deactivated; id = 193098303
Error: error_code = 30; This profile is private; id = 438529955
Error: error_code = 15; Access denied: user deactivated; id = 189198309
Error: error_code = 30; This profile is private; id = 636219115
Error: error_code = 15; Access denied: user deactivated; id = 413676128
Error: error_code = 15; Access denied: user deactivated; id = 688488659
Error: error_code = 15; Access denied: user deactivated; id = 718126304
Error: error_code = 15; Access denied: user deactivated; id = 408507530
Error: error_code = 30; This profile is private; id = 173760407
Error: error_code = 30; This profile is private; id = 303451800
Error: error_code = 15; Access denied: user deactivated; id = 26868866
Error: error_code = 15; Access denied: user deactivated; id = 584987543
Error: error_code = 30; This profile is private; id = 334916357
Error: error_code = 15; Access denied: user deactivated; id = 99082111
Error: error_code = 30; This profile is private; id = 421278659
Error: error_code = 30; This profile is private; id = 415406636
Error: error_code = 30; This profile is private; id = 87671849
Error: error_code = 30; This profile is private; id = 483768052
Error: error_code = 30; This profile is private; id = 112387656
Error: error_code = 15; Access denied: user deactivated; id = 120028080
Error: error_code = 30; This profile is private; id = 170513736
Error: error_code = 15; Access denied: user deactivated; id = 395727157
Error: error_code = 30; This profile is private; id = 265207588
Error: error_code = 15; Access denied: user deactivated; id = 212801351
Error: error_code = 30; This profile is private; id = 7377600
Error: error_code = 30; This profile is private; id = 558217299
Error: error_code = 30; This profile is private; id = 159471492
Error: error_code = 30; This profile is private; id = 23615631
Error: error_code = 15; Access denied: user deactivated; id = 21548558
Error: error_code = 30; This profile is private; id = 13641534
Error: error_code = 30; This profile is private; id = 397851144
Error: error_code = 30; This profile is private; id = 341383280
Error: error_code = 15; Access denied: user deactivated; id = 669969631
Error: error_code = 30; This profile is private; id = 431411679
Error: error_code = 30; This profile is private; id = 36499452
Error: error_code = 30; This profile is private; id = 120158857
Error: error_code = 30; This profile is private; id = 5606254
Error: error_code = 15; Access denied: user deactivated; id = 394466052
Error: error_code = 30; This profile is private; id = 486635695
Error: error_code = 30; This profile is private; id = 615099074
Error: error_code = 30; This profile is private; id = 147817546
Error: error_code = 15; Access denied: user deactivated; id = 187719172
Error: error_code = 15; Access denied: user deactivated; id = 521859262
Error: error_code = 30; This profile is private; id = 544962793
Error: error_code = 15; Access denied: user deactivated; id = 201084834
Error: error_code = 15; Access denied: user deactivated; id = 427517920
Error: error_code = 30; This profile is private; id = 611220450
Error: error_code = 30; This profile is private; id = 278624606
Error: error_code = 30; This profile is private; id = 140770575
Error: error_code = 30; This profile is private; id = 606729493
Error: error_code = 30; This profile is private; id = 522556069
Error: error_code = 15; Access denied: user deactivated; id = 469806482
Error: error_code = 30; This profile is private; id = 612150113
Error: error_code = 30; This profile is private; id = 531780309
Error: error_code = 30; This profile is private; id = 15283109
Error: error_code = 15; Access denied: user deactivated; id = 344480625
Error: error_code = 30; This profile is private; id = 621661137
Error: error_code = 30; This profile is private; id = 563493078
Error: error_code = 30; This profile is private; id = 249861738
Error: error_code = 30; This profile is private; id = 422273310
Error: error_code = 30; This profile is private; id = 584097266
Error: error_code = 30; This profile is private; id = 7808399
Error: error_code = 30; This profile is private; id = 279202685
Error: error_code = 15; Access denied: user deactivated; id = 275719622
Error: error_code = 30; This profile is private; id = 10042506
Error: error_code = 30; This profile is private; id = 26061167
Error: error_code = 15; Access denied: user deactivated; id = 315860119
Error: error_code = 30; This profile is private; id = 156973773
Error: error_code = 15; Access denied: user deactivated; id = 346945011
Error: error_code = 15; Access denied: user deactivated; id = 613803314
Error: error_code = 30; This profile is private; id = 32320291
Error: error_code = 15; Access denied: user deactivated; id = 230097058
Error: error_code = 15; Access denied: user deactivated; id = 551767492
Error: error_code = 30; This profile is private; id = 611925176
Error: error_code = 30; This profile is private; id = 327190588
Error: error_code = 30; This profile is private; id = 644055773
Error: error_code = 30; This profile is private; id = 534968326
Error: error_code = 15; Access denied: user deactivated; id = 393606489
Error: error_code = 30; This profile is private; id = 157330854
Error: error_code = 30; This profile is private; id = 472489183
Error: error_code = 30; This profile is private; id = 637363689
Error: error_code = 30; This profile is private; id = 46732074
Error: error_code = 15; Access denied: user deactivated; id = 451419559
Error: error_code = 15; Access denied: user deactivated; id = 625567058
Error: error_code = 30; This profile is private; id = 214460365
Error: error_code = 30; This profile is private; id = 209437712
Error: error_code = 15; Access denied: user deactivated; id = 367174072
Error: error_code = 15; Access denied: user deactivated; id = 230186403
Error: error_code = 30; This profile is private; id = 433873744
Error: error_code = 15; Access denied: user deactivated; id = 447218522
Error: error_code = 30; This profile is private; id = 180653674
Error: error_code = 15; Access denied: user deactivated; id = 232560461
Error: error_code = 30; This profile is private; id = 650050957
Error: error_code = 30; This profile is private; id = 202105845
Error: error_code = 30; This profile is private; id = 147276562
Error: error_code = 30; This profile is private; id = 525076024
Error: error_code = 30; This profile is private; id = 311706671
Error: error_code = 30; This profile is private; id = 81415362
Error: error_code = 15; Access denied: user deactivated; id = 375010881
Error: error_code = 30; This profile is private; id = 14335156
Error: error_code = 15; Access denied: user deactivated; id = 684771616
Error: error_code = 30; This profile is private; id = 379834897
Error: error_code = 30; This profile is private; id = 535519900
Error: error_code = 30; This profile is private; id = 173107884
Error: error_code = 30; This profile is private; id = 410714041
Error: error_code = 30; This profile is private; id = 86326318
Error: error_code = 30; This profile is private; id = 658522435
Error: error_code = 30; This profile is private; id = 307049649
Error: error_code = 15; Access denied: user deactivated; id = 535588272
Error: error_code = 30; This profile is private; id = 191952764
Error: error_code = 30; This profile is private; id = 15310511
Error: error_code = 15; Access denied: user deactivated; id = 319531321
Error: error_code = 30; This profile is private; id = 142477298
Error: error_code = 15; Access denied: user deactivated; id = 150819353
Error: error_code = 30; This profile is private; id = 646994327
Error: error_code = 30; This profile is private; id = 504895308
Error: error_code = 15; Access denied: user deactivated; id = 398739382
Error: error_code = 15; Access denied: user deactivated; id = 419660763
Error: error_code = 15; Access denied: user deactivated; id = 196896361
Error: error_code = 15; Access denied: user deactivated; id = 680760529
Error: error_code = 30; This profile is private; id = 141059435
Error: error_code = 15; Access denied: user deactivated; id = 428554258
Error: error_code = 30; This profile is private; id = 685766995
Error: error_code = 30; This profile is private; id = 210033984
Error: error_code = 30; This profile is private; id = 9608226
Error: error_code = 15; Access denied: user deactivated; id = 355736029
Error: error_code = 30; This profile is private; id = 239533342
Error: error_code = 15; Access denied: user deactivated; id = 398680680
Error: error_code = 15; Access denied: user deactivated; id = 6191640
Error: error_code = 30; This profile is private; id = 321187686
Error: error_code = 30; This profile is private; id = 693522856
Error: error_code = 30; This profile is private; id = 409792744
Error: error_code = 30; This profile is private; id = 283705377
Error: error_code = 30; This profile is private; id = 279531272
Error: error_code = 15; Access denied: user deactivated; id = 514932489
Error: error_code = 30; This profile is private; id = 21340035
Error: error_code = 30; This profile is private; id = 194979813
Error: error_code = 30; This profile is private; id = 584967422
Error: error_code = 15; Access denied: user deactivated; id = 568117176
Error: error_code = 15; Access denied: user deactivated; id = 511956963
Error: error_code = 15; Access denied: user deactivated; id = 517863715
Error: error_code = 30; This profile is private; id = 36408584
Error: error_code = 15; Access denied: user deactivated; id = 715043279
Error: error_code = 15; Access denied: user deactivated; id = 352300880
Error: error_code = 15; Access denied: user deactivated; id = 8154629
Error: error_code = 30; This profile is private; id = 445833839
Error: error_code = 30; This profile is private; id = 303409946
Error: error_code = 30; This profile is private; id = 446220897
Error: error_code = 30; This profile is private; id = 263992133
Error: error_code = 30; This profile is private; id = 715422502
Error: error_code = 30; This profile is private; id = 467442792
Error: error_code = 30; This profile is private; id = 451274056
Error: error_code = 15; Access denied: user deactivated; id = 363757977
Error: error_code = 15; Access denied: user deactivated; id = 161375149
Error: error_code = 30; This profile is private; id = 68504677
Error: error_code = 30; This profile is private; id = 576630557
Error: error_code = 30; This profile is private; id = 90959991
Error: error_code = 30; This profile is private; id = 213054770
Error: error_code = 15; Access denied: user deactivated; id = 30463757
Error: error_code = 30; This profile is private; id = 427388723
Error: error_code = 30; This profile is private; id = 506683424
Error: error_code = 30; This profile is private; id = 71792915
Error: error_code = 30; This profile is private; id = 323409379
Error: error_code = 15; Access denied: user deactivated; id = 312461484
Error: error_code = 15; Access denied: user deactivated; id = 24783537
Error: error_code = 15; Access denied: user deactivated; id = 213771067
Error: error_code = 30; This profile is private; id = 681481933
Error: error_code = 30; This profile is private; id = 71822
Error: error_code = 30; This profile is private; id = 599661235
Error: error_code = 30; This profile is private; id = 672529741
Error: error_code = 30; This profile is private; id = 587663185
Error: error_code = 15; Access denied: user deactivated; id = 181701503
Error: error_code = 15; Access denied: user deactivated; id = 12049823
Error: error_code = 15; Access denied: user deactivated; id = 395896061
Error: error_code = 30; This profile is private; id = 292227614
Error: error_code = 30; This profile is private; id = 805813
Error: error_code = 30; This profile is private; id = 79468812
Error: error_code = 30; This profile is private; id = 161083028
Error: error_code = 15; Access denied: user deactivated; id = 87216213
Error: error_code = 15; Access denied: user deactivated; id = 428842115
Error: error_code = 30; This profile is private; id = 461558621
Error: error_code = 30; This profile is private; id = 85787058
Error: error_code = 15; Access denied: user deactivated; id = 221206491
Error: error_code = 30; This profile is private; id = 457132551
Error: error_code = 30; This profile is private; id = 455150433
Error: error_code = 15; Access denied: user deactivated; id = 272991119
Error: error_code = 30; This profile is private; id = 547376321
Error: error_code = 30; This profile is private; id = 80099508
Error: error_code = 30; This profile is private; id = 454330
Error: error_code = 15; Access denied: user deactivated; id = 375294044
Error: error_code = 30; This profile is private; id = 434154067
Error: error_code = 30; This profile is private; id = 413143341
Error: error_code = 30; This profile is private; id = 129489865
Error: error_code = 15; Access denied: user deactivated; id = 77305217
Error: error_code = 15; Access denied: user deactivated; id = 516209110
Error: error_code = 15; Access denied: user deactivated; id = 403536174
Error: error_code = 30; This profile is private; id = 197779028
Error: error_code = 30; This profile is private; id = 480493038
Error: error_code = 30; This profile is private; id = 345698477
Error: error_code = 15; Access denied: user deactivated; id = 529442596
Error: error_code = 15; Access denied: user deactivated; id = 468237705
Error: error_code = 30; This profile is private; id = 533191091
Error: error_code = 30; This profile is private; id = 708651237
Error: error_code = 15; Access denied: user deactivated; id = 185892043
Error: error_code = 15; Access denied: user deactivated; id = 710120867
Error: error_code = 15; Access denied: user deactivated; id = 325470268
Error: error_code = 30; This profile is private; id = 529113239
Error: error_code = 30; This profile is private; id = 256451199
Error: error_code = 30; This profile is private; id = 525637690
Error: error_code = 30; This profile is private; id = 362123469
Error: error_code = 30; This profile is private; id = 650674498
Error: error_code = 30; This profile is private; id = 239185950
Error: error_code = 30; This profile is private; id = 422183969
Error: error_code = 30; This profile is private; id = 17263378
Error: error_code = 30; This profile is private; id = 706881228
Error: error_code = 30; This profile is private; id = 545081362
Error: error_code = 15; Access denied: user deactivated; id = 490876046
Error: error_code = 30; This profile is private; id = 670115298
Error: error_code = 15; Access denied: user deactivated; id = 396366267
Error: error_code = 30; This profile is private; id = 476544236
Error: error_code = 30; This profile is private; id = 40960126
Error: error_code = 30; This profile is private; id = 696960334
Error: error_code = 30; This profile is private; id = 512558457
Error: error_code = 15; Access denied: user deactivated; id = 205255624
Error: error_code = 30; This profile is private; id = 10179359
Error: error_code = 30; This profile is private; id = 275782435
Error: error_code = 30; This profile is private; id = 124515035
Error: error_code = 15; Access denied: user deactivated; id = 85183600
Error: error_code = 30; This profile is private; id = 309944355
Error: error_code = 15; Access denied: user deactivated; id = 350790750
Error: error_code = 15; Access denied: user deactivated; id = 219675830
Error: error_code = 30; This profile is private; id = 24201276
Error: error_code = 15; Access denied: user deactivated; id = 148103419
Error: error_code = 30; This profile is private; id = 5242766
Error: error_code = 15; Access denied: user deactivated; id = 425830504
Error: error_code = 15; Access denied: user deactivated; id = 532693334
Error: error_code = 15; Access denied: user deactivated; id = 529572456
Error: error_code = 15; Access denied: user deactivated; id = 289288467
Error: error_code = 30; This profile is private; id = 408464846
Error: error_code = 30; This profile is private; id = 93414959
Error: error_code = 30; This profile is private; id = 480502442
Error: error_code = 30; This profile is private; id = 455175775
Error: error_code = 15; Access denied: user deactivated; id = 274548134
Error: error_code = 15; Access denied: user deactivated; id = 530285896
Error: error_code = 15; Access denied: user deactivated; id = 401132350
Error: error_code = 30; This profile is private; id = 103282525
Error: error_code = 15; Access denied: user deactivated; id = 234898559
Error: error_code = 30; This profile is private; id = 679833487
Error: error_code = 30; This profile is private; id = 651052990
Error: error_code = 15; Access denied: user deactivated; id = 545526731
Error: error_code = 30; This profile is private; id = 302173628
Error: error_code = 15; Access denied: user deactivated; id = 554286703
Error: error_code = 30; This profile is private; id = 517640193
Error: error_code = 30; This profile is private; id = 651489128
Error: error_code = 15; Access denied: user deactivated; id = 473439532
Error: error_code = 15; Access denied: user deactivated; id = 399339898
Error: error_code = 15; Access denied: user deactivated; id = 428817347
Error: error_code = 30; This profile is private; id = 159811668
Error: error_code = 30; This profile is private; id = 56196681
Error: error_code = 30; This profile is private; id = 595533634
Error: error_code = 30; This profile is private; id = 550066779
Error: error_code = 30; This profile is private; id = 594827705
Error: error_code = 30; This profile is private; id = 224991387
Error: error_code = 30; This profile is private; id = 4015805
Error: error_code = 15; Access denied: user deactivated; id = 264411934
Error: error_code = 30; This profile is private; id = 503614432
Error: error_code = 30; This profile is private; id = 414297468
Error: error_code = 15; Access denied: user deactivated; id = 418885764
Error: error_code = 15; Access denied: user deactivated; id = 559619010
Error: error_code = 15; Access denied: user deactivated; id = 539813392
Error: error_code = 30; This profile is private; id = 314524541
Error: error_code = 30; This profile is private; id = 70241278
Error: error_code = 30; This profile is private; id = 229940130
Error: error_code = 15; Access denied: user deactivated; id = 229597776
Error: error_code = 15; Access denied: user deactivated; id = 249876778
Error: error_code = 30; This profile is private; id = 613141018
Error: error_code = 30; This profile is private; id = 57703134
Error: error_code = 15; Access denied: user deactivated; id = 613487843
Error: error_code = 15; Access denied: user deactivated; id = 14541325
Error: error_code = 30; This profile is private; id = 96823414
Error: error_code = 30; This profile is private; id = 363571184
Error: error_code = 15; Access denied: user deactivated; id = 239099456
Error: error_code = 30; This profile is private; id = 13284535
Error: error_code = 30; This profile is private; id = 16524643
Error: error_code = 30; This profile is private; id = 317636487
Error: error_code = 30; This profile is private; id = 185297759
Error: error_code = 30; This profile is private; id = 166153790
Error: error_code = 30; This profile is private; id = 626347133
Error: error_code = 30; This profile is private; id = 66785488
Error: error_code = 15; Access denied: user deactivated; id = 533990384
Error: error_code = 15; Access denied: user deactivated; id = 72251329
Error: error_code = 30; This profile is private; id = 552838254
Error: error_code = 30; This profile is private; id = 231235141
Error: error_code = 15; Access denied: user deactivated; id = 297491961
Error: error_code = 30; This profile is private; id = 41608559
Error: error_code = 30; This profile is private; id = 510335748
Error: error_code = 15; Access denied: user deactivated; id = 519431583
Error: error_code = 30; This profile is private; id = 136673629
Error: error_code = 30; This profile is private; id = 529440893
Error: error_code = 30; This profile is private; id = 648995670
Error: error_code = 15; Access denied: user deactivated; id = 191553333
Error: error_code = 30; This profile is private; id = 232285344
Error: error_code = 15; Access denied: user deactivated; id = 712062869
Error: error_code = 15; Access denied: user deactivated; id = 539879753
Error: error_code = 15; Access denied: user deactivated; id = 255843088
Error: error_code = 15; Access denied: user deactivated; id = 374730974
Error: error_code = 30; This profile is private; id = 596076938
Error: error_code = 15; Access denied: user deactivated; id = 169322556
Error: error_code = 30; This profile is private; id = 480796468
Error: error_code = 15; Access denied: user deactivated; id = 765310
Error: error_code = 30; This profile is private; id = 92173886
Error: error_code = 30; This profile is private; id = 14286042
Error: error_code = 30; This profile is private; id = 231474026
Error: error_code = 30; This profile is private; id = 354085436
Error: error_code = 30; This profile is private; id = 277552262
Error: error_code = 30; This profile is private; id = 187003841
Error: error_code = 15; Access denied: user deactivated; id = 27984486
Error: error_code = 30; This profile is private; id = 136684218
Error: error_code = 30; This profile is private; id = 188282005
Error: error_code = 15; Access denied: user deactivated; id = 199423747
Error: error_code = 30; This profile is private; id = 364195884
Error: error_code = 30; This profile is private; id = 499042920
Error: error_code = 30; This profile is private; id = 19039755
Error: error_code = 30; This profile is private; id = 189167711
Error: error_code = 30; This profile is private; id = 529837636
Error: error_code = 30; This profile is private; id = 538465607
Error: error_code = 30; This profile is private; id = 277231567
Error: error_code = 30; This profile is private; id = 119467899
Error: error_code = 30; This profile is private; id = 485586085
Error: error_code = 30; This profile is private; id = 482405033
Error: error_code = 30; This profile is private; id = 141295970
Error: error_code = 30; This profile is private; id = 48108949
Error: error_code = 15; Access denied: user deactivated; id = 403789624
Error: error_code = 15; Access denied: user deactivated; id = 293904633
Error: error_code = 30; This profile is private; id = 669943655
Error: error_code = 15; Access denied: user deactivated; id = 391851261
Error: error_code = 30; This profile is private; id = 569115429
Error: error_code = 15; Access denied: user deactivated; id = 240096835
Error: error_code = 30; This profile is private; id = 582632718
Error: error_code = 30; This profile is private; id = 175742136
Error: error_code = 30; This profile is private; id = 529588031
Error: error_code = 30; This profile is private; id = 316425359
Error: error_code = 15; Access denied: user deactivated; id = 240089000
Error: error_code = 15; Access denied: user deactivated; id = 420903643
Error: error_code = 15; Access denied: user deactivated; id = 151719699
Error: error_code = 15; Access denied: user deactivated; id = 446168410
Error: error_code = 30; This profile is private; id = 507897054
Error: error_code = 30; This profile is private; id = 444389771
Error: error_code = 30; This profile is private; id = 387490369
Error: error_code = 30; This profile is private; id = 147711211
Error: error_code = 30; This profile is private; id = 203111588
Error: error_code = 15; Access denied: user deactivated; id = 417426719
Error: error_code = 30; This profile is private; id = 282278211
Error: error_code = 15; Access denied: user deactivated; id = 143738693
Error: error_code = 30; This profile is private; id = 104312428
Error: error_code = 15; Access denied: user deactivated; id = 657227329
Error: error_code = 30; This profile is private; id = 668147305
Error: error_code = 30; This profile is private; id = 664252512
Error: error_code = 30; This profile is private; id = 137956642
Error: error_code = 30; This profile is private; id = 569880136
Error: error_code = 30; This profile is private; id = 662868342
Error: error_code = 30; This profile is private; id = 684475062
Error: error_code = 30; This profile is private; id = 507486632
Error: error_code = 15; Access denied: user deactivated; id = 516916151
Error: error_code = 30; This profile is private; id = 69831250
Error: error_code = 15; Access denied: user deactivated; id = 20341626
Error: error_code = 30; This profile is private; id = 658669624
Error: error_code = 30; This profile is private; id = 140263764
Error: error_code = 30; This profile is private; id = 273826328
Error: error_code = 15; Access denied: user deactivated; id = 178792971
Error: error_code = 30; This profile is private; id = 159840065
Error: error_code = 30; This profile is private; id = 587023661
Error: error_code = 30; This profile is private; id = 495315846
Error: error_code = 15; Access denied: user deactivated; id = 224164169
Error: error_code = 15; Access denied: user deactivated; id = 358427108
Error: error_code = 15; Access denied: user deactivated; id = 613103119
Error: error_code = 15; Access denied: user deactivated; id = 249371692
Error: error_code = 30; This profile is private; id = 672534315
Error: error_code = 30; This profile is private; id = 367721004
Error: error_code = 15; Access denied: user deactivated; id = 436723494
Error: error_code = 30; This profile is private; id = 314474254
Error: error_code = 30; This profile is private; id = 599511282
Error: error_code = 30; This profile is private; id = 645942537
Error: error_code = 15; Access denied: user deactivated; id = 222236126
Error: error_code = 30; This profile is private; id = 568526892
Error: error_code = 30; This profile is private; id = 312136916
Error: error_code = 30; This profile is private; id = 305605944
Error: error_code = 30; This profile is private; id = 680458085
Error: error_code = 15; Access denied: user deactivated; id = 266610957
Error: error_code = 15; Access denied: user deactivated; id = 177301616
Error: error_code = 15; Access denied: user deactivated; id = 466466566
Error: error_code = 30; This profile is private; id = 621044715
Error: error_code = 30; This profile is private; id = 232363062
Error: error_code = 30; This profile is private; id = 50005777
Error: error_code = 30; This profile is private; id = 257551945
Error: error_code = 15; Access denied: user deactivated; id = 224881547
Error: error_code = 30; This profile is private; id = 423435953
Error: error_code = 30; This profile is private; id = 336099778
Error: error_code = 30; This profile is private; id = 3564622
Error: error_code = 30; This profile is private; id = 383408690
Error: error_code = 15; Access denied: user deactivated; id = 341800080
Error: error_code = 30; This profile is private; id = 64028283
Error: error_code = 30; This profile is private; id = 163648401
Error: error_code = 30; This profile is private; id = 362257036
Error: error_code = 30; This profile is private; id = 524076521
Error: error_code = 30; This profile is private; id = 672455504
Error: error_code = 30; This profile is private; id = 520711002
Error: error_code = 30; This profile is private; id = 41390832
Error: error_code = 30; This profile is private; id = 495485796
Error: error_code = 30; This profile is private; id = 293337748
Error: error_code = 30; This profile is private; id = 180698482
Error: error_code = 15; Access denied: user deactivated; id = 18097621
Error: error_code = 15; Access denied: user deactivated; id = 186212979
Error: error_code = 15; Access denied: user deactivated; id = 77014398
Error: error_code = 15; Access denied: user deactivated; id = 427387553
Error: error_code = 30; This profile is private; id = 131854948
Error: error_code = 30; This profile is private; id = 187529200
Error: error_code = 15; Access denied: user deactivated; id = 159775716
Error: error_code = 15; Access denied: user deactivated; id = 134479743
Error: error_code = 15; Access denied: user deactivated; id = 269947389
Error: error_code = 15; Access denied: user deactivated; id = 347345991
Error: error_code = 30; This profile is private; id = 464538784
Error: error_code = 30; This profile is private; id = 161213473
Error: error_code = 30; This profile is private; id = 626647501
Error: error_code = 30; This profile is private; id = 563115179
Error: error_code = 15; Access denied: user deactivated; id = 18115853
Error: error_code = 30; This profile is private; id = 324044037
Error: error_code = 30; This profile is private; id = 108758762
Error: error_code = 30; This profile is private; id = 338030678
Error: error_code = 30; This profile is private; id = 139171530
Error: error_code = 30; This profile is private; id = 134620897
Error: error_code = 30; This profile is private; id = 468552242
Error: error_code = 30; This profile is private; id = 632814414
Error: error_code = 15; Access denied: user deactivated; id = 238975649
Error: error_code = 15; Access denied: user deactivated; id = 140959335
Error: error_code = 30; This profile is private; id = 469686302
Error: error_code = 30; This profile is private; id = 308589416
Error: error_code = 15; Access denied: user deactivated; id = 159557485
Error: error_code = 30; This profile is private; id = 104021860
Error: error_code = 30; This profile is private; id = 13002609
Error: error_code = 30; This profile is private; id = 477863337
Error: error_code = 15; Access denied: user deactivated; id = 79741333
Error: error_code = 30; This profile is private; id = 174675531
Error: error_code = 15; Access denied: user deactivated; id = 200258461
Error: error_code = 15; Access denied: user deactivated; id = 591703315
Error: error_code = 30; This profile is private; id = 140747238
Error: error_code = 15; Access denied: user deactivated; id = 49519673
Error: error_code = 15; Access denied: user deactivated; id = 42858612
Error: error_code = 30; This profile is private; id = 576127460
Error: error_code = 30; This profile is private; id = 43555048
Error: error_code = 15; Access denied: user deactivated; id = 483378687
Error: error_code = 15; Access denied: user deactivated; id = 587216712
Error: error_code = 15; Access denied: user deactivated; id = 224078246
Error: error_code = 15; Access denied: user deactivated; id = 51531776
Error: error_code = 15; Access denied: user deactivated; id = 253447667
Error: error_code = 30; This profile is private; id = 60967614
Error: error_code = 15; Access denied: user deactivated; id = 262507539
Error: error_code = 15; Access denied: user deactivated; id = 369208055
Error: error_code = 30; This profile is private; id = 708991798
Error: error_code = 30; This profile is private; id = 349132549
Error: error_code = 30; This profile is private; id = 355835069
Error: error_code = 30; This profile is private; id = 654667041
Error: error_code = 30; This profile is private; id = 192679760
Error: error_code = 30; This profile is private; id = 98949963
Error: error_code = 30; This profile is private; id = 91423126
Error: error_code = 15; Access denied: user deactivated; id = 521745490
Error: error_code = 15; Access denied: user deactivated; id = 544694252
Error: error_code = 30; This profile is private; id = 16781809
Error: error_code = 30; This profile is private; id = 5877154
Error: error_code = 30; This profile is private; id = 809538
Error: error_code = 15; Access denied: user deactivated; id = 509977662
Error: error_code = 15; Access denied: user deactivated; id = 3183306
Error: error_code = 30; This profile is private; id = 244950146
Error: error_code = 15; Access denied: user deactivated; id = 363488873
Error: error_code = 30; This profile is private; id = 339632837
Error: error_code = 30; This profile is private; id = 699358925
Error: error_code = 30; This profile is private; id = 67663160
Error: error_code = 15; Access denied: user deactivated; id = 396366936
Error: error_code = 30; This profile is private; id = 678171988
Error: error_code = 15; Access denied: user deactivated; id = 136613887
Error: error_code = 30; This profile is private; id = 504022362
Error: error_code = 15; Access denied: user deactivated; id = 376410260
Error: error_code = 30; This profile is private; id = 396815711
Error: error_code = 15; Access denied: user deactivated; id = 229030976
Error: error_code = 15; Access denied: user deactivated; id = 500451581
Error: error_code = 30; This profile is private; id = 513845830
Error: error_code = 30; This profile is private; id = 684361490
Error: error_code = 15; Access denied: user deactivated; id = 518599580
Error: error_code = 30; This profile is private; id = 74358282
Error: error_code = 30; This profile is private; id = 267105171
Error: error_code = 15; Access denied: user deactivated; id = 540502871
Error: error_code = 15; Access denied: user deactivated; id = 651229700
Error: error_code = 15; Access denied: user deactivated; id = 557388884
Error: error_code = 15; Access denied: user deactivated; id = 426780450
Error: error_code = 30; This profile is private; id = 231485735
Error: error_code = 30; This profile is private; id = 709961253
Error: error_code = 15; Access denied: user deactivated; id = 343227994
Error: error_code = 30; This profile is private; id = 286293748
Error: error_code = 15; Access denied: user deactivated; id = 67281087
Error: error_code = 30; This profile is private; id = 169604108
Error: error_code = 15; Access denied: user deactivated; id = 160006414
Error: error_code = 15; Access denied: user deactivated; id = 361922747
Error: error_code = 15; Access denied: user deactivated; id = 228112541
Error: error_code = 30; This profile is private; id = 50692455
Error: error_code = 30; This profile is private; id = 697607488
Error: error_code = 30; This profile is private; id = 310645582
Error: error_code = 30; This profile is private; id = 456459585
Error: error_code = 30; This profile is private; id = 161580290
Error: error_code = 15; Access denied: user deactivated; id = 701316614
Error: error_code = 30; This profile is private; id = 433916287
Error: error_code = 30; This profile is private; id = 263532703
Error: error_code = 15; Access denied: user deactivated; id = 219190230
Error: error_code = 15; Access denied: user deactivated; id = 403216576
Error: error_code = 30; This profile is private; id = 218940792
Error: error_code = 30; This profile is private; id = 704557002
Error: error_code = 15; Access denied: user deactivated; id = 332795412
Error: error_code = 30; This profile is private; id = 181842979
Error: error_code = 30; This profile is private; id = 232400508
Error: error_code = 30; This profile is private; id = 171485720
Error: error_code = 30; This profile is private; id = 326552418
Error: error_code = 30; This profile is private; id = 492573068
Error: error_code = 15; Access denied: user deactivated; id = 347023394
Error: error_code = 30; This profile is private; id = 55089301
Error: error_code = 15; Access denied: user deactivated; id = 404615245
Error: error_code = 30; This profile is private; id = 583445717
Error: error_code = 30; This profile is private; id = 332791856
Error: error_code = 15; Access denied: user deactivated; id = 189714571
Error: error_code = 15; Access denied: user deactivated; id = 199778668
Error: error_code = 15; Access denied: user deactivated; id = 433493712
Error: error_code = 30; This profile is private; id = 602328013
Error: error_code = 30; This profile is private; id = 236146079
Error: error_code = 30; This profile is private; id = 35008893
Error: error_code = 30; This profile is private; id = 9162094
Error: error_code = 30; This profile is private; id = 711166431
Error: error_code = 30; This profile is private; id = 466391089
Error: error_code = 30; This profile is private; id = 688288598
Error: error_code = 15; Access denied: user deactivated; id = 664999011
Error: error_code = 30; This profile is private; id = 366796997
Error: error_code = 30; This profile is private; id = 558498786
Error: error_code = 30; This profile is private; id = 520891382
Error: error_code = 30; This profile is private; id = 408290525
Error: error_code = 30; This profile is private; id = 5417686
Error: error_code = 30; This profile is private; id = 715000724
Error: error_code = 30; This profile is private; id = 221288052
Error: error_code = 30; This profile is private; id = 199345656
Error: error_code = 15; Access denied: user deactivated; id = 454363008
Error: error_code = 30; This profile is private; id = 699824144
Error: error_code = 30; This profile is private; id = 406948118
Error: error_code = 30; This profile is private; id = 56244751
Error: error_code = 30; This profile is private; id = 80577374
Error: error_code = 30; This profile is private; id = 94304696
Error: error_code = 30; This profile is private; id = 29071006
Error: error_code = 30; This profile is private; id = 362277078
Error: error_code = 30; This profile is private; id = 225014146
Error: error_code = 30; This profile is private; id = 10844314
Error: error_code = 30; This profile is private; id = 442825832
Error: error_code = 30; This profile is private; id = 508221481
Error: error_code = 30; This profile is private; id = 568847177
Error: error_code = 15; Access denied: user deactivated; id = 186330351
Error: error_code = 30; This profile is private; id = 314332346
Error: error_code = 30; This profile is private; id = 209130510
Error: error_code = 15; Access denied: user deactivated; id = 508259923
Error: error_code = 30; This profile is private; id = 260242411
Error: error_code = 30; This profile is private; id = 525719995
Error: error_code = 30; This profile is private; id = 32211899
Error: error_code = 30; This profile is private; id = 593927055
Error: error_code = 30; This profile is private; id = 527252849
Error: error_code = 30; This profile is private; id = 258928272
Error: error_code = 30; This profile is private; id = 165375548
Error: error_code = 30; This profile is private; id = 136566850
Error: error_code = 15; Access denied: user deactivated; id = 266774512
Error: error_code = 30; This profile is private; id = 148140954
Error: error_code = 15; Access denied: user deactivated; id = 195539906
Error: error_code = 30; This profile is private; id = 57212232
Error: error_code = 30; This profile is private; id = 3228409
Error: error_code = 30; This profile is private; id = 371055276
Error: error_code = 30; This profile is private; id = 562451301
Error: error_code = 30; This profile is private; id = 6455726
Error: error_code = 30; This profile is private; id = 339633317
Error: error_code = 15; Access denied: user deactivated; id = 181486522
Error: error_code = 15; Access denied: user deactivated; id = 254002288
Error: error_code = 15; Access denied: user deactivated; id = 705129964
Error: error_code = 15; Access denied: user deactivated; id = 471978600
Error: error_code = 15; Access denied: user deactivated; id = 346567325
Error: error_code = 30; This profile is private; id = 408523527
Error: error_code = 15; Access denied: user deactivated; id = 154157864
Error: error_code = 30; This profile is private; id = 478904942
Error: error_code = 30; This profile is private; id = 211444007
Error: error_code = 30; This profile is private; id = 699061172
Error: error_code = 30; This profile is private; id = 297466498
Error: error_code = 30; This profile is private; id = 187306808
Error: error_code = 15; Access denied: user deactivated; id = 325988912
Error: error_code = 15; Access denied: user deactivated; id = 20710205
Error: error_code = 30; This profile is private; id = 98952685
Error: error_code = 30; This profile is private; id = 205445915
Error: error_code = 30; This profile is private; id = 224123146
Error: error_code = 15; Access denied: user deactivated; id = 711011843
Error: error_code = 15; Access denied: user deactivated; id = 401920319
Error: error_code = 30; This profile is private; id = 393597629
Error: error_code = 15; Access denied: user deactivated; id = 428173313
Error: error_code = 30; This profile is private; id = 589454832
Error: error_code = 15; Access denied: user deactivated; id = 515326102
Error: error_code = 30; This profile is private; id = 519246094
Error: error_code = 30; This profile is private; id = 475392123
Error: error_code = 15; Access denied: user deactivated; id = 321090927
Error: error_code = 30; This profile is private; id = 465052993
Error: error_code = 15; Access denied: user deactivated; id = 167294769
Error: error_code = 30; This profile is private; id = 282905
Error: error_code = 30; This profile is private; id = 167794597
Error: error_code = 15; Access denied: user deactivated; id = 285962205
Error: error_code = 30; This profile is private; id = 524480237
Error: error_code = 15; Access denied: user deactivated; id = 91425723
Error: error_code = 30; This profile is private; id = 613847944
Error: error_code = 30; This profile is private; id = 624883735
Error: error_code = 15; Access denied: user deactivated; id = 269654241
Error: error_code = 30; This profile is private; id = 466112430
Error: error_code = 30; This profile is private; id = 331131223
Error: error_code = 30; This profile is private; id = 191606915
Error: error_code = 30; This profile is private; id = 469432477
Error: error_code = 30; This profile is private; id = 672734304
Error: error_code = 30; This profile is private; id = 431241927
Error: error_code = 30; This profile is private; id = 455228938
Error: error_code = 30; This profile is private; id = 142962016
Error: error_code = 15; Access denied: user deactivated; id = 396569793
Error: error_code = 15; Access denied: user deactivated; id = 142181633
Error: error_code = 15; Access denied: user deactivated; id = 428459214
Error: error_code = 30; This profile is private; id = 147824744
Error: error_code = 30; This profile is private; id = 402878081
Error: error_code = 15; Access denied: user deactivated; id = 715192061
Error: error_code = 30; This profile is private; id = 703001420
Error: error_code = 30; This profile is private; id = 13274557
Error: error_code = 30; This profile is private; id = 140242879
Error: error_code = 30; This profile is private; id = 403866613
Error: error_code = 15; Access denied: user deactivated; id = 276538235
Error: error_code = 30; This profile is private; id = 659737974
Error: error_code = 30; This profile is private; id = 238046041
Error: error_code = 30; This profile is private; id = 180035444
Error: error_code = 30; This profile is private; id = 202563830
Error: error_code = 30; This profile is private; id = 534521480
Error: error_code = 30; This profile is private; id = 90689924
Error: error_code = 30; This profile is private; id = 622440276
Error: error_code = 30; This profile is private; id = 105572135
Error: error_code = 15; Access denied: user deactivated; id = 218791469
Error: error_code = 15; Access denied: user deactivated; id = 140511938
Error: error_code = 30; This profile is private; id = 403461794
Error: error_code = 30; This profile is private; id = 575529468
Error: error_code = 30; This profile is private; id = 7181651
Error: error_code = 30; This profile is private; id = 716810128
Error: error_code = 30; This profile is private; id = 281239419
Error: error_code = 30; This profile is private; id = 238194685
Error: error_code = 15; Access denied: user deactivated; id = 297305786
Error: error_code = 15; Access denied: user deactivated; id = 517060833
Error: error_code = 30; This profile is private; id = 27584730
Error: error_code = 30; This profile is private; id = 4461669
Error: error_code = 15; Access denied: user deactivated; id = 450336532
Error: error_code = 15; Access denied: user deactivated; id = 359593788
Error: error_code = 30; This profile is private; id = 137750652
Error: error_code = 30; This profile is private; id = 161380390
Error: error_code = 15; Access denied: user deactivated; id = 496464367
Error: error_code = 15; Access denied: user deactivated; id = 249712613
Error: error_code = 15; Access denied: user deactivated; id = 170240255
Error: error_code = 15; Access denied: user deactivated; id = 429432909
Error: error_code = 30; This profile is private; id = 603996805
Error: error_code = 30; This profile is private; id = 258502201
Error: error_code = 30; This profile is private; id = 152912087
Error: error_code = 15; Access denied: user deactivated; id = 539625470
Error: error_code = 30; This profile is private; id = 1163275
Error: error_code = 30; This profile is private; id = 462902968
Error: error_code = 15; Access denied: user deactivated; id = 295949572
Error: error_code = 30; This profile is private; id = 167702231
Error: error_code = 15; Access denied: user deactivated; id = 531709458
Error: error_code = 30; This profile is private; id = 531927525
Error: error_code = 30; This profile is private; id = 60956545
Error: error_code = 30; This profile is private; id = 205228968
Error: error_code = 15; Access denied: user deactivated; id = 450147790
Error: error_code = 30; This profile is private; id = 55510417
Error: error_code = 15; Access denied: user deactivated; id = 584133102
Error: error_code = 30; This profile is private; id = 138616414
Error: error_code = 30; This profile is private; id = 292564897
Error: error_code = 15; Access denied: user deactivated; id = 576020187
Error: error_code = 15; Access denied: user deactivated; id = 188942140
Error: error_code = 15; Access denied: user deactivated; id = 623156063
Error: error_code = 30; This profile is private; id = 571565668
Error: error_code = 15; Access denied: user deactivated; id = 659456562
Error: error_code = 30; This profile is private; id = 623101220
Error: error_code = 30; This profile is private; id = 16530305
Error: error_code = 30; This profile is private; id = 3638740
Error: error_code = 30; This profile is private; id = 478831025
Error: error_code = 15; Access denied: user deactivated; id = 313815827
Error: error_code = 15; Access denied: user deactivated; id = 421640021
Error: error_code = 30; This profile is private; id = 657544532
Error: error_code = 15; Access denied: user deactivated; id = 402453288
Error: error_code = 30; This profile is private; id = 54343521
Error: error_code = 30; This profile is private; id = 566816995
Error: error_code = 30; This profile is private; id = 117908335
Error: error_code = 30; This profile is private; id = 572998498
Error: error_code = 30; This profile is private; id = 623842232
Error: error_code = 30; This profile is private; id = 149104184
Error: error_code = 30; This profile is private; id = 694953860
Error: error_code = 30; This profile is private; id = 169147733
Error: error_code = 15; Access denied: user deactivated; id = 389024459
Error: error_code = 30; This profile is private; id = 136621737
Error: error_code = 15; Access denied: user deactivated; id = 299611515
Error: error_code = 30; This profile is private; id = 133451108
Error: error_code = 15; Access denied: user deactivated; id = 530742500
Error: error_code = 15; Access denied: user deactivated; id = 131817405
Error: error_code = 30; This profile is private; id = 478571891
Error: error_code = 30; This profile is private; id = 557063217
Error: error_code = 15; Access denied: user deactivated; id = 374866201
Error: error_code = 15; Access denied: user deactivated; id = 639449055
Error: error_code = 15; Access denied: user deactivated; id = 59326043
Error: error_code = 15; Access denied: user deactivated; id = 165838178
Error: error_code = 15; Access denied: user deactivated; id = 155320434
Error: error_code = 30; This profile is private; id = 434472228
Error: error_code = 15; Access denied: user deactivated; id = 555089606
Error: error_code = 30; This profile is private; id = 406834507
Error: error_code = 30; This profile is private; id = 445779906
Error: error_code = 30; This profile is private; id = 155897628
Error: error_code = 30; This profile is private; id = 208321105
Error: error_code = 30; This profile is private; id = 187020025
Error: error_code = 30; This profile is private; id = 132983129
Error: error_code = 30; This profile is private; id = 625263909
Error: error_code = 15; Access denied: user deactivated; id = 350700511
Error: error_code = 30; This profile is private; id = 17842569
Error: error_code = 15; Access denied: user deactivated; id = 361621659
Error: error_code = 15; Access denied: user deactivated; id = 617739151
Error: error_code = 30; This profile is private; id = 555004013
Error: error_code = 30; This profile is private; id = 241700596
Error: error_code = 15; Access denied: user deactivated; id = 148011322
Error: error_code = 30; This profile is private; id = 21688175
Error: error_code = 30; This profile is private; id = 106035068
Error: error_code = 30; This profile is private; id = 291192592
Error: error_code = 15; Access denied: user deactivated; id = 221143448
Error: error_code = 30; This profile is private; id = 12519453
Error: error_code = 15; Access denied: user deactivated; id = 62183410
Error: error_code = 30; This profile is private; id = 28424193
Error: error_code = 30; This profile is private; id = 471445666
Error: error_code = 15; Access denied: user deactivated; id = 212595101
Error: error_code = 30; This profile is private; id = 134472125
Error: error_code = 30; This profile is private; id = 645683358
Error: error_code = 30; This profile is private; id = 152939449
Error: error_code = 15; Access denied: user deactivated; id = 538557177
Error: error_code = 30; This profile is private; id = 676556462
Error: error_code = 30; This profile is private; id = 168583001
Error: error_code = 30; This profile is private; id = 139406381
Error: error_code = 30; This profile is private; id = 458550932
Error: error_code = 15; Access denied: user deactivated; id = 25737212
Error: error_code = 30; This profile is private; id = 604136838
Error: error_code = 30; This profile is private; id = 678240330
Error: error_code = 15; Access denied: user deactivated; id = 418775943
Error: error_code = 30; This profile is private; id = 470856342
Error: error_code = 30; This profile is private; id = 2315703
Error: error_code = 15; Access denied: user deactivated; id = 365104051
Error: error_code = 15; Access denied: user deactivated; id = 220505046
Error: error_code = 30; This profile is private; id = 538609317
Error: error_code = 15; Access denied: user deactivated; id = 160568944
Error: error_code = 15; Access denied: user deactivated; id = 162332848
Error: error_code = 15; Access denied: user deactivated; id = 525960982
Error: error_code = 15; Access denied: user deactivated; id = 327640191
Error: error_code = 30; This profile is private; id = 35228392
Error: error_code = 30; This profile is private; id = 219535623
Error: error_code = 30; This profile is private; id = 285469261
Error: error_code = 15; Access denied: user deactivated; id = 364206718
Error: error_code = 15; Access denied: user deactivated; id = 281622405
Error: error_code = 30; This profile is private; id = 334707452
Error: error_code = 30; This profile is private; id = 218810595
Error: error_code = 30; This profile is private; id = 466263982
Error: error_code = 30; This profile is private; id = 500753562
Error: error_code = 30; This profile is private; id = 3652043
Error: error_code = 15; Access denied: user deactivated; id = 238800640
Error: error_code = 15; Access denied: user deactivated; id = 364963493
Error: error_code = 30; This profile is private; id = 245659554
Error: error_code = 30; This profile is private; id = 472049466
Error: error_code = 30; This profile is private; id = 205956699
Error: error_code = 30; This profile is private; id = 180076070
Error: error_code = 30; This profile is private; id = 207703132
Error: error_code = 30; This profile is private; id = 519372335
Error: error_code = 30; This profile is private; id = 300644705
Error: error_code = 30; This profile is private; id = 675593884
Error: error_code = 30; This profile is private; id = 661210199
Error: error_code = 15; Access denied: user deactivated; id = 308029397
Error: error_code = 15; Access denied: user deactivated; id = 225095034
Error: error_code = 30; This profile is private; id = 536129891
Error: error_code = 30; This profile is private; id = 442077735
Error: error_code = 15; Access denied: user deactivated; id = 650001960
Error: error_code = 30; This profile is private; id = 230269735
Error: error_code = 30; This profile is private; id = 400650093
Error: error_code = 30; This profile is private; id = 560600029
Error: error_code = 30; This profile is private; id = 1266910
Error: error_code = 30; This profile is private; id = 15444704
Error: error_code = 15; Access denied: user deactivated; id = 197407736
Error: error_code = 30; This profile is private; id = 12822259
Error: error_code = 15; Access denied: user deactivated; id = 705657512
Error: error_code = 15; Access denied: user deactivated; id = 705706850
Error: error_code = 15; Access denied: user deactivated; id = 691465452
Error: error_code = 30; This profile is private; id = 246839960
Error: error_code = 30; This profile is private; id = 235137695
Error: error_code = 30; This profile is private; id = 686975981
Error: error_code = 30; This profile is private; id = 164984821
Error: error_code = 15; Access denied: user deactivated; id = 230106206
Error: error_code = 15; Access denied: user deactivated; id = 381519333
Error: error_code = 30; This profile is private; id = 24449499
Error: error_code = 15; Access denied: user deactivated; id = 447388575
Error: error_code = 15; Access denied: user deactivated; id = 423508520
Error: error_code = 15; Access denied: user deactivated; id = 41260979
Error: error_code = 30; This profile is private; id = 643772840
Error: error_code = 30; This profile is private; id = 61054915
Error: error_code = 30; This profile is private; id = 85294985
Error: error_code = 30; This profile is private; id = 135271281
Error: error_code = 15; Access denied: user deactivated; id = 212712184
Error: error_code = 30; This profile is private; id = 449971305
Error: error_code = 15; Access denied: user deactivated; id = 318472464
Error: error_code = 30; This profile is private; id = 76456356
Error: error_code = 30; This profile is private; id = 201572907
Error: error_code = 30; This profile is private; id = 99667912
Error: error_code = 15; Access denied: user deactivated; id = 528947891
Error: error_code = 15; Access denied: user deactivated; id = 592988525
Error: error_code = 30; This profile is private; id = 393591140
Error: error_code = 30; This profile is private; id = 161386962
Error: error_code = 15; Access denied: user deactivated; id = 227735225
Error: error_code = 30; This profile is private; id = 300942959
Error: error_code = 30; This profile is private; id = 169462806
Error: error_code = 30; This profile is private; id = 320194803
Error: error_code = 15; Access denied: user deactivated; id = 142823491
Error: error_code = 30; This profile is private; id = 171053226
Error: error_code = 15; Access denied: user deactivated; id = 221685999
Error: error_code = 15; Access denied: user deactivated; id = 112986979
Error: error_code = 15; Access denied: user deactivated; id = 456096390
Error: error_code = 15; Access denied: user deactivated; id = 480184558
Error: error_code = 30; This profile is private; id = 546806623
Error: error_code = 30; This profile is private; id = 360215540
Error: error_code = 30; This profile is private; id = 705353517
Error: error_code = 30; This profile is private; id = 665040608
Error: error_code = 30; This profile is private; id = 401216015
Error: error_code = 15; Access denied: user deactivated; id = 661600106
Error: error_code = 30; This profile is private; id = 168652678
Error: error_code = 30; This profile is private; id = 259510249
Error: error_code = 15; Access denied: user deactivated; id = 259569855
Error: error_code = 30; This profile is private; id = 91400450
Error: error_code = 30; This profile is private; id = 620571502
Error: error_code = 15; Access denied: user deactivated; id = 211577030
Error: error_code = 30; This profile is private; id = 1366859
Error: error_code = 15; Access denied: user deactivated; id = 53577413
Error: error_code = 30; This profile is private; id = 602083388
Error: error_code = 15; Access denied: user deactivated; id = 532799217
Error: error_code = 15; Access denied: user deactivated; id = 105643415
Error: error_code = 15; Access denied: user deactivated; id = 281068009
Error: error_code = 30; This profile is private; id = 466719534
Error: error_code = 30; This profile is private; id = 600350116
Error: error_code = 15; Access denied: user deactivated; id = 590944201
Error: error_code = 30; This profile is private; id = 83647040
Error: error_code = 30; This profile is private; id = 1773854
Error: error_code = 15; Access denied: user deactivated; id = 531779067
Error: error_code = 30; This profile is private; id = 701140858
Error: error_code = 30; This profile is private; id = 328154797
Error: error_code = 30; This profile is private; id = 314445672
Error: error_code = 30; This profile is private; id = 480516923
Error: error_code = 15; Access denied: user deactivated; id = 265653303
Error: error_code = 15; Access denied: user deactivated; id = 343250021
Error: error_code = 30; This profile is private; id = 547624714
Error: error_code = 30; This profile is private; id = 371068850
Error: error_code = 30; This profile is private; id = 84192502
Error: error_code = 30; This profile is private; id = 4057880
Error: error_code = 30; This profile is private; id = 605442391
Error: error_code = 30; This profile is private; id = 470374559
Error: error_code = 30; This profile is private; id = 513568983
Error: error_code = 30; This profile is private; id = 374901725
Error: error_code = 15; Access denied: user deactivated; id = 542443194
Error: error_code = 30; This profile is private; id = 562410732
Error: error_code = 15; Access denied: user deactivated; id = 282133389
Error: error_code = 30; This profile is private; id = 276333456
Error: error_code = 15; Access denied: user deactivated; id = 6850600
Error: error_code = 15; Access denied: user deactivated; id = 330921796
Error: error_code = 30; This profile is private; id = 560984239
Error: error_code = 30; This profile is private; id = 709704604
Error: error_code = 15; Access denied: user deactivated; id = 87363762
Error: error_code = 30; This profile is private; id = 15121011
Error: error_code = 30; This profile is private; id = 356564768
Error: error_code = 30; This profile is private; id = 70117258
Error: error_code = 30; This profile is private; id = 290982454
Error: error_code = 30; This profile is private; id = 198817070
Error: error_code = 30; This profile is private; id = 226879877
Error: error_code = 30; This profile is private; id = 1638918
Error: error_code = 30; This profile is private; id = 17713358
Error: error_code = 30; This profile is private; id = 424803895
Error: error_code = 30; This profile is private; id = 156205273
Error: error_code = 30; This profile is private; id = 273701037
Error: error_code = 15; Access denied: user deactivated; id = 208001068
Error: error_code = 15; Access denied: user deactivated; id = 258660495
Error: error_code = 15; Access denied: user deactivated; id = 523332547
Error: error_code = 30; This profile is private; id = 486257715
Error: error_code = 30; This profile is private; id = 491250053
Error: error_code = 30; This profile is private; id = 6928983
Error: error_code = 30; This profile is private; id = 177224365
Error: error_code = 15; Access denied: user deactivated; id = 289153157
Error: error_code = 15; Access denied: user deactivated; id = 114427311
Error: error_code = 15; Access denied: user deactivated; id = 385168155
Error: error_code = 30; This profile is private; id = 700327645
Error: error_code = 15; Access denied: user deactivated; id = 239552266
Error: error_code = 30; This profile is private; id = 583370735
Error: error_code = 15; Access denied: user deactivated; id = 188818837
Error: error_code = 30; This profile is private; id = 32281479
Error: error_code = 30; This profile is private; id = 279434184
Error: error_code = 30; This profile is private; id = 520316563
Error: error_code = 30; This profile is private; id = 13013143
Error: error_code = 30; This profile is private; id = 516848379
Error: error_code = 30; This profile is private; id = 40354866
Error: error_code = 30; This profile is private; id = 35585209
Error: error_code = 15; Access denied: user deactivated; id = 462230696
Error: error_code = 30; This profile is private; id = 510558027
Error: error_code = 15; Access denied: user deactivated; id = 401226501
Error: error_code = 15; Access denied: user deactivated; id = 648814530
Error: error_code = 30; This profile is private; id = 50124730
Error: error_code = 30; This profile is private; id = 632481592
Error: error_code = 30; This profile is private; id = 175901697
Error: error_code = 30; This profile is private; id = 390665510
Error: error_code = 30; This profile is private; id = 656443639
Error: error_code = 30; This profile is private; id = 544648202
Error: error_code = 15; Access denied: user deactivated; id = 296542589
Error: error_code = 15; Access denied: user deactivated; id = 145564242
Error: error_code = 15; Access denied: user deactivated; id = 560629716
Error: error_code = 15; Access denied: user deactivated; id = 241652409
Error: error_code = 30; This profile is private; id = 13443624
Error: error_code = 15; Access denied: user deactivated; id = 359322502
Error: error_code = 30; This profile is private; id = 137960696
Error: error_code = 15; Access denied: user deactivated; id = 280056725
Error: error_code = 15; Access denied: user deactivated; id = 591824617
Error: error_code = 15; Access denied: user deactivated; id = 655747095
Error: error_code = 30; This profile is private; id = 496786337
Error: error_code = 15; Access denied: user deactivated; id = 221852333
Error: error_code = 30; This profile is private; id = 472982831
Error: error_code = 30; This profile is private; id = 366598958
Error: error_code = 15; Access denied: user deactivated; id = 230760527
Error: error_code = 15; Access denied: user deactivated; id = 135513275
Error: error_code = 30; This profile is private; id = 562373372
Error: error_code = 15; Access denied: user deactivated; id = 29738468
Error: error_code = 30; This profile is private; id = 479568390
Error: error_code = 30; This profile is private; id = 707618356
Error: error_code = 30; This profile is private; id = 697532660
Error: error_code = 30; This profile is private; id = 119502904
Error: error_code = 15; Access denied: user deactivated; id = 413502987
Error: error_code = 30; This profile is private; id = 511052244
Error: error_code = 30; This profile is private; id = 127032043
Error: error_code = 30; This profile is private; id = 254208623
Error: error_code = 30; This profile is private; id = 366931225
Error: error_code = 30; This profile is private; id = 120492385
Error: error_code = 30; This profile is private; id = 630022893
Error: error_code = 15; Access denied: user deactivated; id = 211253968
Error: error_code = 30; This profile is private; id = 515026704
Error: error_code = 30; This profile is private; id = 576763953
Error: error_code = 30; This profile is private; id = 500720377
Error: error_code = 30; This profile is private; id = 690781144
Error: error_code = 30; This profile is private; id = 675668627
Error: error_code = 30; This profile is private; id = 101107831
Error: error_code = 30; This profile is private; id = 118822960
Error: error_code = 15; Access denied: user deactivated; id = 218025406
Error: error_code = 15; Access denied: user deactivated; id = 546433697
Error: error_code = 30; This profile is private; id = 520657635
Error: error_code = 30; This profile is private; id = 94807781
Error: error_code = 30; This profile is private; id = 405108290
Error: error_code = 15; Access denied: user deactivated; id = 710120902
Error: error_code = 30; This profile is private; id = 548908161
Error: error_code = 15; Access denied: user deactivated; id = 133941170
Error: error_code = 30; This profile is private; id = 502879716
Error: error_code = 30; This profile is private; id = 545067439
Error: error_code = 15; Access denied: user deactivated; id = 191932717
Error: error_code = 30; This profile is private; id = 91666860
Error: error_code = 15; Access denied: user deactivated; id = 303055901
Error: error_code = 30; This profile is private; id = 175211911
Error: error_code = 15; Access denied: user deactivated; id = 85124424
Error: error_code = 15; Access denied: user deactivated; id = 31585135
Error: error_code = 15; Access denied: user deactivated; id = 419857046
Error: error_code = 30; This profile is private; id = 392787664
Error: error_code = 30; This profile is private; id = 678110904
Error: error_code = 15; Access denied: user deactivated; id = 345916217
Error: error_code = 30; This profile is private; id = 195929981
Error: error_code = 30; This profile is private; id = 31056847
Error: error_code = 15; Access denied: user deactivated; id = 413881214
Error: error_code = 15; Access denied: user deactivated; id = 637086799
Error: error_code = 15; Access denied: user deactivated; id = 614298231
Error: error_code = 30; This profile is private; id = 43046030
Error: error_code = 30; This profile is private; id = 143720036
Error: error_code = 30; This profile is private; id = 713976827
Error: error_code = 30; This profile is private; id = 23821053
Error: error_code = 30; This profile is private; id = 50390488
Error: error_code = 30; This profile is private; id = 218147144
Error: error_code = 15; Access denied: user deactivated; id = 463535345
Error: error_code = 15; Access denied: user deactivated; id = 449743237
Error: error_code = 15; Access denied: user deactivated; id = 452489767
Error: error_code = 30; This profile is private; id = 212726703
Error: error_code = 30; This profile is private; id = 517166468
Error: error_code = 15; Access denied: user deactivated; id = 277884804
Error: error_code = 30; This profile is private; id = 505043283
Error: error_code = 15; Access denied: user deactivated; id = 268318316
Error: error_code = 30; This profile is private; id = 152934947
Error: error_code = 30; This profile is private; id = 615013230
Error: error_code = 30; This profile is private; id = 301312557
Error: error_code = 30; This profile is private; id = 72495893
Error: error_code = 30; This profile is private; id = 569769689
Error: error_code = 30; This profile is private; id = 46166383
Error: error_code = 30; This profile is private; id = 18248687
Error: error_code = 30; This profile is private; id = 12361603
Error: error_code = 15; Access denied: user deactivated; id = 458566162
Error: error_code = 30; This profile is private; id = 21135819
Error: error_code = 15; Access denied: user deactivated; id = 238070473
Error: error_code = 30; This profile is private; id = 525944361
Error: error_code = 30; This profile is private; id = 552819927
Error: error_code = 30; This profile is private; id = 610013615
Error: error_code = 15; Access denied: user deactivated; id = 187922753
Error: error_code = 15; Access denied: user deactivated; id = 22277427
Error: error_code = 15; Access denied: user deactivated; id = 201421832
Error: error_code = 15; Access denied: user deactivated; id = 543368523
Error: error_code = 30; This profile is private; id = 513337232
Error: error_code = 30; This profile is private; id = 526817864
Error: error_code = 30; This profile is private; id = 140269767
Error: error_code = 30; This profile is private; id = 64489643
Error: error_code = 15; Access denied: user deactivated; id = 285417908
Error: error_code = 30; This profile is private; id = 583564621
Error: error_code = 15; Access denied: user deactivated; id = 682833841
Error: error_code = 30; This profile is private; id = 403753847
Error: error_code = 15; Access denied: user deactivated; id = 385623232
Error: error_code = 15; Access denied: user deactivated; id = 288171585
Error: error_code = 15; Access denied: user deactivated; id = 411154900
Error: error_code = 30; This profile is private; id = 238582253
Error: error_code = 30; This profile is private; id = 120066588
Error: error_code = 15; Access denied: user deactivated; id = 137317179
Error: error_code = 15; Access denied: user deactivated; id = 536940296
Error: error_code = 30; This profile is private; id = 215099131
Error: error_code = 30; This profile is private; id = 411452932
Error: error_code = 15; Access denied: user deactivated; id = 340234764
Error: error_code = 15; Access denied: user deactivated; id = 282267596
Error: error_code = 30; This profile is private; id = 436570152
Error: error_code = 30; This profile is private; id = 693210109
Error: error_code = 15; Access denied: user deactivated; id = 274275701
Error: error_code = 30; This profile is private; id = 493785810
Error: error_code = 30; This profile is private; id = 192539279
Error: error_code = 30; This profile is private; id = 174824456
Error: error_code = 30; This profile is private; id = 40486373
Error: error_code = 30; This profile is private; id = 153898044
Error: error_code = 30; This profile is private; id = 285211988
Error: error_code = 30; This profile is private; id = 234779735
Error: error_code = 15; Access denied: user deactivated; id = 358116032
Error: error_code = 30; This profile is private; id = 635792186
Error: error_code = 30; This profile is private; id = 465474105
Error: error_code = 15; Access denied: user deactivated; id = 222852368
Error: error_code = 30; This profile is private; id = 324497541
Error: error_code = 15; Access denied: user deactivated; id = 343549606
Error: error_code = 15; Access denied: user deactivated; id = 319536056
Error: error_code = 30; This profile is private; id = 363928241
Error: error_code = 15; Access denied: user deactivated; id = 202986109
Error: error_code = 15; Access denied: user deactivated; id = 19466620
Error: error_code = 30; This profile is private; id = 48400175
Error: error_code = 30; This profile is private; id = 250300783
Error: error_code = 15; Access denied: user deactivated; id = 109855902
Error: error_code = 30; This profile is private; id = 159501446
Error: error_code = 15; Access denied: user deactivated; id = 239730836
Error: error_code = 15; Access denied: user deactivated; id = 62476893
Error: error_code = 30; This profile is private; id = 508633822
Error: error_code = 15; Access denied: user deactivated; id = 226868829
Error: error_code = 30; This profile is private; id = 216326551
Error: error_code = 30; This profile is private; id = 354532356
Error: error_code = 15; Access denied: user deactivated; id = 388917425
Error: error_code = 30; This profile is private; id = 629858052
Error: error_code = 15; Access denied: user deactivated; id = 707972485
Error: error_code = 30; This profile is private; id = 71187562
Error: error_code = 30; This profile is private; id = 208326411
Error: error_code = 30; This profile is private; id = 464481005
Error: error_code = 30; This profile is private; id = 188345127
Error: error_code = 30; This profile is private; id = 139795926
Error: error_code = 15; Access denied: user deactivated; id = 381539037
Error: error_code = 30; This profile is private; id = 542676027
Error: error_code = 30; This profile is private; id = 2869021
Error: error_code = 30; This profile is private; id = 28553482
Error: error_code = 15; Access denied: user deactivated; id = 618077916
Error: error_code = 30; This profile is private; id = 17958450
Error: error_code = 30; This profile is private; id = 103630188
Error: error_code = 15; Access denied: user deactivated; id = 571575656
Error: error_code = 15; Access denied: user deactivated; id = 229141292
Error: error_code = 15; Access denied: user deactivated; id = 30332912
Error: error_code = 30; This profile is private; id = 199088246
Error: error_code = 30; This profile is private; id = 327858101
Error: error_code = 30; This profile is private; id = 601037479
Error: error_code = 30; This profile is private; id = 477631347
Error: error_code = 15; Access denied: user deactivated; id = 705328774
Error: error_code = 30; This profile is private; id = 133065482
Error: error_code = 30; This profile is private; id = 320855501
Error: error_code = 30; This profile is private; id = 9066267
Error: error_code = 15; Access denied: user deactivated; id = 215229768
Error: error_code = 30; This profile is private; id = 462378684
Error: error_code = 15; Access denied: user deactivated; id = 702888532
Error: error_code = 30; This profile is private; id = 352238302
Error: error_code = 30; This profile is private; id = 473546680
Error: error_code = 30; This profile is private; id = 265605496
Error: error_code = 15; Access denied: user deactivated; id = 399752859
Error: error_code = 30; This profile is private; id = 590078929
Error: error_code = 15; Access denied: user deactivated; id = 475338564
Error: error_code = 30; This profile is private; id = 680950071
Error: error_code = 30; This profile is private; id = 560022307
Error: error_code = 30; This profile is private; id = 3260269
Error: error_code = 30; This profile is private; id = 170416244
Error: error_code = 30; This profile is private; id = 20936485
Error: error_code = 30; This profile is private; id = 124729844
Error: error_code = 15; Access denied: user deactivated; id = 484604244
Error: error_code = 30; This profile is private; id = 609604248
Error: error_code = 30; This profile is private; id = 485666975
Error: error_code = 30; This profile is private; id = 262144774
Error: error_code = 30; This profile is private; id = 315958273
Error: error_code = 15; Access denied: user deactivated; id = 52630682
Error: error_code = 30; This profile is private; id = 246810480
Error: error_code = 30; This profile is private; id = 450854714
Error: error_code = 30; This profile is private; id = 80285100
Error: error_code = 30; This profile is private; id = 548764880
Error: error_code = 30; This profile is private; id = 2098019
Error: error_code = 15; Access denied: user deactivated; id = 333979654
Error: error_code = 30; This profile is private; id = 588877638
Error: error_code = 15; Access denied: user deactivated; id = 706215105
Error: error_code = 30; This profile is private; id = 630091133
Error: error_code = 30; This profile is private; id = 639957257
Error: error_code = 30; This profile is private; id = 376049889
Error: error_code = 30; This profile is private; id = 260657628
Error: error_code = 15; Access denied: user deactivated; id = 431901848
Error: error_code = 30; This profile is private; id = 285636084
Error: error_code = 30; This profile is private; id = 622419973
Error: error_code = 30; This profile is private; id = 70281271
Error: error_code = 30; This profile is private; id = 237412451
Error: error_code = 30; This profile is private; id = 160081985
Error: error_code = 15; Access denied: user deactivated; id = 560251733
Error: error_code = 30; This profile is private; id = 498563529
Error: error_code = 30; This profile is private; id = 426488958
Error: error_code = 30; This profile is private; id = 132954444
Error: error_code = 30; This profile is private; id = 825158
Error: error_code = 15; Access denied: user deactivated; id = 536053281
Error: error_code = 30; This profile is private; id = 575004691
Error: error_code = 30; This profile is private; id = 330391880
Error: error_code = 30; This profile is private; id = 175612985
Error: error_code = 15; Access denied: user deactivated; id = 512305873
Error: error_code = 30; This profile is private; id = 703491917
Error: error_code = 15; Access denied: user deactivated; id = 179541671
Error: error_code = 30; This profile is private; id = 87345636
Error: error_code = 30; This profile is private; id = 33796819
Error: error_code = 15; Access denied: user deactivated; id = 256141275
Error: error_code = 30; This profile is private; id = 50381037
Error: error_code = 30; This profile is private; id = 204822485
Error: error_code = 15; Access denied: user deactivated; id = 3747210
Error: error_code = 15; Access denied: user deactivated; id = 213737565
Error: error_code = 15; Access denied: user deactivated; id = 400213554
Error: error_code = 15; Access denied: user deactivated; id = 373814041
Error: error_code = 15; Access denied: user deactivated; id = 714051665
Error: error_code = 30; This profile is private; id = 380843627
Error: error_code = 30; This profile is private; id = 688199962
Error: error_code = 15; Access denied: user deactivated; id = 4465213
Error: error_code = 30; This profile is private; id = 713999487
Error: error_code = 15; Access denied: user deactivated; id = 504067188
Error: error_code = 30; This profile is private; id = 261436737
Error: error_code = 30; This profile is private; id = 682688781
Error: error_code = 30; This profile is private; id = 699717270
Error: error_code = 30; This profile is private; id = 13203098
Error: error_code = 30; This profile is private; id = 136681108
Error: error_code = 30; This profile is private; id = 111386881
Error: error_code = 15; Access denied: user deactivated; id = 540481524
Error: error_code = 15; Access denied: user deactivated; id = 213350453
Error: error_code = 30; This profile is private; id = 653129639
Error: error_code = 30; This profile is private; id = 363315701
Error: error_code = 30; This profile is private; id = 449699321
Error: error_code = 30; This profile is private; id = 462713534
Error: error_code = 30; This profile is private; id = 442083111
Error: error_code = 30; This profile is private; id = 11963463
Error: error_code = 30; This profile is private; id = 156618325
Error: error_code = 30; This profile is private; id = 544245526
Error: error_code = 30; This profile is private; id = 254373994
Error: error_code = 15; Access denied: user deactivated; id = 330268178
Error: error_code = 15; Access denied: user deactivated; id = 346525717
Error: error_code = 30; This profile is private; id = 587549924
Error: error_code = 30; This profile is private; id = 207382529
Error: error_code = 15; Access denied: user deactivated; id = 290580771
Error: error_code = 15; Access denied: user deactivated; id = 41261384
Error: error_code = 30; This profile is private; id = 136676938
Error: error_code = 30; This profile is private; id = 433556766
Error: error_code = 30; This profile is private; id = 293676830
Error: error_code = 15; Access denied: user deactivated; id = 402689284
Error: error_code = 30; This profile is private; id = 31025633
Error: error_code = 15; Access denied: user deactivated; id = 516651297
Error: error_code = 30; This profile is private; id = 528148646
Error: error_code = 30; This profile is private; id = 573826525
Error: error_code = 30; This profile is private; id = 640901851
Error: error_code = 30; This profile is private; id = 113311136
Error: error_code = 30; This profile is private; id = 544830891
Error: error_code = 30; This profile is private; id = 206621808
Error: error_code = 15; Access denied: user deactivated; id = 539218963
Error: error_code = 30; This profile is private; id = 50325331
Error: error_code = 30; This profile is private; id = 226283046
Error: error_code = 15; Access denied: user deactivated; id = 460059776
Error: error_code = 15; Access denied: user deactivated; id = 39826704
Error: error_code = 30; This profile is private; id = 257376053
Error: error_code = 15; Access denied: user deactivated; id = 215548718
Error: error_code = 15; Access denied: user deactivated; id = 54727048
Error: error_code = 30; This profile is private; id = 392584832
Error: error_code = 15; Access denied: user deactivated; id = 220049814
Error: error_code = 15; Access denied: user deactivated; id = 233661319
Error: error_code = 30; This profile is private; id = 311178008
Error: error_code = 30; This profile is private; id = 204383180
Error: error_code = 30; This profile is private; id = 393694028
Error: error_code = 30; This profile is private; id = 356026069
Error: error_code = 15; Access denied: user deactivated; id = 224767678
Error: error_code = 30; This profile is private; id = 31183086
Error: error_code = 30; This profile is private; id = 511938397
Error: error_code = 30; This profile is private; id = 100587622
Error: error_code = 15; Access denied: user deactivated; id = 466623681
Error: error_code = 30; This profile is private; id = 93047457
Error: error_code = 30; This profile is private; id = 338488557
Error: error_code = 30; This profile is private; id = 537142780
Error: error_code = 30; This profile is private; id = 658761347
Error: error_code = 30; This profile is private; id = 634661229
Error: error_code = 30; This profile is private; id = 130405907
Error: error_code = 30; This profile is private; id = 38449312
Error: error_code = 30; This profile is private; id = 442254
Error: error_code = 30; This profile is private; id = 626240513
Error: error_code = 30; This profile is private; id = 502296287
Error: error_code = 30; This profile is private; id = 521897539
Error: error_code = 30; This profile is private; id = 156655211
Error: error_code = 30; This profile is private; id = 467014537
Error: error_code = 15; Access denied: user deactivated; id = 417987136
Error: error_code = 15; Access denied: user deactivated; id = 298763995
Error: error_code = 15; Access denied: user deactivated; id = 191471702
Error: error_code = 30; This profile is private; id = 138683677
Error: error_code = 30; This profile is private; id = 660800510
Error: error_code = 30; This profile is private; id = 329498731
Error: error_code = 30; This profile is private; id = 498119593
Error: error_code = 30; This profile is private; id = 440660955
Error: error_code = 30; This profile is private; id = 574740301
Error: error_code = 30; This profile is private; id = 10757652
Error: error_code = 30; This profile is private; id = 96698455
Error: error_code = 30; This profile is private; id = 675505851
Error: error_code = 30; This profile is private; id = 254477639
Error: error_code = 30; This profile is private; id = 278300777
Error: error_code = 30; This profile is private; id = 164241358
Error: error_code = 30; This profile is private; id = 598546436
Error: error_code = 30; This profile is private; id = 156819717
Error: error_code = 30; This profile is private; id = 171021490
Error: error_code = 30; This profile is private; id = 215832185
Error: error_code = 30; This profile is private; id = 485564661
Error: error_code = 30; This profile is private; id = 78374962
Error: error_code = 30; This profile is private; id = 477093533
Error: error_code = 30; This profile is private; id = 520492067
Error: error_code = 30; This profile is private; id = 287075739
Error: error_code = 30; This profile is private; id = 621998608
Error: error_code = 30; This profile is private; id = 376858792
Error: error_code = 30; This profile is private; id = 205147038
Error: error_code = 15; Access denied: user deactivated; id = 216238134
Error: error_code = 30; This profile is private; id = 541440147
Error: error_code = 15; Access denied: user deactivated; id = 428299803
Error: error_code = 15; Access denied: user deactivated; id = 338182045
Error: error_code = 15; Access denied: user deactivated; id = 703834280
Error: error_code = 30; This profile is private; id = 304682593
Error: error_code = 15; Access denied: user deactivated; id = 427190434
Error: error_code = 30; This profile is private; id = 529955363
Error: error_code = 30; This profile is private; id = 331318691
Error: error_code = 30; This profile is private; id = 338824
Error: error_code = 30; This profile is private; id = 678186450
Error: error_code = 15; Access denied: user deactivated; id = 30243220
Error: error_code = 30; This profile is private; id = 473220935
Error: error_code = 30; This profile is private; id = 364924487
Error: error_code = 15; Access denied: user deactivated; id = 191325486
Error: error_code = 30; This profile is private; id = 163555148
Error: error_code = 15; Access denied: user deactivated; id = 172118967
Error: error_code = 30; This profile is private; id = 37596912
Error: error_code = 30; This profile is private; id = 505060282
Error: error_code = 30; This profile is private; id = 453799966
Error: error_code = 30; This profile is private; id = 52602018
Error: error_code = 30; This profile is private; id = 354333583
Error: error_code = 30; This profile is private; id = 183226717
Error: error_code = 30; This profile is private; id = 101925014
Error: error_code = 15; Access denied: user deactivated; id = 230373378
Error: error_code = 30; This profile is private; id = 596568887
Error: error_code = 30; This profile is private; id = 576111373
Error: error_code = 30; This profile is private; id = 618727629
Error: error_code = 15; Access denied: user deactivated; id = 324506571
Error: error_code = 30; This profile is private; id = 324731536
Error: error_code = 30; This profile is private; id = 546973825
Error: error_code = 15; Access denied: user deactivated; id = 297446675
Error: error_code = 30; This profile is private; id = 696090839
Error: error_code = 15; Access denied: user deactivated; id = 214035591
Error: error_code = 30; This profile is private; id = 512715175
Error: error_code = 30; This profile is private; id = 619837605
Error: error_code = 30; This profile is private; id = 520094631
Error: error_code = 30; This profile is private; id = 647955975
Error: error_code = 15; Access denied: user deactivated; id = 155890290
Error: error_code = 30; This profile is private; id = 435345388
Error: error_code = 30; This profile is private; id = 69225244
Error: error_code = 30; This profile is private; id = 203813551
Error: error_code = 30; This profile is private; id = 18920173
Error: error_code = 30; This profile is private; id = 266980114
Error: error_code = 30; This profile is private; id = 186164690
Error: error_code = 30; This profile is private; id = 141708031
Error: error_code = 30; This profile is private; id = 442474344
Error: error_code = 15; Access denied: user deactivated; id = 473840178
Error: error_code = 15; Access denied: user deactivated; id = 393426113
Error: error_code = 15; Access denied: user deactivated; id = 416576953
Error: error_code = 30; This profile is private; id = 221063161
Error: error_code = 15; Access denied: user deactivated; id = 25571177
Error: error_code = 30; This profile is private; id = 71508141
Error: error_code = 30; This profile is private; id = 569912340
Error: error_code = 15; Access denied: user deactivated; id = 280824509
Error: error_code = 30; This profile is private; id = 66094111
Error: error_code = 15; Access denied: user deactivated; id = 372287858
Error: error_code = 15; Access denied: user deactivated; id = 519517410
Error: error_code = 30; This profile is private; id = 268420663
Error: error_code = 15; Access denied: user deactivated; id = 548433153
Error: error_code = 15; Access denied: user deactivated; id = 549411065
Error: error_code = 15; Access denied: user deactivated; id = 381310000
Error: error_code = 30; This profile is private; id = 115590162
Error: error_code = 30; This profile is private; id = 135537758
Error: error_code = 30; This profile is private; id = 452841592
Error: error_code = 30; This profile is private; id = 302971216
Error: error_code = 30; This profile is private; id = 504635660
Error: error_code = 30; This profile is private; id = 161255689
Error: error_code = 15; Access denied: user deactivated; id = 163953401
Error: error_code = 30; This profile is private; id = 10022694
Error: error_code = 30; This profile is private; id = 515624611
Error: error_code = 30; This profile is private; id = 180686856
Error: error_code = 15; Access denied: user deactivated; id = 317828661
Error: error_code = 30; This profile is private; id = 180753419
Error: error_code = 30; This profile is private; id = 237969325
Error: error_code = 30; This profile is private; id = 517628882
Error: error_code = 15; Access denied: user deactivated; id = 466501093
Error: error_code = 15; Access denied: user deactivated; id = 403021220
Error: error_code = 30; This profile is private; id = 513958967
Error: error_code = 15; Access denied: user deactivated; id = 185599892
Error: error_code = 15; Access denied: user deactivated; id = 430606941
Error: error_code = 15; Access denied: user deactivated; id = 151094429
Error: error_code = 30; This profile is private; id = 675296032
Error: error_code = 15; Access denied: user deactivated; id = 20144327
Error: error_code = 15; Access denied: user deactivated; id = 701312122
Error: error_code = 30; This profile is private; id = 266610103
Error: error_code = 30; This profile is private; id = 103870859
Error: error_code = 30; This profile is private; id = 151352731
Error: error_code = 15; Access denied: user deactivated; id = 574042741
Error: error_code = 15; Access denied: user deactivated; id = 640359315
Error: error_code = 15; Access denied: user deactivated; id = 328873293
Error: error_code = 15; Access denied: user deactivated; id = 208725876
Error: error_code = 30; This profile is private; id = 441382668
Error: error_code = 15; Access denied: user deactivated; id = 402484882
Error: error_code = 30; This profile is private; id = 205549338
Error: error_code = 15; Access denied: user deactivated; id = 164306685
Error: error_code = 15; Access denied: user deactivated; id = 332239433
Error: error_code = 30; This profile is private; id = 577988697
Error: error_code = 15; Access denied: user deactivated; id = 149493822
Error: error_code = 30; This profile is private; id = 585677762
Error: error_code = 15; Access denied: user deactivated; id = 511495515
Error: error_code = 15; Access denied: user deactivated; id = 421606506
Error: error_code = 30; This profile is private; id = 609325504
Error: error_code = 15; Access denied: user deactivated; id = 288957872
Error: error_code = 15; Access denied: user deactivated; id = 319635954
Error: error_code = 15; Access denied: user deactivated; id = 705636526
Error: error_code = 30; This profile is private; id = 2949640
Error: error_code = 30; This profile is private; id = 588525632
Error: error_code = 30; This profile is private; id = 588891348
Error: error_code = 30; This profile is private; id = 631371883
Error: error_code = 30; This profile is private; id = 637354564
Error: error_code = 30; This profile is private; id = 133242595
Error: error_code = 15; Access denied: user deactivated; id = 455405185
Error: error_code = 15; Access denied: user deactivated; id = 212217031
Error: error_code = 30; This profile is private; id = 3540814
Error: error_code = 15; Access denied: user deactivated; id = 128570374
Error: error_code = 30; This profile is private; id = 25947192
Error: error_code = 30; This profile is private; id = 251597356
Error: error_code = 30; This profile is private; id = 109026618
Error: error_code = 30; This profile is private; id = 213059739
Error: error_code = 15; Access denied: user deactivated; id = 257724529
Error: error_code = 30; This profile is private; id = 185485907
Error: error_code = 15; Access denied: user deactivated; id = 399257406
Error: error_code = 30; This profile is private; id = 679306006
Error: error_code = 30; This profile is private; id = 387916865
Error: error_code = 15; Access denied: user deactivated; id = 340713406
Error: error_code = 30; This profile is private; id = 72164976
Error: error_code = 15; Access denied: user deactivated; id = 17123519
Error: error_code = 30; This profile is private; id = 5456581
Error: error_code = 30; This profile is private; id = 260538691
Error: error_code = 15; Access denied: user deactivated; id = 545834687
Error: error_code = 30; This profile is private; id = 549604645
Error: error_code = 30; This profile is private; id = 14647853
Error: error_code = 30; This profile is private; id = 573568919
Error: error_code = 30; This profile is private; id = 352057777
Error: error_code = 30; This profile is private; id = 434244194
Error: error_code = 30; This profile is private; id = 496196755
Error: error_code = 30; This profile is private; id = 306018380
Error: error_code = 30; This profile is private; id = 685107001
Error: error_code = 30; This profile is private; id = 253466704
Error: error_code = 30; This profile is private; id = 46776458
Error: error_code = 30; This profile is private; id = 349424455
Error: error_code = 30; This profile is private; id = 74413810
Error: error_code = 15; Access denied: user deactivated; id = 16792623
Error: error_code = 30; This profile is private; id = 549637113
Error: error_code = 30; This profile is private; id = 242105031
Error: error_code = 15; Access denied: user deactivated; id = 696793816
Error: error_code = 30; This profile is private; id = 75377512
Error: error_code = 15; Access denied: user deactivated; id = 617446001
Error: error_code = 30; This profile is private; id = 576365378
Error: error_code = 30; This profile is private; id = 280169771
Error: error_code = 30; This profile is private; id = 94330079
Error: error_code = 15; Access denied: user deactivated; id = 410875432
Error: error_code = 30; This profile is private; id = 269417421
Error: error_code = 15; Access denied: user deactivated; id = 254917423
Error: error_code = 15; Access denied: user deactivated; id = 703863297
Error: error_code = 30; This profile is private; id = 636179010
Error: error_code = 30; This profile is private; id = 419036303
Error: error_code = 30; This profile is private; id = 80243155
Error: error_code = 15; Access denied: user deactivated; id = 195829959
Error: error_code = 30; This profile is private; id = 577306875
Error: error_code = 30; This profile is private; id = 640705333
Error: error_code = 15; Access denied: user deactivated; id = 247477594
Error: error_code = 30; This profile is private; id = 17600655
Error: error_code = 30; This profile is private; id = 566192276
Error: error_code = 30; This profile is private; id = 57056157
Error: error_code = 30; This profile is private; id = 227324550
Error: error_code = 15; Access denied: user deactivated; id = 443890614
Error: error_code = 30; This profile is private; id = 585092966
Error: error_code = 30; This profile is private; id = 214559914
Error: error_code = 15; Access denied: user deactivated; id = 420521289
Error: error_code = 30; This profile is private; id = 142412598
Error: error_code = 30; This profile is private; id = 459595863
Error: error_code = 15; Access denied: user deactivated; id = 188037990
Error: error_code = 30; This profile is private; id = 4364736
Error: error_code = 30; This profile is private; id = 386343297
Error: error_code = 30; This profile is private; id = 365676163
Error: error_code = 30; This profile is private; id = 217464707
Error: error_code = 30; This profile is private; id = 89825154
Error: error_code = 15; Access denied: user deactivated; id = 512553162
Error: error_code = 15; Access denied: user deactivated; id = 266799961
Error: error_code = 15; Access denied: user deactivated; id = 230000233
Error: error_code = 30; This profile is private; id = 514991478
Error: error_code = 30; This profile is private; id = 158951312
Error: error_code = 30; This profile is private; id = 171688813
Error: error_code = 15; Access denied: user deactivated; id = 534767023
Error: error_code = 30; This profile is private; id = 1808447
Error: error_code = 30; This profile is private; id = 136328470
Error: error_code = 30; This profile is private; id = 402485180
Error: error_code = 30; This profile is private; id = 5846062
Error: error_code = 15; Access denied: user deactivated; id = 347164339
Error: error_code = 30; This profile is private; id = 217184023
Error: error_code = 30; This profile is private; id = 1897806
Error: error_code = 30; This profile is private; id = 508739206
Error: error_code = 15; Access denied: user deactivated; id = 471574012
Error: error_code = 15; Access denied: user deactivated; id = 370294548
Error: error_code = 30; This profile is private; id = 348951143
Error: error_code = 30; This profile is private; id = 257738230
Error: error_code = 30; This profile is private; id = 141193007
Error: error_code = 30; This profile is private; id = 532546606
Error: error_code = 30; This profile is private; id = 578417289
Error: error_code = 30; This profile is private; id = 404492565
Error: error_code = 15; Access denied: user deactivated; id = 229945426
Error: error_code = 30; This profile is private; id = 674047910
Error: error_code = 15; Access denied: user deactivated; id = 675872600
Error: error_code = 15; Access denied: user deactivated; id = 701323007
Error: error_code = 30; This profile is private; id = 614093954
Error: error_code = 30; This profile is private; id = 678242667
Error: error_code = 15; Access denied: user deactivated; id = 258794962
Error: error_code = 30; This profile is private; id = 334748870
Error: error_code = 15; Access denied: user deactivated; id = 687836780
Error: error_code = 30; This profile is private; id = 671463270
Error: error_code = 15; Access denied: user deactivated; id = 77376575
Error: error_code = 15; Access denied: user deactivated; id = 409807558
Error: error_code = 15; Access denied: user deactivated; id = 93050294
Error: error_code = 30; This profile is private; id = 223094640
Error: error_code = 30; This profile is private; id = 384860426
Error: error_code = 30; This profile is private; id = 312194326
Error: error_code = 30; This profile is private; id = 156680078
Error: error_code = 30; This profile is private; id = 656710727
Error: error_code = 30; This profile is private; id = 322926110
Error: error_code = 15; Access denied: user deactivated; id = 531286656
Error: error_code = 15; Access denied: user deactivated; id = 208044326
Error: error_code = 30; This profile is private; id = 432905295
Error: error_code = 30; This profile is private; id = 575655239
Error: error_code = 30; This profile is private; id = 531796707
Error: error_code = 30; This profile is private; id = 364023167
Error: error_code = 30; This profile is private; id = 228849575
Error: error_code = 30; This profile is private; id = 364461540
Error: error_code = 30; This profile is private; id = 298402838
Error: error_code = 30; This profile is private; id = 14504789
Error: error_code = 15; Access denied: user deactivated; id = 440120825
Error: error_code = 15; Access denied: user deactivated; id = 139690560
Error: error_code = 15; Access denied: user deactivated; id = 7999800
Error: error_code = 30; This profile is private; id = 272956970
Error: error_code = 30; This profile is private; id = 143421356
Error: error_code = 30; This profile is private; id = 565299000
Error: error_code = 30; This profile is private; id = 614103920
Error: error_code = 30; This profile is private; id = 512044187
Error: error_code = 15; Access denied: user deactivated; id = 261009026
Error: error_code = 30; This profile is private; id = 216780618
Error: error_code = 30; This profile is private; id = 90891615
Error: error_code = 30; This profile is private; id = 219551392
Error: error_code = 30; This profile is private; id = 658818785
Error: error_code = 30; This profile is private; id = 237543240
Error: error_code = 30; This profile is private; id = 113875897
Error: error_code = 30; This profile is private; id = 182698720
Error: error_code = 15; Access denied: user deactivated; id = 349853793
Error: error_code = 30; This profile is private; id = 680385182
Error: error_code = 30; This profile is private; id = 181821498
Error: error_code = 30; This profile is private; id = 353137875
Error: error_code = 30; This profile is private; id = 221233893
Error: error_code = 15; Access denied: user deactivated; id = 183885527
Error: error_code = 30; This profile is private; id = 447786263
Error: error_code = 15; Access denied: user deactivated; id = 262382290
Error: error_code = 30; This profile is private; id = 617394924
Error: error_code = 15; Access denied: user deactivated; id = 198600218
Error: error_code = 30; This profile is private; id = 365123044
Error: error_code = 30; This profile is private; id = 428669798
Error: error_code = 15; Access denied: user deactivated; id = 693307875
Error: error_code = 15; Access denied: user deactivated; id = 143012925
Error: error_code = 30; This profile is private; id = 111919522
Error: error_code = 30; This profile is private; id = 472259797
Error: error_code = 15; Access denied: user deactivated; id = 234240158
Error: error_code = 30; This profile is private; id = 1790191
Error: error_code = 15; Access denied: user deactivated; id = 545475750
Error: error_code = 30; This profile is private; id = 62918204
Error: error_code = 30; This profile is private; id = 32131186
Error: error_code = 15; Access denied: user deactivated; id = 419511664
Error: error_code = 30; This profile is private; id = 515495641
Error: error_code = 30; This profile is private; id = 1928621
Error: error_code = 30; This profile is private; id = 620932281
Error: error_code = 15; Access denied: user deactivated; id = 201010402
Error: error_code = 30; This profile is private; id = 319009370
Error: error_code = 30; This profile is private; id = 487497821
Error: error_code = 30; This profile is private; id = 277355312
Error: error_code = 30; This profile is private; id = 492015481
Error: error_code = 15; Access denied: user deactivated; id = 157899294
Error: error_code = 15; Access denied: user deactivated; id = 400378976
Error: error_code = 15; Access denied: user deactivated; id = 64319539
Error: error_code = 30; This profile is private; id = 492676093
Error: error_code = 30; This profile is private; id = 557130990
Error: error_code = 30; This profile is private; id = 17008007
Error: error_code = 30; This profile is private; id = 70061431
Error: error_code = 30; This profile is private; id = 541486767
Error: error_code = 30; This profile is private; id = 3682050
Error: error_code = 30; This profile is private; id = 349370734
Error: error_code = 30; This profile is private; id = 4066760
Error: error_code = 30; This profile is private; id = 428236751
Error: error_code = 15; Access denied: user deactivated; id = 435029220
Error: error_code = 30; This profile is private; id = 692583590
Error: error_code = 15; Access denied: user deactivated; id = 571207093
Error: error_code = 30; This profile is private; id = 5009200
Error: error_code = 30; This profile is private; id = 701864045
Error: error_code = 30; This profile is private; id = 542756392
Error: error_code = 15; Access denied: user deactivated; id = 396378643
Error: error_code = 30; This profile is private; id = 222987219
Error: error_code = 15; Access denied: user deactivated; id = 258799212
Error: error_code = 30; This profile is private; id = 160576464
Error: error_code = 15; Access denied: user deactivated; id = 437327160
Error: error_code = 30; This profile is private; id = 334579388
Error: error_code = 30; This profile is private; id = 611698563
Error: error_code = 30; This profile is private; id = 701114453
Error: error_code = 30; This profile is private; id = 184159522
Error: error_code = 30; This profile is private; id = 464986599
Error: error_code = 30; This profile is private; id = 66757161
Error: error_code = 15; Access denied: user deactivated; id = 53099925
Error: error_code = 30; This profile is private; id = 683877243
Error: error_code = 30; This profile is private; id = 3220914
Error: error_code = 15; Access denied: user deactivated; id = 426113951
Error: error_code = 15; Access denied: user deactivated; id = 363668782
Error: error_code = 15; Access denied: user deactivated; id = 531585880
Error: error_code = 30; This profile is private; id = 452858269
Error: error_code = 30; This profile is private; id = 678911653
Error: error_code = 15; Access denied: user deactivated; id = 180304909
Error: error_code = 15; Access denied: user deactivated; id = 40449672
Error: error_code = 30; This profile is private; id = 18700417
Error: error_code = 30; This profile is private; id = 30683263
Error: error_code = 30; This profile is private; id = 95753714
Error: error_code = 30; This profile is private; id = 356168136
Error: error_code = 30; This profile is private; id = 168915403
Error: error_code = 15; Access denied: user deactivated; id = 619976043
Error: error_code = 30; This profile is private; id = 621403209
Error: error_code = 15; Access denied: user deactivated; id = 181696980
Error: error_code = 30; This profile is private; id = 13918276
Error: error_code = 15; Access denied: user deactivated; id = 234223866
Error: error_code = 15; Access denied: user deactivated; id = 225242261
Error: error_code = 30; This profile is private; id = 354546176
Error: error_code = 30; This profile is private; id = 176767039
Error: error_code = 30; This profile is private; id = 576195323
Error: error_code = 15; Access denied: user deactivated; id = 269357326
Error: error_code = 15; Access denied: user deactivated; id = 177949748
Error: error_code = 30; This profile is private; id = 262819763
Error: error_code = 30; This profile is private; id = 311249842
Error: error_code = 30; This profile is private; id = 13943006
Error: error_code = 15; Access denied: user deactivated; id = 515320813
Error: error_code = 30; This profile is private; id = 471073844
Error: error_code = 30; This profile is private; id = 77118410
Error: error_code = 30; This profile is private; id = 4437846
Error: error_code = 30; This profile is private; id = 68943344
Error: error_code = 30; This profile is private; id = 37295337
Error: error_code = 15; Access denied: user deactivated; id = 616173479
Error: error_code = 30; This profile is private; id = 312675056
Error: error_code = 30; This profile is private; id = 159685099
Error: error_code = 30; This profile is private; id = 717099313
Error: error_code = 30; This profile is private; id = 29254382
Error: error_code = 30; This profile is private; id = 637711192
Error: error_code = 30; This profile is private; id = 502075907
Error: error_code = 15; Access denied: user deactivated; id = 244374996
Error: error_code = 15; Access denied: user deactivated; id = 61096450
Error: error_code = 15; Access denied: user deactivated; id = 696993306
Error: error_code = 30; This profile is private; id = 414305419
Error: error_code = 30; This profile is private; id = 72466603
Error: error_code = 30; This profile is private; id = 578714023
Error: error_code = 30; This profile is private; id = 250972998
Error: error_code = 30; This profile is private; id = 228473909
Error: error_code = 15; Access denied: user deactivated; id = 427049845
Error: error_code = 15; Access denied: user deactivated; id = 713299763
Error: error_code = 15; Access denied: user deactivated; id = 245109306
Error: error_code = 15; Access denied: user deactivated; id = 536615440
Error: error_code = 15; Access denied: user deactivated; id = 82944442
Error: error_code = 30; This profile is private; id = 327990989
Error: error_code = 30; This profile is private; id = 210114492
Error: error_code = 15; Access denied: user deactivated; id = 435927494
Error: error_code = 30; This profile is private; id = 542132388
Error: error_code = 30; This profile is private; id = 143837168
Error: error_code = 30; This profile is private; id = 703587734
Error: error_code = 30; This profile is private; id = 134997360
Error: error_code = 15; Access denied: user deactivated; id = 395481251
Error: error_code = 30; This profile is private; id = 99558162
Error: error_code = 30; This profile is private; id = 299978740
Error: error_code = 15; Access denied: user deactivated; id = 164291025
Error: error_code = 15; Access denied: user deactivated; id = 234515040
Error: error_code = 15; Access denied: user deactivated; id = 659979824
Error: error_code = 30; This profile is private; id = 478299674
Error: error_code = 15; Access denied: user deactivated; id = 219064624
Error: error_code = 30; This profile is private; id = 12792422
Error: error_code = 30; This profile is private; id = 664478615
Error: error_code = 30; This profile is private; id = 706292500
Error: error_code = 30; This profile is private; id = 8439786
Error: error_code = 30; This profile is private; id = 251550822
Error: error_code = 15; Access denied: user deactivated; id = 347525387
Error: error_code = 30; This profile is private; id = 424130380
Error: error_code = 30; This profile is private; id = 379404496
Error: error_code = 30; This profile is private; id = 540588604
Error: error_code = 15; Access denied: user deactivated; id = 568045655
Error: error_code = 30; This profile is private; id = 505934969
Error: error_code = 30; This profile is private; id = 380272227
Error: error_code = 15; Access denied: user deactivated; id = 90048457
Error: error_code = 30; This profile is private; id = 40811148
Error: error_code = 30; This profile is private; id = 250059775
Error: error_code = 30; This profile is private; id = 637186922
Error: error_code = 15; Access denied: user deactivated; id = 318975864
Error: error_code = 15; Access denied: user deactivated; id = 258420486
Error: error_code = 30; This profile is private; id = 608292491
Error: error_code = 30; This profile is private; id = 159395539
Error: error_code = 30; This profile is private; id = 325432112
Error: error_code = 30; This profile is private; id = 276297941
Error: error_code = 30; This profile is private; id = 666297136
Error: error_code = 30; This profile is private; id = 680825017
Error: error_code = 30; This profile is private; id = 124634621
Error: error_code = 30; This profile is private; id = 679997326
Error: error_code = 30; This profile is private; id = 286752404
Error: error_code = 15; Access denied: user deactivated; id = 245159061
Error: error_code = 30; This profile is private; id = 34582123
Error: error_code = 30; This profile is private; id = 621895642
Error: error_code = 30; This profile is private; id = 645303232
Error: error_code = 15; Access denied: user deactivated; id = 346149987
Error: error_code = 15; Access denied: user deactivated; id = 598187885
Error: error_code = 30; This profile is private; id = 5225180
Error: error_code = 15; Access denied: user deactivated; id = 715189223
Error: error_code = 15; Access denied: user deactivated; id = 217243936
Error: error_code = 15; Access denied: user deactivated; id = 220787744
Error: error_code = 15; Access denied: user deactivated; id = 229569601
Error: error_code = 15; Access denied: user deactivated; id = 615704668
Error: error_code = 30; This profile is private; id = 133891058
Error: error_code = 15; Access denied: user deactivated; id = 410215673
Error: error_code = 30; This profile is private; id = 367688278
Error: error_code = 15; Access denied: user deactivated; id = 272764598
Error: error_code = 30; This profile is private; id = 82826673
Error: error_code = 30; This profile is private; id = 245847893
Error: error_code = 30; This profile is private; id = 380735206
Error: error_code = 30; This profile is private; id = 266522064
Error: error_code = 15; Access denied: user deactivated; id = 1312734
Error: error_code = 30; This profile is private; id = 155647648
Error: error_code = 30; This profile is private; id = 383562418
Error: error_code = 30; This profile is private; id = 482237350
Error: error_code = 15; Access denied: user deactivated; id = 692341858
Error: error_code = 30; This profile is private; id = 470166982
Error: error_code = 30; This profile is private; id = 148374495
Error: error_code = 30; This profile is private; id = 365739336
Error: error_code = 30; This profile is private; id = 256034024
Error: error_code = 15; Access denied: user deactivated; id = 533266398
Error: error_code = 30; This profile is private; id = 472312681
Error: error_code = 30; This profile is private; id = 488239383
Error: error_code = 30; This profile is private; id = 56005357
Error: error_code = 30; This profile is private; id = 591464555
Error: error_code = 30; This profile is private; id = 116276421
Error: error_code = 15; Access denied: user deactivated; id = 400129166
Error: error_code = 30; This profile is private; id = 695995052
Error: error_code = 30; This profile is private; id = 220565793
Error: error_code = 30; This profile is private; id = 153312187
Error: error_code = 15; Access denied: user deactivated; id = 209925500
Error: error_code = 30; This profile is private; id = 403399655
Error: error_code = 30; This profile is private; id = 240868305
Error: error_code = 15; Access denied: user deactivated; id = 152966552
Error: error_code = 15; Access denied: user deactivated; id = 499147589
Error: error_code = 30; This profile is private; id = 92751018
Error: error_code = 30; This profile is private; id = 204904643
Error: error_code = 30; This profile is private; id = 236386284
Error: error_code = 15; Access denied: user deactivated; id = 576612746
Error: error_code = 30; This profile is private; id = 308703395
Error: error_code = 30; This profile is private; id = 640986589
Error: error_code = 15; Access denied: user deactivated; id = 183793720
Error: error_code = 15; Access denied: user deactivated; id = 194481621
Error: error_code = 15; Access denied: user deactivated; id = 29017218
Error: error_code = 30; This profile is private; id = 425310515
Error: error_code = 30; This profile is private; id = 519795623
Error: error_code = 30; This profile is private; id = 278558044
Error: error_code = 30; This profile is private; id = 443976506
Error: error_code = 30; This profile is private; id = 497030660
Error: error_code = 30; This profile is private; id = 144194545
Error: error_code = 30; This profile is private; id = 569830677
Error: error_code = 15; Access denied: user deactivated; id = 523028514
Error: error_code = 15; Access denied: user deactivated; id = 155972666
Error: error_code = 15; Access denied: user deactivated; id = 474277754
Error: error_code = 30; This profile is private; id = 6772394
Error: error_code = 30; This profile is private; id = 708825482
Error: error_code = 30; This profile is private; id = 31756808
Error: error_code = 30; This profile is private; id = 552160387
Error: error_code = 30; This profile is private; id = 8023011
Error: error_code = 30; This profile is private; id = 555862196
Error: error_code = 30; This profile is private; id = 3903295
Error: error_code = 30; This profile is private; id = 70394634
Error: error_code = 15; Access denied: user deactivated; id = 372950060
Error: error_code = 30; This profile is private; id = 8090495
Error: error_code = 15; Access denied: user deactivated; id = 509159009
Error: error_code = 30; This profile is private; id = 73432944
Error: error_code = 30; This profile is private; id = 313557785
Error: error_code = 15; Access denied: user deactivated; id = 20698405
Error: error_code = 15; Access denied: user deactivated; id = 109389740
Error: error_code = 30; This profile is private; id = 441499493
Error: error_code = 30; This profile is private; id = 96379498
Error: error_code = 15; Access denied: user deactivated; id = 598909340
Error: error_code = 30; This profile is private; id = 696331256
Error: error_code = 30; This profile is private; id = 203052957
Error: error_code = 30; This profile is private; id = 286605665
Error: error_code = 30; This profile is private; id = 271350209
Error: error_code = 15; Access denied: user deactivated; id = 301425642
Error: error_code = 30; This profile is private; id = 168588108
Error: error_code = 30; This profile is private; id = 688865083
Error: error_code = 30; This profile is private; id = 252349920
Error: error_code = 30; This profile is private; id = 275032639
Error: error_code = 30; This profile is private; id = 35668888
Error: error_code = 30; This profile is private; id = 11408330
Error: error_code = 30; This profile is private; id = 630558395
Error: error_code = 30; This profile is private; id = 312220013
Error: error_code = 30; This profile is private; id = 8944065
Error: error_code = 15; Access denied: user deactivated; id = 457097669
Error: error_code = 30; This profile is private; id = 43822364
Error: error_code = 15; Access denied: user deactivated; id = 29951050
Error: error_code = 15; Access denied: user deactivated; id = 288457249
Error: error_code = 30; This profile is private; id = 623255705
Error: error_code = 15; Access denied: user deactivated; id = 352058756
Error: error_code = 30; This profile is private; id = 421859554
Error: error_code = 30; This profile is private; id = 4069506
Error: error_code = 30; This profile is private; id = 291003911
Error: error_code = 15; Access denied: user deactivated; id = 222737491
Error: error_code = 30; This profile is private; id = 65308641
Error: error_code = 15; Access denied: user deactivated; id = 396861941
Error: error_code = 30; This profile is private; id = 612527186
Error: error_code = 30; This profile is private; id = 555343474
Error: error_code = 15; Access denied: user deactivated; id = 71367784
Error: error_code = 30; This profile is private; id = 5852584
Error: error_code = 30; This profile is private; id = 7771373
Error: error_code = 30; This profile is private; id = 118173607
Error: error_code = 30; This profile is private; id = 710175955
Error: error_code = 30; This profile is private; id = 469192602
Error: error_code = 30; This profile is private; id = 378233103
Error: error_code = 30; This profile is private; id = 534545301
Error: error_code = 15; Access denied: user deactivated; id = 553749641
Error: error_code = 30; This profile is private; id = 514073095
Error: error_code = 30; This profile is private; id = 403041681
Error: error_code = 30; This profile is private; id = 484351167
Error: error_code = 30; This profile is private; id = 483309227
Error: error_code = 30; This profile is private; id = 708085386
Error: error_code = 30; This profile is private; id = 146688824
Error: error_code = 30; This profile is private; id = 511041947
Error: error_code = 15; Access denied: user deactivated; id = 531757202
Error: error_code = 30; This profile is private; id = 62392422
Error: error_code = 15; Access denied: user deactivated; id = 612117138
Error: error_code = 15; Access denied: user deactivated; id = 80335729
Error: error_code = 30; This profile is private; id = 286376925
Error: error_code = 30; This profile is private; id = 267086583
Error: error_code = 30; This profile is private; id = 293563922
Error: error_code = 15; Access denied: user deactivated; id = 250121163
Error: error_code = 30; This profile is private; id = 6678448
Error: error_code = 30; This profile is private; id = 298332771
Error: error_code = 15; Access denied: user deactivated; id = 179420480
Error: error_code = 15; Access denied: user deactivated; id = 291706042
Error: error_code = 30; This profile is private; id = 639124624
Error: error_code = 30; This profile is private; id = 176623771
Error: error_code = 15; Access denied: user deactivated; id = 481200817
Error: error_code = 30; This profile is private; id = 297494600
Error: error_code = 15; Access denied: user deactivated; id = 515928112
Error: error_code = 30; This profile is private; id = 499582285
Error: error_code = 30; This profile is private; id = 442486527
Error: error_code = 30; This profile is private; id = 295102832
Error: error_code = 30; This profile is private; id = 133251358
Error: error_code = 15; Access denied: user deactivated; id = 557755127
Error: error_code = 30; This profile is private; id = 132196819
Error: error_code = 30; This profile is private; id = 581732174
Error: error_code = 15; Access denied: user deactivated; id = 294208170
Error: error_code = 30; This profile is private; id = 319386179
Error: error_code = 30; This profile is private; id = 717882
Error: error_code = 30; This profile is private; id = 426552640
Error: error_code = 30; This profile is private; id = 395018611
Error: error_code = 30; This profile is private; id = 42426067
Error: error_code = 30; This profile is private; id = 211569577
Error: error_code = 15; Access denied: user deactivated; id = 403207622
Error: error_code = 30; This profile is private; id = 6185439
Error: error_code = 15; Access denied: user deactivated; id = 344520214
Error: error_code = 15; Access denied: user deactivated; id = 561306759
Error: error_code = 30; This profile is private; id = 211719191
Error: error_code = 30; This profile is private; id = 76088180
Error: error_code = 30; This profile is private; id = 334378131
Error: error_code = 15; Access denied: user deactivated; id = 80705862
Error: error_code = 15; Access denied: user deactivated; id = 228508427
Error: error_code = 15; Access denied: user deactivated; id = 578943363
Error: error_code = 30; This profile is private; id = 455874779
Error: error_code = 30; This profile is private; id = 265012028
Error: error_code = 15; Access denied: user deactivated; id = 56630228
Error: error_code = 30; This profile is private; id = 100806808
Error: error_code = 30; This profile is private; id = 244912994
Error: error_code = 30; This profile is private; id = 467012314
Error: error_code = 30; This profile is private; id = 605718776
Error: error_code = 30; This profile is private; id = 709757922
Error: error_code = 30; This profile is private; id = 567859674
Error: error_code = 15; Access denied: user deactivated; id = 541129093
Error: error_code = 15; Access denied: user deactivated; id = 433155452
Error: error_code = 30; This profile is private; id = 410686853
Error: error_code = 30; This profile is private; id = 686989178
Error: error_code = 30; This profile is private; id = 615628989
Error: error_code = 30; This profile is private; id = 34540999
Error: error_code = 30; This profile is private; id = 400112097
Error: error_code = 15; Access denied: user deactivated; id = 361400423
Error: error_code = 30; This profile is private; id = 405162209
Error: error_code = 30; This profile is private; id = 170471129
Error: error_code = 30; This profile is private; id = 371096976
Error: error_code = 30; This profile is private; id = 559600500
Error: error_code = 15; Access denied: user deactivated; id = 243104797
Error: error_code = 30; This profile is private; id = 696865916
Error: error_code = 15; Access denied: user deactivated; id = 205449801
Error: error_code = 30; This profile is private; id = 158966043
Error: error_code = 30; This profile is private; id = 530817997
Error: error_code = 30; This profile is private; id = 516897883
Error: error_code = 30; This profile is private; id = 1512793
Error: error_code = 30; This profile is private; id = 663846312
Error: error_code = 30; This profile is private; id = 631864263
Error: error_code = 30; This profile is private; id = 353427487
Error: error_code = 30; This profile is private; id = 276740928
Error: error_code = 15; Access denied: user deactivated; id = 426763927
Error: error_code = 15; Access denied: user deactivated; id = 419479762
Error: error_code = 15; Access denied: user deactivated; id = 219494226
Error: error_code = 30; This profile is private; id = 181587679
Error: error_code = 30; This profile is private; id = 179991921
Error: error_code = 30; This profile is private; id = 697154153
Error: error_code = 30; This profile is private; id = 331939498
Error: error_code = 30; This profile is private; id = 473004053
Error: error_code = 30; This profile is private; id = 369062018
Error: error_code = 30; This profile is private; id = 676855583
Error: error_code = 15; Access denied: user deactivated; id = 322753969
Error: error_code = 15; Access denied: user deactivated; id = 213564581
Error: error_code = 15; Access denied: user deactivated; id = 320805757
Error: error_code = 30; This profile is private; id = 225623914
Error: error_code = 15; Access denied: user deactivated; id = 544945247
Error: error_code = 15; Access denied: user deactivated; id = 178125404
Error: error_code = 15; Access denied: user deactivated; id = 230459297
Error: error_code = 15; Access denied: user deactivated; id = 714547760
Error: error_code = 30; This profile is private; id = 472832476
Error: error_code = 30; This profile is private; id = 646257652
Error: error_code = 15; Access denied: user deactivated; id = 183207729
Error: error_code = 30; This profile is private; id = 551275825
Error: error_code = 30; This profile is private; id = 392628641
Error: error_code = 30; This profile is private; id = 143089108
Error: error_code = 30; This profile is private; id = 47615546
Error: error_code = 30; This profile is private; id = 593170333
Error: error_code = 15; Access denied: user deactivated; id = 206365530
Error: error_code = 30; This profile is private; id = 541124828
Error: error_code = 30; This profile is private; id = 140344985
Error: error_code = 30; This profile is private; id = 190484829
Error: error_code = 30; This profile is private; id = 57791954
Error: error_code = 15; Access denied: user deactivated; id = 444207877
Error: error_code = 30; This profile is private; id = 200821878
Error: error_code = 15; Access denied: user deactivated; id = 412650260
Error: error_code = 30; This profile is private; id = 524130694
Error: error_code = 15; Access denied: user deactivated; id = 155249785
Error: error_code = 15; Access denied: user deactivated; id = 335873550
Error: error_code = 30; This profile is private; id = 132360008
Error: error_code = 15; Access denied: user deactivated; id = 561949769
Error: error_code = 15; Access denied: user deactivated; id = 533478951
Error: error_code = 30; This profile is private; id = 409275623
Error: error_code = 30; This profile is private; id = 599083593
Error: error_code = 30; This profile is private; id = 520369062
Error: error_code = 30; This profile is private; id = 495787728
Error: error_code = 30; This profile is private; id = 462995929
Error: error_code = 30; This profile is private; id = 607350327
Error: error_code = 30; This profile is private; id = 326735234
Error: error_code = 15; Access denied: user deactivated; id = 227532405
Error: error_code = 15; Access denied: user deactivated; id = 444985357
Error: error_code = 30; This profile is private; id = 573958845
Error: error_code = 30; This profile is private; id = 402366408
Error: error_code = 15; Access denied: user deactivated; id = 418739854
Error: error_code = 30; This profile is private; id = 5097837
Error: error_code = 15; Access denied: user deactivated; id = 515536373
Error: error_code = 15; Access denied: user deactivated; id = 664877860
Error: error_code = 30; This profile is private; id = 612029097
Error: error_code = 30; This profile is private; id = 347863605
Error: error_code = 15; Access denied: user deactivated; id = 350817863
Error: error_code = 30; This profile is private; id = 214680444
Error: error_code = 15; Access denied: user deactivated; id = 57408088
Error: error_code = 30; This profile is private; id = 58198495
Error: error_code = 30; This profile is private; id = 195424227
Error: error_code = 15; Access denied: user deactivated; id = 204395227
Error: error_code = 15; Access denied: user deactivated; id = 167878673
Error: error_code = 30; This profile is private; id = 299924480
Error: error_code = 30; This profile is private; id = 689678442
Error: error_code = 15; Access denied: user deactivated; id = 529414523
Error: error_code = 30; This profile is private; id = 647667688
Error: error_code = 30; This profile is private; id = 50873394
Error: error_code = 30; This profile is private; id = 367869000
Error: error_code = 30; This profile is private; id = 239805300
Error: error_code = 30; This profile is private; id = 676140051
Error: error_code = 30; This profile is private; id = 629111026
Error: error_code = 15; Access denied: user deactivated; id = 143558058
Error: error_code = 30; This profile is private; id = 485529299
Error: error_code = 15; Access denied: user deactivated; id = 1496530
Error: error_code = 30; This profile is private; id = 600047757
Error: error_code = 15; Access denied: user deactivated; id = 417769782
Error: error_code = 30; This profile is private; id = 336523429
Error: error_code = 30; This profile is private; id = 132151485
Error: error_code = 15; Access denied: user deactivated; id = 542989440
Error: error_code = 15; Access denied: user deactivated; id = 97747402
Error: error_code = 30; This profile is private; id = 273923925
Error: error_code = 15; Access denied: user deactivated; id = 153963015
Error: error_code = 15; Access denied: user deactivated; id = 404156022
Error: error_code = 30; This profile is private; id = 190314922
Error: error_code = 15; Access denied: user deactivated; id = 414455457
Error: error_code = 30; This profile is private; id = 715792903
Error: error_code = 30; This profile is private; id = 151751297
Error: error_code = 30; This profile is private; id = 369777067
Error: error_code = 30; This profile is private; id = 416574036
Error: error_code = 30; This profile is private; id = 160959915
Error: error_code = 15; Access denied: user deactivated; id = 140905391
Error: error_code = 15; Access denied: user deactivated; id = 403661974
Error: error_code = 15; Access denied: user deactivated; id = 470051335
Error: error_code = 30; This profile is private; id = 6297084
Error: error_code = 30; This profile is private; id = 532541504
Error: error_code = 30; This profile is private; id = 445625454
Error: error_code = 30; This profile is private; id = 304319636
Error: error_code = 15; Access denied: user deactivated; id = 420091239
Error: error_code = 15; Access denied: user deactivated; id = 365995964
Error: error_code = 30; This profile is private; id = 521623966
Error: error_code = 30; This profile is private; id = 69763706
Error: error_code = 30; This profile is private; id = 86391294
Error: error_code = 30; This profile is private; id = 652550956
Error: error_code = 30; This profile is private; id = 623849873
Error: error_code = 15; Access denied: user deactivated; id = 135600427
Error: error_code = 30; This profile is private; id = 710532518
Error: error_code = 30; This profile is private; id = 413260132
Error: error_code = 15; Access denied: user deactivated; id = 401986343
Error: error_code = 30; This profile is private; id = 406612970
Error: error_code = 30; This profile is private; id = 389211500
Error: error_code = 30; This profile is private; id = 635496678
Error: error_code = 15; Access denied: user deactivated; id = 138663028
Error: error_code = 30; This profile is private; id = 557542331
Error: error_code = 30; This profile is private; id = 630114916
Error: error_code = 15; Access denied: user deactivated; id = 538078520
Error: error_code = 30; This profile is private; id = 235303822
Error: error_code = 30; This profile is private; id = 137827314
Error: error_code = 15; Access denied: user deactivated; id = 279027517
Error: error_code = 15; Access denied: user deactivated; id = 164480073
Error: error_code = 30; This profile is private; id = 609954281
Error: error_code = 30; This profile is private; id = 375211926
Error: error_code = 15; Access denied: user deactivated; id = 595008160
Error: error_code = 15; Access denied: user deactivated; id = 287025478
Error: error_code = 15; Access denied: user deactivated; id = 396538922
Error: error_code = 30; This profile is private; id = 711143243
Error: error_code = 30; This profile is private; id = 12122547
Error: error_code = 30; This profile is private; id = 412203387
Error: error_code = 30; This profile is private; id = 344943789
Error: error_code = 30; This profile is private; id = 573942849
Error: error_code = 30; This profile is private; id = 310031558
Error: error_code = 30; This profile is private; id = 32208291
Error: error_code = 30; This profile is private; id = 526537614
Error: error_code = 15; Access denied: user deactivated; id = 286966638
Error: error_code = 15; Access denied: user deactivated; id = 643504881
Error: error_code = 15; Access denied: user deactivated; id = 619728005
Error: error_code = 30; This profile is private; id = 278455422
Error: error_code = 30; This profile is private; id = 171293355
Error: error_code = 30; This profile is private; id = 199371157
Error: error_code = 30; This profile is private; id = 710605476
Error: error_code = 15; Access denied: user deactivated; id = 196383943
Error: error_code = 15; Access denied: user deactivated; id = 203816248
Error: error_code = 30; This profile is private; id = 142186455
Error: error_code = 15; Access denied: user deactivated; id = 527338161
Error: error_code = 30; This profile is private; id = 508096114
Error: error_code = 30; This profile is private; id = 526560299
Error: error_code = 30; This profile is private; id = 382583785
Error: error_code = 30; This profile is private; id = 252272652
Error: error_code = 30; This profile is private; id = 575868689
Error: error_code = 15; Access denied: user deactivated; id = 217536501
Error: error_code = 30; This profile is private; id = 211169514
Error: error_code = 30; This profile is private; id = 49219594
Error: error_code = 30; This profile is private; id = 95555054
Error: error_code = 30; This profile is private; id = 334630794
Error: error_code = 30; This profile is private; id = 577621545
Error: error_code = 30; This profile is private; id = 517994480
Error: error_code = 30; This profile is private; id = 191419323
Error: error_code = 15; Access denied: user deactivated; id = 222726260
Error: error_code = 30; This profile is private; id = 21171171
Error: error_code = 15; Access denied: user deactivated; id = 247680325
Error: error_code = 30; This profile is private; id = 59651029
Error: error_code = 30; This profile is private; id = 364146074
Error: error_code = 30; This profile is private; id = 2473654
Error: error_code = 15; Access denied: user deactivated; id = 354748452
Error: error_code = 30; This profile is private; id = 95659928
Error: error_code = 15; Access denied: user deactivated; id = 198111547
Error: error_code = 30; This profile is private; id = 127423587
Error: error_code = 30; This profile is private; id = 1459549
Error: error_code = 15; Access denied: user deactivated; id = 417944204
Error: error_code = 15; Access denied: user deactivated; id = 400578126
Error: error_code = 15; Access denied: user deactivated; id = 334387200
Error: error_code = 15; Access denied: user deactivated; id = 421110446
Error: error_code = 15; Access denied: user deactivated; id = 644518250
Error: error_code = 30; This profile is private; id = 562329524
Error: error_code = 30; This profile is private; id = 74001928
Error: error_code = 15; Access denied: user deactivated; id = 229460307
Error: error_code = 15; Access denied: user deactivated; id = 695477402
Error: error_code = 30; This profile is private; id = 222774801
Error: error_code = 30; This profile is private; id = 368631291
Error: error_code = 30; This profile is private; id = 691858577
Error: error_code = 30; This profile is private; id = 246388876
Error: error_code = 15; Access denied: user deactivated; id = 303662453
Error: error_code = 30; This profile is private; id = 573467524
Error: error_code = 15; Access denied: user deactivated; id = 510354065
Error: error_code = 30; This profile is private; id = 29065624
Error: error_code = 15; Access denied: user deactivated; id = 264168759
Error: error_code = 30; This profile is private; id = 462497567
Error: error_code = 30; This profile is private; id = 627808211
Error: error_code = 15; Access denied: user deactivated; id = 386022083
Error: error_code = 30; This profile is private; id = 158189195
Error: error_code = 30; This profile is private; id = 162868222
Error: error_code = 15; Access denied: user deactivated; id = 136029078
Error: error_code = 30; This profile is private; id = 95616942
Error: error_code = 30; This profile is private; id = 99203814
Error: error_code = 30; This profile is private; id = 3956628
Error: error_code = 30; This profile is private; id = 577849555
Error: error_code = 30; This profile is private; id = 144313630
Error: error_code = 15; Access denied: user deactivated; id = 331447239
Error: error_code = 15; Access denied: user deactivated; id = 211359220
Error: error_code = 30; This profile is private; id = 468965421
Error: error_code = 30; This profile is private; id = 205457379
Error: error_code = 30; This profile is private; id = 242775006
Error: error_code = 30; This profile is private; id = 1692899
Error: error_code = 30; This profile is private; id = 47847584
Error: error_code = 30; This profile is private; id = 1373501
Error: error_code = 30; This profile is private; id = 700710896
Error: error_code = 30; This profile is private; id = 131667807
Error: error_code = 15; Access denied: user deactivated; id = 226689973
Error: error_code = 15; Access denied: user deactivated; id = 357382805
Error: error_code = 15; Access denied: user deactivated; id = 305957550
Error: error_code = 30; This profile is private; id = 499104528
Error: error_code = 30; This profile is private; id = 155987305
Error: error_code = 30; This profile is private; id = 451157792
Error: error_code = 30; This profile is private; id = 435716022
Error: error_code = 30; This profile is private; id = 83802266
Error: error_code = 30; This profile is private; id = 683786191
Error: error_code = 15; Access denied: user deactivated; id = 22739131
Error: error_code = 15; Access denied: user deactivated; id = 711889456
Error: error_code = 30; This profile is private; id = 163582925
Error: error_code = 15; Access denied: user deactivated; id = 490901356
Error: error_code = 30; This profile is private; id = 35683881
Error: error_code = 30; This profile is private; id = 635993452
Error: error_code = 30; This profile is private; id = 64738946
Error: error_code = 15; Access denied: user deactivated; id = 400448244
Error: error_code = 30; This profile is private; id = 189045546
Error: error_code = 15; Access denied: user deactivated; id = 318664647
Error: error_code = 30; This profile is private; id = 606715583
Error: error_code = 30; This profile is private; id = 23473294
Error: error_code = 30; This profile is private; id = 132805294
Error: error_code = 30; This profile is private; id = 597615295
Error: error_code = 15; Access denied: user deactivated; id = 192468075
Error: error_code = 30; This profile is private; id = 515282026
Error: error_code = 30; This profile is private; id = 680996599
Error: error_code = 30; This profile is private; id = 449124971
Error: error_code = 15; Access denied: user deactivated; id = 364280153
Error: error_code = 15; Access denied: user deactivated; id = 229570150
Error: error_code = 30; This profile is private; id = 249032464
Error: error_code = 30; This profile is private; id = 324181777
Error: error_code = 30; This profile is private; id = 650234768
Error: error_code = 15; Access denied: user deactivated; id = 177071006
Error: error_code = 30; This profile is private; id = 263446377
Error: error_code = 30; This profile is private; id = 687021282
Error: error_code = 30; This profile is private; id = 56284579
Error: error_code = 30; This profile is private; id = 124397709
Error: error_code = 30; This profile is private; id = 675748532
Error: error_code = 15; Access denied: user deactivated; id = 399568585
Error: error_code = 15; Access denied: user deactivated; id = 703565583
Error: error_code = 30; This profile is private; id = 189374924
Error: error_code = 30; This profile is private; id = 11106635
Error: error_code = 15; Access denied: user deactivated; id = 457928578
Error: error_code = 30; This profile is private; id = 488945254
Error: error_code = 15; Access denied: user deactivated; id = 192139034
Error: error_code = 30; This profile is private; id = 65723064
Error: error_code = 30; This profile is private; id = 245490727
Error: error_code = 30; This profile is private; id = 534240310
Error: error_code = 15; Access denied: user deactivated; id = 181371532
Error: error_code = 30; This profile is private; id = 647435728
Error: error_code = 30; This profile is private; id = 680021167
Error: error_code = 30; This profile is private; id = 1261626
Error: error_code = 30; This profile is private; id = 229003163
Error: error_code = 30; This profile is private; id = 133584406
Error: error_code = 30; This profile is private; id = 11002987
Error: error_code = 15; Access denied: user deactivated; id = 427559558
Error: error_code = 30; This profile is private; id = 433654690
Error: error_code = 30; This profile is private; id = 532878228
Error: error_code = 30; This profile is private; id = 36236975
Error: error_code = 30; This profile is private; id = 305675239
Error: error_code = 30; This profile is private; id = 233170048
Error: error_code = 15; Access denied: user deactivated; id = 221089290
Error: error_code = 30; This profile is private; id = 462868075
Error: error_code = 30; This profile is private; id = 363220465
Error: error_code = 15; Access denied: user deactivated; id = 99076339
Error: error_code = 15; Access denied: user deactivated; id = 548977882
Error: error_code = 30; This profile is private; id = 45570698
Error: error_code = 30; This profile is private; id = 119329158
Error: error_code = 30; This profile is private; id = 78746553
Error: error_code = 15; Access denied: user deactivated; id = 396092745
Error: error_code = 30; This profile is private; id = 595963271
Error: error_code = 30; This profile is private; id = 29502100
Error: error_code = 30; This profile is private; id = 179535411
Error: error_code = 30; This profile is private; id = 380489267
Error: error_code = 30; This profile is private; id = 211676901
Error: error_code = 30; This profile is private; id = 369131740
Error: error_code = 30; This profile is private; id = 637320187
Error: error_code = 30; This profile is private; id = 632076446
Error: error_code = 30; This profile is private; id = 431131084
Error: error_code = 30; This profile is private; id = 383487677
Error: error_code = 30; This profile is private; id = 510394007
Error: error_code = 30; This profile is private; id = 476928947
Error: error_code = 30; This profile is private; id = 12785132
Error: error_code = 30; This profile is private; id = 137764649
Error: error_code = 30; This profile is private; id = 480820030
Error: error_code = 30; This profile is private; id = 4438464
Error: error_code = 30; This profile is private; id = 692022447
Error: error_code = 30; This profile is private; id = 516511671
Error: error_code = 30; This profile is private; id = 8333165
Error: error_code = 30; This profile is private; id = 60311943
Error: error_code = 15; Access denied: user deactivated; id = 446233375
Error: error_code = 30; This profile is private; id = 439790164
Error: error_code = 30; This profile is private; id = 5902772
Error: error_code = 30; This profile is private; id = 304364791
Error: error_code = 30; This profile is private; id = 17547380
Error: error_code = 30; This profile is private; id = 34561634
Error: error_code = 30; This profile is private; id = 304514728
Error: error_code = 30; This profile is private; id = 563215077
Error: error_code = 30; This profile is private; id = 145445097
Error: error_code = 15; Access denied: user deactivated; id = 265012239
Error: error_code = 15; Access denied: user deactivated; id = 703001068
Error: error_code = 15; Access denied: user deactivated; id = 16831502
Error: error_code = 30; This profile is private; id = 159176848
Error: error_code = 30; This profile is private; id = 370686111
Error: error_code = 30; This profile is private; id = 498469820
Error: error_code = 30; This profile is private; id = 410928749
Error: error_code = 30; This profile is private; id = 49527061
Error: error_code = 30; This profile is private; id = 227956264
Error: error_code = 15; Access denied: user deactivated; id = 204462089
Error: error_code = 30; This profile is private; id = 31103244
Error: error_code = 30; This profile is private; id = 581108671
Error: error_code = 30; This profile is private; id = 137512568
Error: error_code = 30; This profile is private; id = 124864455
Error: error_code = 30; This profile is private; id = 702903146
Error: error_code = 15; Access denied: user deactivated; id = 209445773
Error: error_code = 15; Access denied: user deactivated; id = 5930755
Error: error_code = 15; Access denied: user deactivated; id = 34054946
Error: error_code = 30; This profile is private; id = 474354492
Error: error_code = 30; This profile is private; id = 32185746
Error: error_code = 30; This profile is private; id = 603416488
Error: error_code = 30; This profile is private; id = 693067510
Error: error_code = 30; This profile is private; id = 207492681
Error: error_code = 15; Access denied: user deactivated; id = 271025104
Error: error_code = 30; This profile is private; id = 372226761
Error: error_code = 30; This profile is private; id = 660784400
Error: error_code = 30; This profile is private; id = 151368091
Error: error_code = 30; This profile is private; id = 300652440
Error: error_code = 30; This profile is private; id = 196937024
Error: error_code = 30; This profile is private; id = 195097180
Error: error_code = 30; This profile is private; id = 91959291
Error: error_code = 30; This profile is private; id = 398537868
Error: error_code = 30; This profile is private; id = 219757951
Error: error_code = 30; This profile is private; id = 72257024
Error: error_code = 30; This profile is private; id = 43740266
Error: error_code = 30; This profile is private; id = 555063987
Error: error_code = 30; This profile is private; id = 305304517
Error: error_code = 30; This profile is private; id = 309664431
Error: error_code = 30; This profile is private; id = 383525798
Error: error_code = 30; This profile is private; id = 2402884
Error: error_code = 30; This profile is private; id = 657516740
Error: error_code = 30; This profile is private; id = 88476413
Error: error_code = 15; Access denied: user deactivated; id = 159435510
Error: error_code = 15; Access denied: user deactivated; id = 398660203
Error: error_code = 30; This profile is private; id = 581854373
Error: error_code = 15; Access denied: user deactivated; id = 153712644
Error: error_code = 30; This profile is private; id = 568328312
Error: error_code = 30; This profile is private; id = 569068689
Error: error_code = 30; This profile is private; id = 156156170
Error: error_code = 30; This profile is private; id = 135497705
Error: error_code = 30; This profile is private; id = 476772342
Error: error_code = 15; Access denied: user deactivated; id = 531810715
Error: error_code = 30; This profile is private; id = 582277143
Error: error_code = 30; This profile is private; id = 534498033
Error: error_code = 15; Access denied: user deactivated; id = 190045327
Error: error_code = 30; This profile is private; id = 316859771
Error: error_code = 30; This profile is private; id = 29696092
Error: error_code = 15; Access denied: user deactivated; id = 419418517
Error: error_code = 15; Access denied: user deactivated; id = 522007007
Error: error_code = 30; This profile is private; id = 692245725
Error: error_code = 15; Access denied: user deactivated; id = 524592023
Error: error_code = 30; This profile is private; id = 717701755
Error: error_code = 15; Access denied: user deactivated; id = 685171278
Error: error_code = 30; This profile is private; id = 23970514
Error: error_code = 15; Access denied: user deactivated; id = 142271576
Error: error_code = 15; Access denied: user deactivated; id = 347361586
Error: error_code = 30; This profile is private; id = 702590272
Error: error_code = 30; This profile is private; id = 145264863
Error: error_code = 30; This profile is private; id = 576830514
Error: error_code = 30; This profile is private; id = 392612211
Error: error_code = 15; Access denied: user deactivated; id = 283108578
Error: error_code = 15; Access denied: user deactivated; id = 648332978
Error: error_code = 15; Access denied: user deactivated; id = 165274771
Error: error_code = 30; This profile is private; id = 466353811
Error: error_code = 15; Access denied: user deactivated; id = 182549182
Error: error_code = 30; This profile is private; id = 213178954
Error: error_code = 30; This profile is private; id = 585832066
Error: error_code = 15; Access denied: user deactivated; id = 290516346
Error: error_code = 30; This profile is private; id = 15668732
Error: error_code = 15; Access denied: user deactivated; id = 371649851
Error: error_code = 15; Access denied: user deactivated; id = 582343237
Error: error_code = 30; This profile is private; id = 676394651
Error: error_code = 30; This profile is private; id = 232176444
Error: error_code = 30; This profile is private; id = 304779972
Error: error_code = 15; Access denied: user deactivated; id = 221463268
Error: error_code = 30; This profile is private; id = 438345932
Error: error_code = 30; This profile is private; id = 164614348
Error: error_code = 30; This profile is private; id = 419777728
Error: error_code = 15; Access denied: user deactivated; id = 364003507
Error: error_code = 30; This profile is private; id = 50336866
Error: error_code = 30; This profile is private; id = 92962341
Error: error_code = 15; Access denied: user deactivated; id = 355393308
Error: error_code = 30; This profile is private; id = 22762652
Error: error_code = 15; Access denied: user deactivated; id = 277085376
Error: error_code = 15; Access denied: user deactivated; id = 422183370
Error: error_code = 15; Access denied: user deactivated; id = 206279897
Error: error_code = 15; Access denied: user deactivated; id = 432880162
Error: error_code = 15; Access denied: user deactivated; id = 207881535
Error: error_code = 15; Access denied: user deactivated; id = 525584685
Error: error_code = 30; This profile is private; id = 518200900
Error: error_code = 30; This profile is private; id = 16412271
Error: error_code = 30; This profile is private; id = 7842895
Error: error_code = 30; This profile is private; id = 450460670
Error: error_code = 30; This profile is private; id = 242508983
Error: error_code = 30; This profile is private; id = 226255274
Error: error_code = 15; Access denied: user deactivated; id = 442324859
Error: error_code = 30; This profile is private; id = 687774596
Error: error_code = 15; Access denied: user deactivated; id = 590069703
Error: error_code = 30; This profile is private; id = 320470665
Error: error_code = 15; Access denied: user deactivated; id = 228137635
Error: error_code = 30; This profile is private; id = 507323004
Error: error_code = 30; This profile is private; id = 275139430
Error: error_code = 15; Access denied: user deactivated; id = 173369352
Error: error_code = 30; This profile is private; id = 618774002
Error: error_code = 30; This profile is private; id = 101636159
Error: error_code = 15; Access denied: user deactivated; id = 400489154
Error: error_code = 15; Access denied: user deactivated; id = 261695124
Error: error_code = 30; This profile is private; id = 618538072
Error: error_code = 15; Access denied: user deactivated; id = 220008314
Error: error_code = 30; This profile is private; id = 674350710
Error: error_code = 30; This profile is private; id = 25436515
Error: error_code = 30; This profile is private; id = 360532400
Error: error_code = 30; This profile is private; id = 7501015
Error: error_code = 30; This profile is private; id = 275910515
Error: error_code = 30; This profile is private; id = 224014218
Error: error_code = 30; This profile is private; id = 621594832
Error: error_code = 30; This profile is private; id = 314938455
Error: error_code = 15; Access denied: user deactivated; id = 347645218
Error: error_code = 30; This profile is private; id = 164661549
Error: error_code = 15; Access denied: user deactivated; id = 363396394
Error: error_code = 30; This profile is private; id = 364668479
Error: error_code = 30; This profile is private; id = 335404719
Error: error_code = 30; This profile is private; id = 202353896
Error: error_code = 15; Access denied: user deactivated; id = 423521841
Error: error_code = 15; Access denied: user deactivated; id = 230561682
Error: error_code = 15; Access denied: user deactivated; id = 155099979
Error: error_code = 30; This profile is private; id = 33572094
Error: error_code = 30; This profile is private; id = 20290187
Error: error_code = 15; Access denied: user deactivated; id = 147550244
Error: error_code = 15; Access denied: user deactivated; id = 142873435
Error: error_code = 30; This profile is private; id = 54406692
Error: error_code = 30; This profile is private; id = 171760104
Error: error_code = 30; This profile is private; id = 162111536
Error: error_code = 30; This profile is private; id = 187430030
Error: error_code = 30; This profile is private; id = 514781073
Error: error_code = 30; This profile is private; id = 230439463
Error: error_code = 15; Access denied: user deactivated; id = 141886964
Error: error_code = 15; Access denied: user deactivated; id = 209460836
Error: error_code = 30; This profile is private; id = 284758934
Error: error_code = 30; This profile is private; id = 77892556
Error: error_code = 30; This profile is private; id = 310421125
Error: error_code = 30; This profile is private; id = 506653377
Error: error_code = 30; This profile is private; id = 593729368
Error: error_code = 30; This profile is private; id = 225058381
Error: error_code = 15; Access denied: user deactivated; id = 233593730
Error: error_code = 15; Access denied: user deactivated; id = 702558610
Error: error_code = 30; This profile is private; id = 448465411
Error: error_code = 15; Access denied: user deactivated; id = 72938755
Error: error_code = 30; This profile is private; id = 149124830
Error: error_code = 30; This profile is private; id = 435513549
Error: error_code = 30; This profile is private; id = 487399151
Error: error_code = 30; This profile is private; id = 16044372
Error: error_code = 15; Access denied: user deactivated; id = 693059789
Error: error_code = 30; This profile is private; id = 303559058
Error: error_code = 30; This profile is private; id = 232967655
Error: error_code = 30; This profile is private; id = 315779564
Error: error_code = 15; Access denied: user deactivated; id = 157360563
Error: error_code = 30; This profile is private; id = 40197276
Error: error_code = 30; This profile is private; id = 468821267
Error: error_code = 30; This profile is private; id = 152921147
Error: error_code = 30; This profile is private; id = 57423094
Error: error_code = 30; This profile is private; id = 148058851
Error: error_code = 30; This profile is private; id = 661022616
Error: error_code = 30; This profile is private; id = 317690898
Error: error_code = 30; This profile is private; id = 495681406
Error: error_code = 30; This profile is private; id = 383983241
Error: error_code = 30; This profile is private; id = 45553181
Error: error_code = 30; This profile is private; id = 484664775
Error: error_code = 15; Access denied: user deactivated; id = 129361055
Error: error_code = 30; This profile is private; id = 418936810
Error: error_code = 15; Access denied: user deactivated; id = 413101677
Error: error_code = 30; This profile is private; id = 458706693
Error: error_code = 30; This profile is private; id = 341392949
Error: error_code = 30; This profile is private; id = 591445958
Error: error_code = 30; This profile is private; id = 647109691
Error: error_code = 30; This profile is private; id = 191214290
Error: error_code = 30; This profile is private; id = 481103415
Error: error_code = 30; This profile is private; id = 278122629
Error: error_code = 30; This profile is private; id = 77916
Error: error_code = 30; This profile is private; id = 3390949
Error: error_code = 30; This profile is private; id = 322924812
Error: error_code = 15; Access denied: user deactivated; id = 466793009
Error: error_code = 30; This profile is private; id = 131505335
Error: error_code = 30; This profile is private; id = 621031780
Error: error_code = 15; Access denied: user deactivated; id = 354171231
Error: error_code = 30; This profile is private; id = 249400055
Error: error_code = 30; This profile is private; id = 401070600
Error: error_code = 30; This profile is private; id = 207272979
Error: error_code = 30; This profile is private; id = 543596395
Error: error_code = 30; This profile is private; id = 697442722
Error: error_code = 15; Access denied: user deactivated; id = 569195730
Error: error_code = 15; Access denied: user deactivated; id = 201121089
Error: error_code = 30; This profile is private; id = 493099200
Error: error_code = 15; Access denied: user deactivated; id = 304292927
Error: error_code = 30; This profile is private; id = 33634368
Error: error_code = 30; This profile is private; id = 87468307
Error: error_code = 30; This profile is private; id = 431254026
Error: error_code = 15; Access denied: user deactivated; id = 411339225
Error: error_code = 30; This profile is private; id = 558255760
Error: error_code = 30; This profile is private; id = 636931853
Error: error_code = 15; Access denied: user deactivated; id = 201166544
Error: error_code = 30; This profile is private; id = 474113357
Error: error_code = 30; This profile is private; id = 322353121
Error: error_code = 30; This profile is private; id = 376832265
Error: error_code = 30; This profile is private; id = 440602301
Error: error_code = 30; This profile is private; id = 39047081
Error: error_code = 15; Access denied: user deactivated; id = 169000255
Error: error_code = 15; Access denied: user deactivated; id = 528163068
Error: error_code = 30; This profile is private; id = 53561633
Error: error_code = 30; This profile is private; id = 296176272
Error: error_code = 30; This profile is private; id = 133176541
Error: error_code = 15; Access denied: user deactivated; id = 529038881
Error: error_code = 30; This profile is private; id = 696883894
Error: error_code = 30; This profile is private; id = 580091701
Error: error_code = 15; Access denied: user deactivated; id = 431496533
Error: error_code = 15; Access denied: user deactivated; id = 230100879
Error: error_code = 15; Access denied: user deactivated; id = 477707137
Error: error_code = 30; This profile is private; id = 196728013
Error: error_code = 15; Access denied: user deactivated; id = 230497656
Error: error_code = 30; This profile is private; id = 647068321
Error: error_code = 15; Access denied: user deactivated; id = 669595426
Error: error_code = 15; Access denied: user deactivated; id = 497042
Error: error_code = 30; This profile is private; id = 221962523
Error: error_code = 30; This profile is private; id = 425326333
Error: error_code = 15; Access denied: user deactivated; id = 474090986
Error: error_code = 30; This profile is private; id = 244556553
Error: error_code = 30; This profile is private; id = 271050556
Error: error_code = 30; This profile is private; id = 138753780
Error: error_code = 30; This profile is private; id = 346965669
Error: error_code = 30; This profile is private; id = 25472633
Error: error_code = 15; Access denied: user deactivated; id = 141244429
Error: error_code = 30; This profile is private; id = 694662873
Error: error_code = 15; Access denied: user deactivated; id = 280215217
Error: error_code = 15; Access denied: user deactivated; id = 376199221
Error: error_code = 15; Access denied: user deactivated; id = 386212433
Error: error_code = 30; This profile is private; id = 600448639
Error: error_code = 15; Access denied: user deactivated; id = 8973535
Error: error_code = 30; This profile is private; id = 617966453
Error: error_code = 15; Access denied: user deactivated; id = 55610686
Error: error_code = 30; This profile is private; id = 618924419
Error: error_code = 30; This profile is private; id = 710163150
Error: error_code = 30; This profile is private; id = 594524996
Error: error_code = 30; This profile is private; id = 520453667
Error: error_code = 30; This profile is private; id = 499699343
Error: error_code = 30; This profile is private; id = 188853086
Error: error_code = 30; This profile is private; id = 217374483
Error: error_code = 30; This profile is private; id = 406573489
Error: error_code = 15; Access denied: user deactivated; id = 365373347
Error: error_code = 15; Access denied: user deactivated; id = 573777087
Error: error_code = 30; This profile is private; id = 298656323
Error: error_code = 30; This profile is private; id = 171783309
Error: error_code = 15; Access denied: user deactivated; id = 145381487
Error: error_code = 30; This profile is private; id = 650700439
Error: error_code = 30; This profile is private; id = 160698921
Error: error_code = 30; This profile is private; id = 48251845
Error: error_code = 30; This profile is private; id = 409454110
Error: error_code = 30; This profile is private; id = 551978758
Error: error_code = 15; Access denied: user deactivated; id = 645246568
Error: error_code = 15; Access denied: user deactivated; id = 434283002
Error: error_code = 15; Access denied: user deactivated; id = 427133801
Error: error_code = 15; Access denied: user deactivated; id = 619781763
Error: error_code = 30; This profile is private; id = 145009015
Error: error_code = 30; This profile is private; id = 264714453
Error: error_code = 30; This profile is private; id = 566430488
Error: error_code = 15; Access denied: user deactivated; id = 529955115
Error: error_code = 15; Access denied: user deactivated; id = 220594774
Error: error_code = 30; This profile is private; id = 29103762
Error: error_code = 30; This profile is private; id = 55493964
Error: error_code = 15; Access denied: user deactivated; id = 3349186
Error: error_code = 15; Access denied: user deactivated; id = 7827134
Error: error_code = 30; This profile is private; id = 236908728
Error: error_code = 30; This profile is private; id = 339620393
Error: error_code = 30; This profile is private; id = 220869419
Error: error_code = 15; Access denied: user deactivated; id = 256296507
Error: error_code = 15; Access denied: user deactivated; id = 209370241
Error: error_code = 30; This profile is private; id = 408678857
Error: error_code = 15; Access denied: user deactivated; id = 469232046
Error: error_code = 30; This profile is private; id = 122380911
Error: error_code = 30; This profile is private; id = 446320258
Error: error_code = 30; This profile is private; id = 676687433
Error: error_code = 30; This profile is private; id = 548623242
Error: error_code = 30; This profile is private; id = 681354
Error: error_code = 30; This profile is private; id = 371102770
Error: error_code = 30; This profile is private; id = 336971837
Error: error_code = 30; This profile is private; id = 534403600
Error: error_code = 15; Access denied: user deactivated; id = 655719067
Error: error_code = 30; This profile is private; id = 598832746
Error: error_code = 30; This profile is private; id = 250876406
Error: error_code = 15; Access denied: user deactivated; id = 340655586
Error: error_code = 15; Access denied: user deactivated; id = 28778987
Error: error_code = 30; This profile is private; id = 223427798
Error: error_code = 15; Access denied: user deactivated; id = 526298677
Error: error_code = 30; This profile is private; id = 231029962
Error: error_code = 30; This profile is private; id = 23687865
Error: error_code = 30; This profile is private; id = 9667146
Error: error_code = 15; Access denied: user deactivated; id = 126103477
Error: error_code = 30; This profile is private; id = 140642711
Error: error_code = 30; This profile is private; id = 38958967
Error: error_code = 30; This profile is private; id = 334011908
Error: error_code = 15; Access denied: user deactivated; id = 435594620
Error: error_code = 15; Access denied: user deactivated; id = 628474895
Error: error_code = 30; This profile is private; id = 514914602
Error: error_code = 30; This profile is private; id = 359027136
Error: error_code = 30; This profile is private; id = 127309589
Error: error_code = 30; This profile is private; id = 95004605
Error: error_code = 15; Access denied: user deactivated; id = 356217115
Error: error_code = 30; This profile is private; id = 69719900
Error: error_code = 30; This profile is private; id = 463354213
Error: error_code = 30; This profile is private; id = 16318394
Error: error_code = 30; This profile is private; id = 599518579
Error: error_code = 30; This profile is private; id = 713749197
Error: error_code = 30; This profile is private; id = 351618729
Error: error_code = 30; This profile is private; id = 45566347
Error: error_code = 30; This profile is private; id = 280574398
Error: error_code = 15; Access denied: user deactivated; id = 257276558
Error: error_code = 15; Access denied: user deactivated; id = 707382580
Error: error_code = 30; This profile is private; id = 58952056
Error: error_code = 30; This profile is private; id = 42331375
Error: error_code = 30; This profile is private; id = 330849248
Error: error_code = 15; Access denied: user deactivated; id = 528601216
Error: error_code = 30; This profile is private; id = 446666999
Error: error_code = 30; This profile is private; id = 546013565
Error: error_code = 30; This profile is private; id = 522918936
Error: error_code = 30; This profile is private; id = 96955611
Error: error_code = 30; This profile is private; id = 73814438
Error: error_code = 15; Access denied: user deactivated; id = 152725603
Error: error_code = 15; Access denied: user deactivated; id = 136063252
Error: error_code = 15; Access denied: user deactivated; id = 421508768
Error: error_code = 30; This profile is private; id = 683202826
Error: error_code = 30; This profile is private; id = 290705934
Error: error_code = 15; Access denied: user deactivated; id = 676587787
Error: error_code = 15; Access denied: user deactivated; id = 20806493
Error: error_code = 30; This profile is private; id = 431761954
Error: error_code = 15; Access denied: user deactivated; id = 539244435
Error: error_code = 15; Access denied: user deactivated; id = 539340794
Error: error_code = 30; This profile is private; id = 382890780
Error: error_code = 15; Access denied: user deactivated; id = 168788759
Error: error_code = 30; This profile is private; id = 25613175
Error: error_code = 15; Access denied: user deactivated; id = 178053138
Error: error_code = 30; This profile is private; id = 93046127
Error: error_code = 30; This profile is private; id = 568615179
Error: error_code = 30; This profile is private; id = 682334174
Error: error_code = 30; This profile is private; id = 301189658
Error: error_code = 30; This profile is private; id = 80718321
Error: error_code = 30; This profile is private; id = 134624374
Error: error_code = 30; This profile is private; id = 517755777
Error: error_code = 30; This profile is private; id = 644085430
Error: error_code = 15; Access denied: user deactivated; id = 369849581
Error: error_code = 30; This profile is private; id = 167238041
Error: error_code = 30; This profile is private; id = 124267800
Error: error_code = 30; This profile is private; id = 227744913
Error: error_code = 30; This profile is private; id = 16309011
Error: error_code = 30; This profile is private; id = 671528956
Error: error_code = 30; This profile is private; id = 58347334
Error: error_code = 30; This profile is private; id = 662393864
Error: error_code = 30; This profile is private; id = 448070580
Error: error_code = 30; This profile is private; id = 337242250
Error: error_code = 15; Access denied: user deactivated; id = 383073807
Error: error_code = 15; Access denied: user deactivated; id = 139046299
Error: error_code = 30; This profile is private; id = 263434591
Error: error_code = 15; Access denied: user deactivated; id = 313610223
Error: error_code = 30; This profile is private; id = 305271389
Error: error_code = 30; This profile is private; id = 4073321
Error: error_code = 30; This profile is private; id = 575735639
Error: error_code = 30; This profile is private; id = 593930894
Error: error_code = 30; This profile is private; id = 4574663
Error: error_code = 15; Access denied: user deactivated; id = 500720853
Error: error_code = 30; This profile is private; id = 165336205
Error: error_code = 15; Access denied: user deactivated; id = 71271699
Error: error_code = 30; This profile is private; id = 436483739
Error: error_code = 30; This profile is private; id = 26445509
Error: error_code = 30; This profile is private; id = 591368476
Error: error_code = 15; Access denied: user deactivated; id = 360540086
Error: error_code = 30; This profile is private; id = 275220376
Error: error_code = 30; This profile is private; id = 709245280
Error: error_code = 15; Access denied: user deactivated; id = 391370530
Error: error_code = 30; This profile is private; id = 247847206
Error: error_code = 30; This profile is private; id = 6437423
Error: error_code = 30; This profile is private; id = 533196597
Error: error_code = 15; Access denied: user deactivated; id = 391567448
Error: error_code = 15; Access denied: user deactivated; id = 451574511
Error: error_code = 15; Access denied: user deactivated; id = 517127314
Error: error_code = 15; Access denied: user deactivated; id = 706055692
Error: error_code = 30; This profile is private; id = 542959938
Error: error_code = 30; This profile is private; id = 368525424
Error: error_code = 15; Access denied: user deactivated; id = 542095100
Error: error_code = 30; This profile is private; id = 162275807
Error: error_code = 30; This profile is private; id = 219593526
Error: error_code = 30; This profile is private; id = 514846513
Error: error_code = 30; This profile is private; id = 22511373
Error: error_code = 30; This profile is private; id = 517699004
Error: error_code = 30; This profile is private; id = 566609846
Error: error_code = 15; Access denied: user deactivated; id = 672229944
Error: error_code = 15; Access denied: user deactivated; id = 403889624
Error: error_code = 30; This profile is private; id = 25276870
Error: error_code = 30; This profile is private; id = 503547524
Error: error_code = 15; Access denied: user deactivated; id = 479322119
Error: error_code = 15; Access denied: user deactivated; id = 683146785
Error: error_code = 30; This profile is private; id = 107484859
Error: error_code = 30; This profile is private; id = 664509026
Error: error_code = 30; This profile is private; id = 422699078
Error: error_code = 15; Access denied: user deactivated; id = 400142210
Error: error_code = 30; This profile is private; id = 82500761
Error: error_code = 30; This profile is private; id = 277157018
Error: error_code = 30; This profile is private; id = 704440484
Error: error_code = 30; This profile is private; id = 18861391
Error: error_code = 15; Access denied: user deactivated; id = 348676967
Error: error_code = 15; Access denied: user deactivated; id = 172835965
Error: error_code = 30; This profile is private; id = 680949216
Error: error_code = 30; This profile is private; id = 11199563
Error: error_code = 15; Access denied: user deactivated; id = 408893555
Error: error_code = 30; This profile is private; id = 428819913
Error: error_code = 30; This profile is private; id = 564768310
Error: error_code = 30; This profile is private; id = 574098931
Error: error_code = 30; This profile is private; id = 616555082
Error: error_code = 15; Access denied: user deactivated; id = 226343599
Error: error_code = 15; Access denied: user deactivated; id = 277477281
Error: error_code = 15; Access denied: user deactivated; id = 164814854
Error: error_code = 30; This profile is private; id = 561083809
Error: error_code = 30; This profile is private; id = 658581529
Error: error_code = 30; This profile is private; id = 96632468
Error: error_code = 30; This profile is private; id = 449155399
Error: error_code = 30; This profile is private; id = 219555716
Error: error_code = 15; Access denied: user deactivated; id = 167718031
Error: error_code = 30; This profile is private; id = 508903757
Error: error_code = 30; This profile is private; id = 200979896
Error: error_code = 30; This profile is private; id = 215057383
Error: error_code = 15; Access denied: user deactivated; id = 209420834
Error: error_code = 30; This profile is private; id = 172992072
Error: error_code = 30; This profile is private; id = 309021069
Error: error_code = 30; This profile is private; id = 164403060
Error: error_code = 30; This profile is private; id = 385568493
Error: error_code = 30; This profile is private; id = 577493797
Error: error_code = 30; This profile is private; id = 64226013
Error: error_code = 30; This profile is private; id = 143887667
Error: error_code = 15; Access denied: user deactivated; id = 158020134
Error: error_code = 30; This profile is private; id = 701511092
Error: error_code = 30; This profile is private; id = 148053333
Error: error_code = 15; Access denied: user deactivated; id = 218226983
Error: error_code = 15; Access denied: user deactivated; id = 415350302
Error: error_code = 30; This profile is private; id = 279918819
Error: error_code = 15; Access denied: user deactivated; id = 18505475
Error: error_code = 30; This profile is private; id = 708167700
Error: error_code = 15; Access denied: user deactivated; id = 441225261
Error: error_code = 30; This profile is private; id = 37604620
Error: error_code = 30; This profile is private; id = 465786030
Error: error_code = 15; Access denied: user deactivated; id = 452280104
Error: error_code = 30; This profile is private; id = 668668160
Error: error_code = 30; This profile is private; id = 595478960
Error: error_code = 30; This profile is private; id = 200448611
Error: error_code = 30; This profile is private; id = 233959247
Error: error_code = 30; This profile is private; id = 153610246
Error: error_code = 15; Access denied: user deactivated; id = 398471972
Error: error_code = 30; This profile is private; id = 349425207
Error: error_code = 15; Access denied: user deactivated; id = 702888209
Error: error_code = 15; Access denied: user deactivated; id = 29097383
Error: error_code = 30; This profile is private; id = 161569476
Error: error_code = 30; This profile is private; id = 512225258
Error: error_code = 30; This profile is private; id = 25647483
Error: error_code = 30; This profile is private; id = 536029734
Error: error_code = 15; Access denied: user deactivated; id = 356989194
Error: error_code = 15; Access denied: user deactivated; id = 357064235
Error: error_code = 30; This profile is private; id = 585290392
Error: error_code = 15; Access denied: user deactivated; id = 545363973
Error: error_code = 30; This profile is private; id = 289323800
Error: error_code = 30; This profile is private; id = 5198921
Error: error_code = 15; Access denied: user deactivated; id = 223325705
Error: error_code = 30; This profile is private; id = 40968892
Error: error_code = 30; This profile is private; id = 348736995
Error: error_code = 30; This profile is private; id = 265024136
Error: error_code = 30; This profile is private; id = 600518726
Error: error_code = 30; This profile is private; id = 529679475
Error: error_code = 30; This profile is private; id = 347559061
Error: error_code = 15; Access denied: user deactivated; id = 313857323
Error: error_code = 30; This profile is private; id = 76849067
Error: error_code = 15; Access denied: user deactivated; id = 296993982
Error: error_code = 30; This profile is private; id = 121713362
Error: error_code = 30; This profile is private; id = 710175658
Error: error_code = 30; This profile is private; id = 9126498
Error: error_code = 15; Access denied: user deactivated; id = 275097373
Error: error_code = 30; This profile is private; id = 948508
Error: error_code = 15; Access denied: user deactivated; id = 406273483
Error: error_code = 30; This profile is private; id = 20566957
Error: error_code = 30; This profile is private; id = 138216378
Error: error_code = 30; This profile is private; id = 163209802
Error: error_code = 15; Access denied: user deactivated; id = 8985128
Error: error_code = 15; Access denied: user deactivated; id = 447198646
Error: error_code = 15; Access denied: user deactivated; id = 508589578
Error: error_code = 30; This profile is private; id = 388414767
Error: error_code = 30; This profile is private; id = 63193455
Error: error_code = 30; This profile is private; id = 201787986
Error: error_code = 30; This profile is private; id = 292477224
Error: error_code = 30; This profile is private; id = 559989632
Error: error_code = 15; Access denied: user deactivated; id = 363936115
Error: error_code = 30; This profile is private; id = 83181764
Error: error_code = 15; Access denied: user deactivated; id = 124792397
Error: error_code = 15; Access denied: user deactivated; id = 25684647
Error: error_code = 30; This profile is private; id = 192239573
Error: error_code = 15; Access denied: user deactivated; id = 378781574
Error: error_code = 30; This profile is private; id = 642127194
Error: error_code = 15; Access denied: user deactivated; id = 223952898
Error: error_code = 15; Access denied: user deactivated; id = 456654852
Error: error_code = 30; This profile is private; id = 95938696
Error: error_code = 30; This profile is private; id = 11719727
Error: error_code = 15; Access denied: user deactivated; id = 665017870
Error: error_code = 15; Access denied: user deactivated; id = 256771881
Error: error_code = 15; Access denied: user deactivated; id = 355926115
Error: error_code = 30; This profile is private; id = 132515061
Error: error_code = 30; This profile is private; id = 555813614
Error: error_code = 30; This profile is private; id = 607152529
Error: error_code = 30; This profile is private; id = 329637722
Error: error_code = 30; This profile is private; id = 65325136
Error: error_code = 30; This profile is private; id = 558136043
Error: error_code = 30; This profile is private; id = 687590303
Error: error_code = 15; Access denied: user deactivated; id = 324020458
Error: error_code = 30; This profile is private; id = 697639266
Error: error_code = 15; Access denied: user deactivated; id = 599094063
Error: error_code = 30; This profile is private; id = 377070231
Error: error_code = 30; This profile is private; id = 256799018
Error: error_code = 30; This profile is private; id = 398953772
Error: error_code = 30; This profile is private; id = 497520915
Error: error_code = 30; This profile is private; id = 556830466
Error: error_code = 30; This profile is private; id = 575908976
Error: error_code = 30; This profile is private; id = 615813127
Error: error_code = 30; This profile is private; id = 6107375
Error: error_code = 30; This profile is private; id = 88971277
Error: error_code = 30; This profile is private; id = 405762302
Error: error_code = 30; This profile is private; id = 166956317
Error: error_code = 30; This profile is private; id = 464183033
Error: error_code = 30; This profile is private; id = 360455319
Error: error_code = 15; Access denied: user deactivated; id = 426629939
Error: error_code = 15; Access denied: user deactivated; id = 404501094
Error: error_code = 30; This profile is private; id = 568918795
Error: error_code = 15; Access denied: user deactivated; id = 219048677
Error: error_code = 15; Access denied: user deactivated; id = 265985481
Error: error_code = 15; Access denied: user deactivated; id = 410912715
Error: error_code = 15; Access denied: user deactivated; id = 211803421
Error: error_code = 30; This profile is private; id = 247596975
Error: error_code = 30; This profile is private; id = 172180625
Error: error_code = 30; This profile is private; id = 30856091
Error: error_code = 30; This profile is private; id = 16714137
Error: error_code = 30; This profile is private; id = 410206812
Error: error_code = 30; This profile is private; id = 62706429
Error: error_code = 30; This profile is private; id = 561544784
Error: error_code = 30; This profile is private; id = 653569013
Error: error_code = 30; This profile is private; id = 15163913
Error: error_code = 15; Access denied: user deactivated; id = 624180631
Error: error_code = 30; This profile is private; id = 166417023
Error: error_code = 15; Access denied: user deactivated; id = 15810121
Error: error_code = 30; This profile is private; id = 343634686
Error: error_code = 15; Access denied: user deactivated; id = 339880473
Error: error_code = 30; This profile is private; id = 168095132
Error: error_code = 15; Access denied: user deactivated; id = 15187419
Error: error_code = 15; Access denied: user deactivated; id = 532358313
Error: error_code = 30; This profile is private; id = 300291066
Error: error_code = 15; Access denied: user deactivated; id = 448219516
Error: error_code = 15; Access denied: user deactivated; id = 402571733
Error: error_code = 15; Access denied: user deactivated; id = 168092049
Error: error_code = 30; This profile is private; id = 658049231
Error: error_code = 15; Access denied: user deactivated; id = 187787438
Error: error_code = 30; This profile is private; id = 594666046
Error: error_code = 15; Access denied: user deactivated; id = 398325841
Error: error_code = 30; This profile is private; id = 658654669
Error: error_code = 15; Access denied: user deactivated; id = 189942389
Error: error_code = 30; This profile is private; id = 580828532
Error: error_code = 15; Access denied: user deactivated; id = 4350979
Error: error_code = 30; This profile is private; id = 381645986
Error: error_code = 30; This profile is private; id = 56654263
Error: error_code = 30; This profile is private; id = 498509741
Error: error_code = 30; This profile is private; id = 30399773
Error: error_code = 30; This profile is private; id = 311143470
Error: error_code = 30; This profile is private; id = 467441715
Error: error_code = 30; This profile is private; id = 435738669
Error: error_code = 30; This profile is private; id = 661374777
Error: error_code = 15; Access denied: user deactivated; id = 710313514
Error: error_code = 30; This profile is private; id = 338173617
Error: error_code = 15; Access denied: user deactivated; id = 423670539
Error: error_code = 30; This profile is private; id = 140706324
Error: error_code = 30; This profile is private; id = 521684297
Error: error_code = 30; This profile is private; id = 676640974
Error: error_code = 30; This profile is private; id = 48826832
Error: error_code = 30; This profile is private; id = 324665967
Error: error_code = 15; Access denied: user deactivated; id = 175545869
Error: error_code = 30; This profile is private; id = 353472961
Error: error_code = 15; Access denied: user deactivated; id = 487565865
Error: error_code = 30; This profile is private; id = 190124903
Error: error_code = 30; This profile is private; id = 365521167
Error: error_code = 30; This profile is private; id = 117153419
Error: error_code = 15; Access denied: user deactivated; id = 565011742
Error: error_code = 30; This profile is private; id = 645700570
Error: error_code = 30; This profile is private; id = 282929616
Error: error_code = 30; This profile is private; id = 213765191
Error: error_code = 15; Access denied: user deactivated; id = 286424314
Error: error_code = 30; This profile is private; id = 592185920
Error: error_code = 30; This profile is private; id = 10604483
Error: error_code = 30; This profile is private; id = 324380550
Error: error_code = 30; This profile is private; id = 81507039
Error: error_code = 30; This profile is private; id = 205902644
Error: error_code = 30; This profile is private; id = 206467804
Error: error_code = 30; This profile is private; id = 589358430
Error: error_code = 30; This profile is private; id = 368441640
Error: error_code = 15; Access denied: user deactivated; id = 9922073
Error: error_code = 30; This profile is private; id = 561271286
Error: error_code = 30; This profile is private; id = 132909981
Error: error_code = 30; This profile is private; id = 465983061
Error: error_code = 15; Access denied: user deactivated; id = 533014064
Error: error_code = 30; This profile is private; id = 687385142
Error: error_code = 30; This profile is private; id = 528780416
Error: error_code = 30; This profile is private; id = 169528221
Error: error_code = 30; This profile is private; id = 659796956
Error: error_code = 30; This profile is private; id = 397179797
Error: error_code = 30; This profile is private; id = 644565707
Error: error_code = 15; Access denied: user deactivated; id = 237794258
Error: error_code = 30; This profile is private; id = 312815495
Error: error_code = 30; This profile is private; id = 256957699
Error: error_code = 30; This profile is private; id = 132953343
Error: error_code = 15; Access denied: user deactivated; id = 75383851
Error: error_code = 30; This profile is private; id = 460886555
Error: error_code = 30; This profile is private; id = 519400822
Error: error_code = 30; This profile is private; id = 397339337
Error: error_code = 15; Access denied: user deactivated; id = 54220894
Error: error_code = 30; This profile is private; id = 243296966
Error: error_code = 15; Access denied: user deactivated; id = 620573823
Error: error_code = 30; This profile is private; id = 165968652
Error: error_code = 15; Access denied: user deactivated; id = 427026365
Error: error_code = 15; Access denied: user deactivated; id = 415589549
Error: error_code = 15; Access denied: user deactivated; id = 554073314
Error: error_code = 15; Access denied: user deactivated; id = 183191306
Error: error_code = 30; This profile is private; id = 588216307
Error: error_code = 30; This profile is private; id = 153476556
Error: error_code = 30; This profile is private; id = 561875347
Error: error_code = 15; Access denied: user deactivated; id = 18847865
Error: error_code = 30; This profile is private; id = 361672536
Error: error_code = 15; Access denied: user deactivated; id = 146370844
Error: error_code = 15; Access denied: user deactivated; id = 553777919
Error: error_code = 30; This profile is private; id = 142907151
Error: error_code = 15; Access denied: user deactivated; id = 214299285
Error: error_code = 30; This profile is private; id = 484566758
Error: error_code = 30; This profile is private; id = 684586652
Error: error_code = 30; This profile is private; id = 197349869
Error: error_code = 15; Access denied: user deactivated; id = 219878751
Error: error_code = 30; This profile is private; id = 619646145
Error: error_code = 15; Access denied: user deactivated; id = 200281917
Error: error_code = 30; This profile is private; id = 15231514
Error: error_code = 30; This profile is private; id = 91481866
Error: error_code = 30; This profile is private; id = 561315898
Error: error_code = 30; This profile is private; id = 445664415
Error: error_code = 30; This profile is private; id = 322261162
Error: error_code = 15; Access denied: user deactivated; id = 363989692
Error: error_code = 30; This profile is private; id = 39120537
Error: error_code = 30; This profile is private; id = 41234152
Error: error_code = 30; This profile is private; id = 10360884
Error: error_code = 30; This profile is private; id = 151427095
Error: error_code = 30; This profile is private; id = 390006944
Error: error_code = 15; Access denied: user deactivated; id = 409164984
Error: error_code = 30; This profile is private; id = 59270501
Error: error_code = 30; This profile is private; id = 132349095
Error: error_code = 15; Access denied: user deactivated; id = 416127758
Error: error_code = 30; This profile is private; id = 99186623
Error: error_code = 30; This profile is private; id = 185187976
Error: error_code = 15; Access denied: user deactivated; id = 683817219
Error: error_code = 15; Access denied: user deactivated; id = 399855346
Error: error_code = 15; Access denied: user deactivated; id = 186783321
Error: error_code = 30; This profile is private; id = 305414536
Error: error_code = 15; Access denied: user deactivated; id = 546252196
Error: error_code = 30; This profile is private; id = 633152079
Error: error_code = 30; This profile is private; id = 526500666
Error: error_code = 30; This profile is private; id = 326312836
Error: error_code = 30; This profile is private; id = 340230178
Error: error_code = 30; This profile is private; id = 250762399
Error: error_code = 30; This profile is private; id = 139374551
Error: error_code = 15; Access denied: user deactivated; id = 522500205
Error: error_code = 30; This profile is private; id = 115702859
Error: error_code = 30; This profile is private; id = 746659
Error: error_code = 30; This profile is private; id = 431532947
Error: error_code = 15; Access denied: user deactivated; id = 493491710
Error: error_code = 15; Access denied: user deactivated; id = 666492795
Error: error_code = 30; This profile is private; id = 32380284
Error: error_code = 30; This profile is private; id = 299842358
Error: error_code = 15; Access denied: user deactivated; id = 557517183
Error: error_code = 30; This profile is private; id = 675957098
Error: error_code = 30; This profile is private; id = 545973062
Error: error_code = 15; Access denied: user deactivated; id = 456760441
Error: error_code = 30; This profile is private; id = 521341731
Error: error_code = 30; This profile is private; id = 608494484
Error: error_code = 15; Access denied: user deactivated; id = 133555290
Error: error_code = 30; This profile is private; id = 366903253
Error: error_code = 15; Access denied: user deactivated; id = 705656381
Error: error_code = 30; This profile is private; id = 407919278
Error: error_code = 15; Access denied: user deactivated; id = 239019309
Error: error_code = 15; Access denied: user deactivated; id = 659754808
Error: error_code = 30; This profile is private; id = 466759231
Error: error_code = 30; This profile is private; id = 17811470
Error: error_code = 15; Access denied: user deactivated; id = 642766332
Error: error_code = 30; This profile is private; id = 299579790
Error: error_code = 30; This profile is private; id = 273162466
Error: error_code = 30; This profile is private; id = 565123793
Error: error_code = 15; Access denied: user deactivated; id = 64526612
Error: error_code = 15; Access denied: user deactivated; id = 301808470
Error: error_code = 15; Access denied: user deactivated; id = 231457854
Error: error_code = 30; This profile is private; id = 281067449
Error: error_code = 30; This profile is private; id = 210829934
Error: error_code = 30; This profile is private; id = 492272664
Error: error_code = 30; This profile is private; id = 691634046
Error: error_code = 30; This profile is private; id = 596059562
Error: error_code = 15; Access denied: user deactivated; id = 29530020
Error: error_code = 15; Access denied: user deactivated; id = 220577384
Error: error_code = 15; Access denied: user deactivated; id = 195376874
Error: error_code = 15; Access denied: user deactivated; id = 138171812
Error: error_code = 30; This profile is private; id = 434145848
Error: error_code = 15; Access denied: user deactivated; id = 390276823
Error: error_code = 30; This profile is private; id = 9820227
Error: error_code = 30; This profile is private; id = 196501864
Error: error_code = 15; Access denied: user deactivated; id = 430554083
Error: error_code = 30; This profile is private; id = 123516159
Error: error_code = 30; This profile is private; id = 33827785
Error: error_code = 30; This profile is private; id = 464812556
Error: error_code = 30; This profile is private; id = 361565248
Error: error_code = 30; This profile is private; id = 167309050
Error: error_code = 30; This profile is private; id = 169003142
Error: error_code = 30; This profile is private; id = 46365230
Error: error_code = 15; Access denied: user deactivated; id = 353333986
Error: error_code = 30; This profile is private; id = 27162342
Error: error_code = 30; This profile is private; id = 238412964
Error: error_code = 30; This profile is private; id = 537835776
Error: error_code = 30; This profile is private; id = 358544062
Error: error_code = 30; This profile is private; id = 315769303
Error: error_code = 30; This profile is private; id = 268670488
Error: error_code = 30; This profile is private; id = 50630775
Error: error_code = 30; This profile is private; id = 507686617
Error: error_code = 15; Access denied: user deactivated; id = 302338529
Error: error_code = 30; This profile is private; id = 506170664
Error: error_code = 30; This profile is private; id = 391603123
Error: error_code = 30; This profile is private; id = 417718607
Error: error_code = 30; This profile is private; id = 18190326
Error: error_code = 30; This profile is private; id = 71367549
Error: error_code = 30; This profile is private; id = 143960637
Error: error_code = 30; This profile is private; id = 102542146
Error: error_code = 15; Access denied: user deactivated; id = 82815888
Error: error_code = 30; This profile is private; id = 368437926
Error: error_code = 15; Access denied: user deactivated; id = 438876683
Error: error_code = 30; This profile is private; id = 535307575
Error: error_code = 30; This profile is private; id = 600088555
Error: error_code = 15; Access denied: user deactivated; id = 503158895
Error: error_code = 30; This profile is private; id = 561548965
Error: error_code = 30; This profile is private; id = 624770298
Error: error_code = 15; Access denied: user deactivated; id = 445196224
Error: error_code = 30; This profile is private; id = 185989474
Error: error_code = 30; This profile is private; id = 9079
Error: error_code = 30; This profile is private; id = 249384883
Error: error_code = 30; This profile is private; id = 285530907
Error: error_code = 30; This profile is private; id = 101780874
Error: error_code = 30; This profile is private; id = 377617677
Error: error_code = 15; Access denied: user deactivated; id = 209461166
Error: error_code = 30; This profile is private; id = 706635349
Error: error_code = 30; This profile is private; id = 677541502
Error: error_code = 30; This profile is private; id = 268168110
Error: error_code = 30; This profile is private; id = 41789121
Error: error_code = 30; This profile is private; id = 677198949
Error: error_code = 30; This profile is private; id = 5176597
Error: error_code = 30; This profile is private; id = 569180248
Error: error_code = 30; This profile is private; id = 228619830
Error: error_code = 30; This profile is private; id = 24630940
Error: error_code = 30; This profile is private; id = 509782371
Error: error_code = 30; This profile is private; id = 389884627
Error: error_code = 15; Access denied: user deactivated; id = 620535391
Error: error_code = 30; This profile is private; id = 424258046
Error: error_code = 15; Access denied: user deactivated; id = 397134243
Error: error_code = 15; Access denied: user deactivated; id = 213747748
Error: error_code = 30; This profile is private; id = 670599216
Error: error_code = 30; This profile is private; id = 145726916
Error: error_code = 30; This profile is private; id = 208268255
Error: error_code = 30; This profile is private; id = 54532922
Error: error_code = 30; This profile is private; id = 587081158
Error: error_code = 30; This profile is private; id = 524583223
Error: error_code = 15; Access denied: user deactivated; id = 278975941
Error: error_code = 15; Access denied: user deactivated; id = 12016749
Error: error_code = 30; This profile is private; id = 268569201
Error: error_code = 30; This profile is private; id = 336721316
Error: error_code = 30; This profile is private; id = 204661945
Error: error_code = 30; This profile is private; id = 401997811
Error: error_code = 30; This profile is private; id = 70979774
Error: error_code = 30; This profile is private; id = 704486103
Error: error_code = 15; Access denied: user deactivated; id = 438371792
Error: error_code = 30; This profile is private; id = 287562041
Error: error_code = 30; This profile is private; id = 219861893
Error: error_code = 30; This profile is private; id = 275153080
Error: error_code = 15; Access denied: user deactivated; id = 382052302
Error: error_code = 30; This profile is private; id = 15460251
Error: error_code = 15; Access denied: user deactivated; id = 630452231
Error: error_code = 15; Access denied: user deactivated; id = 649030691
Error: error_code = 30; This profile is private; id = 21704159
Error: error_code = 30; This profile is private; id = 133761350
Error: error_code = 15; Access denied: user deactivated; id = 586112082
Error: error_code = 15; Access denied: user deactivated; id = 478903488
Error: error_code = 30; This profile is private; id = 545571232
Error: error_code = 30; This profile is private; id = 340756762
Error: error_code = 30; This profile is private; id = 460865238
Error: error_code = 15; Access denied: user deactivated; id = 427251191
Error: error_code = 15; Access denied: user deactivated; id = 235878792
Error: error_code = 15; Access denied: user deactivated; id = 66321507
Error: error_code = 30; This profile is private; id = 547632758
Error: error_code = 30; This profile is private; id = 558241460
Error: error_code = 30; This profile is private; id = 103468475
Error: error_code = 30; This profile is private; id = 479175053
Error: error_code = 15; Access denied: user deactivated; id = 213883971
Error: error_code = 30; This profile is private; id = 115604853
Error: error_code = 15; Access denied: user deactivated; id = 154736128
Error: error_code = 15; Access denied: user deactivated; id = 229761308
Error: error_code = 30; This profile is private; id = 89820315
Error: error_code = 15; Access denied: user deactivated; id = 228015022
Error: error_code = 30; This profile is private; id = 338968109
Error: error_code = 30; This profile is private; id = 3236862
Error: error_code = 30; This profile is private; id = 500516069
Error: error_code = 30; This profile is private; id = 173027779
Error: error_code = 15; Access denied: user deactivated; id = 79338310
Error: error_code = 30; This profile is private; id = 584128939
Error: error_code = 30; This profile is private; id = 257183367
Error: error_code = 30; This profile is private; id = 253426593
Error: error_code = 30; This profile is private; id = 552740204
Error: error_code = 30; This profile is private; id = 255645464
Error: error_code = 30; This profile is private; id = 601413951
Error: error_code = 30; This profile is private; id = 87172420
Error: error_code = 30; This profile is private; id = 442241793
Error: error_code = 15; Access denied: user deactivated; id = 349731620
Error: error_code = 30; This profile is private; id = 150888901
Error: error_code = 30; This profile is private; id = 5636131
Error: error_code = 30; This profile is private; id = 254676469
Error: error_code = 30; This profile is private; id = 110012334
Error: error_code = 30; This profile is private; id = 447776519
Error: error_code = 30; This profile is private; id = 691503624
Error: error_code = 30; This profile is private; id = 577966329
Error: error_code = 30; This profile is private; id = 233901894
Error: error_code = 15; Access denied: user deactivated; id = 331089066
Error: error_code = 15; Access denied: user deactivated; id = 428511264
Error: error_code = 30; This profile is private; id = 292598112
Error: error_code = 15; Access denied: user deactivated; id = 629894241
Error: error_code = 30; This profile is private; id = 383686560
Error: error_code = 15; Access denied: user deactivated; id = 121129155
Error: error_code = 15; Access denied: user deactivated; id = 596937918
Error: error_code = 15; Access denied: user deactivated; id = 18135
Error: error_code = 15; Access denied: user deactivated; id = 487329348
Error: error_code = 30; This profile is private; id = 674283220
Error: error_code = 30; This profile is private; id = 23661247
Error: error_code = 30; This profile is private; id = 14575220
Error: error_code = 30; This profile is private; id = 93980942
Error: error_code = 15; Access denied: user deactivated; id = 547281133
Error: error_code = 15; Access denied: user deactivated; id = 197160862
Error: error_code = 30; This profile is private; id = 558095229
Error: error_code = 30; This profile is private; id = 300027683
Error: error_code = 15; Access denied: user deactivated; id = 715171342
Error: error_code = 15; Access denied: user deactivated; id = 155456646
Error: error_code = 30; This profile is private; id = 483311267
Error: error_code = 30; This profile is private; id = 310056219
Error: error_code = 15; Access denied: user deactivated; id = 373086718
Error: error_code = 30; This profile is private; id = 557853487
Error: error_code = 30; This profile is private; id = 487006193
Error: error_code = 30; This profile is private; id = 245104202
Error: error_code = 30; This profile is private; id = 685821794
Error: error_code = 30; This profile is private; id = 461942540
Error: error_code = 15; Access denied: user deactivated; id = 206212848
Error: error_code = 15; Access denied: user deactivated; id = 152086757
Error: error_code = 30; This profile is private; id = 665823649
Error: error_code = 15; Access denied: user deactivated; id = 491352127
Error: error_code = 30; This profile is private; id = 282068638
Error: error_code = 30; This profile is private; id = 557565164
Error: error_code = 30; This profile is private; id = 487105003
Error: error_code = 30; This profile is private; id = 176292399
Error: error_code = 15; Access denied: user deactivated; id = 452104250
Error: error_code = 15; Access denied: user deactivated; id = 700760796
Error: error_code = 30; This profile is private; id = 20761012
Error: error_code = 30; This profile is private; id = 191841849
Error: error_code = 30; This profile is private; id = 620218149
Error: error_code = 30; This profile is private; id = 36897491
Error: error_code = 15; Access denied: user deactivated; id = 418080546
Error: error_code = 30; This profile is private; id = 661657904
Error: error_code = 30; This profile is private; id = 170047360
Error: error_code = 15; Access denied: user deactivated; id = 220666682
Error: error_code = 30; This profile is private; id = 612891707
Error: error_code = 15; Access denied: user deactivated; id = 187144162
Error: error_code = 30; This profile is private; id = 57894795
Error: error_code = 30; This profile is private; id = 642296696
Error: error_code = 30; This profile is private; id = 515446141
Error: error_code = 15; Access denied: user deactivated; id = 645782723
Error: error_code = 30; This profile is private; id = 523665724
Error: error_code = 15; Access denied: user deactivated; id = 567499327
Error: error_code = 30; This profile is private; id = 18613081
Error: error_code = 15; Access denied: user deactivated; id = 469622881
Error: error_code = 15; Access denied: user deactivated; id = 253553804
Error: error_code = 15; Access denied: user deactivated; id = 454250517
Error: error_code = 30; This profile is private; id = 198162701
Error: error_code = 30; This profile is private; id = 487817590
Error: error_code = 15; Access denied: user deactivated; id = 581163422
Error: error_code = 30; This profile is private; id = 629444216
Error: error_code = 15; Access denied: user deactivated; id = 695796003
Error: error_code = 15; Access denied: user deactivated; id = 177723800
Error: error_code = 15; Access denied: user deactivated; id = 219582739
Error: error_code = 30; This profile is private; id = 247619149
Error: error_code = 30; This profile is private; id = 622032946
Error: error_code = 30; This profile is private; id = 660031761
Error: error_code = 30; This profile is private; id = 474145531
Error: error_code = 30; This profile is private; id = 73111999
Error: error_code = 30; This profile is private; id = 710046483
Error: error_code = 15; Access denied: user deactivated; id = 356099771
Error: error_code = 30; This profile is private; id = 58276654
Error: error_code = 30; This profile is private; id = 56385834
Error: error_code = 15; Access denied: user deactivated; id = 17319030
Error: error_code = 30; This profile is private; id = 366007775
Error: error_code = 30; This profile is private; id = 602617808
Error: error_code = 30; This profile is private; id = 591277092
Error: error_code = 30; This profile is private; id = 352350462
Error: error_code = 15; Access denied: user deactivated; id = 219154069
Error: error_code = 30; This profile is private; id = 549154266
Error: error_code = 30; This profile is private; id = 407097966
Error: error_code = 30; This profile is private; id = 659551678
Error: error_code = 30; This profile is private; id = 166267849
Error: error_code = 15; Access denied: user deactivated; id = 303439104
Error: error_code = 30; This profile is private; id = 362913299
Error: error_code = 30; This profile is private; id = 530806354
Error: error_code = 30; This profile is private; id = 447296273
Error: error_code = 30; This profile is private; id = 1215470
Error: error_code = 15; Access denied: user deactivated; id = 381674301
Error: error_code = 30; This profile is private; id = 110833144
Error: error_code = 30; This profile is private; id = 614893646
Error: error_code = 30; This profile is private; id = 274914998
Error: error_code = 30; This profile is private; id = 589444977
Error: error_code = 30; This profile is private; id = 177672964
Error: error_code = 30; This profile is private; id = 86074116
Error: error_code = 30; This profile is private; id = 603891467
Error: error_code = 15; Access denied: user deactivated; id = 153967731
Error: error_code = 15; Access denied: user deactivated; id = 679332070
Error: error_code = 30; This profile is private; id = 582176816
Error: error_code = 30; This profile is private; id = 366615077
Error: error_code = 30; This profile is private; id = 656477913
Error: error_code = 30; This profile is private; id = 285426261
Error: error_code = 30; This profile is private; id = 145684033
Error: error_code = 15; Access denied: user deactivated; id = 604688344
Error: error_code = 30; This profile is private; id = 104710453
Error: error_code = 15; Access denied: user deactivated; id = 555533619
Error: error_code = 30; This profile is private; id = 617536755
Error: error_code = 30; This profile is private; id = 438298477
Error: error_code = 15; Access denied: user deactivated; id = 508118527
Error: error_code = 30; This profile is private; id = 573816808
Error: error_code = 15; Access denied: user deactivated; id = 333849917
Error: error_code = 30; This profile is private; id = 584649046
Error: error_code = 15; Access denied: user deactivated; id = 697745117
Error: error_code = 30; This profile is private; id = 243859436
Error: error_code = 30; This profile is private; id = 16322673
Error: error_code = 30; This profile is private; id = 579200188
Error: error_code = 30; This profile is private; id = 442747201
Error: error_code = 30; This profile is private; id = 132216823
Error: error_code = 15; Access denied: user deactivated; id = 160397874
Error: error_code = 15; Access denied: user deactivated; id = 600419610
Error: error_code = 30; This profile is private; id = 543677004
Error: error_code = 15; Access denied: user deactivated; id = 229480422
Error: error_code = 15; Access denied: user deactivated; id = 255997069
Error: error_code = 30; This profile is private; id = 114488325
Error: error_code = 30; This profile is private; id = 451457625
Error: error_code = 30; This profile is private; id = 633483116
Error: error_code = 15; Access denied: user deactivated; id = 34241895
Error: error_code = 30; This profile is private; id = 159633599
Error: error_code = 30; This profile is private; id = 559550088
Error: error_code = 30; This profile is private; id = 245710489
Error: error_code = 15; Access denied: user deactivated; id = 702519266
Error: error_code = 15; Access denied: user deactivated; id = 547943328
Error: error_code = 30; This profile is private; id = 520352252
Error: error_code = 30; This profile is private; id = 35223761
Error: error_code = 30; This profile is private; id = 21213901
Error: error_code = 15; Access denied: user deactivated; id = 23186755
Error: error_code = 15; Access denied: user deactivated; id = 452886728
Error: error_code = 15; Access denied: user deactivated; id = 540059969
Error: error_code = 30; This profile is private; id = 93115578
Error: error_code = 15; Access denied: user deactivated; id = 536823459
Error: error_code = 30; This profile is private; id = 293829929
Error: error_code = 30; This profile is private; id = 158907254
Error: error_code = 30; This profile is private; id = 580371067
Error: error_code = 15; Access denied: user deactivated; id = 351351511
Error: error_code = 30; This profile is private; id = 607945220
Error: error_code = 30; This profile is private; id = 181960535
Error: error_code = 15; Access denied: user deactivated; id = 701624636
Error: error_code = 30; This profile is private; id = 526691332
Error: error_code = 30; This profile is private; id = 626543292
Error: error_code = 30; This profile is private; id = 24969042
Error: error_code = 15; Access denied: user deactivated; id = 80825461
Error: error_code = 30; This profile is private; id = 100561457
Error: error_code = 30; This profile is private; id = 591820494
Error: error_code = 30; This profile is private; id = 584681597
Error: error_code = 30; This profile is private; id = 621472350
Error: error_code = 15; Access denied: user deactivated; id = 455505066
Error: error_code = 30; This profile is private; id = 595946249
Error: error_code = 30; This profile is private; id = 678861829
Error: error_code = 15; Access denied: user deactivated; id = 65832199
Error: error_code = 30; This profile is private; id = 369936335
Error: error_code = 30; This profile is private; id = 538780204
Error: error_code = 30; This profile is private; id = 353119601
Error: error_code = 15; Access denied: user deactivated; id = 422912667
Error: error_code = 30; This profile is private; id = 522750491
Error: error_code = 30; This profile is private; id = 677231029
Error: error_code = 30; This profile is private; id = 585624083
Error: error_code = 30; This profile is private; id = 503214221
Error: error_code = 15; Access denied: user deactivated; id = 350253207
Error: error_code = 30; This profile is private; id = 606745573
Error: error_code = 30; This profile is private; id = 76746495
Error: error_code = 30; This profile is private; id = 270121485
Error: error_code = 30; This profile is private; id = 59068338
Error: error_code = 15; Access denied: user deactivated; id = 299823634
Error: error_code = 15; Access denied: user deactivated; id = 258690154
Error: error_code = 15; Access denied: user deactivated; id = 622605688
Error: error_code = 30; This profile is private; id = 296595617
Error: error_code = 15; Access denied: user deactivated; id = 188124714
Error: error_code = 30; This profile is private; id = 188959835
Error: error_code = 30; This profile is private; id = 22901697
Error: error_code = 30; This profile is private; id = 507839647
Error: error_code = 30; This profile is private; id = 490004823
Error: error_code = 30; This profile is private; id = 447621651
Error: error_code = 30; This profile is private; id = 359936833
Error: error_code = 30; This profile is private; id = 334197605
Error: error_code = 15; Access denied: user deactivated; id = 429876040
Error: error_code = 30; This profile is private; id = 262513967
Error: error_code = 30; This profile is private; id = 224558450
Error: error_code = 15; Access denied: user deactivated; id = 85680802
Error: error_code = 15; Access denied: user deactivated; id = 20508756
Error: error_code = 15; Access denied: user deactivated; id = 117807192
Error: error_code = 30; This profile is private; id = 675637755
Error: error_code = 30; This profile is private; id = 311563724
Error: error_code = 30; This profile is private; id = 141083728
Error: error_code = 15; Access denied: user deactivated; id = 718222085
Error: error_code = 15; Access denied: user deactivated; id = 341857055
Error: error_code = 30; This profile is private; id = 283640379
Error: error_code = 30; This profile is private; id = 164241659
Error: error_code = 15; Access denied: user deactivated; id = 221038370
Error: error_code = 30; This profile is private; id = 347233178
Error: error_code = 30; This profile is private; id = 580458954
Error: error_code = 15; Access denied: user deactivated; id = 230459641
Error: error_code = 15; Access denied: user deactivated; id = 267883080
Error: error_code = 30; This profile is private; id = 59361866
Error: error_code = 15; Access denied: user deactivated; id = 613709270
Error: error_code = 30; This profile is private; id = 161283229
Error: error_code = 15; Access denied: user deactivated; id = 268038772
Error: error_code = 30; This profile is private; id = 16207210
Error: error_code = 30; This profile is private; id = 161266481
Error: error_code = 15; Access denied: user deactivated; id = 449667687
Error: error_code = 15; Access denied: user deactivated; id = 339347478
Error: error_code = 30; This profile is private; id = 326184166
Error: error_code = 15; Access denied: user deactivated; id = 467857945
Error: error_code = 30; This profile is private; id = 659464704
Error: error_code = 30; This profile is private; id = 641812571
Error: error_code = 15; Access denied: user deactivated; id = 242173193
Error: error_code = 15; Access denied: user deactivated; id = 624208914
Error: error_code = 30; This profile is private; id = 410166119
Error: error_code = 15; Access denied: user deactivated; id = 218667771
Error: error_code = 30; This profile is private; id = 586203206
Error: error_code = 15; Access denied: user deactivated; id = 400108776
Error: error_code = 15; Access denied: user deactivated; id = 329946578
Error: error_code = 30; This profile is private; id = 312670161
Error: error_code = 15; Access denied: user deactivated; id = 23415631
Error: error_code = 30; This profile is private; id = 289891591
Error: error_code = 30; This profile is private; id = 43062113
Error: error_code = 30; This profile is private; id = 387313253
Error: error_code = 30; This profile is private; id = 445668271
Error: error_code = 15; Access denied: user deactivated; id = 136843430
Error: error_code = 30; This profile is private; id = 9294501
Error: error_code = 15; Access denied: user deactivated; id = 37297580
Error: error_code = 30; This profile is private; id = 456616661
Error: error_code = 30; This profile is private; id = 497415688
Error: error_code = 30; This profile is private; id = 549767960
Error: error_code = 30; This profile is private; id = 553226374
Error: error_code = 15; Access denied: user deactivated; id = 348675562
Error: error_code = 30; This profile is private; id = 64541123
Error: error_code = 15; Access denied: user deactivated; id = 61835537
Error: error_code = 30; This profile is private; id = 612932775
Error: error_code = 30; This profile is private; id = 609790973
Error: error_code = 15; Access denied: user deactivated; id = 663940383
Error: error_code = 15; Access denied: user deactivated; id = 215610642
Error: error_code = 30; This profile is private; id = 613274479
Error: error_code = 30; This profile is private; id = 139089997
Error: error_code = 30; This profile is private; id = 109810318
Error: error_code = 30; This profile is private; id = 119493781
Error: error_code = 30; This profile is private; id = 551007077
Error: error_code = 30; This profile is private; id = 236784632
Error: error_code = 15; Access denied: user deactivated; id = 27630472
Error: error_code = 30; This profile is private; id = 62914834
Error: error_code = 30; This profile is private; id = 704893234
Error: error_code = 30; This profile is private; id = 152538860
Error: error_code = 30; This profile is private; id = 565207185
Error: error_code = 30; This profile is private; id = 20680100
Error: error_code = 30; This profile is private; id = 690746667
Error: error_code = 30; This profile is private; id = 543819960
Error: error_code = 30; This profile is private; id = 326699320
Error: error_code = 15; Access denied: user deactivated; id = 477366807
Error: error_code = 30; This profile is private; id = 231552470
Error: error_code = 30; This profile is private; id = 604578815
Error: error_code = 30; This profile is private; id = 310244123
Error: error_code = 30; This profile is private; id = 409605364
Error: error_code = 15; Access denied: user deactivated; id = 427242561
Error: error_code = 30; This profile is private; id = 626477913
Error: error_code = 15; Access denied: user deactivated; id = 158222
Error: error_code = 15; Access denied: user deactivated; id = 147186684
Error: error_code = 30; This profile is private; id = 593261061
Error: error_code = 15; Access denied: user deactivated; id = 117951481
Error: error_code = 30; This profile is private; id = 435252568
Error: error_code = 30; This profile is private; id = 67412123
Error: error_code = 30; This profile is private; id = 243057443
Error: error_code = 30; This profile is private; id = 978697
Error: error_code = 30; This profile is private; id = 470155223
Error: error_code = 30; This profile is private; id = 145512698
Error: error_code = 30; This profile is private; id = 12453954
Error: error_code = 30; This profile is private; id = 21450963
Error: error_code = 30; This profile is private; id = 541687140
Error: error_code = 30; This profile is private; id = 5245722
Error: error_code = 15; Access denied: user deactivated; id = 384586626
Error: error_code = 15; Access denied: user deactivated; id = 58178921
Error: error_code = 30; This profile is private; id = 443960148
Error: error_code = 30; This profile is private; id = 152532899
Error: error_code = 30; This profile is private; id = 364239258
Error: error_code = 30; This profile is private; id = 157521166
Error: error_code = 30; This profile is private; id = 60872001
Error: error_code = 30; This profile is private; id = 356097135
Error: error_code = 30; This profile is private; id = 596856595
Error: error_code = 15; Access denied: user deactivated; id = 200623769
Error: error_code = 30; This profile is private; id = 153380357
Error: error_code = 15; Access denied: user deactivated; id = 489874532
Error: error_code = 15; Access denied: user deactivated; id = 529859227
Error: error_code = 15; Access denied: user deactivated; id = 1743664
Error: error_code = 30; This profile is private; id = 315638447
Error: error_code = 15; Access denied: user deactivated; id = 354365988
Error: error_code = 30; This profile is private; id = 316719263
Error: error_code = 30; This profile is private; id = 587040904
Error: error_code = 30; This profile is private; id = 536784603
Error: error_code = 30; This profile is private; id = 141583448
Error: error_code = 15; Access denied: user deactivated; id = 547198931
Error: error_code = 30; This profile is private; id = 586023481
Error: error_code = 30; This profile is private; id = 757792
Error: error_code = 30; This profile is private; id = 553037989
Error: error_code = 30; This profile is private; id = 470299102
Error: error_code = 30; This profile is private; id = 275027980
Error: error_code = 30; This profile is private; id = 570093557
Error: error_code = 30; This profile is private; id = 473592879
Error: error_code = 30; This profile is private; id = 359980239
Error: error_code = 30; This profile is private; id = 246721792
Error: error_code = 30; This profile is private; id = 163001475
Error: error_code = 30; This profile is private; id = 21740442
Error: error_code = 30; This profile is private; id = 215751226
Error: error_code = 30; This profile is private; id = 585289021
Error: error_code = 30; This profile is private; id = 244990298
Error: error_code = 30; This profile is private; id = 711621671
Error: error_code = 30; This profile is private; id = 19684647
Error: error_code = 30; This profile is private; id = 439718773
Error: error_code = 30; This profile is private; id = 7331867
Error: error_code = 30; This profile is private; id = 663473421
Error: error_code = 15; Access denied: user deactivated; id = 391811292
Error: error_code = 30; This profile is private; id = 452014050
Error: error_code = 30; This profile is private; id = 101126416
Error: error_code = 30; This profile is private; id = 573689989
Error: error_code = 30; This profile is private; id = 10798966
Error: error_code = 15; Access denied: user deactivated; id = 425599474
Error: error_code = 15; Access denied: user deactivated; id = 344956787
Error: error_code = 30; This profile is private; id = 237672504
Error: error_code = 30; This profile is private; id = 679980727
Error: error_code = 30; This profile is private; id = 36747003
Error: error_code = 30; This profile is private; id = 438573264
Error: error_code = 15; Access denied: user deactivated; id = 167132834
Error: error_code = 30; This profile is private; id = 133152194
Error: error_code = 30; This profile is private; id = 156165
Error: error_code = 30; This profile is private; id = 140039937
Error: error_code = 15; Access denied: user deactivated; id = 131552833
Error: error_code = 30; This profile is private; id = 225273907
Error: error_code = 30; This profile is private; id = 681135357
Error: error_code = 30; This profile is private; id = 545279115
Error: error_code = 30; This profile is private; id = 574483443
Error: error_code = 15; Access denied: user deactivated; id = 544503323
Error: error_code = 30; This profile is private; id = 469736574
Error: error_code = 15; Access denied: user deactivated; id = 422652724
Error: error_code = 30; This profile is private; id = 707923705
Error: error_code = 15; Access denied: user deactivated; id = 326067767
Error: error_code = 30; This profile is private; id = 581065278
Error: error_code = 30; This profile is private; id = 698356886
Error: error_code = 30; This profile is private; id = 493470134
Error: error_code = 30; This profile is private; id = 21183292
Error: error_code = 30; This profile is private; id = 321012711
Error: error_code = 30; This profile is private; id = 174739957
Error: error_code = 15; Access denied: user deactivated; id = 429835585
Error: error_code = 15; Access denied: user deactivated; id = 114263947
Error: error_code = 30; This profile is private; id = 603222199
Error: error_code = 30; This profile is private; id = 63537320
Error: error_code = 30; This profile is private; id = 310747833
Error: error_code = 30; This profile is private; id = 674374271
Error: error_code = 30; This profile is private; id = 592269968
Error: error_code = 30; This profile is private; id = 224907072
Error: error_code = 30; This profile is private; id = 142205478
Error: error_code = 30; This profile is private; id = 227771144
Error: error_code = 30; This profile is private; id = 447495856
Error: error_code = 30; This profile is private; id = 610150762
Error: error_code = 30; This profile is private; id = 312307186
Error: error_code = 30; This profile is private; id = 538328330
Error: error_code = 30; This profile is private; id = 690192227
Error: error_code = 30; This profile is private; id = 146207966
Error: error_code = 15; Access denied: user deactivated; id = 572552310
Error: error_code = 30; This profile is private; id = 578943848
Error: error_code = 15; Access denied: user deactivated; id = 277321684
Error: error_code = 30; This profile is private; id = 145120686
Error: error_code = 30; This profile is private; id = 702672842
Error: error_code = 30; This profile is private; id = 675445406
Error: error_code = 30; This profile is private; id = 157485014
Error: error_code = 15; Access denied: user deactivated; id = 528812610
Error: error_code = 30; This profile is private; id = 24487717
Error: error_code = 15; Access denied: user deactivated; id = 404248455
Error: error_code = 15; Access denied: user deactivated; id = 583954360
Error: error_code = 30; This profile is private; id = 427714511
Error: error_code = 15; Access denied: user deactivated; id = 606386402
Error: error_code = 15; Access denied: user deactivated; id = 482223658
Error: error_code = 30; This profile is private; id = 339255549
Error: error_code = 30; This profile is private; id = 141465194
Error: error_code = 30; This profile is private; id = 260899346
Error: error_code = 30; This profile is private; id = 431356211
Error: error_code = 30; This profile is private; id = 613576865
Error: error_code = 30; This profile is private; id = 557139810
Error: error_code = 15; Access denied: user deactivated; id = 203631721
Error: error_code = 30; This profile is private; id = 220522665
Error: error_code = 30; This profile is private; id = 510369956
Error: error_code = 30; This profile is private; id = 615803217
Error: error_code = 30; This profile is private; id = 308415478
Error: error_code = 30; This profile is private; id = 429555053
Error: error_code = 15; Access denied: user deactivated; id = 372000154
Error: error_code = 30; This profile is private; id = 534190006
Error: error_code = 30; This profile is private; id = 229264354
Error: error_code = 15; Access denied: user deactivated; id = 2039718
Error: error_code = 15; Access denied: user deactivated; id = 412787744
Error: error_code = 30; This profile is private; id = 469654810
Error: error_code = 30; This profile is private; id = 405076721
Error: error_code = 30; This profile is private; id = 40646962
Error: error_code = 30; This profile is private; id = 354736843
Error: error_code = 30; This profile is private; id = 14591762
Error: error_code = 30; This profile is private; id = 137538861
Error: error_code = 30; This profile is private; id = 290857932
Error: error_code = 15; Access denied: user deactivated; id = 661008294
Error: error_code = 30; This profile is private; id = 168423391
Error: error_code = 30; This profile is private; id = 88331214
Error: error_code = 15; Access denied: user deactivated; id = 227714328
Error: error_code = 30; This profile is private; id = 241941016
Error: error_code = 30; This profile is private; id = 677873305
Error: error_code = 15; Access denied: user deactivated; id = 430483327
Error: error_code = 15; Access denied: user deactivated; id = 423080849
Error: error_code = 15; Access denied: user deactivated; id = 173442678
Error: error_code = 30; This profile is private; id = 29950867
Error: error_code = 30; This profile is private; id = 617843735
Error: error_code = 30; This profile is private; id = 717840565
Error: error_code = 30; This profile is private; id = 450022425
Error: error_code = 30; This profile is private; id = 524440390
Error: error_code = 30; This profile is private; id = 670304120
Error: error_code = 30; This profile is private; id = 488672823
Error: error_code = 30; This profile is private; id = 416439887
Error: error_code = 15; Access denied: user deactivated; id = 625680000
Error: error_code = 30; This profile is private; id = 31366872
Error: error_code = 15; Access denied: user deactivated; id = 522232144
Error: error_code = 30; This profile is private; id = 187564331
Error: error_code = 30; This profile is private; id = 484942038
Error: error_code = 30; This profile is private; id = 251226973
Error: error_code = 30; This profile is private; id = 190935060
Error: error_code = 15; Access denied: user deactivated; id = 161132274
Error: error_code = 15; Access denied: user deactivated; id = 560633127
Error: error_code = 30; This profile is private; id = 443934878
Error: error_code = 30; This profile is private; id = 2196433
Error: error_code = 15; Access denied: user deactivated; id = 220384381
Error: error_code = 30; This profile is private; id = 257763402
Error: error_code = 30; This profile is private; id = 546141983
Error: error_code = 30; This profile is private; id = 138205115
Error: error_code = 15; Access denied: user deactivated; id = 450456538
Error: error_code = 15; Access denied: user deactivated; id = 434567606
Error: error_code = 30; This profile is private; id = 165465926
Error: error_code = 30; This profile is private; id = 631172523
Error: error_code = 30; This profile is private; id = 285821331
Error: error_code = 15; Access denied: user deactivated; id = 232624186
Error: error_code = 30; This profile is private; id = 62331774
Error: error_code = 30; This profile is private; id = 145832772
Error: error_code = 30; This profile is private; id = 666485333
Error: error_code = 30; This profile is private; id = 143842437
Error: error_code = 30; This profile is private; id = 585029805
Error: error_code = 30; This profile is private; id = 2497522
Error: error_code = 30; This profile is private; id = 182226761
Error: error_code = 30; This profile is private; id = 223325537
Error: error_code = 15; Access denied: user deactivated; id = 331573224
Error: error_code = 30; This profile is private; id = 413389598
Error: error_code = 15; Access denied: user deactivated; id = 529311235
Error: error_code = 30; This profile is private; id = 653543092
Error: error_code = 30; This profile is private; id = 449302103
Error: error_code = 30; This profile is private; id = 574311314
Error: error_code = 30; This profile is private; id = 268470586
Error: error_code = 30; This profile is private; id = 208890677
Error: error_code = 30; This profile is private; id = 18079215
Error: error_code = 15; Access denied: user deactivated; id = 682877156
Error: error_code = 30; This profile is private; id = 447100707
Error: error_code = 30; This profile is private; id = 386782579
Error: error_code = 30; This profile is private; id = 89730460
Error: error_code = 15; Access denied: user deactivated; id = 557804287
Error: error_code = 30; This profile is private; id = 517154378
Error: error_code = 30; This profile is private; id = 182262531
Error: error_code = 15; Access denied: user deactivated; id = 426711347
Error: error_code = 30; This profile is private; id = 169134533
Error: error_code = 15; Access denied: user deactivated; id = 6139167
Error: error_code = 30; This profile is private; id = 366453820
Error: error_code = 15; Access denied: user deactivated; id = 111482160
Error: error_code = 30; This profile is private; id = 98126677
Error: error_code = 30; This profile is private; id = 198753880
Error: error_code = 15; Access denied: user deactivated; id = 140727706
Error: error_code = 30; This profile is private; id = 374502843
Error: error_code = 30; This profile is private; id = 544526846
Error: error_code = 30; This profile is private; id = 230629810
Error: error_code = 30; This profile is private; id = 1289706
Error: error_code = 30; This profile is private; id = 456261246
Error: error_code = 15; Access denied: user deactivated; id = 291673237
Error: error_code = 30; This profile is private; id = 490029241
Error: error_code = 15; Access denied: user deactivated; id = 177490051
Error: error_code = 30; This profile is private; id = 697241960
Error: error_code = 30; This profile is private; id = 41573440
Error: error_code = 15; Access denied: user deactivated; id = 437748988
Error: error_code = 30; This profile is private; id = 186085839
Error: error_code = 30; This profile is private; id = 410538387
Error: error_code = 30; This profile is private; id = 382426937
Error: error_code = 30; This profile is private; id = 165776111
Error: error_code = 30; This profile is private; id = 306117161
Error: error_code = 30; This profile is private; id = 473575791
Error: error_code = 30; This profile is private; id = 322783625
Error: error_code = 30; This profile is private; id = 590882143
Error: error_code = 30; This profile is private; id = 15095430
Error: error_code = 15; Access denied: user deactivated; id = 601319982
Error: error_code = 30; This profile is private; id = 401112077
Error: error_code = 30; This profile is private; id = 16003988
Error: error_code = 15; Access denied: user deactivated; id = 274889743
Error: error_code = 15; Access denied: user deactivated; id = 395699056
Error: error_code = 30; This profile is private; id = 42261179
Error: error_code = 30; This profile is private; id = 282869176
Error: error_code = 30; This profile is private; id = 509574659
Error: error_code = 30; This profile is private; id = 513348572
Error: error_code = 30; This profile is private; id = 339679751
Error: error_code = 30; This profile is private; id = 621824292
Error: error_code = 30; This profile is private; id = 347637886
Error: error_code = 30; This profile is private; id = 14281581
Error: error_code = 30; This profile is private; id = 60413437
Error: error_code = 30; This profile is private; id = 624599595
Error: error_code = 15; Access denied: user deactivated; id = 482904824
Error: error_code = 30; This profile is private; id = 150900421
Error: error_code = 30; This profile is private; id = 208328648
Error: error_code = 30; This profile is private; id = 15714954
Error: error_code = 30; This profile is private; id = 707581863
Error: error_code = 15; Access denied: user deactivated; id = 171672156
Error: error_code = 30; This profile is private; id = 16509645
Error: error_code = 15; Access denied: user deactivated; id = 196374267
Error: error_code = 30; This profile is private; id = 326192541
Error: error_code = 15; Access denied: user deactivated; id = 369552438
Error: error_code = 30; This profile is private; id = 302395866
Error: error_code = 30; This profile is private; id = 493947916
Error: error_code = 30; This profile is private; id = 11964617
Error: error_code = 30; This profile is private; id = 16209603
Error: error_code = 15; Access denied: user deactivated; id = 311586904
Error: error_code = 30; This profile is private; id = 663487884
Error: error_code = 30; This profile is private; id = 206718653
Error: error_code = 30; This profile is private; id = 265000067
Error: error_code = 30; This profile is private; id = 171252439
Error: error_code = 30; This profile is private; id = 557223780
Error: error_code = 30; This profile is private; id = 499474314
Error: error_code = 30; This profile is private; id = 882000
Error: error_code = 15; Access denied: user deactivated; id = 269383107
Error: error_code = 15; Access denied: user deactivated; id = 549656017
Error: error_code = 30; This profile is private; id = 447001204
Error: error_code = 30; This profile is private; id = 64266577
Error: error_code = 15; Access denied: user deactivated; id = 707618647
Error: error_code = 30; This profile is private; id = 651885978
Error: error_code = 30; This profile is private; id = 277126226
Error: error_code = 15; Access denied: user deactivated; id = 561760604
Error: error_code = 15; Access denied: user deactivated; id = 18504150
Error: error_code = 15; Access denied: user deactivated; id = 298756439
Error: error_code = 15; Access denied: user deactivated; id = 276602911
Error: error_code = 15; Access denied: user deactivated; id = 338732530
Error: error_code = 15; Access denied: user deactivated; id = 517422540
Error: error_code = 15; Access denied: user deactivated; id = 604800917
Error: error_code = 30; This profile is private; id = 130750130
Error: error_code = 30; This profile is private; id = 468783418
Error: error_code = 30; This profile is private; id = 679862344
Error: error_code = 30; This profile is private; id = 706215829
Error: error_code = 30; This profile is private; id = 67577738
Error: error_code = 30; This profile is private; id = 253215291
Error: error_code = 15; Access denied: user deactivated; id = 696929379
Error: error_code = 15; Access denied: user deactivated; id = 682822826
Error: error_code = 15; Access denied: user deactivated; id = 417901115
Error: error_code = 30; This profile is private; id = 661837645
Error: error_code = 15; Access denied: user deactivated; id = 301646238
Error: error_code = 15; Access denied: user deactivated; id = 559183162
Error: error_code = 30; This profile is private; id = 3562078
Error: error_code = 30; This profile is private; id = 24868
Error: error_code = 30; This profile is private; id = 30913852
Error: error_code = 30; This profile is private; id = 136753351
Error: error_code = 30; This profile is private; id = 59289387
Error: error_code = 30; This profile is private; id = 69885213
Error: error_code = 15; Access denied: user deactivated; id = 497845118
Error: error_code = 15; Access denied: user deactivated; id = 455201245
Error: error_code = 15; Access denied: user deactivated; id = 205970692
Error: error_code = 15; Access denied: user deactivated; id = 97719294
Error: error_code = 30; This profile is private; id = 576808623
Error: error_code = 15; Access denied: user deactivated; id = 436942325
Error: error_code = 30; This profile is private; id = 393202100
Error: error_code = 30; This profile is private; id = 233030764
Error: error_code = 15; Access denied: user deactivated; id = 422621975
Error: error_code = 30; This profile is private; id = 678011335
Error: error_code = 15; Access denied: user deactivated; id = 4335577
Error: error_code = 30; This profile is private; id = 316714783
Error: error_code = 15; Access denied: user deactivated; id = 147484504
Error: error_code = 30; This profile is private; id = 545827865
Error: error_code = 15; Access denied: user deactivated; id = 361983367
Error: error_code = 30; This profile is private; id = 594312354
Error: error_code = 15; Access denied: user deactivated; id = 25599363
Error: error_code = 30; This profile is private; id = 132623911
Error: error_code = 30; This profile is private; id = 164863547
Error: error_code = 30; This profile is private; id = 327254106
Error: error_code = 30; This profile is private; id = 607580393
Error: error_code = 30; This profile is private; id = 1458002
Error: error_code = 30; This profile is private; id = 605233469
Error: error_code = 15; Access denied: user deactivated; id = 204233512
Error: error_code = 30; This profile is private; id = 145649710
Error: error_code = 30; This profile is private; id = 259803966
Error: error_code = 15; Access denied: user deactivated; id = 709683012
Error: error_code = 30; This profile is private; id = 553702891
Error: error_code = 30; This profile is private; id = 177567112
Error: error_code = 30; This profile is private; id = 292700486
Error: error_code = 30; This profile is private; id = 188959578
Error: error_code = 30; This profile is private; id = 414082838
Error: error_code = 15; Access denied: user deactivated; id = 226147980
Error: error_code = 30; This profile is private; id = 261181245
Error: error_code = 30; This profile is private; id = 612166905
Error: error_code = 15; Access denied: user deactivated; id = 120074473
Error: error_code = 30; This profile is private; id = 38602757
Error: error_code = 15; Access denied: user deactivated; id = 618924323
Error: error_code = 30; This profile is private; id = 615883922
Error: error_code = 15; Access denied: user deactivated; id = 473356363
Error: error_code = 15; Access denied: user deactivated; id = 61280920
Error: error_code = 30; This profile is private; id = 458251054
Error: error_code = 30; This profile is private; id = 426264154
Error: error_code = 15; Access denied: user deactivated; id = 667412738
Error: error_code = 15; Access denied: user deactivated; id = 527472248
Error: error_code = 15; Access denied: user deactivated; id = 538213832
Error: error_code = 30; This profile is private; id = 696474604
Error: error_code = 15; Access denied: user deactivated; id = 8265179
Error: error_code = 30; This profile is private; id = 168940601
Error: error_code = 15; Access denied: user deactivated; id = 195161390
Error: error_code = 30; This profile is private; id = 711142802
Error: error_code = 30; This profile is private; id = 559637097
Error: error_code = 30; This profile is private; id = 228140852
Error: error_code = 30; This profile is private; id = 498564043
Error: error_code = 30; This profile is private; id = 589948194
Error: error_code = 30; This profile is private; id = 690052477
Error: error_code = 15; Access denied: user deactivated; id = 494771048
Error: error_code = 15; Access denied: user deactivated; id = 123543802
Error: error_code = 30; This profile is private; id = 145227476
Error: error_code = 30; This profile is private; id = 68253249
Error: error_code = 30; This profile is private; id = 706650457
Error: error_code = 15; Access denied: user deactivated; id = 591908866
Error: error_code = 15; Access denied: user deactivated; id = 364883022
Error: error_code = 30; This profile is private; id = 635965042
Error: error_code = 30; This profile is private; id = 559360262
Error: error_code = 30; This profile is private; id = 571220075
Error: error_code = 15; Access denied: user deactivated; id = 494253086
Error: error_code = 15; Access denied: user deactivated; id = 523602249
Error: error_code = 30; This profile is private; id = 47078495
Error: error_code = 30; This profile is private; id = 570469872
Error: error_code = 30; This profile is private; id = 669784944
Error: error_code = 30; This profile is private; id = 482674721
Error: error_code = 15; Access denied: user deactivated; id = 599670653
Error: error_code = 30; This profile is private; id = 31047525
Error: error_code = 30; This profile is private; id = 131620331
Error: error_code = 15; Access denied: user deactivated; id = 386195405
Error: error_code = 30; This profile is private; id = 153291289
Error: error_code = 30; This profile is private; id = 691705518
Error: error_code = 30; This profile is private; id = 479390011
Error: error_code = 15; Access denied: user deactivated; id = 546239362
Error: error_code = 15; Access denied: user deactivated; id = 226932049
Error: error_code = 30; This profile is private; id = 447880314
Error: error_code = 30; This profile is private; id = 532361007
Error: error_code = 15; Access denied: user deactivated; id = 107789615
Error: error_code = 30; This profile is private; id = 298902968
Error: error_code = 15; Access denied: user deactivated; id = 175981145
Error: error_code = 30; This profile is private; id = 113889200
Error: error_code = 30; This profile is private; id = 404768360
Error: error_code = 30; This profile is private; id = 141135998
Error: error_code = 15; Access denied: user deactivated; id = 126459857
Error: error_code = 30; This profile is private; id = 35346290
Error: error_code = 30; This profile is private; id = 223617705
Error: error_code = 30; This profile is private; id = 428701592
Error: error_code = 30; This profile is private; id = 398806820
Error: error_code = 30; This profile is private; id = 225031033
Error: error_code = 30; This profile is private; id = 504892762
Error: error_code = 15; Access denied: user deactivated; id = 221197100
Error: error_code = 15; Access denied: user deactivated; id = 214519831
Error: error_code = 15; Access denied: user deactivated; id = 17596870
Error: error_code = 30; This profile is private; id = 355538963
Error: error_code = 30; This profile is private; id = 182914159
Error: error_code = 30; This profile is private; id = 125616346
Error: error_code = 30; This profile is private; id = 215693036
Error: error_code = 30; This profile is private; id = 106307156
Error: error_code = 30; This profile is private; id = 181779602
Error: error_code = 15; Access denied: user deactivated; id = 341875865
Error: error_code = 15; Access denied: user deactivated; id = 401347248
Error: error_code = 30; This profile is private; id = 293896536
Error: error_code = 15; Access denied: user deactivated; id = 396377470
Error: error_code = 15; Access denied: user deactivated; id = 415236758
Error: error_code = 15; Access denied: user deactivated; id = 402048527
Error: error_code = 30; This profile is private; id = 111081131
Error: error_code = 15; Access denied: user deactivated; id = 225404594
Error: error_code = 30; This profile is private; id = 118830660
Error: error_code = 30; This profile is private; id = 407569422
Error: error_code = 30; This profile is private; id = 562624585
Error: error_code = 30; This profile is private; id = 639518711
Error: error_code = 30; This profile is private; id = 394040314
Error: error_code = 15; Access denied: user deactivated; id = 224205743
Error: error_code = 15; Access denied: user deactivated; id = 411671495
Error: error_code = 30; This profile is private; id = 678099228
Error: error_code = 15; Access denied: user deactivated; id = 92335043
Error: error_code = 30; This profile is private; id = 521433795
Error: error_code = 15; Access denied: user deactivated; id = 349553638
Error: error_code = 15; Access denied: user deactivated; id = 283935773
Error: error_code = 15; Access denied: user deactivated; id = 514129316
Error: error_code = 30; This profile is private; id = 229972617
Error: error_code = 30; This profile is private; id = 286513225
Error: error_code = 30; This profile is private; id = 8210067
Error: error_code = 30; This profile is private; id = 85939122
Error: error_code = 30; This profile is private; id = 549422561
Error: error_code = 30; This profile is private; id = 131769552
Error: error_code = 30; This profile is private; id = 248563530
Error: error_code = 15; Access denied: user deactivated; id = 159493258
Error: error_code = 30; This profile is private; id = 6514898
Error: error_code = 30; This profile is private; id = 630249229
Error: error_code = 30; This profile is private; id = 34248653
Error: error_code = 15; Access denied: user deactivated; id = 426588015
Error: error_code = 30; This profile is private; id = 240922220
Error: error_code = 15; Access denied: user deactivated; id = 709223679
Error: error_code = 30; This profile is private; id = 588162808
Error: error_code = 15; Access denied: user deactivated; id = 418709486
Error: error_code = 30; This profile is private; id = 513474950
Error: error_code = 30; This profile is private; id = 539503317
Error: error_code = 30; This profile is private; id = 333767098
Error: error_code = 30; This profile is private; id = 268333299
Error: error_code = 30; This profile is private; id = 10102331
Error: error_code = 30; This profile is private; id = 51258059
Error: error_code = 30; This profile is private; id = 272011607
Error: error_code = 15; Access denied: user deactivated; id = 237393974
Error: error_code = 30; This profile is private; id = 6643358
Error: error_code = 30; This profile is private; id = 319453943
Error: error_code = 30; This profile is private; id = 713292105
Error: error_code = 30; This profile is private; id = 471659641
Error: error_code = 15; Access denied: user deactivated; id = 28977217
Error: error_code = 30; This profile is private; id = 382232216
Error: error_code = 30; This profile is private; id = 68522154
Error: error_code = 15; Access denied: user deactivated; id = 426664376
Error: error_code = 15; Access denied: user deactivated; id = 432075722
Error: error_code = 30; This profile is private; id = 682879
Error: error_code = 15; Access denied: user deactivated; id = 225049894
Error: error_code = 15; Access denied: user deactivated; id = 233263750
Error: error_code = 30; This profile is private; id = 564822837
Error: error_code = 30; This profile is private; id = 626092728
Error: error_code = 30; This profile is private; id = 700860091
Error: error_code = 15; Access denied: user deactivated; id = 247712726
Error: error_code = 30; This profile is private; id = 284451677
Error: error_code = 15; Access denied: user deactivated; id = 262731080
Error: error_code = 15; Access denied: user deactivated; id = 531891549
Error: error_code = 15; Access denied: user deactivated; id = 604024912
Error: error_code = 30; This profile is private; id = 1534573
Error: error_code = 30; This profile is private; id = 281970345
Error: error_code = 30; This profile is private; id = 137817990
Error: error_code = 15; Access denied: user deactivated; id = 424116258
Error: error_code = 30; This profile is private; id = 417340090
Error: error_code = 15; Access denied: user deactivated; id = 198902481
Error: error_code = 30; This profile is private; id = 605598863
Error: error_code = 15; Access denied: user deactivated; id = 692190703
Error: error_code = 30; This profile is private; id = 172783991
Error: error_code = 30; This profile is private; id = 83765999
Error: error_code = 15; Access denied: user deactivated; id = 33940082
Error: error_code = 30; This profile is private; id = 19174437
Error: error_code = 30; This profile is private; id = 625235403
Error: error_code = 15; Access denied: user deactivated; id = 450221012
Error: error_code = 30; This profile is private; id = 496194367
Error: error_code = 30; This profile is private; id = 313589317
Error: error_code = 15; Access denied: user deactivated; id = 341190804
Error: error_code = 30; This profile is private; id = 193686911
Error: error_code = 30; This profile is private; id = 325683505
Error: error_code = 30; This profile is private; id = 522336762
Error: error_code = 15; Access denied: user deactivated; id = 31576481
Error: error_code = 30; This profile is private; id = 5800440
Error: error_code = 15; Access denied: user deactivated; id = 496360248
Error: error_code = 15; Access denied: user deactivated; id = 419063002
Error: error_code = 30; This profile is private; id = 278033207
Error: error_code = 15; Access denied: user deactivated; id = 283999133
Error: error_code = 30; This profile is private; id = 95251551
Error: error_code = 30; This profile is private; id = 210612491
Error: error_code = 30; This profile is private; id = 159744856
Error: error_code = 30; This profile is private; id = 9674653
Error: error_code = 30; This profile is private; id = 688427497
Error: error_code = 30; This profile is private; id = 172305423
Error: error_code = 15; Access denied: user deactivated; id = 715166853
Error: error_code = 15; Access denied: user deactivated; id = 46451079
Error: error_code = 30; This profile is private; id = 567767220
Error: error_code = 30; This profile is private; id = 352821110
Error: error_code = 30; This profile is private; id = 185541977
Error: error_code = 30; This profile is private; id = 251548674
Error: error_code = 15; Access denied: user deactivated; id = 219581760
Error: error_code = 30; This profile is private; id = 714751360
Error: error_code = 30; This profile is private; id = 397877036
Error: error_code = 30; This profile is private; id = 187229197
Error: error_code = 30; This profile is private; id = 652785168
Error: error_code = 15; Access denied: user deactivated; id = 682504827
Error: error_code = 30; This profile is private; id = 3551509
Error: error_code = 30; This profile is private; id = 542926975
Error: error_code = 30; This profile is private; id = 201631489
Error: error_code = 30; This profile is private; id = 534681168
Error: error_code = 15; Access denied: user deactivated; id = 318665767
Error: error_code = 15; Access denied: user deactivated; id = 209328976
Error: error_code = 30; This profile is private; id = 145737511
Error: error_code = 30; This profile is private; id = 116023926
Error: error_code = 30; This profile is private; id = 350498190
Error: error_code = 15; Access denied: user deactivated; id = 203034285
Error: error_code = 30; This profile is private; id = 276465394
Error: error_code = 15; Access denied: user deactivated; id = 219281308
Error: error_code = 30; This profile is private; id = 153761380
Error: error_code = 15; Access denied: user deactivated; id = 557508853
Error: error_code = 30; This profile is private; id = 704406335
Error: error_code = 30; This profile is private; id = 39875187
Error: error_code = 15; Access denied: user deactivated; id = 341244853
Error: error_code = 30; This profile is private; id = 232565976
Error: error_code = 30; This profile is private; id = 221907553
Error: error_code = 15; Access denied: user deactivated; id = 218655381
Error: error_code = 30; This profile is private; id = 64117873
Error: error_code = 15; Access denied: user deactivated; id = 209812707
Error: error_code = 30; This profile is private; id = 381048234
Error: error_code = 30; This profile is private; id = 525558255
Error: error_code = 15; Access denied: user deactivated; id = 383485739
Error: error_code = 30; This profile is private; id = 491908549
Error: error_code = 30; This profile is private; id = 112476654
Error: error_code = 15; Access denied: user deactivated; id = 660793933
Error: error_code = 15; Access denied: user deactivated; id = 606958018
Error: error_code = 15; Access denied: user deactivated; id = 655875713
Error: error_code = 15; Access denied: user deactivated; id = 121547037
Error: error_code = 30; This profile is private; id = 609948412
Error: error_code = 30; This profile is private; id = 11356283
Error: error_code = 15; Access denied: user deactivated; id = 428778402
Error: error_code = 15; Access denied: user deactivated; id = 259792205
Error: error_code = 15; Access denied: user deactivated; id = 423483177
Error: error_code = 30; This profile is private; id = 447071312
Error: error_code = 15; Access denied: user deactivated; id = 340348594
Error: error_code = 30; This profile is private; id = 72853806
Error: error_code = 30; This profile is private; id = 464254093
Error: error_code = 30; This profile is private; id = 565669916
Error: error_code = 30; This profile is private; id = 667011487
Error: error_code = 30; This profile is private; id = 204794736
Error: error_code = 30; This profile is private; id = 70054567
Error: error_code = 30; This profile is private; id = 416509771
Error: error_code = 30; This profile is private; id = 318120871
Error: error_code = 15; Access denied: user deactivated; id = 540237590
Error: error_code = 30; This profile is private; id = 7588395
Error: error_code = 15; Access denied: user deactivated; id = 351842590
Error: error_code = 30; This profile is private; id = 47035399
Error: error_code = 30; This profile is private; id = 421450646
Error: error_code = 30; This profile is private; id = 372513109
Error: error_code = 15; Access denied: user deactivated; id = 351404453
Error: error_code = 30; This profile is private; id = 29095423
Error: error_code = 30; This profile is private; id = 621024124
Error: error_code = 15; Access denied: user deactivated; id = 429215256
Error: error_code = 30; This profile is private; id = 125821534
Error: error_code = 30; This profile is private; id = 14161594
Error: error_code = 30; This profile is private; id = 683444823
Error: error_code = 30; This profile is private; id = 227553711
Error: error_code = 30; This profile is private; id = 169544075
Error: error_code = 30; This profile is private; id = 348805432
Error: error_code = 30; This profile is private; id = 461678561
Error: error_code = 15; Access denied: user deactivated; id = 178927500
Error: error_code = 15; Access denied: user deactivated; id = 235437945
Error: error_code = 15; Access denied: user deactivated; id = 232767057
Error: error_code = 15; Access denied: user deactivated; id = 242617549
Error: error_code = 30; This profile is private; id = 161222764
Error: error_code = 30; This profile is private; id = 372411653
Error: error_code = 15; Access denied: user deactivated; id = 30440975
Error: error_code = 30; This profile is private; id = 81496384
Error: error_code = 30; This profile is private; id = 607198838
Error: error_code = 30; This profile is private; id = 180244230
Error: error_code = 30; This profile is private; id = 77054133
Error: error_code = 30; This profile is private; id = 4267287
Error: error_code = 15; Access denied: user deactivated; id = 373826390
Error: error_code = 30; This profile is private; id = 420423100
Error: error_code = 30; This profile is private; id = 274640179
Error: error_code = 30; This profile is private; id = 452583627
Error: error_code = 30; This profile is private; id = 98308011
Error: error_code = 15; Access denied: user deactivated; id = 212362331
Error: error_code = 30; This profile is private; id = 94075856
Error: error_code = 15; Access denied: user deactivated; id = 517074475
Error: error_code = 15; Access denied: user deactivated; id = 260336971
Error: error_code = 30; This profile is private; id = 69936843
Error: error_code = 30; This profile is private; id = 62177386
Error: error_code = 15; Access denied: user deactivated; id = 705653405
Error: error_code = 30; This profile is private; id = 17004574
Error: error_code = 30; This profile is private; id = 604748146
Error: error_code = 30; This profile is private; id = 77963244
Error: error_code = 30; This profile is private; id = 372909987
Error: error_code = 15; Access denied: user deactivated; id = 156234275
Error: error_code = 15; Access denied: user deactivated; id = 345286538
Error: error_code = 30; This profile is private; id = 614568366
Error: error_code = 30; This profile is private; id = 398354208
Error: error_code = 30; This profile is private; id = 390230779
Error: error_code = 30; This profile is private; id = 279230329
Error: error_code = 30; This profile is private; id = 361214292
Error: error_code = 30; This profile is private; id = 379752778
Error: error_code = 30; This profile is private; id = 457730432
Error: error_code = 30; This profile is private; id = 552495906
Error: error_code = 30; This profile is private; id = 40774710
Error: error_code = 30; This profile is private; id = 538548549
Error: error_code = 30; This profile is private; id = 541794157
Error: error_code = 30; This profile is private; id = 523833352
Error: error_code = 30; This profile is private; id = 66944569
Error: error_code = 30; This profile is private; id = 160453021
Error: error_code = 30; This profile is private; id = 620922690
Error: error_code = 30; This profile is private; id = 8288265
Error: error_code = 30; This profile is private; id = 238979190
Error: error_code = 30; This profile is private; id = 541779
Error: error_code = 30; This profile is private; id = 289268009
Error: error_code = 15; Access denied: user deactivated; id = 410590004
Error: error_code = 30; This profile is private; id = 535687419
Error: error_code = 30; This profile is private; id = 120280491
Error: error_code = 30; This profile is private; id = 549809182
Error: error_code = 30; This profile is private; id = 8393582
Error: error_code = 30; This profile is private; id = 16456175
Error: error_code = 30; This profile is private; id = 568851165
Error: error_code = 15; Access denied: user deactivated; id = 672631792
Error: error_code = 30; This profile is private; id = 645572785
Error: error_code = 30; This profile is private; id = 223436958
Error: error_code = 30; This profile is private; id = 397175523
Error: error_code = 30; This profile is private; id = 18349761
Error: error_code = 30; This profile is private; id = 32944674
Error: error_code = 30; This profile is private; id = 270255735
Error: error_code = 30; This profile is private; id = 29881195
Error: error_code = 15; Access denied: user deactivated; id = 73867458
Error: error_code = 30; This profile is private; id = 587363752
Error: error_code = 15; Access denied: user deactivated; id = 247761111
Error: error_code = 30; This profile is private; id = 307086303
Error: error_code = 15; Access denied: user deactivated; id = 193605710
Error: error_code = 30; This profile is private; id = 255423311
Error: error_code = 15; Access denied: user deactivated; id = 5236463
Error: error_code = 15; Access denied: user deactivated; id = 330574353
Error: error_code = 15; Access denied: user deactivated; id = 162241676
Error: error_code = 15; Access denied: user deactivated; id = 345525872
Error: error_code = 30; This profile is private; id = 112940050
Error: error_code = 30; This profile is private; id = 604540041
Error: error_code = 30; This profile is private; id = 516708669
Error: error_code = 30; This profile is private; id = 9799233
Error: error_code = 15; Access denied: user deactivated; id = 219918328
Error: error_code = 30; This profile is private; id = 142340184
Error: error_code = 30; This profile is private; id = 466563300
Error: error_code = 15; Access denied: user deactivated; id = 584251670
Error: error_code = 30; This profile is private; id = 45631996
Error: error_code = 15; Access denied: user deactivated; id = 147466081
Error: error_code = 30; This profile is private; id = 547371663
Error: error_code = 15; Access denied: user deactivated; id = 632045643
Error: error_code = 30; This profile is private; id = 312527653
Error: error_code = 15; Access denied: user deactivated; id = 416672371
Error: error_code = 30; This profile is private; id = 201079989
Error: error_code = 30; This profile is private; id = 581155080
Error: error_code = 30; This profile is private; id = 27805848
Error: error_code = 30; This profile is private; id = 83901011
Error: error_code = 30; This profile is private; id = 227687803
Error: error_code = 30; This profile is private; id = 484251277
Error: error_code = 30; This profile is private; id = 24073565
Error: error_code = 15; Access denied: user deactivated; id = 176927508
Error: error_code = 30; This profile is private; id = 526495789
Error: error_code = 15; Access denied: user deactivated; id = 86399745
Error: error_code = 30; This profile is private; id = 426111382
Error: error_code = 15; Access denied: user deactivated; id = 160905371
Error: error_code = 30; This profile is private; id = 274319858
Error: error_code = 30; This profile is private; id = 121380678
Error: error_code = 30; This profile is private; id = 572475708
Error: error_code = 30; This profile is private; id = 374315223
Error: error_code = 15; Access denied: user deactivated; id = 207119569
Error: error_code = 30; This profile is private; id = 583402206
Error: error_code = 30; This profile is private; id = 302460833
Error: error_code = 30; This profile is private; id = 446498
Error: error_code = 15; Access denied: user deactivated; id = 505339112
Error: error_code = 30; This profile is private; id = 460274238
Error: error_code = 30; This profile is private; id = 223036908
Error: error_code = 30; This profile is private; id = 31928184
Error: error_code = 15; Access denied: user deactivated; id = 313636066
Error: error_code = 15; Access denied: user deactivated; id = 595610613
Error: error_code = 15; Access denied: user deactivated; id = 348545774
Error: error_code = 30; This profile is private; id = 234491845
Error: error_code = 30; This profile is private; id = 473644998
Error: error_code = 30; This profile is private; id = 84683958
Error: error_code = 30; This profile is private; id = 488640569
Error: error_code = 30; This profile is private; id = 654956005
Error: error_code = 30; This profile is private; id = 704932515
Error: error_code = 30; This profile is private; id = 539239323
Error: error_code = 15; Access denied: user deactivated; id = 320535656
Error: error_code = 30; This profile is private; id = 477185943
Error: error_code = 15; Access denied: user deactivated; id = 281103487
Error: error_code = 15; Access denied: user deactivated; id = 326762209
Error: error_code = 15; Access denied: user deactivated; id = 524801351
Error: error_code = 30; This profile is private; id = 309159796
Error: error_code = 15; Access denied: user deactivated; id = 368676729
Error: error_code = 15; Access denied: user deactivated; id = 31586230
Error: error_code = 30; This profile is private; id = 33514759
Error: error_code = 30; This profile is private; id = 32961988
Error: error_code = 15; Access denied: user deactivated; id = 146488953
Error: error_code = 15; Access denied: user deactivated; id = 17836908
Error: error_code = 15; Access denied: user deactivated; id = 349016060
Error: error_code = 30; This profile is private; id = 229000072
Error: error_code = 15; Access denied: user deactivated; id = 565220882
Error: error_code = 30; This profile is private; id = 146442928
Error: error_code = 30; This profile is private; id = 710311959
Error: error_code = 30; This profile is private; id = 485471476
Error: error_code = 15; Access denied: user deactivated; id = 532450215
Error: error_code = 30; This profile is private; id = 26601600
Error: error_code = 30; This profile is private; id = 430182446
Error: error_code = 30; This profile is private; id = 35710469
Error: error_code = 30; This profile is private; id = 440921027
Error: error_code = 15; Access denied: user deactivated; id = 452695089
Error: error_code = 15; Access denied: user deactivated; id = 528140088
Error: error_code = 30; This profile is private; id = 207955670
Error: error_code = 30; This profile is private; id = 580995556
Error: error_code = 15; Access denied: user deactivated; id = 533919087
Error: error_code = 15; Access denied: user deactivated; id = 371388629
Error: error_code = 15; Access denied: user deactivated; id = 99543012
Error: error_code = 30; This profile is private; id = 365261492
Error: error_code = 30; This profile is private; id = 530773731
Error: error_code = 30; This profile is private; id = 138324985
Error: error_code = 15; Access denied: user deactivated; id = 173900980
Error: error_code = 15; Access denied: user deactivated; id = 256764556
Error: error_code = 30; This profile is private; id = 396334171
Error: error_code = 15; Access denied: user deactivated; id = 408270751
Error: error_code = 30; This profile is private; id = 706839994
Error: error_code = 30; This profile is private; id = 288501324
Error: error_code = 30; This profile is private; id = 259905548
Error: error_code = 15; Access denied: user deactivated; id = 496094774
Error: error_code = 30; This profile is private; id = 100927868
Error: error_code = 30; This profile is private; id = 429857160
Error: error_code = 15; Access denied: user deactivated; id = 291781046
Error: error_code = 30; This profile is private; id = 38491
Error: error_code = 30; This profile is private; id = 647647071
Error: error_code = 30; This profile is private; id = 527474511
Error: error_code = 30; This profile is private; id = 275611375
Error: error_code = 30; This profile is private; id = 444847543
Error: error_code = 30; This profile is private; id = 531052133
Error: error_code = 30; This profile is private; id = 419947125
Error: error_code = 15; Access denied: user deactivated; id = 618022311
Error: error_code = 30; This profile is private; id = 44979980
Error: error_code = 30; This profile is private; id = 77339582
Error: error_code = 30; This profile is private; id = 183149900
Error: error_code = 30; This profile is private; id = 614769295
Error: error_code = 15; Access denied: user deactivated; id = 419793877
Error: error_code = 30; This profile is private; id = 481325282
Error: error_code = 15; Access denied: user deactivated; id = 206281306
Error: error_code = 30; This profile is private; id = 313124764
Error: error_code = 30; This profile is private; id = 600891985
Error: error_code = 30; This profile is private; id = 623937256
Error: error_code = 30; This profile is private; id = 703306231
Error: error_code = 30; This profile is private; id = 120855702
Error: error_code = 30; This profile is private; id = 94163727
Error: error_code = 15; Access denied: user deactivated; id = 382673124
Error: error_code = 15; Access denied: user deactivated; id = 229678863
Error: error_code = 15; Access denied: user deactivated; id = 77435656
Error: error_code = 30; This profile is private; id = 23099096
Error: error_code = 30; This profile is private; id = 100305889
Error: error_code = 30; This profile is private; id = 108171896
Error: error_code = 30; This profile is private; id = 699148951
Error: error_code = 30; This profile is private; id = 238718455
Error: error_code = 30; This profile is private; id = 163189033
Error: error_code = 30; This profile is private; id = 549122427
Error: error_code = 30; This profile is private; id = 96901090
Error: error_code = 30; This profile is private; id = 630864422
Error: error_code = 15; Access denied: user deactivated; id = 265317768
Error: error_code = 30; This profile is private; id = 396751655
Error: error_code = 15; Access denied: user deactivated; id = 343378106
Error: error_code = 15; Access denied: user deactivated; id = 502542169
Error: error_code = 30; This profile is private; id = 215569221
Error: error_code = 30; This profile is private; id = 430631871
Error: error_code = 15; Access denied: user deactivated; id = 535536410
Error: error_code = 30; This profile is private; id = 25945323
Error: error_code = 30; This profile is private; id = 103079351
Error: error_code = 30; This profile is private; id = 274227575
Error: error_code = 30; This profile is private; id = 32205400
Error: error_code = 15; Access denied: user deactivated; id = 26082438
Error: error_code = 30; This profile is private; id = 371935526
Error: error_code = 30; This profile is private; id = 660061197
Error: error_code = 30; This profile is private; id = 536555076
Error: error_code = 15; Access denied: user deactivated; id = 618629293
Error: error_code = 30; This profile is private; id = 167853507
Error: error_code = 15; Access denied: user deactivated; id = 360142216
Error: error_code = 30; This profile is private; id = 596031332
Error: error_code = 30; This profile is private; id = 231459491
Error: error_code = 30; This profile is private; id = 10900377
Error: error_code = 30; This profile is private; id = 139230010
Error: error_code = 30; This profile is private; id = 16463736
Error: error_code = 30; This profile is private; id = 626484389
Error: error_code = 15; Access denied: user deactivated; id = 273919826
Error: error_code = 30; This profile is private; id = 563762094
Error: error_code = 30; This profile is private; id = 85748670
Error: error_code = 30; This profile is private; id = 701202525
Error: error_code = 15; Access denied: user deactivated; id = 259604472
Error: error_code = 30; This profile is private; id = 569320230
Error: error_code = 30; This profile is private; id = 396645814
Error: error_code = 15; Access denied: user deactivated; id = 222241395
Error: error_code = 30; This profile is private; id = 551730826
Error: error_code = 15; Access denied: user deactivated; id = 365050544
Error: error_code = 30; This profile is private; id = 227540658
Error: error_code = 15; Access denied: user deactivated; id = 547501803
Error: error_code = 30; This profile is private; id = 316361233
Error: error_code = 30; This profile is private; id = 547539979
Error: error_code = 30; This profile is private; id = 242256378
Error: error_code = 30; This profile is private; id = 519292707
Error: error_code = 30; This profile is private; id = 154854205
Error: error_code = 30; This profile is private; id = 515825551
Error: error_code = 15; Access denied: user deactivated; id = 309045475
Error: error_code = 30; This profile is private; id = 574626636
Error: error_code = 30; This profile is private; id = 132892008
Error: error_code = 15; Access denied: user deactivated; id = 57812229
Error: error_code = 15; Access denied: user deactivated; id = 228284780
Error: error_code = 15; Access denied: user deactivated; id = 653918650
Error: error_code = 15; Access denied: user deactivated; id = 401983157
Error: error_code = 15; Access denied: user deactivated; id = 401234148
Error: error_code = 15; Access denied: user deactivated; id = 204393600
Error: error_code = 30; This profile is private; id = 367389478
Error: error_code = 30; This profile is private; id = 698309222
Error: error_code = 15; Access denied: user deactivated; id = 426594019
Error: error_code = 30; This profile is private; id = 538082663
Error: error_code = 15; Access denied: user deactivated; id = 75334132
Error: error_code = 30; This profile is private; id = 594673001
Error: error_code = 30; This profile is private; id = 637012260
Error: error_code = 30; This profile is private; id = 538960766
Error: error_code = 30; This profile is private; id = 245904652
Error: error_code = 30; This profile is private; id = 199562004
Error: error_code = 30; This profile is private; id = 63859264
Error: error_code = 30; This profile is private; id = 138475754
Error: error_code = 30; This profile is private; id = 87190201
Error: error_code = 30; This profile is private; id = 69278358
Error: error_code = 15; Access denied: user deactivated; id = 322419601
Error: error_code = 30; This profile is private; id = 3625723
Error: error_code = 30; This profile is private; id = 304614367
Error: error_code = 30; This profile is private; id = 51221210
Error: error_code = 30; This profile is private; id = 696716786
Error: error_code = 30; This profile is private; id = 671168749
Error: error_code = 15; Access denied: user deactivated; id = 362712447
Error: error_code = 30; This profile is private; id = 186236281
Error: error_code = 30; This profile is private; id = 167891337
Error: error_code = 30; This profile is private; id = 423963477
Error: error_code = 15; Access denied: user deactivated; id = 46120497
Error: error_code = 30; This profile is private; id = 69353855
Error: error_code = 15; Access denied: user deactivated; id = 353092102
Error: error_code = 30; This profile is private; id = 442164466
Error: error_code = 30; This profile is private; id = 463559070
Error: error_code = 30; This profile is private; id = 119003947
Error: error_code = 30; This profile is private; id = 636357281
Error: error_code = 30; This profile is private; id = 468762404
Error: error_code = 30; This profile is private; id = 212374938
Error: error_code = 30; This profile is private; id = 134149045
Error: error_code = 15; Access denied: user deactivated; id = 18281001
Error: error_code = 30; This profile is private; id = 480089043
Error: error_code = 30; This profile is private; id = 390258825
Error: error_code = 15; Access denied: user deactivated; id = 622351990
Error: error_code = 30; This profile is private; id = 15718828
Error: error_code = 30; This profile is private; id = 66656961
Error: error_code = 15; Access denied: user deactivated; id = 208420569
Error: error_code = 15; Access denied: user deactivated; id = 335755085
Error: error_code = 15; Access denied: user deactivated; id = 620560877
Error: error_code = 15; Access denied: user deactivated; id = 544414120
Error: error_code = 30; This profile is private; id = 60288654
Error: error_code = 30; This profile is private; id = 132010122
Error: error_code = 30; This profile is private; id = 647470343
Error: error_code = 15; Access denied: user deactivated; id = 427973393
Error: error_code = 30; This profile is private; id = 565058413
Error: error_code = 15; Access denied: user deactivated; id = 222351578
Error: error_code = 15; Access denied: user deactivated; id = 228554828
Error: error_code = 15; Access denied: user deactivated; id = 138286219
Error: error_code = 30; This profile is private; id = 289541228
Error: error_code = 30; This profile is private; id = 561673758
Error: error_code = 30; This profile is private; id = 231455193
Error: error_code = 30; This profile is private; id = 691648488
Error: error_code = 15; Access denied: user deactivated; id = 314530955
Error: error_code = 30; This profile is private; id = 28734679
Error: error_code = 30; This profile is private; id = 611101914
Error: error_code = 15; Access denied: user deactivated; id = 713301584
Error: error_code = 15; Access denied: user deactivated; id = 226306915
Error: error_code = 15; Access denied: user deactivated; id = 431068765
Error: error_code = 30; This profile is private; id = 17902257
Error: error_code = 30; This profile is private; id = 135134859
Error: error_code = 30; This profile is private; id = 279667665
Error: error_code = 30; This profile is private; id = 125198244
Error: error_code = 15; Access denied: user deactivated; id = 445379504
Error: error_code = 15; Access denied: user deactivated; id = 654479058
Error: error_code = 15; Access denied: user deactivated; id = 404351139
Error: error_code = 30; This profile is private; id = 710196468
Error: error_code = 30; This profile is private; id = 550991888
Error: error_code = 30; This profile is private; id = 262897401
Error: error_code = 30; This profile is private; id = 66918448
Error: error_code = 30; This profile is private; id = 212386354
Error: error_code = 30; This profile is private; id = 394186005
Error: error_code = 30; This profile is private; id = 192182653
Error: error_code = 30; This profile is private; id = 447019703
Error: error_code = 30; This profile is private; id = 43397499
Error: error_code = 15; Access denied: user deactivated; id = 28783244
Error: error_code = 15; Access denied: user deactivated; id = 243893092
Error: error_code = 15; Access denied: user deactivated; id = 199425019
Error: error_code = 30; This profile is private; id = 254574358
Error: error_code = 15; Access denied: user deactivated; id = 266003207
Error: error_code = 15; Access denied: user deactivated; id = 38720801
Error: error_code = 30; This profile is private; id = 394268142
Error: error_code = 15; Access denied: user deactivated; id = 599803088
Error: error_code = 30; This profile is private; id = 433345135
Error: error_code = 30; This profile is private; id = 658453130
Error: error_code = 30; This profile is private; id = 696639230
Error: error_code = 30; This profile is private; id = 459170897
Error: error_code = 30; This profile is private; id = 703588710
Error: error_code = 15; Access denied: user deactivated; id = 489668271
Error: error_code = 15; Access denied: user deactivated; id = 135074987
Error: error_code = 15; Access denied: user deactivated; id = 211861740
Error: error_code = 30; This profile is private; id = 146086161
Error: error_code = 30; This profile is private; id = 370284541
Error: error_code = 30; This profile is private; id = 497730063
Error: error_code = 15; Access denied: user deactivated; id = 274956634
Error: error_code = 15; Access denied: user deactivated; id = 219352737
Error: error_code = 30; This profile is private; id = 469056004
Error: error_code = 30; This profile is private; id = 568958078
Error: error_code = 15; Access denied: user deactivated; id = 63882551
Error: error_code = 30; This profile is private; id = 660106307
Error: error_code = 30; This profile is private; id = 121255285
Error: error_code = 15; Access denied: user deactivated; id = 399241763
Error: error_code = 30; This profile is private; id = 677376980
Error: error_code = 30; This profile is private; id = 625027889
Error: error_code = 30; This profile is private; id = 298158631
Error: error_code = 30; This profile is private; id = 371020039
Error: error_code = 30; This profile is private; id = 261682274
Error: error_code = 30; This profile is private; id = 129607009
Error: error_code = 15; Access denied: user deactivated; id = 238997366
Error: error_code = 30; This profile is private; id = 50503251
Error: error_code = 30; This profile is private; id = 547737528
Error: error_code = 15; Access denied: user deactivated; id = 230380165
Error: error_code = 15; Access denied: user deactivated; id = 527125120
Error: error_code = 30; This profile is private; id = 286746351
Error: error_code = 30; This profile is private; id = 612586275
Error: error_code = 30; This profile is private; id = 97450604
Error: error_code = 30; This profile is private; id = 18568504
Error: error_code = 30; This profile is private; id = 104842871
Error: error_code = 15; Access denied: user deactivated; id = 419200691
Error: error_code = 15; Access denied: user deactivated; id = 227998958
Error: error_code = 15; Access denied: user deactivated; id = 5663510
Error: error_code = 30; This profile is private; id = 65105977
Error: error_code = 30; This profile is private; id = 43883222
Error: error_code = 30; This profile is private; id = 239203457
Error: error_code = 30; This profile is private; id = 16521735
Error: error_code = 30; This profile is private; id = 507772887
Error: error_code = 15; Access denied: user deactivated; id = 682193959
Error: error_code = 30; This profile is private; id = 598820710
Error: error_code = 30; This profile is private; id = 406053287
Error: error_code = 30; This profile is private; id = 249451231
Error: error_code = 30; This profile is private; id = 265008423
Error: error_code = 15; Access denied: user deactivated; id = 482249935
Error: error_code = 30; This profile is private; id = 646509859
Error: error_code = 15; Access denied: user deactivated; id = 213780678
Error: error_code = 30; This profile is private; id = 52132333
Error: error_code = 15; Access denied: user deactivated; id = 258033706
Error: error_code = 30; This profile is private; id = 661950549
Error: error_code = 30; This profile is private; id = 279731802
Error: error_code = 15; Access denied: user deactivated; id = 519166340
Error: error_code = 15; Access denied: user deactivated; id = 362640919
Error: error_code = 15; Access denied: user deactivated; id = 216986808
Error: error_code = 15; Access denied: user deactivated; id = 347514492
Error: error_code = 30; This profile is private; id = 670572000
Error: error_code = 15; Access denied: user deactivated; id = 478064753
Error: error_code = 30; This profile is private; id = 680284572
Error: error_code = 15; Access denied: user deactivated; id = 554778341
Error: error_code = 30; This profile is private; id = 22665752
Error: error_code = 15; Access denied: user deactivated; id = 308831519
Error: error_code = 15; Access denied: user deactivated; id = 674207532
Error: error_code = 30; This profile is private; id = 195815583
Error: error_code = 15; Access denied: user deactivated; id = 172324881
Error: error_code = 30; This profile is private; id = 226696373
Error: error_code = 30; This profile is private; id = 48075115
Error: error_code = 15; Access denied: user deactivated; id = 507000039
Error: error_code = 30; This profile is private; id = 3480694
Error: error_code = 30; This profile is private; id = 27312069
Error: error_code = 30; This profile is private; id = 601951258
Error: error_code = 30; This profile is private; id = 150408094
Error: error_code = 30; This profile is private; id = 324848583
Error: error_code = 30; This profile is private; id = 173917388
Error: error_code = 15; Access denied: user deactivated; id = 363401904
Error: error_code = 15; Access denied: user deactivated; id = 519125296
Error: error_code = 15; Access denied: user deactivated; id = 391160013
Error: error_code = 30; This profile is private; id = 274138602
Error: error_code = 30; This profile is private; id = 312441264
Error: error_code = 15; Access denied: user deactivated; id = 205607709
Error: error_code = 30; This profile is private; id = 494336128
Error: error_code = 15; Access denied: user deactivated; id = 495962446
Error: error_code = 30; This profile is private; id = 232766295
Error: error_code = 30; This profile is private; id = 425219245
Error: error_code = 30; This profile is private; id = 430124989
Error: error_code = 30; This profile is private; id = 711116640
Error: error_code = 15; Access denied: user deactivated; id = 82897757
Error: error_code = 30; This profile is private; id = 514397006
Error: error_code = 30; This profile is private; id = 648706944
Error: error_code = 30; This profile is private; id = 13506969
Error: error_code = 30; This profile is private; id = 549414986
Error: error_code = 15; Access denied: user deactivated; id = 259816868
Error: error_code = 30; This profile is private; id = 290001
Error: error_code = 15; Access denied: user deactivated; id = 170270271
Error: error_code = 15; Access denied: user deactivated; id = 209546577
Error: error_code = 15; Access denied: user deactivated; id = 539037108
Error: error_code = 30; This profile is private; id = 9661400
Error: error_code = 30; This profile is private; id = 289021745
Error: error_code = 15; Access denied: user deactivated; id = 211499011
Error: error_code = 30; This profile is private; id = 26809457
Error: error_code = 30; This profile is private; id = 188294948
Error: error_code = 30; This profile is private; id = 291755320
Error: error_code = 30; This profile is private; id = 694292889
Error: error_code = 15; Access denied: user deactivated; id = 194809215
Error: error_code = 15; Access denied: user deactivated; id = 715186185
Error: error_code = 30; This profile is private; id = 5626880
Error: error_code = 15; Access denied: user deactivated; id = 144097809
Error: error_code = 30; This profile is private; id = 255875343
Error: error_code = 15; Access denied: user deactivated; id = 456724849
Error: error_code = 15; Access denied: user deactivated; id = 351357417
Error: error_code = 30; This profile is private; id = 529099214
Error: error_code = 15; Access denied: user deactivated; id = 330295608
Error: error_code = 30; This profile is private; id = 543621112
Error: error_code = 30; This profile is private; id = 637767241
Error: error_code = 30; This profile is private; id = 165254381
Error: error_code = 30; This profile is private; id = 246589313
Error: error_code = 30; This profile is private; id = 275147843
Error: error_code = 30; This profile is private; id = 133506750
Error: error_code = 30; This profile is private; id = 562632514
Error: error_code = 15; Access denied: user deactivated; id = 419552161
Error: error_code = 30; This profile is private; id = 205161577
Error: error_code = 30; This profile is private; id = 172165292
Error: error_code = 30; This profile is private; id = 441136404
Error: error_code = 30; This profile is private; id = 412402610
Error: error_code = 30; This profile is private; id = 525616700
Error: error_code = 15; Access denied: user deactivated; id = 316239708
Error: error_code = 30; This profile is private; id = 709648803
Error: error_code = 15; Access denied: user deactivated; id = 362603605
Error: error_code = 15; Access denied: user deactivated; id = 683325284
Error: error_code = 30; This profile is private; id = 707080213
Error: error_code = 15; Access denied: user deactivated; id = 567759986
Error: error_code = 15; Access denied: user deactivated; id = 535679762
Error: error_code = 30; This profile is private; id = 178291669
Error: error_code = 15; Access denied: user deactivated; id = 422861520
Error: error_code = 15; Access denied: user deactivated; id = 579958780
Error: error_code = 15; Access denied: user deactivated; id = 92100468
Error: error_code = 30; This profile is private; id = 542630600
Error: error_code = 30; This profile is private; id = 560511585
Error: error_code = 30; This profile is private; id = 427719714
Error: error_code = 30; This profile is private; id = 657011637
Error: error_code = 30; This profile is private; id = 6585524
Error: error_code = 15; Access denied: user deactivated; id = 704237535
Error: error_code = 30; This profile is private; id = 468286
Error: error_code = 30; This profile is private; id = 447212635
Error: error_code = 30; This profile is private; id = 674920138
Error: error_code = 15; Access denied: user deactivated; id = 215186341
Error: error_code = 15; Access denied: user deactivated; id = 407062
Error: error_code = 30; This profile is private; id = 522829464
Error: error_code = 30; This profile is private; id = 1253730
Error: error_code = 30; This profile is private; id = 457915857
Error: error_code = 30; This profile is private; id = 700807190
Error: error_code = 30; This profile is private; id = 290545938
Error: error_code = 30; This profile is private; id = 643660096
Error: error_code = 15; Access denied: user deactivated; id = 220384489
Error: error_code = 30; This profile is private; id = 313510598
Error: error_code = 15; Access denied: user deactivated; id = 526543750
Error: error_code = 30; This profile is private; id = 275585706
Error: error_code = 15; Access denied: user deactivated; id = 673389419
Error: error_code = 30; This profile is private; id = 434834759
Error: error_code = 30; This profile is private; id = 153658396
Error: error_code = 30; This profile is private; id = 218360994
Error: error_code = 30; This profile is private; id = 560414731
Error: error_code = 30; This profile is private; id = 110916803
Error: error_code = 30; This profile is private; id = 454154735
Error: error_code = 30; This profile is private; id = 531855187
Error: error_code = 15; Access denied: user deactivated; id = 441798331
Error: error_code = 30; This profile is private; id = 657682045
Error: error_code = 30; This profile is private; id = 160352246
Error: error_code = 30; This profile is private; id = 172399711
Error: error_code = 15; Access denied: user deactivated; id = 226875489
Error: error_code = 30; This profile is private; id = 7083727
Error: error_code = 30; This profile is private; id = 213903268
Error: error_code = 15; Access denied: user deactivated; id = 274373604
Error: error_code = 30; This profile is private; id = 152091491
Error: error_code = 30; This profile is private; id = 362435496
Error: error_code = 15; Access denied: user deactivated; id = 238730753
Error: error_code = 30; This profile is private; id = 74921400
Error: error_code = 30; This profile is private; id = 530293072
Error: error_code = 30; This profile is private; id = 688434476
Error: error_code = 15; Access denied: user deactivated; id = 141469347
Error: error_code = 15; Access denied: user deactivated; id = 378746618
Error: error_code = 30; This profile is private; id = 227367535
Error: error_code = 30; This profile is private; id = 553967655
Error: error_code = 30; This profile is private; id = 237117463
Error: error_code = 15; Access denied: user deactivated; id = 467629872
Error: error_code = 15; Access denied: user deactivated; id = 192903361
Error: error_code = 15; Access denied: user deactivated; id = 416113883
Error: error_code = 15; Access denied: user deactivated; id = 159765456
Error: error_code = 15; Access denied: user deactivated; id = 325986857
Error: error_code = 30; This profile is private; id = 136516801
Error: error_code = 15; Access denied: user deactivated; id = 540040880
Error: error_code = 30; This profile is private; id = 577107809
Error: error_code = 30; This profile is private; id = 440521834
Error: error_code = 30; This profile is private; id = 699005063
Error: error_code = 15; Access denied: user deactivated; id = 463629740
Error: error_code = 15; Access denied: user deactivated; id = 269481041
Error: error_code = 30; This profile is private; id = 642820320
Error: error_code = 30; This profile is private; id = 300396323
Error: error_code = 15; Access denied: user deactivated; id = 138385966
Error: error_code = 15; Access denied: user deactivated; id = 431060871
Error: error_code = 15; Access denied: user deactivated; id = 529802812
Error: error_code = 30; This profile is private; id = 96206972
Error: error_code = 30; This profile is private; id = 435182184
Error: error_code = 30; This profile is private; id = 325838384
Error: error_code = 30; This profile is private; id = 608680040
Error: error_code = 15; Access denied: user deactivated; id = 526806639
Error: error_code = 15; Access denied: user deactivated; id = 12109352
Error: error_code = 30; This profile is private; id = 374446347
Error: error_code = 15; Access denied: user deactivated; id = 336318380
Error: error_code = 15; Access denied: user deactivated; id = 177374946
Error: error_code = 30; This profile is private; id = 8586761
Error: error_code = 30; This profile is private; id = 100947
Error: error_code = 30; This profile is private; id = 649042829
Error: error_code = 30; This profile is private; id = 447800638
Error: error_code = 15; Access denied: user deactivated; id = 9182046
Error: error_code = 15; Access denied: user deactivated; id = 43825706
Error: error_code = 30; This profile is private; id = 68417888
Error: error_code = 30; This profile is private; id = 71814004
Error: error_code = 30; This profile is private; id = 22514775
Error: error_code = 30; This profile is private; id = 194037884
Error: error_code = 30; This profile is private; id = 276330199
Error: error_code = 30; This profile is private; id = 13234162
Error: error_code = 30; This profile is private; id = 294197747
Error: error_code = 30; This profile is private; id = 122609235
Error: error_code = 30; This profile is private; id = 304860569
Error: error_code = 15; Access denied: user deactivated; id = 660227984
Error: error_code = 30; This profile is private; id = 530601266
Error: error_code = 30; This profile is private; id = 260051624
Error: error_code = 15; Access denied: user deactivated; id = 420072233
Error: error_code = 30; This profile is private; id = 142087030
Error: error_code = 30; This profile is private; id = 229566974
Error: error_code = 15; Access denied: user deactivated; id = 452462312
Error: error_code = 30; This profile is private; id = 18176811
Error: error_code = 30; This profile is private; id = 5369488
Error: error_code = 15; Access denied: user deactivated; id = 117765868
Error: error_code = 30; This profile is private; id = 680915894
Error: error_code = 30; This profile is private; id = 17974923
Error: error_code = 30; This profile is private; id = 124393199
Error: error_code = 15; Access denied: user deactivated; id = 149069345
Error: error_code = 30; This profile is private; id = 18287303
Error: error_code = 30; This profile is private; id = 617043354
Error: error_code = 30; This profile is private; id = 239063783
Error: error_code = 15; Access denied: user deactivated; id = 133553024
Error: error_code = 30; This profile is private; id = 464777747
Error: error_code = 30; This profile is private; id = 318393142
Error: error_code = 30; This profile is private; id = 464817692
Error: error_code = 15; Access denied: user deactivated; id = 235882862
Error: error_code = 30; This profile is private; id = 415957499
Error: error_code = 30; This profile is private; id = 657823748
Error: error_code = 15; Access denied: user deactivated; id = 297332706
Error: error_code = 30; This profile is private; id = 710389020
Error: error_code = 30; This profile is private; id = 553838411
Error: error_code = 30; This profile is private; id = 439808030
Error: error_code = 30; This profile is private; id = 596720230
Error: error_code = 30; This profile is private; id = 152850092
Error: error_code = 30; This profile is private; id = 65663635
Error: error_code = 30; This profile is private; id = 521643957
Error: error_code = 30; This profile is private; id = 533037230
Error: error_code = 15; Access denied: user deactivated; id = 33438112
Error: error_code = 15; Access denied: user deactivated; id = 601366012
Error: error_code = 30; This profile is private; id = 652692260
Error: error_code = 30; This profile is private; id = 271312180
Error: error_code = 30; This profile is private; id = 277534968
Error: error_code = 30; This profile is private; id = 545121065
Error: error_code = 15; Access denied: user deactivated; id = 170925891
Error: error_code = 30; This profile is private; id = 297802220
Error: error_code = 30; This profile is private; id = 212094957
Error: error_code = 30; This profile is private; id = 1139727
Error: error_code = 30; This profile is private; id = 594459559
Error: error_code = 30; This profile is private; id = 267485967
Error: error_code = 30; This profile is private; id = 603040921
Error: error_code = 30; This profile is private; id = 79991822
Error: error_code = 15; Access denied: user deactivated; id = 230648611
Error: error_code = 30; This profile is private; id = 29288189
Error: error_code = 30; This profile is private; id = 530812588
Error: error_code = 30; This profile is private; id = 5222235
Error: error_code = 30; This profile is private; id = 546262273
Error: error_code = 15; Access denied: user deactivated; id = 208383025
Error: error_code = 30; This profile is private; id = 444883690
Error: error_code = 15; Access denied: user deactivated; id = 386196691
Error: error_code = 15; Access denied: user deactivated; id = 528870779
Error: error_code = 30; This profile is private; id = 240970187
Error: error_code = 30; This profile is private; id = 122530957
Error: error_code = 15; Access denied: user deactivated; id = 421346940
Error: error_code = 30; This profile is private; id = 232071910
Error: error_code = 15; Access denied: user deactivated; id = 214022376
Error: error_code = 30; This profile is private; id = 9145925
Error: error_code = 30; This profile is private; id = 665545996
Error: error_code = 30; This profile is private; id = 417252021
Error: error_code = 30; This profile is private; id = 293933383
Error: error_code = 30; This profile is private; id = 380918460
Error: error_code = 30; This profile is private; id = 39420584
Error: error_code = 30; This profile is private; id = 192311038
Error: error_code = 15; Access denied: user deactivated; id = 353752810
Error: error_code = 15; Access denied: user deactivated; id = 194506858
Error: error_code = 30; This profile is private; id = 320873152
Error: error_code = 30; This profile is private; id = 290692434
Error: error_code = 30; This profile is private; id = 518398161
Error: error_code = 30; This profile is private; id = 273602293
Error: error_code = 15; Access denied: user deactivated; id = 365227670
Error: error_code = 30; This profile is private; id = 468251953
Error: error_code = 15; Access denied: user deactivated; id = 227947694
Error: error_code = 30; This profile is private; id = 1919372
Error: error_code = 15; Access denied: user deactivated; id = 316930123
Error: error_code = 30; This profile is private; id = 104032284
Error: error_code = 15; Access denied: user deactivated; id = 6307085
Error: error_code = 30; This profile is private; id = 276384238
Error: error_code = 15; Access denied: user deactivated; id = 303667277
Error: error_code = 15; Access denied: user deactivated; id = 256852624
Error: error_code = 15; Access denied: user deactivated; id = 710122427
Error: error_code = 30; This profile is private; id = 19117708
Error: error_code = 30; This profile is private; id = 561684791
Error: error_code = 15; Access denied: user deactivated; id = 407314849
Error: error_code = 30; This profile is private; id = 164898337
Error: error_code = 15; Access denied: user deactivated; id = 605679416
Error: error_code = 15; Access denied: user deactivated; id = 534655272
Error: error_code = 15; Access denied: user deactivated; id = 657078846
Error: error_code = 30; This profile is private; id = 366085465
Error: error_code = 30; This profile is private; id = 7024467
Error: error_code = 30; This profile is private; id = 217280530
Error: error_code = 15; Access denied: user deactivated; id = 560186964
Error: error_code = 30; This profile is private; id = 465430609
Error: error_code = 15; Access denied: user deactivated; id = 535591791
Error: error_code = 30; This profile is private; id = 577361812
Error: error_code = 30; This profile is private; id = 166703465
Error: error_code = 15; Access denied: user deactivated; id = 420213755
Error: error_code = 30; This profile is private; id = 657881785
Error: error_code = 30; This profile is private; id = 57779027
Error: error_code = 30; This profile is private; id = 26534656
Error: error_code = 30; This profile is private; id = 5032994
Error: error_code = 15; Access denied: user deactivated; id = 420930353
Error: error_code = 30; This profile is private; id = 140445982
Error: error_code = 15; Access denied: user deactivated; id = 312547322
Error: error_code = 30; This profile is private; id = 301123620
Error: error_code = 15; Access denied: user deactivated; id = 496886854
Error: error_code = 30; This profile is private; id = 200607251
Error: error_code = 30; This profile is private; id = 616312140
Error: error_code = 30; This profile is private; id = 196154075
Error: error_code = 30; This profile is private; id = 290943501
Error: error_code = 30; This profile is private; id = 16668331
Error: error_code = 30; This profile is private; id = 125117948
Error: error_code = 30; This profile is private; id = 1649603
Error: error_code = 30; This profile is private; id = 379412994
Error: error_code = 30; This profile is private; id = 537031439
Error: error_code = 15; Access denied: user deactivated; id = 344928582
Error: error_code = 30; This profile is private; id = 578630169
Error: error_code = 30; This profile is private; id = 34268973
Error: error_code = 30; This profile is private; id = 94108901
Error: error_code = 30; This profile is private; id = 120208425
Error: error_code = 30; This profile is private; id = 12176289
Error: error_code = 15; Access denied: user deactivated; id = 585612603
Error: error_code = 30; This profile is private; id = 561288493
Error: error_code = 30; This profile is private; id = 137771823
Error: error_code = 30; This profile is private; id = 176622533
Error: error_code = 15; Access denied: user deactivated; id = 520215270
Error: error_code = 15; Access denied: user deactivated; id = 178327325
Error: error_code = 30; This profile is private; id = 252049902
Error: error_code = 30; This profile is private; id = 71258947
Error: error_code = 30; This profile is private; id = 147275932
Error: error_code = 15; Access denied: user deactivated; id = 450074131
Error: error_code = 30; This profile is private; id = 622128782
Error: error_code = 30; This profile is private; id = 703340226
Error: error_code = 30; This profile is private; id = 464717474
Error: error_code = 15; Access denied: user deactivated; id = 657588934
Error: error_code = 30; This profile is private; id = 445237376
Error: error_code = 30; This profile is private; id = 367348824
Error: error_code = 30; This profile is private; id = 3266656
Error: error_code = 30; This profile is private; id = 21539502
Error: error_code = 30; This profile is private; id = 159316113
Error: error_code = 15; Access denied: user deactivated; id = 11247697
Error: error_code = 30; This profile is private; id = 193264687
Error: error_code = 30; This profile is private; id = 515774737
Error: error_code = 30; This profile is private; id = 609819868
Error: error_code = 15; Access denied: user deactivated; id = 714857711
Error: error_code = 15; Access denied: user deactivated; id = 230500036
Error: error_code = 30; This profile is private; id = 548832439
Error: error_code = 30; This profile is private; id = 564365376
Error: error_code = 15; Access denied: user deactivated; id = 403297715
Error: error_code = 30; This profile is private; id = 39293796
Error: error_code = 30; This profile is private; id = 512725479
Error: error_code = 30; This profile is private; id = 159989028
Error: error_code = 30; This profile is private; id = 315059949
Error: error_code = 30; This profile is private; id = 162811802
Error: error_code = 15; Access denied: user deactivated; id = 263483839
Error: error_code = 15; Access denied: user deactivated; id = 419542286
Error: error_code = 30; This profile is private; id = 160634952
Error: error_code = 30; This profile is private; id = 461785251
Error: error_code = 30; This profile is private; id = 455200259
Error: error_code = 30; This profile is private; id = 68048583
Error: error_code = 30; This profile is private; id = 537799583
Error: error_code = 15; Access denied: user deactivated; id = 6694148
Error: error_code = 30; This profile is private; id = 185874302
Error: error_code = 15; Access denied: user deactivated; id = 535241754
Error: error_code = 15; Access denied: user deactivated; id = 311985448
Error: error_code = 15; Access denied: user deactivated; id = 81023601
Error: error_code = 15; Access denied: user deactivated; id = 406144247
Error: error_code = 30; This profile is private; id = 154380215
Error: error_code = 15; Access denied: user deactivated; id = 413649763
Error: error_code = 30; This profile is private; id = 77924063
Error: error_code = 30; This profile is private; id = 555490410
Error: error_code = 15; Access denied: user deactivated; id = 176297264
Error: error_code = 15; Access denied: user deactivated; id = 420389002
Error: error_code = 30; This profile is private; id = 360128773
Error: error_code = 30; This profile is private; id = 12380718
Error: error_code = 30; This profile is private; id = 169731811
Error: error_code = 30; This profile is private; id = 151697118
Error: error_code = 15; Access denied: user deactivated; id = 473736449
Error: error_code = 30; This profile is private; id = 595042419
Error: error_code = 30; This profile is private; id = 627872415
Error: error_code = 30; This profile is private; id = 240466498
Error: error_code = 30; This profile is private; id = 538856495
Error: error_code = 15; Access denied: user deactivated; id = 573344173
Error: error_code = 30; This profile is private; id = 20747718
Error: error_code = 30; This profile is private; id = 610850413
Error: error_code = 15; Access denied: user deactivated; id = 491724113
Error: error_code = 30; This profile is private; id = 225410637
Error: error_code = 30; This profile is private; id = 435721212
Error: error_code = 30; This profile is private; id = 638182539
Error: error_code = 30; This profile is private; id = 591758589
Error: error_code = 15; Access denied: user deactivated; id = 259101159
Error: error_code = 30; This profile is private; id = 289737525
Error: error_code = 30; This profile is private; id = 557170758
Error: error_code = 30; This profile is private; id = 674724973
Error: error_code = 30; This profile is private; id = 212527494
Error: error_code = 15; Access denied: user deactivated; id = 546113683
Error: error_code = 15; Access denied: user deactivated; id = 362194285
Error: error_code = 30; This profile is private; id = 541117454
Error: error_code = 30; This profile is private; id = 482827871
Error: error_code = 30; This profile is private; id = 694928074
Error: error_code = 30; This profile is private; id = 224272263
Error: error_code = 30; This profile is private; id = 93458134
Error: error_code = 15; Access denied: user deactivated; id = 840447
Error: error_code = 15; Access denied: user deactivated; id = 321549441
Error: error_code = 30; This profile is private; id = 342381323
Error: error_code = 15; Access denied: user deactivated; id = 622889472
Error: error_code = 30; This profile is private; id = 203437741
Error: error_code = 30; This profile is private; id = 251274182
Error: error_code = 30; This profile is private; id = 134795094
Error: error_code = 30; This profile is private; id = 421092700
Error: error_code = 30; This profile is private; id = 370965179
Error: error_code = 15; Access denied: user deactivated; id = 210670641
Error: error_code = 15; Access denied: user deactivated; id = 705657557
Error: error_code = 30; This profile is private; id = 518229064
Error: error_code = 15; Access denied: user deactivated; id = 623991323
Error: error_code = 15; Access denied: user deactivated; id = 555825495
Error: error_code = 30; This profile is private; id = 203854628
Error: error_code = 30; This profile is private; id = 576776395
Error: error_code = 30; This profile is private; id = 36200090
Error: error_code = 30; This profile is private; id = 687817567
Error: error_code = 30; This profile is private; id = 396716380
Error: error_code = 30; This profile is private; id = 67735203
Error: error_code = 30; This profile is private; id = 160956903
Error: error_code = 30; This profile is private; id = 556556794
Error: error_code = 30; This profile is private; id = 430123986
Error: error_code = 30; This profile is private; id = 620396655
Error: error_code = 30; This profile is private; id = 664799508
Error: error_code = 30; This profile is private; id = 300833529
Error: error_code = 15; Access denied: user deactivated; id = 276354192
Error: error_code = 30; This profile is private; id = 36847531
Error: error_code = 30; This profile is private; id = 224803497
Error: error_code = 30; This profile is private; id = 299225187
Error: error_code = 15; Access denied: user deactivated; id = 655122584
Error: error_code = 30; This profile is private; id = 345415023
Error: error_code = 30; This profile is private; id = 631347228
Error: error_code = 30; This profile is private; id = 250298927
Error: error_code = 30; This profile is private; id = 351970194
Error: error_code = 30; This profile is private; id = 176495371
Error: error_code = 30; This profile is private; id = 212647940
Error: error_code = 15; Access denied: user deactivated; id = 466468858
Error: error_code = 30; This profile is private; id = 181737723
Error: error_code = 15; Access denied: user deactivated; id = 574167614
Error: error_code = 30; This profile is private; id = 475727749
Error: error_code = 30; This profile is private; id = 122568656
Error: error_code = 30; This profile is private; id = 674155883
Error: error_code = 15; Access denied: user deactivated; id = 508414884
Error: error_code = 15; Access denied: user deactivated; id = 243651496
Error: error_code = 30; This profile is private; id = 344527194
Error: error_code = 30; This profile is private; id = 419242731
Error: error_code = 30; This profile is private; id = 171824367
Error: error_code = 15; Access denied: user deactivated; id = 1886129
Error: error_code = 15; Access denied: user deactivated; id = 220238377
Error: error_code = 30; This profile is private; id = 172756869
Error: error_code = 30; This profile is private; id = 115772237
Error: error_code = 30; This profile is private; id = 102044553
Error: error_code = 30; This profile is private; id = 636333124
Error: error_code = 30; This profile is private; id = 136381880
Error: error_code = 30; This profile is private; id = 482970712
Error: error_code = 15; Access denied: user deactivated; id = 268046315
Error: error_code = 30; This profile is private; id = 49410427
Error: error_code = 15; Access denied: user deactivated; id = 337243209
Error: error_code = 30; This profile is private; id = 86175579
Error: error_code = 15; Access denied: user deactivated; id = 281760569
Error: error_code = 30; This profile is private; id = 185933335
Error: error_code = 15; Access denied: user deactivated; id = 406212665
Error: error_code = 15; Access denied: user deactivated; id = 442452248
Error: error_code = 30; This profile is private; id = 623329260
Error: error_code = 30; This profile is private; id = 25195961
Error: error_code = 30; This profile is private; id = 273500657
Error: error_code = 30; This profile is private; id = 32156458
Error: error_code = 30; This profile is private; id = 408505546
Error: error_code = 30; This profile is private; id = 313889314
Error: error_code = 30; This profile is private; id = 512290395
Error: error_code = 15; Access denied: user deactivated; id = 630178565
Error: error_code = 30; This profile is private; id = 134029012
Error: error_code = 30; This profile is private; id = 193424994
Error: error_code = 15; Access denied: user deactivated; id = 233681072
Error: error_code = 15; Access denied: user deactivated; id = 475360008
Error: error_code = 30; This profile is private; id = 7766199
Error: error_code = 30; This profile is private; id = 544382413
Error: error_code = 30; This profile is private; id = 39377155
Error: error_code = 30; This profile is private; id = 683899697
Error: error_code = 15; Access denied: user deactivated; id = 530175874
Error: error_code = 30; This profile is private; id = 577960324
Error: error_code = 15; Access denied: user deactivated; id = 534910910
Error: error_code = 15; Access denied: user deactivated; id = 182736262
Error: error_code = 15; Access denied: user deactivated; id = 243234982
Error: error_code = 30; This profile is private; id = 690018080
Error: error_code = 15; Access denied: user deactivated; id = 292630345
Error: error_code = 30; This profile is private; id = 636217430
Error: error_code = 15; Access denied: user deactivated; id = 424567276
Error: error_code = 30; This profile is private; id = 552500887
Error: error_code = 30; This profile is private; id = 713529989
Error: error_code = 30; This profile is private; id = 126358388
Error: error_code = 30; This profile is private; id = 439041283
Error: error_code = 15; Access denied: user deactivated; id = 486980611
Error: error_code = 30; This profile is private; id = 372227201
Error: error_code = 15; Access denied: user deactivated; id = 647194359
Error: error_code = 30; This profile is private; id = 454797830
Error: error_code = 15; Access denied: user deactivated; id = 631867887
Error: error_code = 30; This profile is private; id = 168616284
Error: error_code = 30; This profile is private; id = 672492064
Error: error_code = 15; Access denied: user deactivated; id = 227906019
Error: error_code = 30; This profile is private; id = 436544068
Error: error_code = 30; This profile is private; id = 685462640
Error: error_code = 30; This profile is private; id = 69774745
Error: error_code = 30; This profile is private; id = 153026642
Error: error_code = 30; This profile is private; id = 588728703
Error: error_code = 30; This profile is private; id = 213665328
Error: error_code = 30; This profile is private; id = 268813059
Error: error_code = 30; This profile is private; id = 70850833
Error: error_code = 30; This profile is private; id = 21891930
Error: error_code = 30; This profile is private; id = 77461
Error: error_code = 30; This profile is private; id = 218580402
Error: error_code = 30; This profile is private; id = 440507752
Error: error_code = 30; This profile is private; id = 3105103
Error: error_code = 30; This profile is private; id = 433216978
Error: error_code = 30; This profile is private; id = 603775747
Error: error_code = 15; Access denied: user deactivated; id = 160171521
Error: error_code = 30; This profile is private; id = 614093727
Error: error_code = 15; Access denied: user deactivated; id = 427225603
Error: error_code = 30; This profile is private; id = 698531054
Error: error_code = 15; Access denied: user deactivated; id = 620427372
Error: error_code = 30; This profile is private; id = 498160444
Error: error_code = 30; This profile is private; id = 693009470
Error: error_code = 30; This profile is private; id = 146995910
Error: error_code = 15; Access denied: user deactivated; id = 179042517
Error: error_code = 30; This profile is private; id = 587035354
Error: error_code = 15; Access denied: user deactivated; id = 283537716
Error: error_code = 30; This profile is private; id = 636665826
Error: error_code = 30; This profile is private; id = 337881948
Error: error_code = 30; This profile is private; id = 400411817
Error: error_code = 15; Access denied: user deactivated; id = 103396768
Error: error_code = 30; This profile is private; id = 313677308
Error: error_code = 30; This profile is private; id = 684094691
Error: error_code = 30; This profile is private; id = 5580947
Error: error_code = 15; Access denied: user deactivated; id = 82359049
Error: error_code = 15; Access denied: user deactivated; id = 373125398
Error: error_code = 15; Access denied: user deactivated; id = 318913230
Error: error_code = 15; Access denied: user deactivated; id = 448073950
Error: error_code = 30; This profile is private; id = 392143
Error: error_code = 30; This profile is private; id = 312860064
Error: error_code = 30; This profile is private; id = 1527678
Error: error_code = 15; Access denied: user deactivated; id = 404146463
Error: error_code = 30; This profile is private; id = 285672010
Error: error_code = 30; This profile is private; id = 210051294
Error: error_code = 30; This profile is private; id = 257642464
Error: error_code = 30; This profile is private; id = 85028764
Error: error_code = 30; This profile is private; id = 620810004
Error: error_code = 30; This profile is private; id = 715112092
Error: error_code = 30; This profile is private; id = 186774162
Error: error_code = 30; This profile is private; id = 153665352
Error: error_code = 30; This profile is private; id = 67393353
Error: error_code = 30; This profile is private; id = 209257525
Error: error_code = 30; This profile is private; id = 558860832
Error: error_code = 30; This profile is private; id = 145231912
Error: error_code = 30; This profile is private; id = 16464839
Error: error_code = 30; This profile is private; id = 443691855
Error: error_code = 15; Access denied: user deactivated; id = 676592586
Error: error_code = 30; This profile is private; id = 218417233
Error: error_code = 30; This profile is private; id = 212999888
Error: error_code = 15; Access denied: user deactivated; id = 264976275
Error: error_code = 15; Access denied: user deactivated; id = 302267372
Error: error_code = 30; This profile is private; id = 617217295
Error: error_code = 30; This profile is private; id = 494543027
Error: error_code = 30; This profile is private; id = 697668869
Error: error_code = 30; This profile is private; id = 494918515
Error: error_code = 15; Access denied: user deactivated; id = 453751257
Error: error_code = 30; This profile is private; id = 514459621
Error: error_code = 30; This profile is private; id = 563831531
Error: error_code = 30; This profile is private; id = 195803437
Error: error_code = 30; This profile is private; id = 201982905
Error: error_code = 30; This profile is private; id = 91223298
Error: error_code = 30; This profile is private; id = 116209886
Error: error_code = 15; Access denied: user deactivated; id = 196354282
Error: error_code = 30; This profile is private; id = 22515801
Error: error_code = 15; Access denied: user deactivated; id = 525425904
Error: error_code = 30; This profile is private; id = 702343879
Error: error_code = 15; Access denied: user deactivated; id = 29644202
Error: error_code = 30; This profile is private; id = 602941292
Error: error_code = 30; This profile is private; id = 704112673
Error: error_code = 15; Access denied: user deactivated; id = 210639381
Error: error_code = 30; This profile is private; id = 356317484
Error: error_code = 30; This profile is private; id = 3977478
Error: error_code = 15; Access denied: user deactivated; id = 351404612
Error: error_code = 30; This profile is private; id = 342697139
Error: error_code = 30; This profile is private; id = 306211593
Error: error_code = 30; This profile is private; id = 469902598
Error: error_code = 30; This profile is private; id = 375482356
Error: error_code = 15; Access denied: user deactivated; id = 515512207
Error: error_code = 15; Access denied: user deactivated; id = 364305825
Error: error_code = 30; This profile is private; id = 479303293
Error: error_code = 30; This profile is private; id = 615164165
Error: error_code = 15; Access denied: user deactivated; id = 218816333
Error: error_code = 15; Access denied: user deactivated; id = 222904258
Error: error_code = 15; Access denied: user deactivated; id = 251670586
Error: error_code = 30; This profile is private; id = 38130829
Error: error_code = 30; This profile is private; id = 138895484
Error: error_code = 15; Access denied: user deactivated; id = 17278081
Error: error_code = 30; This profile is private; id = 630901274
Error: error_code = 15; Access denied: user deactivated; id = 252561980
Error: error_code = 30; This profile is private; id = 20777399
Error: error_code = 30; This profile is private; id = 511084108
Error: error_code = 30; This profile is private; id = 477231355
Error: error_code = 30; This profile is private; id = 339557365
Error: error_code = 30; This profile is private; id = 245085052
Error: error_code = 30; This profile is private; id = 21713371
Error: error_code = 30; This profile is private; id = 402021237
Error: error_code = 30; This profile is private; id = 9446810
Error: error_code = 15; Access denied: user deactivated; id = 650000312
Error: error_code = 30; This profile is private; id = 18404950
Error: error_code = 30; This profile is private; id = 65450022
Error: error_code = 30; This profile is private; id = 616826927
Error: error_code = 30; This profile is private; id = 663548336
Error: error_code = 30; This profile is private; id = 685276182
Error: error_code = 30; This profile is private; id = 17506465
Error: error_code = 15; Access denied: user deactivated; id = 715041715
Error: error_code = 30; This profile is private; id = 73053311
Error: error_code = 30; This profile is private; id = 67309328
Error: error_code = 30; This profile is private; id = 7938751
Error: error_code = 30; This profile is private; id = 500578818
Error: error_code = 15; Access denied: user deactivated; id = 715185372
Error: error_code = 30; This profile is private; id = 524013418
Error: error_code = 30; This profile is private; id = 333813668
Error: error_code = 30; This profile is private; id = 591755603
Error: error_code = 30; This profile is private; id = 697411320
Error: error_code = 30; This profile is private; id = 382484514
Error: error_code = 30; This profile is private; id = 341114245
Error: error_code = 30; This profile is private; id = 8125906
Error: error_code = 15; Access denied: user deactivated; id = 658155340
Error: error_code = 15; Access denied: user deactivated; id = 396368704
Error: error_code = 15; Access denied: user deactivated; id = 97228676
Error: error_code = 15; Access denied: user deactivated; id = 703066166
Error: error_code = 15; Access denied: user deactivated; id = 35582878
Error: error_code = 30; This profile is private; id = 531763688
Error: error_code = 15; Access denied: user deactivated; id = 162688302
Error: error_code = 15; Access denied: user deactivated; id = 395849203
Error: error_code = 30; This profile is private; id = 316725615
Error: error_code = 30; This profile is private; id = 151080900
Error: error_code = 30; This profile is private; id = 367496558
Error: error_code = 15; Access denied: user deactivated; id = 439632492
Error: error_code = 15; Access denied: user deactivated; id = 219451042
Error: error_code = 30; This profile is private; id = 34246663
Error: error_code = 30; This profile is private; id = 380970979
Error: error_code = 30; This profile is private; id = 20616839
Error: error_code = 30; This profile is private; id = 456566859
Error: error_code = 15; Access denied: user deactivated; id = 56304371
Error: error_code = 30; This profile is private; id = 523204819
Error: error_code = 30; This profile is private; id = 332787067
Error: error_code = 30; This profile is private; id = 628977094
Error: error_code = 30; This profile is private; id = 535473941
Error: error_code = 30; This profile is private; id = 70250371
Error: error_code = 30; This profile is private; id = 118855346
Error: error_code = 15; Access denied: user deactivated; id = 553446503
Error: error_code = 30; This profile is private; id = 614348641
Error: error_code = 15; Access denied: user deactivated; id = 68903046
Error: error_code = 15; Access denied: user deactivated; id = 141198161
Error: error_code = 30; This profile is private; id = 129091363
Error: error_code = 30; This profile is private; id = 623824321
Error: error_code = 15; Access denied: user deactivated; id = 569378946
Error: error_code = 30; This profile is private; id = 303074314
Error: error_code = 30; This profile is private; id = 473693585
Error: error_code = 15; Access denied: user deactivated; id = 388630519
Error: error_code = 30; This profile is private; id = 82039543
Error: error_code = 30; This profile is private; id = 82058331
Error: error_code = 30; This profile is private; id = 251957359
Error: error_code = 30; This profile is private; id = 540631825
Error: error_code = 30; This profile is private; id = 15012157
Error: error_code = 30; This profile is private; id = 321278377
Error: error_code = 15; Access denied: user deactivated; id = 382283998
Error: error_code = 15; Access denied: user deactivated; id = 629740131
Error: error_code = 15; Access denied: user deactivated; id = 363814298
Error: error_code = 15; Access denied: user deactivated; id = 532761496
Error: error_code = 15; Access denied: user deactivated; id = 683143937
Error: error_code = 30; This profile is private; id = 204000140
Error: error_code = 30; This profile is private; id = 225415642
Error: error_code = 30; This profile is private; id = 20268884
Error: error_code = 30; This profile is private; id = 682939145
Error: error_code = 15; Access denied: user deactivated; id = 485511271
Error: error_code = 15; Access denied: user deactivated; id = 425347960
Error: error_code = 30; This profile is private; id = 617082231
Error: error_code = 30; This profile is private; id = 514625493
Error: error_code = 30; This profile is private; id = 107409720
Error: error_code = 15; Access denied: user deactivated; id = 224677371
Error: error_code = 15; Access denied: user deactivated; id = 185042298
Error: error_code = 15; Access denied: user deactivated; id = 699094714
Error: error_code = 15; Access denied: user deactivated; id = 430555983
Error: error_code = 30; This profile is private; id = 86679865
Error: error_code = 15; Access denied: user deactivated; id = 702007660
Error: error_code = 15; Access denied: user deactivated; id = 364998745
Error: error_code = 30; This profile is private; id = 612567671
Error: error_code = 30; This profile is private; id = 134961191
Error: error_code = 30; This profile is private; id = 521520548
Error: error_code = 30; This profile is private; id = 176233935
Error: error_code = 30; This profile is private; id = 520947947
Error: error_code = 30; This profile is private; id = 244745672
Error: error_code = 30; This profile is private; id = 704170092
Error: error_code = 30; This profile is private; id = 132553014
Error: error_code = 15; Access denied: user deactivated; id = 202607564
Error: error_code = 15; Access denied: user deactivated; id = 266604223
Error: error_code = 15; Access denied: user deactivated; id = 476044753
Error: error_code = 15; Access denied: user deactivated; id = 571521574
Error: error_code = 30; This profile is private; id = 187449546
Error: error_code = 30; This profile is private; id = 524368370
Error: error_code = 30; This profile is private; id = 311191210
Error: error_code = 30; This profile is private; id = 530144966
Error: error_code = 30; This profile is private; id = 613630842
Error: error_code = 30; This profile is private; id = 633107044
Error: error_code = 15; Access denied: user deactivated; id = 33710592
Error: error_code = 30; This profile is private; id = 29305719
Error: error_code = 15; Access denied: user deactivated; id = 403212313
Error: error_code = 15; Access denied: user deactivated; id = 192885644
Error: error_code = 30; This profile is private; id = 282809651
Error: error_code = 30; This profile is private; id = 20043948
Error: error_code = 30; This profile is private; id = 476016722
Error: error_code = 30; This profile is private; id = 22844453
Error: error_code = 30; This profile is private; id = 374383341
Error: error_code = 30; This profile is private; id = 613303498
Error: error_code = 30; This profile is private; id = 439510919
Error: error_code = 30; This profile is private; id = 29700905
Error: error_code = 30; This profile is private; id = 647140152
Error: error_code = 30; This profile is private; id = 417438266
Error: error_code = 30; This profile is private; id = 573542713
Error: error_code = 30; This profile is private; id = 100976136
Error: error_code = 15; Access denied: user deactivated; id = 27431170
Error: error_code = 15; Access denied: user deactivated; id = 30204031
Error: error_code = 30; This profile is private; id = 55749518
Error: error_code = 30; This profile is private; id = 105084798
Error: error_code = 30; This profile is private; id = 560669878
Error: error_code = 15; Access denied: user deactivated; id = 156223191
Error: error_code = 30; This profile is private; id = 204714452
Error: error_code = 15; Access denied: user deactivated; id = 228679884
Error: error_code = 15; Access denied: user deactivated; id = 17662002
Error: error_code = 30; This profile is private; id = 599417215
Error: error_code = 30; This profile is private; id = 467767415
Error: error_code = 30; This profile is private; id = 411972809
Error: error_code = 30; This profile is private; id = 446492925
Error: error_code = 15; Access denied: user deactivated; id = 336255311
Error: error_code = 30; This profile is private; id = 521535873
Error: error_code = 30; This profile is private; id = 465801072
Error: error_code = 30; This profile is private; id = 320497930
Error: error_code = 30; This profile is private; id = 76680509
Error: error_code = 30; This profile is private; id = 574707214
Error: error_code = 15; Access denied: user deactivated; id = 683145298
Error: error_code = 30; This profile is private; id = 159472183
Error: error_code = 30; This profile is private; id = 252390230
Error: error_code = 30; This profile is private; id = 12695681
Error: error_code = 30; This profile is private; id = 411232934
Error: error_code = 15; Access denied: user deactivated; id = 355032901
Error: error_code = 15; Access denied: user deactivated; id = 89031733
Error: error_code = 15; Access denied: user deactivated; id = 501506686
Error: error_code = 15; Access denied: user deactivated; id = 312705394
Error: error_code = 15; Access denied: user deactivated; id = 275950963
Error: error_code = 15; Access denied: user deactivated; id = 8942661
Error: error_code = 15; Access denied: user deactivated; id = 221828763
Error: error_code = 30; This profile is private; id = 500492437
Error: error_code = 30; This profile is private; id = 613598990
Error: error_code = 15; Access denied: user deactivated; id = 14670355
Error: error_code = 30; This profile is private; id = 707313783
Error: error_code = 30; This profile is private; id = 660907701
Error: error_code = 30; This profile is private; id = 640736839
Error: error_code = 30; This profile is private; id = 342774408
Error: error_code = 30; This profile is private; id = 574065015
Error: error_code = 30; This profile is private; id = 435000403
Error: error_code = 15; Access denied: user deactivated; id = 692067862
Error: error_code = 30; This profile is private; id = 250576109
Error: error_code = 30; This profile is private; id = 507937180
Error: error_code = 30; This profile is private; id = 164309894
Error: error_code = 30; This profile is private; id = 348859386
Error: error_code = 30; This profile is private; id = 246170024
Error: error_code = 30; This profile is private; id = 666222403
Error: error_code = 30; This profile is private; id = 561171401
Error: error_code = 15; Access denied: user deactivated; id = 400170304
Error: error_code = 30; This profile is private; id = 128043818
Error: error_code = 30; This profile is private; id = 566838008
Error: error_code = 30; This profile is private; id = 498485722
Error: error_code = 15; Access denied: user deactivated; id = 346577780
Error: error_code = 30; This profile is private; id = 617007324
Error: error_code = 15; Access denied: user deactivated; id = 435070118
Error: error_code = 15; Access denied: user deactivated; id = 188124713
Error: error_code = 30; This profile is private; id = 164786358
Error: error_code = 30; This profile is private; id = 483548656
Error: error_code = 30; This profile is private; id = 327480335
Error: error_code = 30; This profile is private; id = 595424852
Error: error_code = 15; Access denied: user deactivated; id = 211163390
Error: error_code = 30; This profile is private; id = 41686254
Error: error_code = 15; Access denied: user deactivated; id = 202569100
Error: error_code = 15; Access denied: user deactivated; id = 576284765
Error: error_code = 30; This profile is private; id = 300975388
Error: error_code = 15; Access denied: user deactivated; id = 354778299
Error: error_code = 30; This profile is private; id = 176719896
Error: error_code = 30; This profile is private; id = 453356821
Error: error_code = 30; This profile is private; id = 632511396
Error: error_code = 30; This profile is private; id = 521501645
Error: error_code = 30; This profile is private; id = 644315448
Error: error_code = 30; This profile is private; id = 663868529
Error: error_code = 15; Access denied: user deactivated; id = 349739803
Error: error_code = 30; This profile is private; id = 20387379
Error: error_code = 15; Access denied: user deactivated; id = 286843014
Error: error_code = 30; This profile is private; id = 394647588
Error: error_code = 30; This profile is private; id = 377611918
Error: error_code = 30; This profile is private; id = 459771372
Error: error_code = 15; Access denied: user deactivated; id = 356738419
Error: error_code = 30; This profile is private; id = 303171155
Error: error_code = 15; Access denied: user deactivated; id = 101911679
Error: error_code = 30; This profile is private; id = 53702584
Error: error_code = 30; This profile is private; id = 153426510
Error: error_code = 15; Access denied: user deactivated; id = 459277490
Error: error_code = 15; Access denied: user deactivated; id = 578276650
Error: error_code = 30; This profile is private; id = 493959488
Error: error_code = 15; Access denied: user deactivated; id = 5823635
Error: error_code = 30; This profile is private; id = 260296123
Error: error_code = 15; Access denied: user deactivated; id = 685637148
Error: error_code = 30; This profile is private; id = 111594031
Error: error_code = 30; This profile is private; id = 583923360
Error: error_code = 30; This profile is private; id = 435529962
Error: error_code = 15; Access denied: user deactivated; id = 149087806
Error: error_code = 30; This profile is private; id = 417890412
Error: error_code = 30; This profile is private; id = 474287330
Error: error_code = 30; This profile is private; id = 710516904
Error: error_code = 30; This profile is private; id = 444461712
Error: error_code = 30; This profile is private; id = 1446026
Error: error_code = 15; Access denied: user deactivated; id = 582422747
Error: error_code = 30; This profile is private; id = 151341571
Error: error_code = 30; This profile is private; id = 630801187
Error: error_code = 15; Access denied: user deactivated; id = 276425574
Error: error_code = 30; This profile is private; id = 19821549
Error: error_code = 15; Access denied: user deactivated; id = 512923013
Error: error_code = 15; Access denied: user deactivated; id = 155202335
Error: error_code = 15; Access denied: user deactivated; id = 316140898
Error: error_code = 15; Access denied: user deactivated; id = 229211160
Error: error_code = 30; This profile is private; id = 352888848
Error: error_code = 30; This profile is private; id = 275129210
Error: error_code = 15; Access denied: user deactivated; id = 141447330
Error: error_code = 15; Access denied: user deactivated; id = 29191545
Error: error_code = 15; Access denied: user deactivated; id = 560169860
Error: error_code = 15; Access denied: user deactivated; id = 546237298
Error: error_code = 30; This profile is private; id = 20687790
Error: error_code = 30; This profile is private; id = 25947960
Error: error_code = 15; Access denied: user deactivated; id = 158969059
Error: error_code = 30; This profile is private; id = 179829943
Error: error_code = 15; Access denied: user deactivated; id = 591576091
Error: error_code = 15; Access denied: user deactivated; id = 442275987
Error: error_code = 30; This profile is private; id = 530066611
Error: error_code = 15; Access denied: user deactivated; id = 582015995
Error: error_code = 30; This profile is private; id = 596077842
Error: error_code = 30; This profile is private; id = 210964991
Error: error_code = 30; This profile is private; id = 21935638
Error: error_code = 30; This profile is private; id = 560736865
Error: error_code = 30; This profile is private; id = 62378439
Error: error_code = 15; Access denied: user deactivated; id = 413869599
Error: error_code = 30; This profile is private; id = 532259404
Error: error_code = 30; This profile is private; id = 94863166
Error: error_code = 15; Access denied: user deactivated; id = 201523339
Error: error_code = 15; Access denied: user deactivated; id = 534236999
Error: error_code = 30; This profile is private; id = 497786965
Error: error_code = 15; Access denied: user deactivated; id = 537066749
Error: error_code = 30; This profile is private; id = 34247537
Error: error_code = 30; This profile is private; id = 383165880
Error: error_code = 30; This profile is private; id = 644867369
Error: error_code = 15; Access denied: user deactivated; id = 233349484
Error: error_code = 15; Access denied: user deactivated; id = 201480728
Error: error_code = 15; Access denied: user deactivated; id = 686581494
Error: error_code = 15; Access denied: user deactivated; id = 188566079
Error: error_code = 30; This profile is private; id = 603578048
Error: error_code = 30; This profile is private; id = 620715737
Error: error_code = 30; This profile is private; id = 186001685
Error: error_code = 30; This profile is private; id = 427094014
Error: error_code = 30; This profile is private; id = 394580435
Error: error_code = 15; Access denied: user deactivated; id = 202666575
Error: error_code = 30; This profile is private; id = 378257197
Error: error_code = 15; Access denied: user deactivated; id = 432198453
Error: error_code = 15; Access denied: user deactivated; id = 11285395
Error: error_code = 30; This profile is private; id = 71810570
Error: error_code = 30; This profile is private; id = 6271509
Error: error_code = 15; Access denied: user deactivated; id = 150753325
Error: error_code = 30; This profile is private; id = 529941009
Error: error_code = 30; This profile is private; id = 412047816
Error: error_code = 30; This profile is private; id = 600722
Error: error_code = 15; Access denied: user deactivated; id = 416340660
Error: error_code = 15; Access denied: user deactivated; id = 340390233
Error: error_code = 30; This profile is private; id = 610408242
Error: error_code = 30; This profile is private; id = 76300766
Error: error_code = 15; Access denied: user deactivated; id = 136336243
Error: error_code = 30; This profile is private; id = 399031501
Error: error_code = 30; This profile is private; id = 511284969
Error: error_code = 30; This profile is private; id = 41726456
Error: error_code = 15; Access denied: user deactivated; id = 391678935
Error: error_code = 30; This profile is private; id = 544138444
Error: error_code = 15; Access denied: user deactivated; id = 150500354
Error: error_code = 30; This profile is private; id = 219216158
Error: error_code = 15; Access denied: user deactivated; id = 581655156
Error: error_code = 15; Access denied: user deactivated; id = 229359400
Error: error_code = 15; Access denied: user deactivated; id = 513813999
Error: error_code = 30; This profile is private; id = 20123317
Error: error_code = 30; This profile is private; id = 235261417
Error: error_code = 30; This profile is private; id = 305951510
Error: error_code = 15; Access denied: user deactivated; id = 247746093
Error: error_code = 30; This profile is private; id = 170615869
Error: error_code = 30; This profile is private; id = 612964906
Error: error_code = 30; This profile is private; id = 156195403
Error: error_code = 15; Access denied: user deactivated; id = 202519237
Error: error_code = 30; This profile is private; id = 7384412
Error: error_code = 15; Access denied: user deactivated; id = 519814855
Error: error_code = 30; This profile is private; id = 448571835
Error: error_code = 30; This profile is private; id = 591549762
Error: error_code = 15; Access denied: user deactivated; id = 211534549
Error: error_code = 30; This profile is private; id = 574356114
Error: error_code = 30; This profile is private; id = 143864488
Error: error_code = 30; This profile is private; id = 232094085
Error: error_code = 30; This profile is private; id = 281787424
Error: error_code = 30; This profile is private; id = 627686207
Error: error_code = 15; Access denied: user deactivated; id = 703116769
Error: error_code = 15; Access denied: user deactivated; id = 297126657
Error: error_code = 30; This profile is private; id = 596228614
Error: error_code = 15; Access denied: user deactivated; id = 156647949
Error: error_code = 30; This profile is private; id = 127662027
Error: error_code = 30; This profile is private; id = 331277589
Error: error_code = 15; Access denied: user deactivated; id = 534612704
Error: error_code = 30; This profile is private; id = 84660858
Error: error_code = 15; Access denied: user deactivated; id = 225886523
Error: error_code = 30; This profile is private; id = 26384103
Error: error_code = 15; Access denied: user deactivated; id = 325896645
Error: error_code = 30; This profile is private; id = 163179819
Error: error_code = 30; This profile is private; id = 80926231
Error: error_code = 30; This profile is private; id = 581648483
Error: error_code = 30; This profile is private; id = 499386409
Error: error_code = 30; This profile is private; id = 80424903
Error: error_code = 30; This profile is private; id = 653219379
Error: error_code = 30; This profile is private; id = 431675477
Error: error_code = 15; Access denied: user deactivated; id = 177949910
Error: error_code = 30; This profile is private; id = 70403435
Error: error_code = 15; Access denied: user deactivated; id = 398137404
Error: error_code = 15; Access denied: user deactivated; id = 19777414
Error: error_code = 30; This profile is private; id = 405330494
Error: error_code = 30; This profile is private; id = 596942989
Error: error_code = 15; Access denied: user deactivated; id = 356831363
Error: error_code = 30; This profile is private; id = 212693488
Error: error_code = 15; Access denied: user deactivated; id = 220789069
Error: error_code = 30; This profile is private; id = 448874753
Error: error_code = 30; This profile is private; id = 687997008
Error: error_code = 15; Access denied: user deactivated; id = 229473515
Error: error_code = 15; Access denied: user deactivated; id = 29163865
Error: error_code = 30; This profile is private; id = 365686026
Error: error_code = 30; This profile is private; id = 12521427
Error: error_code = 30; This profile is private; id = 473113114
Error: error_code = 15; Access denied: user deactivated; id = 145168181
Error: error_code = 30; This profile is private; id = 182503911
Error: error_code = 30; This profile is private; id = 674232304
Error: error_code = 15; Access denied: user deactivated; id = 153894096
Error: error_code = 30; This profile is private; id = 522417439
Error: error_code = 30; This profile is private; id = 243248891
Error: error_code = 15; Access denied: user deactivated; id = 197321433
Error: error_code = 15; Access denied: user deactivated; id = 251008464
Error: error_code = 15; Access denied: user deactivated; id = 505261342
Error: error_code = 30; This profile is private; id = 182236308
Error: error_code = 30; This profile is private; id = 24407663
Error: error_code = 30; This profile is private; id = 133482756
Error: error_code = 15; Access denied: user deactivated; id = 370186939
Error: error_code = 30; This profile is private; id = 492283401
Error: error_code = 15; Access denied: user deactivated; id = 428109312
Error: error_code = 15; Access denied: user deactivated; id = 560176646
Error: error_code = 30; This profile is private; id = 430755561
Error: error_code = 15; Access denied: user deactivated; id = 209389760
Error: error_code = 30; This profile is private; id = 703153251
Error: error_code = 30; This profile is private; id = 553355500
Error: error_code = 30; This profile is private; id = 687987607
Error: error_code = 30; This profile is private; id = 56361622
Error: error_code = 30; This profile is private; id = 317237530
Error: error_code = 15; Access denied: user deactivated; id = 252611658
Error: error_code = 30; This profile is private; id = 449351808
Error: error_code = 30; This profile is private; id = 226017414
Error: error_code = 30; This profile is private; id = 359779723
Error: error_code = 30; This profile is private; id = 104894548
Error: error_code = 30; This profile is private; id = 316830519
Error: error_code = 15; Access denied: user deactivated; id = 172366334
Error: error_code = 15; Access denied: user deactivated; id = 167177348
Error: error_code = 30; This profile is private; id = 107990506
Error: error_code = 30; This profile is private; id = 42837411
Error: error_code = 15; Access denied: user deactivated; id = 263171588
Error: error_code = 30; This profile is private; id = 61000538
Error: error_code = 30; This profile is private; id = 138864198
Error: error_code = 15; Access denied: user deactivated; id = 695429830
Error: error_code = 30; This profile is private; id = 106792188
Error: error_code = 30; This profile is private; id = 550246148
Error: error_code = 15; Access denied: user deactivated; id = 347649984
Error: error_code = 15; Access denied: user deactivated; id = 407241338
Error: error_code = 30; This profile is private; id = 603293234
Error: error_code = 15; Access denied: user deactivated; id = 352635857
Error: error_code = 30; This profile is private; id = 705395806
Error: error_code = 15; Access denied: user deactivated; id = 370226337
Error: error_code = 30; This profile is private; id = 574982019
Error: error_code = 15; Access denied: user deactivated; id = 223070160
Error: error_code = 30; This profile is private; id = 354438639
Error: error_code = 30; This profile is private; id = 5141341
Error: error_code = 30; This profile is private; id = 526488261
Error: error_code = 15; Access denied: user deactivated; id = 223959217
Error: error_code = 30; This profile is private; id = 583425974
Error: error_code = 30; This profile is private; id = 327589266
Error: error_code = 30; This profile is private; id = 140532142
Error: error_code = 30; This profile is private; id = 265905308
Error: error_code = 15; Access denied: user deactivated; id = 356050476
Error: error_code = 30; This profile is private; id = 141159109
Error: error_code = 30; This profile is private; id = 553425522
Error: error_code = 30; This profile is private; id = 699237426
Error: error_code = 30; This profile is private; id = 138282555
Error: error_code = 30; This profile is private; id = 570372747
Error: error_code = 30; This profile is private; id = 552087123
Error: error_code = 30; This profile is private; id = 159976975
Error: error_code = 30; This profile is private; id = 515032155
Error: error_code = 30; This profile is private; id = 495110782
Error: error_code = 30; This profile is private; id = 267194612
Error: error_code = 30; This profile is private; id = 657449006
Error: error_code = 30; This profile is private; id = 23488385
Error: error_code = 30; This profile is private; id = 72694824
Error: error_code = 15; Access denied: user deactivated; id = 144736478
Error: error_code = 30; This profile is private; id = 70032566
Error: error_code = 30; This profile is private; id = 4425653
Error: error_code = 15; Access denied: user deactivated; id = 363136476
Error: error_code = 15; Access denied: user deactivated; id = 464004693
Error: error_code = 30; This profile is private; id = 59954981
Error: error_code = 30; This profile is private; id = 711697457
Error: error_code = 30; This profile is private; id = 397921194
Error: error_code = 15; Access denied: user deactivated; id = 248582466
Error: error_code = 15; Access denied: user deactivated; id = 614295528
Error: error_code = 15; Access denied: user deactivated; id = 187029697
Error: error_code = 30; This profile is private; id = 422564502
Error: error_code = 15; Access denied: user deactivated; id = 370187821
Error: error_code = 30; This profile is private; id = 570247602
Error: error_code = 30; This profile is private; id = 537407812
Error: error_code = 15; Access denied: user deactivated; id = 529151725
Error: error_code = 15; Access denied: user deactivated; id = 488459872
Error: error_code = 30; This profile is private; id = 222819555
Error: error_code = 30; This profile is private; id = 21263847
Error: error_code = 15; Access denied: user deactivated; id = 228940528
Error: error_code = 30; This profile is private; id = 433707594
Error: error_code = 30; This profile is private; id = 66063814
Error: error_code = 30; This profile is private; id = 289773588
Error: error_code = 15; Access denied: user deactivated; id = 219621848
Error: error_code = 30; This profile is private; id = 246170897
Error: error_code = 30; This profile is private; id = 499382238
Error: error_code = 30; This profile is private; id = 1269900
Error: error_code = 15; Access denied: user deactivated; id = 612150392
Error: error_code = 15; Access denied: user deactivated; id = 231626221
Error: error_code = 15; Access denied: user deactivated; id = 679433520
Error: error_code = 30; This profile is private; id = 274413302
Error: error_code = 15; Access denied: user deactivated; id = 583803574
Error: error_code = 15; Access denied: user deactivated; id = 347808330
Error: error_code = 15; Access denied: user deactivated; id = 3171703
Error: error_code = 30; This profile is private; id = 200244437
Error: error_code = 30; This profile is private; id = 713854599
Error: error_code = 30; This profile is private; id = 407505458
Error: error_code = 30; This profile is private; id = 418177338
Error: error_code = 30; This profile is private; id = 226168890
Error: error_code = 15; Access denied: user deactivated; id = 257062851
Error: error_code = 30; This profile is private; id = 370009501
Error: error_code = 30; This profile is private; id = 447676754
Error: error_code = 15; Access denied: user deactivated; id = 243187761
Error: error_code = 30; This profile is private; id = 17085767
Error: error_code = 30; This profile is private; id = 459044792
Error: error_code = 30; This profile is private; id = 38058822
Error: error_code = 30; This profile is private; id = 580294433
Error: error_code = 15; Access denied: user deactivated; id = 232115045
Error: error_code = 30; This profile is private; id = 21380994
Error: error_code = 30; This profile is private; id = 431628383
Error: error_code = 15; Access denied: user deactivated; id = 663267144
Error: error_code = 15; Access denied: user deactivated; id = 492813526
Error: error_code = 15; Access denied: user deactivated; id = 268766992
Error: error_code = 15; Access denied: user deactivated; id = 715182845
Error: error_code = 30; This profile is private; id = 96522215
Error: error_code = 15; Access denied: user deactivated; id = 645302656
Error: error_code = 30; This profile is private; id = 78934346
Error: error_code = 30; This profile is private; id = 498559238
Error: error_code = 15; Access denied: user deactivated; id = 77007070
Error: error_code = 15; Access denied: user deactivated; id = 547379308
Error: error_code = 30; This profile is private; id = 564578743
Error: error_code = 30; This profile is private; id = 511730356
Error: error_code = 30; This profile is private; id = 71555244
Error: error_code = 30; This profile is private; id = 90486480
Error: error_code = 30; This profile is private; id = 246330186
Error: error_code = 30; This profile is private; id = 591377198
Error: error_code = 30; This profile is private; id = 137332765
Error: error_code = 30; This profile is private; id = 134157872
Error: error_code = 15; Access denied: user deactivated; id = 483107715
Error: error_code = 30; This profile is private; id = 553692737
Error: error_code = 30; This profile is private; id = 370239415
Error: error_code = 30; This profile is private; id = 588510282
Error: error_code = 15; Access denied: user deactivated; id = 239939480
Error: error_code = 30; This profile is private; id = 221021281
Error: error_code = 15; Access denied: user deactivated; id = 87037638
Error: error_code = 30; This profile is private; id = 312888617
Error: error_code = 15; Access denied: user deactivated; id = 289504633
Error: error_code = 15; Access denied: user deactivated; id = 430444664
Error: error_code = 30; This profile is private; id = 134758622
Error: error_code = 30; This profile is private; id = 40286436
Error: error_code = 15; Access denied: user deactivated; id = 585679725
Error: error_code = 30; This profile is private; id = 486086815
Error: error_code = 15; Access denied: user deactivated; id = 227948361
Error: error_code = 30; This profile is private; id = 468639008
Error: error_code = 15; Access denied: user deactivated; id = 547322192
Error: error_code = 30; This profile is private; id = 51293214
Error: error_code = 30; This profile is private; id = 111384276
Error: error_code = 15; Access denied: user deactivated; id = 290668667
Error: error_code = 30; This profile is private; id = 507007231
Error: error_code = 30; This profile is private; id = 552418798
Error: error_code = 30; This profile is private; id = 487011253
Error: error_code = 30; This profile is private; id = 47049066
Error: error_code = 30; This profile is private; id = 505898389
Error: error_code = 30; This profile is private; id = 68411341
Error: error_code = 30; This profile is private; id = 563673198
Error: error_code = 30; This profile is private; id = 621377071
Error: error_code = 30; This profile is private; id = 31263754
Error: error_code = 30; This profile is private; id = 8619879
Error: error_code = 30; This profile is private; id = 57557030
Error: error_code = 15; Access denied: user deactivated; id = 193698809
Error: error_code = 30; This profile is private; id = 142143976
Error: error_code = 30; This profile is private; id = 2747664
Error: error_code = 30; This profile is private; id = 543596131
Error: error_code = 30; This profile is private; id = 14484457
Error: error_code = 30; This profile is private; id = 239269768
Error: error_code = 15; Access denied: user deactivated; id = 484856302
Error: error_code = 30; This profile is private; id = 97348874
Error: error_code = 30; This profile is private; id = 70015319
Error: error_code = 15; Access denied: user deactivated; id = 298220745
Error: error_code = 30; This profile is private; id = 607193493
Error: error_code = 30; This profile is private; id = 481579807
Error: error_code = 30; This profile is private; id = 564511668
Error: error_code = 15; Access denied: user deactivated; id = 8708759
Error: error_code = 15; Access denied: user deactivated; id = 365062329
Error: error_code = 30; This profile is private; id = 94034358
Error: error_code = 15; Access denied: user deactivated; id = 295364738
Error: error_code = 30; This profile is private; id = 15743602
Error: error_code = 15; Access denied: user deactivated; id = 647149149
Error: error_code = 30; This profile is private; id = 656126483
Error: error_code = 15; Access denied: user deactivated; id = 407796406
Error: error_code = 30; This profile is private; id = 446421056
Error: error_code = 30; This profile is private; id = 72649170
Error: error_code = 30; This profile is private; id = 14052294
Error: error_code = 30; This profile is private; id = 140174610
Error: error_code = 30; This profile is private; id = 658980396
Error: error_code = 30; This profile is private; id = 24957499
Error: error_code = 15; Access denied: user deactivated; id = 17892122
Error: error_code = 15; Access denied: user deactivated; id = 505682885
Error: error_code = 15; Access denied: user deactivated; id = 211434767
Error: error_code = 30; This profile is private; id = 540609530
Error: error_code = 15; Access denied: user deactivated; id = 215920156
Error: error_code = 15; Access denied: user deactivated; id = 417796637
Error: error_code = 15; Access denied: user deactivated; id = 522032309
Error: error_code = 30; This profile is private; id = 581227735
Error: error_code = 30; This profile is private; id = 468574400
Error: error_code = 30; This profile is private; id = 304266903
Error: error_code = 30; This profile is private; id = 406702817
Error: error_code = 15; Access denied: user deactivated; id = 400342175
Error: error_code = 30; This profile is private; id = 193656349
Error: error_code = 15; Access denied: user deactivated; id = 235303450
Error: error_code = 30; This profile is private; id = 441219122
Error: error_code = 15; Access denied: user deactivated; id = 221835818
Error: error_code = 30; This profile is private; id = 292610965
Error: error_code = 30; This profile is private; id = 253421087
Error: error_code = 30; This profile is private; id = 470927839
Error: error_code = 30; This profile is private; id = 178729549
Error: error_code = 30; This profile is private; id = 421124210
Error: error_code = 30; This profile is private; id = 547168085
Error: error_code = 30; This profile is private; id = 681698308
Error: error_code = 30; This profile is private; id = 605332021
Error: error_code = 15; Access denied: user deactivated; id = 313218264
Error: error_code = 30; This profile is private; id = 609445678
Error: error_code = 15; Access denied: user deactivated; id = 396378400
Error: error_code = 30; This profile is private; id = 330002207
Error: error_code = 30; This profile is private; id = 321348972
Error: error_code = 15; Access denied: user deactivated; id = 199736750
Error: error_code = 30; This profile is private; id = 2043279
Error: error_code = 15; Access denied: user deactivated; id = 219542162
Error: error_code = 30; This profile is private; id = 404591784
Error: error_code = 30; This profile is private; id = 118960410
Error: error_code = 30; This profile is private; id = 316104107
Error: error_code = 30; This profile is private; id = 2765557
Error: error_code = 30; This profile is private; id = 327627291
Error: error_code = 30; This profile is private; id = 557685086
Error: error_code = 30; This profile is private; id = 412767902
Error: error_code = 30; This profile is private; id = 438372719
Error: error_code = 30; This profile is private; id = 429989340
Error: error_code = 30; This profile is private; id = 453529268
Error: error_code = 30; This profile is private; id = 559482110
Error: error_code = 30; This profile is private; id = 588647814
Error: error_code = 30; This profile is private; id = 597214704
Error: error_code = 30; This profile is private; id = 310169470
Error: error_code = 15; Access denied: user deactivated; id = 417766014
Error: error_code = 15; Access denied: user deactivated; id = 681666264
Error: error_code = 15; Access denied: user deactivated; id = 472218174
Error: error_code = 15; Access denied: user deactivated; id = 7402489
Error: error_code = 30; This profile is private; id = 323317230
Error: error_code = 30; This profile is private; id = 164116566
Error: error_code = 30; This profile is private; id = 22576297
Error: error_code = 30; This profile is private; id = 209882456
Error: error_code = 30; This profile is private; id = 656840904
Error: error_code = 30; This profile is private; id = 547154797
Error: error_code = 15; Access denied: user deactivated; id = 404992913
Error: error_code = 30; This profile is private; id = 6784597
Error: error_code = 30; This profile is private; id = 262790996
Error: error_code = 30; This profile is private; id = 656358870
Error: error_code = 15; Access denied: user deactivated; id = 703572299
Error: error_code = 30; This profile is private; id = 33905751
Error: error_code = 30; This profile is private; id = 24519004
Error: error_code = 30; This profile is private; id = 634477958
Error: error_code = 15; Access denied: user deactivated; id = 211855945
Error: error_code = 30; This profile is private; id = 179193365
Error: error_code = 30; This profile is private; id = 199552733
Error: error_code = 30; This profile is private; id = 652577950
Error: error_code = 30; This profile is private; id = 519648885
Error: error_code = 30; This profile is private; id = 373905885
Error: error_code = 30; This profile is private; id = 323995228
Error: error_code = 30; This profile is private; id = 604282341
Error: error_code = 30; This profile is private; id = 51868809
Error: error_code = 15; Access denied: user deactivated; id = 171919303
Error: error_code = 30; This profile is private; id = 216861187
Error: error_code = 15; Access denied: user deactivated; id = 666450688
Error: error_code = 30; This profile is private; id = 419468691
Error: error_code = 30; This profile is private; id = 16634532
Error: error_code = 30; This profile is private; id = 538761947
Error: error_code = 30; This profile is private; id = 26973370
Error: error_code = 30; This profile is private; id = 510378100
Error: error_code = 15; Access denied: user deactivated; id = 711113558
Error: error_code = 15; Access denied: user deactivated; id = 176641992
Error: error_code = 15; Access denied: user deactivated; id = 480098889
Error: error_code = 30; This profile is private; id = 353126555
Error: error_code = 30; This profile is private; id = 77880726
Error: error_code = 30; This profile is private; id = 258836843
Error: error_code = 30; This profile is private; id = 519610504
Error: error_code = 15; Access denied: user deactivated; id = 163220069
Error: error_code = 30; This profile is private; id = 30443646
Error: error_code = 30; This profile is private; id = 1252750
Error: error_code = 30; This profile is private; id = 613013105
Error: error_code = 15; Access denied: user deactivated; id = 221407568
Error: error_code = 30; This profile is private; id = 46954472
Error: error_code = 30; This profile is private; id = 506265696
Error: error_code = 30; This profile is private; id = 352355989
Error: error_code = 30; This profile is private; id = 700512253
Error: error_code = 30; This profile is private; id = 78156848
Error: error_code = 15; Access denied: user deactivated; id = 102214418
Error: error_code = 15; Access denied: user deactivated; id = 666054158
Error: error_code = 30; This profile is private; id = 269222312
Error: error_code = 30; This profile is private; id = 162937045
Error: error_code = 30; This profile is private; id = 633237121
Error: error_code = 30; This profile is private; id = 134115850
Error: error_code = 30; This profile is private; id = 359450461
Error: error_code = 15; Access denied: user deactivated; id = 420709229
Error: error_code = 15; Access denied: user deactivated; id = 27521535
Error: error_code = 30; This profile is private; id = 532110293
Error: error_code = 15; Access denied: user deactivated; id = 75722320
Error: error_code = 30; This profile is private; id = 35245794
Error: error_code = 30; This profile is private; id = 581338116
Error: error_code = 30; This profile is private; id = 203214645
Error: error_code = 15; Access denied: user deactivated; id = 197743653
Error: error_code = 30; This profile is private; id = 695937167
Error: error_code = 30; This profile is private; id = 491866535
Error: error_code = 15; Access denied: user deactivated; id = 196293260
Error: error_code = 30; This profile is private; id = 189470711
Error: error_code = 15; Access denied: user deactivated; id = 616978373
Error: error_code = 15; Access denied: user deactivated; id = 158279028
Error: error_code = 30; This profile is private; id = 160549752
Error: error_code = 30; This profile is private; id = 460965381
Error: error_code = 30; This profile is private; id = 474443968
Error: error_code = 15; Access denied: user deactivated; id = 306162223
Error: error_code = 30; This profile is private; id = 19878711
Error: error_code = 15; Access denied: user deactivated; id = 418348056
Error: error_code = 30; This profile is private; id = 6935531
Error: error_code = 30; This profile is private; id = 5019834
Error: error_code = 15; Access denied: user deactivated; id = 399693225
Error: error_code = 30; This profile is private; id = 291953973
Error: error_code = 30; This profile is private; id = 470868031
Error: error_code = 30; This profile is private; id = 581858573
Error: error_code = 15; Access denied: user deactivated; id = 466126238
Error: error_code = 30; This profile is private; id = 10549795
Error: error_code = 30; This profile is private; id = 176461710
Error: error_code = 15; Access denied: user deactivated; id = 253571386
Error: error_code = 30; This profile is private; id = 193279953
Error: error_code = 15; Access denied: user deactivated; id = 397954826
Error: error_code = 30; This profile is private; id = 200745019
Error: error_code = 30; This profile is private; id = 700872714
Error: error_code = 30; This profile is private; id = 556314841
Error: error_code = 30; This profile is private; id = 163993591
Error: error_code = 15; Access denied: user deactivated; id = 144138111
Error: error_code = 30; This profile is private; id = 393112477
Error: error_code = 30; This profile is private; id = 13140705
Error: error_code = 30; This profile is private; id = 309149942
Error: error_code = 15; Access denied: user deactivated; id = 339054536
Error: error_code = 30; This profile is private; id = 597030399
Error: error_code = 15; Access denied: user deactivated; id = 414476684
Error: error_code = 30; This profile is private; id = 505174897
Error: error_code = 30; This profile is private; id = 19179112
Error: error_code = 30; This profile is private; id = 43460790
Error: error_code = 15; Access denied: user deactivated; id = 193692993
Error: error_code = 30; This profile is private; id = 698228378
Error: error_code = 30; This profile is private; id = 1249031
Error: error_code = 30; This profile is private; id = 676328319
Error: error_code = 30; This profile is private; id = 571198935
Error: error_code = 30; This profile is private; id = 7843692
Error: error_code = 30; This profile is private; id = 75716365
Error: error_code = 30; This profile is private; id = 265772564
Error: error_code = 30; This profile is private; id = 219590168
Error: error_code = 30; This profile is private; id = 687856643
Error: error_code = 30; This profile is private; id = 587408221
Error: error_code = 15; Access denied: user deactivated; id = 665635984
Error: error_code = 30; This profile is private; id = 76535714
Error: error_code = 30; This profile is private; id = 568200862
Error: error_code = 15; Access denied: user deactivated; id = 178394512
Error: error_code = 30; This profile is private; id = 501995242
Error: error_code = 30; This profile is private; id = 407314679
Error: error_code = 30; This profile is private; id = 715281257
Error: error_code = 30; This profile is private; id = 583248646
Error: error_code = 30; This profile is private; id = 372041331
Error: error_code = 15; Access denied: user deactivated; id = 535521029
Error: error_code = 30; This profile is private; id = 407194417
Error: error_code = 30; This profile is private; id = 123818803
Error: error_code = 15; Access denied: user deactivated; id = 352637156
Error: error_code = 15; Access denied: user deactivated; id = 678250416
Error: error_code = 30; This profile is private; id = 600733185
Error: error_code = 30; This profile is private; id = 133195280
Error: error_code = 30; This profile is private; id = 241568223
Error: error_code = 15; Access denied: user deactivated; id = 634281889
Error: error_code = 30; This profile is private; id = 537352324
Error: error_code = 30; This profile is private; id = 374922957
Error: error_code = 30; This profile is private; id = 32534267
Error: error_code = 30; This profile is private; id = 705728440
Error: error_code = 15; Access denied: user deactivated; id = 188281238
Error: error_code = 30; This profile is private; id = 531874509
Error: error_code = 30; This profile is private; id = 3407540
Error: error_code = 30; This profile is private; id = 225883904
Error: error_code = 15; Access denied: user deactivated; id = 229194960
Error: error_code = 30; This profile is private; id = 696924969
Error: error_code = 30; This profile is private; id = 191135487
Error: error_code = 30; This profile is private; id = 189231247
Error: error_code = 30; This profile is private; id = 693320050
Error: error_code = 30; This profile is private; id = 206125414
Error: error_code = 30; This profile is private; id = 302866321
Error: error_code = 30; This profile is private; id = 362789689
Error: error_code = 30; This profile is private; id = 495847368
Error: error_code = 30; This profile is private; id = 610467036
Error: error_code = 30; This profile is private; id = 82510125
Error: error_code = 30; This profile is private; id = 76117971
Error: error_code = 30; This profile is private; id = 405668921
Error: error_code = 30; This profile is private; id = 380234044
Error: error_code = 30; This profile is private; id = 22943788
Error: error_code = 15; Access denied: user deactivated; id = 160381247
Error: error_code = 15; Access denied: user deactivated; id = 15412268
Error: error_code = 30; This profile is private; id = 257279276
Error: error_code = 30; This profile is private; id = 38927278
Error: error_code = 30; This profile is private; id = 30299809
Error: error_code = 30; This profile is private; id = 699666742
Error: error_code = 30; This profile is private; id = 616130808
Error: error_code = 15; Access denied: user deactivated; id = 159536100
Error: error_code = 30; This profile is private; id = 530845813
Error: error_code = 30; This profile is private; id = 466692327
Error: error_code = 15; Access denied: user deactivated; id = 136484056
Error: error_code = 30; This profile is private; id = 7452125
Error: error_code = 30; This profile is private; id = 199073383
Error: error_code = 30; This profile is private; id = 185313386
Error: error_code = 30; This profile is private; id = 533320952
Error: error_code = 30; This profile is private; id = 1091525
Error: error_code = 15; Access denied: user deactivated; id = 222396958
Error: error_code = 30; This profile is private; id = 677214798
Error: error_code = 30; This profile is private; id = 271964313
Error: error_code = 15; Access denied: user deactivated; id = 426291656
Error: error_code = 15; Access denied: user deactivated; id = 687345013
Error: error_code = 15; Access denied: user deactivated; id = 221607054
Error: error_code = 30; This profile is private; id = 565237002
Error: error_code = 15; Access denied: user deactivated; id = 424641433
Error: error_code = 15; Access denied: user deactivated; id = 262899563
Error: error_code = 30; This profile is private; id = 641482153
Error: error_code = 15; Access denied: user deactivated; id = 713321679
Error: error_code = 15; Access denied: user deactivated; id = 203600736
Error: error_code = 15; Access denied: user deactivated; id = 348299474
Error: error_code = 30; This profile is private; id = 104965604
Error: error_code = 30; This profile is private; id = 505617080
Error: error_code = 15; Access denied: user deactivated; id = 376682859
Error: error_code = 15; Access denied: user deactivated; id = 394602336
Error: error_code = 30; This profile is private; id = 488128713
Error: error_code = 15; Access denied: user deactivated; id = 339805479
Error: error_code = 30; This profile is private; id = 676323194
Error: error_code = 15; Access denied: user deactivated; id = 249671025
Error: error_code = 30; This profile is private; id = 139782525
Error: error_code = 30; This profile is private; id = 27859653
Error: error_code = 15; Access denied: user deactivated; id = 638982474
Error: error_code = 30; This profile is private; id = 51594584
Error: error_code = 15; Access denied: user deactivated; id = 514474006
Error: error_code = 15; Access denied: user deactivated; id = 276803915
Error: error_code = 30; This profile is private; id = 716127210
Error: error_code = 30; This profile is private; id = 576721464
Error: error_code = 15; Access denied: user deactivated; id = 131853888
Error: error_code = 30; This profile is private; id = 88783294
Error: error_code = 15; Access denied: user deactivated; id = 419435547
Error: error_code = 30; This profile is private; id = 262413402
Error: error_code = 15; Access denied: user deactivated; id = 597532735
Error: error_code = 30; This profile is private; id = 14946177
Error: error_code = 30; This profile is private; id = 550380926
Error: error_code = 15; Access denied: user deactivated; id = 221087310
Error: error_code = 15; Access denied: user deactivated; id = 22459909
Error: error_code = 15; Access denied: user deactivated; id = 222277294
Error: error_code = 30; This profile is private; id = 183507426
Error: error_code = 15; Access denied: user deactivated; id = 280279754
Error: error_code = 15; Access denied: user deactivated; id = 51984685
Error: error_code = 30; This profile is private; id = 273046259
Error: error_code = 30; This profile is private; id = 533026655
Error: error_code = 15; Access denied: user deactivated; id = 678133707
Error: error_code = 15; Access denied: user deactivated; id = 205603904
Error: error_code = 30; This profile is private; id = 119604444
Error: error_code = 30; This profile is private; id = 70775730
Error: error_code = 15; Access denied: user deactivated; id = 221549748
Error: error_code = 30; This profile is private; id = 623187823
Error: error_code = 30; This profile is private; id = 28734296
Error: error_code = 30; This profile is private; id = 136682019
Error: error_code = 15; Access denied: user deactivated; id = 339128057
Error: error_code = 30; This profile is private; id = 543146714
Error: error_code = 30; This profile is private; id = 117181996
Error: error_code = 30; This profile is private; id = 582106342
Error: error_code = 30; This profile is private; id = 559826519
Error: error_code = 30; This profile is private; id = 154967596
Error: error_code = 15; Access denied: user deactivated; id = 425347830
Error: error_code = 30; This profile is private; id = 598349594
Error: error_code = 30; This profile is private; id = 630799471
Error: error_code = 30; This profile is private; id = 126237368
Error: error_code = 15; Access denied: user deactivated; id = 403469987
Error: error_code = 15; Access denied: user deactivated; id = 393765408
Error: error_code = 30; This profile is private; id = 667641660
Error: error_code = 30; This profile is private; id = 679693264
Error: error_code = 30; This profile is private; id = 567784468
Error: error_code = 15; Access denied: user deactivated; id = 509440878
Error: error_code = 30; This profile is private; id = 404827303
Error: error_code = 30; This profile is private; id = 85458223
Error: error_code = 30; This profile is private; id = 375954775
Error: error_code = 30; This profile is private; id = 570058711
Error: error_code = 30; This profile is private; id = 69873187
Error: error_code = 30; This profile is private; id = 199912751
Error: error_code = 30; This profile is private; id = 250797418
Error: error_code = 30; This profile is private; id = 643000970
Error: error_code = 15; Access denied: user deactivated; id = 335218999
Error: error_code = 15; Access denied: user deactivated; id = 83148987
Error: error_code = 30; This profile is private; id = 696311601
Error: error_code = 30; This profile is private; id = 502124770
Error: error_code = 15; Access denied: user deactivated; id = 281986671
Error: error_code = 15; Access denied: user deactivated; id = 68357515
Error: error_code = 30; This profile is private; id = 337362295
Error: error_code = 30; This profile is private; id = 504247615
Error: error_code = 15; Access denied: user deactivated; id = 18842197
Error: error_code = 30; This profile is private; id = 382573786
Error: error_code = 30; This profile is private; id = 246315173
Error: error_code = 30; This profile is private; id = 317306356
Error: error_code = 30; This profile is private; id = 447190356
Error: error_code = 30; This profile is private; id = 568754486
Error: error_code = 30; This profile is private; id = 216980361
Error: error_code = 15; Access denied: user deactivated; id = 535942708
Error: error_code = 30; This profile is private; id = 617243104
Error: error_code = 30; This profile is private; id = 160563093
Error: error_code = 30; This profile is private; id = 536433056
Error: error_code = 30; This profile is private; id = 29530566
Error: error_code = 15; Access denied: user deactivated; id = 536049173
Error: error_code = 30; This profile is private; id = 283208661
Error: error_code = 30; This profile is private; id = 539707212
Error: error_code = 15; Access denied: user deactivated; id = 666821269
Error: error_code = 15; Access denied: user deactivated; id = 423580488
Error: error_code = 15; Access denied: user deactivated; id = 106009888
Error: error_code = 30; This profile is private; id = 708637814
Error: error_code = 30; This profile is private; id = 494638118
Error: error_code = 30; This profile is private; id = 461321528
Error: error_code = 15; Access denied: user deactivated; id = 600073142
Error: error_code = 30; This profile is private; id = 610550352
Error: error_code = 30; This profile is private; id = 425239796
Error: error_code = 15; Access denied: user deactivated; id = 536152074
Error: error_code = 30; This profile is private; id = 43320021
Error: error_code = 30; This profile is private; id = 481509444
Error: error_code = 30; This profile is private; id = 368770948
Error: error_code = 15; Access denied: user deactivated; id = 61721969
Error: error_code = 15; Access denied: user deactivated; id = 488661101
Error: error_code = 30; This profile is private; id = 19119314
Error: error_code = 30; This profile is private; id = 6597016
Error: error_code = 30; This profile is private; id = 692577788
Error: error_code = 30; This profile is private; id = 700012272
Error: error_code = 30; This profile is private; id = 5302836
Error: error_code = 15; Access denied: user deactivated; id = 430501422
Error: error_code = 15; Access denied: user deactivated; id = 534310321
Error: error_code = 15; Access denied: user deactivated; id = 407835861
Error: error_code = 30; This profile is private; id = 461848
Error: error_code = 30; This profile is private; id = 696607733
Error: error_code = 30; This profile is private; id = 627368799
Error: error_code = 30; This profile is private; id = 11988763
Error: error_code = 30; This profile is private; id = 408291558
Error: error_code = 30; This profile is private; id = 26809048
Error: error_code = 30; This profile is private; id = 237642429
Error: error_code = 30; This profile is private; id = 225122704
Error: error_code = 15; Access denied: user deactivated; id = 317182044
Error: error_code = 15; Access denied: user deactivated; id = 47041001
Error: error_code = 15; Access denied: user deactivated; id = 256954750
Error: error_code = 15; Access denied: user deactivated; id = 226354740
Error: error_code = 30; This profile is private; id = 420362010
Error: error_code = 30; This profile is private; id = 580309205
Error: error_code = 30; This profile is private; id = 162714401
Error: error_code = 15; Access denied: user deactivated; id = 395403238
Error: error_code = 30; This profile is private; id = 373697044
Error: error_code = 30; This profile is private; id = 12217366
Error: error_code = 30; This profile is private; id = 468946740
Error: error_code = 30; This profile is private; id = 340254788
Error: error_code = 30; This profile is private; id = 570391064
Error: error_code = 30; This profile is private; id = 51627758
Error: error_code = 30; This profile is private; id = 535151460
Error: error_code = 30; This profile is private; id = 10316434
Error: error_code = 15; Access denied: user deactivated; id = 539405419
Error: error_code = 30; This profile is private; id = 151081399
Error: error_code = 30; This profile is private; id = 524898779
Error: error_code = 15; Access denied: user deactivated; id = 215132308
Error: error_code = 15; Access denied: user deactivated; id = 328540867
Error: error_code = 30; This profile is private; id = 481455523
Error: error_code = 30; This profile is private; id = 699299605
Error: error_code = 30; This profile is private; id = 465610686
Error: error_code = 15; Access denied: user deactivated; id = 345210225
Error: error_code = 30; This profile is private; id = 318674182
Error: error_code = 30; This profile is private; id = 690870937
Error: error_code = 15; Access denied: user deactivated; id = 263973284
Error: error_code = 30; This profile is private; id = 209559509
Error: error_code = 30; This profile is private; id = 23425026
Error: error_code = 30; This profile is private; id = 188105094
Error: error_code = 30; This profile is private; id = 503920115
Error: error_code = 30; This profile is private; id = 366210036
Error: error_code = 30; This profile is private; id = 674229007
Error: error_code = 30; This profile is private; id = 164881261
Error: error_code = 15; Access denied: user deactivated; id = 218208500
Error: error_code = 30; This profile is private; id = 558915797
Error: error_code = 15; Access denied: user deactivated; id = 86729888
Error: error_code = 30; This profile is private; id = 603662650
Error: error_code = 15; Access denied: user deactivated; id = 318973354
Error: error_code = 30; This profile is private; id = 532677826
Error: error_code = 30; This profile is private; id = 359387756
Error: error_code = 30; This profile is private; id = 339726397
Error: error_code = 30; This profile is private; id = 300038871
Error: error_code = 30; This profile is private; id = 388565128
Error: error_code = 30; This profile is private; id = 644786731
Error: error_code = 15; Access denied: user deactivated; id = 59574002
Error: error_code = 30; This profile is private; id = 433239648
Error: error_code = 15; Access denied: user deactivated; id = 191082373
Error: error_code = 30; This profile is private; id = 195786507
Error: error_code = 30; This profile is private; id = 380772120
Error: error_code = 30; This profile is private; id = 524144833
Error: error_code = 30; This profile is private; id = 85230166
Error: error_code = 30; This profile is private; id = 280589908
Error: error_code = 15; Access denied: user deactivated; id = 371870743
Error: error_code = 15; Access denied: user deactivated; id = 456381800
Error: error_code = 30; This profile is private; id = 139102262
Error: error_code = 30; This profile is private; id = 239604094
Error: error_code = 30; This profile is private; id = 208400517
Error: error_code = 30; This profile is private; id = 2247716
Error: error_code = 15; Access denied: user deactivated; id = 341485027
Error: error_code = 30; This profile is private; id = 704893566
Error: error_code = 15; Access denied: user deactivated; id = 394708757
Error: error_code = 30; This profile is private; id = 555700057
Error: error_code = 30; This profile is private; id = 224276291
Error: error_code = 15; Access denied: user deactivated; id = 443199648
Error: error_code = 30; This profile is private; id = 235121351
Error: error_code = 15; Access denied: user deactivated; id = 369479768
Error: error_code = 15; Access denied: user deactivated; id = 132159580
Error: error_code = 30; This profile is private; id = 311886296
Error: error_code = 30; This profile is private; id = 692709759
Error: error_code = 15; Access denied: user deactivated; id = 353165914
Error: error_code = 30; This profile is private; id = 344593829
Error: error_code = 15; Access denied: user deactivated; id = 389813003
Error: error_code = 30; This profile is private; id = 299678137
Error: error_code = 15; Access denied: user deactivated; id = 533927181
Error: error_code = 15; Access denied: user deactivated; id = 40382877
Error: error_code = 30; This profile is private; id = 158938347
Error: error_code = 15; Access denied: user deactivated; id = 322322622
Error: error_code = 15; Access denied: user deactivated; id = 140102632
Error: error_code = 30; This profile is private; id = 303388072
Error: error_code = 15; Access denied: user deactivated; id = 247517552
Error: error_code = 30; This profile is private; id = 135352741
Error: error_code = 15; Access denied: user deactivated; id = 156569489
Error: error_code = 15; Access denied: user deactivated; id = 374714207
Error: error_code = 30; This profile is private; id = 373777796
Error: error_code = 30; This profile is private; id = 485749817
Error: error_code = 30; This profile is private; id = 474085762
Error: error_code = 30; This profile is private; id = 63671115
Error: error_code = 15; Access denied: user deactivated; id = 430851547
Error: error_code = 30; This profile is private; id = 228588485
Error: error_code = 30; This profile is private; id = 430492182
Error: error_code = 30; This profile is private; id = 267753105
Error: error_code = 30; This profile is private; id = 522008219
Error: error_code = 15; Access denied: user deactivated; id = 160393578
Error: error_code = 30; This profile is private; id = 165046393
Error: error_code = 30; This profile is private; id = 363274993
Error: error_code = 30; This profile is private; id = 534754688
Error: error_code = 30; This profile is private; id = 115774650
Error: error_code = 15; Access denied: user deactivated; id = 657317924
Error: error_code = 15; Access denied: user deactivated; id = 196335785
Error: error_code = 30; This profile is private; id = 276302507
Error: error_code = 30; This profile is private; id = 305448748
Error: error_code = 30; This profile is private; id = 158864149
Error: error_code = 30; This profile is private; id = 113865129
Error: error_code = 30; This profile is private; id = 222582086
Error: error_code = 30; This profile is private; id = 466939723
Error: error_code = 15; Access denied: user deactivated; id = 57785825
Error: error_code = 15; Access denied: user deactivated; id = 510548927
Error: error_code = 15; Access denied: user deactivated; id = 370052382
Error: error_code = 30; This profile is private; id = 91470541
Error: error_code = 30; This profile is private; id = 359572085
Error: error_code = 30; This profile is private; id = 66019205
Error: error_code = 30; This profile is private; id = 268334637
Error: error_code = 15; Access denied: user deactivated; id = 230621395
Error: error_code = 15; Access denied: user deactivated; id = 524368658
Error: error_code = 30; This profile is private; id = 524471105
Error: error_code = 15; Access denied: user deactivated; id = 442651413
Error: error_code = 30; This profile is private; id = 333236451
Error: error_code = 30; This profile is private; id = 411886201
Error: error_code = 15; Access denied: user deactivated; id = 432234880
Error: error_code = 30; This profile is private; id = 11341885
Error: error_code = 30; This profile is private; id = 712591902
Error: error_code = 30; This profile is private; id = 30491935
Error: error_code = 30; This profile is private; id = 6416593
Error: error_code = 30; This profile is private; id = 3557856
Error: error_code = 15; Access denied: user deactivated; id = 606204994
Error: error_code = 30; This profile is private; id = 156992683
Error: error_code = 30; This profile is private; id = 455022485
Error: error_code = 15; Access denied: user deactivated; id = 152538040
Error: error_code = 30; This profile is private; id = 35931290
Error: error_code = 30; This profile is private; id = 151711526
Error: error_code = 15; Access denied: user deactivated; id = 517642421
Error: error_code = 30; This profile is private; id = 416915324
Error: error_code = 15; Access denied: user deactivated; id = 445674381
Error: error_code = 30; This profile is private; id = 313009452
Error: error_code = 15; Access denied: user deactivated; id = 225506764
Error: error_code = 15; Access denied: user deactivated; id = 500877337
Error: error_code = 30; This profile is private; id = 190382198
Error: error_code = 30; This profile is private; id = 533547815
Error: error_code = 30; This profile is private; id = 314908700
Error: error_code = 30; This profile is private; id = 651769332
Error: error_code = 15; Access denied: user deactivated; id = 311684333
Error: error_code = 30; This profile is private; id = 186036581
Error: error_code = 30; This profile is private; id = 445267408
Error: error_code = 15; Access denied: user deactivated; id = 85576867
Error: error_code = 30; This profile is private; id = 589771894
Error: error_code = 15; Access denied: user deactivated; id = 475623712
Error: error_code = 30; This profile is private; id = 605036237
Error: error_code = 30; This profile is private; id = 548457757
Error: error_code = 30; This profile is private; id = 86747646
Error: error_code = 15; Access denied: user deactivated; id = 479605283
Error: error_code = 30; This profile is private; id = 321167875
Error: error_code = 30; This profile is private; id = 29649573
Error: error_code = 15; Access denied: user deactivated; id = 442406896
Error: error_code = 30; This profile is private; id = 653946383
Error: error_code = 15; Access denied: user deactivated; id = 509924168
Error: error_code = 30; This profile is private; id = 652162829
Error: error_code = 15; Access denied: user deactivated; id = 228296465
Error: error_code = 30; This profile is private; id = 153899587
Error: error_code = 30; This profile is private; id = 31914509
Error: error_code = 30; This profile is private; id = 13376052
Error: error_code = 15; Access denied: user deactivated; id = 418222703
Error: error_code = 30; This profile is private; id = 71957662
Error: error_code = 30; This profile is private; id = 60361955
Error: error_code = 30; This profile is private; id = 541696199
Error: error_code = 30; This profile is private; id = 679482698
Error: error_code = 30; This profile is private; id = 606375572
Error: error_code = 30; This profile is private; id = 70327427
Error: error_code = 30; This profile is private; id = 14589877
Error: error_code = 30; This profile is private; id = 387703785
Error: error_code = 30; This profile is private; id = 608451233
Error: error_code = 15; Access denied: user deactivated; id = 569168847
Error: error_code = 30; This profile is private; id = 158646450
Error: error_code = 30; This profile is private; id = 341653098
Error: error_code = 15; Access denied: user deactivated; id = 418706800
Error: error_code = 30; This profile is private; id = 34573192
Error: error_code = 30; This profile is private; id = 497578631
Error: error_code = 30; This profile is private; id = 373307409
Error: error_code = 30; This profile is private; id = 506293697
Error: error_code = 30; This profile is private; id = 250020532
Error: error_code = 30; This profile is private; id = 161003334
Error: error_code = 30; This profile is private; id = 5862147
Error: error_code = 15; Access denied: user deactivated; id = 543682527
Error: error_code = 30; This profile is private; id = 104401230
Error: error_code = 30; This profile is private; id = 433828538
Error: error_code = 30; This profile is private; id = 614566326
Error: error_code = 30; This profile is private; id = 363518956
Error: error_code = 15; Access denied: user deactivated; id = 96966280
Error: error_code = 30; This profile is private; id = 435911224
Error: error_code = 15; Access denied: user deactivated; id = 348395870
Error: error_code = 30; This profile is private; id = 487470977
Error: error_code = 30; This profile is private; id = 193673034
Error: error_code = 30; This profile is private; id = 133830597
Error: error_code = 30; This profile is private; id = 58270216
Error: error_code = 30; This profile is private; id = 326610516
Error: error_code = 30; This profile is private; id = 703514432
Error: error_code = 30; This profile is private; id = 482729181
Error: error_code = 30; This profile is private; id = 2689979
Error: error_code = 30; This profile is private; id = 55590251
Error: error_code = 30; This profile is private; id = 274805714
Error: error_code = 15; Access denied: user deactivated; id = 713985195
Error: error_code = 15; Access denied: user deactivated; id = 96825739
Error: error_code = 30; This profile is private; id = 29865346
Error: error_code = 30; This profile is private; id = 530819965
Error: error_code = 30; This profile is private; id = 33102668
Error: error_code = 30; This profile is private; id = 204517130
Error: error_code = 15; Access denied: user deactivated; id = 241824855
Error: error_code = 15; Access denied: user deactivated; id = 437022599
Error: error_code = 15; Access denied: user deactivated; id = 119656441
Error: error_code = 30; This profile is private; id = 714504051
Error: error_code = 15; Access denied: user deactivated; id = 97523312
Error: error_code = 30; This profile is private; id = 28057106
Error: error_code = 15; Access denied: user deactivated; id = 482646510
Error: error_code = 30; This profile is private; id = 178973756
Error: error_code = 30; This profile is private; id = 299972716
Error: error_code = 30; This profile is private; id = 7362285
Error: error_code = 30; This profile is private; id = 522388378
Error: error_code = 30; This profile is private; id = 172245474
Error: error_code = 30; This profile is private; id = 308115795
Error: error_code = 30; This profile is private; id = 237955230
Error: error_code = 30; This profile is private; id = 167764578
Error: error_code = 30; This profile is private; id = 119212395
Error: error_code = 30; This profile is private; id = 170766513
Error: error_code = 15; Access denied: user deactivated; id = 533802570
Error: error_code = 30; This profile is private; id = 356440230
Error: error_code = 15; Access denied: user deactivated; id = 229851019
Error: error_code = 30; This profile is private; id = 563563292
Error: error_code = 30; This profile is private; id = 263420201
Error: error_code = 30; This profile is private; id = 705061170
Error: error_code = 30; This profile is private; id = 38543019
Error: error_code = 30; This profile is private; id = 519517670
Error: error_code = 30; This profile is private; id = 76982674
Error: error_code = 15; Access denied: user deactivated; id = 410047643
Error: error_code = 30; This profile is private; id = 786491
Error: error_code = 30; This profile is private; id = 510709212
Error: error_code = 30; This profile is private; id = 168002000
Error: error_code = 15; Access denied: user deactivated; id = 232265778
Error: error_code = 30; This profile is private; id = 88423528
Error: error_code = 30; This profile is private; id = 528399212
Error: error_code = 15; Access denied: user deactivated; id = 220130514
Error: error_code = 30; This profile is private; id = 350511584
Error: error_code = 15; Access denied: user deactivated; id = 585576255
Error: error_code = 15; Access denied: user deactivated; id = 139885103
Error: error_code = 30; This profile is private; id = 656504695
Error: error_code = 30; This profile is private; id = 611853228
Error: error_code = 30; This profile is private; id = 59852796
Error: error_code = 15; Access denied: user deactivated; id = 4087168
Error: error_code = 15; Access denied: user deactivated; id = 202503260
Error: error_code = 15; Access denied: user deactivated; id = 62288395
Error: error_code = 15; Access denied: user deactivated; id = 38144819
Error: error_code = 30; This profile is private; id = 437208331
Error: error_code = 30; This profile is private; id = 681787149
Error: error_code = 15; Access denied: user deactivated; id = 240289497
Error: error_code = 15; Access denied: user deactivated; id = 592914800
Error: error_code = 15; Access denied: user deactivated; id = 351519241
Error: error_code = 15; Access denied: user deactivated; id = 420155081
Error: error_code = 30; This profile is private; id = 15749344
Error: error_code = 30; This profile is private; id = 528983416
Error: error_code = 15; Access denied: user deactivated; id = 602972819
Error: error_code = 30; This profile is private; id = 319635319
Error: error_code = 30; This profile is private; id = 634197382
Error: error_code = 30; This profile is private; id = 337927402
Error: error_code = 15; Access denied: user deactivated; id = 183705119
Error: error_code = 30; This profile is private; id = 636208505
Error: error_code = 30; This profile is private; id = 7850264
Error: error_code = 30; This profile is private; id = 359576095
Error: error_code = 30; This profile is private; id = 88658474
Error: error_code = 15; Access denied: user deactivated; id = 230767443
Error: error_code = 30; This profile is private; id = 7075901
Error: error_code = 30; This profile is private; id = 151035991
Error: error_code = 30; This profile is private; id = 653956326
Error: error_code = 15; Access denied: user deactivated; id = 571401695
Error: error_code = 15; Access denied: user deactivated; id = 460690035
Error: error_code = 30; This profile is private; id = 320866402
Error: error_code = 30; This profile is private; id = 117730154
Error: error_code = 30; This profile is private; id = 497900576
Error: error_code = 30; This profile is private; id = 38181880
Error: error_code = 30; This profile is private; id = 90244056
Error: error_code = 30; This profile is private; id = 418412274
Error: error_code = 15; Access denied: user deactivated; id = 361252483
Error: error_code = 30; This profile is private; id = 477717092
Error: error_code = 30; This profile is private; id = 205010680
Error: error_code = 30; This profile is private; id = 712154574
Error: error_code = 15; Access denied: user deactivated; id = 646593698
Error: error_code = 30; This profile is private; id = 185950922
Error: error_code = 15; Access denied: user deactivated; id = 418020328
Error: error_code = 30; This profile is private; id = 242809669
Error: error_code = 15; Access denied: user deactivated; id = 491218116
Error: error_code = 15; Access denied: user deactivated; id = 414254491
Error: error_code = 15; Access denied: user deactivated; id = 132284915
Error: error_code = 15; Access denied: user deactivated; id = 209490633
Error: error_code = 15; Access denied: user deactivated; id = 538687636
Error: error_code = 15; Access denied: user deactivated; id = 677041686
Error: error_code = 15; Access denied: user deactivated; id = 421439710
Error: error_code = 30; This profile is private; id = 4824664
Error: error_code = 30; This profile is private; id = 321211373
Error: error_code = 30; This profile is private; id = 162503250
Error: error_code = 15; Access denied: user deactivated; id = 197263580
Error: error_code = 30; This profile is private; id = 261965264
Error: error_code = 30; This profile is private; id = 51278088
Error: error_code = 30; This profile is private; id = 8305091
Error: error_code = 30; This profile is private; id = 234684787
Error: error_code = 15; Access denied: user deactivated; id = 420553146
Error: error_code = 30; This profile is private; id = 704957174
Error: error_code = 15; Access denied: user deactivated; id = 1059817
Error: error_code = 30; This profile is private; id = 619201909
Error: error_code = 15; Access denied: user deactivated; id = 89672258
Error: error_code = 30; This profile is private; id = 550201775
Error: error_code = 30; This profile is private; id = 389159986
Error: error_code = 15; Access denied: user deactivated; id = 348009048
Error: error_code = 30; This profile is private; id = 168590396
Error: error_code = 30; This profile is private; id = 434767918
Error: error_code = 30; This profile is private; id = 319663151
Error: error_code = 30; This profile is private; id = 178261708
Error: error_code = 30; This profile is private; id = 246741078
Error: error_code = 30; This profile is private; id = 8601449
Error: error_code = 30; This profile is private; id = 524113803
Error: error_code = 30; This profile is private; id = 117010597
Error: error_code = 30; This profile is private; id = 267979151
Error: error_code = 30; This profile is private; id = 223387279
Error: error_code = 30; This profile is private; id = 43260616
Error: error_code = 15; Access denied: user deactivated; id = 221456912
Error: error_code = 15; Access denied: user deactivated; id = 195716454
Error: error_code = 15; Access denied: user deactivated; id = 473392941
Error: error_code = 30; This profile is private; id = 64086649
Error: error_code = 15; Access denied: user deactivated; id = 271788613
Error: error_code = 30; This profile is private; id = 136873897
Error: error_code = 15; Access denied: user deactivated; id = 184543809
Error: error_code = 30; This profile is private; id = 624672103
Error: error_code = 30; This profile is private; id = 650570134
Error: error_code = 30; This profile is private; id = 452718725
Error: error_code = 30; This profile is private; id = 197400052
Error: error_code = 30; This profile is private; id = 81965198
Error: error_code = 30; This profile is private; id = 680698641
Error: error_code = 30; This profile is private; id = 503030214
Error: error_code = 15; Access denied: user deactivated; id = 155459498
Error: error_code = 15; Access denied: user deactivated; id = 79006125
Error: error_code = 15; Access denied: user deactivated; id = 414192627
Error: error_code = 30; This profile is private; id = 19464979
Error: error_code = 30; This profile is private; id = 140064062
Error: error_code = 30; This profile is private; id = 247559320
Error: error_code = 15; Access denied: user deactivated; id = 426649466
Error: error_code = 30; This profile is private; id = 228697555
Error: error_code = 30; This profile is private; id = 689971627
Error: error_code = 30; This profile is private; id = 672319947
Error: error_code = 30; This profile is private; id = 101632560
Error: error_code = 15; Access denied: user deactivated; id = 233344525
Error: error_code = 15; Access denied: user deactivated; id = 320499128
Error: error_code = 30; This profile is private; id = 9743222
Error: error_code = 30; This profile is private; id = 225131118
Error: error_code = 30; This profile is private; id = 710547966
Error: error_code = 30; This profile is private; id = 321006205
Error: error_code = 30; This profile is private; id = 272085753
Error: error_code = 30; This profile is private; id = 380525538
Error: error_code = 30; This profile is private; id = 51808580
Error: error_code = 30; This profile is private; id = 161296900
Error: error_code = 30; This profile is private; id = 593347681
Error: error_code = 30; This profile is private; id = 62569660
Error: error_code = 15; Access denied: user deactivated; id = 280809386
Error: error_code = 30; This profile is private; id = 420373657
Error: error_code = 30; This profile is private; id = 631589163
Error: error_code = 15; Access denied: user deactivated; id = 68934788
Error: error_code = 15; Access denied: user deactivated; id = 541037811
Error: error_code = 30; This profile is private; id = 210323965
Error: error_code = 30; This profile is private; id = 231779500
Error: error_code = 30; This profile is private; id = 611136732
Error: error_code = 30; This profile is private; id = 36634026
Error: error_code = 15; Access denied: user deactivated; id = 335547544
Error: error_code = 30; This profile is private; id = 96737836
Error: error_code = 30; This profile is private; id = 633043113
Error: error_code = 30; This profile is private; id = 526927013
Error: error_code = 15; Access denied: user deactivated; id = 262413965
Error: error_code = 15; Access denied: user deactivated; id = 236074827
Error: error_code = 30; This profile is private; id = 194374444
Error: error_code = 30; This profile is private; id = 349906384
Error: error_code = 30; This profile is private; id = 140416754
Error: error_code = 30; This profile is private; id = 524792257
Error: error_code = 30; This profile is private; id = 588201312
Error: error_code = 30; This profile is private; id = 355754322
Error: error_code = 30; This profile is private; id = 181191866
Error: error_code = 30; This profile is private; id = 482554869
Error: error_code = 30; This profile is private; id = 471266982
Error: error_code = 15; Access denied: user deactivated; id = 402594906
Error: error_code = 30; This profile is private; id = 514391955
Error: error_code = 30; This profile is private; id = 520453305
Error: error_code = 30; This profile is private; id = 64669625
Error: error_code = 30; This profile is private; id = 175131384
Error: error_code = 15; Access denied: user deactivated; id = 436673367
Error: error_code = 15; Access denied: user deactivated; id = 370051421
Error: error_code = 30; This profile is private; id = 631323234
Error: error_code = 15; Access denied: user deactivated; id = 248250678
Error: error_code = 15; Access denied: user deactivated; id = 369397576
Error: error_code = 30; This profile is private; id = 324376632
Error: error_code = 30; This profile is private; id = 39544132
Error: error_code = 30; This profile is private; id = 36869174
Error: error_code = 15; Access denied: user deactivated; id = 245014571
Error: error_code = 30; This profile is private; id = 335414172
Error: error_code = 30; This profile is private; id = 349806412
Error: error_code = 30; This profile is private; id = 521517706
Error: error_code = 15; Access denied: user deactivated; id = 404823625
Error: error_code = 15; Access denied: user deactivated; id = 385588131
Error: error_code = 15; Access denied: user deactivated; id = 362071457
Error: error_code = 15; Access denied: user deactivated; id = 455253609
Error: error_code = 30; This profile is private; id = 537171124
Error: error_code = 30; This profile is private; id = 779484
Error: error_code = 30; This profile is private; id = 83214163
Error: error_code = 30; This profile is private; id = 614488663
Error: error_code = 30; This profile is private; id = 230662622
Error: error_code = 15; Access denied: user deactivated; id = 356621658
Error: error_code = 15; Access denied: user deactivated; id = 537982002
Error: error_code = 30; This profile is private; id = 356948027
Error: error_code = 30; This profile is private; id = 143116158
Error: error_code = 30; This profile is private; id = 148026865
Error: error_code = 30; This profile is private; id = 551823757
Error: error_code = 30; This profile is private; id = 592435851
Error: error_code = 15; Access denied: user deactivated; id = 32013001
Error: error_code = 30; This profile is private; id = 87836320
Error: error_code = 30; This profile is private; id = 361599382
Error: error_code = 30; This profile is private; id = 275874901
Error: error_code = 15; Access denied: user deactivated; id = 350803953
Error: error_code = 30; This profile is private; id = 604099167
Error: error_code = 30; This profile is private; id = 3798967
Error: error_code = 30; This profile is private; id = 322577295
Error: error_code = 15; Access denied: user deactivated; id = 508964020
Error: error_code = 15; Access denied: user deactivated; id = 553940406
Error: error_code = 30; This profile is private; id = 64720461
Error: error_code = 30; This profile is private; id = 606034928
Error: error_code = 15; Access denied: user deactivated; id = 681345091
Error: error_code = 30; This profile is private; id = 679582597
Error: error_code = 30; This profile is private; id = 15654106
Error: error_code = 30; This profile is private; id = 116404494
Error: error_code = 30; This profile is private; id = 206926994
Error: error_code = 15; Access denied: user deactivated; id = 603519285
Error: error_code = 15; Access denied: user deactivated; id = 425838821
Error: error_code = 30; This profile is private; id = 523918321
Error: error_code = 30; This profile is private; id = 526656700
Error: error_code = 30; This profile is private; id = 219181359
Error: error_code = 30; This profile is private; id = 67316113
Error: error_code = 30; This profile is private; id = 313164877
Error: error_code = 30; This profile is private; id = 585313275
Error: error_code = 15; Access denied: user deactivated; id = 409676531
Error: error_code = 15; Access denied: user deactivated; id = 289511285
Error: error_code = 30; This profile is private; id = 34175837
Error: error_code = 15; Access denied: user deactivated; id = 491470043
Error: error_code = 30; This profile is private; id = 73835355
Error: error_code = 30; This profile is private; id = 234729228
Error: error_code = 30; This profile is private; id = 184866996
Error: error_code = 30; This profile is private; id = 590475233
Error: error_code = 30; This profile is private; id = 21276873
Error: error_code = 30; This profile is private; id = 334062188
Error: error_code = 30; This profile is private; id = 91692617
Error: error_code = 15; Access denied: user deactivated; id = 403903205
Error: error_code = 15; Access denied: user deactivated; id = 424576472
Error: error_code = 15; Access denied: user deactivated; id = 326924566
Error: error_code = 30; This profile is private; id = 624920612
Error: error_code = 30; This profile is private; id = 412894967
Error: error_code = 15; Access denied: user deactivated; id = 294499596
Error: error_code = 30; This profile is private; id = 2128939
Error: error_code = 30; This profile is private; id = 16136167
Error: error_code = 15; Access denied: user deactivated; id = 261510478
Error: error_code = 15; Access denied: user deactivated; id = 301693378
Error: error_code = 30; This profile is private; id = 173935389
Error: error_code = 30; This profile is private; id = 618118494
Error: error_code = 30; This profile is private; id = 12121757
Error: error_code = 30; This profile is private; id = 349326806
Error: error_code = 30; This profile is private; id = 699507973
Error: error_code = 30; This profile is private; id = 616900221
Error: error_code = 15; Access denied: user deactivated; id = 398677139
Error: error_code = 30; This profile is private; id = 554959374
Error: error_code = 15; Access denied: user deactivated; id = 106187541
Error: error_code = 30; This profile is private; id = 155606042
Error: error_code = 30; This profile is private; id = 232441629
Error: error_code = 15; Access denied: user deactivated; id = 577277287
Error: error_code = 30; This profile is private; id = 32830054
Error: error_code = 30; This profile is private; id = 687489892
Error: error_code = 30; This profile is private; id = 74405951
Error: error_code = 15; Access denied: user deactivated; id = 326752750
Error: error_code = 15; Access denied: user deactivated; id = 317060800
Error: error_code = 15; Access denied: user deactivated; id = 346752460
Error: error_code = 30; This profile is private; id = 487231830
Error: error_code = 15; Access denied: user deactivated; id = 296422625
Error: error_code = 30; This profile is private; id = 454384517
Error: error_code = 30; This profile is private; id = 472276187
Error: error_code = 30; This profile is private; id = 330847561
Error: error_code = 30; This profile is private; id = 10835709
Error: error_code = 15; Access denied: user deactivated; id = 619522748
Error: error_code = 15; Access denied: user deactivated; id = 178252797
Error: error_code = 30; This profile is private; id = 203130935
Error: error_code = 15; Access denied: user deactivated; id = 669559247
Error: error_code = 15; Access denied: user deactivated; id = 506289642
Error: error_code = 30; This profile is private; id = 274768972
Error: error_code = 30; This profile is private; id = 58737622
Error: error_code = 30; This profile is private; id = 585468513
Error: error_code = 30; This profile is private; id = 83480887
Error: error_code = 15; Access denied: user deactivated; id = 430995975
Error: error_code = 30; This profile is private; id = 435052747
Error: error_code = 15; Access denied: user deactivated; id = 264279291
Error: error_code = 30; This profile is private; id = 617692077
Error: error_code = 30; This profile is private; id = 581516492
Error: error_code = 30; This profile is private; id = 688670796
Error: error_code = 15; Access denied: user deactivated; id = 531573398
Error: error_code = 30; This profile is private; id = 285693132
Error: error_code = 30; This profile is private; id = 54579067
Error: error_code = 30; This profile is private; id = 53554268
Error: error_code = 30; This profile is private; id = 713937574
Error: error_code = 30; This profile is private; id = 689332745
Error: error_code = 30; This profile is private; id = 227862044
Error: error_code = 15; Access denied: user deactivated; id = 159246243
Error: error_code = 30; This profile is private; id = 240773809
Error: error_code = 15; Access denied: user deactivated; id = 296830756
Error: error_code = 15; Access denied: user deactivated; id = 715222377
Error: error_code = 15; Access denied: user deactivated; id = 193587958
Error: error_code = 30; This profile is private; id = 87458769
Error: error_code = 30; This profile is private; id = 192872616
Error: error_code = 15; Access denied: user deactivated; id = 436160772
Error: error_code = 30; This profile is private; id = 145281579
Error: error_code = 30; This profile is private; id = 15027620
Error: error_code = 30; This profile is private; id = 204213014
Error: error_code = 30; This profile is private; id = 304961720
Error: error_code = 30; This profile is private; id = 609778687
Error: error_code = 30; This profile is private; id = 331485405
Error: error_code = 15; Access denied: user deactivated; id = 196016969
Error: error_code = 15; Access denied: user deactivated; id = 11372127
Error: error_code = 30; This profile is private; id = 647391413
Error: error_code = 30; This profile is private; id = 561319010
Error: error_code = 30; This profile is private; id = 543383683
Error: error_code = 30; This profile is private; id = 710628868
Error: error_code = 30; This profile is private; id = 360811070
Error: error_code = 15; Access denied: user deactivated; id = 158717896
Error: error_code = 15; Access denied: user deactivated; id = 613153502
Error: error_code = 30; This profile is private; id = 334968608
Error: error_code = 30; This profile is private; id = 529173026
Error: error_code = 30; This profile is private; id = 441049942
Error: error_code = 30; This profile is private; id = 335401542
Error: error_code = 15; Access denied: user deactivated; id = 478384565
Error: error_code = 30; This profile is private; id = 604492135
Error: error_code = 30; This profile is private; id = 598402380
Error: error_code = 30; This profile is private; id = 696053707
Error: error_code = 30; This profile is private; id = 332996615
Error: error_code = 30; This profile is private; id = 676937046
Error: error_code = 15; Access denied: user deactivated; id = 113203216
Error: error_code = 15; Access denied: user deactivated; id = 562252516
Error: error_code = 15; Access denied: user deactivated; id = 212961731
Error: error_code = 30; This profile is private; id = 451093542
Error: error_code = 30; This profile is private; id = 573695991
Error: error_code = 30; This profile is private; id = 613622199
Error: error_code = 15; Access denied: user deactivated; id = 416426231
Error: error_code = 30; This profile is private; id = 118909591
Error: error_code = 30; This profile is private; id = 246396105
Error: error_code = 15; Access denied: user deactivated; id = 164467486
Error: error_code = 15; Access denied: user deactivated; id = 268614361
Error: error_code = 30; This profile is private; id = 505706369
Error: error_code = 30; This profile is private; id = 225793305
Error: error_code = 30; This profile is private; id = 59357180
Error: error_code = 30; This profile is private; id = 557301706
Error: error_code = 30; This profile is private; id = 526285769
Error: error_code = 15; Access denied: user deactivated; id = 401940495
Error: error_code = 30; This profile is private; id = 704961254
Error: error_code = 30; This profile is private; id = 309978776
Error: error_code = 30; This profile is private; id = 11746672
Error: error_code = 30; This profile is private; id = 182745147
Error: error_code = 30; This profile is private; id = 218776378
Error: error_code = 30; This profile is private; id = 701959005
Error: error_code = 30; This profile is private; id = 588603965
Error: error_code = 15; Access denied: user deactivated; id = 308611415
Error: error_code = 15; Access denied: user deactivated; id = 478446322
Error: error_code = 30; This profile is private; id = 448434212
Error: error_code = 15; Access denied: user deactivated; id = 690193964
Error: error_code = 15; Access denied: user deactivated; id = 353242639
Error: error_code = 30; This profile is private; id = 599872345
Error: error_code = 15; Access denied: user deactivated; id = 432597876
Error: error_code = 15; Access denied: user deactivated; id = 212984138
Error: error_code = 15; Access denied: user deactivated; id = 692994109
Error: error_code = 30; This profile is private; id = 690559664
Error: error_code = 30; This profile is private; id = 86507895
Error: error_code = 15; Access denied: user deactivated; id = 196125662
Error: error_code = 15; Access denied: user deactivated; id = 487907395
Error: error_code = 30; This profile is private; id = 663293913
Error: error_code = 30; This profile is private; id = 255923533
Error: error_code = 30; This profile is private; id = 605293690
Error: error_code = 30; This profile is private; id = 470810789
Error: error_code = 30; This profile is private; id = 265312778
Error: error_code = 15; Access denied: user deactivated; id = 349886133
Error: error_code = 30; This profile is private; id = 163797115
Error: error_code = 15; Access denied: user deactivated; id = 195093018
Error: error_code = 30; This profile is private; id = 789231
Error: error_code = 15; Access denied: user deactivated; id = 679311808
Error: error_code = 30; This profile is private; id = 663944310
Error: error_code = 30; This profile is private; id = 650930308
Error: error_code = 30; This profile is private; id = 25191876
Error: error_code = 30; This profile is private; id = 568026319
Error: error_code = 15; Access denied: user deactivated; id = 356827942
Error: error_code = 30; This profile is private; id = 290253455
Error: error_code = 15; Access denied: user deactivated; id = 449013658
Error: error_code = 30; This profile is private; id = 580255753
Error: error_code = 15; Access denied: user deactivated; id = 418187121
Error: error_code = 30; This profile is private; id = 672481953
Error: error_code = 30; This profile is private; id = 257558977
Error: error_code = 30; This profile is private; id = 137836314
Error: error_code = 15; Access denied: user deactivated; id = 515771830
Error: error_code = 15; Access denied: user deactivated; id = 30281538
Error: error_code = 15; Access denied: user deactivated; id = 144880110
Error: error_code = 15; Access denied: user deactivated; id = 257341561
Error: error_code = 30; This profile is private; id = 126342558
Error: error_code = 30; This profile is private; id = 453919969
Error: error_code = 30; This profile is private; id = 534503345
Error: error_code = 30; This profile is private; id = 487609114
Error: error_code = 30; This profile is private; id = 83738882
Error: error_code = 15; Access denied: user deactivated; id = 270660961
Error: error_code = 15; Access denied: user deactivated; id = 216567282
Error: error_code = 30; This profile is private; id = 523955981
Error: error_code = 15; Access denied: user deactivated; id = 513209252
Error: error_code = 30; This profile is private; id = 193786263
Error: error_code = 30; This profile is private; id = 433092489
Error: error_code = 15; Access denied: user deactivated; id = 715189743
Error: error_code = 15; Access denied: user deactivated; id = 571085613
Error: error_code = 30; This profile is private; id = 489534074
Error: error_code = 30; This profile is private; id = 86574750
Error: error_code = 15; Access denied: user deactivated; id = 476481246
Error: error_code = 30; This profile is private; id = 530951582
Error: error_code = 30; This profile is private; id = 72244962
Error: error_code = 15; Access denied: user deactivated; id = 557511751
Error: error_code = 15; Access denied: user deactivated; id = 599992969
Error: error_code = 30; This profile is private; id = 238239731
Error: error_code = 30; This profile is private; id = 243025804
Error: error_code = 30; This profile is private; id = 685597419
Error: error_code = 30; This profile is private; id = 378832755
Error: error_code = 30; This profile is private; id = 507331228
Error: error_code = 15; Access denied: user deactivated; id = 640664943
Error: error_code = 30; This profile is private; id = 634561951
Error: error_code = 30; This profile is private; id = 552748005
Error: error_code = 15; Access denied: user deactivated; id = 326124863
Error: error_code = 30; This profile is private; id = 373569965
Error: error_code = 15; Access denied: user deactivated; id = 590230169
Error: error_code = 15; Access denied: user deactivated; id = 195253907
Error: error_code = 30; This profile is private; id = 663660067
Error: error_code = 30; This profile is private; id = 452529545
Error: error_code = 30; This profile is private; id = 706491084
Error: error_code = 15; Access denied: user deactivated; id = 153277557
Error: error_code = 30; This profile is private; id = 500235524
Error: error_code = 30; This profile is private; id = 140222248
Error: error_code = 30; This profile is private; id = 451719524
Error: error_code = 30; This profile is private; id = 212197402
Error: error_code = 30; This profile is private; id = 339680340
Error: error_code = 30; This profile is private; id = 122433730
Error: error_code = 30; This profile is private; id = 665487727
Error: error_code = 30; This profile is private; id = 503310216
Error: error_code = 30; This profile is private; id = 493002941
Error: error_code = 30; This profile is private; id = 187764818
Error: error_code = 30; This profile is private; id = 240406926
Error: error_code = 15; Access denied: user deactivated; id = 360049061
Error: error_code = 30; This profile is private; id = 23479164
Error: error_code = 30; This profile is private; id = 279633630
Error: error_code = 30; This profile is private; id = 218667339
Error: error_code = 30; This profile is private; id = 493899591
Error: error_code = 30; This profile is private; id = 325614144
Error: error_code = 15; Access denied: user deactivated; id = 178694036
Error: error_code = 30; This profile is private; id = 592590220
Error: error_code = 30; This profile is private; id = 216437556
Error: error_code = 30; This profile is private; id = 103301141
Error: error_code = 30; This profile is private; id = 615106693
Error: error_code = 30; This profile is private; id = 497678063
Error: error_code = 30; This profile is private; id = 640384563
Error: error_code = 30; This profile is private; id = 373313100
Error: error_code = 15; Access denied: user deactivated; id = 351462154
Error: error_code = 15; Access denied: user deactivated; id = 382398762
Error: error_code = 15; Access denied: user deactivated; id = 191709731
Error: error_code = 30; This profile is private; id = 581872496
Error: error_code = 30; This profile is private; id = 224027814
Error: error_code = 30; This profile is private; id = 189181344
Error: error_code = 30; This profile is private; id = 576863712
Error: error_code = 30; This profile is private; id = 574057643
Error: error_code = 30; This profile is private; id = 430662800
Error: error_code = 15; Access denied: user deactivated; id = 264180789
Error: error_code = 15; Access denied: user deactivated; id = 587235031
Error: error_code = 30; This profile is private; id = 614907177
Error: error_code = 15; Access denied: user deactivated; id = 318482864
Error: error_code = 15; Access denied: user deactivated; id = 521371674
Error: error_code = 30; This profile is private; id = 248891836
Error: error_code = 30; This profile is private; id = 618153055
Error: error_code = 15; Access denied: user deactivated; id = 369398776
Error: error_code = 30; This profile is private; id = 199544674
Error: error_code = 30; This profile is private; id = 104083828
Error: error_code = 30; This profile is private; id = 443995629
Error: error_code = 30; This profile is private; id = 9765292
Error: error_code = 30; This profile is private; id = 638364620
Error: error_code = 15; Access denied: user deactivated; id = 553244631
Error: error_code = 30; This profile is private; id = 409174668
Error: error_code = 15; Access denied: user deactivated; id = 148656057
Error: error_code = 30; This profile is private; id = 587332346
Error: error_code = 30; This profile is private; id = 611381957
Error: error_code = 30; This profile is private; id = 142477644
Error: error_code = 30; This profile is private; id = 29139985
Error: error_code = 15; Access denied: user deactivated; id = 553292800
Error: error_code = 30; This profile is private; id = 438990682
Error: error_code = 30; This profile is private; id = 526949432
Error: error_code = 30; This profile is private; id = 216108557
Error: error_code = 30; This profile is private; id = 369467353
Error: error_code = 30; This profile is private; id = 132485880
Error: error_code = 30; This profile is private; id = 84625608
Error: error_code = 30; This profile is private; id = 138312331
Error: error_code = 30; This profile is private; id = 408141618
Error: error_code = 15; Access denied: user deactivated; id = 221008010
Error: error_code = 30; This profile is private; id = 711360556
Error: error_code = 30; This profile is private; id = 461446394
Error: error_code = 30; This profile is private; id = 422536369
Error: error_code = 15; Access denied: user deactivated; id = 669981726
Error: error_code = 30; This profile is private; id = 132816072
Error: error_code = 15; Access denied: user deactivated; id = 165587894
Error: error_code = 30; This profile is private; id = 337640766
Error: error_code = 30; This profile is private; id = 217537207
Error: error_code = 30; This profile is private; id = 27539914
Error: error_code = 15; Access denied: user deactivated; id = 708173243
Error: error_code = 15; Access denied: user deactivated; id = 293230850
Error: error_code = 30; This profile is private; id = 598906173
Error: error_code = 15; Access denied: user deactivated; id = 411325339
Error: error_code = 30; This profile is private; id = 661292539
Error: error_code = 30; This profile is private; id = 619317197
Error: error_code = 30; This profile is private; id = 73250003
Error: error_code = 15; Access denied: user deactivated; id = 139092981
Error: error_code = 30; This profile is private; id = 199152504
Error: error_code = 15; Access denied: user deactivated; id = 542881803
Error: error_code = 15; Access denied: user deactivated; id = 537808672
Error: error_code = 30; This profile is private; id = 375369026
Error: error_code = 30; This profile is private; id = 168822080
Error: error_code = 30; This profile is private; id = 102844095
Error: error_code = 30; This profile is private; id = 464042954
Error: error_code = 15; Access denied: user deactivated; id = 87563839
Error: error_code = 30; This profile is private; id = 61915805
Error: error_code = 30; This profile is private; id = 97879401
Error: error_code = 30; This profile is private; id = 509554918
Error: error_code = 30; This profile is private; id = 123394862
Error: error_code = 15; Access denied: user deactivated; id = 553116589
Error: error_code = 15; Access denied: user deactivated; id = 230624061
Error: error_code = 30; This profile is private; id = 692009038
Error: error_code = 15; Access denied: user deactivated; id = 11172997
Error: error_code = 15; Access denied: user deactivated; id = 21803728
Error: error_code = 30; This profile is private; id = 262874361
Error: error_code = 15; Access denied: user deactivated; id = 44663017
Error: error_code = 30; This profile is private; id = 96011099
Error: error_code = 15; Access denied: user deactivated; id = 370256437
Error: error_code = 30; This profile is private; id = 270852214
Error: error_code = 30; This profile is private; id = 612895355
Error: error_code = 30; This profile is private; id = 143574266
Error: error_code = 30; This profile is private; id = 619549490
Error: error_code = 30; This profile is private; id = 312963256
Error: error_code = 30; This profile is private; id = 203431189
Error: error_code = 15; Access denied: user deactivated; id = 41582552
Error: error_code = 15; Access denied: user deactivated; id = 208881328
Error: error_code = 30; This profile is private; id = 381458626
Error: error_code = 15; Access denied: user deactivated; id = 67855778
Error: error_code = 30; This profile is private; id = 563668837
Error: error_code = 30; This profile is private; id = 253466977
Error: error_code = 30; This profile is private; id = 28888972
Error: error_code = 30; This profile is private; id = 154919610
Error: error_code = 30; This profile is private; id = 353266529
Error: error_code = 30; This profile is private; id = 231506794
Error: error_code = 30; This profile is private; id = 624957155
Error: error_code = 30; This profile is private; id = 345643714
Error: error_code = 30; This profile is private; id = 67500990
Error: error_code = 30; This profile is private; id = 42952532
Error: error_code = 30; This profile is private; id = 694593450
Error: error_code = 30; This profile is private; id = 87871326
Error: error_code = 30; This profile is private; id = 184195437
Error: error_code = 15; Access denied: user deactivated; id = 339942915
Error: error_code = 30; This profile is private; id = 226136445
Error: error_code = 15; Access denied: user deactivated; id = 362263561
Error: error_code = 15; Access denied: user deactivated; id = 680112737
Error: error_code = 30; This profile is private; id = 313947642
Error: error_code = 30; This profile is private; id = 85656911
Error: error_code = 30; This profile is private; id = 13605839
Error: error_code = 15; Access denied: user deactivated; id = 710119540
Error: error_code = 15; Access denied: user deactivated; id = 294254405
Error: error_code = 30; This profile is private; id = 174219680
Error: error_code = 15; Access denied: user deactivated; id = 440745784
Error: error_code = 30; This profile is private; id = 127573613
Error: error_code = 30; This profile is private; id = 33818077
Error: error_code = 15; Access denied: user deactivated; id = 250142878
Error: error_code = 30; This profile is private; id = 109376339
Error: error_code = 30; This profile is private; id = 87609404
Error: error_code = 30; This profile is private; id = 454457098
Error: error_code = 30; This profile is private; id = 273793010
Error: error_code = 30; This profile is private; id = 705807071
Error: error_code = 30; This profile is private; id = 92624279
Error: error_code = 30; This profile is private; id = 240681502
Error: error_code = 15; Access denied: user deactivated; id = 414264794
Error: error_code = 30; This profile is private; id = 235955345
Error: error_code = 15; Access denied: user deactivated; id = 97938465
Error: error_code = 15; Access denied: user deactivated; id = 99428282
Error: error_code = 30; This profile is private; id = 604333406
Error: error_code = 15; Access denied: user deactivated; id = 442133896
Error: error_code = 15; Access denied: user deactivated; id = 429928221
Error: error_code = 30; This profile is private; id = 625845067
Error: error_code = 15; Access denied: user deactivated; id = 106083717
Error: error_code = 30; This profile is private; id = 17507943
Error: error_code = 30; This profile is private; id = 111546406
Error: error_code = 15; Access denied: user deactivated; id = 221684025
Error: error_code = 30; This profile is private; id = 345886496
Error: error_code = 30; This profile is private; id = 26162940
Error: error_code = 30; This profile is private; id = 440778274
Error: error_code = 30; This profile is private; id = 602247343
Error: error_code = 30; This profile is private; id = 127096746
Error: error_code = 30; This profile is private; id = 131968284
Error: error_code = 15; Access denied: user deactivated; id = 348489292
Error: error_code = 30; This profile is private; id = 564556552
Error: error_code = 15; Access denied: user deactivated; id = 715186093
Error: error_code = 15; Access denied: user deactivated; id = 702774567
Error: error_code = 30; This profile is private; id = 679340700
Error: error_code = 15; Access denied: user deactivated; id = 482317248
Error: error_code = 30; This profile is private; id = 334709628
Error: error_code = 30; This profile is private; id = 269870963
Error: error_code = 15; Access denied: user deactivated; id = 287997860
Error: error_code = 15; Access denied: user deactivated; id = 541292593
Error: error_code = 30; This profile is private; id = 400657675
Error: error_code = 30; This profile is private; id = 27042217
Error: error_code = 30; This profile is private; id = 158517750
Error: error_code = 30; This profile is private; id = 370111937
Error: error_code = 30; This profile is private; id = 176713445
Error: error_code = 30; This profile is private; id = 479226399
Error: error_code = 15; Access denied: user deactivated; id = 290939893
Error: error_code = 30; This profile is private; id = 493732130
Error: error_code = 30; This profile is private; id = 577117974
Error: error_code = 30; This profile is private; id = 56011463
Error: error_code = 15; Access denied: user deactivated; id = 243491976
Error: error_code = 30; This profile is private; id = 685325870
Error: error_code = 15; Access denied: user deactivated; id = 354638341
Error: error_code = 30; This profile is private; id = 96113242
Error: error_code = 30; This profile is private; id = 457933391
Error: error_code = 30; This profile is private; id = 656823184
Error: error_code = 30; This profile is private; id = 214682631
Error: error_code = 30; This profile is private; id = 30804876
Error: error_code = 30; This profile is private; id = 288958910
Error: error_code = 30; This profile is private; id = 544227746
Error: error_code = 15; Access denied: user deactivated; id = 303168566
Error: error_code = 30; This profile is private; id = 260680143
Error: error_code = 30; This profile is private; id = 2435168
Error: error_code = 30; This profile is private; id = 487879305
Error: error_code = 15; Access denied: user deactivated; id = 557578323
Error: error_code = 30; This profile is private; id = 573162339
Error: error_code = 15; Access denied: user deactivated; id = 710120833
Error: error_code = 30; This profile is private; id = 367757593
Error: error_code = 15; Access denied: user deactivated; id = 231412516
Error: error_code = 15; Access denied: user deactivated; id = 197458321
Error: error_code = 30; This profile is private; id = 104788024
Error: error_code = 15; Access denied: user deactivated; id = 138125269
Error: error_code = 30; This profile is private; id = 467170985
Error: error_code = 15; Access denied: user deactivated; id = 497846786
Error: error_code = 30; This profile is private; id = 527192371
Error: error_code = 15; Access denied: user deactivated; id = 352523610
Error: error_code = 30; This profile is private; id = 261093331
Error: error_code = 30; This profile is private; id = 608385128
Error: error_code = 30; This profile is private; id = 211881325
Error: error_code = 30; This profile is private; id = 101519046
Error: error_code = 30; This profile is private; id = 204884911
Error: error_code = 15; Access denied: user deactivated; id = 281658655
Error: error_code = 15; Access denied: user deactivated; id = 283200798
Error: error_code = 15; Access denied: user deactivated; id = 538873674
Error: error_code = 30; This profile is private; id = 485270275
Error: error_code = 30; This profile is private; id = 160869425
Error: error_code = 30; This profile is private; id = 245682057
Error: error_code = 15; Access denied: user deactivated; id = 286904039
Error: error_code = 30; This profile is private; id = 375568784
Error: error_code = 30; This profile is private; id = 535173411
Error: error_code = 30; This profile is private; id = 306477520
Error: error_code = 30; This profile is private; id = 155811904
Error: error_code = 30; This profile is private; id = 86200701
Error: error_code = 30; This profile is private; id = 403185534
Error: error_code = 30; This profile is private; id = 376631938
Error: error_code = 15; Access denied: user deactivated; id = 134074508
Error: error_code = 30; This profile is private; id = 339129428
Error: error_code = 15; Access denied: user deactivated; id = 227807580
Error: error_code = 15; Access denied: user deactivated; id = 346640011
Error: error_code = 30; This profile is private; id = 599258244
Error: error_code = 30; This profile is private; id = 42115472
Error: error_code = 15; Access denied: user deactivated; id = 377512051
Error: error_code = 30; This profile is private; id = 143292529
Error: error_code = 30; This profile is private; id = 658884148
Error: error_code = 30; This profile is private; id = 369864038
Error: error_code = 30; This profile is private; id = 262460055
Error: error_code = 30; This profile is private; id = 670180456
Error: error_code = 30; This profile is private; id = 12497202
Error: error_code = 30; This profile is private; id = 485567916
Error: error_code = 15; Access denied: user deactivated; id = 530001133
Error: error_code = 30; This profile is private; id = 449626290
Error: error_code = 30; This profile is private; id = 678709223
Error: error_code = 15; Access denied: user deactivated; id = 534271366
Error: error_code = 30; This profile is private; id = 716867061
Error: error_code = 30; This profile is private; id = 160435179
Error: error_code = 30; This profile is private; id = 432757009
Error: error_code = 15; Access denied: user deactivated; id = 452932971
Error: error_code = 15; Access denied: user deactivated; id = 391151168
Error: error_code = 30; This profile is private; id = 177132900
Error: error_code = 30; This profile is private; id = 144992906
Error: error_code = 30; This profile is private; id = 682013978
Error: error_code = 30; This profile is private; id = 455955643
Error: error_code = 30; This profile is private; id = 40006860
Error: error_code = 30; This profile is private; id = 160401840
Error: error_code = 15; Access denied: user deactivated; id = 459147953
Error: error_code = 15; Access denied: user deactivated; id = 266015180
Error: error_code = 15; Access denied: user deactivated; id = 413302143
Error: error_code = 30; This profile is private; id = 634474553
Error: error_code = 30; This profile is private; id = 60367934
Error: error_code = 30; This profile is private; id = 558316576
Error: error_code = 15; Access denied: user deactivated; id = 423735791
Error: error_code = 30; This profile is private; id = 437768659
Error: error_code = 30; This profile is private; id = 189250988
Error: error_code = 30; This profile is private; id = 595156001
Error: error_code = 30; This profile is private; id = 40687928
Error: error_code = 30; This profile is private; id = 362356218
Error: error_code = 15; Access denied: user deactivated; id = 545470271
Error: error_code = 30; This profile is private; id = 196937056
Error: error_code = 30; This profile is private; id = 402692810
Error: error_code = 30; This profile is private; id = 612550238
Error: error_code = 30; This profile is private; id = 164229622
Error: error_code = 30; This profile is private; id = 152174653
Error: error_code = 30; This profile is private; id = 209641675
Error: error_code = 30; This profile is private; id = 158912278
Error: error_code = 15; Access denied: user deactivated; id = 602321547
Error: error_code = 30; This profile is private; id = 545684021
Error: error_code = 30; This profile is private; id = 190046504
Error: error_code = 15; Access denied: user deactivated; id = 34487354
Error: error_code = 15; Access denied: user deactivated; id = 220940855
Error: error_code = 30; This profile is private; id = 87693758
Error: error_code = 15; Access denied: user deactivated; id = 514339370
Error: error_code = 30; This profile is private; id = 463896702
Error: error_code = 15; Access denied: user deactivated; id = 452349289
Error: error_code = 30; This profile is private; id = 10748193
Error: error_code = 30; This profile is private; id = 664883655
Error: error_code = 30; This profile is private; id = 629579125
Error: error_code = 30; This profile is private; id = 454516709
Error: error_code = 30; This profile is private; id = 633355
Error: error_code = 30; This profile is private; id = 425050131
Error: error_code = 15; Access denied: user deactivated; id = 269162491
Error: error_code = 30; This profile is private; id = 305255602
Error: error_code = 30; This profile is private; id = 23071665
Error: error_code = 30; This profile is private; id = 64948921
Error: error_code = 15; Access denied: user deactivated; id = 254473981
Error: error_code = 30; This profile is private; id = 28228246
Error: error_code = 15; Access denied: user deactivated; id = 218293309
Error: error_code = 30; This profile is private; id = 574683261
Error: error_code = 30; This profile is private; id = 166611709
Error: error_code = 30; This profile is private; id = 209779592
Error: error_code = 30; This profile is private; id = 456290436
Error: error_code = 15; Access denied: user deactivated; id = 430689551
Error: error_code = 30; This profile is private; id = 368637467
Error: error_code = 15; Access denied: user deactivated; id = 38814121
Error: error_code = 30; This profile is private; id = 461859026
Error: error_code = 30; This profile is private; id = 554707677
Error: error_code = 30; This profile is private; id = 361630221
Error: error_code = 15; Access denied: user deactivated; id = 244483849
Error: error_code = 30; This profile is private; id = 501274293
Error: error_code = 30; This profile is private; id = 190526294
Error: error_code = 15; Access denied: user deactivated; id = 152786417
Error: error_code = 30; This profile is private; id = 389236984
Error: error_code = 30; This profile is private; id = 312193703
Error: error_code = 30; This profile is private; id = 380414820
Error: error_code = 30; This profile is private; id = 324453545
Error: error_code = 30; This profile is private; id = 58320421
Error: error_code = 30; This profile is private; id = 601620948
Error: error_code = 30; This profile is private; id = 421845433
Error: error_code = 30; This profile is private; id = 423114134
Error: error_code = 15; Access denied: user deactivated; id = 201361984
Error: error_code = 30; This profile is private; id = 274807559
Error: error_code = 30; This profile is private; id = 123459411
Error: error_code = 15; Access denied: user deactivated; id = 371965445
Error: error_code = 30; This profile is private; id = 120692698
Error: error_code = 30; This profile is private; id = 304856176
Error: error_code = 30; This profile is private; id = 147692
Error: error_code = 30; This profile is private; id = 3486519
Error: error_code = 30; This profile is private; id = 277485889
Error: error_code = 15; Access denied: user deactivated; id = 2911806
Error: error_code = 30; This profile is private; id = 651978855
Error: error_code = 30; This profile is private; id = 419425328
Error: error_code = 30; This profile is private; id = 528466980
Error: error_code = 15; Access denied: user deactivated; id = 523336980
Error: error_code = 30; This profile is private; id = 712064975
Error: error_code = 30; This profile is private; id = 142737762
Error: error_code = 30; This profile is private; id = 179940444
Error: error_code = 15; Access denied: user deactivated; id = 479562790
Error: error_code = 30; This profile is private; id = 342960572
Error: error_code = 30; This profile is private; id = 139577930
Error: error_code = 30; This profile is private; id = 291783411
Error: error_code = 30; This profile is private; id = 259832350
Error: error_code = 30; This profile is private; id = 200229261
Error: error_code = 15; Access denied: user deactivated; id = 689329030
Error: error_code = 15; Access denied: user deactivated; id = 106224084
Error: error_code = 15; Access denied: user deactivated; id = 369142407
Error: error_code = 30; This profile is private; id = 157186531
Error: error_code = 30; This profile is private; id = 43820709
Error: error_code = 15; Access denied: user deactivated; id = 395428035
Error: error_code = 15; Access denied: user deactivated; id = 589690625
Error: error_code = 30; This profile is private; id = 222443933
Error: error_code = 30; This profile is private; id = 29817837
Error: error_code = 30; This profile is private; id = 541326574
Error: error_code = 30; This profile is private; id = 18639850
Error: error_code = 15; Access denied: user deactivated; id = 576810213
Error: error_code = 30; This profile is private; id = 559706947
Error: error_code = 30; This profile is private; id = 20192232
Error: error_code = 15; Access denied: user deactivated; id = 714842000
Error: error_code = 30; This profile is private; id = 173391608
Error: error_code = 30; This profile is private; id = 270499286
Error: error_code = 30; This profile is private; id = 375028827
Error: error_code = 15; Access denied: user deactivated; id = 172624814
Error: error_code = 15; Access denied: user deactivated; id = 429383641
Error: error_code = 30; This profile is private; id = 701892461
Error: error_code = 30; This profile is private; id = 8521381
Error: error_code = 30; This profile is private; id = 531728058
Error: error_code = 30; This profile is private; id = 8852668
Error: error_code = 30; This profile is private; id = 122686242
Error: error_code = 30; This profile is private; id = 224525840
Error: error_code = 30; This profile is private; id = 416640980
Error: error_code = 30; This profile is private; id = 7633809
Error: error_code = 30; This profile is private; id = 715213195
Error: error_code = 15; Access denied: user deactivated; id = 30091366
Error: error_code = 30; This profile is private; id = 274027145
Error: error_code = 30; This profile is private; id = 32432930
Error: error_code = 30; This profile is private; id = 659585729
Error: error_code = 30; This profile is private; id = 180412663
Error: error_code = 30; This profile is private; id = 663229088
Error: error_code = 30; This profile is private; id = 431811907
Error: error_code = 30; This profile is private; id = 199036892
Error: error_code = 30; This profile is private; id = 134455758
Error: error_code = 30; This profile is private; id = 601379171
Error: error_code = 15; Access denied: user deactivated; id = 227065553
Error: error_code = 30; This profile is private; id = 370665919
Error: error_code = 30; This profile is private; id = 305287736
Error: error_code = 30; This profile is private; id = 191604762
Error: error_code = 30; This profile is private; id = 422643872
Error: error_code = 15; Access denied: user deactivated; id = 405837628
Error: error_code = 30; This profile is private; id = 103486626
Error: error_code = 30; This profile is private; id = 211922407
Error: error_code = 15; Access denied: user deactivated; id = 427454856
Error: error_code = 15; Access denied: user deactivated; id = 221551552
Error: error_code = 30; This profile is private; id = 541435305
Error: error_code = 30; This profile is private; id = 41851277
Error: error_code = 30; This profile is private; id = 175828857
Error: error_code = 30; This profile is private; id = 151245221
Error: error_code = 30; This profile is private; id = 1243479
Error: error_code = 30; This profile is private; id = 213798865
Error: error_code = 30; This profile is private; id = 207128332
Error: error_code = 30; This profile is private; id = 89177439
Error: error_code = 30; This profile is private; id = 18041426
Error: error_code = 15; Access denied: user deactivated; id = 393146624
Error: error_code = 15; Access denied: user deactivated; id = 710121321
Error: error_code = 15; Access denied: user deactivated; id = 411432002
Error: error_code = 30; This profile is private; id = 24359099
Error: error_code = 30; This profile is private; id = 576778213
Error: error_code = 30; This profile is private; id = 24138087
Error: error_code = 30; This profile is private; id = 6776179
Error: error_code = 30; This profile is private; id = 387380366
Error: error_code = 30; This profile is private; id = 15145426
Error: error_code = 30; This profile is private; id = 153774565
Error: error_code = 30; This profile is private; id = 31155082
Error: error_code = 30; This profile is private; id = 264198746
Error: error_code = 15; Access denied: user deactivated; id = 405004120
Error: error_code = 15; Access denied: user deactivated; id = 425036313
Error: error_code = 30; This profile is private; id = 83480087
Error: error_code = 30; This profile is private; id = 29434013
Error: error_code = 30; This profile is private; id = 9519672
Error: error_code = 15; Access denied: user deactivated; id = 516671872
Error: error_code = 30; This profile is private; id = 455597902
Error: error_code = 30; This profile is private; id = 488539327
Error: error_code = 30; This profile is private; id = 568169604
Error: error_code = 30; This profile is private; id = 2507146
Error: error_code = 15; Access denied: user deactivated; id = 614055089
Error: error_code = 30; This profile is private; id = 35982691
Error: error_code = 15; Access denied: user deactivated; id = 230321264
Error: error_code = 15; Access denied: user deactivated; id = 230759834
Error: error_code = 30; This profile is private; id = 25250987
Error: error_code = 15; Access denied: user deactivated; id = 403245337
Error: error_code = 30; This profile is private; id = 594173451
Error: error_code = 30; This profile is private; id = 295374463
Error: error_code = 30; This profile is private; id = 4619628
Error: error_code = 30; This profile is private; id = 218101987
Error: error_code = 30; This profile is private; id = 513504433
Error: error_code = 30; This profile is private; id = 632339233
Error: error_code = 15; Access denied: user deactivated; id = 156338595
Error: error_code = 30; This profile is private; id = 185140012
Error: error_code = 30; This profile is private; id = 423520002
Error: error_code = 30; This profile is private; id = 588093672
Error: error_code = 15; Access denied: user deactivated; id = 579179964
Error: error_code = 30; This profile is private; id = 4573077
Error: error_code = 15; Access denied: user deactivated; id = 354890861
Error: error_code = 30; This profile is private; id = 167373456
Error: error_code = 15; Access denied: user deactivated; id = 297648276
Error: error_code = 15; Access denied: user deactivated; id = 393601942
Error: error_code = 30; This profile is private; id = 225179312
Error: error_code = 15; Access denied: user deactivated; id = 227994686
Error: error_code = 30; This profile is private; id = 9152386
Error: error_code = 30; This profile is private; id = 511024937
Error: error_code = 30; This profile is private; id = 155930264
Error: error_code = 15; Access denied: user deactivated; id = 307302785
Error: error_code = 15; Access denied: user deactivated; id = 225888734
Error: error_code = 30; This profile is private; id = 2074591
Error: error_code = 30; This profile is private; id = 343059765
Error: error_code = 15; Access denied: user deactivated; id = 154196350
Error: error_code = 30; This profile is private; id = 241104739
Error: error_code = 30; This profile is private; id = 14028382
Error: error_code = 30; This profile is private; id = 162627826
Error: error_code = 30; This profile is private; id = 581234447
Error: error_code = 30; This profile is private; id = 214604673
Error: error_code = 30; This profile is private; id = 49391515
Error: error_code = 30; This profile is private; id = 691810816
Error: error_code = 30; This profile is private; id = 27500124
Error: error_code = 30; This profile is private; id = 96500739
Error: error_code = 30; This profile is private; id = 70962939
Error: error_code = 30; This profile is private; id = 469893426
Error: error_code = 30; This profile is private; id = 653888571
Error: error_code = 30; This profile is private; id = 4429844
Error: error_code = 30; This profile is private; id = 133822140
Error: error_code = 15; Access denied: user deactivated; id = 426873978
Error: error_code = 15; Access denied: user deactivated; id = 225440042
Error: error_code = 15; Access denied: user deactivated; id = 76138993
Error: error_code = 15; Access denied: user deactivated; id = 683390871
Error: error_code = 30; This profile is private; id = 478220137
Error: error_code = 30; This profile is private; id = 579454439
Error: error_code = 15; Access denied: user deactivated; id = 165572119
Error: error_code = 30; This profile is private; id = 170616521
Error: error_code = 30; This profile is private; id = 604057174
Error: error_code = 15; Access denied: user deactivated; id = 533695846
Error: error_code = 30; This profile is private; id = 221041770
Error: error_code = 30; This profile is private; id = 162299494
Error: error_code = 30; This profile is private; id = 103429317
Error: error_code = 30; This profile is private; id = 429117529
Error: error_code = 30; This profile is private; id = 551334502
Error: error_code = 15; Access denied: user deactivated; id = 423712632
Error: error_code = 30; This profile is private; id = 589804804
Error: error_code = 15; Access denied: user deactivated; id = 134171363
Error: error_code = 30; This profile is private; id = 452262630
Error: error_code = 30; This profile is private; id = 563915722
Error: error_code = 30; This profile is private; id = 538574659
Error: error_code = 15; Access denied: user deactivated; id = 697799649
Error: error_code = 30; This profile is private; id = 594927778
Error: error_code = 30; This profile is private; id = 471745383
Error: error_code = 30; This profile is private; id = 572115851
Error: error_code = 30; This profile is private; id = 549918278
Error: error_code = 15; Access denied: user deactivated; id = 177959962
Error: error_code = 30; This profile is private; id = 271452917
Error: error_code = 30; This profile is private; id = 510174875
Error: error_code = 15; Access denied: user deactivated; id = 533703091
Error: error_code = 30; This profile is private; id = 558167001
Error: error_code = 15; Access denied: user deactivated; id = 156478970
Error: error_code = 15; Access denied: user deactivated; id = 613510626
Error: error_code = 15; Access denied: user deactivated; id = 174548896
Error: error_code = 30; This profile is private; id = 160467310
Error: error_code = 30; This profile is private; id = 433893230
Error: error_code = 15; Access denied: user deactivated; id = 552784066
Error: error_code = 15; Access denied: user deactivated; id = 711233122
Error: error_code = 15; Access denied: user deactivated; id = 136095548
Error: error_code = 30; This profile is private; id = 449633559
Error: error_code = 30; This profile is private; id = 179011094
Error: error_code = 15; Access denied: user deactivated; id = 561300151
Error: error_code = 30; This profile is private; id = 13071417
Error: error_code = 30; This profile is private; id = 128808717
Error: error_code = 30; This profile is private; id = 759784
Error: error_code = 30; This profile is private; id = 364164902
Error: error_code = 15; Access denied: user deactivated; id = 274580401
Error: error_code = 30; This profile is private; id = 880645
Error: error_code = 30; This profile is private; id = 612119622
Error: error_code = 30; This profile is private; id = 698494054
Error: error_code = 15; Access denied: user deactivated; id = 492575574
Error: error_code = 30; This profile is private; id = 645991082
Error: error_code = 30; This profile is private; id = 50187649
Error: error_code = 30; This profile is private; id = 537222134
Error: error_code = 15; Access denied: user deactivated; id = 674647834
Error: error_code = 30; This profile is private; id = 555133291
Error: error_code = 30; This profile is private; id = 110614771
Error: error_code = 30; This profile is private; id = 72152706
Error: error_code = 30; This profile is private; id = 213939244
Error: error_code = 30; This profile is private; id = 343750
Error: error_code = 30; This profile is private; id = 302906271
Error: error_code = 15; Access denied: user deactivated; id = 198412305
Error: error_code = 30; This profile is private; id = 138434347
Error: error_code = 15; Access denied: user deactivated; id = 429575350
Error: error_code = 30; This profile is private; id = 52412321
Error: error_code = 30; This profile is private; id = 223611191
Error: error_code = 15; Access denied: user deactivated; id = 286809268
Error: error_code = 15; Access denied: user deactivated; id = 394168096
Error: error_code = 30; This profile is private; id = 26337387
Error: error_code = 30; This profile is private; id = 337453624
Error: error_code = 30; This profile is private; id = 587409257
Error: error_code = 30; This profile is private; id = 454879897
Error: error_code = 15; Access denied: user deactivated; id = 51319769
Error: error_code = 30; This profile is private; id = 97438816
Error: error_code = 30; This profile is private; id = 355186
Error: error_code = 30; This profile is private; id = 1388553
Error: error_code = 30; This profile is private; id = 514912436
Error: error_code = 30; This profile is private; id = 613507117
Error: error_code = 30; This profile is private; id = 517689417
Error: error_code = 15; Access denied: user deactivated; id = 697510252
Error: error_code = 15; Access denied: user deactivated; id = 470685838
Error: error_code = 30; This profile is private; id = 376317119
Error: error_code = 15; Access denied: user deactivated; id = 536955227
Error: error_code = 30; This profile is private; id = 283802234
Error: error_code = 15; Access denied: user deactivated; id = 222724108
Error: error_code = 15; Access denied: user deactivated; id = 576815114
Error: error_code = 15; Access denied: user deactivated; id = 542222028
Error: error_code = 15; Access denied: user deactivated; id = 422745625
Error: error_code = 15; Access denied: user deactivated; id = 715137607
Error: error_code = 15; Access denied: user deactivated; id = 327231906
Error: error_code = 30; This profile is private; id = 636405999
Error: error_code = 15; Access denied: user deactivated; id = 415614763
Error: error_code = 30; This profile is private; id = 491146474
Error: error_code = 30; This profile is private; id = 160684539
Error: error_code = 15; Access denied: user deactivated; id = 422538691
Error: error_code = 30; This profile is private; id = 428719459
Error: error_code = 30; This profile is private; id = 21887598
Error: error_code = 30; This profile is private; id = 224033936
Error: error_code = 15; Access denied: user deactivated; id = 231107559
Error: error_code = 15; Access denied: user deactivated; id = 592214203
Error: error_code = 30; This profile is private; id = 96854486
Error: error_code = 30; This profile is private; id = 11056868
Error: error_code = 30; This profile is private; id = 506038213
Error: error_code = 30; This profile is private; id = 212238540
Error: error_code = 15; Access denied: user deactivated; id = 166556284
Error: error_code = 30; This profile is private; id = 619418232
Error: error_code = 30; This profile is private; id = 556102367
Error: error_code = 30; This profile is private; id = 699095163
Error: error_code = 30; This profile is private; id = 690933689
Error: error_code = 30; This profile is private; id = 522729818
Error: error_code = 30; This profile is private; id = 595752693
Error: error_code = 30; This profile is private; id = 246974107
Error: error_code = 30; This profile is private; id = 539175491
Error: error_code = 30; This profile is private; id = 488744622
Error: error_code = 30; This profile is private; id = 716953716
Error: error_code = 30; This profile is private; id = 4732140
Error: error_code = 30; This profile is private; id = 175786016
Error: error_code = 30; This profile is private; id = 224304004
Error: error_code = 15; Access denied: user deactivated; id = 211715735
Error: error_code = 15; Access denied: user deactivated; id = 363112810
Error: error_code = 15; Access denied: user deactivated; id = 73641978
Error: error_code = 15; Access denied: user deactivated; id = 536627963
Error: error_code = 30; This profile is private; id = 575884836
Error: error_code = 15; Access denied: user deactivated; id = 296120322
Error: error_code = 15; Access denied: user deactivated; id = 366487
Error: error_code = 30; This profile is private; id = 92660064
Error: error_code = 15; Access denied: user deactivated; id = 691459257
Error: error_code = 30; This profile is private; id = 121281706
Error: error_code = 15; Access denied: user deactivated; id = 219068821
Error: error_code = 15; Access denied: user deactivated; id = 67966800
Error: error_code = 15; Access denied: user deactivated; id = 332215110
Error: error_code = 15; Access denied: user deactivated; id = 62817325
Error: error_code = 30; This profile is private; id = 331272721
Error: error_code = 30; This profile is private; id = 717656291
Error: error_code = 30; This profile is private; id = 50673459
Error: error_code = 30; This profile is private; id = 255128016
Error: error_code = 30; This profile is private; id = 386835491
Error: error_code = 30; This profile is private; id = 303521957
Error: error_code = 30; This profile is private; id = 451019967
Error: error_code = 30; This profile is private; id = 151466889
Error: error_code = 30; This profile is private; id = 640732215
Error: error_code = 15; Access denied: user deactivated; id = 399647984
Error: error_code = 15; Access denied: user deactivated; id = 286214292
Error: error_code = 30; This profile is private; id = 151550865
Error: error_code = 30; This profile is private; id = 331752605
Error: error_code = 15; Access denied: user deactivated; id = 432046614
Error: error_code = 30; This profile is private; id = 162945904
Error: error_code = 15; Access denied: user deactivated; id = 424034803
Error: error_code = 15; Access denied: user deactivated; id = 656056873
Error: error_code = 15; Access denied: user deactivated; id = 401458059
Error: error_code = 30; This profile is private; id = 637923038
Error: error_code = 30; This profile is private; id = 464886539
Error: error_code = 30; This profile is private; id = 610680651
Error: error_code = 30; This profile is private; id = 342317920
Error: error_code = 15; Access denied: user deactivated; id = 273102371
Error: error_code = 30; This profile is private; id = 110863410
Error: error_code = 15; Access denied: user deactivated; id = 210395715
Error: error_code = 15; Access denied: user deactivated; id = 510050832
Error: error_code = 30; This profile is private; id = 248927510
Error: error_code = 30; This profile is private; id = 715171614
Error: error_code = 30; This profile is private; id = 524372061
Error: error_code = 30; This profile is private; id = 252237165
Error: error_code = 15; Access denied: user deactivated; id = 81542855
Error: error_code = 30; This profile is private; id = 481020467
Error: error_code = 30; This profile is private; id = 199938759
Error: error_code = 15; Access denied: user deactivated; id = 350109763
Error: error_code = 30; This profile is private; id = 12478945
Error: error_code = 15; Access denied: user deactivated; id = 377512422
Error: error_code = 30; This profile is private; id = 163878523
Error: error_code = 15; Access denied: user deactivated; id = 40678612
Error: error_code = 15; Access denied: user deactivated; id = 428731748
Error: error_code = 15; Access denied: user deactivated; id = 176091231
Error: error_code = 15; Access denied: user deactivated; id = 565317054
Error: error_code = 30; This profile is private; id = 520261603
Error: error_code = 30; This profile is private; id = 298255408
Error: error_code = 30; This profile is private; id = 492281359
Error: error_code = 30; This profile is private; id = 716236562
Error: error_code = 30; This profile is private; id = 682040662
Error: error_code = 30; This profile is private; id = 701179037
Error: error_code = 15; Access denied: user deactivated; id = 399467744
Error: error_code = 30; This profile is private; id = 63848777
Error: error_code = 15; Access denied: user deactivated; id = 407591070
Error: error_code = 15; Access denied: user deactivated; id = 417427154
Error: error_code = 15; Access denied: user deactivated; id = 139308435
Error: error_code = 30; This profile is private; id = 236883259
Error: error_code = 30; This profile is private; id = 252750994
Error: error_code = 30; This profile is private; id = 26892989
Error: error_code = 30; This profile is private; id = 274912379
Error: error_code = 30; This profile is private; id = 295445866
Error: error_code = 15; Access denied: user deactivated; id = 7497441
Error: error_code = 30; This profile is private; id = 596657543
Error: error_code = 30; This profile is private; id = 486659658
Error: error_code = 30; This profile is private; id = 685270034
Error: error_code = 15; Access denied: user deactivated; id = 662930940
Error: error_code = 15; Access denied: user deactivated; id = 64581949
Error: error_code = 30; This profile is private; id = 8456180
Error: error_code = 30; This profile is private; id = 581616332
Error: error_code = 15; Access denied: user deactivated; id = 191439498
Error: error_code = 30; This profile is private; id = 374797206
Error: error_code = 30; This profile is private; id = 184551235
Error: error_code = 30; This profile is private; id = 136848340
Error: error_code = 15; Access denied: user deactivated; id = 616125929
Error: error_code = 30; This profile is private; id = 610494852
Error: error_code = 30; This profile is private; id = 140440605
Error: error_code = 15; Access denied: user deactivated; id = 276025563
Error: error_code = 30; This profile is private; id = 24751958
Error: error_code = 30; This profile is private; id = 714745405
Error: error_code = 30; This profile is private; id = 323197091
Error: error_code = 15; Access denied: user deactivated; id = 222572073
Error: error_code = 30; This profile is private; id = 565762857
Error: error_code = 30; This profile is private; id = 541948030
Error: error_code = 15; Access denied: user deactivated; id = 426892311
Error: error_code = 15; Access denied: user deactivated; id = 317449345
Error: error_code = 15; Access denied: user deactivated; id = 387547234
Error: error_code = 30; This profile is private; id = 549859344
Error: error_code = 30; This profile is private; id = 31407230
Error: error_code = 30; This profile is private; id = 664295643
Error: error_code = 30; This profile is private; id = 171570148
Error: error_code = 30; This profile is private; id = 35813249
Error: error_code = 30; This profile is private; id = 39161423
Error: error_code = 30; This profile is private; id = 343544695
Error: error_code = 30; This profile is private; id = 551416536
Error: error_code = 30; This profile is private; id = 623660621
Error: error_code = 30; This profile is private; id = 50660478
Error: error_code = 30; This profile is private; id = 150491748
Error: error_code = 30; This profile is private; id = 547278417
Error: error_code = 30; This profile is private; id = 144383431
Error: error_code = 30; This profile is private; id = 370692264
Error: error_code = 30; This profile is private; id = 697514186
Error: error_code = 15; Access denied: user deactivated; id = 469094356
Error: error_code = 15; Access denied: user deactivated; id = 535894761
Error: error_code = 15; Access denied: user deactivated; id = 608572204
Error: error_code = 30; This profile is private; id = 440998117
Error: error_code = 15; Access denied: user deactivated; id = 154045887
Error: error_code = 15; Access denied: user deactivated; id = 132215773
Error: error_code = 30; This profile is private; id = 50769529
Error: error_code = 30; This profile is private; id = 564605207
Error: error_code = 30; This profile is private; id = 350999169
Error: error_code = 30; This profile is private; id = 241335491
Error: error_code = 15; Access denied: user deactivated; id = 268910931
Error: error_code = 30; This profile is private; id = 225706929
Error: error_code = 30; This profile is private; id = 338497073
Error: error_code = 15; Access denied: user deactivated; id = 385655345
Error: error_code = 15; Access denied: user deactivated; id = 187893570
Error: error_code = 30; This profile is private; id = 125612853
Error: error_code = 30; This profile is private; id = 259136406
Error: error_code = 30; This profile is private; id = 404343729
Error: error_code = 30; This profile is private; id = 650882140
Error: error_code = 15; Access denied: user deactivated; id = 137698482
Error: error_code = 30; This profile is private; id = 198802441
Error: error_code = 15; Access denied: user deactivated; id = 403957432
Error: error_code = 30; This profile is private; id = 530775196
Error: error_code = 30; This profile is private; id = 508479515
Error: error_code = 30; This profile is private; id = 338018218
Error: error_code = 30; This profile is private; id = 362795794
Error: error_code = 30; This profile is private; id = 388216916
Error: error_code = 30; This profile is private; id = 268094038
Error: error_code = 30; This profile is private; id = 646711939
Error: error_code = 30; This profile is private; id = 282202277
Error: error_code = 30; This profile is private; id = 318251329
Error: error_code = 30; This profile is private; id = 533906908
Error: error_code = 15; Access denied: user deactivated; id = 223723030
Error: error_code = 30; This profile is private; id = 52077740
Error: error_code = 30; This profile is private; id = 338326147
Error: error_code = 30; This profile is private; id = 482037034
Error: error_code = 30; This profile is private; id = 517729441
Error: error_code = 15; Access denied: user deactivated; id = 681737465
Error: error_code = 30; This profile is private; id = 673433681
Error: error_code = 15; Access denied: user deactivated; id = 396078349
Error: error_code = 30; This profile is private; id = 214764214
Error: error_code = 30; This profile is private; id = 451285607
Error: error_code = 30; This profile is private; id = 346686956
Error: error_code = 30; This profile is private; id = 418556426
Error: error_code = 30; This profile is private; id = 149066985
Error: error_code = 15; Access denied: user deactivated; id = 416852468
Error: error_code = 30; This profile is private; id = 570688591
Error: error_code = 30; This profile is private; id = 63724843
Error: error_code = 30; This profile is private; id = 330981927
Error: error_code = 30; This profile is private; id = 553642714
Error: error_code = 30; This profile is private; id = 43698403
Error: error_code = 30; This profile is private; id = 180574155
Error: error_code = 30; This profile is private; id = 516502737
Error: error_code = 30; This profile is private; id = 641036348
Error: error_code = 30; This profile is private; id = 154437258
Error: error_code = 30; This profile is private; id = 39730529
Error: error_code = 15; Access denied: user deactivated; id = 17403020
Error: error_code = 15; Access denied: user deactivated; id = 230677780
Error: error_code = 30; This profile is private; id = 692063118
Error: error_code = 30; This profile is private; id = 462540030
Error: error_code = 30; This profile is private; id = 654267114
Error: error_code = 30; This profile is private; id = 55743962
Error: error_code = 30; This profile is private; id = 159807817
Error: error_code = 30; This profile is private; id = 572973498
Error: error_code = 30; This profile is private; id = 281155538
Error: error_code = 30; This profile is private; id = 647511244
Error: error_code = 30; This profile is private; id = 42728574
Error: error_code = 15; Access denied: user deactivated; id = 647987831
Error: error_code = 30; This profile is private; id = 170436295
Error: error_code = 30; This profile is private; id = 428325677
Error: error_code = 30; This profile is private; id = 364042548
Error: error_code = 30; This profile is private; id = 63512364
Error: error_code = 30; This profile is private; id = 251025653
Error: error_code = 30; This profile is private; id = 210644278
Error: error_code = 30; This profile is private; id = 32065961
Error: error_code = 30; This profile is private; id = 375748724
Error: error_code = 15; Access denied: user deactivated; id = 222234820
Error: error_code = 30; This profile is private; id = 584772097
Error: error_code = 30; This profile is private; id = 174699509
Error: error_code = 30; This profile is private; id = 212808889
Error: error_code = 30; This profile is private; id = 578832686
Error: error_code = 15; Access denied: user deactivated; id = 378364843
Error: error_code = 30; This profile is private; id = 540248747
Error: error_code = 15; Access denied: user deactivated; id = 325370259
Error: error_code = 30; This profile is private; id = 518070546
Error: error_code = 30; This profile is private; id = 139819860
Error: error_code = 30; This profile is private; id = 441705592
Error: error_code = 15; Access denied: user deactivated; id = 354392586
Error: error_code = 15; Access denied: user deactivated; id = 347676241
Error: error_code = 15; Access denied: user deactivated; id = 409431247
Error: error_code = 30; This profile is private; id = 541594453
Error: error_code = 30; This profile is private; id = 602121295
Error: error_code = 30; This profile is private; id = 181819531
Error: error_code = 15; Access denied: user deactivated; id = 54829395
Error: error_code = 15; Access denied: user deactivated; id = 642135739
Error: error_code = 15; Access denied: user deactivated; id = 11405252
Error: error_code = 30; This profile is private; id = 134960719
Error: error_code = 15; Access denied: user deactivated; id = 280717628
Error: error_code = 15; Access denied: user deactivated; id = 474307027
Error: error_code = 30; This profile is private; id = 688718385
Error: error_code = 30; This profile is private; id = 82713005
Error: error_code = 15; Access denied: user deactivated; id = 537008116
Error: error_code = 15; Access denied: user deactivated; id = 501185019
Error: error_code = 30; This profile is private; id = 428887215
Error: error_code = 30; This profile is private; id = 65272306
Error: error_code = 15; Access denied: user deactivated; id = 358425131
Error: error_code = 30; This profile is private; id = 144329938
Error: error_code = 30; This profile is private; id = 468564392
Error: error_code = 30; This profile is private; id = 683739215
Error: error_code = 30; This profile is private; id = 51247989
Error: error_code = 30; This profile is private; id = 661561892
Error: error_code = 30; This profile is private; id = 612631358
Error: error_code = 15; Access denied: user deactivated; id = 308014481
Error: error_code = 30; This profile is private; id = 480417841
Error: error_code = 30; This profile is private; id = 106137357
Error: error_code = 15; Access denied: user deactivated; id = 429990129
Error: error_code = 15; Access denied: user deactivated; id = 160609400
Error: error_code = 30; This profile is private; id = 651206543
Error: error_code = 30; This profile is private; id = 523722053
Error: error_code = 30; This profile is private; id = 396011857
Error: error_code = 30; This profile is private; id = 526011985
Error: error_code = 30; This profile is private; id = 202910935
Error: error_code = 30; This profile is private; id = 202210590
Error: error_code = 30; This profile is private; id = 9842670
Error: error_code = 30; This profile is private; id = 427932042
Error: error_code = 15; Access denied: user deactivated; id = 359868705
Error: error_code = 15; Access denied: user deactivated; id = 328343231
Error: error_code = 30; This profile is private; id = 216666463
Error: error_code = 30; This profile is private; id = 495678916
Error: error_code = 15; Access denied: user deactivated; id = 546861264
Error: error_code = 15; Access denied: user deactivated; id = 216915075
Error: error_code = 30; This profile is private; id = 188605737
Error: error_code = 30; This profile is private; id = 179060356
Error: error_code = 30; This profile is private; id = 478771426
Error: error_code = 15; Access denied: user deactivated; id = 203613543
Error: error_code = 15; Access denied: user deactivated; id = 353565376
Error: error_code = 30; This profile is private; id = 199487456
Error: error_code = 30; This profile is private; id = 29504928
Error: error_code = 30; This profile is private; id = 566632893
Error: error_code = 15; Access denied: user deactivated; id = 717994617
Error: error_code = 30; This profile is private; id = 662726302
Error: error_code = 30; This profile is private; id = 482369548
Error: error_code = 30; This profile is private; id = 562238752
Error: error_code = 30; This profile is private; id = 687214657
Error: error_code = 30; This profile is private; id = 516735303
Error: error_code = 30; This profile is private; id = 46437867
Error: error_code = 15; Access denied: user deactivated; id = 400126327
Error: error_code = 30; This profile is private; id = 645163369
Error: error_code = 30; This profile is private; id = 37940742
Error: error_code = 30; This profile is private; id = 493865154
Error: error_code = 30; This profile is private; id = 134537972
Error: error_code = 15; Access denied: user deactivated; id = 194164883
Error: error_code = 30; This profile is private; id = 303807883
Error: error_code = 15; Access denied: user deactivated; id = 565127500
Error: error_code = 30; This profile is private; id = 406296204
Error: error_code = 15; Access denied: user deactivated; id = 572070024
Error: error_code = 30; This profile is private; id = 143582104
Error: error_code = 30; This profile is private; id = 635852255
Error: error_code = 30; This profile is private; id = 66220407
Error: error_code = 15; Access denied: user deactivated; id = 16825794
Error: error_code = 15; Access denied: user deactivated; id = 364594508
Error: error_code = 30; This profile is private; id = 169605436
Error: error_code = 15; Access denied: user deactivated; id = 456882139
Error: error_code = 30; This profile is private; id = 107424694
Error: error_code = 30; This profile is private; id = 203591252
Error: error_code = 15; Access denied: user deactivated; id = 90567530
Error: error_code = 15; Access denied: user deactivated; id = 227105555
Error: error_code = 30; This profile is private; id = 575568807
Error: error_code = 30; This profile is private; id = 391705986
Error: error_code = 30; This profile is private; id = 399175879
Error: error_code = 30; This profile is private; id = 278703674
Error: error_code = 15; Access denied: user deactivated; id = 364906918
Error: error_code = 15; Access denied: user deactivated; id = 398740448
Error: error_code = 30; This profile is private; id = 127556132
Error: error_code = 30; This profile is private; id = 164330737
Error: error_code = 30; This profile is private; id = 227410658
Error: error_code = 30; This profile is private; id = 219646110
Error: error_code = 15; Access denied: user deactivated; id = 215058309
Error: error_code = 30; This profile is private; id = 151776934
Error: error_code = 30; This profile is private; id = 7665665
Error: error_code = 15; Access denied: user deactivated; id = 458559200
Error: error_code = 30; This profile is private; id = 253198411
Error: error_code = 15; Access denied: user deactivated; id = 509678784
Error: error_code = 15; Access denied: user deactivated; id = 211810561
Error: error_code = 15; Access denied: user deactivated; id = 562864473
Error: error_code = 30; This profile is private; id = 332696343
Error: error_code = 30; This profile is private; id = 140208255
Error: error_code = 30; This profile is private; id = 162492178
Error: error_code = 30; This profile is private; id = 6201570
Error: error_code = 30; This profile is private; id = 628593928
Error: error_code = 30; This profile is private; id = 75937689
Error: error_code = 30; This profile is private; id = 347642461
Error: error_code = 30; This profile is private; id = 10860412
Error: error_code = 30; This profile is private; id = 627324920
Error: error_code = 30; This profile is private; id = 281907325
Error: error_code = 30; This profile is private; id = 518494263
Error: error_code = 30; This profile is private; id = 431628700
Error: error_code = 30; This profile is private; id = 430745727
Error: error_code = 30; This profile is private; id = 275843280
Error: error_code = 30; This profile is private; id = 92620937
Error: error_code = 30; This profile is private; id = 151494927
Error: error_code = 30; This profile is private; id = 587475430
Error: error_code = 30; This profile is private; id = 527959469
Error: error_code = 30; This profile is private; id = 67180423
Error: error_code = 30; This profile is private; id = 69232472
Error: error_code = 30; This profile is private; id = 318995703
Error: error_code = 30; This profile is private; id = 441147658
Error: error_code = 15; Access denied: user deactivated; id = 65680229
Error: error_code = 30; This profile is private; id = 590100412
Error: error_code = 30; This profile is private; id = 207834127
Error: error_code = 15; Access denied: user deactivated; id = 562686259
Error: error_code = 30; This profile is private; id = 253053794
Error: error_code = 15; Access denied: user deactivated; id = 292952354
Error: error_code = 15; Access denied: user deactivated; id = 432289237
Error: error_code = 15; Access denied: user deactivated; id = 334918005
Error: error_code = 30; This profile is private; id = 579728215
Error: error_code = 15; Access denied: user deactivated; id = 560165867
Error: error_code = 30; This profile is private; id = 443042446
Error: error_code = 30; This profile is private; id = 652577871
Error: error_code = 15; Access denied: user deactivated; id = 227629038
Error: error_code = 30; This profile is private; id = 24424804
Error: error_code = 15; Access denied: user deactivated; id = 189090006
Error: error_code = 15; Access denied: user deactivated; id = 196334704
Error: error_code = 30; This profile is private; id = 709708611
Error: error_code = 30; This profile is private; id = 397334686
Error: error_code = 30; This profile is private; id = 582491094
Error: error_code = 15; Access denied: user deactivated; id = 429945567
Error: error_code = 30; This profile is private; id = 573867007
Error: error_code = 30; This profile is private; id = 61866806
Error: error_code = 15; Access denied: user deactivated; id = 206352140
Error: error_code = 15; Access denied: user deactivated; id = 308703239
Error: error_code = 30; This profile is private; id = 500916007
Error: error_code = 30; This profile is private; id = 260199706
Error: error_code = 30; This profile is private; id = 82015375
Error: error_code = 30; This profile is private; id = 156431710
Error: error_code = 30; This profile is private; id = 279904675
Error: error_code = 30; This profile is private; id = 325818629
Error: error_code = 15; Access denied: user deactivated; id = 38012030
Error: error_code = 30; This profile is private; id = 296390330
Error: error_code = 15; Access denied: user deactivated; id = 247529337
Error: error_code = 30; This profile is private; id = 153150260
Error: error_code = 30; This profile is private; id = 299393793
Error: error_code = 15; Access denied: user deactivated; id = 270905155
Error: error_code = 30; This profile is private; id = 134876678
Error: error_code = 30; This profile is private; id = 254926110
Error: error_code = 30; This profile is private; id = 196673004
Error: error_code = 15; Access denied: user deactivated; id = 215208614
Error: error_code = 30; This profile is private; id = 683295275
Error: error_code = 30; This profile is private; id = 563292129
Error: error_code = 15; Access denied: user deactivated; id = 276624664
Error: error_code = 30; This profile is private; id = 617230971
Error: error_code = 30; This profile is private; id = 170180438
Error: error_code = 30; This profile is private; id = 417949569
Error: error_code = 30; This profile is private; id = 659052542
Error: error_code = 30; This profile is private; id = 492522941
Error: error_code = 30; This profile is private; id = 290534198
Error: error_code = 30; This profile is private; id = 213239722
Error: error_code = 15; Access denied: user deactivated; id = 152789202
Error: error_code = 30; This profile is private; id = 26888385
Error: error_code = 30; This profile is private; id = 116520431
Error: error_code = 30; This profile is private; id = 150787577
Error: error_code = 30; This profile is private; id = 634546698
Error: error_code = 15; Access denied: user deactivated; id = 13334178
Error: error_code = 15; Access denied: user deactivated; id = 290311408
Error: error_code = 30; This profile is private; id = 182972654
Error: error_code = 30; This profile is private; id = 296803186
Error: error_code = 30; This profile is private; id = 634133453
Error: error_code = 30; This profile is private; id = 687707200
Error: error_code = 30; This profile is private; id = 573084317
Error: error_code = 30; This profile is private; id = 533753240
Error: error_code = 30; This profile is private; id = 182594433
Error: error_code = 30; This profile is private; id = 338144861
Error: error_code = 15; Access denied: user deactivated; id = 433289610
Error: error_code = 30; This profile is private; id = 133000787
Error: error_code = 15; Access denied: user deactivated; id = 435783900
Error: error_code = 30; This profile is private; id = 555437162
Error: error_code = 15; Access denied: user deactivated; id = 621661316
Error: error_code = 30; This profile is private; id = 500536032
Error: error_code = 30; This profile is private; id = 277106437
Error: error_code = 15; Access denied: user deactivated; id = 301638828
Error: error_code = 30; This profile is private; id = 163024340
Error: error_code = 15; Access denied: user deactivated; id = 132717092
Error: error_code = 15; Access denied: user deactivated; id = 172709209
Error: error_code = 15; Access denied: user deactivated; id = 431332344
Error: error_code = 15; Access denied: user deactivated; id = 350130607
Error: error_code = 30; This profile is private; id = 141292284
Error: error_code = 15; Access denied: user deactivated; id = 331989550
Error: error_code = 30; This profile is private; id = 390049905
Error: error_code = 30; This profile is private; id = 38684244
Error: error_code = 30; This profile is private; id = 242210611
Error: error_code = 15; Access denied: user deactivated; id = 220333745
Error: error_code = 30; This profile is private; id = 112447697
Error: error_code = 30; This profile is private; id = 391123664
Error: error_code = 30; This profile is private; id = 116285061
Error: error_code = 30; This profile is private; id = 335143099
Error: error_code = 30; This profile is private; id = 348126705
Error: error_code = 15; Access denied: user deactivated; id = 325940974
Error: error_code = 30; This profile is private; id = 300121693
Error: error_code = 30; This profile is private; id = 515447642
Error: error_code = 30; This profile is private; id = 20769990
Error: error_code = 30; This profile is private; id = 449542858
Error: error_code = 30; This profile is private; id = 12658129
Error: error_code = 15; Access denied: user deactivated; id = 529155142
Error: error_code = 30; This profile is private; id = 469376173
Error: error_code = 30; This profile is private; id = 100860308
Error: error_code = 15; Access denied: user deactivated; id = 478093325
Error: error_code = 15; Access denied: user deactivated; id = 7144614
Error: error_code = 15; Access denied: user deactivated; id = 247938319
Error: error_code = 30; This profile is private; id = 152829954
Error: error_code = 30; This profile is private; id = 486805003
Error: error_code = 30; This profile is private; id = 310144529
Error: error_code = 30; This profile is private; id = 173717479
Error: error_code = 30; This profile is private; id = 454628057
Error: error_code = 30; This profile is private; id = 442845427
Error: error_code = 30; This profile is private; id = 688353322
Error: error_code = 30; This profile is private; id = 295774238
Error: error_code = 30; This profile is private; id = 395864000
Error: error_code = 15; Access denied: user deactivated; id = 533377486
Error: error_code = 30; This profile is private; id = 9073326
Error: error_code = 30; This profile is private; id = 228609536
Error: error_code = 30; This profile is private; id = 20852382
Error: error_code = 30; This profile is private; id = 216567435
Error: error_code = 15; Access denied: user deactivated; id = 555077013
Error: error_code = 30; This profile is private; id = 640390775
Error: error_code = 30; This profile is private; id = 516859803
Error: error_code = 30; This profile is private; id = 490296708
Error: error_code = 30; This profile is private; id = 272623484
Error: error_code = 30; This profile is private; id = 94101273
Error: error_code = 30; This profile is private; id = 469896
Error: error_code = 30; This profile is private; id = 591186492
Error: error_code = 30; This profile is private; id = 208977993
Error: error_code = 30; This profile is private; id = 87205016
Error: error_code = 30; This profile is private; id = 449882122
Error: error_code = 30; This profile is private; id = 486638740
Error: error_code = 15; Access denied: user deactivated; id = 6494528
Error: error_code = 15; Access denied: user deactivated; id = 445381916
Error: error_code = 30; This profile is private; id = 566794894
Error: error_code = 30; This profile is private; id = 486171049
Error: error_code = 30; This profile is private; id = 484325611
Error: error_code = 30; This profile is private; id = 266424398
Error: error_code = 30; This profile is private; id = 273166667
Error: error_code = 30; This profile is private; id = 145798334
Error: error_code = 30; This profile is private; id = 605893420
Error: error_code = 30; This profile is private; id = 445448400
Error: error_code = 30; This profile is private; id = 354621196
Error: error_code = 30; This profile is private; id = 264608108
Error: error_code = 15; Access denied: user deactivated; id = 467842822
Error: error_code = 30; This profile is private; id = 699369361
Error: error_code = 30; This profile is private; id = 327466795
Error: error_code = 15; Access denied: user deactivated; id = 480257804
Error: error_code = 30; This profile is private; id = 156624387
Error: error_code = 30; This profile is private; id = 312100498
Error: error_code = 15; Access denied: user deactivated; id = 13872675
Error: error_code = 30; This profile is private; id = 618279872
Error: error_code = 30; This profile is private; id = 94676914
Error: error_code = 15; Access denied: user deactivated; id = 581975542
Error: error_code = 30; This profile is private; id = 6356207
Error: error_code = 15; Access denied: user deactivated; id = 550234383
Error: error_code = 30; This profile is private; id = 554373059
Error: error_code = 15; Access denied: user deactivated; id = 38707614
Error: error_code = 30; This profile is private; id = 633864553
Error: error_code = 30; This profile is private; id = 329580238
Error: error_code = 15; Access denied: user deactivated; id = 530345587
Error: error_code = 15; Access denied: user deactivated; id = 399832521
Error: error_code = 15; Access denied: user deactivated; id = 437105457
Error: error_code = 30; This profile is private; id = 135305780
Error: error_code = 30; This profile is private; id = 569776965
Error: error_code = 15; Access denied: user deactivated; id = 59550822
Error: error_code = 30; This profile is private; id = 13360452
Error: error_code = 30; This profile is private; id = 467975863
Error: error_code = 30; This profile is private; id = 142238711
Error: error_code = 30; This profile is private; id = 70555350
Error: error_code = 30; This profile is private; id = 603357859
Error: error_code = 30; This profile is private; id = 465006785
Error: error_code = 30; This profile is private; id = 77075873
Error: error_code = 30; This profile is private; id = 169170608
Error: error_code = 30; This profile is private; id = 522785794
Error: error_code = 30; This profile is private; id = 634329872
Error: error_code = 30; This profile is private; id = 255014686
Error: error_code = 15; Access denied: user deactivated; id = 268698497
Error: error_code = 30; This profile is private; id = 18842838
Error: error_code = 15; Access denied: user deactivated; id = 603695676
Error: error_code = 15; Access denied: user deactivated; id = 262299893
Error: error_code = 30; This profile is private; id = 464080394
Error: error_code = 30; This profile is private; id = 192729925
Error: error_code = 15; Access denied: user deactivated; id = 224054941
Error: error_code = 30; This profile is private; id = 16515775
Error: error_code = 30; This profile is private; id = 345389455
Error: error_code = 15; Access denied: user deactivated; id = 458534964
Error: error_code = 30; This profile is private; id = 632341134
Error: error_code = 30; This profile is private; id = 333631749
Error: error_code = 30; This profile is private; id = 38849944
Error: error_code = 30; This profile is private; id = 84006615
Error: error_code = 15; Access denied: user deactivated; id = 532108441
Error: error_code = 15; Access denied: user deactivated; id = 255537134
Error: error_code = 30; This profile is private; id = 418990460
Error: error_code = 30; This profile is private; id = 520010361
Error: error_code = 30; This profile is private; id = 674996796
Error: error_code = 15; Access denied: user deactivated; id = 53325916
Error: error_code = 15; Access denied: user deactivated; id = 71191315
Error: error_code = 30; This profile is private; id = 422405478
Error: error_code = 30; This profile is private; id = 133920295
Error: error_code = 30; This profile is private; id = 567548382
Error: error_code = 15; Access denied: user deactivated; id = 165615049
Error: error_code = 30; This profile is private; id = 382852033
Error: error_code = 15; Access denied: user deactivated; id = 531792623
Error: error_code = 30; This profile is private; id = 234260865
Error: error_code = 15; Access denied: user deactivated; id = 215150337
Error: error_code = 15; Access denied: user deactivated; id = 145717489
Error: error_code = 30; This profile is private; id = 419323397
Error: error_code = 15; Access denied: user deactivated; id = 362160268
Error: error_code = 15; Access denied: user deactivated; id = 242830612
Error: error_code = 30; This profile is private; id = 508239325
Error: error_code = 30; This profile is private; id = 372546046
Error: error_code = 30; This profile is private; id = 556857633
Error: error_code = 30; This profile is private; id = 329294310
Error: error_code = 30; This profile is private; id = 571258965
Error: error_code = 15; Access denied: user deactivated; id = 551693337
Error: error_code = 30; This profile is private; id = 661145219
Error: error_code = 15; Access denied: user deactivated; id = 529644867
Error: error_code = 15; Access denied: user deactivated; id = 219864491
Error: error_code = 15; Access denied: user deactivated; id = 218103471
Error: error_code = 30; This profile is private; id = 710332365
Error: error_code = 15; Access denied: user deactivated; id = 247080580
Error: error_code = 30; This profile is private; id = 236747009
Error: error_code = 15; Access denied: user deactivated; id = 18248408
Error: error_code = 30; This profile is private; id = 94820039
Error: error_code = 30; This profile is private; id = 171463064
Error: error_code = 30; This profile is private; id = 375711040
Error: error_code = 30; This profile is private; id = 322233186
Error: error_code = 30; This profile is private; id = 605007237
Error: error_code = 30; This profile is private; id = 57271033
Error: error_code = 30; This profile is private; id = 154091050
Error: error_code = 15; Access denied: user deactivated; id = 317091449
Error: error_code = 30; This profile is private; id = 25271745
Error: error_code = 15; Access denied: user deactivated; id = 264253541
Error: error_code = 30; This profile is private; id = 569498495
Error: error_code = 30; This profile is private; id = 13010460
Error: error_code = 30; This profile is private; id = 217292871
Error: error_code = 15; Access denied: user deactivated; id = 190134521
Error: error_code = 15; Access denied: user deactivated; id = 192475203
Error: error_code = 15; Access denied: user deactivated; id = 166276910
Error: error_code = 30; This profile is private; id = 653575551
Error: error_code = 30; This profile is private; id = 222106853
Error: error_code = 30; This profile is private; id = 510348271
Error: error_code = 15; Access denied: user deactivated; id = 529660389
Error: error_code = 30; This profile is private; id = 486894847
Error: error_code = 30; This profile is private; id = 250624077
Error: error_code = 30; This profile is private; id = 637110592
Error: error_code = 30; This profile is private; id = 555684441
Error: error_code = 15; Access denied: user deactivated; id = 534996118
Error: error_code = 15; Access denied: user deactivated; id = 109653379
Error: error_code = 30; This profile is private; id = 133325874
Error: error_code = 30; This profile is private; id = 476619537
Error: error_code = 30; This profile is private; id = 13952764
Error: error_code = 30; This profile is private; id = 11975615
Error: error_code = 30; This profile is private; id = 666442785
Error: error_code = 15; Access denied: user deactivated; id = 391577601
Error: error_code = 15; Access denied: user deactivated; id = 402586667
Error: error_code = 30; This profile is private; id = 288233516
Error: error_code = 30; This profile is private; id = 690687045
Error: error_code = 30; This profile is private; id = 327134928
Error: error_code = 30; This profile is private; id = 75868144
Error: error_code = 15; Access denied: user deactivated; id = 416658749
Error: error_code = 15; Access denied: user deactivated; id = 247875226
Error: error_code = 15; Access denied: user deactivated; id = 316928815
Error: error_code = 15; Access denied: user deactivated; id = 551898635
Error: error_code = 30; This profile is private; id = 336230555
Error: error_code = 30; This profile is private; id = 75567352
Error: error_code = 15; Access denied: user deactivated; id = 265485779
Error: error_code = 30; This profile is private; id = 140333204
Error: error_code = 30; This profile is private; id = 132918539
Error: error_code = 30; This profile is private; id = 284907988
Error: error_code = 30; This profile is private; id = 534853340
Error: error_code = 15; Access denied: user deactivated; id = 197976624
Error: error_code = 30; This profile is private; id = 557901304
Error: error_code = 30; This profile is private; id = 536891495
Error: error_code = 30; This profile is private; id = 91989334
Error: error_code = 30; This profile is private; id = 218475535
Error: error_code = 30; This profile is private; id = 2818194
Error: error_code = 15; Access denied: user deactivated; id = 380276415
Error: error_code = 30; This profile is private; id = 143788739
Error: error_code = 15; Access denied: user deactivated; id = 106568061
Error: error_code = 15; Access denied: user deactivated; id = 41034316
Error: error_code = 30; This profile is private; id = 125262905
Error: error_code = 30; This profile is private; id = 579268455
Error: error_code = 30; This profile is private; id = 59495571
Error: error_code = 30; This profile is private; id = 314871043
Error: error_code = 15; Access denied: user deactivated; id = 245477543
Error: error_code = 15; Access denied: user deactivated; id = 189958887
Error: error_code = 30; This profile is private; id = 160005321
Error: error_code = 30; This profile is private; id = 673813271
Error: error_code = 15; Access denied: user deactivated; id = 702518965
Error: error_code = 30; This profile is private; id = 712244825
Error: error_code = 30; This profile is private; id = 470685308
Error: error_code = 30; This profile is private; id = 541001953
Error: error_code = 30; This profile is private; id = 414836282
Error: error_code = 30; This profile is private; id = 28413954
Error: error_code = 15; Access denied: user deactivated; id = 25915382
Error: error_code = 30; This profile is private; id = 147820470
Error: error_code = 30; This profile is private; id = 471703483
Error: error_code = 15; Access denied: user deactivated; id = 401010645
Error: error_code = 30; This profile is private; id = 625908251
Error: error_code = 15; Access denied: user deactivated; id = 545007408
Error: error_code = 30; This profile is private; id = 699924214
Error: error_code = 15; Access denied: user deactivated; id = 514721273
Error: error_code = 30; This profile is private; id = 687417528
Error: error_code = 30; This profile is private; id = 380873560
Error: error_code = 15; Access denied: user deactivated; id = 399588358
Error: error_code = 30; This profile is private; id = 262540986
Error: error_code = 15; Access denied: user deactivated; id = 340786244
Error: error_code = 15; Access denied: user deactivated; id = 150854198
Error: error_code = 15; Access denied: user deactivated; id = 551151942
Error: error_code = 15; Access denied: user deactivated; id = 168994570
Error: error_code = 15; Access denied: user deactivated; id = 224288690
Error: error_code = 30; This profile is private; id = 208625443
Error: error_code = 30; This profile is private; id = 420810623
Error: error_code = 15; Access denied: user deactivated; id = 541741613
Error: error_code = 30; This profile is private; id = 425384578
Error: error_code = 15; Access denied: user deactivated; id = 427677217
Error: error_code = 30; This profile is private; id = 548062871
Error: error_code = 30; This profile is private; id = 636864266
Error: error_code = 30; This profile is private; id = 295660336
Error: error_code = 30; This profile is private; id = 258606985
Error: error_code = 30; This profile is private; id = 246216659
Error: error_code = 30; This profile is private; id = 245164239
Error: error_code = 30; This profile is private; id = 279458593
Error: error_code = 30; This profile is private; id = 48703901
Error: error_code = 15; Access denied: user deactivated; id = 190587181
Error: error_code = 30; This profile is private; id = 120733253
Error: error_code = 30; This profile is private; id = 4328501
Error: error_code = 30; This profile is private; id = 372713
Error: error_code = 30; This profile is private; id = 88417675
Error: error_code = 30; This profile is private; id = 536120455
Error: error_code = 15; Access denied: user deactivated; id = 350412699
Error: error_code = 30; This profile is private; id = 244038199
Error: error_code = 15; Access denied: user deactivated; id = 195276087
Error: error_code = 15; Access denied: user deactivated; id = 173209137
Error: error_code = 30; This profile is private; id = 23851619
Error: error_code = 30; This profile is private; id = 540717362
Error: error_code = 30; This profile is private; id = 563534809
Error: error_code = 30; This profile is private; id = 578261370
Error: error_code = 30; This profile is private; id = 182378323
Error: error_code = 30; This profile is private; id = 634536125
Error: error_code = 30; This profile is private; id = 141288501
Error: error_code = 30; This profile is private; id = 385273183
Error: error_code = 30; This profile is private; id = 541256085
Error: error_code = 30; This profile is private; id = 453383937
Error: error_code = 15; Access denied: user deactivated; id = 419030717
Error: error_code = 30; This profile is private; id = 425726404
Error: error_code = 30; This profile is private; id = 11736202
Error: error_code = 30; This profile is private; id = 225733805
Error: error_code = 30; This profile is private; id = 368485498
Error: error_code = 30; This profile is private; id = 62198794
Error: error_code = 30; This profile is private; id = 397291674
Error: error_code = 30; This profile is private; id = 260990235
Error: error_code = 15; Access denied: user deactivated; id = 219574277
Error: error_code = 30; This profile is private; id = 414397252
Error: error_code = 15; Access denied: user deactivated; id = 595619236
Error: error_code = 15; Access denied: user deactivated; id = 466820789
Error: error_code = 15; Access denied: user deactivated; id = 94321721
Error: error_code = 15; Access denied: user deactivated; id = 282843469
Error: error_code = 15; Access denied: user deactivated; id = 469780063
Error: error_code = 30; This profile is private; id = 675026123
Error: error_code = 30; This profile is private; id = 446242233
Error: error_code = 30; This profile is private; id = 24610144
Error: error_code = 15; Access denied: user deactivated; id = 32473640
Error: error_code = 30; This profile is private; id = 15728649
Error: error_code = 30; This profile is private; id = 267979612
Error: error_code = 30; This profile is private; id = 408468275
Error: error_code = 30; This profile is private; id = 638105570
Error: error_code = 30; This profile is private; id = 201060962
Error: error_code = 15; Access denied: user deactivated; id = 702518438
Error: error_code = 30; This profile is private; id = 541563761
Error: error_code = 15; Access denied: user deactivated; id = 520887396
Error: error_code = 15; Access denied: user deactivated; id = 343842927
Error: error_code = 30; This profile is private; id = 141711297
Error: error_code = 15; Access denied: user deactivated; id = 461988693
Error: error_code = 15; Access denied: user deactivated; id = 627292848
Error: error_code = 30; This profile is private; id = 375086217
Error: error_code = 30; This profile is private; id = 182311037
Error: error_code = 15; Access denied: user deactivated; id = 387774836
Error: error_code = 15; Access denied: user deactivated; id = 705792751
Error: error_code = 30; This profile is private; id = 210512751
Error: error_code = 15; Access denied: user deactivated; id = 583923045
Error: error_code = 30; This profile is private; id = 16697935
Error: error_code = 30; This profile is private; id = 248200909
Error: error_code = 15; Access denied: user deactivated; id = 278441895
Error: error_code = 30; This profile is private; id = 253614611
Error: error_code = 15; Access denied: user deactivated; id = 50429962
Error: error_code = 15; Access denied: user deactivated; id = 168504254
Error: error_code = 30; This profile is private; id = 687433578
Error: error_code = 30; This profile is private; id = 53903697
Error: error_code = 15; Access denied: user deactivated; id = 65393147
Error: error_code = 30; This profile is private; id = 38485932
Error: error_code = 30; This profile is private; id = 397191206
Error: error_code = 30; This profile is private; id = 46625719
Error: error_code = 15; Access denied: user deactivated; id = 337905372
Error: error_code = 30; This profile is private; id = 116506880
Error: error_code = 30; This profile is private; id = 137534777
Error: error_code = 15; Access denied: user deactivated; id = 178000647
Error: error_code = 15; Access denied: user deactivated; id = 298589581
Error: error_code = 15; Access denied: user deactivated; id = 576280971
Error: error_code = 30; This profile is private; id = 628020395
Error: error_code = 15; Access denied: user deactivated; id = 523528559
Error: error_code = 30; This profile is private; id = 43591584
Error: error_code = 30; This profile is private; id = 35198653
Error: error_code = 15; Access denied: user deactivated; id = 415415572
Error: error_code = 30; This profile is private; id = 524952218
Error: error_code = 30; This profile is private; id = 246597368
Error: error_code = 30; This profile is private; id = 283486935
Error: error_code = 15; Access denied: user deactivated; id = 193086160
Error: error_code = 30; This profile is private; id = 436711457
Error: error_code = 15; Access denied: user deactivated; id = 273244683
Error: error_code = 30; This profile is private; id = 330824522
Error: error_code = 15; Access denied: user deactivated; id = 352943821
Error: error_code = 15; Access denied: user deactivated; id = 297008876
Error: error_code = 15; Access denied: user deactivated; id = 265124338
Error: error_code = 30; This profile is private; id = 296099347
Error: error_code = 15; Access denied: user deactivated; id = 225890454
Error: error_code = 15; Access denied: user deactivated; id = 356349135
Error: error_code = 30; This profile is private; id = 6247394
Error: error_code = 30; This profile is private; id = 6322119
Error: error_code = 30; This profile is private; id = 698869089
Error: error_code = 15; Access denied: user deactivated; id = 397907596
Error: error_code = 15; Access denied: user deactivated; id = 195358937
Error: error_code = 15; Access denied: user deactivated; id = 488984762
Error: error_code = 30; This profile is private; id = 568689649
Error: error_code = 30; This profile is private; id = 938174
Error: error_code = 30; This profile is private; id = 365261204
Error: error_code = 30; This profile is private; id = 634834897
Error: error_code = 30; This profile is private; id = 575757492
Error: error_code = 30; This profile is private; id = 393321767
Error: error_code = 30; This profile is private; id = 433868235
Error: error_code = 30; This profile is private; id = 534933681
Error: error_code = 15; Access denied: user deactivated; id = 219262885
Error: error_code = 30; This profile is private; id = 441210646
Error: error_code = 30; This profile is private; id = 233991896
Error: error_code = 15; Access denied: user deactivated; id = 20064175
Error: error_code = 30; This profile is private; id = 112881040
Error: error_code = 30; This profile is private; id = 92435964
Error: error_code = 30; This profile is private; id = 99475914
Error: error_code = 15; Access denied: user deactivated; id = 206171052
Error: error_code = 30; This profile is private; id = 120971852
Error: error_code = 30; This profile is private; id = 157818771
Error: error_code = 30; This profile is private; id = 378278056
Error: error_code = 15; Access denied: user deactivated; id = 455195227
Error: error_code = 15; Access denied: user deactivated; id = 224195857
Error: error_code = 30; This profile is private; id = 554053571
Error: error_code = 15; Access denied: user deactivated; id = 476940660
Error: error_code = 30; This profile is private; id = 144725803
Error: error_code = 15; Access denied: user deactivated; id = 516791674
Error: error_code = 30; This profile is private; id = 330573731
Error: error_code = 30; This profile is private; id = 21253905
Error: error_code = 30; This profile is private; id = 482019796
Error: error_code = 30; This profile is private; id = 507251388
Error: error_code = 30; This profile is private; id = 13148320
Error: error_code = 15; Access denied: user deactivated; id = 439379710
Error: error_code = 30; This profile is private; id = 677913937
Error: error_code = 30; This profile is private; id = 579685726
Error: error_code = 30; This profile is private; id = 646619324
Error: error_code = 30; This profile is private; id = 564630025
Error: error_code = 15; Access denied: user deactivated; id = 417668748
Error: error_code = 30; This profile is private; id = 81271506
Error: error_code = 30; This profile is private; id = 327044528
Error: error_code = 30; This profile is private; id = 331478349
Error: error_code = 30; This profile is private; id = 59593017
Error: error_code = 30; This profile is private; id = 89443079
Error: error_code = 30; This profile is private; id = 64346053
Error: error_code = 15; Access denied: user deactivated; id = 674860389
Error: error_code = 30; This profile is private; id = 605101475
Error: error_code = 30; This profile is private; id = 660785432
Error: error_code = 15; Access denied: user deactivated; id = 188150948
Error: error_code = 30; This profile is private; id = 99448302
Error: error_code = 30; This profile is private; id = 634147719
Error: error_code = 30; This profile is private; id = 41799145
Error: error_code = 30; This profile is private; id = 3080513
Error: error_code = 30; This profile is private; id = 194509719
Error: error_code = 30; This profile is private; id = 613025453
Error: error_code = 30; This profile is private; id = 547228159
Error: error_code = 30; This profile is private; id = 418852048
Error: error_code = 30; This profile is private; id = 355298821
Error: error_code = 15; Access denied: user deactivated; id = 144763979
Error: error_code = 30; This profile is private; id = 260957220
Error: error_code = 30; This profile is private; id = 335862499
Error: error_code = 30; This profile is private; id = 594331191
Error: error_code = 30; This profile is private; id = 443760957
Error: error_code = 15; Access denied: user deactivated; id = 513448974
Error: error_code = 15; Access denied: user deactivated; id = 203401796
Error: error_code = 15; Access denied: user deactivated; id = 298992062
Error: error_code = 30; This profile is private; id = 256960237
Error: error_code = 15; Access denied: user deactivated; id = 324242718
Error: error_code = 30; This profile is private; id = 640924408
Error: error_code = 30; This profile is private; id = 446825406
Error: error_code = 30; This profile is private; id = 709143185
Error: error_code = 30; This profile is private; id = 370260757
Error: error_code = 15; Access denied: user deactivated; id = 392808226
Error: error_code = 30; This profile is private; id = 519039721
Error: error_code = 15; Access denied: user deactivated; id = 228116386
Error: error_code = 30; This profile is private; id = 229000282
Error: error_code = 15; Access denied: user deactivated; id = 312831482
Error: error_code = 15; Access denied: user deactivated; id = 211641785
Error: error_code = 30; This profile is private; id = 529731835
Error: error_code = 15; Access denied: user deactivated; id = 553789069
Error: error_code = 30; This profile is private; id = 344423664
Error: error_code = 15; Access denied: user deactivated; id = 538094875
Error: error_code = 15; Access denied: user deactivated; id = 341977256
Error: error_code = 30; This profile is private; id = 236223538
Error: error_code = 30; This profile is private; id = 459124246
Error: error_code = 30; This profile is private; id = 121455164
Error: error_code = 30; This profile is private; id = 62378663
Error: error_code = 30; This profile is private; id = 43113581
Error: error_code = 30; This profile is private; id = 9334819
Error: error_code = 30; This profile is private; id = 485709689
Error: error_code = 15; Access denied: user deactivated; id = 714870276
Error: error_code = 15; Access denied: user deactivated; id = 239139269
Error: error_code = 30; This profile is private; id = 17047619
Error: error_code = 15; Access denied: user deactivated; id = 695431065
Error: error_code = 30; This profile is private; id = 135013594
Error: error_code = 30; This profile is private; id = 142600747
Error: error_code = 15; Access denied: user deactivated; id = 29103229
Error: error_code = 30; This profile is private; id = 47491474
Error: error_code = 30; This profile is private; id = 518983676
Error: error_code = 15; Access denied: user deactivated; id = 300814958
Error: error_code = 15; Access denied: user deactivated; id = 397628831
Error: error_code = 30; This profile is private; id = 10242679
Error: error_code = 30; This profile is private; id = 185085782
Error: error_code = 30; This profile is private; id = 648658584
Error: error_code = 30; This profile is private; id = 470375030
Error: error_code = 30; This profile is private; id = 397896798
Error: error_code = 15; Access denied: user deactivated; id = 188357528
Error: error_code = 30; This profile is private; id = 505460023
Error: error_code = 30; This profile is private; id = 716579674
Error: error_code = 15; Access denied: user deactivated; id = 280983128
Error: error_code = 30; This profile is private; id = 138704999
Error: error_code = 15; Access denied: user deactivated; id = 377415898
Error: error_code = 15; Access denied: user deactivated; id = 235881727
Error: error_code = 30; This profile is private; id = 62162844
Error: error_code = 15; Access denied: user deactivated; id = 703025732
Error: error_code = 15; Access denied: user deactivated; id = 14252924
Error: error_code = 30; This profile is private; id = 612899773
Error: error_code = 30; This profile is private; id = 168253758
Error: error_code = 30; This profile is private; id = 368424460
Error: error_code = 15; Access denied: user deactivated; id = 255602938
Error: error_code = 15; Access denied: user deactivated; id = 107561454
Error: error_code = 30; This profile is private; id = 49089024
Error: error_code = 15; Access denied: user deactivated; id = 167302386
Error: error_code = 15; Access denied: user deactivated; id = 545709212
Error: error_code = 15; Access denied: user deactivated; id = 394587086
Error: error_code = 15; Access denied: user deactivated; id = 426415194
Error: error_code = 15; Access denied: user deactivated; id = 227107408
Error: error_code = 30; This profile is private; id = 608285723
Error: error_code = 30; This profile is private; id = 435627348
Error: error_code = 30; This profile is private; id = 585351936
Error: error_code = 30; This profile is private; id = 226071048
Error: error_code = 15; Access denied: user deactivated; id = 631559040
Error: error_code = 15; Access denied: user deactivated; id = 150353990
Error: error_code = 30; This profile is private; id = 151629638
Error: error_code = 30; This profile is private; id = 155956355
Error: error_code = 30; This profile is private; id = 152664162
Error: error_code = 15; Access denied: user deactivated; id = 361016853
Error: error_code = 30; This profile is private; id = 125202454
Error: error_code = 15; Access denied: user deactivated; id = 401531921
Error: error_code = 30; This profile is private; id = 478256369
Error: error_code = 15; Access denied: user deactivated; id = 320701509
Error: error_code = 30; This profile is private; id = 299602767
Error: error_code = 30; This profile is private; id = 134297785
Error: error_code = 30; This profile is private; id = 590234228
Error: error_code = 30; This profile is private; id = 561499348
Error: error_code = 15; Access denied: user deactivated; id = 223399417
Error: error_code = 30; This profile is private; id = 363191717
Error: error_code = 15; Access denied: user deactivated; id = 566557411
Error: error_code = 15; Access denied: user deactivated; id = 613642515
Error: error_code = 30; This profile is private; id = 504563705
Error: error_code = 30; This profile is private; id = 319669127
Error: error_code = 30; This profile is private; id = 565445101
Error: error_code = 30; This profile is private; id = 649188575
Error: error_code = 30; This profile is private; id = 265336852
Error: error_code = 30; This profile is private; id = 706745588
Error: error_code = 30; This profile is private; id = 41081770
Error: error_code = 30; This profile is private; id = 568466001
Error: error_code = 15; Access denied: user deactivated; id = 646684196
Error: error_code = 15; Access denied: user deactivated; id = 512740142
Error: error_code = 15; Access denied: user deactivated; id = 257447119
Error: error_code = 30; This profile is private; id = 322367545
Error: error_code = 30; This profile is private; id = 524050913
Error: error_code = 30; This profile is private; id = 190873097
Error: error_code = 15; Access denied: user deactivated; id = 190344124
Error: error_code = 30; This profile is private; id = 172470876
Error: error_code = 30; This profile is private; id = 3408707
Error: error_code = 15; Access denied: user deactivated; id = 107294790
Error: error_code = 15; Access denied: user deactivated; id = 365362408
Error: error_code = 30; This profile is private; id = 183708062
Error: error_code = 15; Access denied: user deactivated; id = 180795350
Error: error_code = 15; Access denied: user deactivated; id = 115907955
Error: error_code = 30; This profile is private; id = 579721947
Error: error_code = 15; Access denied: user deactivated; id = 373160692
Error: error_code = 15; Access denied: user deactivated; id = 620610825
Error: error_code = 30; This profile is private; id = 81430029
Error: error_code = 30; This profile is private; id = 620577783
Error: error_code = 30; This profile is private; id = 13752629
Error: error_code = 15; Access denied: user deactivated; id = 202754666
Error: error_code = 30; This profile is private; id = 156892214
Error: error_code = 30; This profile is private; id = 172425988
Error: error_code = 15; Access denied: user deactivated; id = 277049735
Error: error_code = 30; This profile is private; id = 344853919
Error: error_code = 30; This profile is private; id = 452371859
Error: error_code = 30; This profile is private; id = 649471436
Error: error_code = 30; This profile is private; id = 4169587
Error: error_code = 15; Access denied: user deactivated; id = 213205619
Error: error_code = 15; Access denied: user deactivated; id = 189840193
Error: error_code = 30; This profile is private; id = 29519532
Error: error_code = 30; This profile is private; id = 663823971
Error: error_code = 30; This profile is private; id = 101069717
Error: error_code = 30; This profile is private; id = 636737920
Error: error_code = 15; Access denied: user deactivated; id = 362453261
Error: error_code = 30; This profile is private; id = 20903746
Error: error_code = 30; This profile is private; id = 12133461
Error: error_code = 30; This profile is private; id = 39462935
Error: error_code = 30; This profile is private; id = 322278827
Error: error_code = 30; This profile is private; id = 313941313
Error: error_code = 15; Access denied: user deactivated; id = 167506997
Error: error_code = 15; Access denied: user deactivated; id = 353258754
Error: error_code = 15; Access denied: user deactivated; id = 276274893
Error: error_code = 30; This profile is private; id = 648658433
Error: error_code = 15; Access denied: user deactivated; id = 563471585
Error: error_code = 30; This profile is private; id = 53955404
Error: error_code = 30; This profile is private; id = 15571921
Error: error_code = 15; Access denied: user deactivated; id = 194160412
Error: error_code = 15; Access denied: user deactivated; id = 136529345
Error: error_code = 15; Access denied: user deactivated; id = 315757748
Error: error_code = 15; Access denied: user deactivated; id = 394131032
Error: error_code = 30; This profile is private; id = 45059695
Error: error_code = 30; This profile is private; id = 48657142
Error: error_code = 15; Access denied: user deactivated; id = 365968858
Error: error_code = 30; This profile is private; id = 203769040
Error: error_code = 30; This profile is private; id = 69888580
Error: error_code = 15; Access denied: user deactivated; id = 403376400
Error: error_code = 30; This profile is private; id = 76982595
Error: error_code = 15; Access denied: user deactivated; id = 470703466
Error: error_code = 30; This profile is private; id = 123322686
Error: error_code = 30; This profile is private; id = 585582448
Error: error_code = 30; This profile is private; id = 40480673
Error: error_code = 30; This profile is private; id = 383066952
Error: error_code = 30; This profile is private; id = 197171651
Error: error_code = 15; Access denied: user deactivated; id = 27318473
Error: error_code = 30; This profile is private; id = 484433294
Error: error_code = 15; Access denied: user deactivated; id = 325926686
Error: error_code = 30; This profile is private; id = 374151345
Error: error_code = 30; This profile is private; id = 633097587
Error: error_code = 30; This profile is private; id = 640199938
Error: error_code = 30; This profile is private; id = 438313455
Error: error_code = 30; This profile is private; id = 37181430
Error: error_code = 30; This profile is private; id = 323994314
Error: error_code = 30; This profile is private; id = 25500757
Error: error_code = 30; This profile is private; id = 31875664
Error: error_code = 30; This profile is private; id = 369736586
Error: error_code = 15; Access denied: user deactivated; id = 638406943
Error: error_code = 30; This profile is private; id = 247885879
Error: error_code = 15; Access denied: user deactivated; id = 424430770
Error: error_code = 30; This profile is private; id = 537563521
Error: error_code = 30; This profile is private; id = 632430193
Error: error_code = 30; This profile is private; id = 273563396
Error: error_code = 30; This profile is private; id = 419989207
Error: error_code = 30; This profile is private; id = 248357159
Error: error_code = 15; Access denied: user deactivated; id = 561060775
Error: error_code = 30; This profile is private; id = 591411167
Error: error_code = 15; Access denied: user deactivated; id = 435148116
Error: error_code = 30; This profile is private; id = 39457631
Error: error_code = 30; This profile is private; id = 671960716
Error: error_code = 30; This profile is private; id = 537684041
Error: error_code = 15; Access denied: user deactivated; id = 347548734
Error: error_code = 30; This profile is private; id = 142922495
Error: error_code = 15; Access denied: user deactivated; id = 280216800
Error: error_code = 15; Access denied: user deactivated; id = 4873372
Error: error_code = 15; Access denied: user deactivated; id = 371594228
Error: error_code = 30; This profile is private; id = 691918669
Error: error_code = 30; This profile is private; id = 312617786
Error: error_code = 15; Access denied: user deactivated; id = 418165097
Error: error_code = 30; This profile is private; id = 102037277
Error: error_code = 30; This profile is private; id = 306284018
Error: error_code = 15; Access denied: user deactivated; id = 291750595
Error: error_code = 15; Access denied: user deactivated; id = 521994747
Error: error_code = 30; This profile is private; id = 134383626
Error: error_code = 30; This profile is private; id = 210074038
Error: error_code = 15; Access denied: user deactivated; id = 403753169
Error: error_code = 30; This profile is private; id = 21402403
Error: error_code = 30; This profile is private; id = 582056646
Error: error_code = 30; This profile is private; id = 7289154
Error: error_code = 30; This profile is private; id = 256859803
Error: error_code = 30; This profile is private; id = 709138112
Error: error_code = 30; This profile is private; id = 172121477
Error: error_code = 30; This profile is private; id = 195590439
Error: error_code = 30; This profile is private; id = 357370110
Error: error_code = 15; Access denied: user deactivated; id = 12603935
Error: error_code = 30; This profile is private; id = 607443230
Error: error_code = 15; Access denied: user deactivated; id = 689569079
Error: error_code = 15; Access denied: user deactivated; id = 213395215
Error: error_code = 15; Access denied: user deactivated; id = 324823334
Error: error_code = 30; This profile is private; id = 271380786
Error: error_code = 30; This profile is private; id = 209588759
Error: error_code = 30; This profile is private; id = 32604394
Error: error_code = 30; This profile is private; id = 272231302
Error: error_code = 30; This profile is private; id = 150312421
Error: error_code = 30; This profile is private; id = 239013956
Error: error_code = 30; This profile is private; id = 569392830
Error: error_code = 30; This profile is private; id = 15896204
Error: error_code = 30; This profile is private; id = 67071011
Error: error_code = 30; This profile is private; id = 377139519
Error: error_code = 30; This profile is private; id = 190324367
Error: error_code = 30; This profile is private; id = 533757119
Error: error_code = 15; Access denied: user deactivated; id = 325121570
Error: error_code = 30; This profile is private; id = 644874585
Error: error_code = 30; This profile is private; id = 221545993
Error: error_code = 30; This profile is private; id = 373857566
Error: error_code = 15; Access denied: user deactivated; id = 145417433
Error: error_code = 30; This profile is private; id = 23182290
Error: error_code = 30; This profile is private; id = 240110374
Error: error_code = 30; This profile is private; id = 301974190
Error: error_code = 30; This profile is private; id = 43573411
Error: error_code = 30; This profile is private; id = 456692830
Error: error_code = 30; This profile is private; id = 141187121
Error: error_code = 30; This profile is private; id = 615317422
Error: error_code = 15; Access denied: user deactivated; id = 521236951
Error: error_code = 30; This profile is private; id = 691338723
Error: error_code = 30; This profile is private; id = 145866410
Error: error_code = 15; Access denied: user deactivated; id = 368806361
Error: error_code = 30; This profile is private; id = 127701771
Error: error_code = 30; This profile is private; id = 239223338
Error: error_code = 30; This profile is private; id = 114007531
Error: error_code = 15; Access denied: user deactivated; id = 111963388
Error: error_code = 30; This profile is private; id = 449125655
Error: error_code = 30; This profile is private; id = 1349289
Error: error_code = 30; This profile is private; id = 499799264
Error: error_code = 30; This profile is private; id = 537804406
Error: error_code = 30; This profile is private; id = 453380320
Error: error_code = 30; This profile is private; id = 686053728
Error: error_code = 15; Access denied: user deactivated; id = 172822550
Error: error_code = 30; This profile is private; id = 486504498
Error: error_code = 30; This profile is private; id = 8035573
Error: error_code = 15; Access denied: user deactivated; id = 239757634
Error: error_code = 30; This profile is private; id = 151533360
Error: error_code = 30; This profile is private; id = 63625754
Error: error_code = 15; Access denied: user deactivated; id = 229246169
Error: error_code = 30; This profile is private; id = 205504657
Error: error_code = 30; This profile is private; id = 490243979
Error: error_code = 30; This profile is private; id = 622361520
Error: error_code = 30; This profile is private; id = 461755108
Error: error_code = 30; This profile is private; id = 9708422
Error: error_code = 30; This profile is private; id = 7469528
Error: error_code = 30; This profile is private; id = 103224067
Error: error_code = 30; This profile is private; id = 195722507
Error: error_code = 15; Access denied: user deactivated; id = 715189291
Error: error_code = 30; This profile is private; id = 5965939
Error: error_code = 15; Access denied: user deactivated; id = 400314937
Error: error_code = 30; This profile is private; id = 577480731
Error: error_code = 30; This profile is private; id = 710638583
Error: error_code = 15; Access denied: user deactivated; id = 264484238
Error: error_code = 30; This profile is private; id = 170916971
Error: error_code = 15; Access denied: user deactivated; id = 484147254
Error: error_code = 30; This profile is private; id = 2551453
Error: error_code = 30; This profile is private; id = 686098206
Error: error_code = 30; This profile is private; id = 97338393
Error: error_code = 15; Access denied: user deactivated; id = 409416366
Error: error_code = 15; Access denied: user deactivated; id = 710124507
Error: error_code = 15; Access denied: user deactivated; id = 228800068
Error: error_code = 15; Access denied: user deactivated; id = 654280968
Error: error_code = 30; This profile is private; id = 326470357
Error: error_code = 15; Access denied: user deactivated; id = 707915797
Error: error_code = 15; Access denied: user deactivated; id = 234093669
Error: error_code = 30; This profile is private; id = 145974123
Error: error_code = 30; This profile is private; id = 494448390
Error: error_code = 15; Access denied: user deactivated; id = 88287845
Error: error_code = 30; This profile is private; id = 486296275
Error: error_code = 30; This profile is private; id = 279782896
Error: error_code = 15; Access denied: user deactivated; id = 426793458
Error: error_code = 30; This profile is private; id = 1008757
Error: error_code = 30; This profile is private; id = 191816103
Error: error_code = 15; Access denied: user deactivated; id = 138389752
Error: error_code = 30; This profile is private; id = 479790191
Error: error_code = 30; This profile is private; id = 270204894
Error: error_code = 30; This profile is private; id = 310264639
Error: error_code = 30; This profile is private; id = 17548753
Error: error_code = 30; This profile is private; id = 17350226
Error: error_code = 30; This profile is private; id = 457452989
Error: error_code = 30; This profile is private; id = 10075955
Error: error_code = 15; Access denied: user deactivated; id = 229386498
Error: error_code = 15; Access denied: user deactivated; id = 415270205
Error: error_code = 30; This profile is private; id = 559949574
Error: error_code = 30; This profile is private; id = 227353120
Error: error_code = 30; This profile is private; id = 448462554
Error: error_code = 30; This profile is private; id = 178086675
Error: error_code = 30; This profile is private; id = 16436213
Error: error_code = 30; This profile is private; id = 357648466
Error: error_code = 30; This profile is private; id = 651767317
Error: error_code = 15; Access denied: user deactivated; id = 72959743
Error: error_code = 30; This profile is private; id = 93501255
Error: error_code = 30; This profile is private; id = 660052731
Error: error_code = 30; This profile is private; id = 514702598
Error: error_code = 15; Access denied: user deactivated; id = 200755806
Error: error_code = 15; Access denied: user deactivated; id = 225237385
Error: error_code = 30; This profile is private; id = 508109885
Error: error_code = 30; This profile is private; id = 370726453
Error: error_code = 30; This profile is private; id = 91518563
Error: error_code = 30; This profile is private; id = 696277800
Error: error_code = 15; Access denied: user deactivated; id = 169468655
Error: error_code = 30; This profile is private; id = 165322441
Error: error_code = 30; This profile is private; id = 121830926
Error: error_code = 15; Access denied: user deactivated; id = 714828851
Error: error_code = 30; This profile is private; id = 416219292
Error: error_code = 15; Access denied: user deactivated; id = 205487476
Error: error_code = 15; Access denied: user deactivated; id = 142279265
Error: error_code = 30; This profile is private; id = 3030502
Error: error_code = 30; This profile is private; id = 138689181
Error: error_code = 30; This profile is private; id = 650751925
Error: error_code = 30; This profile is private; id = 328411274
Error: error_code = 15; Access denied: user deactivated; id = 520408394
Error: error_code = 30; This profile is private; id = 589292513
Error: error_code = 30; This profile is private; id = 542212959
Error: error_code = 30; This profile is private; id = 547553869
Error: error_code = 15; Access denied: user deactivated; id = 205172091
Error: error_code = 15; Access denied: user deactivated; id = 398281100
Error: error_code = 15; Access denied: user deactivated; id = 52537727
Error: error_code = 30; This profile is private; id = 704172652
Error: error_code = 30; This profile is private; id = 8444652
Error: error_code = 30; This profile is private; id = 133563551
Error: error_code = 30; This profile is private; id = 502643421
Error: error_code = 15; Access denied: user deactivated; id = 399989527
Error: error_code = 15; Access denied: user deactivated; id = 73935168
Error: error_code = 30; This profile is private; id = 276204384
Error: error_code = 30; This profile is private; id = 535077631
Error: error_code = 30; This profile is private; id = 199815101
Error: error_code = 30; This profile is private; id = 146146295
Error: error_code = 15; Access denied: user deactivated; id = 204991476
Error: error_code = 30; This profile is private; id = 107532630
Error: error_code = 15; Access denied: user deactivated; id = 7746511
Error: error_code = 30; This profile is private; id = 456145380
Error: error_code = 30; This profile is private; id = 449679764
Error: error_code = 30; This profile is private; id = 327851788
Error: error_code = 30; This profile is private; id = 21167039
Error: error_code = 15; Access denied: user deactivated; id = 451480790
Error: error_code = 30; This profile is private; id = 620598936
Error: error_code = 30; This profile is private; id = 172438533
Error: error_code = 30; This profile is private; id = 190748018
Error: error_code = 15; Access denied: user deactivated; id = 444691049
Error: error_code = 30; This profile is private; id = 201312971
Error: error_code = 30; This profile is private; id = 531974927
Error: error_code = 30; This profile is private; id = 588793243
Error: error_code = 30; This profile is private; id = 246864603
Error: error_code = 15; Access denied: user deactivated; id = 191702014
Error: error_code = 15; Access denied: user deactivated; id = 218779140
Error: error_code = 30; This profile is private; id = 528987372
Error: error_code = 15; Access denied: user deactivated; id = 532247474
Error: error_code = 30; This profile is private; id = 26564395
Error: error_code = 30; This profile is private; id = 118541728
Error: error_code = 30; This profile is private; id = 252157217
Error: error_code = 15; Access denied: user deactivated; id = 347386862
Error: error_code = 30; This profile is private; id = 581018099
Error: error_code = 30; This profile is private; id = 339397077
Error: error_code = 30; This profile is private; id = 41504839
Error: error_code = 15; Access denied: user deactivated; id = 261288903
Error: error_code = 15; Access denied: user deactivated; id = 541531279
Error: error_code = 30; This profile is private; id = 707669343
Error: error_code = 30; This profile is private; id = 79392098
Error: error_code = 30; This profile is private; id = 2032615
Error: error_code = 15; Access denied: user deactivated; id = 196552523
Error: error_code = 30; This profile is private; id = 20460160
Error: error_code = 30; This profile is private; id = 240778445
Error: error_code = 30; This profile is private; id = 655227406
Error: error_code = 30; This profile is private; id = 530323802
Error: error_code = 30; This profile is private; id = 25196934
Error: error_code = 30; This profile is private; id = 577245273
Error: error_code = 15; Access denied: user deactivated; id = 10287876
Error: error_code = 30; This profile is private; id = 12458214
Error: error_code = 15; Access denied: user deactivated; id = 213631563
Error: error_code = 15; Access denied: user deactivated; id = 425156543
Error: error_code = 30; This profile is private; id = 440462790
Error: error_code = 30; This profile is private; id = 263481315
Error: error_code = 30; This profile is private; id = 237089880
Error: error_code = 30; This profile is private; id = 605748333
Error: error_code = 15; Access denied: user deactivated; id = 301047367
Error: error_code = 30; This profile is private; id = 297463872
Error: error_code = 30; This profile is private; id = 236107938
Error: error_code = 15; Access denied: user deactivated; id = 708492372
Error: error_code = 15; Access denied: user deactivated; id = 424439883
Error: error_code = 30; This profile is private; id = 566776697
Error: error_code = 30; This profile is private; id = 242904287
Error: error_code = 30; This profile is private; id = 565848006
Error: error_code = 15; Access denied: user deactivated; id = 343748759
Error: error_code = 15; Access denied: user deactivated; id = 333687036
Error: error_code = 30; This profile is private; id = 432305379
Error: error_code = 30; This profile is private; id = 250807955
Error: error_code = 30; This profile is private; id = 228832193
Error: error_code = 30; This profile is private; id = 152351276
Error: error_code = 30; This profile is private; id = 111249499
Error: error_code = 30; This profile is private; id = 5466628
Error: error_code = 15; Access denied: user deactivated; id = 515235050
Error: error_code = 30; This profile is private; id = 308489124
Error: error_code = 15; Access denied: user deactivated; id = 179824278
Error: error_code = 15; Access denied: user deactivated; id = 403107177
Error: error_code = 30; This profile is private; id = 230968390
Error: error_code = 15; Access denied: user deactivated; id = 533682772
Error: error_code = 15; Access denied: user deactivated; id = 558351752
Error: error_code = 30; This profile is private; id = 425562078
Error: error_code = 15; Access denied: user deactivated; id = 645550582
Error: error_code = 30; This profile is private; id = 230958099
Error: error_code = 30; This profile is private; id = 507017332
Error: error_code = 15; Access denied: user deactivated; id = 222327420
Error: error_code = 30; This profile is private; id = 295653206
Error: error_code = 30; This profile is private; id = 516542314
Error: error_code = 30; This profile is private; id = 333258502
Error: error_code = 30; This profile is private; id = 151410224
Error: error_code = 30; This profile is private; id = 80637292
Error: error_code = 30; This profile is private; id = 698560786
Error: error_code = 15; Access denied: user deactivated; id = 545281009
Error: error_code = 15; Access denied: user deactivated; id = 210989235
Error: error_code = 30; This profile is private; id = 4274589
Error: error_code = 30; This profile is private; id = 32923870
Error: error_code = 30; This profile is private; id = 606675718
Error: error_code = 30; This profile is private; id = 12853902
Error: error_code = 15; Access denied: user deactivated; id = 245092365
Error: error_code = 30; This profile is private; id = 202846696
Error: error_code = 30; This profile is private; id = 436412842
Error: error_code = 30; This profile is private; id = 265675513
Error: error_code = 30; This profile is private; id = 258500269
Error: error_code = 30; This profile is private; id = 618603348
Error: error_code = 15; Access denied: user deactivated; id = 396393133
Error: error_code = 30; This profile is private; id = 24048305
Error: error_code = 30; This profile is private; id = 49912662
Error: error_code = 30; This profile is private; id = 144875169
Error: error_code = 15; Access denied: user deactivated; id = 418279827
Error: error_code = 30; This profile is private; id = 553508768
Error: error_code = 15; Access denied: user deactivated; id = 424691233
Error: error_code = 30; This profile is private; id = 182600817
Error: error_code = 15; Access denied: user deactivated; id = 275073043
Error: error_code = 30; This profile is private; id = 332286490
Error: error_code = 30; This profile is private; id = 569898659
Error: error_code = 30; This profile is private; id = 114073963
Error: error_code = 15; Access denied: user deactivated; id = 200225228
Error: error_code = 30; This profile is private; id = 271996381
Error: error_code = 30; This profile is private; id = 627762535
Error: error_code = 30; This profile is private; id = 2773168
Error: error_code = 15; Access denied: user deactivated; id = 98995640
Error: error_code = 15; Access denied: user deactivated; id = 692882203
Error: error_code = 30; This profile is private; id = 193264337
Error: error_code = 30; This profile is private; id = 75940
Error: error_code = 30; This profile is private; id = 645303352
Error: error_code = 30; This profile is private; id = 182744526
Error: error_code = 15; Access denied: user deactivated; id = 227805613
Error: error_code = 30; This profile is private; id = 466373503
Error: error_code = 30; This profile is private; id = 81985007
Error: error_code = 15; Access denied: user deactivated; id = 217454869
Error: error_code = 30; This profile is private; id = 159477110
Error: error_code = 30; This profile is private; id = 90283922
Error: error_code = 15; Access denied: user deactivated; id = 260218793
Error: error_code = 30; This profile is private; id = 155068727
Error: error_code = 15; Access denied: user deactivated; id = 223848797
Error: error_code = 30; This profile is private; id = 280715137
Error: error_code = 30; This profile is private; id = 539281053
Error: error_code = 30; This profile is private; id = 280444601
Error: error_code = 15; Access denied: user deactivated; id = 10201699
Error: error_code = 15; Access denied: user deactivated; id = 140454338
Error: error_code = 30; This profile is private; id = 433386858
Error: error_code = 15; Access denied: user deactivated; id = 291223381
Error: error_code = 15; Access denied: user deactivated; id = 209853467
Error: error_code = 30; This profile is private; id = 612863554
Error: error_code = 15; Access denied: user deactivated; id = 437921917
Error: error_code = 30; This profile is private; id = 681070079
Error: error_code = 15; Access denied: user deactivated; id = 398271547
Error: error_code = 30; This profile is private; id = 47023909
Error: error_code = 15; Access denied: user deactivated; id = 215784087
Error: error_code = 15; Access denied: user deactivated; id = 58660657
Error: error_code = 15; Access denied: user deactivated; id = 215060889
Error: error_code = 30; This profile is private; id = 554190916
Error: error_code = 30; This profile is private; id = 18053305
Error: error_code = 30; This profile is private; id = 612385657
Error: error_code = 15; Access denied: user deactivated; id = 393249163
Error: error_code = 30; This profile is private; id = 527372089
Error: error_code = 30; This profile is private; id = 658195641
Error: error_code = 30; This profile is private; id = 531983757
Error: error_code = 15; Access denied: user deactivated; id = 345063912
Error: error_code = 30; This profile is private; id = 513113308
Error: error_code = 30; This profile is private; id = 489511648
Error: error_code = 15; Access denied: user deactivated; id = 417394058
Error: error_code = 30; This profile is private; id = 585083826
Error: error_code = 30; This profile is private; id = 507566581
Error: error_code = 30; This profile is private; id = 354917033
Error: error_code = 30; This profile is private; id = 313699650
Error: error_code = 30; This profile is private; id = 172630757
Error: error_code = 15; Access denied: user deactivated; id = 209995828
Error: error_code = 30; This profile is private; id = 384202536
Error: error_code = 15; Access denied: user deactivated; id = 160177050
Error: error_code = 15; Access denied: user deactivated; id = 362014631
Error: error_code = 30; This profile is private; id = 647460875
Error: error_code = 30; This profile is private; id = 51600252
Error: error_code = 15; Access denied: user deactivated; id = 528457740
Error: error_code = 30; This profile is private; id = 314851843
Error: error_code = 30; This profile is private; id = 700856504
Error: error_code = 30; This profile is private; id = 447958825
Error: error_code = 30; This profile is private; id = 529835776
Error: error_code = 30; This profile is private; id = 163909641
Error: error_code = 30; This profile is private; id = 447709661
Error: error_code = 30; This profile is private; id = 273456891
Error: error_code = 30; This profile is private; id = 90644257
Error: error_code = 15; Access denied: user deactivated; id = 70005902
Error: error_code = 30; This profile is private; id = 39561249
Error: error_code = 15; Access denied: user deactivated; id = 192428292
Error: error_code = 30; This profile is private; id = 172422376
Error: error_code = 30; This profile is private; id = 165242421
Error: error_code = 15; Access denied: user deactivated; id = 461419339
Error: error_code = 30; This profile is private; id = 138269446
Error: error_code = 15; Access denied: user deactivated; id = 5352783
Error: error_code = 30; This profile is private; id = 57610908
Error: error_code = 15; Access denied: user deactivated; id = 580351453
Error: error_code = 30; This profile is private; id = 493082643
Error: error_code = 30; This profile is private; id = 417758907
Error: error_code = 30; This profile is private; id = 525388151
Error: error_code = 30; This profile is private; id = 20653693
Error: error_code = 30; This profile is private; id = 7256179
Error: error_code = 15; Access denied: user deactivated; id = 638520108
Error: error_code = 15; Access denied: user deactivated; id = 89015450
Error: error_code = 30; This profile is private; id = 55472977
Error: error_code = 30; This profile is private; id = 279497152
Error: error_code = 30; This profile is private; id = 121450517
Error: error_code = 30; This profile is private; id = 268617850
Error: error_code = 15; Access denied: user deactivated; id = 154965313
Error: error_code = 15; Access denied: user deactivated; id = 64764108
Error: error_code = 30; This profile is private; id = 340425843
Error: error_code = 30; This profile is private; id = 631483479
Error: error_code = 30; This profile is private; id = 637056287
Error: error_code = 30; This profile is private; id = 600698762
Error: error_code = 30; This profile is private; id = 263030832
Error: error_code = 30; This profile is private; id = 228523537
Error: error_code = 15; Access denied: user deactivated; id = 155538759
Error: error_code = 30; This profile is private; id = 218994286
Error: error_code = 30; This profile is private; id = 267840672
Error: error_code = 15; Access denied: user deactivated; id = 444869471
Error: error_code = 30; This profile is private; id = 690290584
Error: error_code = 15; Access denied: user deactivated; id = 422589743
Error: error_code = 30; This profile is private; id = 445752251
Error: error_code = 30; This profile is private; id = 10222226
Error: error_code = 30; This profile is private; id = 615322096
Error: error_code = 15; Access denied: user deactivated; id = 576086265
Error: error_code = 30; This profile is private; id = 665281223
Error: error_code = 30; This profile is private; id = 587266883
Error: error_code = 30; This profile is private; id = 29460924
Error: error_code = 30; This profile is private; id = 711651165
Error: error_code = 15; Access denied: user deactivated; id = 307592241
Error: error_code = 15; Access denied: user deactivated; id = 195325611
Error: error_code = 15; Access denied: user deactivated; id = 226086286
Error: error_code = 30; This profile is private; id = 612839532
Error: error_code = 15; Access denied: user deactivated; id = 462334827
Error: error_code = 30; This profile is private; id = 26420407
Error: error_code = 30; This profile is private; id = 442663009
Error: error_code = 30; This profile is private; id = 710646652
Error: error_code = 15; Access denied: user deactivated; id = 640056180
Error: error_code = 30; This profile is private; id = 477492878
Error: error_code = 30; This profile is private; id = 147688024
Error: error_code = 30; This profile is private; id = 116616829
Error: error_code = 30; This profile is private; id = 14327630
Error: error_code = 30; This profile is private; id = 547598280
Error: error_code = 30; This profile is private; id = 421612971
Error: error_code = 15; Access denied: user deactivated; id = 188838008
Error: error_code = 15; Access denied: user deactivated; id = 569398897
Error: error_code = 30; This profile is private; id = 188772260
Error: error_code = 30; This profile is private; id = 10083576
Error: error_code = 30; This profile is private; id = 460801097
Error: error_code = 30; This profile is private; id = 117473951
Error: error_code = 30; This profile is private; id = 237332631
Error: error_code = 15; Access denied: user deactivated; id = 431283930
Error: error_code = 15; Access denied: user deactivated; id = 214351136
Error: error_code = 15; Access denied: user deactivated; id = 214677258
Error: error_code = 15; Access denied: user deactivated; id = 399825773
Error: error_code = 30; This profile is private; id = 328322207
Error: error_code = 30; This profile is private; id = 534590683
Error: error_code = 15; Access denied: user deactivated; id = 325119122
Error: error_code = 30; This profile is private; id = 579699160
Error: error_code = 30; This profile is private; id = 304261023
Error: error_code = 30; This profile is private; id = 417762272
Error: error_code = 15; Access denied: user deactivated; id = 214831791
Error: error_code = 30; This profile is private; id = 353950919
Error: error_code = 15; Access denied: user deactivated; id = 370324918
Error: error_code = 30; This profile is private; id = 492122065
Error: error_code = 30; This profile is private; id = 231454214
Error: error_code = 15; Access denied: user deactivated; id = 35793914
Error: error_code = 30; This profile is private; id = 522809509
Error: error_code = 30; This profile is private; id = 556562744
Error: error_code = 15; Access denied: user deactivated; id = 20516557
Error: error_code = 15; Access denied: user deactivated; id = 514928819
Error: error_code = 30; This profile is private; id = 91265321
Error: error_code = 30; This profile is private; id = 566099695
Error: error_code = 30; This profile is private; id = 6834651
Error: error_code = 30; This profile is private; id = 164225510
Error: error_code = 30; This profile is private; id = 196767515
Error: error_code = 30; This profile is private; id = 194018903
Error: error_code = 15; Access denied: user deactivated; id = 203186726
Error: error_code = 15; Access denied: user deactivated; id = 308772234
Error: error_code = 30; This profile is private; id = 648319065
Error: error_code = 30; This profile is private; id = 191049439
Error: error_code = 30; This profile is private; id = 1163629
Error: error_code = 30; This profile is private; id = 511944
Error: error_code = 30; This profile is private; id = 17453632
Error: error_code = 30; This profile is private; id = 236644874
Error: error_code = 15; Access denied: user deactivated; id = 438665567
Error: error_code = 15; Access denied: user deactivated; id = 425157020
Error: error_code = 30; This profile is private; id = 617037284
Error: error_code = 15; Access denied: user deactivated; id = 94861214
Error: error_code = 30; This profile is private; id = 538684560
Error: error_code = 30; This profile is private; id = 694572711
Error: error_code = 30; This profile is private; id = 357709066
Error: error_code = 30; This profile is private; id = 144781541
Error: error_code = 30; This profile is private; id = 712844322
Error: error_code = 30; This profile is private; id = 555380601
Error: error_code = 15; Access denied: user deactivated; id = 416303996
Error: error_code = 30; This profile is private; id = 371066040
Error: error_code = 30; This profile is private; id = 183819182
Error: error_code = 30; This profile is private; id = 327928123
Error: error_code = 30; This profile is private; id = 419790033
Error: error_code = 30; This profile is private; id = 508910947
Error: error_code = 30; This profile is private; id = 697171208
Error: error_code = 30; This profile is private; id = 446607579
Error: error_code = 15; Access denied: user deactivated; id = 178972291
Error: error_code = 30; This profile is private; id = 422270506
Error: error_code = 30; This profile is private; id = 55847068
Error: error_code = 30; This profile is private; id = 264118816
Error: error_code = 30; This profile is private; id = 557826145
Error: error_code = 30; This profile is private; id = 549799961
Error: error_code = 15; Access denied: user deactivated; id = 192495994
Error: error_code = 15; Access denied: user deactivated; id = 537633977
Error: error_code = 30; This profile is private; id = 6626211
Error: error_code = 30; This profile is private; id = 168469387
Error: error_code = 15; Access denied: user deactivated; id = 210215847
Error: error_code = 30; This profile is private; id = 140274299
Error: error_code = 30; This profile is private; id = 490037227
Error: error_code = 30; This profile is private; id = 139667944
Error: error_code = 30; This profile is private; id = 465320169
Error: error_code = 30; This profile is private; id = 466888454
Error: error_code = 30; This profile is private; id = 129548974
Error: error_code = 30; This profile is private; id = 215169500
Error: error_code = 30; This profile is private; id = 181755531
Error: error_code = 30; This profile is private; id = 175536420
Error: error_code = 30; This profile is private; id = 9073296
Error: error_code = 15; Access denied: user deactivated; id = 424599782
Error: error_code = 30; This profile is private; id = 648730283
Error: error_code = 15; Access denied: user deactivated; id = 221289597
Error: error_code = 30; This profile is private; id = 195230316
Error: error_code = 30; This profile is private; id = 668330189
Error: error_code = 30; This profile is private; id = 319480387
Error: error_code = 15; Access denied: user deactivated; id = 472677922
Error: error_code = 30; This profile is private; id = 171759860
Error: error_code = 15; Access denied: user deactivated; id = 528287639
Error: error_code = 15; Access denied: user deactivated; id = 456754631
Error: error_code = 30; This profile is private; id = 457045713
Error: error_code = 15; Access denied: user deactivated; id = 247119988
Error: error_code = 30; This profile is private; id = 28614534
Error: error_code = 30; This profile is private; id = 94827552
Error: error_code = 30; This profile is private; id = 453313923
Error: error_code = 30; This profile is private; id = 183418866
Error: error_code = 30; This profile is private; id = 1860145
Error: error_code = 30; This profile is private; id = 140130830
Error: error_code = 15; Access denied: user deactivated; id = 578744864
Error: error_code = 15; Access denied: user deactivated; id = 47060874
Error: error_code = 30; This profile is private; id = 17368541
Error: error_code = 30; This profile is private; id = 165874729
Error: error_code = 15; Access denied: user deactivated; id = 232799819
Error: error_code = 30; This profile is private; id = 13831519
Error: error_code = 30; This profile is private; id = 598391611
Error: error_code = 30; This profile is private; id = 202118447
Error: error_code = 30; This profile is private; id = 684157498
Error: error_code = 30; This profile is private; id = 181704975
Error: error_code = 30; This profile is private; id = 550140802
Error: error_code = 30; This profile is private; id = 517984984
Error: error_code = 15; Access denied: user deactivated; id = 222398397
Error: error_code = 15; Access denied: user deactivated; id = 358581523
Error: error_code = 30; This profile is private; id = 72534015
Error: error_code = 15; Access denied: user deactivated; id = 506177759
Error: error_code = 30; This profile is private; id = 555278507
Error: error_code = 30; This profile is private; id = 167409107
Error: error_code = 15; Access denied: user deactivated; id = 565008934
Error: error_code = 15; Access denied: user deactivated; id = 281895800
Error: error_code = 30; This profile is private; id = 43527811
Error: error_code = 15; Access denied: user deactivated; id = 402266879
Error: error_code = 30; This profile is private; id = 18905187
Error: error_code = 30; This profile is private; id = 153547678
Error: error_code = 30; This profile is private; id = 169829917
Error: error_code = 30; This profile is private; id = 155168242
Error: error_code = 30; This profile is private; id = 16730286
Error: error_code = 30; This profile is private; id = 699638247
Error: error_code = 15; Access denied: user deactivated; id = 221514005
Error: error_code = 30; This profile is private; id = 424749540
Error: error_code = 15; Access denied: user deactivated; id = 140655605
Error: error_code = 30; This profile is private; id = 2783177
Error: error_code = 15; Access denied: user deactivated; id = 231870114
Error: error_code = 15; Access denied: user deactivated; id = 656491537
Error: error_code = 15; Access denied: user deactivated; id = 662521401
Error: error_code = 30; This profile is private; id = 115860678
Error: error_code = 15; Access denied: user deactivated; id = 311557095
Error: error_code = 30; This profile is private; id = 676376803
Error: error_code = 30; This profile is private; id = 43434250
Error: error_code = 30; This profile is private; id = 590137066
Error: error_code = 30; This profile is private; id = 119056694
Error: error_code = 30; This profile is private; id = 457126057
Error: error_code = 30; This profile is private; id = 657596604
Error: error_code = 30; This profile is private; id = 365539139
Error: error_code = 15; Access denied: user deactivated; id = 50928405
Error: error_code = 15; Access denied: user deactivated; id = 433058192
Error: error_code = 30; This profile is private; id = 518419493
Error: error_code = 30; This profile is private; id = 50082868
Error: error_code = 15; Access denied: user deactivated; id = 96167314
Error: error_code = 15; Access denied: user deactivated; id = 395822697
Error: error_code = 30; This profile is private; id = 368809678
Error: error_code = 30; This profile is private; id = 52614377
Error: error_code = 15; Access denied: user deactivated; id = 363464979
Error: error_code = 30; This profile is private; id = 609132832
Error: error_code = 30; This profile is private; id = 9634647
Error: error_code = 30; This profile is private; id = 332100494
Error: error_code = 30; This profile is private; id = 631120785
Error: error_code = 30; This profile is private; id = 147845315
Error: error_code = 30; This profile is private; id = 506736702
Error: error_code = 30; This profile is private; id = 542759041
Error: error_code = 15; Access denied: user deactivated; id = 210434618
Error: error_code = 30; This profile is private; id = 447433108
Error: error_code = 30; This profile is private; id = 574351978
Error: error_code = 15; Access denied: user deactivated; id = 345043582
Error: error_code = 15; Access denied: user deactivated; id = 328737934
Error: error_code = 30; This profile is private; id = 419728324
Error: error_code = 30; This profile is private; id = 206072942
Error: error_code = 30; This profile is private; id = 495531644
Error: error_code = 15; Access denied: user deactivated; id = 702525987
Error: error_code = 15; Access denied: user deactivated; id = 293247043
Error: error_code = 30; This profile is private; id = 10802434
Error: error_code = 30; This profile is private; id = 334031464
Error: error_code = 15; Access denied: user deactivated; id = 495448618
Error: error_code = 15; Access denied: user deactivated; id = 714757429
Error: error_code = 30; This profile is private; id = 611722620
Error: error_code = 15; Access denied: user deactivated; id = 553917772
Error: error_code = 30; This profile is private; id = 1871885
Error: error_code = 30; This profile is private; id = 260250155
Error: error_code = 30; This profile is private; id = 141424878
Error: error_code = 30; This profile is private; id = 551743460
Error: error_code = 30; This profile is private; id = 145498575
Error: error_code = 30; This profile is private; id = 19810604
Error: error_code = 30; This profile is private; id = 494884528
Error: error_code = 30; This profile is private; id = 517749260
Error: error_code = 15; Access denied: user deactivated; id = 215024073
Error: error_code = 15; Access denied: user deactivated; id = 301270262
Error: error_code = 15; Access denied: user deactivated; id = 552845947
Error: error_code = 15; Access denied: user deactivated; id = 699363906
Error: error_code = 30; This profile is private; id = 701112676
Error: error_code = 30; This profile is private; id = 18523583
Error: error_code = 30; This profile is private; id = 55412731
Error: error_code = 15; Access denied: user deactivated; id = 375573664
Error: error_code = 15; Access denied: user deactivated; id = 9950144
Error: error_code = 15; Access denied: user deactivated; id = 219117781
Error: error_code = 30; This profile is private; id = 153455520
Error: error_code = 15; Access denied: user deactivated; id = 386079954
Error: error_code = 30; This profile is private; id = 95626067
Error: error_code = 30; This profile is private; id = 675486475
Error: error_code = 30; This profile is private; id = 545842730
Error: error_code = 30; This profile is private; id = 425646254
Error: error_code = 30; This profile is private; id = 680059208
Error: error_code = 30; This profile is private; id = 260157055
Error: error_code = 15; Access denied: user deactivated; id = 284478622
Error: error_code = 30; This profile is private; id = 57491290
Error: error_code = 15; Access denied: user deactivated; id = 547048211
Error: error_code = 15; Access denied: user deactivated; id = 314895085
Error: error_code = 30; This profile is private; id = 56002275
Error: error_code = 30; This profile is private; id = 416091338
Error: error_code = 30; This profile is private; id = 32402778
Error: error_code = 15; Access denied: user deactivated; id = 516820129
Error: error_code = 30; This profile is private; id = 169660799
Error: error_code = 30; This profile is private; id = 429067145
Error: error_code = 30; This profile is private; id = 50882574
Error: error_code = 15; Access denied: user deactivated; id = 218661381
Error: error_code = 15; Access denied: user deactivated; id = 377443254
Error: error_code = 15; Access denied: user deactivated; id = 158236872
Error: error_code = 30; This profile is private; id = 295693001
Error: error_code = 15; Access denied: user deactivated; id = 473749584
Error: error_code = 15; Access denied: user deactivated; id = 28394563
Error: error_code = 30; This profile is private; id = 67556496
Error: error_code = 30; This profile is private; id = 258600032
Error: error_code = 15; Access denied: user deactivated; id = 699530924
Error: error_code = 15; Access denied: user deactivated; id = 243736870
Error: error_code = 15; Access denied: user deactivated; id = 280527195
Error: error_code = 30; This profile is private; id = 477541776
Error: error_code = 15; Access denied: user deactivated; id = 544675774
Error: error_code = 15; Access denied: user deactivated; id = 413589842
Error: error_code = 30; This profile is private; id = 55388939
Error: error_code = 15; Access denied: user deactivated; id = 425850267
Error: error_code = 15; Access denied: user deactivated; id = 156678360
Error: error_code = 30; This profile is private; id = 495428935
Error: error_code = 15; Access denied: user deactivated; id = 433178672
Error: error_code = 15; Access denied: user deactivated; id = 85571611
Error: error_code = 30; This profile is private; id = 282388686
Error: error_code = 30; This profile is private; id = 303562791
Error: error_code = 30; This profile is private; id = 362612689
Error: error_code = 15; Access denied: user deactivated; id = 410419740
Error: error_code = 30; This profile is private; id = 458377022
Error: error_code = 30; This profile is private; id = 12199750
Error: error_code = 30; This profile is private; id = 170023156
Error: error_code = 30; This profile is private; id = 263247039
Error: error_code = 15; Access denied: user deactivated; id = 645818178
Error: error_code = 30; This profile is private; id = 268862237
Error: error_code = 30; This profile is private; id = 228250150
Error: error_code = 30; This profile is private; id = 142130170
Error: error_code = 30; This profile is private; id = 53478355
Error: error_code = 30; This profile is private; id = 558788532
Error: error_code = 30; This profile is private; id = 236106201
Error: error_code = 30; This profile is private; id = 13958060
Error: error_code = 30; This profile is private; id = 296282634
Error: error_code = 30; This profile is private; id = 641683612
Error: error_code = 30; This profile is private; id = 530786235
Error: error_code = 30; This profile is private; id = 249626097
Error: error_code = 30; This profile is private; id = 430194282
Error: error_code = 15; Access denied: user deactivated; id = 197714669
Error: error_code = 15; Access denied: user deactivated; id = 41798906
Error: error_code = 30; This profile is private; id = 36676328
Error: error_code = 30; This profile is private; id = 591917175
Error: error_code = 30; This profile is private; id = 467500862
Error: error_code = 15; Access denied: user deactivated; id = 510906514
Error: error_code = 15; Access denied: user deactivated; id = 5214910
Error: error_code = 30; This profile is private; id = 546759948
Error: error_code = 30; This profile is private; id = 275747688
Error: error_code = 15; Access denied: user deactivated; id = 213652380
Error: error_code = 30; This profile is private; id = 181521465
Error: error_code = 30; This profile is private; id = 502025273
Error: error_code = 30; This profile is private; id = 631746363
Error: error_code = 30; This profile is private; id = 136367737
Error: error_code = 30; This profile is private; id = 620582393
Error: error_code = 30; This profile is private; id = 427933055
Error: error_code = 15; Access denied: user deactivated; id = 693637007
Error: error_code = 30; This profile is private; id = 17629040
Error: error_code = 15; Access denied: user deactivated; id = 223853214
Error: error_code = 30; This profile is private; id = 368487904
Error: error_code = 15; Access denied: user deactivated; id = 403412775
Error: error_code = 30; This profile is private; id = 110385153
Error: error_code = 30; This profile is private; id = 75100856
Error: error_code = 30; This profile is private; id = 533880140
Error: error_code = 15; Access denied: user deactivated; id = 398664826
Error: error_code = 30; This profile is private; id = 2264452
Error: error_code = 30; This profile is private; id = 225713017
Error: error_code = 30; This profile is private; id = 466280105
Error: error_code = 15; Access denied: user deactivated; id = 627884050
Error: error_code = 30; This profile is private; id = 318663286
Error: error_code = 30; This profile is private; id = 43113799
Error: error_code = 15; Access denied: user deactivated; id = 144178795
Error: error_code = 30; This profile is private; id = 199571782
Error: error_code = 15; Access denied: user deactivated; id = 269984374
Error: error_code = 30; This profile is private; id = 101262383
Error: error_code = 30; This profile is private; id = 615530533
Error: error_code = 30; This profile is private; id = 449823155
Error: error_code = 15; Access denied: user deactivated; id = 323892738
Error: error_code = 15; Access denied: user deactivated; id = 342697001
Error: error_code = 15; Access denied: user deactivated; id = 571039473
Error: error_code = 30; This profile is private; id = 675775180
Error: error_code = 30; This profile is private; id = 421917029
Error: error_code = 30; This profile is private; id = 367070951
Error: error_code = 30; This profile is private; id = 151545714
Error: error_code = 15; Access denied: user deactivated; id = 261178855
Error: error_code = 30; This profile is private; id = 651082202
Error: error_code = 30; This profile is private; id = 442111750
Error: error_code = 30; This profile is private; id = 525179558
Error: error_code = 30; This profile is private; id = 487734984
Error: error_code = 30; This profile is private; id = 205557079
Error: error_code = 15; Access denied: user deactivated; id = 598170699
Error: error_code = 30; This profile is private; id = 539421880
Error: error_code = 30; This profile is private; id = 557838638
Error: error_code = 30; This profile is private; id = 680270342
Error: error_code = 15; Access denied: user deactivated; id = 444512358
Error: error_code = 30; This profile is private; id = 245464624
Error: error_code = 15; Access denied: user deactivated; id = 197290280
Error: error_code = 30; This profile is private; id = 239888129
Error: error_code = 30; This profile is private; id = 115937487
Error: error_code = 30; This profile is private; id = 71983437
Error: error_code = 30; This profile is private; id = 514988088
Error: error_code = 30; This profile is private; id = 6645801
Error: error_code = 30; This profile is private; id = 174941252
Error: error_code = 30; This profile is private; id = 89800389
Error: error_code = 30; This profile is private; id = 352623556
Error: error_code = 15; Access denied: user deactivated; id = 76161087
Error: error_code = 30; This profile is private; id = 406717712
Error: error_code = 30; This profile is private; id = 151352513
Error: error_code = 30; This profile is private; id = 345572445
Error: error_code = 30; This profile is private; id = 663314601
Error: error_code = 30; This profile is private; id = 600463223
Error: error_code = 15; Access denied: user deactivated; id = 532622603
Error: error_code = 30; This profile is private; id = 169221250
Error: error_code = 30; This profile is private; id = 71153068
Error: error_code = 15; Access denied: user deactivated; id = 90552362
Error: error_code = 30; This profile is private; id = 659385133
Error: error_code = 30; This profile is private; id = 177271939
Error: error_code = 15; Access denied: user deactivated; id = 478152117
Error: error_code = 30; This profile is private; id = 199981774
Error: error_code = 15; Access denied: user deactivated; id = 446483256
Error: error_code = 15; Access denied: user deactivated; id = 182944801
Error: error_code = 30; This profile is private; id = 365880913
Error: error_code = 30; This profile is private; id = 417639091
Error: error_code = 30; This profile is private; id = 689820147
Error: error_code = 30; This profile is private; id = 521573431
Error: error_code = 30; This profile is private; id = 645097506
Error: error_code = 30; This profile is private; id = 171481562
Error: error_code = 30; This profile is private; id = 309355586
Error: error_code = 30; This profile is private; id = 706346965
Error: error_code = 30; This profile is private; id = 179550241
Error: error_code = 15; Access denied: user deactivated; id = 199452502
Error: error_code = 30; This profile is private; id = 211241050
Error: error_code = 30; This profile is private; id = 353279888
Error: error_code = 30; This profile is private; id = 225568721
Error: error_code = 30; This profile is private; id = 53125868
Error: error_code = 30; This profile is private; id = 693107370
Error: error_code = 30; This profile is private; id = 680468309
Error: error_code = 15; Access denied: user deactivated; id = 199228779
Error: error_code = 30; This profile is private; id = 202728594
Error: error_code = 30; This profile is private; id = 257844533
Error: error_code = 30; This profile is private; id = 411036235
Error: error_code = 30; This profile is private; id = 552799676
Error: error_code = 15; Access denied: user deactivated; id = 192090031
Error: error_code = 30; This profile is private; id = 18386417
Error: error_code = 30; This profile is private; id = 434768906
Error: error_code = 30; This profile is private; id = 440867096
Error: error_code = 30; This profile is private; id = 606268189
Error: error_code = 30; This profile is private; id = 247069867
Error: error_code = 30; This profile is private; id = 509107730
Error: error_code = 15; Access denied: user deactivated; id = 492681767
Error: error_code = 15; Access denied: user deactivated; id = 672082180
Error: error_code = 30; This profile is private; id = 240837063
Error: error_code = 30; This profile is private; id = 169158138
Error: error_code = 30; This profile is private; id = 559866673
Error: error_code = 30; This profile is private; id = 644841082
Error: error_code = 30; This profile is private; id = 685242835
Error: error_code = 30; This profile is private; id = 465506495
Error: error_code = 30; This profile is private; id = 162161506
Error: error_code = 30; This profile is private; id = 271366618
Error: error_code = 30; This profile is private; id = 459179378
Error: error_code = 30; This profile is private; id = 584875255
Error: error_code = 30; This profile is private; id = 74569799
Error: error_code = 30; This profile is private; id = 682070876
Error: error_code = 30; This profile is private; id = 221656856
Error: error_code = 15; Access denied: user deactivated; id = 447612401
Error: error_code = 15; Access denied: user deactivated; id = 705431766
Error: error_code = 15; Access denied: user deactivated; id = 193103917
Error: error_code = 30; This profile is private; id = 272729152
Error: error_code = 30; This profile is private; id = 143220890
Error: error_code = 30; This profile is private; id = 628737251
Error: error_code = 30; This profile is private; id = 153021519
Error: error_code = 15; Access denied: user deactivated; id = 5820767
Error: error_code = 30; This profile is private; id = 240269150
Error: error_code = 15; Access denied: user deactivated; id = 334917153
Error: error_code = 30; This profile is private; id = 297363393
Error: error_code = 15; Access denied: user deactivated; id = 227471466
Error: error_code = 30; This profile is private; id = 563580958
Error: error_code = 30; This profile is private; id = 197726147
Error: error_code = 15; Access denied: user deactivated; id = 418243137
Error: error_code = 30; This profile is private; id = 436945135
Error: error_code = 30; This profile is private; id = 247807589
Error: error_code = 15; Access denied: user deactivated; id = 434335614
Error: error_code = 30; This profile is private; id = 156547703
Error: error_code = 30; This profile is private; id = 36805490
Error: error_code = 30; This profile is private; id = 24467993
Error: error_code = 15; Access denied: user deactivated; id = 181074996
Error: error_code = 30; This profile is private; id = 204605525
Error: error_code = 15; Access denied: user deactivated; id = 541219612
Error: error_code = 30; This profile is private; id = 161053970
Error: error_code = 30; This profile is private; id = 443673244
Error: error_code = 15; Access denied: user deactivated; id = 545590507
Error: error_code = 30; This profile is private; id = 457617318
Error: error_code = 15; Access denied: user deactivated; id = 207805545
Error: error_code = 15; Access denied: user deactivated; id = 299053204
Error: error_code = 30; This profile is private; id = 174734941
Error: error_code = 30; This profile is private; id = 628415177
Error: error_code = 30; This profile is private; id = 440038887
Error: error_code = 15; Access denied: user deactivated; id = 644556622
Error: error_code = 30; This profile is private; id = 117129107
Error: error_code = 30; This profile is private; id = 38426702
Error: error_code = 30; This profile is private; id = 254673262
Error: error_code = 15; Access denied: user deactivated; id = 425172774
Error: error_code = 30; This profile is private; id = 197387872
Error: error_code = 15; Access denied: user deactivated; id = 355870675
Error: error_code = 30; This profile is private; id = 214022180
Error: error_code = 15; Access denied: user deactivated; id = 243241680
Error: error_code = 30; This profile is private; id = 627062968
Error: error_code = 30; This profile is private; id = 572710563
Error: error_code = 15; Access denied: user deactivated; id = 177639347
Error: error_code = 30; This profile is private; id = 408292474
Error: error_code = 30; This profile is private; id = 339704445
Error: error_code = 30; This profile is private; id = 642685174
Error: error_code = 30; This profile is private; id = 292934556
Error: error_code = 30; This profile is private; id = 683104323
Error: error_code = 30; This profile is private; id = 13455151
Error: error_code = 30; This profile is private; id = 581300411
Error: error_code = 30; This profile is private; id = 172861866
Error: error_code = 15; Access denied: user deactivated; id = 446883194
Error: error_code = 15; Access denied: user deactivated; id = 372213463
Error: error_code = 15; Access denied: user deactivated; id = 114713162
Error: error_code = 30; This profile is private; id = 294248436
Error: error_code = 15; Access denied: user deactivated; id = 672750148
Error: error_code = 30; This profile is private; id = 139047907
Error: error_code = 15; Access denied: user deactivated; id = 534197857
Error: error_code = 30; This profile is private; id = 629071293
Error: error_code = 30; This profile is private; id = 250356879
Error: error_code = 30; This profile is private; id = 169948353
Error: error_code = 30; This profile is private; id = 582363123
Error: error_code = 15; Access denied: user deactivated; id = 198494442
Error: error_code = 30; This profile is private; id = 571125268
Error: error_code = 30; This profile is private; id = 217840712
Error: error_code = 30; This profile is private; id = 298840587
Error: error_code = 30; This profile is private; id = 1894386
Error: error_code = 30; This profile is private; id = 144034121
Error: error_code = 30; This profile is private; id = 290074518
Error: error_code = 15; Access denied: user deactivated; id = 220024928
Error: error_code = 15; Access denied: user deactivated; id = 214927687
Error: error_code = 15; Access denied: user deactivated; id = 145662309
Error: error_code = 30; This profile is private; id = 38118618
Error: error_code = 30; This profile is private; id = 503215094
Error: error_code = 15; Access denied: user deactivated; id = 429292272
Error: error_code = 30; This profile is private; id = 20187201
Error: error_code = 30; This profile is private; id = 16615376
Error: error_code = 30; This profile is private; id = 227778142
Error: error_code = 30; This profile is private; id = 271773791
Error: error_code = 15; Access denied: user deactivated; id = 431605558
Error: error_code = 30; This profile is private; id = 640401702
Error: error_code = 15; Access denied: user deactivated; id = 218569990
Error: error_code = 30; This profile is private; id = 452415119
Error: error_code = 30; This profile is private; id = 64992186
Error: error_code = 30; This profile is private; id = 485304621
Error: error_code = 15; Access denied: user deactivated; id = 702542057
Error: error_code = 30; This profile is private; id = 505293939
Error: error_code = 30; This profile is private; id = 166773210
Error: error_code = 15; Access denied: user deactivated; id = 705567533
Error: error_code = 30; This profile is private; id = 390650585
Error: error_code = 30; This profile is private; id = 606662687
Error: error_code = 30; This profile is private; id = 431579119
Error: error_code = 30; This profile is private; id = 310719415
Error: error_code = 15; Access denied: user deactivated; id = 543549466
Error: error_code = 30; This profile is private; id = 484274490
Error: error_code = 30; This profile is private; id = 416215241
Error: error_code = 15; Access denied: user deactivated; id = 177538508
Error: error_code = 30; This profile is private; id = 534157274
Error: error_code = 15; Access denied: user deactivated; id = 179914555
Error: error_code = 30; This profile is private; id = 179766013
Error: error_code = 15; Access denied: user deactivated; id = 485685755
Error: error_code = 15; Access denied: user deactivated; id = 531242316
Error: error_code = 30; This profile is private; id = 155929487
Error: error_code = 30; This profile is private; id = 145598269
Error: error_code = 30; This profile is private; id = 465907402
Error: error_code = 30; This profile is private; id = 15084021
Error: error_code = 30; This profile is private; id = 135349442
Error: error_code = 30; This profile is private; id = 225399783
Error: error_code = 15; Access denied: user deactivated; id = 136465005
Error: error_code = 15; Access denied: user deactivated; id = 530141889
Error: error_code = 30; This profile is private; id = 239811317
Error: error_code = 15; Access denied: user deactivated; id = 217143511
Error: error_code = 15; Access denied: user deactivated; id = 352244175
Error: error_code = 30; This profile is private; id = 209634677
Error: error_code = 30; This profile is private; id = 587114927
Error: error_code = 15; Access denied: user deactivated; id = 368735333
Error: error_code = 30; This profile is private; id = 284128624
Error: error_code = 30; This profile is private; id = 302868883
Error: error_code = 30; This profile is private; id = 509553523
Error: error_code = 15; Access denied: user deactivated; id = 207460781
Error: error_code = 30; This profile is private; id = 6224408
Error: error_code = 30; This profile is private; id = 531709313
Error: error_code = 30; This profile is private; id = 675022852
Error: error_code = 30; This profile is private; id = 585222238
Error: error_code = 30; This profile is private; id = 138433677
Error: error_code = 30; This profile is private; id = 429495150
Error: error_code = 30; This profile is private; id = 450515344
Error: error_code = 30; This profile is private; id = 486499942
Error: error_code = 15; Access denied: user deactivated; id = 288628658
Error: error_code = 30; This profile is private; id = 523496023
Error: error_code = 30; This profile is private; id = 685106894
Error: error_code = 30; This profile is private; id = 3568639
Error: error_code = 30; This profile is private; id = 78461741
Error: error_code = 15; Access denied: user deactivated; id = 225602391
Error: error_code = 15; Access denied: user deactivated; id = 355612588
Error: error_code = 30; This profile is private; id = 445924982
Error: error_code = 15; Access denied: user deactivated; id = 543170944
Error: error_code = 30; This profile is private; id = 481459250
Error: error_code = 30; This profile is private; id = 278591017
Error: error_code = 30; This profile is private; id = 674920420
Error: error_code = 30; This profile is private; id = 320263374
Error: error_code = 30; This profile is private; id = 330040628
Error: error_code = 30; This profile is private; id = 467232514
Error: error_code = 30; This profile is private; id = 669486914
Error: error_code = 30; This profile is private; id = 469408121
Error: error_code = 15; Access denied: user deactivated; id = 355792754
Error: error_code = 30; This profile is private; id = 517311328
Error: error_code = 30; This profile is private; id = 351152507
Error: error_code = 30; This profile is private; id = 652199590
Error: error_code = 30; This profile is private; id = 42064995
Error: error_code = 30; This profile is private; id = 56207491
Error: error_code = 15; Access denied: user deactivated; id = 410182402
Error: error_code = 30; This profile is private; id = 386221580
Error: error_code = 30; This profile is private; id = 81334568
Error: error_code = 30; This profile is private; id = 312755657
Error: error_code = 15; Access denied: user deactivated; id = 350295380
Error: error_code = 15; Access denied: user deactivated; id = 425788082
Error: error_code = 15; Access denied: user deactivated; id = 229529543
Error: error_code = 30; This profile is private; id = 593327297
Error: error_code = 30; This profile is private; id = 693430922
Error: error_code = 30; This profile is private; id = 181432677
Error: error_code = 30; This profile is private; id = 147786883
Error: error_code = 15; Access denied: user deactivated; id = 142991055
Error: error_code = 30; This profile is private; id = 695806730
Error: error_code = 30; This profile is private; id = 445917884
Error: error_code = 30; This profile is private; id = 101779112
Error: error_code = 30; This profile is private; id = 691804965
Error: error_code = 30; This profile is private; id = 316758009
Error: error_code = 15; Access denied: user deactivated; id = 152877344
Error: error_code = 15; Access denied: user deactivated; id = 4071081
Error: error_code = 15; Access denied: user deactivated; id = 216171544
Error: error_code = 30; This profile is private; id = 212294157
Error: error_code = 30; This profile is private; id = 598492167
Error: error_code = 30; This profile is private; id = 531798730
Error: error_code = 15; Access denied: user deactivated; id = 345070690
Error: error_code = 30; This profile is private; id = 452808723
Error: error_code = 30; This profile is private; id = 321241632
Error: error_code = 30; This profile is private; id = 312644262
Error: error_code = 30; This profile is private; id = 712939801
Error: error_code = 30; This profile is private; id = 176463091
Error: error_code = 30; This profile is private; id = 481265077
Error: error_code = 30; This profile is private; id = 186014223
Error: error_code = 30; This profile is private; id = 631970183
Error: error_code = 30; This profile is private; id = 256620159
Error: error_code = 15; Access denied: user deactivated; id = 365331232
Error: error_code = 30; This profile is private; id = 159824635
Error: error_code = 30; This profile is private; id = 621950783
Error: error_code = 30; This profile is private; id = 422355962
Error: error_code = 15; Access denied: user deactivated; id = 219999221
Error: error_code = 30; This profile is private; id = 238650487
Error: error_code = 30; This profile is private; id = 416267566
Error: error_code = 30; This profile is private; id = 237439384
Error: error_code = 15; Access denied: user deactivated; id = 560098300
Error: error_code = 30; This profile is private; id = 555824932
Error: error_code = 30; This profile is private; id = 403468755
Error: error_code = 30; This profile is private; id = 62884173
Error: error_code = 30; This profile is private; id = 113759596
Error: error_code = 30; This profile is private; id = 530220773
Error: error_code = 30; This profile is private; id = 70441909
Error: error_code = 30; This profile is private; id = 576209173
Error: error_code = 30; This profile is private; id = 321636671
Error: error_code = 30; This profile is private; id = 309167643
Error: error_code = 30; This profile is private; id = 7595090
Error: error_code = 15; Access denied: user deactivated; id = 715137257
Error: error_code = 30; This profile is private; id = 38255535
Error: error_code = 30; This profile is private; id = 44003987
Error: error_code = 30; This profile is private; id = 582884782
Error: error_code = 30; This profile is private; id = 154692892
Error: error_code = 30; This profile is private; id = 343794846
Error: error_code = 15; Access denied: user deactivated; id = 84381750
Error: error_code = 30; This profile is private; id = 304647561
Error: error_code = 30; This profile is private; id = 216054439
Error: error_code = 30; This profile is private; id = 5931728
Error: error_code = 15; Access denied: user deactivated; id = 412923338
Error: error_code = 30; This profile is private; id = 459189549
Error: error_code = 30; This profile is private; id = 497474386
Error: error_code = 30; This profile is private; id = 572969552
Error: error_code = 30; This profile is private; id = 185880599
Error: error_code = 30; This profile is private; id = 595649698
Error: error_code = 30; This profile is private; id = 132052568
Error: error_code = 30; This profile is private; id = 429213436
Error: error_code = 15; Access denied: user deactivated; id = 510652716
Error: error_code = 30; This profile is private; id = 211537763
Error: error_code = 30; This profile is private; id = 17305348
Error: error_code = 30; This profile is private; id = 626471115
Error: error_code = 30; This profile is private; id = 606973212
Error: error_code = 30; This profile is private; id = 442306565
Error: error_code = 30; This profile is private; id = 342093462
Error: error_code = 30; This profile is private; id = 448459320
Error: error_code = 30; This profile is private; id = 615303106
Error: error_code = 30; This profile is private; id = 109575713
Error: error_code = 15; Access denied: user deactivated; id = 489821687
Error: error_code = 15; Access denied: user deactivated; id = 432183178
Error: error_code = 30; This profile is private; id = 43324085
Error: error_code = 30; This profile is private; id = 604428784
Error: error_code = 30; This profile is private; id = 477406490
Error: error_code = 30; This profile is private; id = 448383448
Error: error_code = 30; This profile is private; id = 597516286
Error: error_code = 30; This profile is private; id = 316207293
Error: error_code = 30; This profile is private; id = 334380329
Error: error_code = 30; This profile is private; id = 446377870
Error: error_code = 30; This profile is private; id = 691866634
Error: error_code = 30; This profile is private; id = 509573184
Error: error_code = 30; This profile is private; id = 31604848
Error: error_code = 30; This profile is private; id = 230613768
Error: error_code = 30; This profile is private; id = 466634336
Error: error_code = 15; Access denied: user deactivated; id = 297036592
Error: error_code = 15; Access denied: user deactivated; id = 340947035
Error: error_code = 30; This profile is private; id = 96390095
Error: error_code = 30; This profile is private; id = 151623942
Error: error_code = 15; Access denied: user deactivated; id = 576631248
Error: error_code = 30; This profile is private; id = 548596561
Error: error_code = 30; This profile is private; id = 32129259
Error: error_code = 30; This profile is private; id = 334935342
Error: error_code = 30; This profile is private; id = 154118923
Error: error_code = 30; This profile is private; id = 110167743
Error: error_code = 30; This profile is private; id = 132208108
Error: error_code = 30; This profile is private; id = 105362998
Error: error_code = 30; This profile is private; id = 663217398
Error: error_code = 30; This profile is private; id = 4483777
Error: error_code = 15; Access denied: user deactivated; id = 503544550
Error: error_code = 30; This profile is private; id = 65589179
Error: error_code = 30; This profile is private; id = 546072906
Error: error_code = 30; This profile is private; id = 270729614
Error: error_code = 30; This profile is private; id = 299670954
Error: error_code = 30; This profile is private; id = 273657185
Error: error_code = 30; This profile is private; id = 166300058
Error: error_code = 30; This profile is private; id = 629488731
Error: error_code = 30; This profile is private; id = 50249852
Error: error_code = 15; Access denied: user deactivated; id = 454175937
Error: error_code = 30; This profile is private; id = 573247634
Error: error_code = 30; This profile is private; id = 11554209
Error: error_code = 30; This profile is private; id = 87881707
Error: error_code = 30; This profile is private; id = 497269953
Error: error_code = 30; This profile is private; id = 509882370
Error: error_code = 30; This profile is private; id = 31513788
Error: error_code = 15; Access denied: user deactivated; id = 454948728
Error: error_code = 30; This profile is private; id = 45788496
Error: error_code = 30; This profile is private; id = 11306904
Error: error_code = 30; This profile is private; id = 3458781
Error: error_code = 30; This profile is private; id = 477073715
Error: error_code = 15; Access denied: user deactivated; id = 542892117
Error: error_code = 30; This profile is private; id = 569419572
Error: error_code = 15; Access denied: user deactivated; id = 373522829
Error: error_code = 30; This profile is private; id = 498451463
Error: error_code = 30; This profile is private; id = 260275638
Error: error_code = 30; This profile is private; id = 205857739
Error: error_code = 15; Access denied: user deactivated; id = 202594636
Error: error_code = 15; Access denied: user deactivated; id = 210607431
Error: error_code = 30; This profile is private; id = 321025052
Error: error_code = 30; This profile is private; id = 356735178
Error: error_code = 30; This profile is private; id = 472564444
Error: error_code = 30; This profile is private; id = 30077535
Error: error_code = 15; Access denied: user deactivated; id = 537089923
Error: error_code = 15; Access denied: user deactivated; id = 400149049
Error: error_code = 30; This profile is private; id = 54450229
Error: error_code = 15; Access denied: user deactivated; id = 571853473
Error: error_code = 30; This profile is private; id = 132641991
Error: error_code = 30; This profile is private; id = 188436431
Error: error_code = 30; This profile is private; id = 7170079
Error: error_code = 30; This profile is private; id = 32143991
Error: error_code = 15; Access denied: user deactivated; id = 485155155
Error: error_code = 30; This profile is private; id = 10707912
Error: error_code = 30; This profile is private; id = 374796119
Error: error_code = 15; Access denied: user deactivated; id = 228266438
Error: error_code = 15; Access denied: user deactivated; id = 540285674
Error: error_code = 15; Access denied: user deactivated; id = 418323011
Error: error_code = 30; This profile is private; id = 157809070
Error: error_code = 15; Access denied: user deactivated; id = 138288582
Error: error_code = 30; This profile is private; id = 416158528
Error: error_code = 30; This profile is private; id = 124397149
Error: error_code = 30; This profile is private; id = 150606632
Error: error_code = 30; This profile is private; id = 691740679
Error: error_code = 30; This profile is private; id = 32903367
Error: error_code = 30; This profile is private; id = 29386351
Error: error_code = 30; This profile is private; id = 545330584
Error: error_code = 30; This profile is private; id = 635824775
Error: error_code = 15; Access denied: user deactivated; id = 702862177
Error: error_code = 30; This profile is private; id = 154044707
Error: error_code = 15; Access denied: user deactivated; id = 542908022
Error: error_code = 30; This profile is private; id = 291122249
Error: error_code = 15; Access denied: user deactivated; id = 416581922
Error: error_code = 15; Access denied: user deactivated; id = 190369432
Error: error_code = 30; This profile is private; id = 40318437
Error: error_code = 30; This profile is private; id = 311924925
Error: error_code = 15; Access denied: user deactivated; id = 400130701
Error: error_code = 30; This profile is private; id = 142203528
Error: error_code = 30; This profile is private; id = 331566185
Error: error_code = 30; This profile is private; id = 211002373
Error: error_code = 15; Access denied: user deactivated; id = 228899798
Error: error_code = 30; This profile is private; id = 15045458
Error: error_code = 30; This profile is private; id = 570235888
Error: error_code = 15; Access denied: user deactivated; id = 310023170
Error: error_code = 30; This profile is private; id = 219802496
Error: error_code = 30; This profile is private; id = 701008337
Error: error_code = 30; This profile is private; id = 119179167
Error: error_code = 30; This profile is private; id = 1165345
Error: error_code = 30; This profile is private; id = 57591520
Error: error_code = 30; This profile is private; id = 520323706
Error: error_code = 30; This profile is private; id = 590324642
Error: error_code = 30; This profile is private; id = 161204609
Error: error_code = 15; Access denied: user deactivated; id = 70125179
Error: error_code = 15; Access denied: user deactivated; id = 203577973
Error: error_code = 15; Access denied: user deactivated; id = 183706539
Error: error_code = 15; Access denied: user deactivated; id = 528430560
Error: error_code = 30; This profile is private; id = 673172355
Error: error_code = 30; This profile is private; id = 316701166
Error: error_code = 30; This profile is private; id = 203771609
Error: error_code = 15; Access denied: user deactivated; id = 133979443
Error: error_code = 15; Access denied: user deactivated; id = 95826702
Error: error_code = 30; This profile is private; id = 71630537
Error: error_code = 30; This profile is private; id = 479043516
Error: error_code = 30; This profile is private; id = 555016869
Error: error_code = 15; Access denied: user deactivated; id = 217863957
Error: error_code = 15; Access denied: user deactivated; id = 160603769
Error: error_code = 15; Access denied: user deactivated; id = 380418243
Error: error_code = 30; This profile is private; id = 602428072
Error: error_code = 15; Access denied: user deactivated; id = 177264440
Error: error_code = 30; This profile is private; id = 359010075
Error: error_code = 15; Access denied: user deactivated; id = 682933151
Error: error_code = 30; This profile is private; id = 24559247
Error: error_code = 30; This profile is private; id = 115060542
Error: error_code = 30; This profile is private; id = 4723474
Error: error_code = 30; This profile is private; id = 58220721
Error: error_code = 15; Access denied: user deactivated; id = 151773664
Error: error_code = 30; This profile is private; id = 423694361
Error: error_code = 30; This profile is private; id = 5660683
Error: error_code = 30; This profile is private; id = 517819495
Error: error_code = 30; This profile is private; id = 292765159
Error: error_code = 30; This profile is private; id = 450713568
Error: error_code = 30; This profile is private; id = 38844420
Error: error_code = 15; Access denied: user deactivated; id = 160190580
Error: error_code = 30; This profile is private; id = 169334443
Error: error_code = 30; This profile is private; id = 31651605
Error: error_code = 30; This profile is private; id = 5624298
Error: error_code = 15; Access denied: user deactivated; id = 387004216
Error: error_code = 15; Access denied: user deactivated; id = 9762851
Error: error_code = 15; Access denied: user deactivated; id = 218567050
Error: error_code = 15; Access denied: user deactivated; id = 2195627
Error: error_code = 30; This profile is private; id = 663012179
Error: error_code = 15; Access denied: user deactivated; id = 276717554
Error: error_code = 15; Access denied: user deactivated; id = 187098020
Error: error_code = 15; Access denied: user deactivated; id = 93400231
Error: error_code = 30; This profile is private; id = 208150310
Error: error_code = 30; This profile is private; id = 402308987
Error: error_code = 30; This profile is private; id = 615821709
Error: error_code = 30; This profile is private; id = 691913706
Error: error_code = 30; This profile is private; id = 23899218
Error: error_code = 15; Access denied: user deactivated; id = 495422450
Error: error_code = 30; This profile is private; id = 419538482
Error: error_code = 30; This profile is private; id = 699101284
Error: error_code = 30; This profile is private; id = 203381521
Error: error_code = 30; This profile is private; id = 430708777
Error: error_code = 15; Access denied: user deactivated; id = 500916753
Error: error_code = 30; This profile is private; id = 630046733
Error: error_code = 15; Access denied: user deactivated; id = 31131407
Error: error_code = 30; This profile is private; id = 602739745
Error: error_code = 30; This profile is private; id = 333281880
Error: error_code = 30; This profile is private; id = 429229370
Error: error_code = 30; This profile is private; id = 201469956
Error: error_code = 30; This profile is private; id = 676664437
Error: error_code = 30; This profile is private; id = 359688798
Error: error_code = 15; Access denied: user deactivated; id = 433872228
Error: error_code = 30; This profile is private; id = 285324
Error: error_code = 30; This profile is private; id = 133845691
Error: error_code = 30; This profile is private; id = 312310429
Error: error_code = 30; This profile is private; id = 80912150
Error: error_code = 30; This profile is private; id = 533549551
Error: error_code = 30; This profile is private; id = 67517424
Error: error_code = 30; This profile is private; id = 209892128
Error: error_code = 30; This profile is private; id = 529152296
Error: error_code = 30; This profile is private; id = 18358633
Error: error_code = 30; This profile is private; id = 224075270
Error: error_code = 30; This profile is private; id = 329795164
Error: error_code = 15; Access denied: user deactivated; id = 156433705
Error: error_code = 15; Access denied: user deactivated; id = 460250604
Error: error_code = 30; This profile is private; id = 93154629
Error: error_code = 30; This profile is private; id = 659320886
Error: error_code = 30; This profile is private; id = 31332211
Error: error_code = 15; Access denied: user deactivated; id = 705429084
Error: error_code = 30; This profile is private; id = 244150913
Error: error_code = 15; Access denied: user deactivated; id = 215490061
Error: error_code = 30; This profile is private; id = 333564203
Error: error_code = 15; Access denied: user deactivated; id = 252817462
Error: error_code = 30; This profile is private; id = 221324050
Error: error_code = 15; Access denied: user deactivated; id = 395593493
Error: error_code = 30; This profile is private; id = 159414117
Error: error_code = 30; This profile is private; id = 452206903
Error: error_code = 30; This profile is private; id = 611809053
Error: error_code = 15; Access denied: user deactivated; id = 210803765
Error: error_code = 30; This profile is private; id = 447899038
Error: error_code = 30; This profile is private; id = 561350551
Error: error_code = 30; This profile is private; id = 305884586
Error: error_code = 15; Access denied: user deactivated; id = 416755348
Error: error_code = 30; This profile is private; id = 483717888
Error: error_code = 30; This profile is private; id = 6816020
Error: error_code = 30; This profile is private; id = 322240064
Error: error_code = 30; This profile is private; id = 389856559
Error: error_code = 15; Access denied: user deactivated; id = 11810929
Error: error_code = 15; Access denied: user deactivated; id = 423553458
Error: error_code = 15; Access denied: user deactivated; id = 159101916
Error: error_code = 30; This profile is private; id = 507561009
Error: error_code = 30; This profile is private; id = 288720063
Error: error_code = 30; This profile is private; id = 449243343
Error: error_code = 15; Access denied: user deactivated; id = 570258214
Error: error_code = 30; This profile is private; id = 634469113
Error: error_code = 15; Access denied: user deactivated; id = 398542444
Error: error_code = 30; This profile is private; id = 592945342
Error: error_code = 30; This profile is private; id = 378730395
Error: error_code = 30; This profile is private; id = 652170295
Error: error_code = 15; Access denied: user deactivated; id = 189870917
Error: error_code = 30; This profile is private; id = 370150622
Error: error_code = 30; This profile is private; id = 429430813
Error: error_code = 15; Access denied: user deactivated; id = 425337428
Error: error_code = 15; Access denied: user deactivated; id = 282566461
Error: error_code = 15; Access denied: user deactivated; id = 113877922
Error: error_code = 30; This profile is private; id = 587777722
Error: error_code = 30; This profile is private; id = 136420181
Error: error_code = 15; Access denied: user deactivated; id = 174882830
Error: error_code = 15; Access denied: user deactivated; id = 518582009
Error: error_code = 30; This profile is private; id = 577388460
Error: error_code = 30; This profile is private; id = 157148263
Error: error_code = 30; This profile is private; id = 308329800
Error: error_code = 30; This profile is private; id = 33874776
Error: error_code = 15; Access denied: user deactivated; id = 396369418
Error: error_code = 15; Access denied: user deactivated; id = 402711296
Error: error_code = 30; This profile is private; id = 33551757
Error: error_code = 30; This profile is private; id = 96894466
Error: error_code = 30; This profile is private; id = 9606546
Error: error_code = 30; This profile is private; id = 439054277
Error: error_code = 30; This profile is private; id = 135397643
Error: error_code = 30; This profile is private; id = 590821218
Error: error_code = 30; This profile is private; id = 707428407
Error: error_code = 30; This profile is private; id = 495441872
Error: error_code = 30; This profile is private; id = 451837103
Error: error_code = 30; This profile is private; id = 220144107
Error: error_code = 30; This profile is private; id = 589174976
Error: error_code = 30; This profile is private; id = 383580418
Error: error_code = 30; This profile is private; id = 34642909
Error: error_code = 30; This profile is private; id = 385324617
Error: error_code = 30; This profile is private; id = 197153348
Error: error_code = 30; This profile is private; id = 229364156
Error: error_code = 15; Access denied: user deactivated; id = 253443052
Error: error_code = 15; Access denied: user deactivated; id = 282583302
Error: error_code = 30; This profile is private; id = 516834760
Error: error_code = 30; This profile is private; id = 172370557
Error: error_code = 30; This profile is private; id = 61545014
Error: error_code = 15; Access denied: user deactivated; id = 261051420
Error: error_code = 30; This profile is private; id = 699709617
Error: error_code = 15; Access denied: user deactivated; id = 284596598
Error: error_code = 30; This profile is private; id = 603353660
Error: error_code = 30; This profile is private; id = 622355841
Error: error_code = 30; This profile is private; id = 118482896
Error: error_code = 30; This profile is private; id = 300762091
Error: error_code = 30; This profile is private; id = 625360497
Error: error_code = 15; Access denied: user deactivated; id = 15864067
Error: error_code = 15; Access denied: user deactivated; id = 406969542
Error: error_code = 30; This profile is private; id = 200982242
Error: error_code = 30; This profile is private; id = 700026117
Error: error_code = 30; This profile is private; id = 13792529
Error: error_code = 30; This profile is private; id = 556644045
Error: error_code = 15; Access denied: user deactivated; id = 446859251
Error: error_code = 30; This profile is private; id = 579642119
Error: error_code = 15; Access denied: user deactivated; id = 96017527
Error: error_code = 30; This profile is private; id = 707758507
Error: error_code = 15; Access denied: user deactivated; id = 221087998
Error: error_code = 30; This profile is private; id = 94615203
Error: error_code = 30; This profile is private; id = 155946229
Error: error_code = 30; This profile is private; id = 112952542
Error: error_code = 30; This profile is private; id = 249036286
Error: error_code = 30; This profile is private; id = 700865747
Error: error_code = 15; Access denied: user deactivated; id = 682577213
Error: error_code = 30; This profile is private; id = 40683653
Error: error_code = 30; This profile is private; id = 6737812
Error: error_code = 30; This profile is private; id = 446629897
Error: error_code = 15; Access denied: user deactivated; id = 701311415
Error: error_code = 30; This profile is private; id = 383520572
Error: error_code = 15; Access denied: user deactivated; id = 143631411
Error: error_code = 30; This profile is private; id = 1620335
Error: error_code = 30; This profile is private; id = 2469530
Error: error_code = 30; This profile is private; id = 481630888
Error: error_code = 30; This profile is private; id = 96850775
Error: error_code = 30; This profile is private; id = 438639765
Error: error_code = 15; Access denied: user deactivated; id = 428073359
Error: error_code = 30; This profile is private; id = 59218354
Error: error_code = 30; This profile is private; id = 314887128
Error: error_code = 15; Access denied: user deactivated; id = 44356107
Error: error_code = 15; Access denied: user deactivated; id = 705658110
Error: error_code = 15; Access denied: user deactivated; id = 478152456
Error: error_code = 30; This profile is private; id = 619018709
Error: error_code = 30; This profile is private; id = 666840119
Error: error_code = 30; This profile is private; id = 427450857
Error: error_code = 30; This profile is private; id = 467359766
Error: error_code = 30; This profile is private; id = 163185587
Error: error_code = 30; This profile is private; id = 671033212
Error: error_code = 15; Access denied: user deactivated; id = 14646656
Error: error_code = 15; Access denied: user deactivated; id = 400522511
Error: error_code = 15; Access denied: user deactivated; id = 339884317
Error: error_code = 30; This profile is private; id = 580040725
Error: error_code = 30; This profile is private; id = 294639921
Error: error_code = 30; This profile is private; id = 13544337
Error: error_code = 30; This profile is private; id = 136559533
Error: error_code = 15; Access denied: user deactivated; id = 30279207
Error: error_code = 30; This profile is private; id = 566530674
Error: error_code = 15; Access denied: user deactivated; id = 378168210
Error: error_code = 30; This profile is private; id = 686736816
Error: error_code = 30; This profile is private; id = 486073893
Error: error_code = 30; This profile is private; id = 279650699
Error: error_code = 30; This profile is private; id = 570130673
Error: error_code = 30; This profile is private; id = 112921935
Error: error_code = 15; Access denied: user deactivated; id = 571879435
Error: error_code = 15; Access denied: user deactivated; id = 436704578
Error: error_code = 30; This profile is private; id = 688679200
Error: error_code = 30; This profile is private; id = 516924354
Error: error_code = 30; This profile is private; id = 338450211
Error: error_code = 15; Access denied: user deactivated; id = 409299448
Error: error_code = 30; This profile is private; id = 65521793
Error: error_code = 30; This profile is private; id = 564278357
Error: error_code = 30; This profile is private; id = 57218533
Error: error_code = 30; This profile is private; id = 36701727
Error: error_code = 30; This profile is private; id = 688431543
Error: error_code = 30; This profile is private; id = 285931895
Error: error_code = 30; This profile is private; id = 706266974
Error: error_code = 15; Access denied: user deactivated; id = 56165799
Error: error_code = 15; Access denied: user deactivated; id = 427073174
Error: error_code = 30; This profile is private; id = 30857218
Error: error_code = 15; Access denied: user deactivated; id = 452448531
Error: error_code = 15; Access denied: user deactivated; id = 503967463
Error: error_code = 30; This profile is private; id = 136667486
Error: error_code = 30; This profile is private; id = 195392388
Error: error_code = 15; Access denied: user deactivated; id = 539888149
Error: error_code = 30; This profile is private; id = 292366049
Error: error_code = 30; This profile is private; id = 68444676
Error: error_code = 15; Access denied: user deactivated; id = 215476167
Error: error_code = 15; Access denied: user deactivated; id = 139793930
Error: error_code = 30; This profile is private; id = 575032249
Error: error_code = 30; This profile is private; id = 406703230
Error: error_code = 30; This profile is private; id = 260550251
Error: error_code = 30; This profile is private; id = 406860720
Error: error_code = 15; Access denied: user deactivated; id = 704949029
Error: error_code = 30; This profile is private; id = 549258956
Error: error_code = 30; This profile is private; id = 509031328
Error: error_code = 15; Access denied: user deactivated; id = 713835328
Error: error_code = 30; This profile is private; id = 674095573
Error: error_code = 15; Access denied: user deactivated; id = 360599793
Error: error_code = 30; This profile is private; id = 264928271
Error: error_code = 15; Access denied: user deactivated; id = 201620892
Error: error_code = 30; This profile is private; id = 559665100
Error: error_code = 30; This profile is private; id = 314658573
Error: error_code = 15; Access denied: user deactivated; id = 202805458
Error: error_code = 30; This profile is private; id = 495771375
Error: error_code = 30; This profile is private; id = 275407850
Error: error_code = 30; This profile is private; id = 662148215
Error: error_code = 15; Access denied: user deactivated; id = 362597506
Error: error_code = 30; This profile is private; id = 51746919
Error: error_code = 15; Access denied: user deactivated; id = 380807006
Error: error_code = 30; This profile is private; id = 573684940
Error: error_code = 30; This profile is private; id = 619569557
Error: error_code = 30; This profile is private; id = 24635242
Error: error_code = 15; Access denied: user deactivated; id = 198778712
Error: error_code = 15; Access denied: user deactivated; id = 218417303
Error: error_code = 30; This profile is private; id = 508158313
Error: error_code = 15; Access denied: user deactivated; id = 221169412
Error: error_code = 15; Access denied: user deactivated; id = 107447507
Error: error_code = 30; This profile is private; id = 712619083
Error: error_code = 30; This profile is private; id = 351486357
Error: error_code = 30; This profile is private; id = 673890238
Error: error_code = 30; This profile is private; id = 17850146
Error: error_code = 15; Access denied: user deactivated; id = 217023264
Error: error_code = 30; This profile is private; id = 729961
Error: error_code = 15; Access denied: user deactivated; id = 120189027
Error: error_code = 30; This profile is private; id = 517731949
Error: error_code = 30; This profile is private; id = 421630751
Error: error_code = 30; This profile is private; id = 167550347
Error: error_code = 15; Access denied: user deactivated; id = 239345889
Error: error_code = 15; Access denied: user deactivated; id = 481993037
Error: error_code = 30; This profile is private; id = 48382595
Error: error_code = 15; Access denied: user deactivated; id = 191154434
Error: error_code = 15; Access denied: user deactivated; id = 319103601
Error: error_code = 15; Access denied: user deactivated; id = 312795663
Error: error_code = 30; This profile is private; id = 54532269
Error: error_code = 15; Access denied: user deactivated; id = 631822581
Error: error_code = 30; This profile is private; id = 135469496
Error: error_code = 30; This profile is private; id = 8231467
Error: error_code = 30; This profile is private; id = 70742312
Error: error_code = 15; Access denied: user deactivated; id = 181560567
Error: error_code = 30; This profile is private; id = 282450856
Error: error_code = 30; This profile is private; id = 162925910
Error: error_code = 30; This profile is private; id = 347593252
Error: error_code = 30; This profile is private; id = 72442366
Error: error_code = 30; This profile is private; id = 283145687
Error: error_code = 30; This profile is private; id = 124473739
Error: error_code = 30; This profile is private; id = 685353974
Error: error_code = 15; Access denied: user deactivated; id = 310224657
Error: error_code = 30; This profile is private; id = 273249771
Error: error_code = 15; Access denied: user deactivated; id = 669319098
Error: error_code = 30; This profile is private; id = 462491449
Error: error_code = 30; This profile is private; id = 355267831
Error: error_code = 30; This profile is private; id = 26939754
Error: error_code = 15; Access denied: user deactivated; id = 59895377
Error: error_code = 30; This profile is private; id = 155299343
Error: error_code = 15; Access denied: user deactivated; id = 522622223
Error: error_code = 30; This profile is private; id = 8874843
Error: error_code = 30; This profile is private; id = 155808421
Error: error_code = 15; Access denied: user deactivated; id = 335323946
Error: error_code = 15; Access denied: user deactivated; id = 428147906
Error: error_code = 30; This profile is private; id = 44397699
Error: error_code = 30; This profile is private; id = 678138984
Error: error_code = 30; This profile is private; id = 482553151
Error: error_code = 30; This profile is private; id = 584442349
Error: error_code = 15; Access denied: user deactivated; id = 401839468
Error: error_code = 30; This profile is private; id = 61068172
Error: error_code = 15; Access denied: user deactivated; id = 388920350
Error: error_code = 30; This profile is private; id = 340578052
Error: error_code = 30; This profile is private; id = 29050075
Error: error_code = 30; This profile is private; id = 193177042
Error: error_code = 15; Access denied: user deactivated; id = 92801240
Error: error_code = 30; This profile is private; id = 550926036
Error: error_code = 30; This profile is private; id = 164198230
Error: error_code = 30; This profile is private; id = 31868232
Error: error_code = 15; Access denied: user deactivated; id = 470390003
Error: error_code = 30; This profile is private; id = 243465158
Error: error_code = 30; This profile is private; id = 560713275
Error: error_code = 30; This profile is private; id = 315686853
Error: error_code = 30; This profile is private; id = 370197243
Error: error_code = 30; This profile is private; id = 577719072
Error: error_code = 30; This profile is private; id = 229846211
Error: error_code = 30; This profile is private; id = 634725067
Error: error_code = 30; This profile is private; id = 324140859
Error: error_code = 30; This profile is private; id = 231742942
Error: error_code = 15; Access denied: user deactivated; id = 42060136
Error: error_code = 30; This profile is private; id = 92795640
Error: error_code = 30; This profile is private; id = 554353305
Error: error_code = 30; This profile is private; id = 561340416
Error: error_code = 15; Access denied: user deactivated; id = 594028560
Error: error_code = 30; This profile is private; id = 418431118
Error: error_code = 30; This profile is private; id = 475367482
Error: error_code = 15; Access denied: user deactivated; id = 621998036
Error: error_code = 30; This profile is private; id = 208420373
Error: error_code = 15; Access denied: user deactivated; id = 213742963
Error: error_code = 30; This profile is private; id = 624876412
Error: error_code = 15; Access denied: user deactivated; id = 220753873
Error: error_code = 15; Access denied: user deactivated; id = 240276786
Error: error_code = 15; Access denied: user deactivated; id = 98149673
Error: error_code = 30; This profile is private; id = 163909603
Error: error_code = 30; This profile is private; id = 307166914
Error: error_code = 30; This profile is private; id = 87285278
Error: error_code = 15; Access denied: user deactivated; id = 45656086
Error: error_code = 15; Access denied: user deactivated; id = 453991604
Error: error_code = 30; This profile is private; id = 62806226
Error: error_code = 30; This profile is private; id = 231400188
Error: error_code = 15; Access denied: user deactivated; id = 636474109
Error: error_code = 30; This profile is private; id = 57690370
Error: error_code = 30; This profile is private; id = 69830983
Error: error_code = 15; Access denied: user deactivated; id = 317926182
Error: error_code = 15; Access denied: user deactivated; id = 220148372
Error: error_code = 15; Access denied: user deactivated; id = 259086160
Error: error_code = 30; This profile is private; id = 296885887
Error: error_code = 30; This profile is private; id = 620550335
Error: error_code = 30; This profile is private; id = 446556613
Error: error_code = 30; This profile is private; id = 512885877
Error: error_code = 30; This profile is private; id = 342488558
Error: error_code = 30; This profile is private; id = 524685604
Error: error_code = 30; This profile is private; id = 318144115
Error: error_code = 30; This profile is private; id = 441961084
Error: error_code = 30; This profile is private; id = 135488001
Error: error_code = 30; This profile is private; id = 44958242
Error: error_code = 30; This profile is private; id = 519898898
Error: error_code = 30; This profile is private; id = 461464332
Error: error_code = 30; This profile is private; id = 203426772
Error: error_code = 30; This profile is private; id = 221486272
Error: error_code = 15; Access denied: user deactivated; id = 43440103
Error: error_code = 30; This profile is private; id = 85016370
Error: error_code = 15; Access denied: user deactivated; id = 220749595
Error: error_code = 30; This profile is private; id = 89520448
Error: error_code = 30; This profile is private; id = 159156914
Error: error_code = 15; Access denied: user deactivated; id = 467169645
Error: error_code = 30; This profile is private; id = 709013104
Error: error_code = 30; This profile is private; id = 335761343
Error: error_code = 15; Access denied: user deactivated; id = 542406737
Error: error_code = 30; This profile is private; id = 314655038
Error: error_code = 30; This profile is private; id = 69308406
Error: error_code = 15; Access denied: user deactivated; id = 661004980
Error: error_code = 15; Access denied: user deactivated; id = 435064648
Error: error_code = 30; This profile is private; id = 11371257
Error: error_code = 30; This profile is private; id = 109499282
Error: error_code = 15; Access denied: user deactivated; id = 400394406
Error: error_code = 15; Access denied: user deactivated; id = 425775395
Error: error_code = 30; This profile is private; id = 246546314
Error: error_code = 30; This profile is private; id = 601538536
Error: error_code = 15; Access denied: user deactivated; id = 702559316
Error: error_code = 30; This profile is private; id = 536051688
Error: error_code = 30; This profile is private; id = 501887203
Error: error_code = 30; This profile is private; id = 683694415
Error: error_code = 15; Access denied: user deactivated; id = 219340030
Error: error_code = 15; Access denied: user deactivated; id = 144864123
Error: error_code = 15; Access denied: user deactivated; id = 403981736
Error: error_code = 30; This profile is private; id = 571725249
Error: error_code = 15; Access denied: user deactivated; id = 503882575
Error: error_code = 15; Access denied: user deactivated; id = 220115460
Error: error_code = 30; This profile is private; id = 210100765
Error: error_code = 30; This profile is private; id = 693632596
Error: error_code = 30; This profile is private; id = 698503588
Error: error_code = 30; This profile is private; id = 591641681
Error: error_code = 15; Access denied: user deactivated; id = 431587234
Error: error_code = 30; This profile is private; id = 222795162
Error: error_code = 30; This profile is private; id = 25448606
Error: error_code = 30; This profile is private; id = 241423379
Error: error_code = 30; This profile is private; id = 309662345
Error: error_code = 15; Access denied: user deactivated; id = 615448114
Error: error_code = 30; This profile is private; id = 495286754
Error: error_code = 30; This profile is private; id = 258334796
Error: error_code = 30; This profile is private; id = 489385446
Error: error_code = 30; This profile is private; id = 164903034
Error: error_code = 30; This profile is private; id = 683324312
Error: error_code = 30; This profile is private; id = 170396707
Error: error_code = 30; This profile is private; id = 558189184
Error: error_code = 30; This profile is private; id = 23780723
Error: error_code = 30; This profile is private; id = 146075669
Error: error_code = 30; This profile is private; id = 448244685
Error: error_code = 30; This profile is private; id = 135315878
Error: error_code = 30; This profile is private; id = 78520325
Error: error_code = 30; This profile is private; id = 432979888
Error: error_code = 30; This profile is private; id = 236296970
Error: error_code = 30; This profile is private; id = 575241833
Error: error_code = 30; This profile is private; id = 636207410
Error: error_code = 30; This profile is private; id = 315353179
Error: error_code = 30; This profile is private; id = 7738651
Error: error_code = 30; This profile is private; id = 263939476
Error: error_code = 30; This profile is private; id = 4228486
Error: error_code = 15; Access denied: user deactivated; id = 185377082
Error: error_code = 30; This profile is private; id = 300365131
Error: error_code = 30; This profile is private; id = 194248980
Error: error_code = 30; This profile is private; id = 313066300
Error: error_code = 30; This profile is private; id = 366884069
Error: error_code = 30; This profile is private; id = 59251060
Error: error_code = 15; Access denied: user deactivated; id = 420425186
Error: error_code = 30; This profile is private; id = 360753801
Error: error_code = 15; Access denied: user deactivated; id = 113559728
Error: error_code = 30; This profile is private; id = 662886384
Error: error_code = 30; This profile is private; id = 38003087
Error: error_code = 15; Access denied: user deactivated; id = 220881829
Error: error_code = 15; Access denied: user deactivated; id = 432129705
Error: error_code = 30; This profile is private; id = 370867266
Error: error_code = 30; This profile is private; id = 124385794
Error: error_code = 30; This profile is private; id = 493896716
Error: error_code = 30; This profile is private; id = 490626279
Error: error_code = 15; Access denied: user deactivated; id = 363762760
Error: error_code = 15; Access denied: user deactivated; id = 146953887
Error: error_code = 30; This profile is private; id = 251987181
Error: error_code = 30; This profile is private; id = 528532937
Error: error_code = 15; Access denied: user deactivated; id = 433837490
Error: error_code = 30; This profile is private; id = 172055531
Error: error_code = 30; This profile is private; id = 157566151
Error: error_code = 15; Access denied: user deactivated; id = 145468471
Error: error_code = 30; This profile is private; id = 176390927
Error: error_code = 30; This profile is private; id = 687115539
Error: error_code = 30; This profile is private; id = 104171165
Error: error_code = 15; Access denied: user deactivated; id = 273837901
Error: error_code = 15; Access denied: user deactivated; id = 450590435
Error: error_code = 30; This profile is private; id = 9437234
Error: error_code = 30; This profile is private; id = 575046331
Error: error_code = 30; This profile is private; id = 608284750
Error: error_code = 15; Access denied: user deactivated; id = 714692745
Error: error_code = 30; This profile is private; id = 668653448
Error: error_code = 30; This profile is private; id = 548751457
Error: error_code = 30; This profile is private; id = 213045470
Error: error_code = 15; Access denied: user deactivated; id = 366682058
Error: error_code = 15; Access denied: user deactivated; id = 232139082
Error: error_code = 15; Access denied: user deactivated; id = 156799597
Error: error_code = 30; This profile is private; id = 515839514
Error: error_code = 30; This profile is private; id = 498607514
Error: error_code = 30; This profile is private; id = 417940830
Error: error_code = 30; This profile is private; id = 154842454
Error: error_code = 30; This profile is private; id = 544044765
Error: error_code = 15; Access denied: user deactivated; id = 164532703
Error: error_code = 30; This profile is private; id = 47773103
Error: error_code = 15; Access denied: user deactivated; id = 420065517
Error: error_code = 30; This profile is private; id = 340413596
Error: error_code = 30; This profile is private; id = 560524162
Error: error_code = 30; This profile is private; id = 609830696
Error: error_code = 15; Access denied: user deactivated; id = 148135765
Error: error_code = 30; This profile is private; id = 6635847
Error: error_code = 30; This profile is private; id = 244802310
Error: error_code = 15; Access denied: user deactivated; id = 350418362
Error: error_code = 15; Access denied: user deactivated; id = 571225112
Error: error_code = 15; Access denied: user deactivated; id = 649750849
Error: error_code = 30; This profile is private; id = 36407716
Error: error_code = 15; Access denied: user deactivated; id = 279447030
Error: error_code = 30; This profile is private; id = 31190273
Error: error_code = 30; This profile is private; id = 338747830
Error: error_code = 30; This profile is private; id = 47784518
Error: error_code = 30; This profile is private; id = 144776013
Error: error_code = 30; This profile is private; id = 2936197
Error: error_code = 30; This profile is private; id = 177964949
Error: error_code = 30; This profile is private; id = 554856285
Error: error_code = 30; This profile is private; id = 102324213
Error: error_code = 30; This profile is private; id = 276063344
Error: error_code = 15; Access denied: user deactivated; id = 234197958
Error: error_code = 30; This profile is private; id = 656118228
Error: error_code = 30; This profile is private; id = 19852263
Error: error_code = 30; This profile is private; id = 147572864
Error: error_code = 30; This profile is private; id = 21162902
Error: error_code = 30; This profile is private; id = 448111889
Error: error_code = 15; Access denied: user deactivated; id = 528452105
Error: error_code = 15; Access denied: user deactivated; id = 535565699
Error: error_code = 15; Access denied: user deactivated; id = 87401115
Error: error_code = 30; This profile is private; id = 577316712
Error: error_code = 30; This profile is private; id = 73556756
Error: error_code = 30; This profile is private; id = 269876857
Error: error_code = 15; Access denied: user deactivated; id = 325129585
Error: error_code = 30; This profile is private; id = 133027142
Error: error_code = 15; Access denied: user deactivated; id = 240370021
Error: error_code = 30; This profile is private; id = 151681518
Error: error_code = 15; Access denied: user deactivated; id = 208330796
Error: error_code = 30; This profile is private; id = 249102771
Error: error_code = 30; This profile is private; id = 542620398
Error: error_code = 30; This profile is private; id = 176807765
Error: error_code = 30; This profile is private; id = 81110647
Error: error_code = 30; This profile is private; id = 24972781
Error: error_code = 30; This profile is private; id = 576990225
Error: error_code = 30; This profile is private; id = 9387952
Error: error_code = 15; Access denied: user deactivated; id = 210930148
Error: error_code = 15; Access denied: user deactivated; id = 528214871
Error: error_code = 30; This profile is private; id = 179436730
Error: error_code = 30; This profile is private; id = 2709820
Error: error_code = 30; This profile is private; id = 276069277
Error: error_code = 30; This profile is private; id = 617273815
Error: error_code = 30; This profile is private; id = 3480322
Error: error_code = 30; This profile is private; id = 336548013
Error: error_code = 30; This profile is private; id = 34702906
Error: error_code = 30; This profile is private; id = 542318027
Error: error_code = 30; This profile is private; id = 550508129
Error: error_code = 15; Access denied: user deactivated; id = 586035442
Error: error_code = 15; Access denied: user deactivated; id = 399574453
Error: error_code = 30; This profile is private; id = 306160876
Error: error_code = 30; This profile is private; id = 666690142
Error: error_code = 15; Access denied: user deactivated; id = 474252690
Error: error_code = 30; This profile is private; id = 589765763
Error: error_code = 30; This profile is private; id = 158144175
Error: error_code = 30; This profile is private; id = 28643637
Error: error_code = 15; Access denied: user deactivated; id = 248704193
Error: error_code = 15; Access denied: user deactivated; id = 388753697
Error: error_code = 15; Access denied: user deactivated; id = 524672308
Error: error_code = 30; This profile is private; id = 187898954
Error: error_code = 30; This profile is private; id = 389086144
Error: error_code = 30; This profile is private; id = 206921996
Error: error_code = 30; This profile is private; id = 166540078
Error: error_code = 30; This profile is private; id = 521649020
Error: error_code = 15; Access denied: user deactivated; id = 212179888
Error: error_code = 30; This profile is private; id = 530734270
Error: error_code = 30; This profile is private; id = 322067222
Error: error_code = 30; This profile is private; id = 614407484
Error: error_code = 15; Access denied: user deactivated; id = 28362276
Error: error_code = 30; This profile is private; id = 189252581
Error: error_code = 15; Access denied: user deactivated; id = 572637456
Error: error_code = 30; This profile is private; id = 52302140
Error: error_code = 30; This profile is private; id = 251542806
Error: error_code = 30; This profile is private; id = 24831911
Error: error_code = 30; This profile is private; id = 184464362
Error: error_code = 30; This profile is private; id = 376790921
Error: error_code = 15; Access denied: user deactivated; id = 278299012
Error: error_code = 15; Access denied: user deactivated; id = 174176982
Error: error_code = 30; This profile is private; id = 70143870
Error: error_code = 15; Access denied: user deactivated; id = 229502193
Error: error_code = 15; Access denied: user deactivated; id = 238611201
Error: error_code = 15; Access denied: user deactivated; id = 701990414
Error: error_code = 30; This profile is private; id = 358682123
Error: error_code = 30; This profile is private; id = 324302568
Error: error_code = 30; This profile is private; id = 77893112
Error: error_code = 30; This profile is private; id = 461978383
Error: error_code = 30; This profile is private; id = 468113000
Error: error_code = 15; Access denied: user deactivated; id = 654593877
Error: error_code = 30; This profile is private; id = 449696834
Error: error_code = 30; This profile is private; id = 27582300
Error: error_code = 30; This profile is private; id = 31348615
Error: error_code = 30; This profile is private; id = 564712756
Error: error_code = 30; This profile is private; id = 9950989
Error: error_code = 30; This profile is private; id = 226659395
Error: error_code = 30; This profile is private; id = 3914349
Error: error_code = 30; This profile is private; id = 488859
Error: error_code = 30; This profile is private; id = 57315725
Error: error_code = 15; Access denied: user deactivated; id = 260361143
Error: error_code = 30; This profile is private; id = 545855939
Error: error_code = 30; This profile is private; id = 291287773
Error: error_code = 30; This profile is private; id = 323931442
Error: error_code = 30; This profile is private; id = 249530207
Error: error_code = 30; This profile is private; id = 232953195
Error: error_code = 30; This profile is private; id = 216212152
Error: error_code = 30; This profile is private; id = 293062357
Error: error_code = 30; This profile is private; id = 685557722
Error: error_code = 30; This profile is private; id = 288951089
Error: error_code = 30; This profile is private; id = 263552539
Error: error_code = 30; This profile is private; id = 505435575
Error: error_code = 30; This profile is private; id = 555621355
Error: error_code = 15; Access denied: user deactivated; id = 189688594
Error: error_code = 30; This profile is private; id = 135222534
Error: error_code = 15; Access denied: user deactivated; id = 215939819
Error: error_code = 15; Access denied: user deactivated; id = 374455984
Error: error_code = 15; Access denied: user deactivated; id = 251895181
Error: error_code = 30; This profile is private; id = 533451412
Error: error_code = 15; Access denied: user deactivated; id = 494774228
Error: error_code = 30; This profile is private; id = 468862959
Error: error_code = 30; This profile is private; id = 464229406
Error: error_code = 30; This profile is private; id = 519329424
Error: error_code = 15; Access denied: user deactivated; id = 202826428
Error: error_code = 30; This profile is private; id = 415652308
Error: error_code = 30; This profile is private; id = 332774367
Error: error_code = 30; This profile is private; id = 529936943
Error: error_code = 30; This profile is private; id = 576142635
Error: error_code = 30; This profile is private; id = 330971657
Error: error_code = 15; Access denied: user deactivated; id = 439732111
Error: error_code = 30; This profile is private; id = 144683240
Error: error_code = 15; Access denied: user deactivated; id = 306479707
Error: error_code = 30; This profile is private; id = 90294637
Error: error_code = 30; This profile is private; id = 19690054
Error: error_code = 30; This profile is private; id = 134240840
Error: error_code = 15; Access denied: user deactivated; id = 350682964
Error: error_code = 30; This profile is private; id = 135837065
Error: error_code = 30; This profile is private; id = 550934427
Error: error_code = 30; This profile is private; id = 684380020
Error: error_code = 30; This profile is private; id = 165808146
Error: error_code = 30; This profile is private; id = 514294484
Error: error_code = 15; Access denied: user deactivated; id = 207167016
Error: error_code = 15; Access denied: user deactivated; id = 710120860
Error: error_code = 30; This profile is private; id = 296500175
Error: error_code = 30; This profile is private; id = 680188130
Error: error_code = 15; Access denied: user deactivated; id = 231558206
Error: error_code = 15; Access denied: user deactivated; id = 186097824
Error: error_code = 30; This profile is private; id = 606783075
Error: error_code = 15; Access denied: user deactivated; id = 350989935
Error: error_code = 30; This profile is private; id = 66961279
Error: error_code = 30; This profile is private; id = 38906104
Error: error_code = 30; This profile is private; id = 20095706
Error: error_code = 30; This profile is private; id = 276783874
Error: error_code = 15; Access denied: user deactivated; id = 715103158
Error: error_code = 30; This profile is private; id = 506481399
Error: error_code = 30; This profile is private; id = 588348198
Error: error_code = 30; This profile is private; id = 325232772
Error: error_code = 15; Access denied: user deactivated; id = 229843053
Error: error_code = 15; Access denied: user deactivated; id = 59421260
Error: error_code = 30; This profile is private; id = 368659361
Error: error_code = 30; This profile is private; id = 98553279
Error: error_code = 30; This profile is private; id = 30693096
Error: error_code = 30; This profile is private; id = 648028716
Error: error_code = 30; This profile is private; id = 82445247
Error: error_code = 30; This profile is private; id = 385745050
Error: error_code = 30; This profile is private; id = 702170449
Error: error_code = 30; This profile is private; id = 660638341
Error: error_code = 30; This profile is private; id = 89346291
Error: error_code = 30; This profile is private; id = 564224266
Error: error_code = 30; This profile is private; id = 634188089
Error: error_code = 30; This profile is private; id = 421568004
Error: error_code = 30; This profile is private; id = 694067353
Error: error_code = 30; This profile is private; id = 250399344
Error: error_code = 30; This profile is private; id = 557326826
Error: error_code = 15; Access denied: user deactivated; id = 364504920
Error: error_code = 30; This profile is private; id = 544079976
Error: error_code = 30; This profile is private; id = 401305763
Error: error_code = 30; This profile is private; id = 93615938
Error: error_code = 15; Access denied: user deactivated; id = 160422351
Error: error_code = 30; This profile is private; id = 645896237
Error: error_code = 30; This profile is private; id = 302429699
Error: error_code = 30; This profile is private; id = 225645507
Error: error_code = 30; This profile is private; id = 377943461
Error: error_code = 30; This profile is private; id = 37618511
Error: error_code = 15; Access denied: user deactivated; id = 61135905
Error: error_code = 30; This profile is private; id = 703223260
Error: error_code = 30; This profile is private; id = 109026868
Error: error_code = 30; This profile is private; id = 554987900
Error: error_code = 30; This profile is private; id = 37227990
Error: error_code = 30; This profile is private; id = 336716734
Error: error_code = 30; This profile is private; id = 138140105
Error: error_code = 30; This profile is private; id = 236296500
Error: error_code = 30; This profile is private; id = 412047174
Error: error_code = 30; This profile is private; id = 47449409
Error: error_code = 30; This profile is private; id = 169252750
Error: error_code = 30; This profile is private; id = 257610222
Error: error_code = 15; Access denied: user deactivated; id = 89042743
Error: error_code = 30; This profile is private; id = 46286150
Error: error_code = 30; This profile is private; id = 430266885
Error: error_code = 30; This profile is private; id = 561407370
Error: error_code = 30; This profile is private; id = 27311621
Error: error_code = 15; Access denied: user deactivated; id = 353086961
Error: error_code = 30; This profile is private; id = 511718750
Error: error_code = 15; Access denied: user deactivated; id = 539620531
Error: error_code = 15; Access denied: user deactivated; id = 228621800
Error: error_code = 15; Access denied: user deactivated; id = 507219890
Error: error_code = 30; This profile is private; id = 173635989
Error: error_code = 30; This profile is private; id = 219432821
Error: error_code = 30; This profile is private; id = 397497585
Error: error_code = 15; Access denied: user deactivated; id = 493320046
Error: error_code = 30; This profile is private; id = 194716913
Error: error_code = 30; This profile is private; id = 26887876
Error: error_code = 30; This profile is private; id = 523557260
Error: error_code = 15; Access denied: user deactivated; id = 65831645
Error: error_code = 30; This profile is private; id = 312246166
Error: error_code = 15; Access denied: user deactivated; id = 57858718
Error: error_code = 15; Access denied: user deactivated; id = 258582338
Error: error_code = 30; This profile is private; id = 210058898
Error: error_code = 15; Access denied: user deactivated; id = 311987150
Error: error_code = 30; This profile is private; id = 320464186
Error: error_code = 15; Access denied: user deactivated; id = 210941920
Error: error_code = 30; This profile is private; id = 470310758
Error: error_code = 30; This profile is private; id = 167778151
Error: error_code = 15; Access denied: user deactivated; id = 524655977
Error: error_code = 30; This profile is private; id = 687984326
Error: error_code = 30; This profile is private; id = 620634768
Error: error_code = 30; This profile is private; id = 231430802
Error: error_code = 15; Access denied: user deactivated; id = 349085498
Error: error_code = 15; Access denied: user deactivated; id = 29797279
Error: error_code = 30; This profile is private; id = 9161627
Error: error_code = 30; This profile is private; id = 348031614
Error: error_code = 30; This profile is private; id = 643233758
Error: error_code = 15; Access denied: user deactivated; id = 631916790
Error: error_code = 15; Access denied: user deactivated; id = 163225472
Error: error_code = 15; Access denied: user deactivated; id = 431445782
Error: error_code = 15; Access denied: user deactivated; id = 137199842
Error: error_code = 30; This profile is private; id = 417948321
Error: error_code = 15; Access denied: user deactivated; id = 128168078
Error: error_code = 15; Access denied: user deactivated; id = 309318530
Error: error_code = 30; This profile is private; id = 472493880
Error: error_code = 30; This profile is private; id = 689305228
Error: error_code = 30; This profile is private; id = 350696000
Error: error_code = 30; This profile is private; id = 299511985
Error: error_code = 30; This profile is private; id = 264807308
Error: error_code = 30; This profile is private; id = 510657837
Error: error_code = 30; This profile is private; id = 122721333
Error: error_code = 30; This profile is private; id = 201730174
Error: error_code = 30; This profile is private; id = 621660144
Error: error_code = 15; Access denied: user deactivated; id = 434297659
Error: error_code = 15; Access denied: user deactivated; id = 471425868
Error: error_code = 30; This profile is private; id = 489240318
Error: error_code = 30; This profile is private; id = 685881743
Error: error_code = 30; This profile is private; id = 499755748
Error: error_code = 30; This profile is private; id = 46346265
Error: error_code = 30; This profile is private; id = 380430517
Error: error_code = 30; This profile is private; id = 411558741
Error: error_code = 30; This profile is private; id = 308874571
Error: error_code = 15; Access denied: user deactivated; id = 545334902
Error: error_code = 30; This profile is private; id = 565481447
Error: error_code = 30; This profile is private; id = 586628093
Error: error_code = 15; Access denied: user deactivated; id = 662082915
Error: error_code = 30; This profile is private; id = 698597461
Error: error_code = 30; This profile is private; id = 712193068
Error: error_code = 30; This profile is private; id = 255172365
Error: error_code = 15; Access denied: user deactivated; id = 416590617
Error: error_code = 15; Access denied: user deactivated; id = 460184581
Error: error_code = 15; Access denied: user deactivated; id = 676583222
Error: error_code = 15; Access denied: user deactivated; id = 530625686
Error: error_code = 15; Access denied: user deactivated; id = 161698176
Error: error_code = 30; This profile is private; id = 112608850
Error: error_code = 30; This profile is private; id = 375050587
Error: error_code = 15; Access denied: user deactivated; id = 251460029
Error: error_code = 15; Access denied: user deactivated; id = 265197852
Error: error_code = 15; Access denied: user deactivated; id = 191596356
Error: error_code = 30; This profile is private; id = 3494850
Error: error_code = 30; This profile is private; id = 270633199
Error: error_code = 15; Access denied: user deactivated; id = 420341497
Error: error_code = 30; This profile is private; id = 506523345
Error: error_code = 15; Access denied: user deactivated; id = 242672639
Error: error_code = 30; This profile is private; id = 486318823
Error: error_code = 30; This profile is private; id = 18141630
Error: error_code = 15; Access denied: user deactivated; id = 358269597
Error: error_code = 30; This profile is private; id = 196252315
Error: error_code = 30; This profile is private; id = 5193725
Error: error_code = 30; This profile is private; id = 283580868
Error: error_code = 15; Access denied: user deactivated; id = 219703217
Error: error_code = 15; Access denied: user deactivated; id = 537236244
Error: error_code = 15; Access denied: user deactivated; id = 218783274
Error: error_code = 30; This profile is private; id = 565139393
Error: error_code = 30; This profile is private; id = 854061
Error: error_code = 30; This profile is private; id = 655858579
Error: error_code = 15; Access denied: user deactivated; id = 430336601
Error: error_code = 30; This profile is private; id = 424070761
Error: error_code = 30; This profile is private; id = 666598284
Error: error_code = 30; This profile is private; id = 521350646
Error: error_code = 30; This profile is private; id = 210940582
Error: error_code = 30; This profile is private; id = 196586451
Error: error_code = 15; Access denied: user deactivated; id = 204474781
Error: error_code = 15; Access denied: user deactivated; id = 231753829
Error: error_code = 15; Access denied: user deactivated; id = 590364194
Error: error_code = 30; This profile is private; id = 475799277
Error: error_code = 15; Access denied: user deactivated; id = 300046315
Error: error_code = 30; This profile is private; id = 137600613
Error: error_code = 15; Access denied: user deactivated; id = 421584670
Error: error_code = 30; This profile is private; id = 507779257
Error: error_code = 30; This profile is private; id = 90831483
Error: error_code = 30; This profile is private; id = 474692136
Error: error_code = 30; This profile is private; id = 707449680
Error: error_code = 30; This profile is private; id = 453063509
Error: error_code = 15; Access denied: user deactivated; id = 153173576
Error: error_code = 15; Access denied: user deactivated; id = 681159214
Error: error_code = 15; Access denied: user deactivated; id = 415005288
Error: error_code = 30; This profile is private; id = 237913883
Error: error_code = 30; This profile is private; id = 20607280
Error: error_code = 30; This profile is private; id = 680576118
Error: error_code = 15; Access denied: user deactivated; id = 491511201
Error: error_code = 30; This profile is private; id = 624619406
Error: error_code = 30; This profile is private; id = 703445389
Error: error_code = 30; This profile is private; id = 299805330
Error: error_code = 15; Access denied: user deactivated; id = 487072634
Error: error_code = 30; This profile is private; id = 33550049
Error: error_code = 15; Access denied: user deactivated; id = 546795545
Error: error_code = 30; This profile is private; id = 536114487
Error: error_code = 30; This profile is private; id = 528776539
Error: error_code = 30; This profile is private; id = 349496274
Error: error_code = 30; This profile is private; id = 393101
Error: error_code = 30; This profile is private; id = 583957233
Error: error_code = 30; This profile is private; id = 11798976
Error: error_code = 30; This profile is private; id = 2400229
Error: error_code = 30; This profile is private; id = 167332489
Error: error_code = 30; This profile is private; id = 17939415
Error: error_code = 15; Access denied: user deactivated; id = 138352991
Error: error_code = 30; This profile is private; id = 320973948
Error: error_code = 15; Access denied: user deactivated; id = 195383939
Error: error_code = 15; Access denied: user deactivated; id = 148762992
Error: error_code = 30; This profile is private; id = 183259072
Error: error_code = 30; This profile is private; id = 213612649
Error: error_code = 30; This profile is private; id = 471610404
Error: error_code = 30; This profile is private; id = 264442057
Error: error_code = 30; This profile is private; id = 46242821
Error: error_code = 30; This profile is private; id = 223497772
Error: error_code = 30; This profile is private; id = 642576199
Error: error_code = 30; This profile is private; id = 90089732
Error: error_code = 30; This profile is private; id = 239198383
Error: error_code = 15; Access denied: user deactivated; id = 508641556
Error: error_code = 30; This profile is private; id = 572886839
Error: error_code = 15; Access denied: user deactivated; id = 184666395
Error: error_code = 30; This profile is private; id = 320081603
Error: error_code = 30; This profile is private; id = 599969715
Error: error_code = 15; Access denied: user deactivated; id = 442096327
Error: error_code = 30; This profile is private; id = 559902723
Error: error_code = 30; This profile is private; id = 688743660
Error: error_code = 30; This profile is private; id = 41530550
Error: error_code = 30; This profile is private; id = 4703022
Error: error_code = 30; This profile is private; id = 167504809
Error: error_code = 15; Access denied: user deactivated; id = 533652700
Error: error_code = 30; This profile is private; id = 123728534
Error: error_code = 15; Access denied: user deactivated; id = 152745430
Error: error_code = 30; This profile is private; id = 36296528
Error: error_code = 30; This profile is private; id = 9243000
Error: error_code = 30; This profile is private; id = 684445862
Error: error_code = 15; Access denied: user deactivated; id = 160982775
Error: error_code = 30; This profile is private; id = 293125634
Error: error_code = 30; This profile is private; id = 247660403
Error: error_code = 30; This profile is private; id = 294695426
Error: error_code = 30; This profile is private; id = 35423192
Error: error_code = 15; Access denied: user deactivated; id = 117717132
Error: error_code = 30; This profile is private; id = 15741890
Error: error_code = 30; This profile is private; id = 181873494
Error: error_code = 15; Access denied: user deactivated; id = 256481908
Error: error_code = 30; This profile is private; id = 213811223
Error: error_code = 30; This profile is private; id = 139821204
Error: error_code = 15; Access denied: user deactivated; id = 388903444
Error: error_code = 15; Access denied: user deactivated; id = 269013552
Error: error_code = 15; Access denied: user deactivated; id = 537172407
Error: error_code = 30; This profile is private; id = 445476148
Error: error_code = 15; Access denied: user deactivated; id = 435386292
Error: error_code = 30; This profile is private; id = 444265717
Error: error_code = 30; This profile is private; id = 181479146
Error: error_code = 30; This profile is private; id = 264309837
Error: error_code = 30; This profile is private; id = 453955945
Error: error_code = 30; This profile is private; id = 154336399
Error: error_code = 30; This profile is private; id = 276658526
Error: error_code = 30; This profile is private; id = 455610455
Error: error_code = 30; This profile is private; id = 32245702
Error: error_code = 30; This profile is private; id = 22851252
Error: error_code = 30; This profile is private; id = 698470273
Error: error_code = 30; This profile is private; id = 1403514
Error: error_code = 15; Access denied: user deactivated; id = 133093232
Error: error_code = 30; This profile is private; id = 12679767
Error: error_code = 30; This profile is private; id = 260689313
Error: error_code = 30; This profile is private; id = 258998483
Error: error_code = 30; This profile is private; id = 22442016
Error: error_code = 30; This profile is private; id = 682790732
Error: error_code = 30; This profile is private; id = 137088563
Error: error_code = 30; This profile is private; id = 426151605
Error: error_code = 30; This profile is private; id = 158545971
Error: error_code = 15; Access denied: user deactivated; id = 270994727
Error: error_code = 30; This profile is private; id = 88756556
Error: error_code = 30; This profile is private; id = 15403492
Error: error_code = 30; This profile is private; id = 612521059
Error: error_code = 15; Access denied: user deactivated; id = 218242649
Error: error_code = 30; This profile is private; id = 613378600
Error: error_code = 15; Access denied: user deactivated; id = 260122608
Error: error_code = 30; This profile is private; id = 191976726
Error: error_code = 30; This profile is private; id = 145153725
Error: error_code = 15; Access denied: user deactivated; id = 87729596
Error: error_code = 30; This profile is private; id = 494323878
Error: error_code = 30; This profile is private; id = 201071946
Error: error_code = 30; This profile is private; id = 484367118
Error: error_code = 30; This profile is private; id = 553447195
Error: error_code = 30; This profile is private; id = 370613658
Error: error_code = 30; This profile is private; id = 130451756
Error: error_code = 30; This profile is private; id = 693215460
Error: error_code = 30; This profile is private; id = 616708180
Error: error_code = 15; Access denied: user deactivated; id = 27791986
Error: error_code = 15; Access denied: user deactivated; id = 359513485
Error: error_code = 30; This profile is private; id = 317116592
Error: error_code = 15; Access denied: user deactivated; id = 707633710
Error: error_code = 30; This profile is private; id = 189943119
Error: error_code = 30; This profile is private; id = 580939292
Error: error_code = 15; Access denied: user deactivated; id = 53555473
Error: error_code = 30; This profile is private; id = 462721483
Error: error_code = 30; This profile is private; id = 212387662
Error: error_code = 15; Access denied: user deactivated; id = 180459481
Error: error_code = 15; Access denied: user deactivated; id = 28527337
Error: error_code = 15; Access denied: user deactivated; id = 347513293
Error: error_code = 30; This profile is private; id = 428046064
Error: error_code = 15; Access denied: user deactivated; id = 347752494
Error: error_code = 30; This profile is private; id = 228229637
Error: error_code = 30; This profile is private; id = 373942829
Error: error_code = 30; This profile is private; id = 368946836
Error: error_code = 30; This profile is private; id = 25760047
Error: error_code = 15; Access denied: user deactivated; id = 460720929
Error: error_code = 30; This profile is private; id = 337352670
Error: error_code = 30; This profile is private; id = 748420
Error: error_code = 30; This profile is private; id = 170782944
Error: error_code = 15; Access denied: user deactivated; id = 549280155
Error: error_code = 30; This profile is private; id = 150196782
Error: error_code = 30; This profile is private; id = 57120053
Error: error_code = 30; This profile is private; id = 122237552
Error: error_code = 15; Access denied: user deactivated; id = 355802466
Error: error_code = 15; Access denied: user deactivated; id = 216275691
Error: error_code = 30; This profile is private; id = 489801287
Error: error_code = 15; Access denied: user deactivated; id = 625368058
Error: error_code = 30; This profile is private; id = 326950508
Error: error_code = 30; This profile is private; id = 675365375
Error: error_code = 30; This profile is private; id = 277324377
Error: error_code = 30; This profile is private; id = 53382754
Error: error_code = 30; This profile is private; id = 627621761
Error: error_code = 15; Access denied: user deactivated; id = 164121156
Error: error_code = 15; Access denied: user deactivated; id = 299879173
Error: error_code = 30; This profile is private; id = 133925637
Error: error_code = 30; This profile is private; id = 212557968
Error: error_code = 30; This profile is private; id = 299192182
Error: error_code = 30; This profile is private; id = 574698519
Error: error_code = 30; This profile is private; id = 668763357
Error: error_code = 15; Access denied: user deactivated; id = 157165784
Error: error_code = 30; This profile is private; id = 466902016
Error: error_code = 30; This profile is private; id = 715229029
Error: error_code = 30; This profile is private; id = 604600889
Error: error_code = 30; This profile is private; id = 8333401
Error: error_code = 15; Access denied: user deactivated; id = 421769137
Error: error_code = 30; This profile is private; id = 102557757
Error: error_code = 30; This profile is private; id = 172902350
Error: error_code = 30; This profile is private; id = 289817911
Error: error_code = 30; This profile is private; id = 138049269
Error: error_code = 30; This profile is private; id = 705614379
Error: error_code = 30; This profile is private; id = 56308936
Error: error_code = 15; Access denied: user deactivated; id = 715106911
Error: error_code = 30; This profile is private; id = 707241137
Error: error_code = 15; Access denied: user deactivated; id = 334868733
Error: error_code = 30; This profile is private; id = 518455239
Error: error_code = 15; Access denied: user deactivated; id = 227050848
Error: error_code = 30; This profile is private; id = 366734673
Error: error_code = 30; This profile is private; id = 283390656
Error: error_code = 15; Access denied: user deactivated; id = 602495102
Error: error_code = 30; This profile is private; id = 359929
Error: error_code = 15; Access denied: user deactivated; id = 248062616
Error: error_code = 15; Access denied: user deactivated; id = 185063117
Error: error_code = 15; Access denied: user deactivated; id = 278682095
Error: error_code = 30; This profile is private; id = 320613809
Error: error_code = 30; This profile is private; id = 579401875
Error: error_code = 15; Access denied: user deactivated; id = 215032015
Error: error_code = 30; This profile is private; id = 630449263
Error: error_code = 15; Access denied: user deactivated; id = 188909805
Error: error_code = 30; This profile is private; id = 11339511
Error: error_code = 30; This profile is private; id = 52346062
Error: error_code = 30; This profile is private; id = 282107549
Error: error_code = 30; This profile is private; id = 565687382
Error: error_code = 30; This profile is private; id = 36828492
Error: error_code = 30; This profile is private; id = 697721183
Error: error_code = 15; Access denied: user deactivated; id = 99213998
Error: error_code = 30; This profile is private; id = 533279526
Error: error_code = 15; Access denied: user deactivated; id = 218533461
Error: error_code = 30; This profile is private; id = 655701475
Error: error_code = 30; This profile is private; id = 280213628
Error: error_code = 30; This profile is private; id = 12525660
Error: error_code = 30; This profile is private; id = 328124928
Error: error_code = 15; Access denied: user deactivated; id = 378463845
Error: error_code = 30; This profile is private; id = 137050831
Error: error_code = 30; This profile is private; id = 596845298
Error: error_code = 30; This profile is private; id = 151200086
Error: error_code = 30; This profile is private; id = 529290172
Error: error_code = 30; This profile is private; id = 124133862
Error: error_code = 30; This profile is private; id = 3401730
Error: error_code = 30; This profile is private; id = 215555691
Error: error_code = 30; This profile is private; id = 527055220
Error: error_code = 30; This profile is private; id = 66287893
Error: error_code = 30; This profile is private; id = 547747923
Error: error_code = 30; This profile is private; id = 666491939
Error: error_code = 30; This profile is private; id = 296835926
Error: error_code = 15; Access denied: user deactivated; id = 443310202
Error: error_code = 30; This profile is private; id = 4080473
Error: error_code = 30; This profile is private; id = 560513901
Error: error_code = 15; Access denied: user deactivated; id = 517409964
Error: error_code = 30; This profile is private; id = 97837112
Error: error_code = 30; This profile is private; id = 413905544
Error: error_code = 15; Access denied: user deactivated; id = 421548201
Error: error_code = 15; Access denied: user deactivated; id = 171072682
Error: error_code = 30; This profile is private; id = 136457172
Error: error_code = 15; Access denied: user deactivated; id = 177221150
Error: error_code = 30; This profile is private; id = 659102512
Error: error_code = 30; This profile is private; id = 471236876
Error: error_code = 30; This profile is private; id = 152649946
Error: error_code = 30; This profile is private; id = 604645647
Error: error_code = 15; Access denied: user deactivated; id = 218641563
Error: error_code = 15; Access denied: user deactivated; id = 359157216
Error: error_code = 15; Access denied: user deactivated; id = 457889337
Error: error_code = 30; This profile is private; id = 194104863
Error: error_code = 15; Access denied: user deactivated; id = 209840226
Error: error_code = 30; This profile is private; id = 51010627
Error: error_code = 30; This profile is private; id = 396376790
Error: error_code = 30; This profile is private; id = 248957254
Error: error_code = 30; This profile is private; id = 478206328
Error: error_code = 15; Access denied: user deactivated; id = 166799859
Error: error_code = 30; This profile is private; id = 258511583
Error: error_code = 15; Access denied: user deactivated; id = 416008596
Error: error_code = 30; This profile is private; id = 586327896
Error: error_code = 30; This profile is private; id = 270759305
Error: error_code = 30; This profile is private; id = 57496934
Error: error_code = 30; This profile is private; id = 246365659
Error: error_code = 30; This profile is private; id = 716382
Error: error_code = 15; Access denied: user deactivated; id = 696566319
Error: error_code = 15; Access denied: user deactivated; id = 392312892
Error: error_code = 30; This profile is private; id = 93526201
Error: error_code = 30; This profile is private; id = 688913230
Error: error_code = 15; Access denied: user deactivated; id = 362568507
Error: error_code = 30; This profile is private; id = 211470582
Error: error_code = 30; This profile is private; id = 609833108
Error: error_code = 30; This profile is private; id = 176843915
Error: error_code = 30; This profile is private; id = 577736097
Error: error_code = 15; Access denied: user deactivated; id = 78719826
Error: error_code = 30; This profile is private; id = 622706883
Error: error_code = 30; This profile is private; id = 523812562
Error: error_code = 30; This profile is private; id = 91872658
Error: error_code = 15; Access denied: user deactivated; id = 173125476
Error: error_code = 30; This profile is private; id = 209271705
Error: error_code = 15; Access denied: user deactivated; id = 170273225
Error: error_code = 30; This profile is private; id = 139334507
Error: error_code = 30; This profile is private; id = 563277443
Error: error_code = 30; This profile is private; id = 267334232
Error: error_code = 30; This profile is private; id = 619055202
Error: error_code = 15; Access denied: user deactivated; id = 24778904
Error: error_code = 30; This profile is private; id = 192138126
Error: error_code = 30; This profile is private; id = 284083068
Error: error_code = 15; Access denied: user deactivated; id = 196455863
Error: error_code = 30; This profile is private; id = 228519778
Error: error_code = 30; This profile is private; id = 711108080
Error: error_code = 30; This profile is private; id = 286907692
Error: error_code = 30; This profile is private; id = 351340920
Error: error_code = 15; Access denied: user deactivated; id = 583037224
Error: error_code = 30; This profile is private; id = 111683536
Error: error_code = 15; Access denied: user deactivated; id = 451179842
Error: error_code = 30; This profile is private; id = 561778514
Error: error_code = 30; This profile is private; id = 263845714
Error: error_code = 30; This profile is private; id = 311571429
Error: error_code = 30; This profile is private; id = 544551304
Error: error_code = 30; This profile is private; id = 6902055
Error: error_code = 30; This profile is private; id = 510977479
Error: error_code = 30; This profile is private; id = 529967752
Error: error_code = 30; This profile is private; id = 574119108
Error: error_code = 30; This profile is private; id = 183342773
Error: error_code = 15; Access denied: user deactivated; id = 211158230
Error: error_code = 15; Access denied: user deactivated; id = 261101736
Error: error_code = 15; Access denied: user deactivated; id = 470502026
Error: error_code = 30; This profile is private; id = 614980216
Error: error_code = 30; This profile is private; id = 112380296
Error: error_code = 30; This profile is private; id = 240283767
Error: error_code = 30; This profile is private; id = 71547091
Error: error_code = 30; This profile is private; id = 380619981
Error: error_code = 15; Access denied: user deactivated; id = 221993000
Error: error_code = 30; This profile is private; id = 15678827
Error: error_code = 15; Access denied: user deactivated; id = 183492257
Error: error_code = 15; Access denied: user deactivated; id = 12365948
Error: error_code = 15; Access denied: user deactivated; id = 93533833
Error: error_code = 30; This profile is private; id = 1430987
Error: error_code = 15; Access denied: user deactivated; id = 382263893
Error: error_code = 30; This profile is private; id = 346289355
Error: error_code = 30; This profile is private; id = 110961686
Error: error_code = 15; Access denied: user deactivated; id = 364921488
Error: error_code = 15; Access denied: user deactivated; id = 159717488
Error: error_code = 30; This profile is private; id = 602105819
Error: error_code = 30; This profile is private; id = 655937484
Error: error_code = 30; This profile is private; id = 6065479
Error: error_code = 30; This profile is private; id = 519949389
Error: error_code = 30; This profile is private; id = 532045306
Error: error_code = 30; This profile is private; id = 77972701
Error: error_code = 30; This profile is private; id = 146150460
Error: error_code = 30; This profile is private; id = 254145131
Error: error_code = 30; This profile is private; id = 341851671
Error: error_code = 30; This profile is private; id = 214149850
Error: error_code = 15; Access denied: user deactivated; id = 710036163
Error: error_code = 30; This profile is private; id = 539815374
Error: error_code = 30; This profile is private; id = 275269242
Error: error_code = 30; This profile is private; id = 44608462
Error: error_code = 30; This profile is private; id = 58864207
Error: error_code = 15; Access denied: user deactivated; id = 612629552
Error: error_code = 30; This profile is private; id = 678099126
Error: error_code = 15; Access denied: user deactivated; id = 392835085
Error: error_code = 30; This profile is private; id = 643889289
Error: error_code = 15; Access denied: user deactivated; id = 362345974
Error: error_code = 15; Access denied: user deactivated; id = 220484077
Error: error_code = 30; This profile is private; id = 156275332
Error: error_code = 30; This profile is private; id = 252364060
Error: error_code = 30; This profile is private; id = 685883112
Error: error_code = 30; This profile is private; id = 248584048
Error: error_code = 30; This profile is private; id = 93634293
Error: error_code = 30; This profile is private; id = 100449714
Error: error_code = 30; This profile is private; id = 644220951
Error: error_code = 30; This profile is private; id = 520821553
Error: error_code = 15; Access denied: user deactivated; id = 564187409
Error: error_code = 15; Access denied: user deactivated; id = 1374050
Error: error_code = 30; This profile is private; id = 594220965
Error: error_code = 15; Access denied: user deactivated; id = 224743489
Error: error_code = 30; This profile is private; id = 272482540
Error: error_code = 30; This profile is private; id = 101513500
Error: error_code = 15; Access denied: user deactivated; id = 201105705
Error: error_code = 15; Access denied: user deactivated; id = 205966402
Error: error_code = 30; This profile is private; id = 182553534
Error: error_code = 30; This profile is private; id = 241562903
Error: error_code = 30; This profile is private; id = 646157669
Error: error_code = 30; This profile is private; id = 504466660
Error: error_code = 30; This profile is private; id = 132014687
Error: error_code = 15; Access denied: user deactivated; id = 199414371
Error: error_code = 30; This profile is private; id = 568188066
Error: error_code = 30; This profile is private; id = 363792046
Error: error_code = 30; This profile is private; id = 138073437
Error: error_code = 30; This profile is private; id = 49725446
Error: error_code = 30; This profile is private; id = 91766499
Error: error_code = 15; Access denied: user deactivated; id = 216486594
Error: error_code = 15; Access denied: user deactivated; id = 13882357
Error: error_code = 30; This profile is private; id = 665624309
Error: error_code = 30; This profile is private; id = 132583982
Error: error_code = 30; This profile is private; id = 274678742
Error: error_code = 30; This profile is private; id = 683478996
Error: error_code = 30; This profile is private; id = 379014976
Error: error_code = 30; This profile is private; id = 369644419
Error: error_code = 30; This profile is private; id = 158137238
Error: error_code = 15; Access denied: user deactivated; id = 537191940
Error: error_code = 30; This profile is private; id = 366531541
Error: error_code = 30; This profile is private; id = 143101625
Error: error_code = 15; Access denied: user deactivated; id = 542777022
Error: error_code = 30; This profile is private; id = 467395695
Error: error_code = 15; Access denied: user deactivated; id = 528821330
Error: error_code = 15; Access denied: user deactivated; id = 616673829
Error: error_code = 30; This profile is private; id = 299858073
Error: error_code = 30; This profile is private; id = 212604944
Error: error_code = 15; Access denied: user deactivated; id = 413453507
Error: error_code = 30; This profile is private; id = 660739318
Error: error_code = 30; This profile is private; id = 319021348
Error: error_code = 30; This profile is private; id = 638767402
Error: error_code = 30; This profile is private; id = 279837116
Error: error_code = 30; This profile is private; id = 584502524
Error: error_code = 30; This profile is private; id = 16632415
Error: error_code = 30; This profile is private; id = 41288956
Error: error_code = 15; Access denied: user deactivated; id = 451896076
Error: error_code = 30; This profile is private; id = 83369461
Error: error_code = 30; This profile is private; id = 844400
Error: error_code = 15; Access denied: user deactivated; id = 10927085
Error: error_code = 15; Access denied: user deactivated; id = 220410493
Error: error_code = 30; This profile is private; id = 359740771
Error: error_code = 30; This profile is private; id = 392685316
Error: error_code = 30; This profile is private; id = 261708444
Error: error_code = 30; This profile is private; id = 145838399
Error: error_code = 30; This profile is private; id = 29279206
Error: error_code = 15; Access denied: user deactivated; id = 712246673
Error: error_code = 30; This profile is private; id = 107281272
Error: error_code = 15; Access denied: user deactivated; id = 220026674
Error: error_code = 30; This profile is private; id = 424912221
Error: error_code = 30; This profile is private; id = 68483240
Error: error_code = 30; This profile is private; id = 543795742
Error: error_code = 30; This profile is private; id = 422051888
Error: error_code = 30; This profile is private; id = 39554356
Error: error_code = 30; This profile is private; id = 598764544
Error: error_code = 15; Access denied: user deactivated; id = 191115855
Error: error_code = 30; This profile is private; id = 181203911
Error: error_code = 30; This profile is private; id = 37208255
Error: error_code = 30; This profile is private; id = 672275549
Error: error_code = 30; This profile is private; id = 396949822
Error: error_code = 30; This profile is private; id = 622120761
Error: error_code = 30; This profile is private; id = 74757411
Error: error_code = 15; Access denied: user deactivated; id = 385077413
Error: error_code = 15; Access denied: user deactivated; id = 518707060
Error: error_code = 30; This profile is private; id = 485173799
Error: error_code = 30; This profile is private; id = 336014863
Error: error_code = 30; This profile is private; id = 219479524
Error: error_code = 15; Access denied: user deactivated; id = 288086846
Error: error_code = 30; This profile is private; id = 331849605
Error: error_code = 30; This profile is private; id = 62373942
Error: error_code = 15; Access denied: user deactivated; id = 357600035
Error: error_code = 30; This profile is private; id = 473367910
Error: error_code = 30; This profile is private; id = 530783566
Error: error_code = 30; This profile is private; id = 162890165
Error: error_code = 30; This profile is private; id = 308140310
Error: error_code = 30; This profile is private; id = 613759426
Error: error_code = 15; Access denied: user deactivated; id = 616654082
Error: error_code = 30; This profile is private; id = 208877970
Error: error_code = 30; This profile is private; id = 167900448
Error: error_code = 30; This profile is private; id = 510847561
Error: error_code = 15; Access denied: user deactivated; id = 425453101
Error: error_code = 15; Access denied: user deactivated; id = 203088539
Error: error_code = 30; This profile is private; id = 238228668
Error: error_code = 30; This profile is private; id = 325011612
Error: error_code = 30; This profile is private; id = 80771086
Error: error_code = 30; This profile is private; id = 437044277
Error: error_code = 30; This profile is private; id = 293027059
Error: error_code = 15; Access denied: user deactivated; id = 38416412
Error: error_code = 15; Access denied: user deactivated; id = 492863642
Error: error_code = 15; Access denied: user deactivated; id = 421552169
Error: error_code = 15; Access denied: user deactivated; id = 362013972
Error: error_code = 15; Access denied: user deactivated; id = 112389079
Error: error_code = 30; This profile is private; id = 10882841
Error: error_code = 30; This profile is private; id = 12919981
Error: error_code = 30; This profile is private; id = 532748570
Error: error_code = 30; This profile is private; id = 570568002
Error: error_code = 30; This profile is private; id = 196861947
Error: error_code = 30; This profile is private; id = 353982612
Error: error_code = 15; Access denied: user deactivated; id = 650620910
Error: error_code = 30; This profile is private; id = 207892368
Error: error_code = 30; This profile is private; id = 688476045
Error: error_code = 15; Access denied: user deactivated; id = 415458877
Error: error_code = 30; This profile is private; id = 316569400
Error: error_code = 30; This profile is private; id = 543127208
Error: error_code = 15; Access denied: user deactivated; id = 80270637
Error: error_code = 30; This profile is private; id = 420488308
Error: error_code = 15; Access denied: user deactivated; id = 166902956
Error: error_code = 30; This profile is private; id = 51450838
Error: error_code = 30; This profile is private; id = 420197580
Error: error_code = 30; This profile is private; id = 457969566
Error: error_code = 30; This profile is private; id = 270993017
Error: error_code = 15; Access denied: user deactivated; id = 148029942
Error: error_code = 15; Access denied: user deactivated; id = 208324059
Error: error_code = 30; This profile is private; id = 528292903
Error: error_code = 15; Access denied: user deactivated; id = 702484551
Error: error_code = 30; This profile is private; id = 329603657
Error: error_code = 30; This profile is private; id = 308549964
Error: error_code = 30; This profile is private; id = 352392431
Error: error_code = 30; This profile is private; id = 132991538
Error: error_code = 30; This profile is private; id = 498501249
Error: error_code = 15; Access denied: user deactivated; id = 19305475
Error: error_code = 30; This profile is private; id = 28739888
Error: error_code = 30; This profile is private; id = 656162597
Error: error_code = 30; This profile is private; id = 536550505
Error: error_code = 30; This profile is private; id = 163070380
Error: error_code = 30; This profile is private; id = 289607304
Error: error_code = 30; This profile is private; id = 603559341
Error: error_code = 30; This profile is private; id = 523448601
Error: error_code = 30; This profile is private; id = 575998843
Error: error_code = 15; Access denied: user deactivated; id = 217115747
Error: error_code = 30; This profile is private; id = 36687544
Error: error_code = 15; Access denied: user deactivated; id = 407196498
Error: error_code = 30; This profile is private; id = 454941369
Error: error_code = 15; Access denied: user deactivated; id = 229657728
Error: error_code = 30; This profile is private; id = 576751370
Error: error_code = 30; This profile is private; id = 437743512
Error: error_code = 15; Access denied: user deactivated; id = 169522018
Error: error_code = 30; This profile is private; id = 271700734
Error: error_code = 30; This profile is private; id = 485252859
Error: error_code = 30; This profile is private; id = 135314738
Error: error_code = 30; This profile is private; id = 599905699
Error: error_code = 15; Access denied: user deactivated; id = 299288152
Error: error_code = 15; Access denied: user deactivated; id = 363537215
Error: error_code = 30; This profile is private; id = 141863739
Error: error_code = 30; This profile is private; id = 333006490
Error: error_code = 30; This profile is private; id = 217517149
Error: error_code = 30; This profile is private; id = 654821863
Error: error_code = 15; Access denied: user deactivated; id = 543659234
Error: error_code = 30; This profile is private; id = 262823300
Error: error_code = 30; This profile is private; id = 112330372
Error: error_code = 30; This profile is private; id = 110386608
Error: error_code = 30; This profile is private; id = 2363887
Error: error_code = 30; This profile is private; id = 27183538
Error: error_code = 30; This profile is private; id = 17647181
Error: error_code = 30; This profile is private; id = 453200848
Error: error_code = 15; Access denied: user deactivated; id = 361945493
Error: error_code = 15; Access denied: user deactivated; id = 705531167
Error: error_code = 30; This profile is private; id = 304843131
Error: error_code = 15; Access denied: user deactivated; id = 517482798
Error: error_code = 15; Access denied: user deactivated; id = 558528401
Error: error_code = 30; This profile is private; id = 549923168
Error: error_code = 30; This profile is private; id = 305621464
Error: error_code = 15; Access denied: user deactivated; id = 698071726
Error: error_code = 15; Access denied: user deactivated; id = 194568952
Error: error_code = 30; This profile is private; id = 16610595
Error: error_code = 15; Access denied: user deactivated; id = 432410739
Error: error_code = 30; This profile is private; id = 697590439
Error: error_code = 15; Access denied: user deactivated; id = 209321574
Error: error_code = 30; This profile is private; id = 253607820
Error: error_code = 30; This profile is private; id = 35373767
Error: error_code = 30; This profile is private; id = 364582674
Error: error_code = 15; Access denied: user deactivated; id = 533393764
Error: error_code = 30; This profile is private; id = 706314461
Error: error_code = 30; This profile is private; id = 637391979
Error: error_code = 15; Access denied: user deactivated; id = 62504180
Error: error_code = 30; This profile is private; id = 343943973
Error: error_code = 30; This profile is private; id = 244653392
Error: error_code = 30; This profile is private; id = 615913332
Error: error_code = 15; Access denied: user deactivated; id = 402840274
Error: error_code = 15; Access denied: user deactivated; id = 133462180
Error: error_code = 15; Access denied: user deactivated; id = 610840647
Error: error_code = 30; This profile is private; id = 199627176
Error: error_code = 30; This profile is private; id = 28371233
Error: error_code = 15; Access denied: user deactivated; id = 506740553
Error: error_code = 15; Access denied: user deactivated; id = 177162459
Error: error_code = 30; This profile is private; id = 179872814
Error: error_code = 30; This profile is private; id = 199640272
Error: error_code = 15; Access denied: user deactivated; id = 544622806
Error: error_code = 15; Access denied: user deactivated; id = 286183395
Error: error_code = 15; Access denied: user deactivated; id = 190616293
Error: error_code = 30; This profile is private; id = 235337214
Error: error_code = 30; This profile is private; id = 525890227
Error: error_code = 15; Access denied: user deactivated; id = 399265153
Error: error_code = 15; Access denied: user deactivated; id = 156161896
Error: error_code = 30; This profile is private; id = 227519215
Error: error_code = 30; This profile is private; id = 133299555
Error: error_code = 15; Access denied: user deactivated; id = 170448203
Error: error_code = 30; This profile is private; id = 353556361
Error: error_code = 30; This profile is private; id = 707179386
Error: error_code = 15; Access denied: user deactivated; id = 220633196
Error: error_code = 30; This profile is private; id = 673935193
Error: error_code = 30; This profile is private; id = 688454754
Error: error_code = 30; This profile is private; id = 310767107
Error: error_code = 30; This profile is private; id = 207645004
Error: error_code = 30; This profile is private; id = 219808555
Error: error_code = 15; Access denied: user deactivated; id = 535544398
Error: error_code = 15; Access denied: user deactivated; id = 226622284
Error: error_code = 30; This profile is private; id = 168875178
Error: error_code = 30; This profile is private; id = 243012755
Error: error_code = 30; This profile is private; id = 482491382
Error: error_code = 30; This profile is private; id = 16490356
Error: error_code = 15; Access denied: user deactivated; id = 425089019
Error: error_code = 15; Access denied: user deactivated; id = 390658396
Error: error_code = 30; This profile is private; id = 623926900
Error: error_code = 15; Access denied: user deactivated; id = 426915637
Error: error_code = 30; This profile is private; id = 95760325
Error: error_code = 15; Access denied: user deactivated; id = 410988311
Error: error_code = 30; This profile is private; id = 157185851
Error: error_code = 15; Access denied: user deactivated; id = 541589365
Error: error_code = 30; This profile is private; id = 203449953
Error: error_code = 30; This profile is private; id = 175193892
Error: error_code = 15; Access denied: user deactivated; id = 211332684
Error: error_code = 15; Access denied: user deactivated; id = 220770245
Error: error_code = 30; This profile is private; id = 446806418
Error: error_code = 30; This profile is private; id = 580541520
Error: error_code = 15; Access denied: user deactivated; id = 209521569
Error: error_code = 30; This profile is private; id = 593131877
Error: error_code = 30; This profile is private; id = 166232675
Error: error_code = 30; This profile is private; id = 87387659
Error: error_code = 15; Access denied: user deactivated; id = 327588031
Error: error_code = 30; This profile is private; id = 714895992
Error: error_code = 30; This profile is private; id = 340480835
Error: error_code = 30; This profile is private; id = 640355839
Error: error_code = 30; This profile is private; id = 486575487
Error: error_code = 30; This profile is private; id = 125790557
Error: error_code = 30; This profile is private; id = 50049119
Error: error_code = 30; This profile is private; id = 497348901
Error: error_code = 30; This profile is private; id = 431456436
Error: error_code = 30; This profile is private; id = 229256106
Error: error_code = 30; This profile is private; id = 259525379
Error: error_code = 30; This profile is private; id = 138718581
Error: error_code = 30; This profile is private; id = 600253884
Error: error_code = 30; This profile is private; id = 134456264
Error: error_code = 15; Access denied: user deactivated; id = 702518945
Error: error_code = 30; This profile is private; id = 421399191
Error: error_code = 15; Access denied: user deactivated; id = 255207284
Error: error_code = 30; This profile is private; id = 698971587
Error: error_code = 30; This profile is private; id = 518017018
Error: error_code = 30; This profile is private; id = 662693492
Error: error_code = 15; Access denied: user deactivated; id = 894706
Error: error_code = 30; This profile is private; id = 12833775
Error: error_code = 30; This profile is private; id = 228758916
Error: error_code = 15; Access denied: user deactivated; id = 329364847
Error: error_code = 15; Access denied: user deactivated; id = 222766503
Error: error_code = 30; This profile is private; id = 207345863
Error: error_code = 30; This profile is private; id = 274828012
Error: error_code = 30; This profile is private; id = 469369273
Error: error_code = 15; Access denied: user deactivated; id = 510970572
Error: error_code = 30; This profile is private; id = 683933913
Error: error_code = 15; Access denied: user deactivated; id = 687906896
Error: error_code = 15; Access denied: user deactivated; id = 338540613
Error: error_code = 30; This profile is private; id = 219943327
Error: error_code = 30; This profile is private; id = 8298068
Error: error_code = 15; Access denied: user deactivated; id = 159490169
Error: error_code = 15; Access denied: user deactivated; id = 218876314
Error: error_code = 15; Access denied: user deactivated; id = 408454870
Error: error_code = 30; This profile is private; id = 670672549
Error: error_code = 15; Access denied: user deactivated; id = 423008047
Error: error_code = 15; Access denied: user deactivated; id = 396597240
Error: error_code = 30; This profile is private; id = 163369937
Error: error_code = 15; Access denied: user deactivated; id = 523661107
Error: error_code = 15; Access denied: user deactivated; id = 406970096
Error: error_code = 30; This profile is private; id = 484158586
Error: error_code = 30; This profile is private; id = 576266381
Error: error_code = 30; This profile is private; id = 530681419
Error: error_code = 30; This profile is private; id = 213083075
Error: error_code = 15; Access denied: user deactivated; id = 358074739
Error: error_code = 30; This profile is private; id = 462199178
Error: error_code = 30; This profile is private; id = 544451747
Error: error_code = 15; Access denied: user deactivated; id = 188195854
Error: error_code = 30; This profile is private; id = 343510467
Error: error_code = 15; Access denied: user deactivated; id = 186863848
Error: error_code = 30; This profile is private; id = 116803772
Error: error_code = 30; This profile is private; id = 94382532
Error: error_code = 30; This profile is private; id = 53526012
Error: error_code = 30; This profile is private; id = 592165945
Error: error_code = 30; This profile is private; id = 341311157
Error: error_code = 30; This profile is private; id = 3212792
Error: error_code = 30; This profile is private; id = 87556055
Error: error_code = 30; This profile is private; id = 544286663
Error: error_code = 30; This profile is private; id = 362810022
Error: error_code = 30; This profile is private; id = 384151988
Error: error_code = 30; This profile is private; id = 574636886
Error: error_code = 15; Access denied: user deactivated; id = 220291222
Error: error_code = 30; This profile is private; id = 438872858
Error: error_code = 30; This profile is private; id = 41140327
Error: error_code = 30; This profile is private; id = 190397542
Error: error_code = 30; This profile is private; id = 707974390
Error: error_code = 30; This profile is private; id = 359457957
Error: error_code = 15; Access denied: user deactivated; id = 603637360
Error: error_code = 30; This profile is private; id = 473417703
Error: error_code = 15; Access denied: user deactivated; id = 206592893
Error: error_code = 15; Access denied: user deactivated; id = 192179672
Error: error_code = 15; Access denied: user deactivated; id = 467876552
Error: error_code = 15; Access denied: user deactivated; id = 164412507
Error: error_code = 30; This profile is private; id = 571066880
Error: error_code = 15; Access denied: user deactivated; id = 22250086
Error: error_code = 15; Access denied: user deactivated; id = 275500205
Error: error_code = 15; Access denied: user deactivated; id = 421872538
Error: error_code = 30; This profile is private; id = 182699267
Error: error_code = 15; Access denied: user deactivated; id = 135608991
Error: error_code = 30; This profile is private; id = 297805418
Error: error_code = 30; This profile is private; id = 713531034
Error: error_code = 30; This profile is private; id = 27223109
Error: error_code = 30; This profile is private; id = 432227557
Error: error_code = 30; This profile is private; id = 147630828
Error: error_code = 30; This profile is private; id = 375865435
Error: error_code = 15; Access denied: user deactivated; id = 613549430
Error: error_code = 15; Access denied: user deactivated; id = 215537405
Error: error_code = 30; This profile is private; id = 191396794
Error: error_code = 30; This profile is private; id = 265988519
Error: error_code = 15; Access denied: user deactivated; id = 371211632
Error: error_code = 30; This profile is private; id = 134214408
Error: error_code = 30; This profile is private; id = 511549090
Error: error_code = 30; This profile is private; id = 156800964
Error: error_code = 30; This profile is private; id = 358352826
Error: error_code = 30; This profile is private; id = 12549227
Error: error_code = 15; Access denied: user deactivated; id = 156105701
Error: error_code = 30; This profile is private; id = 84739651
Error: error_code = 30; This profile is private; id = 111094083
Error: error_code = 30; This profile is private; id = 704461526
Error: error_code = 30; This profile is private; id = 290860932
Error: error_code = 15; Access denied: user deactivated; id = 377138326
Error: error_code = 15; Access denied: user deactivated; id = 196066227
Error: error_code = 30; This profile is private; id = 234828471
Error: error_code = 15; Access denied: user deactivated; id = 195359266
Error: error_code = 30; This profile is private; id = 163140702
Error: error_code = 15; Access denied: user deactivated; id = 210145745
Error: error_code = 30; This profile is private; id = 634562599
Error: error_code = 30; This profile is private; id = 541501151
Error: error_code = 15; Access denied: user deactivated; id = 525160432
Error: error_code = 30; This profile is private; id = 273838814
Error: error_code = 30; This profile is private; id = 127030232
Error: error_code = 30; This profile is private; id = 473592557
Error: error_code = 30; This profile is private; id = 4848116
Error: error_code = 15; Access denied: user deactivated; id = 178442494
Error: error_code = 30; This profile is private; id = 222646213
Error: error_code = 30; This profile is private; id = 8093068
Error: error_code = 30; This profile is private; id = 196208457
Error: error_code = 30; This profile is private; id = 435410652
Error: error_code = 30; This profile is private; id = 645491343
Error: error_code = 30; This profile is private; id = 644721476
Error: error_code = 15; Access denied: user deactivated; id = 233742518
Error: error_code = 30; This profile is private; id = 684876622
Error: error_code = 30; This profile is private; id = 540834566
Error: error_code = 30; This profile is private; id = 706117540
Error: error_code = 30; This profile is private; id = 25055292
Error: error_code = 30; This profile is private; id = 291273978
Error: error_code = 30; This profile is private; id = 716923203
Error: error_code = 30; This profile is private; id = 98863249
Error: error_code = 30; This profile is private; id = 1732437
Error: error_code = 15; Access denied: user deactivated; id = 173575092
Error: error_code = 30; This profile is private; id = 398373368
Error: error_code = 30; This profile is private; id = 139283070
Error: error_code = 15; Access denied: user deactivated; id = 368352438
Error: error_code = 30; This profile is private; id = 496757524
Error: error_code = 30; This profile is private; id = 679838521
Error: error_code = 15; Access denied: user deactivated; id = 263439677
Error: error_code = 30; This profile is private; id = 212794696
Error: error_code = 30; This profile is private; id = 581400287
Error: error_code = 30; This profile is private; id = 412844189
Error: error_code = 30; This profile is private; id = 14659070
Error: error_code = 30; This profile is private; id = 41292103
Error: error_code = 30; This profile is private; id = 419174683
Error: error_code = 15; Access denied: user deactivated; id = 220543911
Error: error_code = 30; This profile is private; id = 577890114
Error: error_code = 30; This profile is private; id = 456110378
Error: error_code = 30; This profile is private; id = 501442462
Error: error_code = 30; This profile is private; id = 472328893
Error: error_code = 30; This profile is private; id = 104775561
Error: error_code = 15; Access denied: user deactivated; id = 537834364
Error: error_code = 30; This profile is private; id = 302671470
Error: error_code = 15; Access denied: user deactivated; id = 51841624
Error: error_code = 30; This profile is private; id = 583069426
Error: error_code = 15; Access denied: user deactivated; id = 668608665
Error: error_code = 15; Access denied: user deactivated; id = 706648060
Error: error_code = 15; Access denied: user deactivated; id = 449719460
Error: error_code = 15; Access denied: user deactivated; id = 331182828
Error: error_code = 30; This profile is private; id = 663329720
Error: error_code = 15; Access denied: user deactivated; id = 68598903
Error: error_code = 30; This profile is private; id = 670502023
Error: error_code = 30; This profile is private; id = 708053768
Error: error_code = 30; This profile is private; id = 60449647
Error: error_code = 30; This profile is private; id = 380358202
Error: error_code = 15; Access denied: user deactivated; id = 359184247
Error: error_code = 15; Access denied: user deactivated; id = 101718934
Error: error_code = 15; Access denied: user deactivated; id = 452969530
Error: error_code = 30; This profile is private; id = 417744762
Error: error_code = 30; This profile is private; id = 274460382
Error: error_code = 30; This profile is private; id = 397174068
Error: error_code = 30; This profile is private; id = 28557399
Error: error_code = 30; This profile is private; id = 482839174
Error: error_code = 30; This profile is private; id = 18828040
Error: error_code = 15; Access denied: user deactivated; id = 665970170
Error: error_code = 15; Access denied: user deactivated; id = 34417439
Error: error_code = 30; This profile is private; id = 699827019
Error: error_code = 30; This profile is private; id = 518258453
Error: error_code = 30; This profile is private; id = 209385989
Error: error_code = 30; This profile is private; id = 81185123
Error: error_code = 30; This profile is private; id = 165614377
Error: error_code = 15; Access denied: user deactivated; id = 319754259
Error: error_code = 30; This profile is private; id = 423794002
Error: error_code = 15; Access denied: user deactivated; id = 675698224
Error: error_code = 30; This profile is private; id = 681436343
Error: error_code = 30; This profile is private; id = 545708695
Error: error_code = 30; This profile is private; id = 588479622
Error: error_code = 15; Access denied: user deactivated; id = 154019681
Error: error_code = 30; This profile is private; id = 244885828
Error: error_code = 15; Access denied: user deactivated; id = 194229089
Error: error_code = 30; This profile is private; id = 648821736
Error: error_code = 30; This profile is private; id = 316973403
Error: error_code = 30; This profile is private; id = 440811299
Error: error_code = 30; This profile is private; id = 9390907
Error: error_code = 30; This profile is private; id = 315178868
Error: error_code = 15; Access denied: user deactivated; id = 389861910
Error: error_code = 15; Access denied: user deactivated; id = 191065949
Error: error_code = 15; Access denied: user deactivated; id = 301282211
Error: error_code = 15; Access denied: user deactivated; id = 263630575
Error: error_code = 30; This profile is private; id = 640091475
Error: error_code = 30; This profile is private; id = 389339560
Error: error_code = 30; This profile is private; id = 346059308
Error: error_code = 30; This profile is private; id = 302323558
Error: error_code = 30; This profile is private; id = 118592137
Error: error_code = 15; Access denied: user deactivated; id = 183435774
Error: error_code = 30; This profile is private; id = 158581839
Error: error_code = 30; This profile is private; id = 228963113
Error: error_code = 30; This profile is private; id = 177706453
Error: error_code = 30; This profile is private; id = 91222519
Error: error_code = 30; This profile is private; id = 532391466
Error: error_code = 30; This profile is private; id = 294073171
Error: error_code = 30; This profile is private; id = 463097475
Error: error_code = 15; Access denied: user deactivated; id = 150820435
Error: error_code = 30; This profile is private; id = 245788483
Error: error_code = 30; This profile is private; id = 27280205
Error: error_code = 30; This profile is private; id = 271069367
Error: error_code = 30; This profile is private; id = 40376502
Error: error_code = 30; This profile is private; id = 635026275
Error: error_code = 30; This profile is private; id = 64748897
Error: error_code = 30; This profile is private; id = 161865943
Error: error_code = 30; This profile is private; id = 687514676
Error: error_code = 15; Access denied: user deactivated; id = 409058659
Error: error_code = 15; Access denied: user deactivated; id = 619219451
Error: error_code = 30; This profile is private; id = 75206423
Error: error_code = 30; This profile is private; id = 210845479
Error: error_code = 30; This profile is private; id = 43761715
Error: error_code = 30; This profile is private; id = 543723298
Error: error_code = 15; Access denied: user deactivated; id = 42922769
Error: error_code = 15; Access denied: user deactivated; id = 201781703
Error: error_code = 30; This profile is private; id = 48732922
Error: error_code = 30; This profile is private; id = 96637682
Error: error_code = 15; Access denied: user deactivated; id = 430938600
Error: error_code = 30; This profile is private; id = 653643134
Error: error_code = 15; Access denied: user deactivated; id = 357489913
Error: error_code = 15; Access denied: user deactivated; id = 17475731
Error: error_code = 30; This profile is private; id = 465218257
Error: error_code = 30; This profile is private; id = 196133595
Error: error_code = 15; Access denied: user deactivated; id = 563116748
Error: error_code = 30; This profile is private; id = 648420736
Error: error_code = 15; Access denied: user deactivated; id = 7602199
Error: error_code = 30; This profile is private; id = 277533531
Error: error_code = 30; This profile is private; id = 6812242
Error: error_code = 15; Access denied: user deactivated; id = 526398331
Error: error_code = 30; This profile is private; id = 170401019
Error: error_code = 30; This profile is private; id = 57195686
Error: error_code = 15; Access denied: user deactivated; id = 360336767
Error: error_code = 30; This profile is private; id = 448228693
Error: error_code = 30; This profile is private; id = 234357773
Error: error_code = 30; This profile is private; id = 343390621
Error: error_code = 30; This profile is private; id = 22288257
Error: error_code = 30; This profile is private; id = 374758543
Error: error_code = 30; This profile is private; id = 289354397
Error: error_code = 30; This profile is private; id = 583997531
Error: error_code = 30; This profile is private; id = 447680915
Error: error_code = 15; Access denied: user deactivated; id = 454068753
Error: error_code = 30; This profile is private; id = 547549688
Error: error_code = 15; Access denied: user deactivated; id = 580619248
Error: error_code = 30; This profile is private; id = 14467299
Error: error_code = 30; This profile is private; id = 203218872
Error: error_code = 30; This profile is private; id = 442545021
Error: error_code = 15; Access denied: user deactivated; id = 398487468
Error: error_code = 15; Access denied: user deactivated; id = 210988320
Error: error_code = 15; Access denied: user deactivated; id = 614765513
Error: error_code = 30; This profile is private; id = 569195788
Error: error_code = 30; This profile is private; id = 329901685
Error: error_code = 30; This profile is private; id = 151388416
Error: error_code = 30; This profile is private; id = 404807986
Error: error_code = 30; This profile is private; id = 561530392
Error: error_code = 30; This profile is private; id = 2524951
Error: error_code = 15; Access denied: user deactivated; id = 13167260
Error: error_code = 30; This profile is private; id = 664841117
Error: error_code = 15; Access denied: user deactivated; id = 230700255
Error: error_code = 30; This profile is private; id = 544087026
Error: error_code = 30; This profile is private; id = 613997623
Error: error_code = 30; This profile is private; id = 135766907
Error: error_code = 15; Access denied: user deactivated; id = 421580690
Error: error_code = 30; This profile is private; id = 687068123
Error: error_code = 30; This profile is private; id = 144590875
Error: error_code = 15; Access denied: user deactivated; id = 22910447
Error: error_code = 15; Access denied: user deactivated; id = 221108839
Error: error_code = 30; This profile is private; id = 59754156
Error: error_code = 30; This profile is private; id = 559316786
Error: error_code = 30; This profile is private; id = 142004207
Error: error_code = 30; This profile is private; id = 368425799
Error: error_code = 30; This profile is private; id = 485615337
Error: error_code = 30; This profile is private; id = 553148845
Error: error_code = 30; This profile is private; id = 606824735
Error: error_code = 30; This profile is private; id = 692443785
Error: error_code = 15; Access denied: user deactivated; id = 175398222
Error: error_code = 30; This profile is private; id = 693243335
Error: error_code = 30; This profile is private; id = 308351330
Error: error_code = 30; This profile is private; id = 590952252
Error: error_code = 15; Access denied: user deactivated; id = 479938051
Error: error_code = 15; Access denied: user deactivated; id = 534686941
Error: error_code = 15; Access denied: user deactivated; id = 151863988
Error: error_code = 15; Access denied: user deactivated; id = 400286291
Error: error_code = 30; This profile is private; id = 197824114
Error: error_code = 30; This profile is private; id = 545448301
Error: error_code = 30; This profile is private; id = 588831949
Error: error_code = 30; This profile is private; id = 244626165
Error: error_code = 30; This profile is private; id = 657628378
Error: error_code = 30; This profile is private; id = 301792700
Error: error_code = 15; Access denied: user deactivated; id = 203122382
Error: error_code = 30; This profile is private; id = 62092827
Error: error_code = 15; Access denied: user deactivated; id = 9734902
Error: error_code = 30; This profile is private; id = 690937384
Error: error_code = 30; This profile is private; id = 643070301
Error: error_code = 15; Access denied: user deactivated; id = 533847756
Error: error_code = 15; Access denied: user deactivated; id = 17317278
Error: error_code = 30; This profile is private; id = 651060380
Error: error_code = 30; This profile is private; id = 502201183
Error: error_code = 30; This profile is private; id = 586539006
Error: error_code = 15; Access denied: user deactivated; id = 229076623
Error: error_code = 30; This profile is private; id = 224485600
Error: error_code = 30; This profile is private; id = 261821016
Error: error_code = 30; This profile is private; id = 2653666
Error: error_code = 30; This profile is private; id = 208785386
Error: error_code = 30; This profile is private; id = 627129037
Error: error_code = 30; This profile is private; id = 348519232
Error: error_code = 30; This profile is private; id = 421524904
Error: error_code = 30; This profile is private; id = 187510320
Error: error_code = 30; This profile is private; id = 186968043
Error: error_code = 30; This profile is private; id = 45412662
Error: error_code = 15; Access denied: user deactivated; id = 178197924
Error: error_code = 30; This profile is private; id = 577236013
Error: error_code = 30; This profile is private; id = 336769373
Error: error_code = 15; Access denied: user deactivated; id = 494658563
Error: error_code = 15; Access denied: user deactivated; id = 150586023
Error: error_code = 15; Access denied: user deactivated; id = 208924629
Error: error_code = 30; This profile is private; id = 302953181
Error: error_code = 30; This profile is private; id = 182774507
Error: error_code = 30; This profile is private; id = 67843894
Error: error_code = 30; This profile is private; id = 64530276
Error: error_code = 30; This profile is private; id = 638758744
Error: error_code = 30; This profile is private; id = 463527490
Error: error_code = 30; This profile is private; id = 12630669
Error: error_code = 30; This profile is private; id = 16067434
Error: error_code = 15; Access denied: user deactivated; id = 127452665
Error: error_code = 15; Access denied: user deactivated; id = 459035751
Error: error_code = 15; Access denied: user deactivated; id = 306340362
Error: error_code = 30; This profile is private; id = 343090814
Error: error_code = 30; This profile is private; id = 359298795
Error: error_code = 15; Access denied: user deactivated; id = 197377951
Error: error_code = 30; This profile is private; id = 145587747
Error: error_code = 30; This profile is private; id = 673819976
Error: error_code = 15; Access denied: user deactivated; id = 7642901
Error: error_code = 30; This profile is private; id = 586182096
Error: error_code = 30; This profile is private; id = 667928070
Error: error_code = 15; Access denied: user deactivated; id = 227040915
Error: error_code = 15; Access denied: user deactivated; id = 271136504
Error: error_code = 30; This profile is private; id = 531261004
Error: error_code = 15; Access denied: user deactivated; id = 197960805
Error: error_code = 15; Access denied: user deactivated; id = 402411795
Error: error_code = 15; Access denied: user deactivated; id = 417576955
Error: error_code = 15; Access denied: user deactivated; id = 214491651
Error: error_code = 30; This profile is private; id = 275967620
Error: error_code = 30; This profile is private; id = 299659811
Error: error_code = 30; This profile is private; id = 303240331
Error: error_code = 15; Access denied: user deactivated; id = 195511625
Error: error_code = 30; This profile is private; id = 542639058
Error: error_code = 15; Access denied: user deactivated; id = 78462342
Error: error_code = 15; Access denied: user deactivated; id = 258336345
Error: error_code = 30; This profile is private; id = 304112850
Error: error_code = 30; This profile is private; id = 18533633
Error: error_code = 30; This profile is private; id = 84162014
Error: error_code = 30; This profile is private; id = 59520976
Error: error_code = 15; Access denied: user deactivated; id = 193289524
Error: error_code = 15; Access denied: user deactivated; id = 79743189
Error: error_code = 15; Access denied: user deactivated; id = 119628513
Error: error_code = 15; Access denied: user deactivated; id = 380597163
Error: error_code = 15; Access denied: user deactivated; id = 179067609
Error: error_code = 30; This profile is private; id = 127405175
Error: error_code = 30; This profile is private; id = 10639878
Error: error_code = 15; Access denied: user deactivated; id = 471393596
Error: error_code = 30; This profile is private; id = 359382796
Error: error_code = 30; This profile is private; id = 412673184
Error: error_code = 30; This profile is private; id = 108647399
Error: error_code = 30; This profile is private; id = 24973266
Error: error_code = 30; This profile is private; id = 450042248
Error: error_code = 15; Access denied: user deactivated; id = 420787129
Error: error_code = 15; Access denied: user deactivated; id = 142575751
Error: error_code = 30; This profile is private; id = 589211137
Error: error_code = 30; This profile is private; id = 216167100
Error: error_code = 30; This profile is private; id = 60460901
Error: error_code = 30; This profile is private; id = 220841334
Error: error_code = 15; Access denied: user deactivated; id = 192294810
Error: error_code = 30; This profile is private; id = 480344059
Error: error_code = 15; Access denied: user deactivated; id = 236895061
Error: error_code = 30; This profile is private; id = 50538178
Error: error_code = 30; This profile is private; id = 134533455
Error: error_code = 30; This profile is private; id = 279503636
Error: error_code = 15; Access denied: user deactivated; id = 250838684
Error: error_code = 15; Access denied: user deactivated; id = 353631986
Error: error_code = 30; This profile is private; id = 324139182
Error: error_code = 30; This profile is private; id = 692238131
Error: error_code = 15; Access denied: user deactivated; id = 154595628
Error: error_code = 30; This profile is private; id = 274316613
Error: error_code = 30; This profile is private; id = 383181966
Error: error_code = 15; Access denied: user deactivated; id = 452567902
Error: error_code = 30; This profile is private; id = 716433564
Error: error_code = 15; Access denied: user deactivated; id = 425633011
Error: error_code = 30; This profile is private; id = 452949726
Error: error_code = 15; Access denied: user deactivated; id = 24983372
Error: error_code = 30; This profile is private; id = 577512632
Error: error_code = 30; This profile is private; id = 443002270
Error: error_code = 30; This profile is private; id = 337706926
Error: error_code = 15; Access denied: user deactivated; id = 410580329
Error: error_code = 30; This profile is private; id = 566285894
Error: error_code = 15; Access denied: user deactivated; id = 351561629
Error: error_code = 30; This profile is private; id = 159564829
Error: error_code = 30; This profile is private; id = 350806385
Error: error_code = 30; This profile is private; id = 231310217
Error: error_code = 30; This profile is private; id = 220447774
Error: error_code = 15; Access denied: user deactivated; id = 710664937
Error: error_code = 30; This profile is private; id = 96840303
Error: error_code = 30; This profile is private; id = 447662346
Error: error_code = 30; This profile is private; id = 15915747
Error: error_code = 15; Access denied: user deactivated; id = 220956892
Error: error_code = 30; This profile is private; id = 491508121
Error: error_code = 15; Access denied: user deactivated; id = 17206749
Error: error_code = 15; Access denied: user deactivated; id = 565676230
Error: error_code = 15; Access denied: user deactivated; id = 68001306
Error: error_code = 15; Access denied: user deactivated; id = 418135826
Error: error_code = 15; Access denied: user deactivated; id = 700309773
Error: error_code = 30; This profile is private; id = 192519785
Error: error_code = 30; This profile is private; id = 561350492
Error: error_code = 30; This profile is private; id = 333775444
Error: error_code = 30; This profile is private; id = 138822777
Error: error_code = 30; This profile is private; id = 62860278
Error: error_code = 30; This profile is private; id = 11462812
Error: error_code = 30; This profile is private; id = 572608894
Error: error_code = 15; Access denied: user deactivated; id = 195861775
Error: error_code = 15; Access denied: user deactivated; id = 125419221
Error: error_code = 15; Access denied: user deactivated; id = 67270339
Error: error_code = 15; Access denied: user deactivated; id = 356906790
Error: error_code = 30; This profile is private; id = 591917145
Error: error_code = 30; This profile is private; id = 385751587
Error: error_code = 30; This profile is private; id = 100770840
Error: error_code = 30; This profile is private; id = 314282854
Error: error_code = 30; This profile is private; id = 141075156
Error: error_code = 30; This profile is private; id = 417870303
Error: error_code = 30; This profile is private; id = 345286192
Error: error_code = 30; This profile is private; id = 579416605
Error: error_code = 15; Access denied: user deactivated; id = 269184922
Error: error_code = 30; This profile is private; id = 138619828
Error: error_code = 30; This profile is private; id = 598344938
Error: error_code = 15; Access denied: user deactivated; id = 520438572
Error: error_code = 30; This profile is private; id = 325962290
Error: error_code = 30; This profile is private; id = 667836895
Error: error_code = 30; This profile is private; id = 203054967
Error: error_code = 30; This profile is private; id = 3674856
Error: error_code = 30; This profile is private; id = 607679319
Error: error_code = 15; Access denied: user deactivated; id = 368427558
Error: error_code = 15; Access denied: user deactivated; id = 138880399
Error: error_code = 30; This profile is private; id = 24351430
Error: error_code = 30; This profile is private; id = 44233119
Error: error_code = 30; This profile is private; id = 683410342
Error: error_code = 15; Access denied: user deactivated; id = 328594889
Error: error_code = 30; This profile is private; id = 209529269
Error: error_code = 30; This profile is private; id = 452493740
Error: error_code = 15; Access denied: user deactivated; id = 10087668
Error: error_code = 30; This profile is private; id = 189424612
Error: error_code = 30; This profile is private; id = 597139985
Error: error_code = 15; Access denied: user deactivated; id = 388947199
Error: error_code = 30; This profile is private; id = 12005160
Error: error_code = 15; Access denied: user deactivated; id = 213069070
Error: error_code = 30; This profile is private; id = 663667236
Error: error_code = 15; Access denied: user deactivated; id = 622925805
Error: error_code = 15; Access denied: user deactivated; id = 350201064
Error: error_code = 30; This profile is private; id = 29268009
Error: error_code = 30; This profile is private; id = 146173619
Error: error_code = 15; Access denied: user deactivated; id = 510038479
Error: error_code = 15; Access denied: user deactivated; id = 715206086
Error: error_code = 30; This profile is private; id = 13651067
Error: error_code = 30; This profile is private; id = 629426700
Error: error_code = 30; This profile is private; id = 422579987
Error: error_code = 15; Access denied: user deactivated; id = 620405489
Error: error_code = 30; This profile is private; id = 86070786
Error: error_code = 15; Access denied: user deactivated; id = 222510995
Error: error_code = 30; This profile is private; id = 571820481
Error: error_code = 15; Access denied: user deactivated; id = 96619569
Error: error_code = 30; This profile is private; id = 124104925
Error: error_code = 30; This profile is private; id = 122829030
Error: error_code = 15; Access denied: user deactivated; id = 365078210
Error: error_code = 15; Access denied: user deactivated; id = 562416017
Error: error_code = 15; Access denied: user deactivated; id = 464567721
Error: error_code = 15; Access denied: user deactivated; id = 475263210
Error: error_code = 30; This profile is private; id = 369399889
Error: error_code = 15; Access denied: user deactivated; id = 204484566
Error: error_code = 15; Access denied: user deactivated; id = 57818124
Error: error_code = 15; Access denied: user deactivated; id = 454103976
Error: error_code = 30; This profile is private; id = 283779467
Error: error_code = 30; This profile is private; id = 99021079
Error: error_code = 30; This profile is private; id = 189247756
Error: error_code = 15; Access denied: user deactivated; id = 398755368
Error: error_code = 30; This profile is private; id = 557603494
Error: error_code = 30; This profile is private; id = 679352316
Error: error_code = 30; This profile is private; id = 395996141
Error: error_code = 30; This profile is private; id = 265643159
Error: error_code = 30; This profile is private; id = 517018522
Error: error_code = 15; Access denied: user deactivated; id = 443902996
Error: error_code = 30; This profile is private; id = 519768650
Error: error_code = 15; Access denied: user deactivated; id = 705266667
Error: error_code = 30; This profile is private; id = 479803585
Error: error_code = 30; This profile is private; id = 15609047
Error: error_code = 30; This profile is private; id = 245429123
Error: error_code = 30; This profile is private; id = 655326409
Error: error_code = 30; This profile is private; id = 559400937
Error: error_code = 30; This profile is private; id = 367377626
Error: error_code = 30; This profile is private; id = 558270152
Error: error_code = 15; Access denied: user deactivated; id = 488520556
Error: error_code = 30; This profile is private; id = 532109101
Error: error_code = 30; This profile is private; id = 622151613
Error: error_code = 30; This profile is private; id = 416417534
Error: error_code = 30; This profile is private; id = 382502369
Error: error_code = 30; This profile is private; id = 85406539
Error: error_code = 30; This profile is private; id = 87809372
Error: error_code = 30; This profile is private; id = 477424835
Error: error_code = 30; This profile is private; id = 605995839
Error: error_code = 30; This profile is private; id = 150775651
Error: error_code = 30; This profile is private; id = 624734540
Error: error_code = 15; Access denied: user deactivated; id = 533297664
Error: error_code = 30; This profile is private; id = 268347805
Error: error_code = 15; Access denied: user deactivated; id = 273132460
Error: error_code = 30; This profile is private; id = 34771067
Error: error_code = 15; Access denied: user deactivated; id = 190506880
Error: error_code = 30; This profile is private; id = 3438865
Error: error_code = 15; Access denied: user deactivated; id = 229116981
Error: error_code = 30; This profile is private; id = 140298742
Error: error_code = 30; This profile is private; id = 437828294
Error: error_code = 30; This profile is private; id = 530538159
Error: error_code = 30; This profile is private; id = 140746434
Error: error_code = 15; Access denied: user deactivated; id = 151246304
Error: error_code = 15; Access denied: user deactivated; id = 214909914
Error: error_code = 30; This profile is private; id = 55651077
Error: error_code = 30; This profile is private; id = 477856970
Error: error_code = 15; Access denied: user deactivated; id = 317466255
Error: error_code = 15; Access denied: user deactivated; id = 431796260
Error: error_code = 30; This profile is private; id = 410581590
Error: error_code = 30; This profile is private; id = 271389770
Error: error_code = 30; This profile is private; id = 215759113
Error: error_code = 30; This profile is private; id = 564675370
Error: error_code = 30; This profile is private; id = 139293044
Error: error_code = 30; This profile is private; id = 21637557
Error: error_code = 15; Access denied: user deactivated; id = 222732150
Error: error_code = 30; This profile is private; id = 455696256
Error: error_code = 30; This profile is private; id = 24256417
Error: error_code = 15; Access denied: user deactivated; id = 493783087
Error: error_code = 15; Access denied: user deactivated; id = 322683177
Error: error_code = 15; Access denied: user deactivated; id = 180179528
Error: error_code = 30; This profile is private; id = 335966102
Error: error_code = 15; Access denied: user deactivated; id = 471047942
Error: error_code = 30; This profile is private; id = 287605180
Error: error_code = 30; This profile is private; id = 175461962
Error: error_code = 30; This profile is private; id = 391196019
Error: error_code = 15; Access denied: user deactivated; id = 426796237
Error: error_code = 30; This profile is private; id = 38126649
Error: error_code = 30; This profile is private; id = 3849191
Error: error_code = 30; This profile is private; id = 337825899
Error: error_code = 15; Access denied: user deactivated; id = 460833980
Error: error_code = 15; Access denied: user deactivated; id = 555751339
Error: error_code = 30; This profile is private; id = 10804881
Error: error_code = 30; This profile is private; id = 618724060
Error: error_code = 15; Access denied: user deactivated; id = 24098241
Error: error_code = 30; This profile is private; id = 22466053
Error: error_code = 30; This profile is private; id = 26851776
Error: error_code = 15; Access denied: user deactivated; id = 430542773
Error: error_code = 30; This profile is private; id = 654269756
Error: error_code = 15; Access denied: user deactivated; id = 40890412
Error: error_code = 30; This profile is private; id = 621710203
Error: error_code = 15; Access denied: user deactivated; id = 280713207
Error: error_code = 30; This profile is private; id = 357340525
Error: error_code = 15; Access denied: user deactivated; id = 181533054
Error: error_code = 15; Access denied: user deactivated; id = 276469804
Error: error_code = 30; This profile is private; id = 12804538
Error: error_code = 30; This profile is private; id = 435500180
Error: error_code = 30; This profile is private; id = 612139795
Error: error_code = 30; This profile is private; id = 672055684
Error: error_code = 30; This profile is private; id = 524186078
Error: error_code = 30; This profile is private; id = 146412825
Error: error_code = 30; This profile is private; id = 151705089
Error: error_code = 15; Access denied: user deactivated; id = 326135316
Error: error_code = 30; This profile is private; id = 133020501
Error: error_code = 15; Access denied: user deactivated; id = 220114409
Error: error_code = 15; Access denied: user deactivated; id = 434939649
Error: error_code = 15; Access denied: user deactivated; id = 520715760
Error: error_code = 30; This profile is private; id = 326590954
Error: error_code = 30; This profile is private; id = 484715102
Error: error_code = 30; This profile is private; id = 487288447
Error: error_code = 30; This profile is private; id = 281075220
Error: error_code = 15; Access denied: user deactivated; id = 555059755
Error: error_code = 30; This profile is private; id = 281624927
Error: error_code = 30; This profile is private; id = 3083110
Error: error_code = 30; This profile is private; id = 326667737
Error: error_code = 30; This profile is private; id = 568203224
Error: error_code = 30; This profile is private; id = 5816672
Error: error_code = 15; Access denied: user deactivated; id = 621970792
Error: error_code = 30; This profile is private; id = 178368667
Error: error_code = 30; This profile is private; id = 269098526
Error: error_code = 30; This profile is private; id = 481768819
Error: error_code = 30; This profile is private; id = 577760874
Error: error_code = 15; Access denied: user deactivated; id = 348748071
Error: error_code = 15; Access denied: user deactivated; id = 249031207
Error: error_code = 30; This profile is private; id = 43781710
Error: error_code = 30; This profile is private; id = 230063530
Error: error_code = 30; This profile is private; id = 39877501
Error: error_code = 30; This profile is private; id = 486677929
Error: error_code = 30; This profile is private; id = 213574828
Error: error_code = 30; This profile is private; id = 24201222
Error: error_code = 15; Access denied: user deactivated; id = 248093212
Error: error_code = 30; This profile is private; id = 20503983
Error: error_code = 15; Access denied: user deactivated; id = 452644780
Error: error_code = 15; Access denied: user deactivated; id = 565741661
Error: error_code = 15; Access denied: user deactivated; id = 30311821
Error: error_code = 15; Access denied: user deactivated; id = 35545803
Error: error_code = 30; This profile is private; id = 313964435
Error: error_code = 30; This profile is private; id = 390763773
Error: error_code = 30; This profile is private; id = 110170280
Error: error_code = 15; Access denied: user deactivated; id = 409492162
Error: error_code = 30; This profile is private; id = 175736044
Error: error_code = 15; Access denied: user deactivated; id = 229844512
Error: error_code = 30; This profile is private; id = 7054809
Error: error_code = 30; This profile is private; id = 283177427
Error: error_code = 30; This profile is private; id = 169436647
Error: error_code = 15; Access denied: user deactivated; id = 147929791
Error: error_code = 30; This profile is private; id = 346702124
Error: error_code = 30; This profile is private; id = 25403021
Error: error_code = 30; This profile is private; id = 508807879
Error: error_code = 15; Access denied: user deactivated; id = 561923505
Error: error_code = 15; Access denied: user deactivated; id = 105685599
Error: error_code = 30; This profile is private; id = 34812287
Error: error_code = 30; This profile is private; id = 417423496
Error: error_code = 15; Access denied: user deactivated; id = 101606327
Error: error_code = 30; This profile is private; id = 50134936
Error: error_code = 30; This profile is private; id = 254926082
Error: error_code = 30; This profile is private; id = 612491051
Error: error_code = 30; This profile is private; id = 231893597
Error: error_code = 15; Access denied: user deactivated; id = 407057780
Error: error_code = 15; Access denied: user deactivated; id = 638162609
Error: error_code = 15; Access denied: user deactivated; id = 405770763
Error: error_code = 30; This profile is private; id = 170935680
Error: error_code = 30; This profile is private; id = 639102785
Error: error_code = 30; This profile is private; id = 99144984
Error: error_code = 30; This profile is private; id = 136356731
Error: error_code = 30; This profile is private; id = 246840963
Error: error_code = 30; This profile is private; id = 150219190
Error: error_code = 30; This profile is private; id = 140120548
Error: error_code = 15; Access denied: user deactivated; id = 217899085
Error: error_code = 30; This profile is private; id = 219775517
Error: error_code = 30; This profile is private; id = 224746592
Error: error_code = 30; This profile is private; id = 354984245
Error: error_code = 30; This profile is private; id = 4191800
Error: error_code = 15; Access denied: user deactivated; id = 336689637
Error: error_code = 30; This profile is private; id = 458184050
Error: error_code = 15; Access denied: user deactivated; id = 436555043
Error: error_code = 30; This profile is private; id = 710653367
Error: error_code = 15; Access denied: user deactivated; id = 469822874
Error: error_code = 15; Access denied: user deactivated; id = 544153621
Error: error_code = 30; This profile is private; id = 42105901
Error: error_code = 30; This profile is private; id = 213644196
Error: error_code = 30; This profile is private; id = 9091362
Error: error_code = 30; This profile is private; id = 472953120
Error: error_code = 30; This profile is private; id = 208966104
Error: error_code = 15; Access denied: user deactivated; id = 565825303
Error: error_code = 30; This profile is private; id = 344031184
Error: error_code = 30; This profile is private; id = 1964530
Error: error_code = 30; This profile is private; id = 446925079
Error: error_code = 30; This profile is private; id = 210542732
Error: error_code = 15; Access denied: user deactivated; id = 339465331
Error: error_code = 15; Access denied: user deactivated; id = 163149549
Error: error_code = 30; This profile is private; id = 107485246
Error: error_code = 30; This profile is private; id = 11092864
Error: error_code = 30; This profile is private; id = 307359380
Error: error_code = 30; This profile is private; id = 624935979
Error: error_code = 30; This profile is private; id = 309993424
Error: error_code = 30; This profile is private; id = 77585386
Error: error_code = 30; This profile is private; id = 96318333
Error: error_code = 30; This profile is private; id = 345827794
Error: error_code = 30; This profile is private; id = 82318180
Error: error_code = 30; This profile is private; id = 9482287
Error: error_code = 15; Access denied: user deactivated; id = 5492926
Error: error_code = 15; Access denied: user deactivated; id = 177824386
Error: error_code = 15; Access denied: user deactivated; id = 217224842
Error: error_code = 30; This profile is private; id = 465144671
Error: error_code = 15; Access denied: user deactivated; id = 617796114
Error: error_code = 15; Access denied: user deactivated; id = 561787411
Error: error_code = 30; This profile is private; id = 375881886
Error: error_code = 15; Access denied: user deactivated; id = 546539235
Error: error_code = 30; This profile is private; id = 479043862
Error: error_code = 30; This profile is private; id = 331861371
Error: error_code = 30; This profile is private; id = 672253977
Error: error_code = 30; This profile is private; id = 238708159
Error: error_code = 30; This profile is private; id = 641439500
Error: error_code = 30; This profile is private; id = 147173806
Error: error_code = 15; Access denied: user deactivated; id = 457621584
Error: error_code = 15; Access denied: user deactivated; id = 4885826
Error: error_code = 30; This profile is private; id = 542554142
Error: error_code = 30; This profile is private; id = 614294114
Error: error_code = 15; Access denied: user deactivated; id = 270519655
Error: error_code = 15; Access denied: user deactivated; id = 553335533
Error: error_code = 15; Access denied: user deactivated; id = 417798907
Error: error_code = 30; This profile is private; id = 20077242
Error: error_code = 30; This profile is private; id = 414092277
Error: error_code = 30; This profile is private; id = 312693610
Error: error_code = 30; This profile is private; id = 674153092
Error: error_code = 15; Access denied: user deactivated; id = 135017126
Error: error_code = 15; Access denied: user deactivated; id = 577937919
Error: error_code = 30; This profile is private; id = 587871052
Error: error_code = 30; This profile is private; id = 657591264
Error: error_code = 30; This profile is private; id = 282380
Error: error_code = 15; Access denied: user deactivated; id = 649929107
Error: error_code = 30; This profile is private; id = 272022985
Error: error_code = 15; Access denied: user deactivated; id = 479489329
Error: error_code = 30; This profile is private; id = 188866227
Error: error_code = 15; Access denied: user deactivated; id = 655723272
Error: error_code = 30; This profile is private; id = 372821269
Error: error_code = 15; Access denied: user deactivated; id = 357693854
Error: error_code = 30; This profile is private; id = 304484
Error: error_code = 30; This profile is private; id = 492085616
Error: error_code = 30; This profile is private; id = 438103055
Error: error_code = 30; This profile is private; id = 377414327
Error: error_code = 30; This profile is private; id = 319263898
Error: error_code = 30; This profile is private; id = 560400943
Error: error_code = 15; Access denied: user deactivated; id = 421542922
Error: error_code = 30; This profile is private; id = 48236034
Error: error_code = 15; Access denied: user deactivated; id = 452337558
Error: error_code = 30; This profile is private; id = 658161688
Error: error_code = 30; This profile is private; id = 253987819
Error: error_code = 30; This profile is private; id = 574284370
Error: error_code = 15; Access denied: user deactivated; id = 206360711
Error: error_code = 30; This profile is private; id = 380417054
Error: error_code = 15; Access denied: user deactivated; id = 347930938
Error: error_code = 30; This profile is private; id = 713862805
Error: error_code = 30; This profile is private; id = 509115620
Error: error_code = 30; This profile is private; id = 248648382
Error: error_code = 30; This profile is private; id = 15677149
Error: error_code = 15; Access denied: user deactivated; id = 418722718
Error: error_code = 30; This profile is private; id = 502816239
Error: error_code = 15; Access denied: user deactivated; id = 479437646
Error: error_code = 30; This profile is private; id = 678239992
Error: error_code = 15; Access denied: user deactivated; id = 421959411
Error: error_code = 15; Access denied: user deactivated; id = 264645759
Error: error_code = 30; This profile is private; id = 421237781
Error: error_code = 15; Access denied: user deactivated; id = 223475040
Error: error_code = 15; Access denied: user deactivated; id = 715041294
Error: error_code = 30; This profile is private; id = 302751527
Error: error_code = 15; Access denied: user deactivated; id = 519648865
Error: error_code = 30; This profile is private; id = 190402943
Error: error_code = 15; Access denied: user deactivated; id = 663476003
Error: error_code = 15; Access denied: user deactivated; id = 282085054
Error: error_code = 30; This profile is private; id = 37508282
Error: error_code = 15; Access denied: user deactivated; id = 488416212
Error: error_code = 30; This profile is private; id = 221797395
Error: error_code = 15; Access denied: user deactivated; id = 362680004
Error: error_code = 15; Access denied: user deactivated; id = 189213875
Error: error_code = 30; This profile is private; id = 346903957
Error: error_code = 15; Access denied: user deactivated; id = 3545056
Error: error_code = 30; This profile is private; id = 127354151
Error: error_code = 15; Access denied: user deactivated; id = 180996892
Error: error_code = 30; This profile is private; id = 181525182
Error: error_code = 30; This profile is private; id = 59402843
Error: error_code = 15; Access denied: user deactivated; id = 393237580
Error: error_code = 30; This profile is private; id = 562292761
Error: error_code = 30; This profile is private; id = 108404541
Error: error_code = 30; This profile is private; id = 67389337
Error: error_code = 30; This profile is private; id = 304602760
Error: error_code = 30; This profile is private; id = 489030143
Error: error_code = 30; This profile is private; id = 8377287
Error: error_code = 30; This profile is private; id = 83151243
Error: error_code = 30; This profile is private; id = 273204187
Error: error_code = 15; Access denied: user deactivated; id = 327401811
Error: error_code = 30; This profile is private; id = 261214422
Error: error_code = 30; This profile is private; id = 31611578
Error: error_code = 30; This profile is private; id = 148022996
Error: error_code = 30; This profile is private; id = 248408643
Error: error_code = 15; Access denied: user deactivated; id = 597936606
Error: error_code = 30; This profile is private; id = 571879121
Error: error_code = 30; This profile is private; id = 634267626
Error: error_code = 30; This profile is private; id = 293070248
Error: error_code = 15; Access denied: user deactivated; id = 143769407
Error: error_code = 30; This profile is private; id = 222972706
Error: error_code = 15; Access denied: user deactivated; id = 355252939
Error: error_code = 30; This profile is private; id = 674240817
Error: error_code = 30; This profile is private; id = 351019478
Error: error_code = 30; This profile is private; id = 42498409
Error: error_code = 30; This profile is private; id = 253559790
Error: error_code = 30; This profile is private; id = 417242464
Error: error_code = 30; This profile is private; id = 533948811
Error: error_code = 30; This profile is private; id = 78843385
Error: error_code = 30; This profile is private; id = 606094644
Error: error_code = 30; This profile is private; id = 65529805
Error: error_code = 15; Access denied: user deactivated; id = 292184461
Error: error_code = 30; This profile is private; id = 20008519
Error: error_code = 15; Access denied: user deactivated; id = 139630923
Error: error_code = 15; Access denied: user deactivated; id = 643707325
Error: error_code = 15; Access denied: user deactivated; id = 398664057
Error: error_code = 30; This profile is private; id = 248115428
Error: error_code = 30; This profile is private; id = 251085536
Error: error_code = 30; This profile is private; id = 590315454
Error: error_code = 15; Access denied: user deactivated; id = 8512723
Error: error_code = 30; This profile is private; id = 602045016
Error: error_code = 15; Access denied: user deactivated; id = 383263412
Error: error_code = 30; This profile is private; id = 90889904
Error: error_code = 30; This profile is private; id = 146638867
Error: error_code = 30; This profile is private; id = 8231857
Error: error_code = 30; This profile is private; id = 481840670
Error: error_code = 30; This profile is private; id = 463279006
Error: error_code = 30; This profile is private; id = 1773100
Error: error_code = 30; This profile is private; id = 65446101
Error: error_code = 30; This profile is private; id = 329091676
Error: error_code = 30; This profile is private; id = 31653541
Error: error_code = 30; This profile is private; id = 226583835
Error: error_code = 30; This profile is private; id = 246183917
Error: error_code = 30; This profile is private; id = 21249771
Error: error_code = 15; Access denied: user deactivated; id = 346639932
Error: error_code = 30; This profile is private; id = 574524514
Error: error_code = 30; This profile is private; id = 500795185
Error: error_code = 30; This profile is private; id = 116526610
Error: error_code = 30; This profile is private; id = 22710442
Error: error_code = 15; Access denied: user deactivated; id = 378599160
Error: error_code = 15; Access denied: user deactivated; id = 299415372
Error: error_code = 30; This profile is private; id = 9553058
Error: error_code = 30; This profile is private; id = 476099425
Error: error_code = 30; This profile is private; id = 92716086
Error: error_code = 15; Access denied: user deactivated; id = 74665676
Error: error_code = 30; This profile is private; id = 644862141
Error: error_code = 15; Access denied: user deactivated; id = 138375288
Error: error_code = 30; This profile is private; id = 539887458
Error: error_code = 30; This profile is private; id = 235264655
Error: error_code = 30; This profile is private; id = 176911811
Error: error_code = 15; Access denied: user deactivated; id = 276688595
Error: error_code = 30; This profile is private; id = 516151045
Error: error_code = 30; This profile is private; id = 173905129
Error: error_code = 30; This profile is private; id = 76866871
Error: error_code = 30; This profile is private; id = 223086169
Error: error_code = 30; This profile is private; id = 244987574
Error: error_code = 30; This profile is private; id = 281907154
Error: error_code = 15; Access denied: user deactivated; id = 411957751
Error: error_code = 30; This profile is private; id = 288566441
Error: error_code = 30; This profile is private; id = 45808375
Error: error_code = 15; Access denied: user deactivated; id = 523953534
Error: error_code = 30; This profile is private; id = 178117042
Error: error_code = 30; This profile is private; id = 153546949
Error: error_code = 15; Access denied: user deactivated; id = 479377201
Error: error_code = 30; This profile is private; id = 589929162
Error: error_code = 30; This profile is private; id = 533951811
Error: error_code = 30; This profile is private; id = 571362349
Error: error_code = 30; This profile is private; id = 69877868
Error: error_code = 15; Access denied: user deactivated; id = 157305664
Error: error_code = 30; This profile is private; id = 59932806
Error: error_code = 30; This profile is private; id = 202001151
Error: error_code = 30; This profile is private; id = 359592122
Error: error_code = 30; This profile is private; id = 494520019
Error: error_code = 15; Access denied: user deactivated; id = 225810113
Error: error_code = 30; This profile is private; id = 241276230
Error: error_code = 15; Access denied: user deactivated; id = 413904824
Error: error_code = 15; Access denied: user deactivated; id = 434649796
Error: error_code = 30; This profile is private; id = 17504762
Error: error_code = 30; This profile is private; id = 577499275
Error: error_code = 30; This profile is private; id = 568154248
Error: error_code = 30; This profile is private; id = 341606818
Error: error_code = 30; This profile is private; id = 132382870
Error: error_code = 30; This profile is private; id = 58690291
Error: error_code = 30; This profile is private; id = 421029684
Error: error_code = 15; Access denied: user deactivated; id = 682095525
Error: error_code = 30; This profile is private; id = 99815506
Error: error_code = 30; This profile is private; id = 143297636
Error: error_code = 30; This profile is private; id = 508929439
Error: error_code = 30; This profile is private; id = 242910187
Error: error_code = 15; Access denied: user deactivated; id = 507679015
Error: error_code = 30; This profile is private; id = 221161437
Error: error_code = 15; Access denied: user deactivated; id = 542698903
Error: error_code = 30; This profile is private; id = 648992674
Error: error_code = 30; This profile is private; id = 330313968
Error: error_code = 15; Access denied: user deactivated; id = 206852953
Error: error_code = 30; This profile is private; id = 169923552
Error: error_code = 30; This profile is private; id = 66374682
Error: error_code = 15; Access denied: user deactivated; id = 614998218
Error: error_code = 15; Access denied: user deactivated; id = 89202361
Error: error_code = 30; This profile is private; id = 136179818
Error: error_code = 30; This profile is private; id = 568472061
Error: error_code = 30; This profile is private; id = 150362434
Error: error_code = 15; Access denied: user deactivated; id = 139413675
Error: error_code = 15; Access denied: user deactivated; id = 280227417
Error: error_code = 30; This profile is private; id = 569336196
Error: error_code = 15; Access denied: user deactivated; id = 317366397
Error: error_code = 30; This profile is private; id = 527757305
Error: error_code = 15; Access denied: user deactivated; id = 84262275
Error: error_code = 15; Access denied: user deactivated; id = 223071225
Error: error_code = 30; This profile is private; id = 224852035
Error: error_code = 30; This profile is private; id = 1577282
Error: error_code = 30; This profile is private; id = 430568734
Error: error_code = 30; This profile is private; id = 1853962
Error: error_code = 30; This profile is private; id = 153283412
Error: error_code = 15; Access denied: user deactivated; id = 10007293
Error: error_code = 30; This profile is private; id = 512478485
Error: error_code = 30; This profile is private; id = 218623371
Error: error_code = 30; This profile is private; id = 415674061
Error: error_code = 30; This profile is private; id = 3576533
Error: error_code = 30; This profile is private; id = 577176729
Error: error_code = 30; This profile is private; id = 79044574
Error: error_code = 30; This profile is private; id = 509270176
Error: error_code = 30; This profile is private; id = 639128095
Error: error_code = 15; Access denied: user deactivated; id = 85391881
Error: error_code = 15; Access denied: user deactivated; id = 397606042
Error: error_code = 30; This profile is private; id = 520628189
Error: error_code = 30; This profile is private; id = 12068963
Error: error_code = 30; This profile is private; id = 173134907
Error: error_code = 30; This profile is private; id = 377835907
Error: error_code = 30; This profile is private; id = 178798681
Error: error_code = 30; This profile is private; id = 69888969
Error: error_code = 30; This profile is private; id = 17148744
Error: error_code = 30; This profile is private; id = 710698393
Error: error_code = 15; Access denied: user deactivated; id = 227760957
Error: error_code = 15; Access denied: user deactivated; id = 595209026
Error: error_code = 30; This profile is private; id = 280497010
Error: error_code = 30; This profile is private; id = 452518014
Error: error_code = 30; This profile is private; id = 333422125
Error: error_code = 30; This profile is private; id = 596284609
Error: error_code = 15; Access denied: user deactivated; id = 220008038
Error: error_code = 30; This profile is private; id = 332581928
Error: error_code = 30; This profile is private; id = 356728816
Error: error_code = 15; Access denied: user deactivated; id = 106940058
Error: error_code = 30; This profile is private; id = 528485548
Error: error_code = 30; This profile is private; id = 500652930
Error: error_code = 30; This profile is private; id = 8186052
Error: error_code = 15; Access denied: user deactivated; id = 297147530
Error: error_code = 30; This profile is private; id = 451111619
Error: error_code = 30; This profile is private; id = 464571059
Error: error_code = 30; This profile is private; id = 617087205
Error: error_code = 30; This profile is private; id = 192114801
Error: error_code = 30; This profile is private; id = 529786900
Error: error_code = 30; This profile is private; id = 81317327
Error: error_code = 15; Access denied: user deactivated; id = 634364729
Error: error_code = 30; This profile is private; id = 5231765
Error: error_code = 15; Access denied: user deactivated; id = 472906722
Error: error_code = 15; Access denied: user deactivated; id = 347513828
Error: error_code = 15; Access denied: user deactivated; id = 546592030
Error: error_code = 30; This profile is private; id = 48512025
Error: error_code = 30; This profile is private; id = 140468994
Error: error_code = 15; Access denied: user deactivated; id = 705248983
Error: error_code = 15; Access denied: user deactivated; id = 341863393
Error: error_code = 30; This profile is private; id = 79516618
Error: error_code = 30; This profile is private; id = 309352377
Error: error_code = 30; This profile is private; id = 180907573
Error: error_code = 30; This profile is private; id = 120269966
Error: error_code = 15; Access denied: user deactivated; id = 130083856
Error: error_code = 30; This profile is private; id = 326984869
Error: error_code = 30; This profile is private; id = 310775001
Error: error_code = 30; This profile is private; id = 610044999
Error: error_code = 30; This profile is private; id = 159585291
Error: error_code = 30; This profile is private; id = 514931690
Error: error_code = 30; This profile is private; id = 231607270
Error: error_code = 30; This profile is private; id = 568921831
Error: error_code = 30; This profile is private; id = 410759129
Error: error_code = 30; This profile is private; id = 113386405
Error: error_code = 15; Access denied: user deactivated; id = 424857930
Error: error_code = 15; Access denied: user deactivated; id = 229687781
Error: error_code = 30; This profile is private; id = 265614976
Error: error_code = 15; Access denied: user deactivated; id = 214175780
Error: error_code = 15; Access denied: user deactivated; id = 165573448
Error: error_code = 15; Access denied: user deactivated; id = 414768027
Error: error_code = 30; This profile is private; id = 22346266
Error: error_code = 30; This profile is private; id = 696471006
Error: error_code = 15; Access denied: user deactivated; id = 79709432
Error: error_code = 15; Access denied: user deactivated; id = 241809495
Error: error_code = 30; This profile is private; id = 390081517
Error: error_code = 30; This profile is private; id = 421977722
Error: error_code = 30; This profile is private; id = 234747902
Error: error_code = 15; Access denied: user deactivated; id = 547100795
Error: error_code = 30; This profile is private; id = 26176865
Error: error_code = 30; This profile is private; id = 74954732
Error: error_code = 15; Access denied: user deactivated; id = 427011080
Error: error_code = 30; This profile is private; id = 554606474
Error: error_code = 30; This profile is private; id = 510985012
Error: error_code = 30; This profile is private; id = 269467752
Error: error_code = 30; This profile is private; id = 202105672
Error: error_code = 15; Access denied: user deactivated; id = 158367588
Error: error_code = 30; This profile is private; id = 452001784
Error: error_code = 30; This profile is private; id = 40194010
Error: error_code = 30; This profile is private; id = 597424108
Error: error_code = 30; This profile is private; id = 280327
Error: error_code = 30; This profile is private; id = 667972915
Error: error_code = 30; This profile is private; id = 19547692
Error: error_code = 30; This profile is private; id = 306284624
Error: error_code = 30; This profile is private; id = 82716165
Error: error_code = 30; This profile is private; id = 379366162
Error: error_code = 15; Access denied: user deactivated; id = 606286983
Error: error_code = 30; This profile is private; id = 653596124
Error: error_code = 30; This profile is private; id = 555897726
Error: error_code = 15; Access denied: user deactivated; id = 455877363
Error: error_code = 30; This profile is private; id = 87358814
Error: error_code = 30; This profile is private; id = 476010624
Error: error_code = 30; This profile is private; id = 296937561
Error: error_code = 15; Access denied: user deactivated; id = 715586024
Error: error_code = 30; This profile is private; id = 532080357
Error: error_code = 15; Access denied: user deactivated; id = 261129555
Error: error_code = 30; This profile is private; id = 350688314
Error: error_code = 30; This profile is private; id = 548422072
Error: error_code = 30; This profile is private; id = 584131706
Error: error_code = 30; This profile is private; id = 402289882
Error: error_code = 30; This profile is private; id = 133053730
Error: error_code = 30; This profile is private; id = 283758209
Error: error_code = 30; This profile is private; id = 433879823
Error: error_code = 30; This profile is private; id = 649884869
Error: error_code = 15; Access denied: user deactivated; id = 433839286
Error: error_code = 30; This profile is private; id = 709163207
Error: error_code = 15; Access denied: user deactivated; id = 356280128
Error: error_code = 15; Access denied: user deactivated; id = 215198336
Error: error_code = 15; Access denied: user deactivated; id = 714969471
Error: error_code = 15; Access denied: user deactivated; id = 98407564
Error: error_code = 30; This profile is private; id = 679950732
Error: error_code = 30; This profile is private; id = 94940723
Error: error_code = 15; Access denied: user deactivated; id = 46373644
Error: error_code = 15; Access denied: user deactivated; id = 511290913
Error: error_code = 30; This profile is private; id = 261339069
Error: error_code = 15; Access denied: user deactivated; id = 346001484
Error: error_code = 15; Access denied: user deactivated; id = 217145908
Error: error_code = 15; Access denied: user deactivated; id = 444426786
Error: error_code = 30; This profile is private; id = 384568583
Error: error_code = 15; Access denied: user deactivated; id = 545707541
Error: error_code = 15; Access denied: user deactivated; id = 610286398
Error: error_code = 15; Access denied: user deactivated; id = 531167988
Error: error_code = 30; This profile is private; id = 439747665
Error: error_code = 30; This profile is private; id = 155287405
Error: error_code = 30; This profile is private; id = 330091204
Error: error_code = 15; Access denied: user deactivated; id = 225306544
Error: error_code = 15; Access denied: user deactivated; id = 421296240
Error: error_code = 30; This profile is private; id = 230256898
Error: error_code = 30; This profile is private; id = 509752392
Error: error_code = 30; This profile is private; id = 47891742
Error: error_code = 30; This profile is private; id = 474554269
Error: error_code = 30; This profile is private; id = 204597541
Error: error_code = 15; Access denied: user deactivated; id = 576708324
Error: error_code = 30; This profile is private; id = 92420464
Error: error_code = 30; This profile is private; id = 131059840
Error: error_code = 15; Access denied: user deactivated; id = 40737231
Error: error_code = 30; This profile is private; id = 300940667
Error: error_code = 30; This profile is private; id = 193800692
Error: error_code = 15; Access denied: user deactivated; id = 196663821
Error: error_code = 30; This profile is private; id = 340732723
Error: error_code = 30; This profile is private; id = 154074855
Error: error_code = 30; This profile is private; id = 643990470
Error: error_code = 30; This profile is private; id = 559907505
Error: error_code = 30; This profile is private; id = 455473196
Error: error_code = 15; Access denied: user deactivated; id = 715896486
Error: error_code = 30; This profile is private; id = 172040446
Error: error_code = 30; This profile is private; id = 549851314
Error: error_code = 30; This profile is private; id = 274460680
Error: error_code = 15; Access denied: user deactivated; id = 212304902
Error: error_code = 30; This profile is private; id = 241640197
Error: error_code = 30; This profile is private; id = 315389766
Error: error_code = 30; This profile is private; id = 517806924
Error: error_code = 15; Access denied: user deactivated; id = 203755295
Error: error_code = 15; Access denied: user deactivated; id = 702522355
Error: error_code = 30; This profile is private; id = 21081701
Error: error_code = 15; Access denied: user deactivated; id = 706002067
Error: error_code = 30; This profile is private; id = 262806863
Error: error_code = 15; Access denied: user deactivated; id = 252307190
Error: error_code = 15; Access denied: user deactivated; id = 492159686
Error: error_code = 15; Access denied: user deactivated; id = 123563599
Error: error_code = 30; This profile is private; id = 188212238
Error: error_code = 15; Access denied: user deactivated; id = 16797910
Error: error_code = 30; This profile is private; id = 372566227
Error: error_code = 30; This profile is private; id = 44558035
Error: error_code = 30; This profile is private; id = 100922563
Error: error_code = 30; This profile is private; id = 381114697
Error: error_code = 15; Access denied: user deactivated; id = 418063456
Error: error_code = 30; This profile is private; id = 377428340
Error: error_code = 30; This profile is private; id = 600269967
Error: error_code = 15; Access denied: user deactivated; id = 383856794
Error: error_code = 30; This profile is private; id = 593685981
Error: error_code = 30; This profile is private; id = 383156122
Error: error_code = 15; Access denied: user deactivated; id = 359085692
Error: error_code = 30; This profile is private; id = 321576597
Error: error_code = 30; This profile is private; id = 501022336
Error: error_code = 30; This profile is private; id = 155696184
Error: error_code = 30; This profile is private; id = 143038682
Error: error_code = 15; Access denied: user deactivated; id = 534544643
Error: error_code = 30; This profile is private; id = 156173978
Error: error_code = 15; Access denied: user deactivated; id = 563093962
Error: error_code = 15; Access denied: user deactivated; id = 316115376
Error: error_code = 30; This profile is private; id = 52327212
Error: error_code = 15; Access denied: user deactivated; id = 363898837
Error: error_code = 15; Access denied: user deactivated; id = 289043596
Error: error_code = 30; This profile is private; id = 118786569
Error: error_code = 30; This profile is private; id = 96969920
Error: error_code = 30; This profile is private; id = 272881692
Error: error_code = 15; Access denied: user deactivated; id = 401443467
Error: error_code = 30; This profile is private; id = 325139391
Error: error_code = 30; This profile is private; id = 176505979
Error: error_code = 15; Access denied: user deactivated; id = 94238058
Error: error_code = 30; This profile is private; id = 664647989
Error: error_code = 30; This profile is private; id = 316247905
Error: error_code = 30; This profile is private; id = 368161119
Error: error_code = 15; Access denied: user deactivated; id = 17548095
Error: error_code = 15; Access denied: user deactivated; id = 209734705
Error: error_code = 15; Access denied: user deactivated; id = 29560493
Error: error_code = 15; Access denied: user deactivated; id = 305174351
Error: error_code = 30; This profile is private; id = 121947932
Error: error_code = 15; Access denied: user deactivated; id = 278019231
Error: error_code = 30; This profile is private; id = 385039591
Error: error_code = 30; This profile is private; id = 230193878
Error: error_code = 30; This profile is private; id = 336277487
Error: error_code = 30; This profile is private; id = 286246155
Error: error_code = 30; This profile is private; id = 91393990
Error: error_code = 30; This profile is private; id = 234555939
Error: error_code = 30; This profile is private; id = 520205685
Error: error_code = 30; This profile is private; id = 118240215
Error: error_code = 30; This profile is private; id = 643562288
Error: error_code = 30; This profile is private; id = 210589113
Error: error_code = 30; This profile is private; id = 156441812
Error: error_code = 30; This profile is private; id = 15160394
Error: error_code = 30; This profile is private; id = 172950497
Error: error_code = 30; This profile is private; id = 557788639
Error: error_code = 30; This profile is private; id = 545855450
Error: error_code = 30; This profile is private; id = 432589998
Error: error_code = 15; Access denied: user deactivated; id = 525406730
Error: error_code = 30; This profile is private; id = 21295905
Error: error_code = 15; Access denied: user deactivated; id = 189073896
Error: error_code = 15; Access denied: user deactivated; id = 466110265
Error: error_code = 15; Access denied: user deactivated; id = 178022824
Error: error_code = 15; Access denied: user deactivated; id = 417318204
Error: error_code = 30; This profile is private; id = 557439534
Error: error_code = 30; This profile is private; id = 180463484
Error: error_code = 15; Access denied: user deactivated; id = 162243188
Error: error_code = 30; This profile is private; id = 611272077
Error: error_code = 30; This profile is private; id = 248202649
Error: error_code = 15; Access denied: user deactivated; id = 367313609
Error: error_code = 15; Access denied: user deactivated; id = 322510057
Error: error_code = 30; This profile is private; id = 134407860
Error: error_code = 30; This profile is private; id = 434978713
Error: error_code = 30; This profile is private; id = 566612624
Error: error_code = 15; Access denied: user deactivated; id = 422710676
Error: error_code = 15; Access denied: user deactivated; id = 627615968
Error: error_code = 15; Access denied: user deactivated; id = 292711779
Error: error_code = 30; This profile is private; id = 703803725
Error: error_code = 15; Access denied: user deactivated; id = 260562495
Error: error_code = 15; Access denied: user deactivated; id = 186917810
Error: error_code = 30; This profile is private; id = 45386352
Error: error_code = 30; This profile is private; id = 7683667
Error: error_code = 15; Access denied: user deactivated; id = 500905669
Error: error_code = 30; This profile is private; id = 4601340
Error: error_code = 30; This profile is private; id = 195067302
Error: error_code = 30; This profile is private; id = 508063946
Error: error_code = 15; Access denied: user deactivated; id = 433880667
Error: error_code = 30; This profile is private; id = 91092672
Error: error_code = 30; This profile is private; id = 574743452
Error: error_code = 30; This profile is private; id = 99355518
Error: error_code = 15; Access denied: user deactivated; id = 222436746
Error: error_code = 30; This profile is private; id = 64674539
Error: error_code = 30; This profile is private; id = 311217323
Error: error_code = 30; This profile is private; id = 715070353
Error: error_code = 30; This profile is private; id = 106736177
Error: error_code = 30; This profile is private; id = 584335371
Error: error_code = 30; This profile is private; id = 262775097
Error: error_code = 30; This profile is private; id = 168569665
Error: error_code = 30; This profile is private; id = 8743520
Error: error_code = 30; This profile is private; id = 668686360
Error: error_code = 30; This profile is private; id = 110837843
Error: error_code = 30; This profile is private; id = 112600158
Error: error_code = 30; This profile is private; id = 174099896
Error: error_code = 30; This profile is private; id = 591814427
Error: error_code = 30; This profile is private; id = 534482126
Error: error_code = 30; This profile is private; id = 288020828
Error: error_code = 15; Access denied: user deactivated; id = 229098208
Error: error_code = 30; This profile is private; id = 244441994
Error: error_code = 30; This profile is private; id = 30600166
Error: error_code = 30; This profile is private; id = 206700672
Error: error_code = 15; Access denied: user deactivated; id = 244594197
Error: error_code = 30; This profile is private; id = 557568346
Error: error_code = 30; This profile is private; id = 636120748
Error: error_code = 15; Access denied: user deactivated; id = 322215952
Error: error_code = 30; This profile is private; id = 585849462
Error: error_code = 30; This profile is private; id = 224314021
Error: error_code = 15; Access denied: user deactivated; id = 511822004
Error: error_code = 30; This profile is private; id = 672694119
Error: error_code = 30; This profile is private; id = 282182229
Error: error_code = 15; Access denied: user deactivated; id = 371036446
Error: error_code = 30; This profile is private; id = 1393112
Error: error_code = 30; This profile is private; id = 475190881
Error: error_code = 15; Access denied: user deactivated; id = 505151323
Error: error_code = 30; This profile is private; id = 543042467
Error: error_code = 15; Access denied: user deactivated; id = 427469143
Error: error_code = 30; This profile is private; id = 428166791
Error: error_code = 30; This profile is private; id = 661989625
Error: error_code = 30; This profile is private; id = 352406037
Error: error_code = 30; This profile is private; id = 313979911
Error: error_code = 30; This profile is private; id = 195012868
Error: error_code = 30; This profile is private; id = 668459101
Error: error_code = 30; This profile is private; id = 159333802
Error: error_code = 15; Access denied: user deactivated; id = 7227341
Error: error_code = 15; Access denied: user deactivated; id = 271381968
Error: error_code = 30; This profile is private; id = 20164470
Error: error_code = 15; Access denied: user deactivated; id = 559092884
Error: error_code = 30; This profile is private; id = 245096660
Error: error_code = 30; This profile is private; id = 224596241
Error: error_code = 30; This profile is private; id = 424537463
Error: error_code = 30; This profile is private; id = 680332622
Error: error_code = 30; This profile is private; id = 204839822
Error: error_code = 30; This profile is private; id = 6916133
Error: error_code = 30; This profile is private; id = 191324823
Error: error_code = 30; This profile is private; id = 513070643
Error: error_code = 15; Access denied: user deactivated; id = 458602612
Error: error_code = 15; Access denied: user deactivated; id = 177888308
Error: error_code = 15; Access denied: user deactivated; id = 387177432
Error: error_code = 30; This profile is private; id = 145185935
Error: error_code = 30; This profile is private; id = 9872380
Error: error_code = 30; This profile is private; id = 318297908
Error: error_code = 30; This profile is private; id = 16728775
Error: error_code = 30; This profile is private; id = 391839826
Error: error_code = 15; Access denied: user deactivated; id = 425281604
Error: error_code = 30; This profile is private; id = 162877408
Error: error_code = 30; This profile is private; id = 399266876
Error: error_code = 30; This profile is private; id = 151729734
Error: error_code = 30; This profile is private; id = 198202512
Error: error_code = 15; Access denied: user deactivated; id = 510063727
Error: error_code = 30; This profile is private; id = 55195611
Error: error_code = 15; Access denied: user deactivated; id = 228669654
Error: error_code = 30; This profile is private; id = 498532080
Error: error_code = 30; This profile is private; id = 16323731
Error: error_code = 30; This profile is private; id = 426031900
Error: error_code = 15; Access denied: user deactivated; id = 424645255
Error: error_code = 30; This profile is private; id = 174393392
Error: error_code = 30; This profile is private; id = 142755775
Error: error_code = 30; This profile is private; id = 690158560
Error: error_code = 30; This profile is private; id = 283145251
Error: error_code = 30; This profile is private; id = 9031456
Error: error_code = 30; This profile is private; id = 84627707
Error: error_code = 30; This profile is private; id = 205556342
Error: error_code = 30; This profile is private; id = 8065514
Error: error_code = 30; This profile is private; id = 231510774
Error: error_code = 30; This profile is private; id = 1549637
Error: error_code = 30; This profile is private; id = 444223623
Error: error_code = 15; Access denied: user deactivated; id = 374637523
Error: error_code = 30; This profile is private; id = 337144006
Error: error_code = 30; This profile is private; id = 146909334
Error: error_code = 30; This profile is private; id = 165754047
Error: error_code = 30; This profile is private; id = 295330759
Error: error_code = 15; Access denied: user deactivated; id = 228094968
Error: error_code = 30; This profile is private; id = 16676655
Error: error_code = 15; Access denied: user deactivated; id = 34558291
Error: error_code = 30; This profile is private; id = 146123563
Error: error_code = 30; This profile is private; id = 142719384
Error: error_code = 30; This profile is private; id = 569947574
Error: error_code = 15; Access denied: user deactivated; id = 426141852
Error: error_code = 30; This profile is private; id = 625095123
Error: error_code = 30; This profile is private; id = 707452043
Error: error_code = 15; Access denied: user deactivated; id = 208348938
Error: error_code = 15; Access denied: user deactivated; id = 715137368
Error: error_code = 30; This profile is private; id = 639853803
Error: error_code = 30; This profile is private; id = 564106981
Error: error_code = 30; This profile is private; id = 516238511
Error: error_code = 30; This profile is private; id = 134459735
Error: error_code = 30; This profile is private; id = 488913791
Error: error_code = 15; Access denied: user deactivated; id = 556643233
Error: error_code = 30; This profile is private; id = 696036762
Error: error_code = 30; This profile is private; id = 433296736
Error: error_code = 15; Access denied: user deactivated; id = 95386559
Error: error_code = 30; This profile is private; id = 119343432
Error: error_code = 30; This profile is private; id = 337093215
Error: error_code = 30; This profile is private; id = 479372579
Error: error_code = 15; Access denied: user deactivated; id = 418332541
Error: error_code = 15; Access denied: user deactivated; id = 139966501
Error: error_code = 30; This profile is private; id = 575146909
Error: error_code = 30; This profile is private; id = 519304725
Error: error_code = 15; Access denied: user deactivated; id = 226932864
Error: error_code = 30; This profile is private; id = 31623438
Error: error_code = 15; Access denied: user deactivated; id = 427940164
Error: error_code = 30; This profile is private; id = 520498753
Error: error_code = 15; Access denied: user deactivated; id = 462013886
Error: error_code = 30; This profile is private; id = 239729005
Error: error_code = 30; This profile is private; id = 1378317
Error: error_code = 30; This profile is private; id = 369773641
Error: error_code = 30; This profile is private; id = 514484433
Error: error_code = 30; This profile is private; id = 17790701
Error: error_code = 30; This profile is private; id = 649077333
Error: error_code = 30; This profile is private; id = 139977536
Error: error_code = 15; Access denied: user deactivated; id = 715186792
Error: error_code = 15; Access denied: user deactivated; id = 455052469
Error: error_code = 30; This profile is private; id = 594238109
Error: error_code = 30; This profile is private; id = 705184098
Error: error_code = 30; This profile is private; id = 714337938
Error: error_code = 15; Access denied: user deactivated; id = 521430412
Error: error_code = 30; This profile is private; id = 548337154
Error: error_code = 30; This profile is private; id = 496791531
Error: error_code = 15; Access denied: user deactivated; id = 706181231
Error: error_code = 30; This profile is private; id = 441000608
Error: error_code = 30; This profile is private; id = 114705489
Error: error_code = 15; Access denied: user deactivated; id = 552119254
Error: error_code = 15; Access denied: user deactivated; id = 621426718
Error: error_code = 30; This profile is private; id = 456185834
Error: error_code = 30; This profile is private; id = 407416892
Error: error_code = 30; This profile is private; id = 644642198
Error: error_code = 15; Access denied: user deactivated; id = 374420722
Error: error_code = 30; This profile is private; id = 549981378
Error: error_code = 15; Access denied: user deactivated; id = 52926786
Error: error_code = 30; This profile is private; id = 272344177
Error: error_code = 30; This profile is private; id = 614443170
Error: error_code = 30; This profile is private; id = 18470454
Error: error_code = 15; Access denied: user deactivated; id = 296134594
Error: error_code = 15; Access denied: user deactivated; id = 279389599
Error: error_code = 15; Access denied: user deactivated; id = 189417976
Error: error_code = 30; This profile is private; id = 297725231
Error: error_code = 30; This profile is private; id = 164484013
Error: error_code = 15; Access denied: user deactivated; id = 347535414
Error: error_code = 30; This profile is private; id = 246102714
Error: error_code = 30; This profile is private; id = 125366426
Error: error_code = 30; This profile is private; id = 679483491
Error: error_code = 30; This profile is private; id = 103992332
Error: error_code = 30; This profile is private; id = 50543453
Error: error_code = 30; This profile is private; id = 486900044
Error: error_code = 30; This profile is private; id = 711930960
Error: error_code = 30; This profile is private; id = 668344447
Error: error_code = 15; Access denied: user deactivated; id = 380771057
Error: error_code = 30; This profile is private; id = 714464265
Error: error_code = 30; This profile is private; id = 377912764
Error: error_code = 30; This profile is private; id = 257547624
Error: error_code = 30; This profile is private; id = 591209455
Error: error_code = 30; This profile is private; id = 108088963
Error: error_code = 30; This profile is private; id = 322273436
Error: error_code = 30; This profile is private; id = 512667362
Error: error_code = 15; Access denied: user deactivated; id = 415373404
Error: error_code = 15; Access denied: user deactivated; id = 355131774
Error: error_code = 15; Access denied: user deactivated; id = 377053413
Error: error_code = 30; This profile is private; id = 335863228
Error: error_code = 15; Access denied: user deactivated; id = 440726887
Error: error_code = 30; This profile is private; id = 555549038
Error: error_code = 30; This profile is private; id = 711910103
Error: error_code = 30; This profile is private; id = 425685957
Error: error_code = 30; This profile is private; id = 270915354
Error: error_code = 30; This profile is private; id = 279517969
Error: error_code = 15; Access denied: user deactivated; id = 25033531
Error: error_code = 30; This profile is private; id = 863952
Error: error_code = 30; This profile is private; id = 286194318
Error: error_code = 15; Access denied: user deactivated; id = 401832978
Error: error_code = 30; This profile is private; id = 507194493
Error: error_code = 30; This profile is private; id = 120591901
Error: error_code = 15; Access denied: user deactivated; id = 570230968
Error: error_code = 30; This profile is private; id = 122406455
Error: error_code = 30; This profile is private; id = 334744841
Error: error_code = 30; This profile is private; id = 223889621
Error: error_code = 30; This profile is private; id = 612873613
Error: error_code = 30; This profile is private; id = 244174033
Error: error_code = 30; This profile is private; id = 716078384
Error: error_code = 30; This profile is private; id = 95763171
Error: error_code = 30; This profile is private; id = 147493945
Error: error_code = 30; This profile is private; id = 329887778
Error: error_code = 30; This profile is private; id = 194924736
Error: error_code = 30; This profile is private; id = 73136455
Error: error_code = 30; This profile is private; id = 501764629
Error: error_code = 30; This profile is private; id = 451963893
Error: error_code = 15; Access denied: user deactivated; id = 538316756
Error: error_code = 30; This profile is private; id = 368679093
Error: error_code = 30; This profile is private; id = 535629662
Error: error_code = 15; Access denied: user deactivated; id = 392101453
Error: error_code = 15; Access denied: user deactivated; id = 370234359
Error: error_code = 15; Access denied: user deactivated; id = 339912229
Error: error_code = 30; This profile is private; id = 192168404
Error: error_code = 15; Access denied: user deactivated; id = 207655762
Error: error_code = 15; Access denied: user deactivated; id = 318213833
Error: error_code = 30; This profile is private; id = 84549070
Error: error_code = 30; This profile is private; id = 640557457
Error: error_code = 30; This profile is private; id = 574746621
Error: error_code = 15; Access denied: user deactivated; id = 608537490
Error: error_code = 30; This profile is private; id = 462076033
Error: error_code = 30; This profile is private; id = 55754424
Error: error_code = 30; This profile is private; id = 141158861
Error: error_code = 30; This profile is private; id = 138665676
Error: error_code = 30; This profile is private; id = 393264985
Error: error_code = 30; This profile is private; id = 390476028
Error: error_code = 30; This profile is private; id = 45160544
Error: error_code = 30; This profile is private; id = 596930426
Error: error_code = 15; Access denied: user deactivated; id = 715187995
Error: error_code = 30; This profile is private; id = 493414938
Error: error_code = 30; This profile is private; id = 670036579
Error: error_code = 15; Access denied: user deactivated; id = 708149574
Error: error_code = 15; Access denied: user deactivated; id = 279393529
Error: error_code = 30; This profile is private; id = 585545522
Error: error_code = 30; This profile is private; id = 672666303
Error: error_code = 30; This profile is private; id = 126674938
Error: error_code = 30; This profile is private; id = 569639174
Error: error_code = 15; Access denied: user deactivated; id = 359695716
Error: error_code = 30; This profile is private; id = 624072777
Error: error_code = 30; This profile is private; id = 146008953
Error: error_code = 15; Access denied: user deactivated; id = 301809232
Error: error_code = 30; This profile is private; id = 245140856
Error: error_code = 15; Access denied: user deactivated; id = 243892585
Error: error_code = 30; This profile is private; id = 669560265
Error: error_code = 30; This profile is private; id = 500410838
Error: error_code = 15; Access denied: user deactivated; id = 712326241
Error: error_code = 30; This profile is private; id = 133189582
Error: error_code = 30; This profile is private; id = 169398886
Error: error_code = 30; This profile is private; id = 200054413
Error: error_code = 30; This profile is private; id = 518724455
Error: error_code = 15; Access denied: user deactivated; id = 217316634
Error: error_code = 15; Access denied: user deactivated; id = 240434526
Error: error_code = 30; This profile is private; id = 583611824
Error: error_code = 30; This profile is private; id = 198892808
Error: error_code = 30; This profile is private; id = 396592523
Error: error_code = 30; This profile is private; id = 576889899
Error: error_code = 30; This profile is private; id = 684975260
Error: error_code = 30; This profile is private; id = 654372992
Error: error_code = 30; This profile is private; id = 506709105
Error: error_code = 30; This profile is private; id = 280292
Error: error_code = 30; This profile is private; id = 496218051
Error: error_code = 15; Access denied: user deactivated; id = 299582691
Error: error_code = 30; This profile is private; id = 321903303
Error: error_code = 30; This profile is private; id = 53857246
Error: error_code = 30; This profile is private; id = 27938422
Error: error_code = 15; Access denied: user deactivated; id = 293952432
Error: error_code = 15; Access denied: user deactivated; id = 226423155
Error: error_code = 15; Access denied: user deactivated; id = 625755571
Error: error_code = 15; Access denied: user deactivated; id = 531572701
Error: error_code = 30; This profile is private; id = 691323081
Error: error_code = 15; Access denied: user deactivated; id = 348343737
Error: error_code = 30; This profile is private; id = 553293948
Error: error_code = 15; Access denied: user deactivated; id = 186888010
Error: error_code = 30; This profile is private; id = 647123928
Error: error_code = 30; This profile is private; id = 75840915
Error: error_code = 30; This profile is private; id = 629715217
Error: error_code = 15; Access denied: user deactivated; id = 634121758
Error: error_code = 30; This profile is private; id = 512183367
Error: error_code = 30; This profile is private; id = 615821687
Error: error_code = 30; This profile is private; id = 638623749
Error: error_code = 30; This profile is private; id = 370475856
Error: error_code = 30; This profile is private; id = 127275971
Error: error_code = 15; Access denied: user deactivated; id = 150921346
Error: error_code = 30; This profile is private; id = 504154577
Error: error_code = 15; Access denied: user deactivated; id = 472610850
Error: error_code = 15; Access denied: user deactivated; id = 231783657
Error: error_code = 30; This profile is private; id = 594657507
Error: error_code = 30; This profile is private; id = 462580082
Error: error_code = 30; This profile is private; id = 560298507
Error: error_code = 30; This profile is private; id = 244450071
Error: error_code = 30; This profile is private; id = 477204190
Error: error_code = 30; This profile is private; id = 229098268
Error: error_code = 30; This profile is private; id = 327179694
Error: error_code = 15; Access denied: user deactivated; id = 230503568
Error: error_code = 15; Access denied: user deactivated; id = 113150089
Error: error_code = 30; This profile is private; id = 406920569
Error: error_code = 15; Access denied: user deactivated; id = 350489944
Error: error_code = 15; Access denied: user deactivated; id = 210092998
Error: error_code = 15; Access denied: user deactivated; id = 154790906
Error: error_code = 30; This profile is private; id = 673590249
Error: error_code = 30; This profile is private; id = 135983641
Error: error_code = 30; This profile is private; id = 586283224
Error: error_code = 30; This profile is private; id = 658703083
Error: error_code = 15; Access denied: user deactivated; id = 144700833
Error: error_code = 30; This profile is private; id = 132833953
Error: error_code = 30; This profile is private; id = 137851863
Error: error_code = 30; This profile is private; id = 661775215
Error: error_code = 30; This profile is private; id = 158171377
Error: error_code = 30; This profile is private; id = 128087271
Error: error_code = 30; This profile is private; id = 175801074
Error: error_code = 15; Access denied: user deactivated; id = 291508418
Error: error_code = 30; This profile is private; id = 266892669
Error: error_code = 30; This profile is private; id = 488928569
Error: error_code = 30; This profile is private; id = 636488474
Error: error_code = 30; This profile is private; id = 67413995
Error: error_code = 15; Access denied: user deactivated; id = 425013938
Error: error_code = 30; This profile is private; id = 280247224
Error: error_code = 30; This profile is private; id = 91817026
Error: error_code = 30; This profile is private; id = 212590112
Error: error_code = 15; Access denied: user deactivated; id = 39891971
Error: error_code = 30; This profile is private; id = 272962857
Error: error_code = 30; This profile is private; id = 709521012
Error: error_code = 30; This profile is private; id = 72529580
Error: error_code = 30; This profile is private; id = 137844817
Error: error_code = 30; This profile is private; id = 693427277
Error: error_code = 15; Access denied: user deactivated; id = 239949385
Error: error_code = 30; This profile is private; id = 549731843
Error: error_code = 15; Access denied: user deactivated; id = 228613106
Error: error_code = 15; Access denied: user deactivated; id = 436077891
Error: error_code = 15; Access denied: user deactivated; id = 501705199
Error: error_code = 30; This profile is private; id = 92905216
Error: error_code = 30; This profile is private; id = 679020468
Error: error_code = 30; This profile is private; id = 23856482
Error: error_code = 30; This profile is private; id = 463064377
Error: error_code = 15; Access denied: user deactivated; id = 431754131
Error: error_code = 30; This profile is private; id = 647818027
Error: error_code = 30; This profile is private; id = 457125529
Error: error_code = 15; Access denied: user deactivated; id = 535287635
Error: error_code = 30; This profile is private; id = 452593478
Error: error_code = 30; This profile is private; id = 139633210
Error: error_code = 15; Access denied: user deactivated; id = 147364152
Error: error_code = 30; This profile is private; id = 252555427
Error: error_code = 30; This profile is private; id = 122468672
Error: error_code = 30; This profile is private; id = 134759409
Error: error_code = 15; Access denied: user deactivated; id = 57129260
Error: error_code = 30; This profile is private; id = 11443610
Error: error_code = 15; Access denied: user deactivated; id = 210656860
Error: error_code = 30; This profile is private; id = 527711181
Error: error_code = 30; This profile is private; id = 71944585
Error: error_code = 30; This profile is private; id = 16770823
Error: error_code = 30; This profile is private; id = 596486194
Error: error_code = 30; This profile is private; id = 93127118
Error: error_code = 30; This profile is private; id = 230749717
Error: error_code = 30; This profile is private; id = 2239208
Error: error_code = 30; This profile is private; id = 187586327
Error: error_code = 15; Access denied: user deactivated; id = 159951883
Error: error_code = 30; This profile is private; id = 595241237
Error: error_code = 30; This profile is private; id = 191366542
Error: error_code = 30; This profile is private; id = 376218686
Error: error_code = 15; Access denied: user deactivated; id = 596270499
Error: error_code = 30; This profile is private; id = 9777417
Error: error_code = 30; This profile is private; id = 227206645
Error: error_code = 30; This profile is private; id = 309021344
Error: error_code = 30; This profile is private; id = 165099645
Error: error_code = 15; Access denied: user deactivated; id = 165760724
Error: error_code = 30; This profile is private; id = 284042626
Error: error_code = 15; Access denied: user deactivated; id = 425549218
Error: error_code = 30; This profile is private; id = 186738511
Error: error_code = 30; This profile is private; id = 512172888
Error: error_code = 30; This profile is private; id = 480546325
Error: error_code = 30; This profile is private; id = 686343359
Error: error_code = 30; This profile is private; id = 253229274
Error: error_code = 30; This profile is private; id = 6018713
Error: error_code = 15; Access denied: user deactivated; id = 453160992
Error: error_code = 30; This profile is private; id = 40587857
Error: error_code = 30; This profile is private; id = 301321046
Error: error_code = 30; This profile is private; id = 390621431
Error: error_code = 30; This profile is private; id = 575102241
Error: error_code = 30; This profile is private; id = 668835173
Error: error_code = 30; This profile is private; id = 25810657
Error: error_code = 15; Access denied: user deactivated; id = 43692466
Error: error_code = 15; Access denied: user deactivated; id = 420191961
Error: error_code = 15; Access denied: user deactivated; id = 324518697
Error: error_code = 30; This profile is private; id = 18641854
Error: error_code = 15; Access denied: user deactivated; id = 201507475
Error: error_code = 30; This profile is private; id = 217482894
Error: error_code = 30; This profile is private; id = 315723132
Error: error_code = 30; This profile is private; id = 379418181
Error: error_code = 15; Access denied: user deactivated; id = 433199230
Error: error_code = 30; This profile is private; id = 24958874
Error: error_code = 30; This profile is private; id = 593491974
Error: error_code = 30; This profile is private; id = 344691481
Error: error_code = 30; This profile is private; id = 403085459
Error: error_code = 30; This profile is private; id = 8711602
Error: error_code = 30; This profile is private; id = 450101438
Error: error_code = 15; Access denied: user deactivated; id = 368867457
Error: error_code = 30; This profile is private; id = 562710438
Error: error_code = 15; Access denied: user deactivated; id = 431379866
Error: error_code = 30; This profile is private; id = 359704517
Error: error_code = 30; This profile is private; id = 332327162
Error: error_code = 30; This profile is private; id = 77884495
Error: error_code = 30; This profile is private; id = 421265701
Error: error_code = 15; Access denied: user deactivated; id = 220398567
Error: error_code = 30; This profile is private; id = 3943470
Error: error_code = 30; This profile is private; id = 156991847
Error: error_code = 15; Access denied: user deactivated; id = 60385913
Error: error_code = 30; This profile is private; id = 336976420
Error: error_code = 15; Access denied: user deactivated; id = 202068656
Error: error_code = 30; This profile is private; id = 613459563
Error: error_code = 15; Access denied: user deactivated; id = 155580861
Error: error_code = 30; This profile is private; id = 260600312
Error: error_code = 30; This profile is private; id = 4069054
Error: error_code = 15; Access denied: user deactivated; id = 222438866
Error: error_code = 30; This profile is private; id = 64079520
Error: error_code = 30; This profile is private; id = 602121564
Error: error_code = 15; Access denied: user deactivated; id = 349032675
Error: error_code = 30; This profile is private; id = 548851091
Error: error_code = 15; Access denied: user deactivated; id = 137466702
Error: error_code = 30; This profile is private; id = 359736435
Error: error_code = 15; Access denied: user deactivated; id = 219775934
Error: error_code = 15; Access denied: user deactivated; id = 640909498
Error: error_code = 30; This profile is private; id = 308526039
Error: error_code = 30; This profile is private; id = 294648229
Error: error_code = 15; Access denied: user deactivated; id = 401396459
Error: error_code = 30; This profile is private; id = 166764753
Error: error_code = 15; Access denied: user deactivated; id = 202976463
Error: error_code = 15; Access denied: user deactivated; id = 540438798
Error: error_code = 30; This profile is private; id = 192508418
Error: error_code = 30; This profile is private; id = 30874126
Error: error_code = 30; This profile is private; id = 627115571
Error: error_code = 15; Access denied: user deactivated; id = 147471633
Error: error_code = 30; This profile is private; id = 140918873
Error: error_code = 30; This profile is private; id = 544663160
Error: error_code = 30; This profile is private; id = 213861547
Error: error_code = 30; This profile is private; id = 64863069
Error: error_code = 30; This profile is private; id = 615864606
Error: error_code = 15; Access denied: user deactivated; id = 556650292
Error: error_code = 30; This profile is private; id = 80946486
Error: error_code = 30; This profile is private; id = 166617958
Error: error_code = 15; Access denied: user deactivated; id = 231595984
Error: error_code = 30; This profile is private; id = 289484762
Error: error_code = 30; This profile is private; id = 535341454
Error: error_code = 15; Access denied: user deactivated; id = 221435724
Error: error_code = 30; This profile is private; id = 1146964
Error: error_code = 30; This profile is private; id = 140277562
Error: error_code = 30; This profile is private; id = 27671645
Error: error_code = 30; This profile is private; id = 638357169
Error: error_code = 30; This profile is private; id = 174286909
Error: error_code = 15; Access denied: user deactivated; id = 223034813
Error: error_code = 30; This profile is private; id = 33308332
Error: error_code = 30; This profile is private; id = 90318922
Error: error_code = 30; This profile is private; id = 96070547
Error: error_code = 30; This profile is private; id = 692247888
Error: error_code = 30; This profile is private; id = 518252570
Error: error_code = 30; This profile is private; id = 31384626
Error: error_code = 30; This profile is private; id = 70886952
Error: error_code = 30; This profile is private; id = 379786126
Error: error_code = 30; This profile is private; id = 490919615
Error: error_code = 15; Access denied: user deactivated; id = 224558074
Error: error_code = 15; Access denied: user deactivated; id = 247265741
Error: error_code = 30; This profile is private; id = 14279143
Error: error_code = 30; This profile is private; id = 689170864
Error: error_code = 30; This profile is private; id = 447800169
Error: error_code = 30; This profile is private; id = 455463875
Error: error_code = 15; Access denied: user deactivated; id = 415875311
Error: error_code = 15; Access denied: user deactivated; id = 417955420
Error: error_code = 30; This profile is private; id = 277671504
Error: error_code = 15; Access denied: user deactivated; id = 371634434
Error: error_code = 30; This profile is private; id = 210230070
Error: error_code = 30; This profile is private; id = 659709115
Error: error_code = 15; Access denied: user deactivated; id = 392658310
Error: error_code = 30; This profile is private; id = 205498359
Error: error_code = 30; This profile is private; id = 246754490
Error: error_code = 30; This profile is private; id = 671986278
Error: error_code = 15; Access denied: user deactivated; id = 281764650
Error: error_code = 15; Access denied: user deactivated; id = 20621115
Error: error_code = 30; This profile is private; id = 163557696
Error: error_code = 30; This profile is private; id = 367329028
Error: error_code = 30; This profile is private; id = 444130994
Error: error_code = 30; This profile is private; id = 116381398
Error: error_code = 15; Access denied: user deactivated; id = 455205890
Error: error_code = 15; Access denied: user deactivated; id = 12995521
Error: error_code = 15; Access denied: user deactivated; id = 399591602
Error: error_code = 15; Access denied: user deactivated; id = 118193721
Error: error_code = 30; This profile is private; id = 379893685
Error: error_code = 30; This profile is private; id = 568846588
Error: error_code = 15; Access denied: user deactivated; id = 40478754
Error: error_code = 30; This profile is private; id = 153178398
Error: error_code = 15; Access denied: user deactivated; id = 49241999
Error: error_code = 30; This profile is private; id = 402449645
Error: error_code = 15; Access denied: user deactivated; id = 484698641
Error: error_code = 15; Access denied: user deactivated; id = 302877815
Error: error_code = 30; This profile is private; id = 54628503
Error: error_code = 15; Access denied: user deactivated; id = 424096934
Error: error_code = 30; This profile is private; id = 5860791
Error: error_code = 30; This profile is private; id = 48554417
Error: error_code = 15; Access denied: user deactivated; id = 395609372
Error: error_code = 30; This profile is private; id = 23166161
Error: error_code = 15; Access denied: user deactivated; id = 603496329
Error: error_code = 30; This profile is private; id = 522205831
Error: error_code = 15; Access denied: user deactivated; id = 539339294
Error: error_code = 15; Access denied: user deactivated; id = 214979415
Error: error_code = 15; Access denied: user deactivated; id = 449763462
Error: error_code = 30; This profile is private; id = 249967701
Error: error_code = 30; This profile is private; id = 523412811
Error: error_code = 30; This profile is private; id = 254302025
Error: error_code = 15; Access denied: user deactivated; id = 177764479
Error: error_code = 30; This profile is private; id = 286941714
Error: error_code = 15; Access denied: user deactivated; id = 617980790
Error: error_code = 30; This profile is private; id = 715113538
Error: error_code = 30; This profile is private; id = 63755532
Error: error_code = 30; This profile is private; id = 39896439
Error: error_code = 15; Access denied: user deactivated; id = 633798659
Error: error_code = 15; Access denied: user deactivated; id = 216131714
Error: error_code = 30; This profile is private; id = 476213356
Error: error_code = 30; This profile is private; id = 649196057
Error: error_code = 15; Access denied: user deactivated; id = 322610459
Error: error_code = 15; Access denied: user deactivated; id = 508851898
Error: error_code = 30; This profile is private; id = 638464405
Error: error_code = 30; This profile is private; id = 177260480
Error: error_code = 15; Access denied: user deactivated; id = 552687994
Error: error_code = 30; This profile is private; id = 368481951
Error: error_code = 15; Access denied: user deactivated; id = 365242456
Error: error_code = 30; This profile is private; id = 405908242
Error: error_code = 30; This profile is private; id = 347537518
Error: error_code = 15; Access denied: user deactivated; id = 204516661
Error: error_code = 30; This profile is private; id = 596862718
Error: error_code = 30; This profile is private; id = 198436925
Error: error_code = 15; Access denied: user deactivated; id = 556340121
Error: error_code = 30; This profile is private; id = 112988954
Error: error_code = 30; This profile is private; id = 524647218
Error: error_code = 15; Access denied: user deactivated; id = 410855262
Error: error_code = 30; This profile is private; id = 463641633
Error: error_code = 15; Access denied: user deactivated; id = 340620608
Error: error_code = 30; This profile is private; id = 143620135
Error: error_code = 30; This profile is private; id = 422987961
Error: error_code = 30; This profile is private; id = 561779864
Error: error_code = 15; Access denied: user deactivated; id = 124690265
Error: error_code = 30; This profile is private; id = 650935812
Error: error_code = 30; This profile is private; id = 533103833
Error: error_code = 30; This profile is private; id = 84201580
Error: error_code = 30; This profile is private; id = 15735238
Error: error_code = 30; This profile is private; id = 212352773
Error: error_code = 30; This profile is private; id = 388963338
Error: error_code = 15; Access denied: user deactivated; id = 76598249
Error: error_code = 30; This profile is private; id = 242018798
Error: error_code = 30; This profile is private; id = 189899604
Error: error_code = 15; Access denied: user deactivated; id = 699542089
Error: error_code = 15; Access denied: user deactivated; id = 541845022
Error: error_code = 30; This profile is private; id = 168846654
Error: error_code = 15; Access denied: user deactivated; id = 13203003
Error: error_code = 30; This profile is private; id = 4014840
Error: error_code = 30; This profile is private; id = 452613692
Error: error_code = 30; This profile is private; id = 239579918
Error: error_code = 30; This profile is private; id = 533351509
Error: error_code = 15; Access denied: user deactivated; id = 105299010
Error: error_code = 30; This profile is private; id = 692210597
Error: error_code = 30; This profile is private; id = 154046675
Error: error_code = 30; This profile is private; id = 582407850
Error: error_code = 15; Access denied: user deactivated; id = 266233217
Error: error_code = 15; Access denied: user deactivated; id = 221241504
Error: error_code = 15; Access denied: user deactivated; id = 508884538
Error: error_code = 30; This profile is private; id = 289673171
Error: error_code = 30; This profile is private; id = 489221
Error: error_code = 15; Access denied: user deactivated; id = 401798302
Error: error_code = 15; Access denied: user deactivated; id = 235653575
Error: error_code = 30; This profile is private; id = 51979270
Error: error_code = 15; Access denied: user deactivated; id = 140005462
Error: error_code = 15; Access denied: user deactivated; id = 228814396
Error: error_code = 30; This profile is private; id = 141216535
Error: error_code = 30; This profile is private; id = 555175385
Error: error_code = 15; Access denied: user deactivated; id = 390817744
Error: error_code = 15; Access denied: user deactivated; id = 281896093
Error: error_code = 30; This profile is private; id = 661844027
Error: error_code = 30; This profile is private; id = 234400046
Error: error_code = 15; Access denied: user deactivated; id = 198416012
Error: error_code = 15; Access denied: user deactivated; id = 44619608
Error: error_code = 15; Access denied: user deactivated; id = 221770376
Error: error_code = 30; This profile is private; id = 332400560
Error: error_code = 30; This profile is private; id = 606569808
Error: error_code = 30; This profile is private; id = 180627727
Error: error_code = 15; Access denied: user deactivated; id = 249483842
Error: error_code = 30; This profile is private; id = 512423589
Error: error_code = 30; This profile is private; id = 546645383
Error: error_code = 30; This profile is private; id = 24735072
Error: error_code = 15; Access denied: user deactivated; id = 699729101
Error: error_code = 30; This profile is private; id = 2786129
Error: error_code = 15; Access denied: user deactivated; id = 451451046
Error: error_code = 30; This profile is private; id = 508893726
Error: error_code = 30; This profile is private; id = 674576264
Error: error_code = 30; This profile is private; id = 72666908
Error: error_code = 15; Access denied: user deactivated; id = 379407478
Error: error_code = 30; This profile is private; id = 172327588
Error: error_code = 15; Access denied: user deactivated; id = 385512237
Error: error_code = 30; This profile is private; id = 668948731
Error: error_code = 15; Access denied: user deactivated; id = 702888781
Error: error_code = 30; This profile is private; id = 1388554
Error: error_code = 30; This profile is private; id = 678487254
Error: error_code = 30; This profile is private; id = 315109195
Error: error_code = 15; Access denied: user deactivated; id = 399549643
Error: error_code = 30; This profile is private; id = 8786602
Error: error_code = 30; This profile is private; id = 11181353
Error: error_code = 30; This profile is private; id = 335238946
Error: error_code = 30; This profile is private; id = 216918805
Error: error_code = 30; This profile is private; id = 142758303
Error: error_code = 30; This profile is private; id = 154130142
Error: error_code = 15; Access denied: user deactivated; id = 201899738
Error: error_code = 15; Access denied: user deactivated; id = 177189597
Error: error_code = 15; Access denied: user deactivated; id = 90846962
Error: error_code = 30; This profile is private; id = 33224470
Error: error_code = 30; This profile is private; id = 658220718
Error: error_code = 15; Access denied: user deactivated; id = 426193445
Error: error_code = 30; This profile is private; id = 493602716
Error: error_code = 30; This profile is private; id = 72096914
Error: error_code = 15; Access denied: user deactivated; id = 201735328
Error: error_code = 30; This profile is private; id = 485853064
Error: error_code = 15; Access denied: user deactivated; id = 264457791
Error: error_code = 15; Access denied: user deactivated; id = 23747155
Error: error_code = 30; This profile is private; id = 509238347
Error: error_code = 30; This profile is private; id = 243253705
Error: error_code = 30; This profile is private; id = 936093
Error: error_code = 30; This profile is private; id = 32445178
Error: error_code = 30; This profile is private; id = 96740965
Error: error_code = 30; This profile is private; id = 715259210
Error: error_code = 30; This profile is private; id = 587908299
Error: error_code = 30; This profile is private; id = 397434729
Error: error_code = 30; This profile is private; id = 6275283
Error: error_code = 30; This profile is private; id = 6620537
Error: error_code = 30; This profile is private; id = 495603496
Error: error_code = 30; This profile is private; id = 75280694
Error: error_code = 15; Access denied: user deactivated; id = 190181534
Error: error_code = 30; This profile is private; id = 1165908
Error: error_code = 30; This profile is private; id = 152567234
Error: error_code = 15; Access denied: user deactivated; id = 407199696
Error: error_code = 30; This profile is private; id = 610344844
Error: error_code = 30; This profile is private; id = 375739721
Error: error_code = 30; This profile is private; id = 15942365
Error: error_code = 30; This profile is private; id = 153758553
Error: error_code = 30; This profile is private; id = 420522725
Error: error_code = 30; This profile is private; id = 703970657
Error: error_code = 30; This profile is private; id = 572980036
Error: error_code = 15; Access denied: user deactivated; id = 548780360
Error: error_code = 15; Access denied: user deactivated; id = 209072339
Error: error_code = 30; This profile is private; id = 197316315
Error: error_code = 30; This profile is private; id = 293813747
Error: error_code = 30; This profile is private; id = 161986036
Error: error_code = 15; Access denied: user deactivated; id = 340858922
Error: error_code = 30; This profile is private; id = 202133406
Error: error_code = 15; Access denied: user deactivated; id = 134747683
Error: error_code = 15; Access denied: user deactivated; id = 533746612
Error: error_code = 15; Access denied: user deactivated; id = 451323489
Error: error_code = 15; Access denied: user deactivated; id = 355956653
Error: error_code = 15; Access denied: user deactivated; id = 394701897
Error: error_code = 30; This profile is private; id = 448348686
Error: error_code = 30; This profile is private; id = 611440041
Error: error_code = 15; Access denied: user deactivated; id = 200151415
Error: error_code = 30; This profile is private; id = 303243591
Error: error_code = 30; This profile is private; id = 367199466
Error: error_code = 30; This profile is private; id = 485177853
Error: error_code = 15; Access denied: user deactivated; id = 408738680
Error: error_code = 30; This profile is private; id = 415337068
Error: error_code = 15; Access denied: user deactivated; id = 221200241
Error: error_code = 30; This profile is private; id = 309622833
Error: error_code = 30; This profile is private; id = 610575315
Error: error_code = 15; Access denied: user deactivated; id = 561318147
Error: error_code = 15; Access denied: user deactivated; id = 223417152
Error: error_code = 15; Access denied: user deactivated; id = 218053201
Error: error_code = 30; This profile is private; id = 602598170
Error: error_code = 30; This profile is private; id = 131452079
Error: error_code = 15; Access denied: user deactivated; id = 326506530
Error: error_code = 15; Access denied: user deactivated; id = 545789776
Error: error_code = 15; Access denied: user deactivated; id = 353408088
Error: error_code = 15; Access denied: user deactivated; id = 198468640
Error: error_code = 15; Access denied: user deactivated; id = 418592730
Error: error_code = 15; Access denied: user deactivated; id = 20739106
Error: error_code = 30; This profile is private; id = 578578870
Error: error_code = 30; This profile is private; id = 517116735
Error: error_code = 30; This profile is private; id = 249588737
Error: error_code = 15; Access denied: user deactivated; id = 220634380
Error: error_code = 30; This profile is private; id = 97536100
Error: error_code = 30; This profile is private; id = 188990430
Error: error_code = 30; This profile is private; id = 470607953
Error: error_code = 30; This profile is private; id = 444286942
Error: error_code = 30; This profile is private; id = 238880540
Error: error_code = 30; This profile is private; id = 160708873
Error: error_code = 30; This profile is private; id = 203059554
Error: error_code = 30; This profile is private; id = 253762189
Error: error_code = 30; This profile is private; id = 409864432
Error: error_code = 30; This profile is private; id = 170548390
Error: error_code = 15; Access denied: user deactivated; id = 648531551
Error: error_code = 30; This profile is private; id = 394896304
Error: error_code = 15; Access denied: user deactivated; id = 406876889
Error: error_code = 30; This profile is private; id = 689279553
Error: error_code = 15; Access denied: user deactivated; id = 388632493
Error: error_code = 15; Access denied: user deactivated; id = 202658521
Error: error_code = 30; This profile is private; id = 38632566
Error: error_code = 15; Access denied: user deactivated; id = 413488937
Error: error_code = 30; This profile is private; id = 667627371
Error: error_code = 30; This profile is private; id = 317885059
Error: error_code = 30; This profile is private; id = 31390918
Error: error_code = 30; This profile is private; id = 290073124
Error: error_code = 30; This profile is private; id = 153886525
Error: error_code = 30; This profile is private; id = 233446530
Error: error_code = 15; Access denied: user deactivated; id = 447281984
Error: error_code = 15; Access denied: user deactivated; id = 8886001
Error: error_code = 30; This profile is private; id = 507120544
Error: error_code = 30; This profile is private; id = 10193227
Error: error_code = 30; This profile is private; id = 394080399
Error: error_code = 30; This profile is private; id = 367644529
Error: error_code = 15; Access denied: user deactivated; id = 324524707
Error: error_code = 15; Access denied: user deactivated; id = 48526528
Error: error_code = 15; Access denied: user deactivated; id = 480529839
Error: error_code = 30; This profile is private; id = 56422340
Error: error_code = 15; Access denied: user deactivated; id = 338408330
Error: error_code = 30; This profile is private; id = 604844168
Error: error_code = 30; This profile is private; id = 98181417
Error: error_code = 30; This profile is private; id = 496704976
Error: error_code = 30; This profile is private; id = 98975802
Error: error_code = 30; This profile is private; id = 633111757
Error: error_code = 30; This profile is private; id = 354597415
Error: error_code = 15; Access denied: user deactivated; id = 512749124
Error: error_code = 30; This profile is private; id = 398123484
Error: error_code = 30; This profile is private; id = 35902318
Error: error_code = 30; This profile is private; id = 350342156
Error: error_code = 30; This profile is private; id = 256913629
Error: error_code = 30; This profile is private; id = 249981731
Error: error_code = 15; Access denied: user deactivated; id = 763641
Error: error_code = 15; Access denied: user deactivated; id = 356811424
Error: error_code = 30; This profile is private; id = 4632418
Error: error_code = 15; Access denied: user deactivated; id = 695720334
Error: error_code = 30; This profile is private; id = 337983880
Error: error_code = 30; This profile is private; id = 706860326
Error: error_code = 30; This profile is private; id = 18191967
Error: error_code = 15; Access denied: user deactivated; id = 238895851
Error: error_code = 30; This profile is private; id = 143052277
Error: error_code = 30; This profile is private; id = 693661956
Error: error_code = 15; Access denied: user deactivated; id = 283658241
Error: error_code = 30; This profile is private; id = 56310749
Error: error_code = 15; Access denied: user deactivated; id = 139846951
Error: error_code = 30; This profile is private; id = 80934489
Error: error_code = 30; This profile is private; id = 76243426
Error: error_code = 30; This profile is private; id = 486369635
Error: error_code = 15; Access denied: user deactivated; id = 395037699
Error: error_code = 15; Access denied: user deactivated; id = 497114981
Error: error_code = 30; This profile is private; id = 315937418
Error: error_code = 30; This profile is private; id = 64792689
Error: error_code = 15; Access denied: user deactivated; id = 338865050
Error: error_code = 30; This profile is private; id = 503004422
Error: error_code = 15; Access denied: user deactivated; id = 439495076
Error: error_code = 30; This profile is private; id = 38209604
Error: error_code = 30; This profile is private; id = 354655368
Error: error_code = 30; This profile is private; id = 529689016
Error: error_code = 30; This profile is private; id = 364981518
Error: error_code = 30; This profile is private; id = 181668673
Error: error_code = 30; This profile is private; id = 214480007
Error: error_code = 30; This profile is private; id = 504263080
Error: error_code = 30; This profile is private; id = 207727091
Error: error_code = 30; This profile is private; id = 395788684
Error: error_code = 30; This profile is private; id = 1650032
Error: error_code = 30; This profile is private; id = 336360718
Error: error_code = 15; Access denied: user deactivated; id = 219346070
Error: error_code = 30; This profile is private; id = 600151294
Error: error_code = 15; Access denied: user deactivated; id = 660470011
Error: error_code = 15; Access denied: user deactivated; id = 204484411
Error: error_code = 30; This profile is private; id = 497191502
Error: error_code = 30; This profile is private; id = 371841905
Error: error_code = 30; This profile is private; id = 82323098
Error: error_code = 30; This profile is private; id = 298537000
Error: error_code = 30; This profile is private; id = 664364864
Error: error_code = 30; This profile is private; id = 659939765
Error: error_code = 15; Access denied: user deactivated; id = 185996498
Error: error_code = 30; This profile is private; id = 252518438
Error: error_code = 30; This profile is private; id = 298618402
Error: error_code = 30; This profile is private; id = 420547051
Error: error_code = 15; Access denied: user deactivated; id = 536882077
Error: error_code = 30; This profile is private; id = 70308716
Error: error_code = 30; This profile is private; id = 551825277
Error: error_code = 30; This profile is private; id = 194303614
Error: error_code = 15; Access denied: user deactivated; id = 574665173
Error: error_code = 30; This profile is private; id = 573916338
Error: error_code = 30; This profile is private; id = 618233666
Error: error_code = 30; This profile is private; id = 95945276
Error: error_code = 15; Access denied: user deactivated; id = 226341124
Error: error_code = 30; This profile is private; id = 413127334
Error: error_code = 30; This profile is private; id = 710258707
Error: error_code = 15; Access denied: user deactivated; id = 65015661
Error: error_code = 30; This profile is private; id = 293054877
Error: error_code = 30; This profile is private; id = 399545771
Error: error_code = 15; Access denied: user deactivated; id = 342305925
Error: error_code = 30; This profile is private; id = 345919024
Error: error_code = 30; This profile is private; id = 71702625
Error: error_code = 30; This profile is private; id = 543881121
Error: error_code = 30; This profile is private; id = 30546277
Error: error_code = 15; Access denied: user deactivated; id = 352063059
Error: error_code = 30; This profile is private; id = 554644996
Error: error_code = 30; This profile is private; id = 281877640
Error: error_code = 15; Access denied: user deactivated; id = 423003937
Error: error_code = 30; This profile is private; id = 165833908
Error: error_code = 15; Access denied: user deactivated; id = 260771208
Error: error_code = 30; This profile is private; id = 312403313
Error: error_code = 30; This profile is private; id = 429934861
Error: error_code = 30; This profile is private; id = 88680328
Error: error_code = 15; Access denied: user deactivated; id = 188405245
Error: error_code = 30; This profile is private; id = 213054435
Error: error_code = 30; This profile is private; id = 12026678
Error: error_code = 30; This profile is private; id = 418730200
Error: error_code = 15; Access denied: user deactivated; id = 172738346
Error: error_code = 30; This profile is private; id = 578152468
Error: error_code = 15; Access denied: user deactivated; id = 551766815
Error: error_code = 30; This profile is private; id = 449654125
Error: error_code = 15; Access denied: user deactivated; id = 90537589
Error: error_code = 30; This profile is private; id = 588675652
Error: error_code = 30; This profile is private; id = 137229654
Error: error_code = 30; This profile is private; id = 342305621
Error: error_code = 30; This profile is private; id = 494462532
Error: error_code = 30; This profile is private; id = 414106550
Error: error_code = 15; Access denied: user deactivated; id = 155878634
Error: error_code = 15; Access denied: user deactivated; id = 410288860
Error: error_code = 15; Access denied: user deactivated; id = 386104800
Error: error_code = 30; This profile is private; id = 540211421
Error: error_code = 15; Access denied: user deactivated; id = 532770827
Error: error_code = 15; Access denied: user deactivated; id = 549130376
Error: error_code = 30; This profile is private; id = 508386098
Error: error_code = 15; Access denied: user deactivated; id = 365941545
Error: error_code = 30; This profile is private; id = 113877448
Error: error_code = 30; This profile is private; id = 316899576
Error: error_code = 30; This profile is private; id = 88204667
Error: error_code = 30; This profile is private; id = 7529004
Error: error_code = 30; This profile is private; id = 706752472
Error: error_code = 15; Access denied: user deactivated; id = 540658711
Error: error_code = 30; This profile is private; id = 560075927
Error: error_code = 15; Access denied: user deactivated; id = 420603004
Error: error_code = 30; This profile is private; id = 254930558
Error: error_code = 30; This profile is private; id = 397642613
Error: error_code = 15; Access denied: user deactivated; id = 435636508
Error: error_code = 15; Access denied: user deactivated; id = 273031614
Error: error_code = 30; This profile is private; id = 297213126
Error: error_code = 30; This profile is private; id = 567886803
Error: error_code = 30; This profile is private; id = 9081390
Error: error_code = 30; This profile is private; id = 710999940
Error: error_code = 30; This profile is private; id = 396950081
Error: error_code = 30; This profile is private; id = 321431303
Error: error_code = 30; This profile is private; id = 203559289
Error: error_code = 30; This profile is private; id = 578297863
Error: error_code = 30; This profile is private; id = 207807882
Error: error_code = 30; This profile is private; id = 238415354
Error: error_code = 30; This profile is private; id = 83819531
Error: error_code = 30; This profile is private; id = 446145488
Error: error_code = 15; Access denied: user deactivated; id = 421201593
Error: error_code = 15; Access denied: user deactivated; id = 438540271
Error: error_code = 30; This profile is private; id = 540609191
Error: error_code = 15; Access denied: user deactivated; id = 439969448
Error: error_code = 30; This profile is private; id = 8635516
Error: error_code = 15; Access denied: user deactivated; id = 29644811
Error: error_code = 30; This profile is private; id = 175640894
Error: error_code = 15; Access denied: user deactivated; id = 268066041
Error: error_code = 15; Access denied: user deactivated; id = 638118531
Error: error_code = 30; This profile is private; id = 185529975
Error: error_code = 30; This profile is private; id = 43323726
Error: error_code = 30; This profile is private; id = 582476085
Error: error_code = 30; This profile is private; id = 524904534
Error: error_code = 30; This profile is private; id = 100205494
Error: error_code = 30; This profile is private; id = 494364962
Error: error_code = 15; Access denied: user deactivated; id = 390777082
Error: error_code = 30; This profile is private; id = 300625149
Error: error_code = 15; Access denied: user deactivated; id = 313750449
Error: error_code = 30; This profile is private; id = 16965774
Error: error_code = 15; Access denied: user deactivated; id = 236035178
Error: error_code = 30; This profile is private; id = 3313717
Error: error_code = 30; This profile is private; id = 690704021
Error: error_code = 15; Access denied: user deactivated; id = 408713347
Error: error_code = 30; This profile is private; id = 535265262
Error: error_code = 30; This profile is private; id = 529512236
Error: error_code = 30; This profile is private; id = 82212680
Error: error_code = 30; This profile is private; id = 444797264
Error: error_code = 15; Access denied: user deactivated; id = 199454643
Error: error_code = 30; This profile is private; id = 190961410
Error: error_code = 30; This profile is private; id = 576877304
Error: error_code = 30; This profile is private; id = 2248234
Error: error_code = 30; This profile is private; id = 596066081
Error: error_code = 30; This profile is private; id = 472175257
Error: error_code = 30; This profile is private; id = 606984967
Error: error_code = 15; Access denied: user deactivated; id = 228370421
Error: error_code = 30; This profile is private; id = 712738961
Error: error_code = 30; This profile is private; id = 25193552
Error: error_code = 15; Access denied: user deactivated; id = 428983178
Error: error_code = 30; This profile is private; id = 46091325
Error: error_code = 30; This profile is private; id = 99019377
Error: error_code = 30; This profile is private; id = 617413146
Error: error_code = 30; This profile is private; id = 194201054
Error: error_code = 30; This profile is private; id = 566290430
Error: error_code = 15; Access denied: user deactivated; id = 701322907
Error: error_code = 15; Access denied: user deactivated; id = 216045236
Error: error_code = 15; Access denied: user deactivated; id = 352132328
Error: error_code = 15; Access denied: user deactivated; id = 287808845
Error: error_code = 30; This profile is private; id = 2006079
Error: error_code = 15; Access denied: user deactivated; id = 248338840
Error: error_code = 30; This profile is private; id = 380655339
Error: error_code = 30; This profile is private; id = 666828948
Error: error_code = 15; Access denied: user deactivated; id = 527326870
Error: error_code = 30; This profile is private; id = 676861500
Error: error_code = 15; Access denied: user deactivated; id = 709977420
Error: error_code = 15; Access denied: user deactivated; id = 173161362
Error: error_code = 30; This profile is private; id = 30248646
Error: error_code = 30; This profile is private; id = 508421471
Error: error_code = 15; Access denied: user deactivated; id = 165371369
Error: error_code = 30; This profile is private; id = 264250541
Error: error_code = 30; This profile is private; id = 361040880
Error: error_code = 30; This profile is private; id = 637493464
Error: error_code = 30; This profile is private; id = 502922573
Error: error_code = 30; This profile is private; id = 268492179
Error: error_code = 15; Access denied: user deactivated; id = 354353975
Error: error_code = 15; Access denied: user deactivated; id = 374753205
Error: error_code = 30; This profile is private; id = 94785486
Error: error_code = 15; Access denied: user deactivated; id = 225614410
Error: error_code = 30; This profile is private; id = 689296736
Error: error_code = 15; Access denied: user deactivated; id = 328308871
Error: error_code = 30; This profile is private; id = 629701498
Error: error_code = 30; This profile is private; id = 83368071
Error: error_code = 30; This profile is private; id = 245027107
Error: error_code = 30; This profile is private; id = 407224156
Error: error_code = 30; This profile is private; id = 630478467
Error: error_code = 30; This profile is private; id = 137344561
Error: error_code = 30; This profile is private; id = 446071150
Error: error_code = 30; This profile is private; id = 584129058
Error: error_code = 15; Access denied: user deactivated; id = 708485849
Error: error_code = 15; Access denied: user deactivated; id = 571462077
Error: error_code = 30; This profile is private; id = 5938277
Error: error_code = 15; Access denied: user deactivated; id = 466488217
Error: error_code = 30; This profile is private; id = 198477861
Error: error_code = 15; Access denied: user deactivated; id = 136863501
Error: error_code = 30; This profile is private; id = 187380748
Error: error_code = 30; This profile is private; id = 482598672
Error: error_code = 30; This profile is private; id = 593940068
Error: error_code = 30; This profile is private; id = 335771809
Error: error_code = 30; This profile is private; id = 411141427
Error: error_code = 30; This profile is private; id = 135926481
Error: error_code = 30; This profile is private; id = 687234014
Error: error_code = 30; This profile is private; id = 280313703
Error: error_code = 15; Access denied: user deactivated; id = 179230043
Error: error_code = 30; This profile is private; id = 669654983
Error: error_code = 30; This profile is private; id = 576654865
Error: error_code = 30; This profile is private; id = 713057959
Error: error_code = 15; Access denied: user deactivated; id = 645246583
Error: error_code = 30; This profile is private; id = 581003528
Error: error_code = 30; This profile is private; id = 57727377
Error: error_code = 30; This profile is private; id = 204570185
Error: error_code = 30; This profile is private; id = 32409343
Error: error_code = 15; Access denied: user deactivated; id = 168332987
Error: error_code = 15; Access denied: user deactivated; id = 425156444
Error: error_code = 30; This profile is private; id = 257175593
Error: error_code = 30; This profile is private; id = 426519158
Error: error_code = 15; Access denied: user deactivated; id = 422986697
Error: error_code = 30; This profile is private; id = 182695677
Error: error_code = 30; This profile is private; id = 91291627
Error: error_code = 15; Access denied: user deactivated; id = 175974994
Error: error_code = 30; This profile is private; id = 518563600
Error: error_code = 15; Access denied: user deactivated; id = 402963783
Error: error_code = 15; Access denied: user deactivated; id = 214572851
Error: error_code = 30; This profile is private; id = 201049687
Error: error_code = 15; Access denied: user deactivated; id = 189435964
Error: error_code = 30; This profile is private; id = 387076528
Error: error_code = 15; Access denied: user deactivated; id = 691484912
Error: error_code = 15; Access denied: user deactivated; id = 251726054
Error: error_code = 15; Access denied: user deactivated; id = 214316210
Error: error_code = 15; Access denied: user deactivated; id = 260219103
Error: error_code = 15; Access denied: user deactivated; id = 93119184
Error: error_code = 30; This profile is private; id = 468201799
Error: error_code = 30; This profile is private; id = 690472637
Error: error_code = 15; Access denied: user deactivated; id = 543968930
Error: error_code = 15; Access denied: user deactivated; id = 675578279
Error: error_code = 30; This profile is private; id = 320069485
Error: error_code = 30; This profile is private; id = 533305589
Error: error_code = 15; Access denied: user deactivated; id = 320721134
Error: error_code = 30; This profile is private; id = 444425207
Error: error_code = 30; This profile is private; id = 692495318
Error: error_code = 15; Access denied: user deactivated; id = 30036120
Error: error_code = 30; This profile is private; id = 537034320
Error: error_code = 15; Access denied: user deactivated; id = 139402149
Error: error_code = 30; This profile is private; id = 306001139
Error: error_code = 30; This profile is private; id = 547332686
Error: error_code = 15; Access denied: user deactivated; id = 445419845
Error: error_code = 15; Access denied: user deactivated; id = 239090964
Error: error_code = 30; This profile is private; id = 6849813
Error: error_code = 30; This profile is private; id = 469332100
Error: error_code = 15; Access denied: user deactivated; id = 78279216
Error: error_code = 30; This profile is private; id = 376190579
Error: error_code = 30; This profile is private; id = 233994196
Error: error_code = 30; This profile is private; id = 58630798
Error: error_code = 30; This profile is private; id = 17019770
Error: error_code = 15; Access denied: user deactivated; id = 137179936
Error: error_code = 30; This profile is private; id = 404290704
Error: error_code = 30; This profile is private; id = 621332556
Error: error_code = 30; This profile is private; id = 19122417
Error: error_code = 30; This profile is private; id = 36205805
Error: error_code = 30; This profile is private; id = 457323831
Error: error_code = 30; This profile is private; id = 633591247
Error: error_code = 30; This profile is private; id = 180268365
Error: error_code = 30; This profile is private; id = 219153048
Error: error_code = 30; This profile is private; id = 219038153
Error: error_code = 30; This profile is private; id = 302737887
Error: error_code = 30; This profile is private; id = 665761760
Error: error_code = 30; This profile is private; id = 41136307
Error: error_code = 15; Access denied: user deactivated; id = 140538406
Error: error_code = 15; Access denied: user deactivated; id = 308164586
Error: error_code = 30; This profile is private; id = 210631078
Error: error_code = 30; This profile is private; id = 473686703
Error: error_code = 15; Access denied: user deactivated; id = 713297617
Error: error_code = 30; This profile is private; id = 544175425
Error: error_code = 30; This profile is private; id = 20523377
Error: error_code = 15; Access denied: user deactivated; id = 227456114
Error: error_code = 15; Access denied: user deactivated; id = 575298154
Error: error_code = 30; This profile is private; id = 58463991
Error: error_code = 30; This profile is private; id = 151309199
Error: error_code = 30; This profile is private; id = 46616933
Error: error_code = 30; This profile is private; id = 599041818
Error: error_code = 15; Access denied: user deactivated; id = 531649946
Error: error_code = 30; This profile is private; id = 121806393
Error: error_code = 30; This profile is private; id = 654375158
Error: error_code = 15; Access denied: user deactivated; id = 538511407
Error: error_code = 30; This profile is private; id = 33546871
Error: error_code = 30; This profile is private; id = 243613965
Error: error_code = 30; This profile is private; id = 73692898
Error: error_code = 30; This profile is private; id = 73034182
Error: error_code = 30; This profile is private; id = 92309954
Error: error_code = 30; This profile is private; id = 78667314
Error: error_code = 30; This profile is private; id = 489899143
Error: error_code = 30; This profile is private; id = 624599262
Error: error_code = 15; Access denied: user deactivated; id = 552066484
Error: error_code = 30; This profile is private; id = 659610227
Error: error_code = 30; This profile is private; id = 515098347
Error: error_code = 15; Access denied: user deactivated; id = 546930209
Error: error_code = 15; Access denied: user deactivated; id = 672941088
Error: error_code = 15; Access denied: user deactivated; id = 480463383
Error: error_code = 30; This profile is private; id = 393533179
Error: error_code = 30; This profile is private; id = 697274372
Error: error_code = 15; Access denied: user deactivated; id = 240542864
Error: error_code = 30; This profile is private; id = 358711697
Error: error_code = 30; This profile is private; id = 326067672
Error: error_code = 30; This profile is private; id = 254971585
Error: error_code = 30; This profile is private; id = 513893577
Error: error_code = 30; This profile is private; id = 584215232
Error: error_code = 15; Access denied: user deactivated; id = 294222548
Error: error_code = 30; This profile is private; id = 238931762
Error: error_code = 30; This profile is private; id = 318853667
Error: error_code = 30; This profile is private; id = 572693245
Error: error_code = 30; This profile is private; id = 87817790
Error: error_code = 15; Access denied: user deactivated; id = 222117368
Error: error_code = 30; This profile is private; id = 437598995
Error: error_code = 15; Access denied: user deactivated; id = 513770445
Error: error_code = 30; This profile is private; id = 254470
Error: error_code = 15; Access denied: user deactivated; id = 591914636
Error: error_code = 30; This profile is private; id = 102242130
Error: error_code = 30; This profile is private; id = 277308036
Error: error_code = 15; Access denied: user deactivated; id = 715223142
Error: error_code = 15; Access denied: user deactivated; id = 89373739
Error: error_code = 15; Access denied: user deactivated; id = 431923141
Error: error_code = 30; This profile is private; id = 118970780
Error: error_code = 15; Access denied: user deactivated; id = 220998036
Error: error_code = 30; This profile is private; id = 67100053
Error: error_code = 15; Access denied: user deactivated; id = 390177722
Error: error_code = 15; Access denied: user deactivated; id = 517910681
Error: error_code = 30; This profile is private; id = 405967263
Error: error_code = 15; Access denied: user deactivated; id = 346460897
Error: error_code = 15; Access denied: user deactivated; id = 3355409
Error: error_code = 30; This profile is private; id = 134706569
Error: error_code = 30; This profile is private; id = 613324565
Error: error_code = 30; This profile is private; id = 451856481
Error: error_code = 30; This profile is private; id = 119297330
Error: error_code = 30; This profile is private; id = 532822174
Error: error_code = 30; This profile is private; id = 9111076
Error: error_code = 15; Access denied: user deactivated; id = 209162263
Error: error_code = 15; Access denied: user deactivated; id = 248438537
Error: error_code = 15; Access denied: user deactivated; id = 435405298
Error: error_code = 30; This profile is private; id = 682363780
Error: error_code = 30; This profile is private; id = 450431444
Error: error_code = 30; This profile is private; id = 582326008
Error: error_code = 15; Access denied: user deactivated; id = 325186711
Error: error_code = 30; This profile is private; id = 16756788
Error: error_code = 30; This profile is private; id = 218925508
Error: error_code = 15; Access denied: user deactivated; id = 633454727
Error: error_code = 15; Access denied: user deactivated; id = 214483592
Error: error_code = 30; This profile is private; id = 242998456
Error: error_code = 15; Access denied: user deactivated; id = 559271501
Error: error_code = 15; Access denied: user deactivated; id = 276413061
Error: error_code = 30; This profile is private; id = 494102160
Error: error_code = 30; This profile is private; id = 368235116
Error: error_code = 15; Access denied: user deactivated; id = 522003834
Error: error_code = 30; This profile is private; id = 628979133
Error: error_code = 30; This profile is private; id = 277037975
Error: error_code = 30; This profile is private; id = 540924412
Error: error_code = 30; This profile is private; id = 599427758
Error: error_code = 15; Access denied: user deactivated; id = 693874776
Error: error_code = 15; Access denied: user deactivated; id = 509437023
Error: error_code = 30; This profile is private; id = 92414067
Error: error_code = 15; Access denied: user deactivated; id = 6800960
Error: error_code = 30; This profile is private; id = 230693296
Error: error_code = 30; This profile is private; id = 280481831
Error: error_code = 30; This profile is private; id = 315451195
Error: error_code = 30; This profile is private; id = 674654001
Error: error_code = 30; This profile is private; id = 104560346
Error: error_code = 30; This profile is private; id = 640847251
Error: error_code = 30; This profile is private; id = 543294550
Error: error_code = 30; This profile is private; id = 339712390
Error: error_code = 15; Access denied: user deactivated; id = 469630697
Error: error_code = 30; This profile is private; id = 77870555
Error: error_code = 15; Access denied: user deactivated; id = 634772564
Error: error_code = 15; Access denied: user deactivated; id = 192033055
Error: error_code = 30; This profile is private; id = 6163369
Error: error_code = 30; This profile is private; id = 147658643
Error: error_code = 30; This profile is private; id = 72257292
Error: error_code = 30; This profile is private; id = 350803750
Error: error_code = 15; Access denied: user deactivated; id = 314778656
Error: error_code = 15; Access denied: user deactivated; id = 164624868
Error: error_code = 30; This profile is private; id = 21346704
Error: error_code = 30; This profile is private; id = 680475077
Error: error_code = 15; Access denied: user deactivated; id = 219257428
Error: error_code = 30; This profile is private; id = 571468067
Error: error_code = 15; Access denied: user deactivated; id = 200723587
Error: error_code = 30; This profile is private; id = 557110090
Error: error_code = 30; This profile is private; id = 708225585
Error: error_code = 30; This profile is private; id = 452121253
Error: error_code = 30; This profile is private; id = 562739978
Error: error_code = 15; Access denied: user deactivated; id = 626576194
Error: error_code = 30; This profile is private; id = 610647526
Error: error_code = 30; This profile is private; id = 577682992
Error: error_code = 15; Access denied: user deactivated; id = 313895151
Error: error_code = 30; This profile is private; id = 297328308
Error: error_code = 30; This profile is private; id = 599569899
Error: error_code = 30; This profile is private; id = 176418987
Error: error_code = 15; Access denied: user deactivated; id = 536589571
Error: error_code = 30; This profile is private; id = 38358947
Error: error_code = 30; This profile is private; id = 273247209
Error: error_code = 30; This profile is private; id = 693681554
Error: error_code = 15; Access denied: user deactivated; id = 248432601
Error: error_code = 30; This profile is private; id = 188267191
Error: error_code = 15; Access denied: user deactivated; id = 230537015
Error: error_code = 30; This profile is private; id = 632514596
Error: error_code = 30; This profile is private; id = 411250201
Error: error_code = 15; Access denied: user deactivated; id = 359870541
Error: error_code = 30; This profile is private; id = 51312475
Error: error_code = 30; This profile is private; id = 92194515
Error: error_code = 15; Access denied: user deactivated; id = 206595982
Error: error_code = 15; Access denied: user deactivated; id = 349840477
Error: error_code = 30; This profile is private; id = 667825003
Error: error_code = 30; This profile is private; id = 191506193
Error: error_code = 30; This profile is private; id = 478045754
Error: error_code = 15; Access denied: user deactivated; id = 254566047
Error: error_code = 15; Access denied: user deactivated; id = 294834386
Error: error_code = 15; Access denied: user deactivated; id = 322797793
Error: error_code = 15; Access denied: user deactivated; id = 222373905
Error: error_code = 30; This profile is private; id = 620398656
Error: error_code = 15; Access denied: user deactivated; id = 157769919
Error: error_code = 15; Access denied: user deactivated; id = 452634877
Error: error_code = 15; Access denied: user deactivated; id = 270123611
Error: error_code = 30; This profile is private; id = 528287175
Error: error_code = 30; This profile is private; id = 5913207
Error: error_code = 15; Access denied: user deactivated; id = 353804655
Error: error_code = 30; This profile is private; id = 142691908
Error: error_code = 30; This profile is private; id = 600299925
Error: error_code = 30; This profile is private; id = 692506565
Error: error_code = 30; This profile is private; id = 508787666
Error: error_code = 30; This profile is private; id = 9725740
Error: error_code = 30; This profile is private; id = 180625570
Error: error_code = 30; This profile is private; id = 199852799
Error: error_code = 30; This profile is private; id = 8015512
Error: error_code = 15; Access denied: user deactivated; id = 425089342
Error: error_code = 15; Access denied: user deactivated; id = 583124377
Error: error_code = 30; This profile is private; id = 38145407
Error: error_code = 30; This profile is private; id = 109088089
Error: error_code = 30; This profile is private; id = 560797160
Error: error_code = 30; This profile is private; id = 4595521
Error: error_code = 15; Access denied: user deactivated; id = 235848502
Error: error_code = 15; Access denied: user deactivated; id = 537243683
Error: error_code = 15; Access denied: user deactivated; id = 407020367
Error: error_code = 30; This profile is private; id = 85645055
Error: error_code = 30; This profile is private; id = 665474115
Error: error_code = 30; This profile is private; id = 508235329
Error: error_code = 30; This profile is private; id = 137087698
Error: error_code = 15; Access denied: user deactivated; id = 193065343
Error: error_code = 30; This profile is private; id = 135834713
Error: error_code = 30; This profile is private; id = 159745893
Error: error_code = 30; This profile is private; id = 301718562
Error: error_code = 15; Access denied: user deactivated; id = 220364408
Error: error_code = 30; This profile is private; id = 10582500
Error: error_code = 15; Access denied: user deactivated; id = 207845056
Error: error_code = 15; Access denied: user deactivated; id = 166033236
Error: error_code = 30; This profile is private; id = 266682706
Error: error_code = 30; This profile is private; id = 683832017
Error: error_code = 30; This profile is private; id = 636061843
Error: error_code = 15; Access denied: user deactivated; id = 341319357
Error: error_code = 15; Access denied: user deactivated; id = 549276044
Error: error_code = 15; Access denied: user deactivated; id = 209641417
Error: error_code = 30; This profile is private; id = 235243115
Error: error_code = 30; This profile is private; id = 172154592
Error: error_code = 15; Access denied: user deactivated; id = 432299889
Error: error_code = 15; Access denied: user deactivated; id = 329648953
Error: error_code = 30; This profile is private; id = 125751853
Error: error_code = 30; This profile is private; id = 413726154
Error: error_code = 30; This profile is private; id = 568664621
Error: error_code = 30; This profile is private; id = 55317665
Error: error_code = 30; This profile is private; id = 485535088
Error: error_code = 30; This profile is private; id = 74621482
Error: error_code = 30; This profile is private; id = 138844607
Error: error_code = 30; This profile is private; id = 488698830
Error: error_code = 15; Access denied: user deactivated; id = 519150908
Error: error_code = 30; This profile is private; id = 357410555
Error: error_code = 30; This profile is private; id = 66641513
Error: error_code = 30; This profile is private; id = 529207361
Error: error_code = 30; This profile is private; id = 557407489
Error: error_code = 30; This profile is private; id = 610160497
Error: error_code = 15; Access denied: user deactivated; id = 122912294
Error: error_code = 15; Access denied: user deactivated; id = 214234827
Error: error_code = 30; This profile is private; id = 621417086
Error: error_code = 30; This profile is private; id = 35714610
Error: error_code = 30; This profile is private; id = 687238276
Error: error_code = 30; This profile is private; id = 427513831
Error: error_code = 15; Access denied: user deactivated; id = 467068503
Error: error_code = 30; This profile is private; id = 621285958
Error: error_code = 30; This profile is private; id = 183245518
Error: error_code = 15; Access denied: user deactivated; id = 349402505
Error: error_code = 15; Access denied: user deactivated; id = 619192490
Error: error_code = 15; Access denied: user deactivated; id = 152424927
Error: error_code = 30; This profile is private; id = 299454510
Error: error_code = 30; This profile is private; id = 444850452
Error: error_code = 15; Access denied: user deactivated; id = 155354811
Error: error_code = 30; This profile is private; id = 22112893
Error: error_code = 30; This profile is private; id = 521914792
Error: error_code = 15; Access denied: user deactivated; id = 530751344
Error: error_code = 30; This profile is private; id = 213994573
Error: error_code = 30; This profile is private; id = 584548212
Error: error_code = 30; This profile is private; id = 362852245
Error: error_code = 15; Access denied: user deactivated; id = 368858408
Error: error_code = 30; This profile is private; id = 637335729
Error: error_code = 30; This profile is private; id = 32011333
Error: error_code = 30; This profile is private; id = 410433789
Error: error_code = 30; This profile is private; id = 491099948
Error: error_code = 30; This profile is private; id = 27555687
Error: error_code = 30; This profile is private; id = 394553870
Error: error_code = 30; This profile is private; id = 233979195
Error: error_code = 15; Access denied: user deactivated; id = 509343995
Error: error_code = 15; Access denied: user deactivated; id = 244724635
Error: error_code = 30; This profile is private; id = 704282434
Error: error_code = 30; This profile is private; id = 664936106
Error: error_code = 30; This profile is private; id = 162420358
Error: error_code = 30; This profile is private; id = 692630142
Error: error_code = 30; This profile is private; id = 11818722
Error: error_code = 30; This profile is private; id = 177701808
Error: error_code = 15; Access denied: user deactivated; id = 229095339
Error: error_code = 30; This profile is private; id = 514915873
Error: error_code = 30; This profile is private; id = 656001605
Error: error_code = 30; This profile is private; id = 664217911
Error: error_code = 30; This profile is private; id = 528560691
Error: error_code = 15; Access denied: user deactivated; id = 163225838
Error: error_code = 30; This profile is private; id = 392237435
Error: error_code = 15; Access denied: user deactivated; id = 206048174
Error: error_code = 30; This profile is private; id = 111473341
Error: error_code = 30; This profile is private; id = 347107015
Error: error_code = 30; This profile is private; id = 664512158
Error: error_code = 15; Access denied: user deactivated; id = 406362230
Error: error_code = 30; This profile is private; id = 134192595
Error: error_code = 15; Access denied: user deactivated; id = 323626643
Error: error_code = 30; This profile is private; id = 679556874
Error: error_code = 30; This profile is private; id = 383942029
Error: error_code = 30; This profile is private; id = 695065550
Error: error_code = 15; Access denied: user deactivated; id = 144603638
Error: error_code = 30; This profile is private; id = 235355491
Error: error_code = 15; Access denied: user deactivated; id = 420931543
Error: error_code = 30; This profile is private; id = 454781322
Error: error_code = 30; This profile is private; id = 551471594
Error: error_code = 30; This profile is private; id = 370680680
Error: error_code = 30; This profile is private; id = 562943162
Error: error_code = 30; This profile is private; id = 270909950
Error: error_code = 30; This profile is private; id = 533805548
Error: error_code = 30; This profile is private; id = 624019105
Error: error_code = 15; Access denied: user deactivated; id = 665586229
Error: error_code = 30; This profile is private; id = 600217080
Error: error_code = 15; Access denied: user deactivated; id = 418920185
Error: error_code = 30; This profile is private; id = 142461455
Error: error_code = 30; This profile is private; id = 18735578
Error: error_code = 30; This profile is private; id = 30329654
Error: error_code = 15; Access denied: user deactivated; id = 287582275
Error: error_code = 15; Access denied: user deactivated; id = 436658447
Error: error_code = 30; This profile is private; id = 357010036
Error: error_code = 15; Access denied: user deactivated; id = 604874195
Error: error_code = 15; Access denied: user deactivated; id = 271712671
Error: error_code = 30; This profile is private; id = 15054481
Error: error_code = 30; This profile is private; id = 223516524
Error: error_code = 15; Access denied: user deactivated; id = 220091037
Error: error_code = 15; Access denied: user deactivated; id = 355329455
Error: error_code = 15; Access denied: user deactivated; id = 82767557
Error: error_code = 15; Access denied: user deactivated; id = 654752459
Error: error_code = 15; Access denied: user deactivated; id = 582541614
Error: error_code = 15; Access denied: user deactivated; id = 494763985
Error: error_code = 15; Access denied: user deactivated; id = 338193384
Error: error_code = 15; Access denied: user deactivated; id = 287464398
Error: error_code = 30; This profile is private; id = 66783952
Error: error_code = 30; This profile is private; id = 245121332
Error: error_code = 30; This profile is private; id = 532902247
Error: error_code = 30; This profile is private; id = 613454353
Error: error_code = 30; This profile is private; id = 703512081
Error: error_code = 30; This profile is private; id = 39319074
Error: error_code = 30; This profile is private; id = 181940499
Error: error_code = 30; This profile is private; id = 224068775
Error: error_code = 30; This profile is private; id = 583897148
Error: error_code = 30; This profile is private; id = 383271711
Error: error_code = 15; Access denied: user deactivated; id = 142850750
Error: error_code = 30; This profile is private; id = 368686517
Error: error_code = 30; This profile is private; id = 589628790
Error: error_code = 30; This profile is private; id = 566191120
Error: error_code = 30; This profile is private; id = 678914982
Error: error_code = 30; This profile is private; id = 169383649
Error: error_code = 30; This profile is private; id = 378417233
Error: error_code = 30; This profile is private; id = 188738814
Error: error_code = 30; This profile is private; id = 163426109
Error: error_code = 30; This profile is private; id = 309588410
Error: error_code = 30; This profile is private; id = 470180002
Error: error_code = 30; This profile is private; id = 54426496
Error: error_code = 30; This profile is private; id = 518775637
Error: error_code = 30; This profile is private; id = 605542109
Error: error_code = 30; This profile is private; id = 48177106
Error: error_code = 30; This profile is private; id = 478998019
Error: error_code = 30; This profile is private; id = 135271173
Error: error_code = 15; Access denied: user deactivated; id = 556606892
Error: error_code = 30; This profile is private; id = 342230250
Error: error_code = 15; Access denied: user deactivated; id = 600713222
Error: error_code = 15; Access denied: user deactivated; id = 265660426
Error: error_code = 30; This profile is private; id = 241845746
Error: error_code = 30; This profile is private; id = 608345462
Error: error_code = 15; Access denied: user deactivated; id = 250179888
Error: error_code = 30; This profile is private; id = 250907624
Error: error_code = 15; Access denied: user deactivated; id = 690638407
Error: error_code = 30; This profile is private; id = 137993661
Error: error_code = 30; This profile is private; id = 587174950
Error: error_code = 30; This profile is private; id = 244592440
Error: error_code = 30; This profile is private; id = 2576457
Error: error_code = 30; This profile is private; id = 276323630
Error: error_code = 15; Access denied: user deactivated; id = 535714958
Error: error_code = 30; This profile is private; id = 205175781
Error: error_code = 30; This profile is private; id = 643819748
Error: error_code = 15; Access denied: user deactivated; id = 616893814
Error: error_code = 30; This profile is private; id = 534416127
Error: error_code = 30; This profile is private; id = 301750018
Error: error_code = 30; This profile is private; id = 77604404
Error: error_code = 30; This profile is private; id = 307158420
Error: error_code = 30; This profile is private; id = 3423613
Error: error_code = 15; Access denied: user deactivated; id = 183555360
Error: error_code = 15; Access denied: user deactivated; id = 297088584
Error: error_code = 30; This profile is private; id = 168020490
Error: error_code = 15; Access denied: user deactivated; id = 266511891
Error: error_code = 15; Access denied: user deactivated; id = 603759068
Error: error_code = 30; This profile is private; id = 209487648
Error: error_code = 15; Access denied: user deactivated; id = 344718925
Error: error_code = 30; This profile is private; id = 203583512
Error: error_code = 30; This profile is private; id = 422120009
Error: error_code = 30; This profile is private; id = 3525956
Error: error_code = 30; This profile is private; id = 5331496
Error: error_code = 30; This profile is private; id = 568372876
Error: error_code = 30; This profile is private; id = 387558349
Error: error_code = 15; Access denied: user deactivated; id = 356427205
Error: error_code = 30; This profile is private; id = 48558969
Error: error_code = 30; This profile is private; id = 479607785
Error: error_code = 30; This profile is private; id = 652948442
Error: error_code = 30; This profile is private; id = 644702006
Error: error_code = 15; Access denied: user deactivated; id = 665115921
Error: error_code = 30; This profile is private; id = 229696138
Error: error_code = 30; This profile is private; id = 535972286
Error: error_code = 30; This profile is private; id = 712321377
Error: error_code = 15; Access denied: user deactivated; id = 668686154
Error: error_code = 30; This profile is private; id = 390502306
Error: error_code = 15; Access denied: user deactivated; id = 41958406
Error: error_code = 30; This profile is private; id = 245835709
Error: error_code = 15; Access denied: user deactivated; id = 301894419
Error: error_code = 30; This profile is private; id = 71835449
Error: error_code = 30; This profile is private; id = 481995253
Error: error_code = 15; Access denied: user deactivated; id = 353274371
Error: error_code = 30; This profile is private; id = 472130001
Error: error_code = 30; This profile is private; id = 712315055
Error: error_code = 15; Access denied: user deactivated; id = 192016380
Error: error_code = 30; This profile is private; id = 717378753
Error: error_code = 30; This profile is private; id = 64900147
Error: error_code = 15; Access denied: user deactivated; id = 386605041
Error: error_code = 15; Access denied: user deactivated; id = 276367349
Error: error_code = 15; Access denied: user deactivated; id = 36627177
Error: error_code = 30; This profile is private; id = 171788924
Error: error_code = 30; This profile is private; id = 465945375
Error: error_code = 15; Access denied: user deactivated; id = 210192561
Error: error_code = 30; This profile is private; id = 321571606
Error: error_code = 30; This profile is private; id = 161754364
Error: error_code = 30; This profile is private; id = 30227893
Error: error_code = 30; This profile is private; id = 4327221
Error: error_code = 30; This profile is private; id = 651032213
Error: error_code = 30; This profile is private; id = 11481264
Error: error_code = 15; Access denied: user deactivated; id = 235022975
Error: error_code = 30; This profile is private; id = 251266789
Error: error_code = 30; This profile is private; id = 396737245
Error: error_code = 15; Access denied: user deactivated; id = 185174165
Error: error_code = 30; This profile is private; id = 627044750
Error: error_code = 30; This profile is private; id = 47810779
Error: error_code = 30; This profile is private; id = 158926959
Error: error_code = 30; This profile is private; id = 426348795
Error: error_code = 15; Access denied: user deactivated; id = 422339019
Error: error_code = 30; This profile is private; id = 233059121
Error: error_code = 30; This profile is private; id = 570704523
Error: error_code = 30; This profile is private; id = 139543041
Error: error_code = 30; This profile is private; id = 532244600
Error: error_code = 30; This profile is private; id = 417840192
Error: error_code = 30; This profile is private; id = 592951829
Error: error_code = 30; This profile is private; id = 224759689
Error: error_code = 30; This profile is private; id = 378084446
Error: error_code = 15; Access denied: user deactivated; id = 403731333
Error: error_code = 15; Access denied: user deactivated; id = 224695405
Error: error_code = 30; This profile is private; id = 716809460
Error: error_code = 30; This profile is private; id = 312461558
Error: error_code = 15; Access denied: user deactivated; id = 213180766
Error: error_code = 30; This profile is private; id = 342691680
Error: error_code = 30; This profile is private; id = 580617111
Error: error_code = 30; This profile is private; id = 59246989
Error: error_code = 15; Access denied: user deactivated; id = 167856063
Error: error_code = 15; Access denied: user deactivated; id = 53090217
Error: error_code = 15; Access denied: user deactivated; id = 251695227
Error: error_code = 30; This profile is private; id = 350334235
Error: error_code = 30; This profile is private; id = 403944473
Error: error_code = 30; This profile is private; id = 237231616
Error: error_code = 30; This profile is private; id = 109163369
Error: error_code = 30; This profile is private; id = 15752051
Error: error_code = 30; This profile is private; id = 207559895
Error: error_code = 30; This profile is private; id = 9038526
Error: error_code = 30; This profile is private; id = 15295198
Error: error_code = 30; This profile is private; id = 541983926
Error: error_code = 15; Access denied: user deactivated; id = 398753712
Error: error_code = 30; This profile is private; id = 543712513
Error: error_code = 30; This profile is private; id = 440454304
Error: error_code = 30; This profile is private; id = 211849124
Error: error_code = 30; This profile is private; id = 506200596
Error: error_code = 30; This profile is private; id = 530527616
Error: error_code = 30; This profile is private; id = 417980825
Error: error_code = 30; This profile is private; id = 211183897
Error: error_code = 30; This profile is private; id = 230125504
Error: error_code = 15; Access denied: user deactivated; id = 136118866
Error: error_code = 30; This profile is private; id = 76723835
Error: error_code = 30; This profile is private; id = 98120189
Error: error_code = 15; Access denied: user deactivated; id = 299493043
Error: error_code = 30; This profile is private; id = 680643983
Error: error_code = 30; This profile is private; id = 611873865
Error: error_code = 30; This profile is private; id = 18807514
Error: error_code = 15; Access denied: user deactivated; id = 150892134
Error: error_code = 15; Access denied: user deactivated; id = 412891347
Error: error_code = 15; Access denied: user deactivated; id = 366689123
Error: error_code = 30; This profile is private; id = 403432630
Error: error_code = 15; Access denied: user deactivated; id = 378625994
Error: error_code = 30; This profile is private; id = 633139657
Error: error_code = 15; Access denied: user deactivated; id = 227332233
Error: error_code = 30; This profile is private; id = 266650773
Error: error_code = 30; This profile is private; id = 353567878
Error: error_code = 30; This profile is private; id = 341719636
Error: error_code = 15; Access denied: user deactivated; id = 453055362
Error: error_code = 30; This profile is private; id = 494571431
Error: error_code = 30; This profile is private; id = 6756338
Error: error_code = 30; This profile is private; id = 29715031
Error: error_code = 30; This profile is private; id = 386430483
Error: error_code = 30; This profile is private; id = 332193824
Error: error_code = 30; This profile is private; id = 183064191
Error: error_code = 15; Access denied: user deactivated; id = 181524503
Error: error_code = 30; This profile is private; id = 579809359
Error: error_code = 30; This profile is private; id = 646015134
Error: error_code = 30; This profile is private; id = 190033944
Error: error_code = 15; Access denied: user deactivated; id = 219076384
Error: error_code = 30; This profile is private; id = 2196419
Error: error_code = 15; Access denied: user deactivated; id = 346626063
Error: error_code = 15; Access denied: user deactivated; id = 56268736
Error: error_code = 30; This profile is private; id = 365989853
Error: error_code = 30; This profile is private; id = 216622101
Error: error_code = 30; This profile is private; id = 525033171
Error: error_code = 30; This profile is private; id = 398573542
Error: error_code = 15; Access denied: user deactivated; id = 518367566
Error: error_code = 30; This profile is private; id = 158653412
Error: error_code = 30; This profile is private; id = 686923409
Error: error_code = 15; Access denied: user deactivated; id = 401720705
Error: error_code = 30; This profile is private; id = 335299656
Error: error_code = 30; This profile is private; id = 627969371
Error: error_code = 30; This profile is private; id = 535926809
Error: error_code = 30; This profile is private; id = 176152102
Error: error_code = 15; Access denied: user deactivated; id = 594392742
Error: error_code = 30; This profile is private; id = 616796252
Error: error_code = 30; This profile is private; id = 356464949
Error: error_code = 15; Access denied: user deactivated; id = 346842492
Error: error_code = 15; Access denied: user deactivated; id = 26769504
Error: error_code = 15; Access denied: user deactivated; id = 425780078
Error: error_code = 15; Access denied: user deactivated; id = 350468957
Error: error_code = 30; This profile is private; id = 696968428
Error: error_code = 15; Access denied: user deactivated; id = 355491775
Error: error_code = 15; Access denied: user deactivated; id = 35857168
Error: error_code = 15; Access denied: user deactivated; id = 399626439
Error: error_code = 15; Access denied: user deactivated; id = 188676277
Error: error_code = 30; This profile is private; id = 555858560
Error: error_code = 30; This profile is private; id = 688182876
Error: error_code = 30; This profile is private; id = 275980602
Error: error_code = 15; Access denied: user deactivated; id = 195461114
Error: error_code = 30; This profile is private; id = 327702561
Error: error_code = 30; This profile is private; id = 495991432
Error: error_code = 30; This profile is private; id = 564254099
Error: error_code = 30; This profile is private; id = 64070263
Error: error_code = 30; This profile is private; id = 9086364
Error: error_code = 30; This profile is private; id = 32681830
Error: error_code = 30; This profile is private; id = 463874122
Error: error_code = 30; This profile is private; id = 177789369
Error: error_code = 30; This profile is private; id = 426763684
Error: error_code = 30; This profile is private; id = 662179259
Error: error_code = 15; Access denied: user deactivated; id = 424676838
Error: error_code = 30; This profile is private; id = 173210108
Error: error_code = 30; This profile is private; id = 379307432
Error: error_code = 30; This profile is private; id = 20733618
Error: error_code = 15; Access denied: user deactivated; id = 465762275
Error: error_code = 30; This profile is private; id = 598184565
Error: error_code = 30; This profile is private; id = 262143222
Error: error_code = 30; This profile is private; id = 391075701
Error: error_code = 15; Access denied: user deactivated; id = 414420364
Error: error_code = 30; This profile is private; id = 15599919
Error: error_code = 15; Access denied: user deactivated; id = 239404222
Error: error_code = 15; Access denied: user deactivated; id = 18598717
Error: error_code = 15; Access denied: user deactivated; id = 183265368
Error: error_code = 30; This profile is private; id = 156613272
Error: error_code = 30; This profile is private; id = 22080938
Error: error_code = 30; This profile is private; id = 587192413
Error: error_code = 30; This profile is private; id = 237519846
Error: error_code = 15; Access denied: user deactivated; id = 160360974
Error: error_code = 30; This profile is private; id = 121617559
Error: error_code = 30; This profile is private; id = 682901423
Error: error_code = 30; This profile is private; id = 535166016
Error: error_code = 15; Access denied: user deactivated; id = 147007916
Error: error_code = 30; This profile is private; id = 39019993
Error: error_code = 30; This profile is private; id = 216016198
Error: error_code = 30; This profile is private; id = 1711908
Error: error_code = 15; Access denied: user deactivated; id = 33610474
Error: error_code = 30; This profile is private; id = 16319772
Error: error_code = 30; This profile is private; id = 81754803
Error: error_code = 30; This profile is private; id = 67855611
Error: error_code = 30; This profile is private; id = 236359654
Error: error_code = 30; This profile is private; id = 267972645
Error: error_code = 30; This profile is private; id = 551102229
Error: error_code = 15; Access denied: user deactivated; id = 296025443
Error: error_code = 30; This profile is private; id = 3409668
Error: error_code = 15; Access denied: user deactivated; id = 220168662
Error: error_code = 30; This profile is private; id = 306306686
Error: error_code = 30; This profile is private; id = 20177143
Error: error_code = 30; This profile is private; id = 184932121
Error: error_code = 30; This profile is private; id = 566013745
Error: error_code = 30; This profile is private; id = 80640319
Error: error_code = 30; This profile is private; id = 27326191
Error: error_code = 30; This profile is private; id = 358665865
Error: error_code = 30; This profile is private; id = 605819846
Error: error_code = 30; This profile is private; id = 470397712
Error: error_code = 30; This profile is private; id = 598288017
Error: error_code = 30; This profile is private; id = 66056568
Error: error_code = 30; This profile is private; id = 104507788
Error: error_code = 15; Access denied: user deactivated; id = 23295492
Error: error_code = 15; Access denied: user deactivated; id = 416786100
Error: error_code = 30; This profile is private; id = 25610153
Error: error_code = 30; This profile is private; id = 132944808
Error: error_code = 30; This profile is private; id = 194912635
Error: error_code = 30; This profile is private; id = 63538101
Error: error_code = 30; This profile is private; id = 15975436
Error: error_code = 30; This profile is private; id = 3223484
Error: error_code = 30; This profile is private; id = 507987624
Error: error_code = 15; Access denied: user deactivated; id = 378355628
Error: error_code = 15; Access denied: user deactivated; id = 586112909
Error: error_code = 30; This profile is private; id = 665618284
Error: error_code = 30; This profile is private; id = 398963901
Error: error_code = 15; Access denied: user deactivated; id = 208505399
Error: error_code = 30; This profile is private; id = 589900729
Error: error_code = 30; This profile is private; id = 64619538
Error: error_code = 30; This profile is private; id = 617803047
Error: error_code = 30; This profile is private; id = 561323372
Error: error_code = 15; Access denied: user deactivated; id = 249085646
Error: error_code = 30; This profile is private; id = 467719937
Error: error_code = 15; Access denied: user deactivated; id = 194459738
Error: error_code = 30; This profile is private; id = 556785799
Error: error_code = 30; This profile is private; id = 199184881
Error: error_code = 30; This profile is private; id = 335516327
Error: error_code = 30; This profile is private; id = 34532589
Error: error_code = 30; This profile is private; id = 361243340
Error: error_code = 15; Access denied: user deactivated; id = 228979355
Error: error_code = 30; This profile is private; id = 270070652
Error: error_code = 15; Access denied: user deactivated; id = 426905473
Error: error_code = 15; Access denied: user deactivated; id = 146684199
Error: error_code = 30; This profile is private; id = 257669849
Error: error_code = 30; This profile is private; id = 94959676
Error: error_code = 15; Access denied: user deactivated; id = 208634321
Error: error_code = 15; Access denied: user deactivated; id = 213998004
Error: error_code = 15; Access denied: user deactivated; id = 424233294
Error: error_code = 15; Access denied: user deactivated; id = 214527879
Error: error_code = 30; This profile is private; id = 18636138
Error: error_code = 30; This profile is private; id = 160289066
Error: error_code = 30; This profile is private; id = 194985153
Error: error_code = 30; This profile is private; id = 627189105
Error: error_code = 15; Access denied: user deactivated; id = 208791672
Error: error_code = 30; This profile is private; id = 624405361
Error: error_code = 30; This profile is private; id = 449501519
Error: error_code = 30; This profile is private; id = 508744054
Error: error_code = 15; Access denied: user deactivated; id = 227775612
Error: error_code = 30; This profile is private; id = 588722484
Error: error_code = 30; This profile is private; id = 29255885
Error: error_code = 30; This profile is private; id = 428813019
Error: error_code = 30; This profile is private; id = 32482716
Error: error_code = 30; This profile is private; id = 471638127
Error: error_code = 30; This profile is private; id = 622471837
Error: error_code = 15; Access denied: user deactivated; id = 225924603
Error: error_code = 30; This profile is private; id = 12840564
Error: error_code = 15; Access denied: user deactivated; id = 418381815
Error: error_code = 30; This profile is private; id = 412011913
Error: error_code = 30; This profile is private; id = 545540315
Error: error_code = 30; This profile is private; id = 671580065
Error: error_code = 30; This profile is private; id = 714753486
Error: error_code = 30; This profile is private; id = 636417238
Error: error_code = 15; Access denied: user deactivated; id = 81368033
Error: error_code = 15; Access denied: user deactivated; id = 248060835
Error: error_code = 15; Access denied: user deactivated; id = 412491546
Error: error_code = 30; This profile is private; id = 159047834
Error: error_code = 30; This profile is private; id = 135184962
Error: error_code = 30; This profile is private; id = 141580600
Error: error_code = 30; This profile is private; id = 571737811
Error: error_code = 30; This profile is private; id = 8860998
Error: error_code = 30; This profile is private; id = 538833929
Error: error_code = 30; This profile is private; id = 137662826
Error: error_code = 30; This profile is private; id = 194044562
Error: error_code = 30; This profile is private; id = 52050865
Error: error_code = 30; This profile is private; id = 173676067
Error: error_code = 30; This profile is private; id = 252080635
Error: error_code = 30; This profile is private; id = 174153300
Error: error_code = 30; This profile is private; id = 12589297
Error: error_code = 15; Access denied: user deactivated; id = 311876597
Error: error_code = 30; This profile is private; id = 267541631
Error: error_code = 30; This profile is private; id = 100866705
Error: error_code = 30; This profile is private; id = 586060124
Error: error_code = 30; This profile is private; id = 80984
Error: error_code = 30; This profile is private; id = 158171702
Error: error_code = 30; This profile is private; id = 609425928
Error: error_code = 15; Access denied: user deactivated; id = 296959795
Error: error_code = 30; This profile is private; id = 15437610
Error: error_code = 30; This profile is private; id = 578252266
Error: error_code = 30; This profile is private; id = 323354779
Error: error_code = 30; This profile is private; id = 6483234
Error: error_code = 15; Access denied: user deactivated; id = 157877421
Error: error_code = 30; This profile is private; id = 268431534
Error: error_code = 30; This profile is private; id = 699253405
Error: error_code = 30; This profile is private; id = 11571176
Error: error_code = 30; This profile is private; id = 350889295
Error: error_code = 15; Access denied: user deactivated; id = 291073699
Error: error_code = 15; Access denied: user deactivated; id = 364321022
Error: error_code = 30; This profile is private; id = 213071009
Error: error_code = 30; This profile is private; id = 82180967
Error: error_code = 30; This profile is private; id = 414036273
Error: error_code = 30; This profile is private; id = 559152252
Error: error_code = 15; Access denied: user deactivated; id = 136713056
Error: error_code = 15; Access denied: user deactivated; id = 161102325
Error: error_code = 30; This profile is private; id = 210690726
Error: error_code = 30; This profile is private; id = 587246499
Error: error_code = 30; This profile is private; id = 31847150
Error: error_code = 15; Access denied: user deactivated; id = 20619707
Error: error_code = 30; This profile is private; id = 296588421
Error: error_code = 30; This profile is private; id = 524456986
Error: error_code = 15; Access denied: user deactivated; id = 369747638
Error: error_code = 30; This profile is private; id = 337971822
Error: error_code = 15; Access denied: user deactivated; id = 70042151
Error: error_code = 30; This profile is private; id = 334056799
Error: error_code = 30; This profile is private; id = 6202151
Error: error_code = 30; This profile is private; id = 548091741
Error: error_code = 30; This profile is private; id = 114438483
Error: error_code = 15; Access denied: user deactivated; id = 259141723
Error: error_code = 30; This profile is private; id = 690767852
Error: error_code = 15; Access denied: user deactivated; id = 415704441
Error: error_code = 30; This profile is private; id = 308017379
Error: error_code = 30; This profile is private; id = 39290477
Error: error_code = 30; This profile is private; id = 435640089
Error: error_code = 30; This profile is private; id = 556268774
Error: error_code = 15; Access denied: user deactivated; id = 351060052
Error: error_code = 15; Access denied: user deactivated; id = 441187610
Error: error_code = 15; Access denied: user deactivated; id = 75639967
Error: error_code = 15; Access denied: user deactivated; id = 401369080
Error: error_code = 15; Access denied: user deactivated; id = 547947713
Error: error_code = 30; This profile is private; id = 168802170
Error: error_code = 15; Access denied: user deactivated; id = 681904878
Error: error_code = 15; Access denied: user deactivated; id = 236017321
Error: error_code = 30; This profile is private; id = 246061023
Error: error_code = 15; Access denied: user deactivated; id = 417802836
Error: error_code = 30; This profile is private; id = 229210831
Error: error_code = 30; This profile is private; id = 608979205
Error: error_code = 30; This profile is private; id = 480439328
Error: error_code = 30; This profile is private; id = 375737670
Error: error_code = 30; This profile is private; id = 328473174
Error: error_code = 15; Access denied: user deactivated; id = 204078123
Error: error_code = 30; This profile is private; id = 693773635
Error: error_code = 30; This profile is private; id = 15823565
Error: error_code = 15; Access denied: user deactivated; id = 209685997
Error: error_code = 30; This profile is private; id = 447200890
Error: error_code = 30; This profile is private; id = 134775371
Error: error_code = 15; Access denied: user deactivated; id = 409346981
Error: error_code = 15; Access denied: user deactivated; id = 363135927
Error: error_code = 15; Access denied: user deactivated; id = 444012170
Error: error_code = 30; This profile is private; id = 287597
Error: error_code = 30; This profile is private; id = 613336227
Error: error_code = 30; This profile is private; id = 209803590
Error: error_code = 30; This profile is private; id = 11325280
Error: error_code = 30; This profile is private; id = 139111615
Error: error_code = 15; Access denied: user deactivated; id = 269267258
Error: error_code = 30; This profile is private; id = 185907428
Error: error_code = 30; This profile is private; id = 330355031
Error: error_code = 30; This profile is private; id = 484045111
Error: error_code = 15; Access denied: user deactivated; id = 396578129
Error: error_code = 30; This profile is private; id = 478399140
Error: error_code = 30; This profile is private; id = 435911830
Error: error_code = 30; This profile is private; id = 146252316
Error: error_code = 30; This profile is private; id = 75120914
Error: error_code = 30; This profile is private; id = 187138883
Error: error_code = 30; This profile is private; id = 322167562
Error: error_code = 15; Access denied: user deactivated; id = 230904348
Error: error_code = 30; This profile is private; id = 435585714
Error: error_code = 30; This profile is private; id = 617958139
Error: error_code = 15; Access denied: user deactivated; id = 219063521
Error: error_code = 30; This profile is private; id = 97230705
Error: error_code = 30; This profile is private; id = 153089974
Error: error_code = 30; This profile is private; id = 588563356
Error: error_code = 30; This profile is private; id = 704873258
Error: error_code = 30; This profile is private; id = 593003841
Error: error_code = 30; This profile is private; id = 256672528
Error: error_code = 30; This profile is private; id = 333485087
Error: error_code = 30; This profile is private; id = 592689242
Error: error_code = 30; This profile is private; id = 475165702
Error: error_code = 30; This profile is private; id = 517130239
Error: error_code = 15; Access denied: user deactivated; id = 583632300
Error: error_code = 15; Access denied: user deactivated; id = 254840914
Error: error_code = 30; This profile is private; id = 405828029
Error: error_code = 30; This profile is private; id = 571512422
Error: error_code = 15; Access denied: user deactivated; id = 538146969
Error: error_code = 30; This profile is private; id = 699377335
Error: error_code = 30; This profile is private; id = 471420006
Error: error_code = 30; This profile is private; id = 351962135
Error: error_code = 15; Access denied: user deactivated; id = 550355586
Error: error_code = 15; Access denied: user deactivated; id = 394600579
Error: error_code = 30; This profile is private; id = 230177095
Error: error_code = 30; This profile is private; id = 123581237
Error: error_code = 15; Access denied: user deactivated; id = 358094475
Error: error_code = 30; This profile is private; id = 357728248
Error: error_code = 30; This profile is private; id = 16898602
Error: error_code = 15; Access denied: user deactivated; id = 168418606
Error: error_code = 30; This profile is private; id = 695560374
Error: error_code = 15; Access denied: user deactivated; id = 482061095
Error: error_code = 30; This profile is private; id = 223514156
Error: error_code = 15; Access denied: user deactivated; id = 272933450
Error: error_code = 30; This profile is private; id = 713434977
Error: error_code = 30; This profile is private; id = 348026509
Error: error_code = 30; This profile is private; id = 24762291
Error: error_code = 15; Access denied: user deactivated; id = 87704776
Error: error_code = 15; Access denied: user deactivated; id = 349942594
Error: error_code = 30; This profile is private; id = 486265735
Error: error_code = 30; This profile is private; id = 502215283
Error: error_code = 30; This profile is private; id = 623864701
Error: error_code = 30; This profile is private; id = 521332872
Error: error_code = 30; This profile is private; id = 321576991
Error: error_code = 15; Access denied: user deactivated; id = 229399470
Error: error_code = 30; This profile is private; id = 399407710
Error: error_code = 30; This profile is private; id = 340171866
Error: error_code = 30; This profile is private; id = 343637160
Error: error_code = 30; This profile is private; id = 15593682
Error: error_code = 30; This profile is private; id = 669397046
Error: error_code = 15; Access denied: user deactivated; id = 549792501
Error: error_code = 30; This profile is private; id = 399530447
Error: error_code = 30; This profile is private; id = 193530311
Error: error_code = 15; Access denied: user deactivated; id = 493885126
Error: error_code = 30; This profile is private; id = 521971600
Error: error_code = 30; This profile is private; id = 205112411
Error: error_code = 30; This profile is private; id = 539968875
Error: error_code = 30; This profile is private; id = 620630062
Error: error_code = 30; This profile is private; id = 40765283
Error: error_code = 30; This profile is private; id = 58761090
Error: error_code = 30; This profile is private; id = 30127014
Error: error_code = 15; Access denied: user deactivated; id = 436369883
Error: error_code = 30; This profile is private; id = 432677557
Error: error_code = 30; This profile is private; id = 585347297
Error: error_code = 30; This profile is private; id = 360855991
Error: error_code = 30; This profile is private; id = 159817977
Error: error_code = 15; Access denied: user deactivated; id = 168751104
Error: error_code = 30; This profile is private; id = 637944676
Error: error_code = 30; This profile is private; id = 483262518
Error: error_code = 15; Access denied: user deactivated; id = 290242412
Error: error_code = 15; Access denied: user deactivated; id = 106051156
Error: error_code = 15; Access denied: user deactivated; id = 209561308
Error: error_code = 30; This profile is private; id = 216157347
Error: error_code = 30; This profile is private; id = 567354469
Error: error_code = 15; Access denied: user deactivated; id = 193855091
Error: error_code = 30; This profile is private; id = 579112733
Error: error_code = 30; This profile is private; id = 157418370
Error: error_code = 15; Access denied: user deactivated; id = 532182419
Error: error_code = 30; This profile is private; id = 29786019
Error: error_code = 30; This profile is private; id = 162371685
Error: error_code = 15; Access denied: user deactivated; id = 184472159
Error: error_code = 30; This profile is private; id = 277234939
Error: error_code = 30; This profile is private; id = 146503204
Error: error_code = 15; Access denied: user deactivated; id = 35244702
Error: error_code = 15; Access denied: user deactivated; id = 634686925
Error: error_code = 30; This profile is private; id = 203861508
Error: error_code = 30; This profile is private; id = 19464430
Error: error_code = 30; This profile is private; id = 58059862
Error: error_code = 15; Access denied: user deactivated; id = 77443365
Error: error_code = 30; This profile is private; id = 2631222
Error: error_code = 30; This profile is private; id = 162013198
Error: error_code = 15; Access denied: user deactivated; id = 714120717
Error: error_code = 30; This profile is private; id = 632529503
Error: error_code = 30; This profile is private; id = 6591325
Error: error_code = 30; This profile is private; id = 516574832
Error: error_code = 30; This profile is private; id = 236706241
Error: error_code = 30; This profile is private; id = 2695949
Error: error_code = 30; This profile is private; id = 477565222
Error: error_code = 15; Access denied: user deactivated; id = 707903833
Error: error_code = 30; This profile is private; id = 610459859
Error: error_code = 30; This profile is private; id = 714277702
Error: error_code = 15; Access denied: user deactivated; id = 242741851
Error: error_code = 15; Access denied: user deactivated; id = 251098555
Error: error_code = 30; This profile is private; id = 82997158
Error: error_code = 15; Access denied: user deactivated; id = 136691453
Error: error_code = 30; This profile is private; id = 577769375
Error: error_code = 30; This profile is private; id = 538983688
Error: error_code = 15; Access denied: user deactivated; id = 516636027
Error: error_code = 15; Access denied: user deactivated; id = 471261118
Error: error_code = 15; Access denied: user deactivated; id = 135228499
Error: error_code = 15; Access denied: user deactivated; id = 41407901
Error: error_code = 15; Access denied: user deactivated; id = 20471781
Error: error_code = 30; This profile is private; id = 340225045
Error: error_code = 30; This profile is private; id = 144887326
Error: error_code = 30; This profile is private; id = 494154261
Error: error_code = 15; Access denied: user deactivated; id = 427895971
Error: error_code = 15; Access denied: user deactivated; id = 240846704
Error: error_code = 30; This profile is private; id = 526939391
Error: error_code = 15; Access denied: user deactivated; id = 545209049
Error: error_code = 30; This profile is private; id = 622337637
Error: error_code = 30; This profile is private; id = 299281928
Error: error_code = 30; This profile is private; id = 612998105
Error: error_code = 30; This profile is private; id = 186635906
Error: error_code = 15; Access denied: user deactivated; id = 205087761
Error: error_code = 30; This profile is private; id = 218178159
Error: error_code = 30; This profile is private; id = 421534911
Error: error_code = 30; This profile is private; id = 595502545
Error: error_code = 30; This profile is private; id = 99515022
Error: error_code = 15; Access denied: user deactivated; id = 591725474
Error: error_code = 30; This profile is private; id = 304014815
Error: error_code = 30; This profile is private; id = 420811773
Error: error_code = 30; This profile is private; id = 146739869
Error: error_code = 30; This profile is private; id = 662150386
Error: error_code = 30; This profile is private; id = 397887154
Error: error_code = 30; This profile is private; id = 427222583
Error: error_code = 30; This profile is private; id = 465050437
Error: error_code = 15; Access denied: user deactivated; id = 85903297
Error: error_code = 30; This profile is private; id = 329581693
Error: error_code = 30; This profile is private; id = 264791885
Error: error_code = 15; Access denied: user deactivated; id = 78108891
Error: error_code = 30; This profile is private; id = 131133162
Error: error_code = 30; This profile is private; id = 419966017
Error: error_code = 30; This profile is private; id = 560196527
Error: error_code = 30; This profile is private; id = 557465646
Error: error_code = 30; This profile is private; id = 360514146
Error: error_code = 30; This profile is private; id = 21269531
Error: error_code = 30; This profile is private; id = 156372998
Error: error_code = 30; This profile is private; id = 239666023
Error: error_code = 30; This profile is private; id = 358161305
Error: error_code = 15; Access denied: user deactivated; id = 164120321
Error: error_code = 15; Access denied: user deactivated; id = 458179496
Error: error_code = 15; Access denied: user deactivated; id = 413511359
Error: error_code = 15; Access denied: user deactivated; id = 654079623
Error: error_code = 30; This profile is private; id = 607496974
Error: error_code = 30; This profile is private; id = 357419356
Error: error_code = 15; Access denied: user deactivated; id = 399929638
Error: error_code = 15; Access denied: user deactivated; id = 367961360
Error: error_code = 30; This profile is private; id = 373339166
Error: error_code = 30; This profile is private; id = 118262904
Error: error_code = 30; This profile is private; id = 3629435
Error: error_code = 15; Access denied: user deactivated; id = 36601494
Error: error_code = 15; Access denied: user deactivated; id = 180056912
Error: error_code = 30; This profile is private; id = 97449725
Error: error_code = 30; This profile is private; id = 535317428
Error: error_code = 30; This profile is private; id = 54620327
Error: error_code = 15; Access denied: user deactivated; id = 221552366
Error: error_code = 30; This profile is private; id = 303423219
Error: error_code = 30; This profile is private; id = 440299264
Error: error_code = 15; Access denied: user deactivated; id = 554121109
Error: error_code = 30; This profile is private; id = 435582620
Error: error_code = 30; This profile is private; id = 243638432
Error: error_code = 30; This profile is private; id = 700014437
Error: error_code = 15; Access denied: user deactivated; id = 302795180
Error: error_code = 30; This profile is private; id = 393262865
Error: error_code = 30; This profile is private; id = 493109249
Error: error_code = 15; Access denied: user deactivated; id = 340161086
Error: error_code = 15; Access denied: user deactivated; id = 421016706
Error: error_code = 30; This profile is private; id = 5943646
Error: error_code = 15; Access denied: user deactivated; id = 304963073
Error: error_code = 30; This profile is private; id = 242832648
Error: error_code = 30; This profile is private; id = 393087963
Error: error_code = 30; This profile is private; id = 162855982
Error: error_code = 30; This profile is private; id = 630288994
Error: error_code = 15; Access denied: user deactivated; id = 696248254
Error: error_code = 30; This profile is private; id = 324341375
Error: error_code = 30; This profile is private; id = 653523549
Error: error_code = 30; This profile is private; id = 104591432
Error: error_code = 30; This profile is private; id = 97760421
Error: error_code = 30; This profile is private; id = 3377205
Error: error_code = 30; This profile is private; id = 433056970
Error: error_code = 15; Access denied: user deactivated; id = 216611117
Error: error_code = 15; Access denied: user deactivated; id = 580695341
Error: error_code = 15; Access denied: user deactivated; id = 63571894
Error: error_code = 15; Access denied: user deactivated; id = 415169512
Error: error_code = 15; Access denied: user deactivated; id = 224454381
Error: error_code = 30; This profile is private; id = 27218714
Error: error_code = 30; This profile is private; id = 23555873
Error: error_code = 15; Access denied: user deactivated; id = 710123187
Error: error_code = 30; This profile is private; id = 500120539
Error: error_code = 30; This profile is private; id = 589811912
Error: error_code = 30; This profile is private; id = 603988523
Error: error_code = 30; This profile is private; id = 342601342
Error: error_code = 30; This profile is private; id = 112460735
Error: error_code = 15; Access denied: user deactivated; id = 521008427
Error: error_code = 30; This profile is private; id = 147002985
Error: error_code = 30; This profile is private; id = 168203282
Error: error_code = 15; Access denied: user deactivated; id = 545351672
Error: error_code = 30; This profile is private; id = 329292329
Error: error_code = 30; This profile is private; id = 12229447
Error: error_code = 15; Access denied: user deactivated; id = 537207408
Error: error_code = 15; Access denied: user deactivated; id = 229004167
Error: error_code = 30; This profile is private; id = 182130272
Error: error_code = 30; This profile is private; id = 521492737
Error: error_code = 30; This profile is private; id = 488394473
Error: error_code = 30; This profile is private; id = 138328821
Error: error_code = 30; This profile is private; id = 150476786
Error: error_code = 15; Access denied: user deactivated; id = 207908912
Error: error_code = 30; This profile is private; id = 50187426
Error: error_code = 30; This profile is private; id = 221282072
Error: error_code = 30; This profile is private; id = 37681259
Error: error_code = 30; This profile is private; id = 602356098
Error: error_code = 30; This profile is private; id = 331214245
Error: error_code = 15; Access denied: user deactivated; id = 436089490
Error: error_code = 30; This profile is private; id = 27043020
Error: error_code = 30; This profile is private; id = 576233994
Error: error_code = 30; This profile is private; id = 86087982
Error: error_code = 15; Access denied: user deactivated; id = 685476679
Error: error_code = 15; Access denied: user deactivated; id = 638258063
Error: error_code = 15; Access denied: user deactivated; id = 319256986
Error: error_code = 30; This profile is private; id = 650452770
Error: error_code = 15; Access denied: user deactivated; id = 452782826
Error: error_code = 15; Access denied: user deactivated; id = 433970609
Error: error_code = 15; Access denied: user deactivated; id = 559514760
Error: error_code = 30; This profile is private; id = 223845212
Error: error_code = 30; This profile is private; id = 706981035
Error: error_code = 30; This profile is private; id = 574563772
Error: error_code = 15; Access denied: user deactivated; id = 581104184
Error: error_code = 30; This profile is private; id = 669126901
Error: error_code = 30; This profile is private; id = 293259160
Error: error_code = 30; This profile is private; id = 65716516
Error: error_code = 30; This profile is private; id = 228591394
Error: error_code = 15; Access denied: user deactivated; id = 407186130
Error: error_code = 30; This profile is private; id = 138170981
Error: error_code = 15; Access denied: user deactivated; id = 525465486
Error: error_code = 15; Access denied: user deactivated; id = 182148031
Error: error_code = 30; This profile is private; id = 94351118
Error: error_code = 30; This profile is private; id = 48803032
Error: error_code = 15; Access denied: user deactivated; id = 525172643
Error: error_code = 30; This profile is private; id = 95080682
Error: error_code = 15; Access denied: user deactivated; id = 471578657
Error: error_code = 30; This profile is private; id = 344561022
Error: error_code = 30; This profile is private; id = 621327406
Error: error_code = 30; This profile is private; id = 605139313
Error: error_code = 15; Access denied: user deactivated; id = 203882863
Error: error_code = 15; Access denied: user deactivated; id = 329567131
Error: error_code = 30; This profile is private; id = 494678499
Error: error_code = 15; Access denied: user deactivated; id = 549507627
Error: error_code = 30; This profile is private; id = 711111357
Error: error_code = 30; This profile is private; id = 230561579
Error: error_code = 30; This profile is private; id = 146831
Error: error_code = 15; Access denied: user deactivated; id = 185696707
Error: error_code = 15; Access denied: user deactivated; id = 230842552
Error: error_code = 15; Access denied: user deactivated; id = 328786079
Error: error_code = 30; This profile is private; id = 607320999
Error: error_code = 30; This profile is private; id = 620291807
Error: error_code = 30; This profile is private; id = 220106809
Error: error_code = 15; Access denied: user deactivated; id = 325819641
Error: error_code = 30; This profile is private; id = 283631017
Error: error_code = 30; This profile is private; id = 676634496
Error: error_code = 30; This profile is private; id = 203082106
Error: error_code = 15; Access denied: user deactivated; id = 657226802
Error: error_code = 15; Access denied: user deactivated; id = 303277148
Error: error_code = 30; This profile is private; id = 563738112
Error: error_code = 30; This profile is private; id = 662457335
Error: error_code = 15; Access denied: user deactivated; id = 214687762
Error: error_code = 15; Access denied: user deactivated; id = 394744030
Error: error_code = 30; This profile is private; id = 4616856
Error: error_code = 30; This profile is private; id = 143393039
Error: error_code = 30; This profile is private; id = 544433370
Error: error_code = 30; This profile is private; id = 699094589
Error: error_code = 15; Access denied: user deactivated; id = 56295904
Error: error_code = 30; This profile is private; id = 538565476
Error: error_code = 15; Access denied: user deactivated; id = 503112581
Error: error_code = 30; This profile is private; id = 653173962
Error: error_code = 30; This profile is private; id = 672379992
Error: error_code = 15; Access denied: user deactivated; id = 219122503
Error: error_code = 15; Access denied: user deactivated; id = 316467366
Error: error_code = 30; This profile is private; id = 602279971
Error: error_code = 30; This profile is private; id = 133312771
Error: error_code = 30; This profile is private; id = 595357046
Error: error_code = 15; Access denied: user deactivated; id = 157899214
Error: error_code = 30; This profile is private; id = 531684745
Error: error_code = 30; This profile is private; id = 3115023
Error: error_code = 15; Access denied: user deactivated; id = 377040286
Error: error_code = 30; This profile is private; id = 205986710
Error: error_code = 15; Access denied: user deactivated; id = 339110425
Error: error_code = 30; This profile is private; id = 535999177
Error: error_code = 30; This profile is private; id = 233633847
Error: error_code = 30; This profile is private; id = 461145574
Error: error_code = 15; Access denied: user deactivated; id = 350111451
Error: error_code = 30; This profile is private; id = 385797979
Error: error_code = 15; Access denied: user deactivated; id = 379863374
Error: error_code = 30; This profile is private; id = 442062970
Error: error_code = 15; Access denied: user deactivated; id = 57846657
Error: error_code = 30; This profile is private; id = 69770081
Error: error_code = 30; This profile is private; id = 132686359
Error: error_code = 30; This profile is private; id = 265774216
Error: error_code = 30; This profile is private; id = 689145569
Error: error_code = 30; This profile is private; id = 686668935
Error: error_code = 30; This profile is private; id = 188903571
Error: error_code = 30; This profile is private; id = 123530864
Error: error_code = 30; This profile is private; id = 61778899
Error: error_code = 15; Access denied: user deactivated; id = 216918983
Error: error_code = 30; This profile is private; id = 25577736
Error: error_code = 30; This profile is private; id = 51286183
Error: error_code = 30; This profile is private; id = 135979114
Error: error_code = 30; This profile is private; id = 368336773
Error: error_code = 15; Access denied: user deactivated; id = 533696453
Error: error_code = 30; This profile is private; id = 38956411
Error: error_code = 15; Access denied: user deactivated; id = 230820141
Error: error_code = 15; Access denied: user deactivated; id = 439388557
Error: error_code = 30; This profile is private; id = 530397684
Error: error_code = 15; Access denied: user deactivated; id = 271171086
Error: error_code = 15; Access denied: user deactivated; id = 421372940
Error: error_code = 30; This profile is private; id = 588012897
Error: error_code = 30; This profile is private; id = 467148891
Error: error_code = 30; This profile is private; id = 295655516
Error: error_code = 30; This profile is private; id = 167787564
Error: error_code = 30; This profile is private; id = 688391498
Error: error_code = 15; Access denied: user deactivated; id = 437870322
Error: error_code = 15; Access denied: user deactivated; id = 168290335
Error: error_code = 30; This profile is private; id = 571718123
Error: error_code = 30; This profile is private; id = 359176042
Error: error_code = 30; This profile is private; id = 568729124
Error: error_code = 30; This profile is private; id = 637489160
Error: error_code = 30; This profile is private; id = 244327629
Error: error_code = 15; Access denied: user deactivated; id = 564580400
Error: error_code = 30; This profile is private; id = 73566762
Error: error_code = 30; This profile is private; id = 519022173
Error: error_code = 30; This profile is private; id = 333027121
Error: error_code = 15; Access denied: user deactivated; id = 316268365
Error: error_code = 30; This profile is private; id = 668231956
Error: error_code = 30; This profile is private; id = 17251956
Error: error_code = 30; This profile is private; id = 320375007
Error: error_code = 30; This profile is private; id = 58243242
Error: error_code = 30; This profile is private; id = 534119577
Error: error_code = 15; Access denied: user deactivated; id = 176295627
Error: error_code = 30; This profile is private; id = 282320254
Error: error_code = 30; This profile is private; id = 169117282
Error: error_code = 15; Access denied: user deactivated; id = 517043712
Error: error_code = 30; This profile is private; id = 183880824
Error: error_code = 15; Access denied: user deactivated; id = 448220744
Error: error_code = 30; This profile is private; id = 384456743
Error: error_code = 30; This profile is private; id = 548337129
Error: error_code = 30; This profile is private; id = 689374001
Error: error_code = 30; This profile is private; id = 463051508
Error: error_code = 30; This profile is private; id = 513834989
Error: error_code = 30; This profile is private; id = 322476049
Error: error_code = 30; This profile is private; id = 230407944
Error: error_code = 30; This profile is private; id = 673894476
Error: error_code = 30; This profile is private; id = 664495509
Error: error_code = 15; Access denied: user deactivated; id = 110532055
Error: error_code = 15; Access denied: user deactivated; id = 341286776
Error: error_code = 15; Access denied: user deactivated; id = 39695238
Error: error_code = 30; This profile is private; id = 30829253
Error: error_code = 15; Access denied: user deactivated; id = 571839684
Error: error_code = 15; Access denied: user deactivated; id = 557184543
Error: error_code = 15; Access denied: user deactivated; id = 219174390
Error: error_code = 30; This profile is private; id = 350734048
Error: error_code = 30; This profile is private; id = 565962083
Error: error_code = 30; This profile is private; id = 166509787
Error: error_code = 30; This profile is private; id = 603223320
Error: error_code = 15; Access denied: user deactivated; id = 648503908
Error: error_code = 30; This profile is private; id = 56668973
Error: error_code = 30; This profile is private; id = 65322450
Error: error_code = 30; This profile is private; id = 322322586
Error: error_code = 15; Access denied: user deactivated; id = 244183945
Error: error_code = 30; This profile is private; id = 548781085
Error: error_code = 15; Access denied: user deactivated; id = 494784430
Error: error_code = 30; This profile is private; id = 187539963
Error: error_code = 15; Access denied: user deactivated; id = 345004906
Error: error_code = 15; Access denied: user deactivated; id = 326067319
Error: error_code = 30; This profile is private; id = 450611137
Error: error_code = 30; This profile is private; id = 582903044
Error: error_code = 30; This profile is private; id = 497005289
Error: error_code = 30; This profile is private; id = 50223288
Error: error_code = 15; Access denied: user deactivated; id = 590289493
Error: error_code = 30; This profile is private; id = 269980303
Error: error_code = 30; This profile is private; id = 552603398
Error: error_code = 30; This profile is private; id = 526456071
Error: error_code = 15; Access denied: user deactivated; id = 495398517
Error: error_code = 30; This profile is private; id = 2761524
Error: error_code = 15; Access denied: user deactivated; id = 414649096
Error: error_code = 30; This profile is private; id = 78190071
Error: error_code = 15; Access denied: user deactivated; id = 421700845
Error: error_code = 15; Access denied: user deactivated; id = 225461867
Error: error_code = 30; This profile is private; id = 479950605
Error: error_code = 15; Access denied: user deactivated; id = 448392492
Error: error_code = 30; This profile is private; id = 6906176
Error: error_code = 30; This profile is private; id = 229460885
Error: error_code = 30; This profile is private; id = 184664770
Error: error_code = 30; This profile is private; id = 15422273
Error: error_code = 15; Access denied: user deactivated; id = 209610260
Error: error_code = 30; This profile is private; id = 345304210
Error: error_code = 30; This profile is private; id = 456476270
Error: error_code = 15; Access denied: user deactivated; id = 329944015
Error: error_code = 30; This profile is private; id = 490666487
Error: error_code = 15; Access denied: user deactivated; id = 457089590
Error: error_code = 30; This profile is private; id = 261521187
Error: error_code = 30; This profile is private; id = 466069274
Error: error_code = 30; This profile is private; id = 668597676
Error: error_code = 15; Access denied: user deactivated; id = 440407873
Error: error_code = 15; Access denied: user deactivated; id = 18047663
Error: error_code = 15; Access denied: user deactivated; id = 695295892
Error: error_code = 30; This profile is private; id = 503386389
Error: error_code = 30; This profile is private; id = 433591283
Error: error_code = 30; This profile is private; id = 522437046
Error: error_code = 30; This profile is private; id = 145542854
Error: error_code = 15; Access denied: user deactivated; id = 227523747
Error: error_code = 30; This profile is private; id = 485632740
Error: error_code = 15; Access denied: user deactivated; id = 169539916
Error: error_code = 30; This profile is private; id = 84242389
Error: error_code = 15; Access denied: user deactivated; id = 461642520
Error: error_code = 30; This profile is private; id = 248412565
Error: error_code = 30; This profile is private; id = 477732000
Error: error_code = 30; This profile is private; id = 163057839
Error: error_code = 15; Access denied: user deactivated; id = 541521091
Error: error_code = 30; This profile is private; id = 472064200
Error: error_code = 30; This profile is private; id = 444759100
Error: error_code = 15; Access denied: user deactivated; id = 272287345
Error: error_code = 15; Access denied: user deactivated; id = 525382379
Error: error_code = 30; This profile is private; id = 599153685
Error: error_code = 30; This profile is private; id = 445110515
Error: error_code = 15; Access denied: user deactivated; id = 281805617
Error: error_code = 30; This profile is private; id = 161537502
Error: error_code = 15; Access denied: user deactivated; id = 504615870
Error: error_code = 30; This profile is private; id = 3520414
Error: error_code = 15; Access denied: user deactivated; id = 256297645
Error: error_code = 30; This profile is private; id = 141388101
Error: error_code = 15; Access denied: user deactivated; id = 621940026
Error: error_code = 30; This profile is private; id = 627212191
Error: error_code = 15; Access denied: user deactivated; id = 158855022
Error: error_code = 15; Access denied: user deactivated; id = 344200968
Error: error_code = 30; This profile is private; id = 33125932
Error: error_code = 30; This profile is private; id = 629209292
Error: error_code = 30; This profile is private; id = 272346598
Error: error_code = 15; Access denied: user deactivated; id = 532989807
Error: error_code = 30; This profile is private; id = 496236364
Error: error_code = 15; Access denied: user deactivated; id = 174218619
Error: error_code = 30; This profile is private; id = 270330151
Error: error_code = 15; Access denied: user deactivated; id = 250719049
Error: error_code = 30; This profile is private; id = 426440042
Error: error_code = 15; Access denied: user deactivated; id = 185621
Error: error_code = 30; This profile is private; id = 337157298
Error: error_code = 15; Access denied: user deactivated; id = 145638972
Error: error_code = 15; Access denied: user deactivated; id = 15066646
Error: error_code = 30; This profile is private; id = 528028153
Error: error_code = 15; Access denied: user deactivated; id = 49551753
Error: error_code = 30; This profile is private; id = 22668451
Error: error_code = 15; Access denied: user deactivated; id = 535048151
Error: error_code = 15; Access denied: user deactivated; id = 119964765
Error: error_code = 15; Access denied: user deactivated; id = 84542443
Error: error_code = 30; This profile is private; id = 108646163
Error: error_code = 30; This profile is private; id = 549918276
Error: error_code = 15; Access denied: user deactivated; id = 220478087
Error: error_code = 30; This profile is private; id = 330928168
Error: error_code = 30; This profile is private; id = 216386394
Error: error_code = 30; This profile is private; id = 303345811
Error: error_code = 30; This profile is private; id = 518511515
Error: error_code = 30; This profile is private; id = 577637239
Error: error_code = 30; This profile is private; id = 341118729
Error: error_code = 15; Access denied: user deactivated; id = 540202325
Error: error_code = 30; This profile is private; id = 63506672
Error: error_code = 30; This profile is private; id = 43902302
Error: error_code = 15; Access denied: user deactivated; id = 578522697
Error: error_code = 30; This profile is private; id = 216240683
Error: error_code = 30; This profile is private; id = 62986318
Error: error_code = 30; This profile is private; id = 683714723
Error: error_code = 30; This profile is private; id = 691811775
Error: error_code = 30; This profile is private; id = 99269712
Error: error_code = 30; This profile is private; id = 19255603
Error: error_code = 30; This profile is private; id = 661018966
Error: error_code = 15; Access denied: user deactivated; id = 347444801
Error: error_code = 30; This profile is private; id = 159198893
Error: error_code = 30; This profile is private; id = 580055323
Error: error_code = 15; Access denied: user deactivated; id = 307280989
Error: error_code = 30; This profile is private; id = 403410963
Error: error_code = 30; This profile is private; id = 558278645
Error: error_code = 30; This profile is private; id = 23930296
Error: error_code = 30; This profile is private; id = 456225985
Error: error_code = 15; Access denied: user deactivated; id = 702920638
Error: error_code = 30; This profile is private; id = 152298775
Error: error_code = 15; Access denied: user deactivated; id = 177616720
Error: error_code = 15; Access denied: user deactivated; id = 131896037
Error: error_code = 15; Access denied: user deactivated; id = 47940781
Error: error_code = 30; This profile is private; id = 222703624
Error: error_code = 15; Access denied: user deactivated; id = 573419101
Error: error_code = 30; This profile is private; id = 101577910
Error: error_code = 15; Access denied: user deactivated; id = 11643078
Error: error_code = 30; This profile is private; id = 487214126
Error: error_code = 15; Access denied: user deactivated; id = 287155579
Error: error_code = 30; This profile is private; id = 247381158
Error: error_code = 15; Access denied: user deactivated; id = 656780436
Error: error_code = 30; This profile is private; id = 586355081
Error: error_code = 15; Access denied: user deactivated; id = 194497481
Error: error_code = 15; Access denied: user deactivated; id = 517887389
Error: error_code = 30; This profile is private; id = 453645504
Error: error_code = 30; This profile is private; id = 87922712
Error: error_code = 30; This profile is private; id = 477757937
Error: error_code = 15; Access denied: user deactivated; id = 13364394
Error: error_code = 30; This profile is private; id = 199016871
Error: error_code = 30; This profile is private; id = 441194577
Error: error_code = 30; This profile is private; id = 676979401
Error: error_code = 30; This profile is private; id = 35898536
Error: error_code = 15; Access denied: user deactivated; id = 246855991
Error: error_code = 15; Access denied: user deactivated; id = 223841700
Error: error_code = 30; This profile is private; id = 659942508
Error: error_code = 15; Access denied: user deactivated; id = 234180362
Error: error_code = 15; Access denied: user deactivated; id = 339432796
Error: error_code = 30; This profile is private; id = 533629648
Error: error_code = 30; This profile is private; id = 322790572
Error: error_code = 15; Access denied: user deactivated; id = 314787879
Error: error_code = 30; This profile is private; id = 661046968
Error: error_code = 15; Access denied: user deactivated; id = 180208847
Error: error_code = 30; This profile is private; id = 321019810
Error: error_code = 15; Access denied: user deactivated; id = 175937725
Error: error_code = 30; This profile is private; id = 443468656
Error: error_code = 30; This profile is private; id = 3705174
Error: error_code = 30; This profile is private; id = 181688744
Error: error_code = 15; Access denied: user deactivated; id = 293895028
Error: error_code = 15; Access denied: user deactivated; id = 142131445
Error: error_code = 30; This profile is private; id = 558056388
Error: error_code = 30; This profile is private; id = 155959377
Error: error_code = 30; This profile is private; id = 19319012
Error: error_code = 30; This profile is private; id = 323931390
Error: error_code = 30; This profile is private; id = 188726517
Error: error_code = 15; Access denied: user deactivated; id = 337192999
Error: error_code = 30; This profile is private; id = 531937846
Error: error_code = 30; This profile is private; id = 131816014
Error: error_code = 30; This profile is private; id = 629494702
Error: error_code = 30; This profile is private; id = 450201013
Error: error_code = 15; Access denied: user deactivated; id = 221831769
Error: error_code = 30; This profile is private; id = 546212329
Error: error_code = 15; Access denied: user deactivated; id = 426717055
Error: error_code = 30; This profile is private; id = 101828248
Error: error_code = 30; This profile is private; id = 144231330
Error: error_code = 15; Access denied: user deactivated; id = 200130936
Error: error_code = 15; Access denied: user deactivated; id = 618020036
Error: error_code = 30; This profile is private; id = 524644467
Error: error_code = 30; This profile is private; id = 66971878
Error: error_code = 15; Access denied: user deactivated; id = 320356999
Error: error_code = 30; This profile is private; id = 697592499
Error: error_code = 15; Access denied: user deactivated; id = 371733560
Error: error_code = 30; This profile is private; id = 49708857
Error: error_code = 30; This profile is private; id = 255952957
Error: error_code = 30; This profile is private; id = 705381238
Error: error_code = 30; This profile is private; id = 338829795
Error: error_code = 15; Access denied: user deactivated; id = 396359609
Error: error_code = 30; This profile is private; id = 463306108
Error: error_code = 30; This profile is private; id = 710810400
Error: error_code = 15; Access denied: user deactivated; id = 245592508
Error: error_code = 30; This profile is private; id = 556136254
Error: error_code = 15; Access denied: user deactivated; id = 705613351
Error: error_code = 30; This profile is private; id = 245888115
Error: error_code = 30; This profile is private; id = 671938997
Error: error_code = 30; This profile is private; id = 661787896
Error: error_code = 15; Access denied: user deactivated; id = 214850250
Error: error_code = 30; This profile is private; id = 361346455
Error: error_code = 15; Access denied: user deactivated; id = 135164868
Error: error_code = 30; This profile is private; id = 627458565
Error: error_code = 30; This profile is private; id = 272977565
Error: error_code = 15; Access denied: user deactivated; id = 247160561
Error: error_code = 15; Access denied: user deactivated; id = 486651574
Error: error_code = 30; This profile is private; id = 243251363
Error: error_code = 30; This profile is private; id = 534595753
Error: error_code = 30; This profile is private; id = 139818537
Error: error_code = 30; This profile is private; id = 538615401
Error: error_code = 30; This profile is private; id = 63251772
Error: error_code = 30; This profile is private; id = 132785029
Error: error_code = 15; Access denied: user deactivated; id = 139676356
Error: error_code = 15; Access denied: user deactivated; id = 223617131
Error: error_code = 30; This profile is private; id = 78112967
Error: error_code = 30; This profile is private; id = 131944828
Error: error_code = 30; This profile is private; id = 708882496
Error: error_code = 15; Access denied: user deactivated; id = 318263460
Error: error_code = 30; This profile is private; id = 2673263
Error: error_code = 15; Access denied: user deactivated; id = 144033680
Error: error_code = 30; This profile is private; id = 599724924
Error: error_code = 15; Access denied: user deactivated; id = 418936895
Error: error_code = 30; This profile is private; id = 530438994
Error: error_code = 30; This profile is private; id = 237828791
Error: error_code = 30; This profile is private; id = 404712921
Error: error_code = 30; This profile is private; id = 629098725
Error: error_code = 30; This profile is private; id = 22255822
Error: error_code = 15; Access denied: user deactivated; id = 29681416
Error: error_code = 30; This profile is private; id = 54330803
Error: error_code = 30; This profile is private; id = 245470386
Error: error_code = 30; This profile is private; id = 480345734
Error: error_code = 30; This profile is private; id = 20534976
Error: error_code = 30; This profile is private; id = 291529548
Error: error_code = 15; Access denied: user deactivated; id = 217801461
Error: error_code = 15; Access denied: user deactivated; id = 427267935
Error: error_code = 15; Access denied: user deactivated; id = 581853896
Error: error_code = 30; This profile is private; id = 554674270
Error: error_code = 30; This profile is private; id = 499132831
Error: error_code = 30; This profile is private; id = 165406248
Error: error_code = 15; Access denied: user deactivated; id = 540249065
Error: error_code = 30; This profile is private; id = 361660870
Error: error_code = 15; Access denied: user deactivated; id = 513292009
Error: error_code = 30; This profile is private; id = 596674707
Error: error_code = 15; Access denied: user deactivated; id = 476994329
Error: error_code = 15; Access denied: user deactivated; id = 711748335
Error: error_code = 30; This profile is private; id = 701036772
Error: error_code = 30; This profile is private; id = 419706088
Error: error_code = 30; This profile is private; id = 31430482
Error: error_code = 30; This profile is private; id = 154425578
Error: error_code = 15; Access denied: user deactivated; id = 395783834
Error: error_code = 30; This profile is private; id = 678761882
Error: error_code = 30; This profile is private; id = 379380201
Error: error_code = 15; Access denied: user deactivated; id = 306155024
Error: error_code = 15; Access denied: user deactivated; id = 371722194
Error: error_code = 30; This profile is private; id = 19810068
Error: error_code = 30; This profile is private; id = 683857289
Error: error_code = 15; Access denied: user deactivated; id = 209400300
Error: error_code = 15; Access denied: user deactivated; id = 311465487
Error: error_code = 30; This profile is private; id = 7985223
Error: error_code = 30; This profile is private; id = 482659676
Error: error_code = 30; This profile is private; id = 406001630
Error: error_code = 30; This profile is private; id = 606061130
Error: error_code = 15; Access denied: user deactivated; id = 551955870
Error: error_code = 30; This profile is private; id = 548269027
Error: error_code = 30; This profile is private; id = 189188899
Error: error_code = 15; Access denied: user deactivated; id = 215200776
Error: error_code = 30; This profile is private; id = 250191123
Error: error_code = 30; This profile is private; id = 551530568
Error: error_code = 30; This profile is private; id = 306209028
Error: error_code = 30; This profile is private; id = 26242752
Error: error_code = 30; This profile is private; id = 264832034
Error: error_code = 30; This profile is private; id = 703028192
Error: error_code = 30; This profile is private; id = 631628144
Error: error_code = 30; This profile is private; id = 545576325
Error: error_code = 30; This profile is private; id = 55013256
Error: error_code = 30; This profile is private; id = 65908578
Error: error_code = 30; This profile is private; id = 466115919
Error: error_code = 30; This profile is private; id = 268204411
Error: error_code = 30; This profile is private; id = 306477878
Error: error_code = 30; This profile is private; id = 4714266
Error: error_code = 30; This profile is private; id = 371925402
Error: error_code = 15; Access denied: user deactivated; id = 30406738
Error: error_code = 15; Access denied: user deactivated; id = 537399891
Error: error_code = 30; This profile is private; id = 58051363
Error: error_code = 30; This profile is private; id = 197088637
Error: error_code = 15; Access denied: user deactivated; id = 526718510
Error: error_code = 30; This profile is private; id = 2259287
Error: error_code = 15; Access denied: user deactivated; id = 440704049
Error: error_code = 30; This profile is private; id = 91721929
Error: error_code = 30; This profile is private; id = 603609318
Error: error_code = 30; This profile is private; id = 330116927
Error: error_code = 30; This profile is private; id = 95638155
Error: error_code = 30; This profile is private; id = 293907224
Error: error_code = 30; This profile is private; id = 150464399
Error: error_code = 30; This profile is private; id = 601376040
Error: error_code = 30; This profile is private; id = 462092210
Error: error_code = 30; This profile is private; id = 255014661
Error: error_code = 30; This profile is private; id = 402970081
Error: error_code = 15; Access denied: user deactivated; id = 545124464
Error: error_code = 30; This profile is private; id = 238528518
Error: error_code = 15; Access denied: user deactivated; id = 503912145
Error: error_code = 30; This profile is private; id = 342629421
Error: error_code = 15; Access denied: user deactivated; id = 427615515
Error: error_code = 30; This profile is private; id = 360473888
Error: error_code = 15; Access denied: user deactivated; id = 446578066
Error: error_code = 30; This profile is private; id = 259460225
Error: error_code = 30; This profile is private; id = 32795460
Error: error_code = 30; This profile is private; id = 269821532
Error: error_code = 30; This profile is private; id = 639511240
Error: error_code = 30; This profile is private; id = 262105534
Error: error_code = 30; This profile is private; id = 264249807
Error: error_code = 30; This profile is private; id = 139108629
Error: error_code = 30; This profile is private; id = 669741071
Error: error_code = 30; This profile is private; id = 401979158
Error: error_code = 30; This profile is private; id = 320962048
Error: error_code = 30; This profile is private; id = 241608523
Error: error_code = 30; This profile is private; id = 255456869
Error: error_code = 30; This profile is private; id = 466438562
Error: error_code = 15; Access denied: user deactivated; id = 699730414
Error: error_code = 30; This profile is private; id = 12314727
Error: error_code = 30; This profile is private; id = 603603565
Error: error_code = 15; Access denied: user deactivated; id = 315847892
Error: error_code = 30; This profile is private; id = 56641116
Error: error_code = 30; This profile is private; id = 52923365
Error: error_code = 30; This profile is private; id = 174818698
Error: error_code = 15; Access denied: user deactivated; id = 520004268
Error: error_code = 30; This profile is private; id = 139646063
Error: error_code = 30; This profile is private; id = 533243935
Error: error_code = 30; This profile is private; id = 479796980
Error: error_code = 15; Access denied: user deactivated; id = 358296362
Error: error_code = 30; This profile is private; id = 126450903
Error: error_code = 15; Access denied: user deactivated; id = 222056452
Error: error_code = 30; This profile is private; id = 579719558
Error: error_code = 30; This profile is private; id = 6703633
Error: error_code = 15; Access denied: user deactivated; id = 702803270
Error: error_code = 30; This profile is private; id = 354337549
Error: error_code = 30; This profile is private; id = 621776313
Error: error_code = 15; Access denied: user deactivated; id = 477300317
Error: error_code = 30; This profile is private; id = 63770183
Error: error_code = 15; Access denied: user deactivated; id = 559586157
Error: error_code = 30; This profile is private; id = 696544098
Error: error_code = 30; This profile is private; id = 50560753
Error: error_code = 15; Access denied: user deactivated; id = 702970952
Error: error_code = 30; This profile is private; id = 534826228
Error: error_code = 30; This profile is private; id = 21441720
Error: error_code = 30; This profile is private; id = 191950018
Error: error_code = 30; This profile is private; id = 97921705
Error: error_code = 15; Access denied: user deactivated; id = 166104199
Error: error_code = 30; This profile is private; id = 270213445
Error: error_code = 15; Access denied: user deactivated; id = 54860909
Error: error_code = 30; This profile is private; id = 586039610
Error: error_code = 30; This profile is private; id = 587318838
Error: error_code = 30; This profile is private; id = 298562126
Error: error_code = 30; This profile is private; id = 221245792
Error: error_code = 30; This profile is private; id = 638374531
Error: error_code = 30; This profile is private; id = 550605659
Error: error_code = 30; This profile is private; id = 606623213
Error: error_code = 15; Access denied: user deactivated; id = 269161268
Error: error_code = 15; Access denied: user deactivated; id = 338524851
Error: error_code = 15; Access denied: user deactivated; id = 278588212
Error: error_code = 30; This profile is private; id = 611555814
Error: error_code = 30; This profile is private; id = 407200562
Error: error_code = 30; This profile is private; id = 241519423
Error: error_code = 15; Access denied: user deactivated; id = 206575843
Error: error_code = 30; This profile is private; id = 147308049
Error: error_code = 15; Access denied: user deactivated; id = 189859733
Error: error_code = 30; This profile is private; id = 272007284
Error: error_code = 30; This profile is private; id = 141297817
Error: error_code = 30; This profile is private; id = 253026205
Error: error_code = 30; This profile is private; id = 271708648
Error: error_code = 30; This profile is private; id = 319161052
Error: error_code = 30; This profile is private; id = 52207236
Error: error_code = 30; This profile is private; id = 664560300
Error: error_code = 15; Access denied: user deactivated; id = 388597856
Error: error_code = 30; This profile is private; id = 222733072
Error: error_code = 30; This profile is private; id = 264192014
Error: error_code = 15; Access denied: user deactivated; id = 350273453
Error: error_code = 30; This profile is private; id = 230476679
Error: error_code = 30; This profile is private; id = 396067002
Error: error_code = 30; This profile is private; id = 428102108
Error: error_code = 30; This profile is private; id = 166740590
Error: error_code = 15; Access denied: user deactivated; id = 168065878
Error: error_code = 30; This profile is private; id = 500570588
Error: error_code = 15; Access denied: user deactivated; id = 354118375
Error: error_code = 30; This profile is private; id = 459147038
Error: error_code = 30; This profile is private; id = 664791020
Error: error_code = 30; This profile is private; id = 432253997
Error: error_code = 30; This profile is private; id = 568826244
Error: error_code = 30; This profile is private; id = 143303964
Error: error_code = 30; This profile is private; id = 22305715
Error: error_code = 30; This profile is private; id = 172955992
Error: error_code = 30; This profile is private; id = 10888472
Error: error_code = 30; This profile is private; id = 18464593
Error: error_code = 30; This profile is private; id = 17143230
Error: error_code = 30; This profile is private; id = 438791516
Error: error_code = 30; This profile is private; id = 575281004
Error: error_code = 15; Access denied: user deactivated; id = 546546692
Error: error_code = 15; Access denied: user deactivated; id = 599296025
Error: error_code = 15; Access denied: user deactivated; id = 381672811
Error: error_code = 30; This profile is private; id = 186495802
Error: error_code = 30; This profile is private; id = 206327054
Error: error_code = 15; Access denied: user deactivated; id = 522862024
Error: error_code = 30; This profile is private; id = 563378038
Error: error_code = 30; This profile is private; id = 680450746
Error: error_code = 30; This profile is private; id = 315826313
Error: error_code = 30; This profile is private; id = 163757219
Error: error_code = 30; This profile is private; id = 428109626
Error: error_code = 30; This profile is private; id = 450756561
Error: error_code = 15; Access denied: user deactivated; id = 231012318
Error: error_code = 30; This profile is private; id = 524541770
Error: error_code = 15; Access denied: user deactivated; id = 214844786
Error: error_code = 15; Access denied: user deactivated; id = 463916469
Error: error_code = 15; Access denied: user deactivated; id = 620266341
Error: error_code = 30; This profile is private; id = 289541766
Error: error_code = 30; This profile is private; id = 17445070
Error: error_code = 30; This profile is private; id = 289209995
Error: error_code = 15; Access denied: user deactivated; id = 291488462
Error: error_code = 30; This profile is private; id = 403469253
Error: error_code = 30; This profile is private; id = 257186772
Error: error_code = 15; Access denied: user deactivated; id = 224026717
Error: error_code = 15; Access denied: user deactivated; id = 296313297
Error: error_code = 30; This profile is private; id = 8684506
Error: error_code = 30; This profile is private; id = 345465850
Error: error_code = 15; Access denied: user deactivated; id = 106625349
Error: error_code = 15; Access denied: user deactivated; id = 227761329
Error: error_code = 30; This profile is private; id = 336913300
Error: error_code = 15; Access denied: user deactivated; id = 219481904
Error: error_code = 30; This profile is private; id = 271322505
Error: error_code = 15; Access denied: user deactivated; id = 705641045
Error: error_code = 15; Access denied: user deactivated; id = 84094000
Error: error_code = 15; Access denied: user deactivated; id = 10452865
Error: error_code = 15; Access denied: user deactivated; id = 150624145
Error: error_code = 30; This profile is private; id = 497628277
Error: error_code = 30; This profile is private; id = 137618765
Error: error_code = 30; This profile is private; id = 583224703
Error: error_code = 30; This profile is private; id = 532844458
Error: error_code = 15; Access denied: user deactivated; id = 172550129
Error: error_code = 30; This profile is private; id = 156332028
Error: error_code = 15; Access denied: user deactivated; id = 308862212
Error: error_code = 30; This profile is private; id = 110860401
Error: error_code = 15; Access denied: user deactivated; id = 1134931
Error: error_code = 15; Access denied: user deactivated; id = 433586272
Error: error_code = 15; Access denied: user deactivated; id = 257931638
Error: error_code = 30; This profile is private; id = 249757356
Error: error_code = 15; Access denied: user deactivated; id = 561739268
Error: error_code = 15; Access denied: user deactivated; id = 175080703
Error: error_code = 30; This profile is private; id = 82979770
Error: error_code = 30; This profile is private; id = 180465361
Error: error_code = 15; Access denied: user deactivated; id = 15760594
Error: error_code = 30; This profile is private; id = 31382801
Error: error_code = 30; This profile is private; id = 344035834
Error: error_code = 15; Access denied: user deactivated; id = 370180005
Error: error_code = 30; This profile is private; id = 186948086
Error: error_code = 15; Access denied: user deactivated; id = 504788061
Error: error_code = 30; This profile is private; id = 405468751
Error: error_code = 30; This profile is private; id = 518756204
Error: error_code = 30; This profile is private; id = 138935172
Error: error_code = 15; Access denied: user deactivated; id = 427879545
Error: error_code = 30; This profile is private; id = 30460948
Error: error_code = 30; This profile is private; id = 529076216
Error: error_code = 30; This profile is private; id = 463548079
Error: error_code = 30; This profile is private; id = 18661022
Error: error_code = 30; This profile is private; id = 478791710
Error: error_code = 30; This profile is private; id = 326520537
Error: error_code = 30; This profile is private; id = 526166923
Error: error_code = 30; This profile is private; id = 581367215
Error: error_code = 15; Access denied: user deactivated; id = 160871830
Error: error_code = 30; This profile is private; id = 344106776
Error: error_code = 15; Access denied: user deactivated; id = 407054113
Error: error_code = 30; This profile is private; id = 2991268
Error: error_code = 30; This profile is private; id = 616499155
Error: error_code = 30; This profile is private; id = 73321923
Error: error_code = 30; This profile is private; id = 544143779
Error: error_code = 30; This profile is private; id = 543363414
Error: error_code = 30; This profile is private; id = 339401893
Error: error_code = 15; Access denied: user deactivated; id = 320709119
Error: error_code = 30; This profile is private; id = 387730709
Error: error_code = 30; This profile is private; id = 135731657
Error: error_code = 30; This profile is private; id = 503069856
Error: error_code = 15; Access denied: user deactivated; id = 23010396
Error: error_code = 30; This profile is private; id = 33419111
Error: error_code = 30; This profile is private; id = 679721502
Error: error_code = 30; This profile is private; id = 677589803
Error: error_code = 30; This profile is private; id = 85412118
Error: error_code = 30; This profile is private; id = 141977283
Error: error_code = 30; This profile is private; id = 113716725
Error: error_code = 15; Access denied: user deactivated; id = 476297691
Error: error_code = 30; This profile is private; id = 689982438
Error: error_code = 30; This profile is private; id = 614561566
Error: error_code = 30; This profile is private; id = 400344141
Error: error_code = 30; This profile is private; id = 73287002
Error: error_code = 15; Access denied: user deactivated; id = 420685908
Error: error_code = 30; This profile is private; id = 542087973
Error: error_code = 15; Access denied: user deactivated; id = 407862924
Error: error_code = 30; This profile is private; id = 613865848
Error: error_code = 15; Access denied: user deactivated; id = 13672659
Error: error_code = 15; Access denied: user deactivated; id = 419824123
Error: error_code = 15; Access denied: user deactivated; id = 313360695
Error: error_code = 30; This profile is private; id = 155937021
Error: error_code = 30; This profile is private; id = 493000919
Error: error_code = 30; This profile is private; id = 292209772
Error: error_code = 15; Access denied: user deactivated; id = 177721244
Error: error_code = 30; This profile is private; id = 198166790
Error: error_code = 30; This profile is private; id = 385866338
Error: error_code = 30; This profile is private; id = 450094100
Error: error_code = 30; This profile is private; id = 390270328
Error: error_code = 15; Access denied: user deactivated; id = 609780675
Error: error_code = 15; Access denied: user deactivated; id = 491384322
Error: error_code = 30; This profile is private; id = 55720972
Error: error_code = 15; Access denied: user deactivated; id = 715138637
Error: error_code = 15; Access denied: user deactivated; id = 198360250
Error: error_code = 30; This profile is private; id = 24117368
Error: error_code = 30; This profile is private; id = 595013285
Error: error_code = 30; This profile is private; id = 267127638
Error: error_code = 15; Access denied: user deactivated; id = 676586330
Error: error_code = 15; Access denied: user deactivated; id = 243620040
Error: error_code = 15; Access denied: user deactivated; id = 24533494
Error: error_code = 15; Access denied: user deactivated; id = 424073617
Error: error_code = 30; This profile is private; id = 328007273
Error: error_code = 30; This profile is private; id = 126168890
Error: error_code = 30; This profile is private; id = 334941803
Error: error_code = 30; This profile is private; id = 173026289
Error: error_code = 30; This profile is private; id = 161723861
Error: error_code = 30; This profile is private; id = 650451642
Error: error_code = 15; Access denied: user deactivated; id = 191260032
Error: error_code = 30; This profile is private; id = 352017597
Error: error_code = 15; Access denied: user deactivated; id = 696244477
Error: error_code = 15; Access denied: user deactivated; id = 431262739
Error: error_code = 30; This profile is private; id = 104341750
Error: error_code = 30; This profile is private; id = 546763433
Error: error_code = 30; This profile is private; id = 509248619
Error: error_code = 30; This profile is private; id = 63742304
Error: error_code = 30; This profile is private; id = 138330343
Error: error_code = 15; Access denied: user deactivated; id = 528566151
Error: error_code = 30; This profile is private; id = 590997604
Error: error_code = 15; Access denied: user deactivated; id = 363371773
Error: error_code = 30; This profile is private; id = 578842413
Error: error_code = 15; Access denied: user deactivated; id = 78404283
Error: error_code = 30; This profile is private; id = 675990006
Error: error_code = 30; This profile is private; id = 177190836
Error: error_code = 15; Access denied: user deactivated; id = 410268808
Error: error_code = 30; This profile is private; id = 233452208
Error: error_code = 30; This profile is private; id = 592557750
Error: error_code = 15; Access denied: user deactivated; id = 199749112
Error: error_code = 30; This profile is private; id = 705972321
Error: error_code = 30; This profile is private; id = 15462572
Error: error_code = 15; Access denied: user deactivated; id = 392561710
Error: error_code = 30; This profile is private; id = 152611812
Error: error_code = 30; This profile is private; id = 101599493
Error: error_code = 30; This profile is private; id = 480751927
Error: error_code = 15; Access denied: user deactivated; id = 523167357
Error: error_code = 30; This profile is private; id = 370655847
Error: error_code = 30; This profile is private; id = 95609272
Error: error_code = 15; Access denied: user deactivated; id = 360688599
Error: error_code = 30; This profile is private; id = 602772501
Error: error_code = 30; This profile is private; id = 224231720
Error: error_code = 15; Access denied: user deactivated; id = 320020824
Error: error_code = 30; This profile is private; id = 476194172
Error: error_code = 30; This profile is private; id = 125243015
Error: error_code = 30; This profile is private; id = 502383001
Error: error_code = 30; This profile is private; id = 39049004
Error: error_code = 30; This profile is private; id = 663665307
Error: error_code = 30; This profile is private; id = 180208531
Error: error_code = 30; This profile is private; id = 604895247
Error: error_code = 30; This profile is private; id = 194517720
Error: error_code = 15; Access denied: user deactivated; id = 248660459
Error: error_code = 15; Access denied: user deactivated; id = 206294833
Error: error_code = 30; This profile is private; id = 243524046
Error: error_code = 30; This profile is private; id = 24595880
Error: error_code = 15; Access denied: user deactivated; id = 254291951
Error: error_code = 30; This profile is private; id = 332230412
Error: error_code = 30; This profile is private; id = 408475198
Error: error_code = 30; This profile is private; id = 403460702
Error: error_code = 30; This profile is private; id = 67466914
Error: error_code = 30; This profile is private; id = 642897193
Error: error_code = 30; This profile is private; id = 566840563
Error: error_code = 15; Access denied: user deactivated; id = 261230240
Error: error_code = 30; This profile is private; id = 673963034
Error: error_code = 30; This profile is private; id = 132954275
Error: error_code = 30; This profile is private; id = 709385446
Error: error_code = 30; This profile is private; id = 493593747
Error: error_code = 15; Access denied: user deactivated; id = 299761611
Error: error_code = 30; This profile is private; id = 95352972
Error: error_code = 30; This profile is private; id = 654125551
Error: error_code = 30; This profile is private; id = 178118508
Error: error_code = 15; Access denied: user deactivated; id = 202982689
Error: error_code = 30; This profile is private; id = 219141688
Error: error_code = 30; This profile is private; id = 27097296
Error: error_code = 15; Access denied: user deactivated; id = 229452826
Error: error_code = 30; This profile is private; id = 573845425
Error: error_code = 30; This profile is private; id = 65898303
Error: error_code = 30; This profile is private; id = 290784896
Error: error_code = 30; This profile is private; id = 352812329
Error: error_code = 15; Access denied: user deactivated; id = 228371326
Error: error_code = 15; Access denied: user deactivated; id = 360902292
Error: error_code = 30; This profile is private; id = 21615960
Error: error_code = 15; Access denied: user deactivated; id = 7084346
Error: error_code = 30; This profile is private; id = 280074327
Error: error_code = 30; This profile is private; id = 532068794
Error: error_code = 30; This profile is private; id = 133441862
Error: error_code = 30; This profile is private; id = 270672839
Error: error_code = 15; Access denied: user deactivated; id = 388525891
Error: error_code = 15; Access denied: user deactivated; id = 203882585
Error: error_code = 30; This profile is private; id = 15860264
Error: error_code = 30; This profile is private; id = 644115065
Error: error_code = 30; This profile is private; id = 426216369
Error: error_code = 15; Access denied: user deactivated; id = 427224782
Error: error_code = 30; This profile is private; id = 538487989
Error: error_code = 30; This profile is private; id = 546089061
Error: error_code = 15; Access denied: user deactivated; id = 596689405
Error: error_code = 15; Access denied: user deactivated; id = 4813423
Error: error_code = 30; This profile is private; id = 399180332
Error: error_code = 30; This profile is private; id = 94396400
Error: error_code = 30; This profile is private; id = 392439807
Error: error_code = 30; This profile is private; id = 411775763
Error: error_code = 15; Access denied: user deactivated; id = 353524242
Error: error_code = 30; This profile is private; id = 669715027
Error: error_code = 30; This profile is private; id = 54641175
Error: error_code = 30; This profile is private; id = 10600250
Error: error_code = 15; Access denied: user deactivated; id = 545504576
Error: error_code = 30; This profile is private; id = 232005214
Error: error_code = 15; Access denied: user deactivated; id = 270240277
Error: error_code = 30; This profile is private; id = 706827757
Error: error_code = 30; This profile is private; id = 162538565
Error: error_code = 30; This profile is private; id = 613088919
Error: error_code = 15; Access denied: user deactivated; id = 200000577
Error: error_code = 30; This profile is private; id = 139576731
Error: error_code = 15; Access denied: user deactivated; id = 428228568
Error: error_code = 30; This profile is private; id = 333442560
Error: error_code = 30; This profile is private; id = 134369893
Error: error_code = 15; Access denied: user deactivated; id = 565521273
Error: error_code = 30; This profile is private; id = 1366552
Error: error_code = 30; This profile is private; id = 400790578
Error: error_code = 30; This profile is private; id = 55657331
Error: error_code = 30; This profile is private; id = 176731717
Error: error_code = 30; This profile is private; id = 348784637
Error: error_code = 30; This profile is private; id = 183625253
Error: error_code = 30; This profile is private; id = 28143917
Error: error_code = 30; This profile is private; id = 245087357
Error: error_code = 30; This profile is private; id = 289992384
Error: error_code = 30; This profile is private; id = 187579931
Error: error_code = 30; This profile is private; id = 578658764
Error: error_code = 15; Access denied: user deactivated; id = 315883536
Error: error_code = 30; This profile is private; id = 257055
Error: error_code = 15; Access denied: user deactivated; id = 418745817
Error: error_code = 30; This profile is private; id = 213963065
Error: error_code = 30; This profile is private; id = 604560913
Error: error_code = 15; Access denied: user deactivated; id = 426084392
Error: error_code = 15; Access denied: user deactivated; id = 2335692
Error: error_code = 30; This profile is private; id = 472235180
Error: error_code = 30; This profile is private; id = 3966814
Error: error_code = 30; This profile is private; id = 587192094
Error: error_code = 15; Access denied: user deactivated; id = 713998671
Error: error_code = 30; This profile is private; id = 140034776
Error: error_code = 30; This profile is private; id = 164359188
Error: error_code = 30; This profile is private; id = 501348741
Error: error_code = 30; This profile is private; id = 6279224
Error: error_code = 30; This profile is private; id = 63881841
Error: error_code = 30; This profile is private; id = 36331373
Error: error_code = 30; This profile is private; id = 179408721
Error: error_code = 30; This profile is private; id = 464908824
Error: error_code = 30; This profile is private; id = 160073202
Error: error_code = 30; This profile is private; id = 90586824
Error: error_code = 15; Access denied: user deactivated; id = 633269498
Error: error_code = 30; This profile is private; id = 16191108
Error: error_code = 30; This profile is private; id = 21274861
Error: error_code = 30; This profile is private; id = 697659530
Error: error_code = 30; This profile is private; id = 76632970
Error: error_code = 15; Access denied: user deactivated; id = 715187404
Error: error_code = 30; This profile is private; id = 498645073
Error: error_code = 30; This profile is private; id = 572077050
Error: error_code = 15; Access denied: user deactivated; id = 424052240
Error: error_code = 30; This profile is private; id = 137458555
Error: error_code = 30; This profile is private; id = 39447533
Error: error_code = 15; Access denied: user deactivated; id = 205512755
Error: error_code = 30; This profile is private; id = 453475551
Error: error_code = 30; This profile is private; id = 314210416
Error: error_code = 30; This profile is private; id = 484803714
Error: error_code = 30; This profile is private; id = 474363511
Error: error_code = 15; Access denied: user deactivated; id = 355859212
Error: error_code = 30; This profile is private; id = 252285805
Error: error_code = 30; This profile is private; id = 150749257
Error: error_code = 30; This profile is private; id = 208840417
Error: error_code = 30; This profile is private; id = 87958690
Error: error_code = 30; This profile is private; id = 429254294
Error: error_code = 30; This profile is private; id = 166820578
Error: error_code = 15; Access denied: user deactivated; id = 277032147
Error: error_code = 30; This profile is private; id = 162913915
Error: error_code = 30; This profile is private; id = 466061401
Error: error_code = 30; This profile is private; id = 19958440
Error: error_code = 30; This profile is private; id = 605851453
Error: error_code = 30; This profile is private; id = 152630354
Error: error_code = 30; This profile is private; id = 545227096
Error: error_code = 15; Access denied: user deactivated; id = 419366261
Error: error_code = 30; This profile is private; id = 254332699
Error: error_code = 30; This profile is private; id = 510603318
Error: error_code = 30; This profile is private; id = 190877544
Error: error_code = 15; Access denied: user deactivated; id = 645122379
Error: error_code = 15; Access denied: user deactivated; id = 198118321
Error: error_code = 15; Access denied: user deactivated; id = 571534390
Error: error_code = 30; This profile is private; id = 6806246
Error: error_code = 30; This profile is private; id = 969110
Error: error_code = 30; This profile is private; id = 673650938
Error: error_code = 15; Access denied: user deactivated; id = 472591114
Error: error_code = 30; This profile is private; id = 529872720
Error: error_code = 15; Access denied: user deactivated; id = 487361179
Error: error_code = 15; Access denied: user deactivated; id = 193839913
Error: error_code = 30; This profile is private; id = 349831386
Error: error_code = 30; This profile is private; id = 620471991
Error: error_code = 30; This profile is private; id = 705175570
Error: error_code = 30; This profile is private; id = 346853666
Error: error_code = 30; This profile is private; id = 361233158
Error: error_code = 30; This profile is private; id = 185285659
Error: error_code = 30; This profile is private; id = 163824135
Error: error_code = 30; This profile is private; id = 486672117
Error: error_code = 30; This profile is private; id = 687448321
Error: error_code = 30; This profile is private; id = 419321850
Error: error_code = 15; Access denied: user deactivated; id = 205261688
Error: error_code = 30; This profile is private; id = 470534312
Error: error_code = 15; Access denied: user deactivated; id = 22453333
Error: error_code = 15; Access denied: user deactivated; id = 132033487
Error: error_code = 15; Access denied: user deactivated; id = 181819162
Error: error_code = 30; This profile is private; id = 145442700
Error: error_code = 30; This profile is private; id = 527892642
Error: error_code = 30; This profile is private; id = 152893231
Error: error_code = 15; Access denied: user deactivated; id = 379527644
Error: error_code = 15; Access denied: user deactivated; id = 714545074
Error: error_code = 30; This profile is private; id = 687083867
Error: error_code = 30; This profile is private; id = 516240977
Error: error_code = 30; This profile is private; id = 634577759
Error: error_code = 30; This profile is private; id = 605304954
Error: error_code = 30; This profile is private; id = 355247163
Error: error_code = 30; This profile is private; id = 165829868
Error: error_code = 30; This profile is private; id = 643835826
Error: error_code = 30; This profile is private; id = 441296555
Error: error_code = 15; Access denied: user deactivated; id = 136383772
Error: error_code = 30; This profile is private; id = 402194406
Error: error_code = 30; This profile is private; id = 522248456
Error: error_code = 30; This profile is private; id = 54919988
Error: error_code = 30; This profile is private; id = 574890348
Error: error_code = 15; Access denied: user deactivated; id = 690701983
Error: error_code = 30; This profile is private; id = 362341104
Error: error_code = 30; This profile is private; id = 34867564
Error: error_code = 30; This profile is private; id = 509004989
Error: error_code = 30; This profile is private; id = 559022358
Error: error_code = 30; This profile is private; id = 401034395
Error: error_code = 30; This profile is private; id = 47824115
Error: error_code = 15; Access denied: user deactivated; id = 211230612
Error: error_code = 30; This profile is private; id = 406072661
Error: error_code = 30; This profile is private; id = 144054702
Error: error_code = 30; This profile is private; id = 437841968
Error: error_code = 30; This profile is private; id = 29072916
Error: error_code = 30; This profile is private; id = 184619787
Error: error_code = 30; This profile is private; id = 404386076
Error: error_code = 15; Access denied: user deactivated; id = 349295050
Error: error_code = 15; Access denied: user deactivated; id = 358633430
Error: error_code = 30; This profile is private; id = 2920006
Error: error_code = 15; Access denied: user deactivated; id = 146351031
Error: error_code = 15; Access denied: user deactivated; id = 535218653
Error: error_code = 30; This profile is private; id = 147473249
Error: error_code = 15; Access denied: user deactivated; id = 249658760
Error: error_code = 30; This profile is private; id = 239115954
Error: error_code = 15; Access denied: user deactivated; id = 385176445
Error: error_code = 30; This profile is private; id = 63438753
Error: error_code = 30; This profile is private; id = 353723852
Error: error_code = 15; Access denied: user deactivated; id = 336183107
Error: error_code = 30; This profile is private; id = 216612104
Error: error_code = 15; Access denied: user deactivated; id = 658084455
Error: error_code = 15; Access denied: user deactivated; id = 244593261
Error: error_code = 30; This profile is private; id = 623866966
Error: error_code = 15; Access denied: user deactivated; id = 652835198
Error: error_code = 15; Access denied: user deactivated; id = 516312208
Error: error_code = 30; This profile is private; id = 20524675
Error: error_code = 30; This profile is private; id = 698536737
Error: error_code = 30; This profile is private; id = 349037538
Error: error_code = 15; Access denied: user deactivated; id = 708005709
Error: error_code = 30; This profile is private; id = 101088969
Error: error_code = 30; This profile is private; id = 134687850
Error: error_code = 30; This profile is private; id = 332696515
Error: error_code = 15; Access denied: user deactivated; id = 253753121
Error: error_code = 30; This profile is private; id = 704204169
Error: error_code = 30; This profile is private; id = 693936198
Error: error_code = 15; Access denied: user deactivated; id = 8843323
Error: error_code = 15; Access denied: user deactivated; id = 229552674
Error: error_code = 30; This profile is private; id = 267193190
Error: error_code = 30; This profile is private; id = 623194099
Error: error_code = 30; This profile is private; id = 474069904
Error: error_code = 15; Access denied: user deactivated; id = 255344863
Error: error_code = 30; This profile is private; id = 179846638
Error: error_code = 30; This profile is private; id = 239053007
Error: error_code = 30; This profile is private; id = 232480646
Error: error_code = 15; Access denied: user deactivated; id = 235029566
Error: error_code = 30; This profile is private; id = 582124050
Error: error_code = 15; Access denied: user deactivated; id = 22151444
Error: error_code = 15; Access denied: user deactivated; id = 622194684
Error: error_code = 30; This profile is private; id = 29880230
Error: error_code = 30; This profile is private; id = 297462677
Error: error_code = 15; Access denied: user deactivated; id = 80162774
Error: error_code = 15; Access denied: user deactivated; id = 179728324
Error: error_code = 30; This profile is private; id = 90935722
Error: error_code = 30; This profile is private; id = 455033885
Error: error_code = 15; Access denied: user deactivated; id = 138587024
Error: error_code = 30; This profile is private; id = 610737774
Error: error_code = 15; Access denied: user deactivated; id = 716297804
Error: error_code = 30; This profile is private; id = 287729925
Error: error_code = 30; This profile is private; id = 101120306
Error: error_code = 15; Access denied: user deactivated; id = 242655991
Error: error_code = 30; This profile is private; id = 528467608
Error: error_code = 30; This profile is private; id = 20297715
Error: error_code = 15; Access denied: user deactivated; id = 12346662
Error: error_code = 30; This profile is private; id = 691472478
Error: error_code = 30; This profile is private; id = 364494704
Error: error_code = 30; This profile is private; id = 21051585
Error: error_code = 30; This profile is private; id = 199251800
Error: error_code = 30; This profile is private; id = 99819945
Error: error_code = 15; Access denied: user deactivated; id = 266828307
Error: error_code = 30; This profile is private; id = 519627878
Error: error_code = 30; This profile is private; id = 105758289
Error: error_code = 30; This profile is private; id = 13618177
Error: error_code = 15; Access denied: user deactivated; id = 414237059
Error: error_code = 30; This profile is private; id = 190363732
Error: error_code = 15; Access denied: user deactivated; id = 27226236
Error: error_code = 15; Access denied: user deactivated; id = 63803814
Error: error_code = 30; This profile is private; id = 442543240
Error: error_code = 30; This profile is private; id = 603302436
Error: error_code = 15; Access denied: user deactivated; id = 69944457
Error: error_code = 30; This profile is private; id = 392880401
Error: error_code = 30; This profile is private; id = 3374828
Error: error_code = 15; Access denied: user deactivated; id = 282037663
Error: error_code = 30; This profile is private; id = 245019460
Error: error_code = 30; This profile is private; id = 134710606
Error: error_code = 30; This profile is private; id = 583190238
Error: error_code = 30; This profile is private; id = 47631815
Error: error_code = 15; Access denied: user deactivated; id = 437381083
Error: error_code = 15; Access denied: user deactivated; id = 189135846
Error: error_code = 15; Access denied: user deactivated; id = 167120544
Error: error_code = 30; This profile is private; id = 465610831
Error: error_code = 30; This profile is private; id = 238758337
Error: error_code = 30; This profile is private; id = 74197406
Error: error_code = 30; This profile is private; id = 558263297
Error: error_code = 30; This profile is private; id = 21172868
Error: error_code = 15; Access denied: user deactivated; id = 238907977
Error: error_code = 30; This profile is private; id = 587904747
Error: error_code = 30; This profile is private; id = 520122954
Error: error_code = 30; This profile is private; id = 444698243
Error: error_code = 15; Access denied: user deactivated; id = 545444494
Error: error_code = 15; Access denied: user deactivated; id = 230632363
Error: error_code = 30; This profile is private; id = 31979804
Error: error_code = 30; This profile is private; id = 249322157
Error: error_code = 15; Access denied: user deactivated; id = 295780475
Error: error_code = 30; This profile is private; id = 350004440
Error: error_code = 15; Access denied: user deactivated; id = 96054955
Error: error_code = 30; This profile is private; id = 386649395
Error: error_code = 30; This profile is private; id = 202424696
Error: error_code = 30; This profile is private; id = 78217246
Error: error_code = 30; This profile is private; id = 633145107
Error: error_code = 30; This profile is private; id = 632970167
Error: error_code = 30; This profile is private; id = 517359992
Error: error_code = 15; Access denied: user deactivated; id = 604417898
Error: error_code = 30; This profile is private; id = 526596182
Error: error_code = 15; Access denied: user deactivated; id = 385980056
Error: error_code = 15; Access denied: user deactivated; id = 478164811
Error: error_code = 30; This profile is private; id = 542212578
Error: error_code = 15; Access denied: user deactivated; id = 2647626
Error: error_code = 30; This profile is private; id = 88761130
Error: error_code = 30; This profile is private; id = 244863660
Error: error_code = 15; Access denied: user deactivated; id = 351142513
Error: error_code = 30; This profile is private; id = 61797058
Error: error_code = 15; Access denied: user deactivated; id = 302000837
Error: error_code = 30; This profile is private; id = 644548459
Error: error_code = 30; This profile is private; id = 538518850
Error: error_code = 15; Access denied: user deactivated; id = 141195240
Error: error_code = 30; This profile is private; id = 86517303
Error: error_code = 30; This profile is private; id = 528256400
Error: error_code = 30; This profile is private; id = 711964996
Error: error_code = 30; This profile is private; id = 373475549
Error: error_code = 30; This profile is private; id = 609581829
Error: error_code = 30; This profile is private; id = 326668683
Error: error_code = 15; Access denied: user deactivated; id = 350403859
Error: error_code = 30; This profile is private; id = 638933606
Error: error_code = 15; Access denied: user deactivated; id = 228938375
Error: error_code = 30; This profile is private; id = 17191726
Error: error_code = 30; This profile is private; id = 395864191
Error: error_code = 30; This profile is private; id = 495905794
Error: error_code = 30; This profile is private; id = 486367099
Error: error_code = 30; This profile is private; id = 434874682
Error: error_code = 30; This profile is private; id = 322287157
Error: error_code = 30; This profile is private; id = 266976371
Error: error_code = 30; This profile is private; id = 66801248
Error: error_code = 15; Access denied: user deactivated; id = 208323475
Error: error_code = 30; This profile is private; id = 253951648
Error: error_code = 30; This profile is private; id = 349460492
Error: error_code = 30; This profile is private; id = 450820572
Error: error_code = 30; This profile is private; id = 280224971
Error: error_code = 30; This profile is private; id = 233684654
Error: error_code = 30; This profile is private; id = 246666426
Error: error_code = 30; This profile is private; id = 694949941
Error: error_code = 30; This profile is private; id = 680794074
Error: error_code = 30; This profile is private; id = 512911838
Error: error_code = 30; This profile is private; id = 3989754
Error: error_code = 15; Access denied: user deactivated; id = 1860059
Error: error_code = 30; This profile is private; id = 520142165
Error: error_code = 15; Access denied: user deactivated; id = 344864588
Error: error_code = 30; This profile is private; id = 300909764
Error: error_code = 15; Access denied: user deactivated; id = 705353555
Error: error_code = 15; Access denied: user deactivated; id = 187847394
Error: error_code = 30; This profile is private; id = 519974232
Error: error_code = 15; Access denied: user deactivated; id = 208175352
Error: error_code = 30; This profile is private; id = 448108263
Error: error_code = 30; This profile is private; id = 56703108
Error: error_code = 30; This profile is private; id = 196537821
Error: error_code = 15; Access denied: user deactivated; id = 545629152
Error: error_code = 15; Access denied: user deactivated; id = 228177787
Error: error_code = 15; Access denied: user deactivated; id = 572999377
Error: error_code = 15; Access denied: user deactivated; id = 635474183
Error: error_code = 15; Access denied: user deactivated; id = 278775321
Error: error_code = 30; This profile is private; id = 175470204
Error: error_code = 30; This profile is private; id = 274174339
Error: error_code = 30; This profile is private; id = 402800806
Error: error_code = 30; This profile is private; id = 545574971
Error: error_code = 30; This profile is private; id = 524158225
Error: error_code = 30; This profile is private; id = 41052333
Error: error_code = 15; Access denied: user deactivated; id = 213770964
Error: error_code = 30; This profile is private; id = 455567889
Error: error_code = 30; This profile is private; id = 352197137
Error: error_code = 15; Access denied: user deactivated; id = 323285518
Error: error_code = 15; Access denied: user deactivated; id = 673528204
Error: error_code = 30; This profile is private; id = 674409371
Error: error_code = 30; This profile is private; id = 18034449
Error: error_code = 30; This profile is private; id = 172151755
Error: error_code = 30; This profile is private; id = 372055072
Error: error_code = 30; This profile is private; id = 223276247
Error: error_code = 30; This profile is private; id = 654085364
Error: error_code = 15; Access denied: user deactivated; id = 710123118
Error: error_code = 30; This profile is private; id = 457876716
Error: error_code = 30; This profile is private; id = 9537529
Error: error_code = 30; This profile is private; id = 350049
Error: error_code = 15; Access denied: user deactivated; id = 179794611
Error: error_code = 30; This profile is private; id = 156684412
Error: error_code = 15; Access denied: user deactivated; id = 346227271
Error: error_code = 30; This profile is private; id = 1921065
Error: error_code = 30; This profile is private; id = 679440368
Error: error_code = 30; This profile is private; id = 374125841
Error: error_code = 15; Access denied: user deactivated; id = 217794064
Error: error_code = 30; This profile is private; id = 560714849
Error: error_code = 30; This profile is private; id = 566142347
Error: error_code = 15; Access denied: user deactivated; id = 78044024
Error: error_code = 30; This profile is private; id = 326805668
Error: error_code = 30; This profile is private; id = 16439828
Error: error_code = 15; Access denied: user deactivated; id = 407308324
Error: error_code = 30; This profile is private; id = 422143752
Error: error_code = 30; This profile is private; id = 143162031
Error: error_code = 15; Access denied: user deactivated; id = 414683528
Error: error_code = 30; This profile is private; id = 11861548
Error: error_code = 15; Access denied: user deactivated; id = 424344112
Error: error_code = 30; This profile is private; id = 38043790
Error: error_code = 30; This profile is private; id = 555869752
Error: error_code = 15; Access denied: user deactivated; id = 513931543
Error: error_code = 15; Access denied: user deactivated; id = 643465402
Error: error_code = 30; This profile is private; id = 174364535
Error: error_code = 15; Access denied: user deactivated; id = 578214374
Error: error_code = 30; This profile is private; id = 388751865
Error: error_code = 30; This profile is private; id = 26259262
Error: error_code = 15; Access denied: user deactivated; id = 552778692
Error: error_code = 15; Access denied: user deactivated; id = 602615657
Error: error_code = 15; Access denied: user deactivated; id = 440899687
Error: error_code = 15; Access denied: user deactivated; id = 30515721
Error: error_code = 30; This profile is private; id = 32840159
Error: error_code = 15; Access denied: user deactivated; id = 267374557
Error: error_code = 30; This profile is private; id = 334617551
Error: error_code = 30; This profile is private; id = 586322226
Error: error_code = 30; This profile is private; id = 82101094
Error: error_code = 15; Access denied: user deactivated; id = 409672629
Error: error_code = 30; This profile is private; id = 457945529
Error: error_code = 30; This profile is private; id = 411196650
Error: error_code = 15; Access denied: user deactivated; id = 417042266
Error: error_code = 15; Access denied: user deactivated; id = 440759269
Error: error_code = 15; Access denied: user deactivated; id = 109179378
Error: error_code = 30; This profile is private; id = 196806163
Error: error_code = 15; Access denied: user deactivated; id = 206868857
Error: error_code = 15; Access denied: user deactivated; id = 320236875
Error: error_code = 15; Access denied: user deactivated; id = 26626010
Error: error_code = 30; This profile is private; id = 264250130
Error: error_code = 30; This profile is private; id = 424373530
Error: error_code = 30; This profile is private; id = 3684625
Error: error_code = 30; This profile is private; id = 501365595
Error: error_code = 30; This profile is private; id = 242214156
Error: error_code = 30; This profile is private; id = 680212379
Error: error_code = 30; This profile is private; id = 339053605
Error: error_code = 30; This profile is private; id = 31686434
Error: error_code = 15; Access denied: user deactivated; id = 493154751
Error: error_code = 30; This profile is private; id = 697399440
Error: error_code = 30; This profile is private; id = 546196951
Error: error_code = 30; This profile is private; id = 611353340
Error: error_code = 15; Access denied: user deactivated; id = 103348774
Error: error_code = 30; This profile is private; id = 585203975
Error: error_code = 30; This profile is private; id = 548653885
Error: error_code = 15; Access denied: user deactivated; id = 32498366
Error: error_code = 30; This profile is private; id = 151843780
Error: error_code = 15; Access denied: user deactivated; id = 541181858
Error: error_code = 30; This profile is private; id = 425606653
Error: error_code = 30; This profile is private; id = 464312433
Error: error_code = 30; This profile is private; id = 40941588
Error: error_code = 30; This profile is private; id = 12418297
Error: error_code = 30; This profile is private; id = 638810434
Error: error_code = 30; This profile is private; id = 673978102
Error: error_code = 15; Access denied: user deactivated; id = 417608751
Error: error_code = 30; This profile is private; id = 268736470
Error: error_code = 30; This profile is private; id = 393340125
Error: error_code = 30; This profile is private; id = 546405546
Error: error_code = 15; Access denied: user deactivated; id = 426221606
Error: error_code = 30; This profile is private; id = 659393344
Error: error_code = 15; Access denied: user deactivated; id = 217379661
Error: error_code = 30; This profile is private; id = 375500413
Error: error_code = 30; This profile is private; id = 614298215
Error: error_code = 30; This profile is private; id = 429639844
Error: error_code = 30; This profile is private; id = 6144620
Error: error_code = 30; This profile is private; id = 604710263
Error: error_code = 15; Access denied: user deactivated; id = 413622078
Error: error_code = 30; This profile is private; id = 273591767
Error: error_code = 30; This profile is private; id = 5737151
Error: error_code = 30; This profile is private; id = 209063434
Error: error_code = 30; This profile is private; id = 190460906
Error: error_code = 30; This profile is private; id = 114227995
Error: error_code = 15; Access denied: user deactivated; id = 541969584
Error: error_code = 30; This profile is private; id = 151437167
Error: error_code = 30; This profile is private; id = 167579960
Error: error_code = 15; Access denied: user deactivated; id = 313697149
Error: error_code = 30; This profile is private; id = 716009745
Error: error_code = 30; This profile is private; id = 82979194
Error: error_code = 30; This profile is private; id = 331220189
Error: error_code = 30; This profile is private; id = 689968193
Error: error_code = 15; Access denied: user deactivated; id = 165362814
Error: error_code = 30; This profile is private; id = 85641358
Error: error_code = 30; This profile is private; id = 289406771
Error: error_code = 30; This profile is private; id = 288653057
Error: error_code = 30; This profile is private; id = 185354491
Error: error_code = 30; This profile is private; id = 629302300
Error: error_code = 15; Access denied: user deactivated; id = 607045725
Error: error_code = 30; This profile is private; id = 503266743
Error: error_code = 30; This profile is private; id = 53042884
Error: error_code = 30; This profile is private; id = 7384385
Error: error_code = 15; Access denied: user deactivated; id = 705556934
Error: error_code = 15; Access denied: user deactivated; id = 189152481
Error: error_code = 30; This profile is private; id = 1587515
Error: error_code = 30; This profile is private; id = 382927681
Error: error_code = 15; Access denied: user deactivated; id = 472417681
Error: error_code = 30; This profile is private; id = 591913568
Error: error_code = 30; This profile is private; id = 313786370
Error: error_code = 15; Access denied: user deactivated; id = 3530434
Error: error_code = 15; Access denied: user deactivated; id = 138385089
Error: error_code = 15; Access denied: user deactivated; id = 275103486
Error: error_code = 15; Access denied: user deactivated; id = 665673855
Error: error_code = 30; This profile is private; id = 550333152
Error: error_code = 30; This profile is private; id = 62562996
Error: error_code = 30; This profile is private; id = 112951191
Error: error_code = 15; Access denied: user deactivated; id = 318528929
Error: error_code = 30; This profile is private; id = 548334887
Error: error_code = 15; Access denied: user deactivated; id = 240020522
Error: error_code = 30; This profile is private; id = 43720783
Error: error_code = 30; This profile is private; id = 200579066
Error: error_code = 30; This profile is private; id = 405902273
Error: error_code = 30; This profile is private; id = 703253802
Error: error_code = 30; This profile is private; id = 614538830
Error: error_code = 30; This profile is private; id = 222422133
Error: error_code = 15; Access denied: user deactivated; id = 199888211
Error: error_code = 30; This profile is private; id = 416631485
Error: error_code = 30; This profile is private; id = 444409599
Error: error_code = 30; This profile is private; id = 461771141
Error: error_code = 30; This profile is private; id = 266705458
Error: error_code = 15; Access denied: user deactivated; id = 355142029
Error: error_code = 30; This profile is private; id = 14418503
Error: error_code = 15; Access denied: user deactivated; id = 344978722
Error: error_code = 30; This profile is private; id = 433269479
Error: error_code = 15; Access denied: user deactivated; id = 624790489
Error: error_code = 15; Access denied: user deactivated; id = 288162873
Error: error_code = 30; This profile is private; id = 359280287
Error: error_code = 30; This profile is private; id = 26899080
Error: error_code = 30; This profile is private; id = 523114049
Error: error_code = 30; This profile is private; id = 412602626
Error: error_code = 15; Access denied: user deactivated; id = 399781327
Error: error_code = 15; Access denied: user deactivated; id = 200577063
Error: error_code = 15; Access denied: user deactivated; id = 387194204
Error: error_code = 15; Access denied: user deactivated; id = 197180229
Error: error_code = 30; This profile is private; id = 137934346
Error: error_code = 15; Access denied: user deactivated; id = 429314012
Error: error_code = 15; Access denied: user deactivated; id = 231425024
Error: error_code = 15; Access denied: user deactivated; id = 275758032
Error: error_code = 30; This profile is private; id = 119818657
Error: error_code = 30; This profile is private; id = 556175341
Error: error_code = 30; This profile is private; id = 597814349
Error: error_code = 30; This profile is private; id = 470444673
Error: error_code = 30; This profile is private; id = 293816026
Error: error_code = 30; This profile is private; id = 34246573
Error: error_code = 15; Access denied: user deactivated; id = 212604703
Error: error_code = 30; This profile is private; id = 481239161
Error: error_code = 30; This profile is private; id = 252607468
Error: error_code = 30; This profile is private; id = 636083954
Error: error_code = 30; This profile is private; id = 381477214
Error: error_code = 15; Access denied: user deactivated; id = 622037758
Error: error_code = 15; Access denied: user deactivated; id = 193660816
Error: error_code = 30; This profile is private; id = 502610643
Error: error_code = 15; Access denied: user deactivated; id = 530601355
Error: error_code = 30; This profile is private; id = 241218567
Error: error_code = 30; This profile is private; id = 294086007
Error: error_code = 30; This profile is private; id = 561174090
Error: error_code = 15; Access denied: user deactivated; id = 466847979
Error: error_code = 15; Access denied: user deactivated; id = 438581534
Error: error_code = 30; This profile is private; id = 88355073
Error: error_code = 15; Access denied: user deactivated; id = 144252684
Error: error_code = 30; This profile is private; id = 447349838
Error: error_code = 30; This profile is private; id = 505173755
Error: error_code = 30; This profile is private; id = 186883925
Error: error_code = 15; Access denied: user deactivated; id = 567874021
Error: error_code = 15; Access denied: user deactivated; id = 177514997
Error: error_code = 30; This profile is private; id = 590060671
Error: error_code = 30; This profile is private; id = 570428049
Error: error_code = 30; This profile is private; id = 436411862
Error: error_code = 30; This profile is private; id = 4016884
Error: error_code = 30; This profile is private; id = 162930739
Error: error_code = 30; This profile is private; id = 397855615
Error: error_code = 30; This profile is private; id = 555058299
Error: error_code = 30; This profile is private; id = 49663829
Error: error_code = 30; This profile is private; id = 404065007
Error: error_code = 30; This profile is private; id = 314479950
Error: error_code = 15; Access denied: user deactivated; id = 215380446
Error: error_code = 30; This profile is private; id = 600935201
Error: error_code = 30; This profile is private; id = 236445440
Error: error_code = 30; This profile is private; id = 505936936
Error: error_code = 30; This profile is private; id = 530684862
Error: error_code = 30; This profile is private; id = 57301136
Error: error_code = 30; This profile is private; id = 443003808
Error: error_code = 30; This profile is private; id = 304541675
Error: error_code = 15; Access denied: user deactivated; id = 355812793
Error: error_code = 30; This profile is private; id = 58057948
Error: error_code = 30; This profile is private; id = 143373304
Error: error_code = 30; This profile is private; id = 386660274
Error: error_code = 15; Access denied: user deactivated; id = 701323577
Error: error_code = 30; This profile is private; id = 15943521
Error: error_code = 30; This profile is private; id = 315938957
Error: error_code = 30; This profile is private; id = 105783753
Error: error_code = 30; This profile is private; id = 323783889
Error: error_code = 30; This profile is private; id = 593574732
Error: error_code = 30; This profile is private; id = 28383585
Error: error_code = 30; This profile is private; id = 328712332
Error: error_code = 30; This profile is private; id = 124223926
Error: error_code = 15; Access denied: user deactivated; id = 225709660
Error: error_code = 30; This profile is private; id = 532120127
Error: error_code = 30; This profile is private; id = 11851570
Error: error_code = 30; This profile is private; id = 121202747
Error: error_code = 15; Access denied: user deactivated; id = 58796573
Error: error_code = 30; This profile is private; id = 75627965
Error: error_code = 15; Access denied: user deactivated; id = 569714313
Error: error_code = 30; This profile is private; id = 676442491
Error: error_code = 30; This profile is private; id = 526396641
Error: error_code = 15; Access denied: user deactivated; id = 290123492
Error: error_code = 30; This profile is private; id = 175451267
Error: error_code = 30; This profile is private; id = 439793725
Error: error_code = 30; This profile is private; id = 513442615
Error: error_code = 30; This profile is private; id = 570812778
Error: error_code = 15; Access denied: user deactivated; id = 233320888
Error: error_code = 30; This profile is private; id = 321033199
Error: error_code = 30; This profile is private; id = 2859798
Error: error_code = 30; This profile is private; id = 14510462
Error: error_code = 15; Access denied: user deactivated; id = 187045983
Error: error_code = 30; This profile is private; id = 105119638
Error: error_code = 15; Access denied: user deactivated; id = 514915041
Error: error_code = 30; This profile is private; id = 185820451
Error: error_code = 30; This profile is private; id = 344604591
Error: error_code = 30; This profile is private; id = 500648651
Error: error_code = 15; Access denied: user deactivated; id = 30477421
Error: error_code = 30; This profile is private; id = 340446448
Error: error_code = 30; This profile is private; id = 569182505
Error: error_code = 15; Access denied: user deactivated; id = 234915249
Error: error_code = 15; Access denied: user deactivated; id = 269810897
Error: error_code = 15; Access denied: user deactivated; id = 348026955
Error: error_code = 30; This profile is private; id = 376209367
Error: error_code = 30; This profile is private; id = 274457854
Error: error_code = 15; Access denied: user deactivated; id = 664667902
Error: error_code = 30; This profile is private; id = 22917725
Error: error_code = 30; This profile is private; id = 653387822
Error: error_code = 30; This profile is private; id = 422792982
Error: error_code = 30; This profile is private; id = 448343030
Error: error_code = 30; This profile is private; id = 185832874
Error: error_code = 15; Access denied: user deactivated; id = 225089073
Error: error_code = 30; This profile is private; id = 579249344
Error: error_code = 15; Access denied: user deactivated; id = 102834451
Error: error_code = 30; This profile is private; id = 45143897
Error: error_code = 30; This profile is private; id = 11884895
Error: error_code = 15; Access denied: user deactivated; id = 475751447
Error: error_code = 15; Access denied: user deactivated; id = 83755634
Error: error_code = 30; This profile is private; id = 209876225
Error: error_code = 15; Access denied: user deactivated; id = 266085081
Error: error_code = 30; This profile is private; id = 364405865
Error: error_code = 15; Access denied: user deactivated; id = 127955701
Error: error_code = 30; This profile is private; id = 174262251
Error: error_code = 15; Access denied: user deactivated; id = 213963622
Error: error_code = 15; Access denied: user deactivated; id = 72387775
Error: error_code = 15; Access denied: user deactivated; id = 144017898
Error: error_code = 30; This profile is private; id = 491387692
Error: error_code = 15; Access denied: user deactivated; id = 360023680
Error: error_code = 30; This profile is private; id = 237657189
Error: error_code = 15; Access denied: user deactivated; id = 216286612
Error: error_code = 15; Access denied: user deactivated; id = 461360352
Error: error_code = 15; Access denied: user deactivated; id = 415437357
Error: error_code = 30; This profile is private; id = 677870998
Error: error_code = 30; This profile is private; id = 2223899
Error: error_code = 15; Access denied: user deactivated; id = 259806895
Error: error_code = 30; This profile is private; id = 9743271
Error: error_code = 15; Access denied: user deactivated; id = 542946736
Error: error_code = 15; Access denied: user deactivated; id = 715186828
Error: error_code = 30; This profile is private; id = 384522848
Error: error_code = 15; Access denied: user deactivated; id = 353404367
Error: error_code = 30; This profile is private; id = 20374068
Error: error_code = 30; This profile is private; id = 357365971
Error: error_code = 30; This profile is private; id = 65029992
Error: error_code = 15; Access denied: user deactivated; id = 398754202
Error: error_code = 15; Access denied: user deactivated; id = 588987375
Error: error_code = 30; This profile is private; id = 621482623
Error: error_code = 15; Access denied: user deactivated; id = 318185982
Error: error_code = 15; Access denied: user deactivated; id = 427753217
Error: error_code = 15; Access denied: user deactivated; id = 489315278
Error: error_code = 30; This profile is private; id = 72986354
Error: error_code = 30; This profile is private; id = 357198298
Error: error_code = 15; Access denied: user deactivated; id = 458574914
Error: error_code = 30; This profile is private; id = 618856796
Error: error_code = 15; Access denied: user deactivated; id = 283353662
Error: error_code = 15; Access denied: user deactivated; id = 416822556
Error: error_code = 30; This profile is private; id = 524096268
Error: error_code = 30; This profile is private; id = 224028198
Error: error_code = 30; This profile is private; id = 709489566
Error: error_code = 15; Access denied: user deactivated; id = 359205522
Error: error_code = 15; Access denied: user deactivated; id = 226913894
Error: error_code = 30; This profile is private; id = 396179615
Error: error_code = 30; This profile is private; id = 654078301
Error: error_code = 30; This profile is private; id = 658207106
Error: error_code = 15; Access denied: user deactivated; id = 465017000
Error: error_code = 30; This profile is private; id = 163665125
Error: error_code = 30; This profile is private; id = 388200427
Error: error_code = 30; This profile is private; id = 378882348
Error: error_code = 30; This profile is private; id = 233512380
Error: error_code = 30; This profile is private; id = 326069370
Error: error_code = 15; Access denied: user deactivated; id = 589975684
Error: error_code = 30; This profile is private; id = 189546101
Error: error_code = 30; This profile is private; id = 468803242
Error: error_code = 30; This profile is private; id = 527756105
Error: error_code = 30; This profile is private; id = 518830389
Error: error_code = 30; This profile is private; id = 337890579
Error: error_code = 30; This profile is private; id = 394693912
Error: error_code = 30; This profile is private; id = 55820501
Error: error_code = 30; This profile is private; id = 530279409
Error: error_code = 30; This profile is private; id = 202474654
Error: error_code = 15; Access denied: user deactivated; id = 630219178
Error: error_code = 30; This profile is private; id = 181184918
Error: error_code = 30; This profile is private; id = 439039857
Error: error_code = 30; This profile is private; id = 36103965
Error: error_code = 30; This profile is private; id = 454301488
Error: error_code = 30; This profile is private; id = 192056077
Error: error_code = 30; This profile is private; id = 712051328
Error: error_code = 30; This profile is private; id = 40138605
Error: error_code = 30; This profile is private; id = 244245012
Error: error_code = 15; Access denied: user deactivated; id = 5257
Error: error_code = 30; This profile is private; id = 390123493
Error: error_code = 30; This profile is private; id = 665897370
Error: error_code = 30; This profile is private; id = 46292549
Error: error_code = 15; Access denied: user deactivated; id = 253200454
Error: error_code = 15; Access denied: user deactivated; id = 201851643
Error: error_code = 15; Access denied: user deactivated; id = 404500670
Error: error_code = 30; This profile is private; id = 166075887
Error: error_code = 15; Access denied: user deactivated; id = 9052427
Error: error_code = 15; Access denied: user deactivated; id = 399540173
Error: error_code = 30; This profile is private; id = 10503504
Error: error_code = 30; This profile is private; id = 154143621
Error: error_code = 15; Access denied: user deactivated; id = 388767189
Error: error_code = 30; This profile is private; id = 183875088
Error: error_code = 30; This profile is private; id = 86808807
Error: error_code = 30; This profile is private; id = 210478969
Error: error_code = 15; Access denied: user deactivated; id = 564718917
Error: error_code = 15; Access denied: user deactivated; id = 355085048
Error: error_code = 30; This profile is private; id = 476506214
Error: error_code = 15; Access denied: user deactivated; id = 146070521
Error: error_code = 15; Access denied: user deactivated; id = 503508093
Error: error_code = 30; This profile is private; id = 475226245
Error: error_code = 30; This profile is private; id = 612754652
Error: error_code = 30; This profile is private; id = 58397359
Error: error_code = 15; Access denied: user deactivated; id = 715189408
Error: error_code = 15; Access denied: user deactivated; id = 134645279
Error: error_code = 30; This profile is private; id = 247151740
Error: error_code = 15; Access denied: user deactivated; id = 679650639
Error: error_code = 30; This profile is private; id = 685872154
Error: error_code = 30; This profile is private; id = 299805816
Error: error_code = 30; This profile is private; id = 233173456
Error: error_code = 15; Access denied: user deactivated; id = 280455096
Error: error_code = 30; This profile is private; id = 530800464
Error: error_code = 15; Access denied: user deactivated; id = 425606360
Error: error_code = 30; This profile is private; id = 20513583
Error: error_code = 30; This profile is private; id = 149053707
Error: error_code = 30; This profile is private; id = 705138451
Error: error_code = 30; This profile is private; id = 29527868
Error: error_code = 15; Access denied: user deactivated; id = 598680428
Error: error_code = 15; Access denied: user deactivated; id = 459958013
Error: error_code = 30; This profile is private; id = 678897482
Error: error_code = 30; This profile is private; id = 421637937
Error: error_code = 15; Access denied: user deactivated; id = 641700101
Error: error_code = 15; Access denied: user deactivated; id = 210275742
Error: error_code = 15; Access denied: user deactivated; id = 289433810
Error: error_code = 30; This profile is private; id = 600565225
Error: error_code = 30; This profile is private; id = 518422848
Error: error_code = 30; This profile is private; id = 133056470
Error: error_code = 30; This profile is private; id = 176237588
Error: error_code = 30; This profile is private; id = 495217473
Error: error_code = 30; This profile is private; id = 282180279
Error: error_code = 30; This profile is private; id = 437524352
Error: error_code = 30; This profile is private; id = 520433455
Error: error_code = 30; This profile is private; id = 143639991
Error: error_code = 30; This profile is private; id = 546443139
Error: error_code = 30; This profile is private; id = 371265221
Error: error_code = 15; Access denied: user deactivated; id = 706445973
Error: error_code = 30; This profile is private; id = 22660955
Error: error_code = 30; This profile is private; id = 160035075
Error: error_code = 30; This profile is private; id = 126627512
Error: error_code = 30; This profile is private; id = 452951861
Error: error_code = 30; This profile is private; id = 517947878
Error: error_code = 30; This profile is private; id = 521205003
Error: error_code = 15; Access denied: user deactivated; id = 535967555
Error: error_code = 30; This profile is private; id = 143893141
Error: error_code = 30; This profile is private; id = 209863572
Error: error_code = 15; Access denied: user deactivated; id = 649720740
Error: error_code = 30; This profile is private; id = 647416394
Error: error_code = 30; This profile is private; id = 263182688
Error: error_code = 30; This profile is private; id = 90230875
Error: error_code = 30; This profile is private; id = 509182719
Error: error_code = 30; This profile is private; id = 16058207
Error: error_code = 30; This profile is private; id = 700643791
Error: error_code = 30; This profile is private; id = 18177924
Error: error_code = 15; Access denied: user deactivated; id = 224682307
Error: error_code = 30; This profile is private; id = 430538944
Error: error_code = 30; This profile is private; id = 215180507
Error: error_code = 15; Access denied: user deactivated; id = 382961412
Error: error_code = 30; This profile is private; id = 594539703
Error: error_code = 30; This profile is private; id = 20635850
Error: error_code = 15; Access denied: user deactivated; id = 402821247
Error: error_code = 15; Access denied: user deactivated; id = 402690720
Error: error_code = 15; Access denied: user deactivated; id = 190623959
Error: error_code = 30; This profile is private; id = 715594816
Error: error_code = 30; This profile is private; id = 223320251
Error: error_code = 30; This profile is private; id = 398552227
Error: error_code = 30; This profile is private; id = 324021448
Error: error_code = 30; This profile is private; id = 689123354
Error: error_code = 30; This profile is private; id = 284489094
Error: error_code = 30; This profile is private; id = 329145515
Error: error_code = 15; Access denied: user deactivated; id = 60923279
Error: error_code = 30; This profile is private; id = 484312961
Error: error_code = 15; Access denied: user deactivated; id = 571487311
Error: error_code = 30; This profile is private; id = 267955798
Error: error_code = 15; Access denied: user deactivated; id = 31888411
Error: error_code = 30; This profile is private; id = 18154401
Error: error_code = 15; Access denied: user deactivated; id = 7462032
Error: error_code = 30; This profile is private; id = 30653762
Error: error_code = 15; Access denied: user deactivated; id = 402805469
Error: error_code = 30; This profile is private; id = 597792491
Error: error_code = 15; Access denied: user deactivated; id = 156818524
Error: error_code = 30; This profile is private; id = 292329288
Error: error_code = 30; This profile is private; id = 294064375
Error: error_code = 15; Access denied: user deactivated; id = 386203174
Error: error_code = 30; This profile is private; id = 325213950
Error: error_code = 30; This profile is private; id = 252242286
Error: error_code = 15; Access denied: user deactivated; id = 614082703
Error: error_code = 15; Access denied: user deactivated; id = 436640931
Error: error_code = 30; This profile is private; id = 319050425
Error: error_code = 30; This profile is private; id = 319906332
Error: error_code = 30; This profile is private; id = 561973445
Error: error_code = 30; This profile is private; id = 482320278
Error: error_code = 30; This profile is private; id = 25340816
Error: error_code = 30; This profile is private; id = 236323965
Error: error_code = 30; This profile is private; id = 213491937
Error: error_code = 15; Access denied: user deactivated; id = 377335275
Error: error_code = 15; Access denied: user deactivated; id = 33269836
Error: error_code = 30; This profile is private; id = 614409738
Error: error_code = 30; This profile is private; id = 713678137
Error: error_code = 15; Access denied: user deactivated; id = 550302066
Error: error_code = 15; Access denied: user deactivated; id = 674872692
Error: error_code = 30; This profile is private; id = 33576436
Error: error_code = 30; This profile is private; id = 209655601
Error: error_code = 30; This profile is private; id = 643844553
Error: error_code = 15; Access denied: user deactivated; id = 240069553
Error: error_code = 30; This profile is private; id = 487044507
Error: error_code = 30; This profile is private; id = 17815262
Error: error_code = 30; This profile is private; id = 320258955
Error: error_code = 30; This profile is private; id = 254651532
Error: error_code = 30; This profile is private; id = 348012605
Error: error_code = 30; This profile is private; id = 92365494
Error: error_code = 30; This profile is private; id = 666292732
Error: error_code = 30; This profile is private; id = 272814597
Error: error_code = 30; This profile is private; id = 581044364
Error: error_code = 30; This profile is private; id = 158080941
Error: error_code = 30; This profile is private; id = 238005715
Error: error_code = 30; This profile is private; id = 70718999
Error: error_code = 30; This profile is private; id = 581999347
Error: error_code = 30; This profile is private; id = 590816986
Error: error_code = 15; Access denied: user deactivated; id = 477621639
Error: error_code = 15; Access denied: user deactivated; id = 691830984
Error: error_code = 30; This profile is private; id = 596206536
Error: error_code = 30; This profile is private; id = 280289081
Error: error_code = 30; This profile is private; id = 533627450
Error: error_code = 30; This profile is private; id = 200613485
Error: error_code = 15; Access denied: user deactivated; id = 361799228
Error: error_code = 30; This profile is private; id = 13359830
Error: error_code = 30; This profile is private; id = 477263652
Error: error_code = 30; This profile is private; id = 288338176
Error: error_code = 15; Access denied: user deactivated; id = 640734162
Error: error_code = 30; This profile is private; id = 42740375
Error: error_code = 30; This profile is private; id = 253800092
Error: error_code = 30; This profile is private; id = 254391912
Error: error_code = 30; This profile is private; id = 136187705
Error: error_code = 15; Access denied: user deactivated; id = 7060362
Error: error_code = 15; Access denied: user deactivated; id = 713295341
Error: error_code = 30; This profile is private; id = 459335360
Error: error_code = 30; This profile is private; id = 389746911
Error: error_code = 30; This profile is private; id = 534843090
Error: error_code = 15; Access denied: user deactivated; id = 298356109
Error: error_code = 30; This profile is private; id = 4854398
Error: error_code = 30; This profile is private; id = 472823530
Error: error_code = 15; Access denied: user deactivated; id = 431732178
Error: error_code = 30; This profile is private; id = 614449574
Error: error_code = 30; This profile is private; id = 135073784
Error: error_code = 30; This profile is private; id = 638192497
Error: error_code = 30; This profile is private; id = 352207200
Error: error_code = 30; This profile is private; id = 38157701
Error: error_code = 30; This profile is private; id = 584029670
Error: error_code = 30; This profile is private; id = 595441358
Error: error_code = 30; This profile is private; id = 68394398
Error: error_code = 30; This profile is private; id = 245563665
Error: error_code = 30; This profile is private; id = 408288588
Error: error_code = 15; Access denied: user deactivated; id = 350708256
Error: error_code = 15; Access denied: user deactivated; id = 402461927
Error: error_code = 30; This profile is private; id = 529530476
Error: error_code = 30; This profile is private; id = 541259560
Error: error_code = 30; This profile is private; id = 23178839
Error: error_code = 30; This profile is private; id = 528996914
Error: error_code = 30; This profile is private; id = 296795455
Error: error_code = 15; Access denied: user deactivated; id = 173952288
Error: error_code = 15; Access denied: user deactivated; id = 176499246
Error: error_code = 15; Access denied: user deactivated; id = 372661470
Error: error_code = 30; This profile is private; id = 106986525
Error: error_code = 15; Access denied: user deactivated; id = 437447755
Error: error_code = 15; Access denied: user deactivated; id = 218398654
Error: error_code = 30; This profile is private; id = 596721518
Error: error_code = 30; This profile is private; id = 1426445
Error: error_code = 30; This profile is private; id = 285495311
Error: error_code = 15; Access denied: user deactivated; id = 427697889
Error: error_code = 30; This profile is private; id = 136175990
Error: error_code = 30; This profile is private; id = 669324852
Error: error_code = 30; This profile is private; id = 621475761
Error: error_code = 30; This profile is private; id = 498705219
Error: error_code = 30; This profile is private; id = 498591053
Error: error_code = 30; This profile is private; id = 407956149
Error: error_code = 30; This profile is private; id = 147365125
Error: error_code = 30; This profile is private; id = 522618499
Error: error_code = 15; Access denied: user deactivated; id = 293871831
Error: error_code = 30; This profile is private; id = 258006412
Error: error_code = 15; Access denied: user deactivated; id = 632405
Error: error_code = 30; This profile is private; id = 192858064
Error: error_code = 30; This profile is private; id = 427465698
Error: error_code = 30; This profile is private; id = 469554518
Error: error_code = 30; This profile is private; id = 475896359
Error: error_code = 30; This profile is private; id = 147649901
Error: error_code = 30; This profile is private; id = 509142250
Error: error_code = 30; This profile is private; id = 576416434
Error: error_code = 30; This profile is private; id = 266650695
Error: error_code = 15; Access denied: user deactivated; id = 79081906
Error: error_code = 30; This profile is private; id = 153574004
Error: error_code = 30; This profile is private; id = 157832725
Error: error_code = 15; Access denied: user deactivated; id = 277859647
Error: error_code = 15; Access denied: user deactivated; id = 240548684
Error: error_code = 15; Access denied: user deactivated; id = 322419768
Error: error_code = 30; This profile is private; id = 444257858
Error: error_code = 30; This profile is private; id = 662309252
Error: error_code = 30; This profile is private; id = 438409150
Error: error_code = 30; This profile is private; id = 52240554
Error: error_code = 30; This profile is private; id = 694825189
Error: error_code = 30; This profile is private; id = 179492624
Error: error_code = 30; This profile is private; id = 9813599
Error: error_code = 15; Access denied: user deactivated; id = 349225031
Error: error_code = 30; This profile is private; id = 609584952
Error: error_code = 30; This profile is private; id = 567401194
Error: error_code = 15; Access denied: user deactivated; id = 380223339
Error: error_code = 30; This profile is private; id = 248563127
Error: error_code = 30; This profile is private; id = 643048873
Error: error_code = 30; This profile is private; id = 218058826
Error: error_code = 30; This profile is private; id = 232137354
Error: error_code = 30; This profile is private; id = 518640012
Error: error_code = 30; This profile is private; id = 177510738
Error: error_code = 30; This profile is private; id = 513800111
Error: error_code = 15; Access denied: user deactivated; id = 517485474
Error: error_code = 30; This profile is private; id = 630791781
Error: error_code = 15; Access denied: user deactivated; id = 641006070
Error: error_code = 30; This profile is private; id = 418101066
Error: error_code = 30; This profile is private; id = 468280771
Error: error_code = 30; This profile is private; id = 244675380
Error: error_code = 30; This profile is private; id = 41248035
Error: error_code = 30; This profile is private; id = 179014732
Error: error_code = 15; Access denied: user deactivated; id = 4686588
Error: error_code = 30; This profile is private; id = 168898532
Error: error_code = 15; Access denied: user deactivated; id = 197740163
Error: error_code = 15; Access denied: user deactivated; id = 695277050
Error: error_code = 15; Access denied: user deactivated; id = 30165941
Error: error_code = 30; This profile is private; id = 704033020
Error: error_code = 15; Access denied: user deactivated; id = 545830219
Error: error_code = 15; Access denied: user deactivated; id = 546674198
Error: error_code = 30; This profile is private; id = 660709425
Error: error_code = 30; This profile is private; id = 266616268
Error: error_code = 15; Access denied: user deactivated; id = 344193420
Error: error_code = 15; Access denied: user deactivated; id = 45963047
Error: error_code = 30; This profile is private; id = 604604685
Error: error_code = 30; This profile is private; id = 690069983
Error: error_code = 15; Access denied: user deactivated; id = 54864033
Error: error_code = 30; This profile is private; id = 715790447
Error: error_code = 30; This profile is private; id = 468199206
Error: error_code = 30; This profile is private; id = 145536353
Error: error_code = 30; This profile is private; id = 20949749
Error: error_code = 15; Access denied: user deactivated; id = 156236430
Error: error_code = 30; This profile is private; id = 93604299
Error: error_code = 15; Access denied: user deactivated; id = 340297835
Error: error_code = 30; This profile is private; id = 571637857
Error: error_code = 15; Access denied: user deactivated; id = 426739795
Error: error_code = 30; This profile is private; id = 674621762
Error: error_code = 15; Access denied: user deactivated; id = 394463610
Error: error_code = 30; This profile is private; id = 576222566
Error: error_code = 15; Access denied: user deactivated; id = 263455770
Error: error_code = 15; Access denied: user deactivated; id = 17872400
Error: error_code = 30; This profile is private; id = 325837027
Error: error_code = 30; This profile is private; id = 20554382
Error: error_code = 30; This profile is private; id = 608325439
Error: error_code = 30; This profile is private; id = 239098990
Error: error_code = 15; Access denied: user deactivated; id = 405716389
Error: error_code = 30; This profile is private; id = 294340658
Error: error_code = 30; This profile is private; id = 348081260
Error: error_code = 30; This profile is private; id = 6285925
Error: error_code = 15; Access denied: user deactivated; id = 308703783
Error: error_code = 15; Access denied: user deactivated; id = 217926133
Error: error_code = 15; Access denied: user deactivated; id = 375004571
Error: error_code = 30; This profile is private; id = 222426436
Error: error_code = 30; This profile is private; id = 516516720
Error: error_code = 30; This profile is private; id = 1681337
Error: error_code = 30; This profile is private; id = 193761272
Error: error_code = 30; This profile is private; id = 565970919
Error: error_code = 30; This profile is private; id = 593098755
Error: error_code = 15; Access denied: user deactivated; id = 192615031
Error: error_code = 15; Access denied: user deactivated; id = 421957829
Error: error_code = 30; This profile is private; id = 444339987
Error: error_code = 30; This profile is private; id = 257253734
Error: error_code = 30; This profile is private; id = 42607001
Error: error_code = 30; This profile is private; id = 633256821
Error: error_code = 30; This profile is private; id = 166355125
Error: error_code = 15; Access denied: user deactivated; id = 40065337
Error: error_code = 15; Access denied: user deactivated; id = 101315691
Error: error_code = 15; Access denied: user deactivated; id = 207322093
Error: error_code = 15; Access denied: user deactivated; id = 705443409
Error: error_code = 30; This profile is private; id = 606845096
Error: error_code = 30; This profile is private; id = 194653909
Error: error_code = 15; Access denied: user deactivated; id = 382637467
Error: error_code = 30; This profile is private; id = 716663004
Error: error_code = 30; This profile is private; id = 67108830
Error: error_code = 30; This profile is private; id = 1783776
Error: error_code = 15; Access denied: user deactivated; id = 266560756
Error: error_code = 30; This profile is private; id = 359789678
Error: error_code = 30; This profile is private; id = 156517572
Error: error_code = 30; This profile is private; id = 33255344
Error: error_code = 30; This profile is private; id = 214759309
Error: error_code = 15; Access denied: user deactivated; id = 73586496
Error: error_code = 30; This profile is private; id = 435715456
Error: error_code = 30; This profile is private; id = 545710281
Error: error_code = 30; This profile is private; id = 621122778
Error: error_code = 30; This profile is private; id = 324622657
Error: error_code = 30; This profile is private; id = 71152943
Error: error_code = 30; This profile is private; id = 597949265
Error: error_code = 30; This profile is private; id = 254444403
Error: error_code = 30; This profile is private; id = 172250206
Error: error_code = 30; This profile is private; id = 516349850
Error: error_code = 30; This profile is private; id = 60588758
Error: error_code = 30; This profile is private; id = 293433448
Error: error_code = 30; This profile is private; id = 553996231
Error: error_code = 30; This profile is private; id = 191001648
Error: error_code = 15; Access denied: user deactivated; id = 426288188
Error: error_code = 30; This profile is private; id = 180955248
Error: error_code = 15; Access denied: user deactivated; id = 619585444
Error: error_code = 30; This profile is private; id = 96840319
Error: error_code = 30; This profile is private; id = 449082579
Error: error_code = 30; This profile is private; id = 284414960
Error: error_code = 15; Access denied: user deactivated; id = 498894022
Error: error_code = 30; This profile is private; id = 19416957
Error: error_code = 30; This profile is private; id = 518158977
Error: error_code = 30; This profile is private; id = 178716374
Error: error_code = 30; This profile is private; id = 244100883
Error: error_code = 30; This profile is private; id = 448690843
Error: error_code = 30; This profile is private; id = 553081528
Error: error_code = 30; This profile is private; id = 659077974
Error: error_code = 30; This profile is private; id = 693582134
Error: error_code = 15; Access denied: user deactivated; id = 262199702
Error: error_code = 30; This profile is private; id = 332486921
Error: error_code = 15; Access denied: user deactivated; id = 167478578
Error: error_code = 15; Access denied: user deactivated; id = 499667064
Error: error_code = 30; This profile is private; id = 66724102
Error: error_code = 30; This profile is private; id = 572670607
Error: error_code = 30; This profile is private; id = 686018192
Error: error_code = 30; This profile is private; id = 586430696
Error: error_code = 30; This profile is private; id = 184965879
Error: error_code = 15; Access denied: user deactivated; id = 589371164
Error: error_code = 30; This profile is private; id = 5790717
Error: error_code = 30; This profile is private; id = 87234589
Error: error_code = 15; Access denied: user deactivated; id = 715200602
Error: error_code = 30; This profile is private; id = 159439371
Error: error_code = 15; Access denied: user deactivated; id = 125279545
Error: error_code = 30; This profile is private; id = 712998162
Error: error_code = 30; This profile is private; id = 102712102
Error: error_code = 15; Access denied: user deactivated; id = 140552971
Error: error_code = 30; This profile is private; id = 481523060
Error: error_code = 30; This profile is private; id = 77687196
Error: error_code = 30; This profile is private; id = 252009986
Error: error_code = 30; This profile is private; id = 145565690
Error: error_code = 30; This profile is private; id = 448817706
Error: error_code = 15; Access denied: user deactivated; id = 205141938
Error: error_code = 15; Access denied: user deactivated; id = 456406814
Error: error_code = 15; Access denied: user deactivated; id = 537300290
Error: error_code = 30; This profile is private; id = 71800490
Error: error_code = 15; Access denied: user deactivated; id = 106448920
Error: error_code = 15; Access denied: user deactivated; id = 570708355
Error: error_code = 30; This profile is private; id = 703170470
Error: error_code = 30; This profile is private; id = 18512192
Error: error_code = 30; This profile is private; id = 644439993
Error: error_code = 15; Access denied: user deactivated; id = 218615519
Error: error_code = 15; Access denied: user deactivated; id = 241045766
Error: error_code = 15; Access denied: user deactivated; id = 282996516
Error: error_code = 30; This profile is private; id = 458464700
Error: error_code = 30; This profile is private; id = 540057506
Error: error_code = 30; This profile is private; id = 32304559
Error: error_code = 15; Access denied: user deactivated; id = 569303002
Error: error_code = 30; This profile is private; id = 261006955
Error: error_code = 30; This profile is private; id = 554484584
Error: error_code = 30; This profile is private; id = 8383688
Error: error_code = 30; This profile is private; id = 287229486
Error: error_code = 30; This profile is private; id = 137372169
Error: error_code = 15; Access denied: user deactivated; id = 562282839
Error: error_code = 15; Access denied: user deactivated; id = 621308477
Error: error_code = 30; This profile is private; id = 236043296
Error: error_code = 30; This profile is private; id = 219982430
Error: error_code = 30; This profile is private; id = 469564948
Error: error_code = 30; This profile is private; id = 500297708
Error: error_code = 30; This profile is private; id = 12419114
Error: error_code = 30; This profile is private; id = 140481332
Error: error_code = 30; This profile is private; id = 45920963
Error: error_code = 30; This profile is private; id = 157531614
Error: error_code = 30; This profile is private; id = 609121679
Error: error_code = 30; This profile is private; id = 670340613
Error: error_code = 30; This profile is private; id = 113384675
Error: error_code = 30; This profile is private; id = 38245938
Error: error_code = 30; This profile is private; id = 259479186
Error: error_code = 30; This profile is private; id = 35837042
Error: error_code = 15; Access denied: user deactivated; id = 185745584
Error: error_code = 30; This profile is private; id = 551429053
Error: error_code = 30; This profile is private; id = 121548011
Error: error_code = 15; Access denied: user deactivated; id = 495871742
Error: error_code = 30; This profile is private; id = 608064372
Error: error_code = 30; This profile is private; id = 130176809
Error: error_code = 30; This profile is private; id = 473138086
Error: error_code = 15; Access denied: user deactivated; id = 528779219
Error: error_code = 15; Access denied: user deactivated; id = 7600859
Error: error_code = 15; Access denied: user deactivated; id = 228191102
Error: error_code = 30; This profile is private; id = 650173938
Error: error_code = 30; This profile is private; id = 107547888
Error: error_code = 30; This profile is private; id = 261268202
Error: error_code = 30; This profile is private; id = 279009926
Error: error_code = 30; This profile is private; id = 524643089
Error: error_code = 30; This profile is private; id = 676399806
Error: error_code = 30; This profile is private; id = 332610363
Error: error_code = 30; This profile is private; id = 364494899
Error: error_code = 30; This profile is private; id = 307331181
Error: error_code = 30; This profile is private; id = 361690807
Error: error_code = 15; Access denied: user deactivated; id = 652824125
Error: error_code = 30; This profile is private; id = 580803107
Error: error_code = 15; Access denied: user deactivated; id = 432586241
Error: error_code = 15; Access denied: user deactivated; id = 702545984
Error: error_code = 30; This profile is private; id = 685170858
Error: error_code = 30; This profile is private; id = 73231162
Error: error_code = 15; Access denied: user deactivated; id = 27299166
Error: error_code = 30; This profile is private; id = 616688085
Error: error_code = 30; This profile is private; id = 407229575
Error: error_code = 30; This profile is private; id = 428568658
Error: error_code = 15; Access denied: user deactivated; id = 157780574
Error: error_code = 30; This profile is private; id = 516744760
Error: error_code = 30; This profile is private; id = 367638136
Error: error_code = 15; Access denied: user deactivated; id = 545307646
Error: error_code = 30; This profile is private; id = 453158918
Error: error_code = 15; Access denied: user deactivated; id = 493351761
Error: error_code = 30; This profile is private; id = 383380501
Error: error_code = 15; Access denied: user deactivated; id = 237727085
Error: error_code = 30; This profile is private; id = 159647650
Error: error_code = 30; This profile is private; id = 598724773
Error: error_code = 15; Access denied: user deactivated; id = 349597873
Error: error_code = 30; This profile is private; id = 150525297
Error: error_code = 30; This profile is private; id = 230484059
Error: error_code = 15; Access denied: user deactivated; id = 457392856
Error: error_code = 30; This profile is private; id = 413933171
Error: error_code = 30; This profile is private; id = 672235085
Error: error_code = 30; This profile is private; id = 110410212
Error: error_code = 30; This profile is private; id = 216700267
Error: error_code = 15; Access denied: user deactivated; id = 103141001
Error: error_code = 30; This profile is private; id = 467894921
Error: error_code = 30; This profile is private; id = 61743948
Error: error_code = 15; Access denied: user deactivated; id = 474977666
Error: error_code = 15; Access denied: user deactivated; id = 141238185
Error: error_code = 30; This profile is private; id = 11376304
Error: error_code = 15; Access denied: user deactivated; id = 195416712
Error: error_code = 30; This profile is private; id = 198925983
Error: error_code = 30; This profile is private; id = 468116680
Error: error_code = 30; This profile is private; id = 653447814
Error: error_code = 30; This profile is private; id = 598568964
Error: error_code = 15; Access denied: user deactivated; id = 60197510
Error: error_code = 30; This profile is private; id = 573969736
Error: error_code = 30; This profile is private; id = 278585368
Error: error_code = 30; This profile is private; id = 632515218
Error: error_code = 30; This profile is private; id = 636141499
Error: error_code = 15; Access denied: user deactivated; id = 4432269
Error: error_code = 30; This profile is private; id = 63720126
Error: error_code = 30; This profile is private; id = 487685257
Error: error_code = 15; Access denied: user deactivated; id = 11888120
Error: error_code = 30; This profile is private; id = 483935361
Error: error_code = 30; This profile is private; id = 160472869
Error: error_code = 30; This profile is private; id = 56818478
Error: error_code = 30; This profile is private; id = 240518065
Error: error_code = 30; This profile is private; id = 619299996
Error: error_code = 15; Access denied: user deactivated; id = 572547047
Error: error_code = 30; This profile is private; id = 221829714
Error: error_code = 15; Access denied: user deactivated; id = 571314585
Error: error_code = 30; This profile is private; id = 169036844
Error: error_code = 15; Access denied: user deactivated; id = 270086989
Error: error_code = 15; Access denied: user deactivated; id = 217822418
Error: error_code = 30; This profile is private; id = 205860404
Error: error_code = 30; This profile is private; id = 175928456
Error: error_code = 30; This profile is private; id = 210896467
Error: error_code = 15; Access denied: user deactivated; id = 541947138
Error: error_code = 15; Access denied: user deactivated; id = 20952427
Error: error_code = 30; This profile is private; id = 314805723
Error: error_code = 30; This profile is private; id = 180474015
Error: error_code = 30; This profile is private; id = 492017665
Error: error_code = 15; Access denied: user deactivated; id = 620194717
Error: error_code = 30; This profile is private; id = 55659576
Error: error_code = 30; This profile is private; id = 25337244
Error: error_code = 30; This profile is private; id = 665470514
Error: error_code = 30; This profile is private; id = 104112218
Error: error_code = 30; This profile is private; id = 222834385
Error: error_code = 30; This profile is private; id = 633994598
Error: error_code = 15; Access denied: user deactivated; id = 678977892
Error: error_code = 30; This profile is private; id = 339500203
Error: error_code = 30; This profile is private; id = 177581244
Error: error_code = 15; Access denied: user deactivated; id = 238257042
Error: error_code = 30; This profile is private; id = 537160743
Error: error_code = 30; This profile is private; id = 221591895
Error: error_code = 15; Access denied: user deactivated; id = 457662941
Error: error_code = 15; Access denied: user deactivated; id = 360595296
Error: error_code = 30; This profile is private; id = 554942949
Error: error_code = 30; This profile is private; id = 444644652
Error: error_code = 30; This profile is private; id = 183518305
Error: error_code = 30; This profile is private; id = 604589755
Error: error_code = 15; Access denied: user deactivated; id = 409101924
Error: error_code = 30; This profile is private; id = 345613188
Error: error_code = 30; This profile is private; id = 552573033
Error: error_code = 30; This profile is private; id = 762591
Error: error_code = 15; Access denied: user deactivated; id = 477854381
Error: error_code = 30; This profile is private; id = 32618533
Error: error_code = 30; This profile is private; id = 292926688
Error: error_code = 30; This profile is private; id = 179659982
Error: error_code = 30; This profile is private; id = 514305598
Error: error_code = 30; This profile is private; id = 650077400
Error: error_code = 15; Access denied: user deactivated; id = 598525277
Error: error_code = 15; Access denied: user deactivated; id = 174851319
Error: error_code = 30; This profile is private; id = 485164578
Error: error_code = 15; Access denied: user deactivated; id = 183088169
Error: error_code = 30; This profile is private; id = 670478152
Error: error_code = 30; This profile is private; id = 410597096
Error: error_code = 15; Access denied: user deactivated; id = 523840668
Error: error_code = 15; Access denied: user deactivated; id = 539739685
Error: error_code = 15; Access denied: user deactivated; id = 330579607
Error: error_code = 30; This profile is private; id = 491304493
Error: error_code = 30; This profile is private; id = 571633422
Error: error_code = 30; This profile is private; id = 71983936
Error: error_code = 30; This profile is private; id = 714945470
Error: error_code = 15; Access denied: user deactivated; id = 377395626
Error: error_code = 30; This profile is private; id = 218769585
Error: error_code = 30; This profile is private; id = 100416859
Error: error_code = 30; This profile is private; id = 655119848
Error: error_code = 30; This profile is private; id = 604962335
Error: error_code = 15; Access denied: user deactivated; id = 214448029
Error: error_code = 30; This profile is private; id = 150329288
Error: error_code = 15; Access denied: user deactivated; id = 553096522
Error: error_code = 15; Access denied: user deactivated; id = 147354003
Error: error_code = 30; This profile is private; id = 157937860
Error: error_code = 30; This profile is private; id = 10845015
Error: error_code = 30; This profile is private; id = 218209772
Error: error_code = 30; This profile is private; id = 193316565
Error: error_code = 30; This profile is private; id = 674193439
Error: error_code = 30; This profile is private; id = 214971495
Error: error_code = 15; Access denied: user deactivated; id = 702870564
Error: error_code = 15; Access denied: user deactivated; id = 433344448
Error: error_code = 15; Access denied: user deactivated; id = 426607026
Error: error_code = 30; This profile is private; id = 485162212
Error: error_code = 30; This profile is private; id = 601625133
Error: error_code = 30; This profile is private; id = 53905341
Error: error_code = 30; This profile is private; id = 23766335
Error: error_code = 30; This profile is private; id = 597031776
Error: error_code = 30; This profile is private; id = 624878729
Error: error_code = 30; This profile is private; id = 225077528
Error: error_code = 30; This profile is private; id = 278890621
Error: error_code = 15; Access denied: user deactivated; id = 332005107
Error: error_code = 15; Access denied: user deactivated; id = 222838462
Error: error_code = 15; Access denied: user deactivated; id = 176388628
Error: error_code = 15; Access denied: user deactivated; id = 62662317
Error: error_code = 15; Access denied: user deactivated; id = 313870700
Error: error_code = 30; This profile is private; id = 331696036
Error: error_code = 30; This profile is private; id = 328871692
Error: error_code = 30; This profile is private; id = 20330713
Error: error_code = 30; This profile is private; id = 334693
Error: error_code = 30; This profile is private; id = 685336966
Error: error_code = 30; This profile is private; id = 302475490
Error: error_code = 30; This profile is private; id = 511453657
Error: error_code = 15; Access denied: user deactivated; id = 542305200
Error: error_code = 15; Access denied: user deactivated; id = 353030927
Error: error_code = 30; This profile is private; id = 90410711
Error: error_code = 30; This profile is private; id = 3417202
Error: error_code = 30; This profile is private; id = 539864115
Error: error_code = 30; This profile is private; id = 445031535
Error: error_code = 15; Access denied: user deactivated; id = 403929351
Error: error_code = 30; This profile is private; id = 2186029
Error: error_code = 30; This profile is private; id = 420512536
Error: error_code = 30; This profile is private; id = 503294406
Error: error_code = 30; This profile is private; id = 320921526
Error: error_code = 30; This profile is private; id = 573166398
Error: error_code = 30; This profile is private; id = 7022434
Error: error_code = 30; This profile is private; id = 326580273
Error: error_code = 30; This profile is private; id = 169585261
Error: error_code = 30; This profile is private; id = 645846747
Error: error_code = 30; This profile is private; id = 228642984
Error: error_code = 30; This profile is private; id = 244397230
Error: error_code = 15; Access denied: user deactivated; id = 555227402
Error: error_code = 30; This profile is private; id = 357707164
Error: error_code = 15; Access denied: user deactivated; id = 390536875
Error: error_code = 30; This profile is private; id = 221120297
Error: error_code = 15; Access denied: user deactivated; id = 12072760
Error: error_code = 30; This profile is private; id = 647717491
Error: error_code = 15; Access denied: user deactivated; id = 247378019
Error: error_code = 15; Access denied: user deactivated; id = 250344305
Error: error_code = 30; This profile is private; id = 433320537
Error: error_code = 30; This profile is private; id = 238146169
Error: error_code = 30; This profile is private; id = 444118239
Error: error_code = 30; This profile is private; id = 483479979
Error: error_code = 30; This profile is private; id = 68883873
Error: error_code = 30; This profile is private; id = 347947841
Error: error_code = 15; Access denied: user deactivated; id = 546930385
Error: error_code = 30; This profile is private; id = 288402786
Error: error_code = 30; This profile is private; id = 495585126
Error: error_code = 15; Access denied: user deactivated; id = 562830494
Error: error_code = 30; This profile is private; id = 378586456
Error: error_code = 30; This profile is private; id = 451939015
Error: error_code = 30; This profile is private; id = 461844668
Error: error_code = 30; This profile is private; id = 451886458
Error: error_code = 15; Access denied: user deactivated; id = 629900832
Error: error_code = 30; This profile is private; id = 716191199
Error: error_code = 30; This profile is private; id = 293593706
Error: error_code = 15; Access denied: user deactivated; id = 432163403
Error: error_code = 30; This profile is private; id = 533451685
Error: error_code = 30; This profile is private; id = 130817658
Error: error_code = 15; Access denied: user deactivated; id = 211341916
Error: error_code = 15; Access denied: user deactivated; id = 517680882
Error: error_code = 30; This profile is private; id = 76584210
Error: error_code = 30; This profile is private; id = 244989165
Error: error_code = 30; This profile is private; id = 664823042
Error: error_code = 30; This profile is private; id = 488132419
Error: error_code = 30; This profile is private; id = 444325968
Error: error_code = 30; This profile is private; id = 705341227
Error: error_code = 15; Access denied: user deactivated; id = 498130075
Error: error_code = 15; Access denied: user deactivated; id = 60105359
Error: error_code = 30; This profile is private; id = 688805467
Error: error_code = 30; This profile is private; id = 25772240
Error: error_code = 15; Access denied: user deactivated; id = 192805055
Error: error_code = 15; Access denied: user deactivated; id = 213467534
Error: error_code = 15; Access denied: user deactivated; id = 416383787
Error: error_code = 30; This profile is private; id = 161625567
Error: error_code = 30; This profile is private; id = 139464901
Error: error_code = 15; Access denied: user deactivated; id = 52323913
Error: error_code = 30; This profile is private; id = 75489362
Error: error_code = 30; This profile is private; id = 29654720
Error: error_code = 30; This profile is private; id = 153567034
Error: error_code = 30; This profile is private; id = 61971983
Error: error_code = 15; Access denied: user deactivated; id = 127380940
Error: error_code = 15; Access denied: user deactivated; id = 641209468
Error: error_code = 30; This profile is private; id = 148358831
Error: error_code = 15; Access denied: user deactivated; id = 375283617
Error: error_code = 30; This profile is private; id = 153357522
Error: error_code = 30; This profile is private; id = 167401357
Error: error_code = 15; Access denied: user deactivated; id = 715168239
Error: error_code = 30; This profile is private; id = 515218801
Error: error_code = 30; This profile is private; id = 99847354
Error: error_code = 30; This profile is private; id = 490919249
Error: error_code = 15; Access denied: user deactivated; id = 24792244
Error: error_code = 30; This profile is private; id = 521204069
Error: error_code = 15; Access denied: user deactivated; id = 195884359
Error: error_code = 30; This profile is private; id = 695336167
Error: error_code = 30; This profile is private; id = 225364248
Error: error_code = 30; This profile is private; id = 572153039
Error: error_code = 30; This profile is private; id = 482214794
Error: error_code = 15; Access denied: user deactivated; id = 411942071
Error: error_code = 15; Access denied: user deactivated; id = 286804298
Error: error_code = 30; This profile is private; id = 125767867
Error: error_code = 30; This profile is private; id = 347020341
Error: error_code = 30; This profile is private; id = 680936175
Error: error_code = 15; Access denied: user deactivated; id = 105287008
Error: error_code = 30; This profile is private; id = 450003490
Error: error_code = 30; This profile is private; id = 77978986
Error: error_code = 30; This profile is private; id = 530552888
Error: error_code = 15; Access denied: user deactivated; id = 166066240
Error: error_code = 30; This profile is private; id = 209969117
Error: error_code = 30; This profile is private; id = 445435032
Error: error_code = 30; This profile is private; id = 37133786
Error: error_code = 30; This profile is private; id = 186533406
Error: error_code = 15; Access denied: user deactivated; id = 138059888
Error: error_code = 30; This profile is private; id = 477705940
Error: error_code = 30; This profile is private; id = 712478648
Error: error_code = 15; Access denied: user deactivated; id = 527049271
Error: error_code = 15; Access denied: user deactivated; id = 404445039
Error: error_code = 30; This profile is private; id = 566016084
Error: error_code = 30; This profile is private; id = 588200132
Error: error_code = 30; This profile is private; id = 611411024
Error: error_code = 30; This profile is private; id = 288623106
Error: error_code = 30; This profile is private; id = 363496233
Error: error_code = 15; Access denied: user deactivated; id = 682588537
Error: error_code = 30; This profile is private; id = 205657083
Error: error_code = 15; Access denied: user deactivated; id = 385562685
Error: error_code = 15; Access denied: user deactivated; id = 221116148
Error: error_code = 30; This profile is private; id = 588656762
Error: error_code = 30; This profile is private; id = 704782633
Error: error_code = 15; Access denied: user deactivated; id = 463330512
Error: error_code = 30; This profile is private; id = 194178003
Error: error_code = 30; This profile is private; id = 579645695
Error: error_code = 30; This profile is private; id = 554250751
Error: error_code = 30; This profile is private; id = 295032809
Error: error_code = 30; This profile is private; id = 513875030
Error: error_code = 15; Access denied: user deactivated; id = 531919820
Error: error_code = 15; Access denied: user deactivated; id = 580465831
Error: error_code = 30; This profile is private; id = 464418445
Error: error_code = 30; This profile is private; id = 628214428
Error: error_code = 30; This profile is private; id = 708565978
Error: error_code = 30; This profile is private; id = 638960633
Error: error_code = 30; This profile is private; id = 155509122
Error: error_code = 15; Access denied: user deactivated; id = 349525002
Error: error_code = 30; This profile is private; id = 435866507
Error: error_code = 30; This profile is private; id = 462265314
Error: error_code = 30; This profile is private; id = 561170700
Error: error_code = 15; Access denied: user deactivated; id = 389280150
Error: error_code = 30; This profile is private; id = 302847991
Error: error_code = 15; Access denied: user deactivated; id = 170592873
Error: error_code = 30; This profile is private; id = 342396846
Error: error_code = 15; Access denied: user deactivated; id = 418054358
Error: error_code = 30; This profile is private; id = 456750701
Error: error_code = 30; This profile is private; id = 714582504
Error: error_code = 30; This profile is private; id = 613251119
Error: error_code = 15; Access denied: user deactivated; id = 324619045
Error: error_code = 30; This profile is private; id = 65548943
Error: error_code = 15; Access denied: user deactivated; id = 509498642
Error: error_code = 15; Access denied: user deactivated; id = 461611705
Error: error_code = 30; This profile is private; id = 193848712
Error: error_code = 30; This profile is private; id = 623068702
Error: error_code = 15; Access denied: user deactivated; id = 22074101
Error: error_code = 15; Access denied: user deactivated; id = 33779912
Error: error_code = 30; This profile is private; id = 238225093
Error: error_code = 30; This profile is private; id = 335841672
Error: error_code = 30; This profile is private; id = 17552681
Error: error_code = 15; Access denied: user deactivated; id = 241564834
Error: error_code = 15; Access denied: user deactivated; id = 158663261
Error: error_code = 15; Access denied: user deactivated; id = 604344438
Error: error_code = 30; This profile is private; id = 525718777
Error: error_code = 30; This profile is private; id = 708448120
Error: error_code = 30; This profile is private; id = 684115859
Error: error_code = 30; This profile is private; id = 697938762
Error: error_code = 30; This profile is private; id = 380997672
Error: error_code = 30; This profile is private; id = 715303757
Error: error_code = 15; Access denied: user deactivated; id = 223124145
Error: error_code = 30; This profile is private; id = 58728550
Error: error_code = 30; This profile is private; id = 407817580
Error: error_code = 15; Access denied: user deactivated; id = 588550613
Error: error_code = 30; This profile is private; id = 654239909
Error: error_code = 30; This profile is private; id = 479420955
Error: error_code = 30; This profile is private; id = 94551223
Error: error_code = 30; This profile is private; id = 135557222
Error: error_code = 30; This profile is private; id = 165587499
Error: error_code = 30; This profile is private; id = 16909570
Error: error_code = 30; This profile is private; id = 306517694
Error: error_code = 30; This profile is private; id = 491718688
Error: error_code = 30; This profile is private; id = 436476871
Error: error_code = 15; Access denied: user deactivated; id = 199726615
Error: error_code = 15; Access denied: user deactivated; id = 417708121
Error: error_code = 15; Access denied: user deactivated; id = 197333874
Error: error_code = 30; This profile is private; id = 525028997
Error: error_code = 30; This profile is private; id = 636106430
Error: error_code = 15; Access denied: user deactivated; id = 412853757
Error: error_code = 15; Access denied: user deactivated; id = 85641216
Error: error_code = 30; This profile is private; id = 287145901
Error: error_code = 30; This profile is private; id = 558340872
Error: error_code = 30; This profile is private; id = 3416648
Error: error_code = 30; This profile is private; id = 141815456
Error: error_code = 15; Access denied: user deactivated; id = 399664450
Error: error_code = 15; Access denied: user deactivated; id = 297094911
Error: error_code = 30; This profile is private; id = 266496371
Error: error_code = 30; This profile is private; id = 306995078
Error: error_code = 30; This profile is private; id = 15847477
Error: error_code = 30; This profile is private; id = 517394411
Error: error_code = 30; This profile is private; id = 467486134
Error: error_code = 15; Access denied: user deactivated; id = 624246748
Error: error_code = 15; Access denied: user deactivated; id = 550343253
Error: error_code = 30; This profile is private; id = 707989920
Error: error_code = 30; This profile is private; id = 335104922
Error: error_code = 15; Access denied: user deactivated; id = 15165682
Error: error_code = 15; Access denied: user deactivated; id = 218563853
Error: error_code = 30; This profile is private; id = 658960684
Error: error_code = 15; Access denied: user deactivated; id = 394341990
Error: error_code = 30; This profile is private; id = 169085487
Error: error_code = 30; This profile is private; id = 137150703
Error: error_code = 30; This profile is private; id = 398483254
Error: error_code = 30; This profile is private; id = 56772203
Error: error_code = 15; Access denied: user deactivated; id = 425443138
Error: error_code = 30; This profile is private; id = 590995627
Error: error_code = 15; Access denied: user deactivated; id = 454030856
Error: error_code = 15; Access denied: user deactivated; id = 316348384
Error: error_code = 30; This profile is private; id = 182604225
Error: error_code = 15; Access denied: user deactivated; id = 295379612
Error: error_code = 30; This profile is private; id = 412534390
Error: error_code = 15; Access denied: user deactivated; id = 169462849
Error: error_code = 30; This profile is private; id = 340460571
Error: error_code = 30; This profile is private; id = 321576477
Error: error_code = 15; Access denied: user deactivated; id = 383845260
Error: error_code = 30; This profile is private; id = 232318024
Error: error_code = 30; This profile is private; id = 187807130
Error: error_code = 30; This profile is private; id = 553890143
Error: error_code = 15; Access denied: user deactivated; id = 553482730
Error: error_code = 30; This profile is private; id = 378363031
Error: error_code = 30; This profile is private; id = 20866555
Error: error_code = 30; This profile is private; id = 188487683
Error: error_code = 30; This profile is private; id = 345513956
Error: error_code = 15; Access denied: user deactivated; id = 560467107
Error: error_code = 15; Access denied: user deactivated; id = 166532643
Error: error_code = 30; This profile is private; id = 89050460
Error: error_code = 15; Access denied: user deactivated; id = 645440792
Error: error_code = 30; This profile is private; id = 27560896
Error: error_code = 30; This profile is private; id = 50893654
Error: error_code = 15; Access denied: user deactivated; id = 219273581
Error: error_code = 30; This profile is private; id = 577246689
Error: error_code = 30; This profile is private; id = 660301093
Error: error_code = 30; This profile is private; id = 356160027
Error: error_code = 30; This profile is private; id = 462862099
Error: error_code = 15; Access denied: user deactivated; id = 544354331
Error: error_code = 30; This profile is private; id = 142650958
Error: error_code = 30; This profile is private; id = 499123361
Error: error_code = 30; This profile is private; id = 518442555
Error: error_code = 30; This profile is private; id = 621081056
Error: error_code = 30; This profile is private; id = 688568357
Error: error_code = 30; This profile is private; id = 508604409
Error: error_code = 15; Access denied: user deactivated; id = 180422082
Error: error_code = 30; This profile is private; id = 309329934
Error: error_code = 30; This profile is private; id = 76154267
Error: error_code = 30; This profile is private; id = 435252643
Error: error_code = 15; Access denied: user deactivated; id = 564489928
Error: error_code = 15; Access denied: user deactivated; id = 411751419
Error: error_code = 15; Access denied: user deactivated; id = 24193262
Error: error_code = 30; This profile is private; id = 657227668
Error: error_code = 30; This profile is private; id = 457812072
Error: error_code = 15; Access denied: user deactivated; id = 710672095
Error: error_code = 15; Access denied: user deactivated; id = 682164111
Error: error_code = 30; This profile is private; id = 209155568
Error: error_code = 30; This profile is private; id = 168945123
Error: error_code = 30; This profile is private; id = 137654694
Error: error_code = 30; This profile is private; id = 617411118
Error: error_code = 30; This profile is private; id = 223153548
Error: error_code = 30; This profile is private; id = 471592725
Error: error_code = 30; This profile is private; id = 640578064
Error: error_code = 30; This profile is private; id = 143179255
Error: error_code = 30; This profile is private; id = 716483053
Error: error_code = 15; Access denied: user deactivated; id = 222014416
Error: error_code = 30; This profile is private; id = 228854874
Error: error_code = 30; This profile is private; id = 296037734
Error: error_code = 30; This profile is private; id = 330249666
Error: error_code = 30; This profile is private; id = 474217100
Error: error_code = 15; Access denied: user deactivated; id = 294697803
Error: error_code = 15; Access denied: user deactivated; id = 99699585
Error: error_code = 15; Access denied: user deactivated; id = 219190881
Error: error_code = 30; This profile is private; id = 427687116
Error: error_code = 15; Access denied: user deactivated; id = 174396442
Error: error_code = 30; This profile is private; id = 107224082
Error: error_code = 30; This profile is private; id = 28473876
Error: error_code = 30; This profile is private; id = 604245
Error: error_code = 30; This profile is private; id = 155257634
Error: error_code = 15; Access denied: user deactivated; id = 217235599
Error: error_code = 30; This profile is private; id = 559232590
Error: error_code = 30; This profile is private; id = 23343170
Error: error_code = 30; This profile is private; id = 59318209
Error: error_code = 15; Access denied: user deactivated; id = 210789986
Error: error_code = 30; This profile is private; id = 481852575
Error: error_code = 30; This profile is private; id = 22820004
Error: error_code = 30; This profile is private; id = 473405440
Error: error_code = 15; Access denied: user deactivated; id = 702922109
Error: error_code = 30; This profile is private; id = 162461109
Error: error_code = 15; Access denied: user deactivated; id = 603698719
Error: error_code = 30; This profile is private; id = 710612858
Error: error_code = 15; Access denied: user deactivated; id = 555816858
Error: error_code = 30; This profile is private; id = 146068884
Error: error_code = 30; This profile is private; id = 137988479
Error: error_code = 30; This profile is private; id = 308615838
Error: error_code = 30; This profile is private; id = 293998122
Error: error_code = 30; This profile is private; id = 458010194
Error: error_code = 30; This profile is private; id = 508966786
Error: error_code = 30; This profile is private; id = 482889828
Error: error_code = 30; This profile is private; id = 186909064
Error: error_code = 15; Access denied: user deactivated; id = 219481449
Error: error_code = 15; Access denied: user deactivated; id = 274239456
Error: error_code = 30; This profile is private; id = 563324887
Error: error_code = 30; This profile is private; id = 557969810
Error: error_code = 30; This profile is private; id = 558607657
Error: error_code = 30; This profile is private; id = 670223136
Error: error_code = 30; This profile is private; id = 469239465
Error: error_code = 30; This profile is private; id = 924594
Error: error_code = 15; Access denied: user deactivated; id = 312113411
Error: error_code = 30; This profile is private; id = 688070250
Error: error_code = 30; This profile is private; id = 5709537
Error: error_code = 15; Access denied: user deactivated; id = 681923304
Error: error_code = 30; This profile is private; id = 219238007
Error: error_code = 30; This profile is private; id = 98507061
Error: error_code = 30; This profile is private; id = 707375142
Error: error_code = 15; Access denied: user deactivated; id = 533601725
Error: error_code = 15; Access denied: user deactivated; id = 357447991
Error: error_code = 15; Access denied: user deactivated; id = 540208308
Error: error_code = 30; This profile is private; id = 520908501
Error: error_code = 30; This profile is private; id = 338235110
Error: error_code = 30; This profile is private; id = 627701710
Error: error_code = 15; Access denied: user deactivated; id = 156378312
Error: error_code = 30; This profile is private; id = 33160312
Error: error_code = 30; This profile is private; id = 270937273
Error: error_code = 15; Access denied: user deactivated; id = 560817700
Error: error_code = 15; Access denied: user deactivated; id = 160824574
Error: error_code = 30; This profile is private; id = 45511933
Error: error_code = 30; This profile is private; id = 491836359
Error: error_code = 15; Access denied: user deactivated; id = 140582094
Error: error_code = 15; Access denied: user deactivated; id = 248111809
Error: error_code = 30; This profile is private; id = 212975408
Error: error_code = 30; This profile is private; id = 665423702
Error: error_code = 30; This profile is private; id = 20242284
Error: error_code = 15; Access denied: user deactivated; id = 557983674
Error: error_code = 30; This profile is private; id = 298607430
Error: error_code = 15; Access denied: user deactivated; id = 359798163
Error: error_code = 30; This profile is private; id = 35754208
Error: error_code = 15; Access denied: user deactivated; id = 357958460
Error: error_code = 15; Access denied: user deactivated; id = 217624803
Error: error_code = 30; This profile is private; id = 707699000
Error: error_code = 30; This profile is private; id = 547938094
Error: error_code = 30; This profile is private; id = 688938461
Error: error_code = 30; This profile is private; id = 144000231
Error: error_code = 30; This profile is private; id = 424814795
Error: error_code = 15; Access denied: user deactivated; id = 264859997
Error: error_code = 30; This profile is private; id = 187871308
Error: error_code = 30; This profile is private; id = 218918949
Error: error_code = 30; This profile is private; id = 63202842
Error: error_code = 30; This profile is private; id = 3285738
Error: error_code = 30; This profile is private; id = 15616552
Error: error_code = 30; This profile is private; id = 253281792
Error: error_code = 30; This profile is private; id = 325652130
Error: error_code = 15; Access denied: user deactivated; id = 447024395
Error: error_code = 15; Access denied: user deactivated; id = 358964537
Error: error_code = 30; This profile is private; id = 580347116
Error: error_code = 30; This profile is private; id = 123121069
Error: error_code = 30; This profile is private; id = 513485141
Error: error_code = 15; Access denied: user deactivated; id = 561989133
Error: error_code = 15; Access denied: user deactivated; id = 235122039
Error: error_code = 30; This profile is private; id = 233624566
Error: error_code = 15; Access denied: user deactivated; id = 173572507
Error: error_code = 30; This profile is private; id = 80839586
Error: error_code = 15; Access denied: user deactivated; id = 58271511
Error: error_code = 30; This profile is private; id = 608334323
Error: error_code = 15; Access denied: user deactivated; id = 617872136
Error: error_code = 30; This profile is private; id = 479413297
Error: error_code = 30; This profile is private; id = 623957087
Error: error_code = 15; Access denied: user deactivated; id = 422952008
Error: error_code = 15; Access denied: user deactivated; id = 284646007
Error: error_code = 30; This profile is private; id = 565862916
Error: error_code = 15; Access denied: user deactivated; id = 102142413
Error: error_code = 15; Access denied: user deactivated; id = 228137892
Error: error_code = 15; Access denied: user deactivated; id = 522826243
Error: error_code = 15; Access denied: user deactivated; id = 542700405
Error: error_code = 30; This profile is private; id = 12844482
Error: error_code = 30; This profile is private; id = 439040969
Error: error_code = 30; This profile is private; id = 565188781
Error: error_code = 30; This profile is private; id = 276407930
Error: error_code = 30; This profile is private; id = 443010156
Error: error_code = 30; This profile is private; id = 691417341
Error: error_code = 30; This profile is private; id = 554048453
Error: error_code = 30; This profile is private; id = 10245672
Error: error_code = 15; Access denied: user deactivated; id = 206992893
Error: error_code = 30; This profile is private; id = 620733471
Error: error_code = 15; Access denied: user deactivated; id = 2318186
Error: error_code = 15; Access denied: user deactivated; id = 222083413
Error: error_code = 30; This profile is private; id = 54104400
Error: error_code = 30; This profile is private; id = 359475842
Error: error_code = 30; This profile is private; id = 28666393
Error: error_code = 15; Access denied: user deactivated; id = 349330242
Error: error_code = 30; This profile is private; id = 575412723
Error: error_code = 15; Access denied: user deactivated; id = 192071419
Error: error_code = 30; This profile is private; id = 555482342
Error: error_code = 30; This profile is private; id = 691804521
Error: error_code = 15; Access denied: user deactivated; id = 535719087
Error: error_code = 30; This profile is private; id = 523840793
Error: error_code = 15; Access denied: user deactivated; id = 532963384
Error: error_code = 30; This profile is private; id = 231448005
Error: error_code = 15; Access denied: user deactivated; id = 455247383
Error: error_code = 15; Access denied: user deactivated; id = 133134796
Error: error_code = 30; This profile is private; id = 448439673
Error: error_code = 15; Access denied: user deactivated; id = 24020424
Error: error_code = 15; Access denied: user deactivated; id = 443074782
Error: error_code = 15; Access denied: user deactivated; id = 702360930
Error: error_code = 30; This profile is private; id = 377580952
Error: error_code = 30; This profile is private; id = 175934125
Error: error_code = 30; This profile is private; id = 417769303
Error: error_code = 30; This profile is private; id = 467953636
Error: error_code = 15; Access denied: user deactivated; id = 142057942
Error: error_code = 30; This profile is private; id = 614102331
Error: error_code = 15; Access denied: user deactivated; id = 250515199
Error: error_code = 30; This profile is private; id = 22115392
Error: error_code = 30; This profile is private; id = 490932060
Error: error_code = 30; This profile is private; id = 545477890
Error: error_code = 15; Access denied: user deactivated; id = 362678695
Error: error_code = 15; Access denied: user deactivated; id = 622952586
Error: error_code = 30; This profile is private; id = 524999392
Error: error_code = 15; Access denied: user deactivated; id = 205767325
Error: error_code = 15; Access denied: user deactivated; id = 400657396
Error: error_code = 30; This profile is private; id = 210972754
Error: error_code = 30; This profile is private; id = 273996190
Error: error_code = 30; This profile is private; id = 354109071
Error: error_code = 30; This profile is private; id = 647491909
Error: error_code = 30; This profile is private; id = 253569601
Error: error_code = 15; Access denied: user deactivated; id = 430307711
Error: error_code = 30; This profile is private; id = 333627731
Error: error_code = 30; This profile is private; id = 239485302
Error: error_code = 30; This profile is private; id = 476904192
Error: error_code = 30; This profile is private; id = 163087760
Error: error_code = 30; This profile is private; id = 371943299
Error: error_code = 30; This profile is private; id = 679351404
Error: error_code = 30; This profile is private; id = 42635490
Error: error_code = 15; Access denied: user deactivated; id = 705447907
Error: error_code = 30; This profile is private; id = 4245714
Error: error_code = 30; This profile is private; id = 169661341
Error: error_code = 15; Access denied: user deactivated; id = 200591351
Error: error_code = 30; This profile is private; id = 615507865
Error: error_code = 30; This profile is private; id = 569714767
Error: error_code = 30; This profile is private; id = 650790201
Error: error_code = 30; This profile is private; id = 35983661
Error: error_code = 30; This profile is private; id = 607358662
Error: error_code = 15; Access denied: user deactivated; id = 623827279
Error: error_code = 15; Access denied: user deactivated; id = 497785284
Error: error_code = 15; Access denied: user deactivated; id = 307470721
Error: error_code = 15; Access denied: user deactivated; id = 613828110
Error: error_code = 30; This profile is private; id = 216696724
Error: error_code = 30; This profile is private; id = 233713626
Error: error_code = 30; This profile is private; id = 306781049
Error: error_code = 30; This profile is private; id = 484828699
Error: error_code = 30; This profile is private; id = 416904266
Error: error_code = 30; This profile is private; id = 26007442
Error: error_code = 30; This profile is private; id = 23171964
Error: error_code = 30; This profile is private; id = 462277307
Error: error_code = 30; This profile is private; id = 588852472
Error: error_code = 30; This profile is private; id = 460126571
Error: error_code = 30; This profile is private; id = 630162738
Error: error_code = 30; This profile is private; id = 167867097
Error: error_code = 30; This profile is private; id = 215878001
Error: error_code = 30; This profile is private; id = 465427069
Error: error_code = 30; This profile is private; id = 629107761
Error: error_code = 30; This profile is private; id = 214264244
Error: error_code = 15; Access denied: user deactivated; id = 21899058
Error: error_code = 15; Access denied: user deactivated; id = 370543871
Error: error_code = 30; This profile is private; id = 318949029
Error: error_code = 15; Access denied: user deactivated; id = 166642529
Error: error_code = 30; This profile is private; id = 595803818
Error: error_code = 15; Access denied: user deactivated; id = 473653396
Error: error_code = 15; Access denied: user deactivated; id = 17748370
Error: error_code = 30; This profile is private; id = 250267729
Error: error_code = 30; This profile is private; id = 726817
Error: error_code = 15; Access denied: user deactivated; id = 488019180
Error: error_code = 30; This profile is private; id = 510298906
Error: error_code = 30; This profile is private; id = 421070698
Error: error_code = 30; This profile is private; id = 17257879
Error: error_code = 30; This profile is private; id = 250101320
Error: error_code = 30; This profile is private; id = 226841403
Error: error_code = 15; Access denied: user deactivated; id = 334087206
Error: error_code = 30; This profile is private; id = 529452401
Error: error_code = 30; This profile is private; id = 16378120
Error: error_code = 30; This profile is private; id = 28752189
Error: error_code = 15; Access denied: user deactivated; id = 229426792
Error: error_code = 30; This profile is private; id = 450019202
Error: error_code = 15; Access denied: user deactivated; id = 227273119
Error: error_code = 15; Access denied: user deactivated; id = 563927774
Error: error_code = 30; This profile is private; id = 667134310
Error: error_code = 30; This profile is private; id = 67562354
Error: error_code = 30; This profile is private; id = 135375597
Error: error_code = 15; Access denied: user deactivated; id = 548975727
Error: error_code = 30; This profile is private; id = 526130540
Error: error_code = 15; Access denied: user deactivated; id = 545121414
Error: error_code = 30; This profile is private; id = 20552163
Error: error_code = 30; This profile is private; id = 153052029
Error: error_code = 30; This profile is private; id = 65207156
Error: error_code = 30; This profile is private; id = 693947352
Error: error_code = 30; This profile is private; id = 579005433
Error: error_code = 30; This profile is private; id = 624785901
Error: error_code = 30; This profile is private; id = 116404996
Error: error_code = 15; Access denied: user deactivated; id = 430971785
Error: error_code = 30; This profile is private; id = 465436308
Error: error_code = 30; This profile is private; id = 306487905
Error: error_code = 15; Access denied: user deactivated; id = 186381910
Error: error_code = 30; This profile is private; id = 651522253
Error: error_code = 15; Access denied: user deactivated; id = 243360450
Error: error_code = 30; This profile is private; id = 694697905
Error: error_code = 30; This profile is private; id = 200667054
Error: error_code = 30; This profile is private; id = 6646058
Error: error_code = 30; This profile is private; id = 295513260
Error: error_code = 15; Access denied: user deactivated; id = 58449903
Error: error_code = 30; This profile is private; id = 285275986
Error: error_code = 30; This profile is private; id = 575033993
Error: error_code = 30; This profile is private; id = 466655354
Error: error_code = 15; Access denied: user deactivated; id = 429717878
Error: error_code = 30; This profile is private; id = 501381750
Error: error_code = 30; This profile is private; id = 429131252
Error: error_code = 30; This profile is private; id = 705722740
Error: error_code = 30; This profile is private; id = 71352808
Error: error_code = 30; This profile is private; id = 387339257
Error: error_code = 30; This profile is private; id = 75153210
Error: error_code = 15; Access denied: user deactivated; id = 503051551
Error: error_code = 15; Access denied: user deactivated; id = 452751355
Error: error_code = 15; Access denied: user deactivated; id = 397602821
Error: error_code = 15; Access denied: user deactivated; id = 279805381
Error: error_code = 15; Access denied: user deactivated; id = 488453053
Error: error_code = 30; This profile is private; id = 2875104
Error: error_code = 30; This profile is private; id = 526210468
Error: error_code = 15; Access denied: user deactivated; id = 105636925
Error: error_code = 30; This profile is private; id = 234123588
Error: error_code = 30; This profile is private; id = 557487123
Error: error_code = 30; This profile is private; id = 71369500
Error: error_code = 30; This profile is private; id = 437018025
Error: error_code = 15; Access denied: user deactivated; id = 284960494
Error: error_code = 30; This profile is private; id = 58161074
Error: error_code = 30; This profile is private; id = 204269619
Error: error_code = 15; Access denied: user deactivated; id = 417924412
Error: error_code = 15; Access denied: user deactivated; id = 260678946
Error: error_code = 15; Access denied: user deactivated; id = 141487870
Error: error_code = 30; This profile is private; id = 225560550
Error: error_code = 15; Access denied: user deactivated; id = 536747231
Error: error_code = 15; Access denied: user deactivated; id = 168730556
Error: error_code = 30; This profile is private; id = 150397510
Error: error_code = 30; This profile is private; id = 668316313
Error: error_code = 15; Access denied: user deactivated; id = 329809329
Error: error_code = 30; This profile is private; id = 558114114
Error: error_code = 30; This profile is private; id = 268124862
Error: error_code = 15; Access denied: user deactivated; id = 220627166
Error: error_code = 30; This profile is private; id = 14011840
Error: error_code = 30; This profile is private; id = 314481435
Error: error_code = 15; Access denied: user deactivated; id = 197292064
Error: error_code = 30; This profile is private; id = 286338034
Error: error_code = 15; Access denied: user deactivated; id = 542892248
Error: error_code = 15; Access denied: user deactivated; id = 405419366
Error: error_code = 30; This profile is private; id = 103892898
Error: error_code = 30; This profile is private; id = 86893440
Error: error_code = 15; Access denied: user deactivated; id = 270657050
Error: error_code = 30; This profile is private; id = 423238576
Error: error_code = 30; This profile is private; id = 306635923
Error: error_code = 30; This profile is private; id = 88286792
Error: error_code = 15; Access denied: user deactivated; id = 14218180
Error: error_code = 30; This profile is private; id = 181064437
Error: error_code = 15; Access denied: user deactivated; id = 363789983
Error: error_code = 30; This profile is private; id = 288907081
Error: error_code = 30; This profile is private; id = 274913714
Error: error_code = 30; This profile is private; id = 378285175
Error: error_code = 15; Access denied: user deactivated; id = 400842092
Error: error_code = 30; This profile is private; id = 317845748
Error: error_code = 30; This profile is private; id = 36927121
Error: error_code = 30; This profile is private; id = 83671334
Error: error_code = 30; This profile is private; id = 11879589
Error: error_code = 30; This profile is private; id = 161639255
Error: error_code = 30; This profile is private; id = 393480698
Error: error_code = 30; This profile is private; id = 172602203
Error: error_code = 15; Access denied: user deactivated; id = 394747138
Error: error_code = 30; This profile is private; id = 406440541
Error: error_code = 15; Access denied: user deactivated; id = 429034430
Error: error_code = 15; Access denied: user deactivated; id = 155059384
Error: error_code = 30; This profile is private; id = 199527864
Error: error_code = 30; This profile is private; id = 559141596
Error: error_code = 15; Access denied: user deactivated; id = 29546653
Error: error_code = 15; Access denied: user deactivated; id = 162875117
Error: error_code = 30; This profile is private; id = 31320179
Error: error_code = 15; Access denied: user deactivated; id = 236583572
Error: error_code = 30; This profile is private; id = 419860586
Error: error_code = 30; This profile is private; id = 572188723
Error: error_code = 30; This profile is private; id = 690757716
Error: error_code = 30; This profile is private; id = 504075120
Error: error_code = 30; This profile is private; id = 368768712
Error: error_code = 30; This profile is private; id = 219060905
Error: error_code = 30; This profile is private; id = 6027107
Error: error_code = 30; This profile is private; id = 149149338
Error: error_code = 30; This profile is private; id = 387581980
Error: error_code = 30; This profile is private; id = 201040656
Error: error_code = 30; This profile is private; id = 511985321
Error: error_code = 15; Access denied: user deactivated; id = 206986088
Error: error_code = 30; This profile is private; id = 219290056
Error: error_code = 15; Access denied: user deactivated; id = 202587325
Error: error_code = 30; This profile is private; id = 699899877
Error: error_code = 15; Access denied: user deactivated; id = 436409705
Error: error_code = 30; This profile is private; id = 254180988
Error: error_code = 30; This profile is private; id = 169512263
Error: error_code = 30; This profile is private; id = 101520117
Error: error_code = 30; This profile is private; id = 711826044
Error: error_code = 30; This profile is private; id = 529179066
Error: error_code = 30; This profile is private; id = 54729992
Error: error_code = 30; This profile is private; id = 27419452
Error: error_code = 15; Access denied: user deactivated; id = 248032261
Error: error_code = 15; Access denied: user deactivated; id = 191493228
Error: error_code = 30; This profile is private; id = 592115373
Error: error_code = 30; This profile is private; id = 441303153
Error: error_code = 30; This profile is private; id = 585330192
Error: error_code = 30; This profile is private; id = 352846347
Error: error_code = 30; This profile is private; id = 314278710
Error: error_code = 30; This profile is private; id = 705385783
Error: error_code = 15; Access denied: user deactivated; id = 256051247
Error: error_code = 30; This profile is private; id = 240766375
Error: error_code = 15; Access denied: user deactivated; id = 216541374
Error: error_code = 30; This profile is private; id = 700895401
Error: error_code = 30; This profile is private; id = 7762069
Error: error_code = 30; This profile is private; id = 414996052
Error: error_code = 30; This profile is private; id = 494874626
Error: error_code = 30; This profile is private; id = 509839336
Error: error_code = 30; This profile is private; id = 222155788
Error: error_code = 15; Access denied: user deactivated; id = 182727524
Error: error_code = 30; This profile is private; id = 368658671
Error: error_code = 15; Access denied: user deactivated; id = 573585090
Error: error_code = 30; This profile is private; id = 245418942
Error: error_code = 30; This profile is private; id = 169503464
Error: error_code = 30; This profile is private; id = 302512222
Error: error_code = 30; This profile is private; id = 4723765
Error: error_code = 15; Access denied: user deactivated; id = 397426925
Error: error_code = 30; This profile is private; id = 233915665
Error: error_code = 30; This profile is private; id = 278747549
Error: error_code = 30; This profile is private; id = 30029449
Error: error_code = 15; Access denied: user deactivated; id = 363705489
Error: error_code = 15; Access denied: user deactivated; id = 482095034
Error: error_code = 15; Access denied: user deactivated; id = 550740019
Error: error_code = 30; This profile is private; id = 694280732
Error: error_code = 30; This profile is private; id = 245625864
Error: error_code = 30; This profile is private; id = 52371089
Error: error_code = 30; This profile is private; id = 223384583
Error: error_code = 15; Access denied: user deactivated; id = 246961150
Error: error_code = 30; This profile is private; id = 13558184
Error: error_code = 15; Access denied: user deactivated; id = 714861842
Error: error_code = 15; Access denied: user deactivated; id = 229752796
Error: error_code = 30; This profile is private; id = 41056499
Error: error_code = 15; Access denied: user deactivated; id = 228782489
Error: error_code = 30; This profile is private; id = 651700864
Error: error_code = 15; Access denied: user deactivated; id = 419283418
Error: error_code = 30; This profile is private; id = 535578262
Error: error_code = 30; This profile is private; id = 511951514
Error: error_code = 30; This profile is private; id = 226552717
Error: error_code = 15; Access denied: user deactivated; id = 586005441
Error: error_code = 15; Access denied: user deactivated; id = 367514405
Error: error_code = 15; Access denied: user deactivated; id = 295811922
Error: error_code = 30; This profile is private; id = 206082716
Error: error_code = 15; Access denied: user deactivated; id = 231173929
Error: error_code = 15; Access denied: user deactivated; id = 335745567
Error: error_code = 30; This profile is private; id = 514311322
Error: error_code = 30; This profile is private; id = 379795520
Error: error_code = 30; This profile is private; id = 500564840
Error: error_code = 30; This profile is private; id = 13017131
Error: error_code = 30; This profile is private; id = 86549592
Error: error_code = 30; This profile is private; id = 52216261
Error: error_code = 15; Access denied: user deactivated; id = 353156965
Error: error_code = 15; Access denied: user deactivated; id = 424742968
Error: error_code = 15; Access denied: user deactivated; id = 140922634
Error: error_code = 15; Access denied: user deactivated; id = 194316769
Error: error_code = 15; Access denied: user deactivated; id = 664166296
Error: error_code = 30; This profile is private; id = 538271578
Error: error_code = 30; This profile is private; id = 317284515
Error: error_code = 15; Access denied: user deactivated; id = 532388553
Error: error_code = 30; This profile is private; id = 14091700
Error: error_code = 30; This profile is private; id = 310973914
Error: error_code = 15; Access denied: user deactivated; id = 220392176
Error: error_code = 30; This profile is private; id = 554605504
Error: error_code = 30; This profile is private; id = 510339214
Error: error_code = 30; This profile is private; id = 418980622
Error: error_code = 15; Access denied: user deactivated; id = 549994780
Error: error_code = 30; This profile is private; id = 140461657
Error: error_code = 30; This profile is private; id = 506201760
Error: error_code = 30; This profile is private; id = 68163105
Error: error_code = 30; This profile is private; id = 337030237
Error: error_code = 15; Access denied: user deactivated; id = 541807301
Error: error_code = 30; This profile is private; id = 361872462
Error: error_code = 30; This profile is private; id = 242224576
Error: error_code = 30; This profile is private; id = 378658133
Error: error_code = 30; This profile is private; id = 298204229
Error: error_code = 30; This profile is private; id = 238823566
Error: error_code = 15; Access denied: user deactivated; id = 440824184
Error: error_code = 15; Access denied: user deactivated; id = 527792302
Error: error_code = 30; This profile is private; id = 639267163
Error: error_code = 15; Access denied: user deactivated; id = 477768313
Error: error_code = 30; This profile is private; id = 523464879
Error: error_code = 15; Access denied: user deactivated; id = 266327169
Error: error_code = 30; This profile is private; id = 146258363
Error: error_code = 30; This profile is private; id = 577709390
Error: error_code = 15; Access denied: user deactivated; id = 380643818
Error: error_code = 15; Access denied: user deactivated; id = 289297509
Error: error_code = 30; This profile is private; id = 494020845
Error: error_code = 30; This profile is private; id = 92730724
Error: error_code = 30; This profile is private; id = 657139579
Error: error_code = 30; This profile is private; id = 232991340
Error: error_code = 30; This profile is private; id = 298462221
Error: error_code = 30; This profile is private; id = 368712601
Error: error_code = 30; This profile is private; id = 460743740
Error: error_code = 30; This profile is private; id = 281980061
Error: error_code = 30; This profile is private; id = 515880543
Error: error_code = 30; This profile is private; id = 504214361
Error: error_code = 30; This profile is private; id = 408443732
Error: error_code = 15; Access denied: user deactivated; id = 287838963
Error: error_code = 30; This profile is private; id = 304668352
Error: error_code = 15; Access denied: user deactivated; id = 685135189
Error: error_code = 15; Access denied: user deactivated; id = 264769118
Error: error_code = 30; This profile is private; id = 534151699
Error: error_code = 30; This profile is private; id = 116684636
Error: error_code = 30; This profile is private; id = 186898912
Error: error_code = 30; This profile is private; id = 24491752
Error: error_code = 15; Access denied: user deactivated; id = 524101044
Error: error_code = 30; This profile is private; id = 603371401
Error: error_code = 30; This profile is private; id = 606160799
Error: error_code = 15; Access denied: user deactivated; id = 176064169
Error: error_code = 30; This profile is private; id = 640500886
Error: error_code = 30; This profile is private; id = 619167011
Error: error_code = 30; This profile is private; id = 144634323
Error: error_code = 30; This profile is private; id = 431931401
Error: error_code = 30; This profile is private; id = 226031242
Error: error_code = 30; This profile is private; id = 35287354
Error: error_code = 15; Access denied: user deactivated; id = 131317810
Error: error_code = 30; This profile is private; id = 556893915
Error: error_code = 30; This profile is private; id = 302823368
Error: error_code = 30; This profile is private; id = 59833108
Error: error_code = 30; This profile is private; id = 562963502
Error: error_code = 15; Access denied: user deactivated; id = 209551993
Error: error_code = 30; This profile is private; id = 97757505
Error: error_code = 30; This profile is private; id = 712297485
Error: error_code = 30; This profile is private; id = 222593353
Error: error_code = 30; This profile is private; id = 4532259
Error: error_code = 30; This profile is private; id = 232884452
Error: error_code = 15; Access denied: user deactivated; id = 497653794
Error: error_code = 30; This profile is private; id = 383591220
Error: error_code = 15; Access denied: user deactivated; id = 410828160
Error: error_code = 15; Access denied: user deactivated; id = 238983434
Error: error_code = 30; This profile is private; id = 28875081
Error: error_code = 30; This profile is private; id = 467249425
Error: error_code = 15; Access denied: user deactivated; id = 355437334
Error: error_code = 30; This profile is private; id = 710832042
Error: error_code = 15; Access denied: user deactivated; id = 298570618
Error: error_code = 15; Access denied: user deactivated; id = 403801136
Error: error_code = 30; This profile is private; id = 51177021
Error: error_code = 15; Access denied: user deactivated; id = 157547812
Error: error_code = 30; This profile is private; id = 18421189
Error: error_code = 30; This profile is private; id = 312460735
Error: error_code = 15; Access denied: user deactivated; id = 184313755
Error: error_code = 15; Access denied: user deactivated; id = 158671927
Error: error_code = 30; This profile is private; id = 243829131
Error: error_code = 30; This profile is private; id = 685219290
Error: error_code = 15; Access denied: user deactivated; id = 398665874
Error: error_code = 30; This profile is private; id = 541981955
Error: error_code = 30; This profile is private; id = 220966275
Error: error_code = 30; This profile is private; id = 273320538
Error: error_code = 30; This profile is private; id = 58012429
Error: error_code = 30; This profile is private; id = 342806800
Error: error_code = 15; Access denied: user deactivated; id = 231463634
Error: error_code = 15; Access denied: user deactivated; id = 194928199
Error: error_code = 30; This profile is private; id = 446000116
Error: error_code = 30; This profile is private; id = 648447815
Error: error_code = 15; Access denied: user deactivated; id = 402046020
Error: error_code = 30; This profile is private; id = 13640448
Error: error_code = 30; This profile is private; id = 190763395
Error: error_code = 15; Access denied: user deactivated; id = 438331513
Error: error_code = 30; This profile is private; id = 479175397
Error: error_code = 15; Access denied: user deactivated; id = 175321610
Error: error_code = 15; Access denied: user deactivated; id = 537041001
Error: error_code = 30; This profile is private; id = 156279138
Error: error_code = 15; Access denied: user deactivated; id = 209195853
Error: error_code = 30; This profile is private; id = 321842627
Error: error_code = 30; This profile is private; id = 21313532
Error: error_code = 30; This profile is private; id = 373581136
Error: error_code = 15; Access denied: user deactivated; id = 91023605
Error: error_code = 30; This profile is private; id = 417529396
Error: error_code = 30; This profile is private; id = 85673135
Error: error_code = 15; Access denied: user deactivated; id = 234165364
Error: error_code = 15; Access denied: user deactivated; id = 173363937
Error: error_code = 30; This profile is private; id = 62977641
Error: error_code = 15; Access denied: user deactivated; id = 170528471
Error: error_code = 15; Access denied: user deactivated; id = 615184970
Error: error_code = 15; Access denied: user deactivated; id = 231715123
Error: error_code = 15; Access denied: user deactivated; id = 362616249
Error: error_code = 30; This profile is private; id = 261446650
Error: error_code = 30; This profile is private; id = 711490105
Error: error_code = 30; This profile is private; id = 274619447
Error: error_code = 30; This profile is private; id = 250183024
Error: error_code = 30; This profile is private; id = 57586892
Error: error_code = 30; This profile is private; id = 121824501
Error: error_code = 30; This profile is private; id = 663726107
Error: error_code = 30; This profile is private; id = 301714938
Error: error_code = 30; This profile is private; id = 135602539
Error: error_code = 30; This profile is private; id = 165735126
Error: error_code = 30; This profile is private; id = 514617073
Error: error_code = 30; This profile is private; id = 683000622
Error: error_code = 15; Access denied: user deactivated; id = 238111581
Error: error_code = 15; Access denied: user deactivated; id = 217515741
Error: error_code = 15; Access denied: user deactivated; id = 607826108
Error: error_code = 30; This profile is private; id = 91833963
Error: error_code = 15; Access denied: user deactivated; id = 7132727
Error: error_code = 30; This profile is private; id = 482553999
Error: error_code = 30; This profile is private; id = 223987549
Error: error_code = 30; This profile is private; id = 366657656
Error: error_code = 15; Access denied: user deactivated; id = 136694963
Error: error_code = 30; This profile is private; id = 597373886
Error: error_code = 30; This profile is private; id = 166424021
Error: error_code = 30; This profile is private; id = 446843306
Error: error_code = 30; This profile is private; id = 353275074
Error: error_code = 30; This profile is private; id = 203542445
Error: error_code = 30; This profile is private; id = 334356345
Error: error_code = 30; This profile is private; id = 233434755
Error: error_code = 30; This profile is private; id = 146438867
Error: error_code = 30; This profile is private; id = 394179022
Error: error_code = 30; This profile is private; id = 278551596
Error: error_code = 30; This profile is private; id = 1985687
Error: error_code = 30; This profile is private; id = 498382248
Error: error_code = 15; Access denied: user deactivated; id = 404112520
Error: error_code = 30; This profile is private; id = 556493844
Error: error_code = 30; This profile is private; id = 69542503
Error: error_code = 30; This profile is private; id = 281593602
Error: error_code = 30; This profile is private; id = 234260251
Error: error_code = 15; Access denied: user deactivated; id = 385222795
Error: error_code = 30; This profile is private; id = 238012496
Error: error_code = 30; This profile is private; id = 440779356
Error: error_code = 30; This profile is private; id = 63502374
Error: error_code = 15; Access denied: user deactivated; id = 597360975
Error: error_code = 30; This profile is private; id = 694209430
Error: error_code = 15; Access denied: user deactivated; id = 358482109
Error: error_code = 30; This profile is private; id = 175301724
Error: error_code = 30; This profile is private; id = 303529122
Error: error_code = 15; Access denied: user deactivated; id = 178876853
Error: error_code = 30; This profile is private; id = 107188361
Error: error_code = 30; This profile is private; id = 558248036
Error: error_code = 30; This profile is private; id = 310286057
Error: error_code = 15; Access denied: user deactivated; id = 425002609
Error: error_code = 30; This profile is private; id = 282764966
Error: error_code = 15; Access denied: user deactivated; id = 355040363
Error: error_code = 30; This profile is private; id = 9393623
Error: error_code = 30; This profile is private; id = 144827862
Error: error_code = 30; This profile is private; id = 316197711
Error: error_code = 30; This profile is private; id = 9370108
Error: error_code = 30; This profile is private; id = 640411452
Error: error_code = 15; Access denied: user deactivated; id = 389392556
Error: error_code = 30; This profile is private; id = 196173806
Error: error_code = 15; Access denied: user deactivated; id = 458126085
Error: error_code = 30; This profile is private; id = 281030078
Error: error_code = 30; This profile is private; id = 443710819
Error: error_code = 30; This profile is private; id = 224798619
Error: error_code = 30; This profile is private; id = 453763886
Error: error_code = 30; This profile is private; id = 227046275
Error: error_code = 30; This profile is private; id = 9083295
Error: error_code = 30; This profile is private; id = 709472307
Error: error_code = 30; This profile is private; id = 368532064
Error: error_code = 30; This profile is private; id = 565310542
Error: error_code = 30; This profile is private; id = 333032245
Error: error_code = 15; Access denied: user deactivated; id = 494678095
Error: error_code = 15; Access denied: user deactivated; id = 104536185
Error: error_code = 30; This profile is private; id = 453796076
Error: error_code = 30; This profile is private; id = 316275232
Error: error_code = 30; This profile is private; id = 587644056
Error: error_code = 30; This profile is private; id = 324319241
Error: error_code = 30; This profile is private; id = 500999500
Error: error_code = 15; Access denied: user deactivated; id = 100900081
Error: error_code = 30; This profile is private; id = 287762809
Error: error_code = 15; Access denied: user deactivated; id = 88743946
Error: error_code = 30; This profile is private; id = 350627624
Error: error_code = 30; This profile is private; id = 518008653
Error: error_code = 15; Access denied: user deactivated; id = 602785275
Error: error_code = 15; Access denied: user deactivated; id = 15879539
Error: error_code = 15; Access denied: user deactivated; id = 31481270
Error: error_code = 30; This profile is private; id = 605963612
Error: error_code = 30; This profile is private; id = 173470742
Error: error_code = 30; This profile is private; id = 266488702
Error: error_code = 30; This profile is private; id = 356844433
Error: error_code = 30; This profile is private; id = 239670381
Error: error_code = 15; Access denied: user deactivated; id = 355737031
Error: error_code = 15; Access denied: user deactivated; id = 527636657
Error: error_code = 30; This profile is private; id = 4414760
Error: error_code = 15; Access denied: user deactivated; id = 687586537
Error: error_code = 30; This profile is private; id = 393388765
Error: error_code = 30; This profile is private; id = 258101671
Error: error_code = 30; This profile is private; id = 598360581
Error: error_code = 30; This profile is private; id = 622324084
Error: error_code = 30; This profile is private; id = 228793278
Error: error_code = 30; This profile is private; id = 520613070
Error: error_code = 30; This profile is private; id = 541981979
Error: error_code = 30; This profile is private; id = 10036287
Error: error_code = 30; This profile is private; id = 350227472
Error: error_code = 30; This profile is private; id = 100117966
Error: error_code = 30; This profile is private; id = 620719041
Error: error_code = 30; This profile is private; id = 576456705
Error: error_code = 30; This profile is private; id = 25919343
Error: error_code = 15; Access denied: user deactivated; id = 663753483
Error: error_code = 30; This profile is private; id = 24379130
Error: error_code = 15; Access denied: user deactivated; id = 202784250
Error: error_code = 30; This profile is private; id = 503059030
Error: error_code = 30; This profile is private; id = 339615877
Error: error_code = 30; This profile is private; id = 267293892
Error: error_code = 15; Access denied: user deactivated; id = 532396029
Error: error_code = 30; This profile is private; id = 555150502
Error: error_code = 15; Access denied: user deactivated; id = 380309332
Error: error_code = 30; This profile is private; id = 225259794
Error: error_code = 15; Access denied: user deactivated; id = 187693992
Error: error_code = 30; This profile is private; id = 563639001
Error: error_code = 15; Access denied: user deactivated; id = 855630
Error: error_code = 15; Access denied: user deactivated; id = 708325703
Error: error_code = 15; Access denied: user deactivated; id = 351996165
Error: error_code = 15; Access denied: user deactivated; id = 202958943
Error: error_code = 15; Access denied: user deactivated; id = 9159457
Error: error_code = 15; Access denied: user deactivated; id = 411774644
Error: error_code = 15; Access denied: user deactivated; id = 137159897
Error: error_code = 30; This profile is private; id = 718509610
Error: error_code = 30; This profile is private; id = 7395064
Error: error_code = 30; This profile is private; id = 310123606
Error: error_code = 15; Access denied: user deactivated; id = 209042536
Error: error_code = 30; This profile is private; id = 121944587
Error: error_code = 15; Access denied: user deactivated; id = 167795602
Error: error_code = 30; This profile is private; id = 5738967
Error: error_code = 15; Access denied: user deactivated; id = 399754043
Error: error_code = 15; Access denied: user deactivated; id = 710120909
Error: error_code = 30; This profile is private; id = 501517783
Error: error_code = 15; Access denied: user deactivated; id = 306343263
Error: error_code = 30; This profile is private; id = 404275553
Error: error_code = 30; This profile is private; id = 78280729
Error: error_code = 15; Access denied: user deactivated; id = 644188233
Error: error_code = 30; This profile is private; id = 652689818
Error: error_code = 15; Access denied: user deactivated; id = 444156198
Error: error_code = 15; Access denied: user deactivated; id = 358899984
Error: error_code = 30; This profile is private; id = 571982359
Error: error_code = 30; This profile is private; id = 343951548
Error: error_code = 15; Access denied: user deactivated; id = 230573081
Error: error_code = 15; Access denied: user deactivated; id = 354681388
Error: error_code = 30; This profile is private; id = 718399859
Error: error_code = 30; This profile is private; id = 475744441
Error: error_code = 30; This profile is private; id = 617179596
Error: error_code = 30; This profile is private; id = 135468836
Error: error_code = 30; This profile is private; id = 389201910
Error: error_code = 30; This profile is private; id = 19517396
Error: error_code = 30; This profile is private; id = 219976741
Error: error_code = 15; Access denied: user deactivated; id = 398882341
Error: error_code = 30; This profile is private; id = 270879604
Error: error_code = 15; Access denied: user deactivated; id = 262312648
Error: error_code = 30; This profile is private; id = 267758995
Error: error_code = 30; This profile is private; id = 43832950
Error: error_code = 30; This profile is private; id = 21777429
Error: error_code = 15; Access denied: user deactivated; id = 704178100
Error: error_code = 15; Access denied: user deactivated; id = 237779265
Error: error_code = 30; This profile is private; id = 312635845
Error: error_code = 30; This profile is private; id = 322580029
Error: error_code = 30; This profile is private; id = 439121645
Error: error_code = 30; This profile is private; id = 299047409
Error: error_code = 30; This profile is private; id = 416436549
Error: error_code = 30; This profile is private; id = 146198385
Error: error_code = 15; Access denied: user deactivated; id = 546882672
Error: error_code = 30; This profile is private; id = 709770882
Error: error_code = 30; This profile is private; id = 301341005
Error: error_code = 15; Access denied: user deactivated; id = 472236313
Error: error_code = 30; This profile is private; id = 18352179
Error: error_code = 30; This profile is private; id = 227071539
Error: error_code = 15; Access denied: user deactivated; id = 315426654
Error: error_code = 30; This profile is private; id = 377582470
Error: error_code = 30; This profile is private; id = 527724024
Error: error_code = 15; Access denied: user deactivated; id = 169169969
Error: error_code = 15; Access denied: user deactivated; id = 134812636
Error: error_code = 30; This profile is private; id = 23366983
Error: error_code = 30; This profile is private; id = 504226806
Error: error_code = 15; Access denied: user deactivated; id = 191181350
Error: error_code = 30; This profile is private; id = 15606565
Error: error_code = 15; Access denied: user deactivated; id = 229813074
Error: error_code = 30; This profile is private; id = 1411757
Error: error_code = 30; This profile is private; id = 114204846
Error: error_code = 30; This profile is private; id = 271388127
Error: error_code = 15; Access denied: user deactivated; id = 302535425
Error: error_code = 15; Access denied: user deactivated; id = 607497447
Error: error_code = 15; Access denied: user deactivated; id = 161348760
Error: error_code = 30; This profile is private; id = 131543219
Error: error_code = 15; Access denied: user deactivated; id = 404333688
Error: error_code = 30; This profile is private; id = 525313838
Error: error_code = 30; This profile is private; id = 647270829
Error: error_code = 30; This profile is private; id = 501530699
Error: error_code = 15; Access denied: user deactivated; id = 61064685
Error: error_code = 15; Access denied: user deactivated; id = 414299793
Error: error_code = 15; Access denied: user deactivated; id = 134065171
Error: error_code = 30; This profile is private; id = 554752070
Error: error_code = 15; Access denied: user deactivated; id = 17594245
Error: error_code = 15; Access denied: user deactivated; id = 466312712
Error: error_code = 30; This profile is private; id = 708090062
Error: error_code = 30; This profile is private; id = 113259213
Error: error_code = 15; Access denied: user deactivated; id = 341037570
Error: error_code = 15; Access denied: user deactivated; id = 7122997
Error: error_code = 30; This profile is private; id = 226638976
Error: error_code = 15; Access denied: user deactivated; id = 308462538
Error: error_code = 30; This profile is private; id = 369828588
Error: error_code = 30; This profile is private; id = 200031136
Error: error_code = 15; Access denied: user deactivated; id = 703656768
Error: error_code = 30; This profile is private; id = 584458068
Error: error_code = 15; Access denied: user deactivated; id = 349948915
Error: error_code = 15; Access denied: user deactivated; id = 366310492
Error: error_code = 30; This profile is private; id = 632466866
Error: error_code = 15; Access denied: user deactivated; id = 430641491
Error: error_code = 30; This profile is private; id = 498138861
Error: error_code = 30; This profile is private; id = 320704874
Error: error_code = 15; Access denied: user deactivated; id = 341757123
Error: error_code = 30; This profile is private; id = 373902254
Error: error_code = 30; This profile is private; id = 494423973
Error: error_code = 15; Access denied: user deactivated; id = 350152625
Error: error_code = 15; Access denied: user deactivated; id = 370049883
Error: error_code = 15; Access denied: user deactivated; id = 198265910
Error: error_code = 30; This profile is private; id = 51092495
Error: error_code = 15; Access denied: user deactivated; id = 534598144
Error: error_code = 30; This profile is private; id = 224058319
Error: error_code = 15; Access denied: user deactivated; id = 473773649
Error: error_code = 30; This profile is private; id = 272658067
Error: error_code = 30; This profile is private; id = 692514512
Error: error_code = 30; This profile is private; id = 85766618
Error: error_code = 30; This profile is private; id = 3755168
Error: error_code = 30; This profile is private; id = 395719795
Error: error_code = 30; This profile is private; id = 175417097
Error: error_code = 30; This profile is private; id = 291100770
Error: error_code = 15; Access denied: user deactivated; id = 394227478
Error: error_code = 30; This profile is private; id = 229840939
Error: error_code = 30; This profile is private; id = 508423826
Error: error_code = 30; This profile is private; id = 433542646
Error: error_code = 30; This profile is private; id = 24413685
Error: error_code = 15; Access denied: user deactivated; id = 250159017
Error: error_code = 30; This profile is private; id = 309888314
Error: error_code = 30; This profile is private; id = 533212550
Error: error_code = 15; Access denied: user deactivated; id = 11165748
Error: error_code = 30; This profile is private; id = 32067480
Error: error_code = 30; This profile is private; id = 606036904
Error: error_code = 30; This profile is private; id = 411281297
Error: error_code = 30; This profile is private; id = 681149557
Error: error_code = 30; This profile is private; id = 477305891
Error: error_code = 15; Access denied: user deactivated; id = 208468925
Error: error_code = 30; This profile is private; id = 61022696
Error: error_code = 15; Access denied: user deactivated; id = 686594746
Error: error_code = 15; Access denied: user deactivated; id = 346098315
Error: error_code = 30; This profile is private; id = 711041018
Error: error_code = 30; This profile is private; id = 709444127
Error: error_code = 30; This profile is private; id = 180292321
Error: error_code = 30; This profile is private; id = 49817354
Error: error_code = 15; Access denied: user deactivated; id = 485775976
Error: error_code = 15; Access denied: user deactivated; id = 142832458
Error: error_code = 30; This profile is private; id = 429282602
Error: error_code = 30; This profile is private; id = 337228731
Error: error_code = 30; This profile is private; id = 179430003
Error: error_code = 30; This profile is private; id = 524849265
Error: error_code = 30; This profile is private; id = 594045751
Error: error_code = 30; This profile is private; id = 1624441
Error: error_code = 30; This profile is private; id = 204832694
Error: error_code = 30; This profile is private; id = 344505549
Error: error_code = 30; This profile is private; id = 694556669
Error: error_code = 15; Access denied: user deactivated; id = 203218750
Error: error_code = 30; This profile is private; id = 248239875
Error: error_code = 15; Access denied: user deactivated; id = 656348238
Error: error_code = 30; This profile is private; id = 105901880
Error: error_code = 15; Access denied: user deactivated; id = 559710043
Error: error_code = 30; This profile is private; id = 59907553
Error: error_code = 30; This profile is private; id = 2870563
Error: error_code = 15; Access denied: user deactivated; id = 370379663
Error: error_code = 30; This profile is private; id = 106855472
Error: error_code = 30; This profile is private; id = 543290026
Error: error_code = 15; Access denied: user deactivated; id = 429549843
Error: error_code = 30; This profile is private; id = 546157662
Error: error_code = 30; This profile is private; id = 420013275
Error: error_code = 30; This profile is private; id = 14520491
Error: error_code = 15; Access denied: user deactivated; id = 209756125
Error: error_code = 30; This profile is private; id = 657140949
Error: error_code = 15; Access denied: user deactivated; id = 389249140
Error: error_code = 15; Access denied: user deactivated; id = 713073622
Error: error_code = 30; This profile is private; id = 398739519
Error: error_code = 30; This profile is private; id = 323775521
Error: error_code = 30; This profile is private; id = 25703801
Error: error_code = 15; Access denied: user deactivated; id = 73737390
Error: error_code = 30; This profile is private; id = 223196678
Error: error_code = 30; This profile is private; id = 663467674
Error: error_code = 15; Access denied: user deactivated; id = 451276770
Error: error_code = 15; Access denied: user deactivated; id = 634840648
Error: error_code = 30; This profile is private; id = 97561436
Error: error_code = 15; Access denied: user deactivated; id = 213845779
Error: error_code = 15; Access denied: user deactivated; id = 419115511
Error: error_code = 30; This profile is private; id = 369141128
Error: error_code = 30; This profile is private; id = 419046570
Error: error_code = 30; This profile is private; id = 410659185
Error: error_code = 30; This profile is private; id = 332312053
Error: error_code = 30; This profile is private; id = 671866026
Error: error_code = 30; This profile is private; id = 217984585
Error: error_code = 30; This profile is private; id = 57496752
Error: error_code = 30; This profile is private; id = 70144439
Error: error_code = 15; Access denied: user deactivated; id = 429755695
Error: error_code = 30; This profile is private; id = 613562700
Error: error_code = 15; Access denied: user deactivated; id = 213646913
Error: error_code = 15; Access denied: user deactivated; id = 218497260
Error: error_code = 15; Access denied: user deactivated; id = 370628289
Error: error_code = 30; This profile is private; id = 139825763
Error: error_code = 30; This profile is private; id = 512391271
Error: error_code = 30; This profile is private; id = 203652367
Error: error_code = 15; Access denied: user deactivated; id = 181840672
Error: error_code = 30; This profile is private; id = 687367777
Error: error_code = 30; This profile is private; id = 526514455
Error: error_code = 30; This profile is private; id = 178311134
Error: error_code = 30; This profile is private; id = 445952736
Error: error_code = 15; Access denied: user deactivated; id = 262377458
Error: error_code = 30; This profile is private; id = 484634631
Error: error_code = 15; Access denied: user deactivated; id = 403371533
Error: error_code = 30; This profile is private; id = 321889681
Error: error_code = 30; This profile is private; id = 55009983
Error: error_code = 15; Access denied: user deactivated; id = 190755471
Error: error_code = 15; Access denied: user deactivated; id = 130006565
Error: error_code = 15; Access denied: user deactivated; id = 401318066
Error: error_code = 15; Access denied: user deactivated; id = 545055881
Error: error_code = 30; This profile is private; id = 1090009
Error: error_code = 15; Access denied: user deactivated; id = 417130469
Error: error_code = 15; Access denied: user deactivated; id = 313049537
Error: error_code = 30; This profile is private; id = 258542060
Error: error_code = 30; This profile is private; id = 317461823
Error: error_code = 30; This profile is private; id = 148120558
Error: error_code = 30; This profile is private; id = 516582060
Error: error_code = 30; This profile is private; id = 210469686
Error: error_code = 30; This profile is private; id = 35709635
Error: error_code = 30; This profile is private; id = 180132875
Error: error_code = 30; This profile is private; id = 6647610
Error: error_code = 15; Access denied: user deactivated; id = 170376807
Error: error_code = 15; Access denied: user deactivated; id = 246392841
Error: error_code = 15; Access denied: user deactivated; id = 14431026
Error: error_code = 30; This profile is private; id = 339206299
Error: error_code = 30; This profile is private; id = 32139602
Error: error_code = 30; This profile is private; id = 173208024
Error: error_code = 30; This profile is private; id = 575948398
Error: error_code = 15; Access denied: user deactivated; id = 348906184
Error: error_code = 30; This profile is private; id = 278211948
Error: error_code = 30; This profile is private; id = 485351692
Error: error_code = 30; This profile is private; id = 181598223
Error: error_code = 30; This profile is private; id = 682983169
Error: error_code = 30; This profile is private; id = 307357714
Error: error_code = 30; This profile is private; id = 522060465
Error: error_code = 15; Access denied: user deactivated; id = 173032912
Error: error_code = 30; This profile is private; id = 266470070
Error: error_code = 15; Access denied: user deactivated; id = 144377226
Error: error_code = 30; This profile is private; id = 563011638
Error: error_code = 30; This profile is private; id = 668565853
Error: error_code = 30; This profile is private; id = 73464943
Error: error_code = 30; This profile is private; id = 151664453
Error: error_code = 15; Access denied: user deactivated; id = 223980435
Error: error_code = 15; Access denied: user deactivated; id = 201948826
Error: error_code = 15; Access denied: user deactivated; id = 430389326
Error: error_code = 15; Access denied: user deactivated; id = 231005891
Error: error_code = 15; Access denied: user deactivated; id = 222116568
Error: error_code = 30; This profile is private; id = 227073143
Error: error_code = 30; This profile is private; id = 395593610
Error: error_code = 30; This profile is private; id = 132100978
Error: error_code = 30; This profile is private; id = 546665429
Error: error_code = 15; Access denied: user deactivated; id = 409258005
Error: error_code = 30; This profile is private; id = 168884698
Error: error_code = 30; This profile is private; id = 132899782
Error: error_code = 15; Access denied: user deactivated; id = 65667902
Error: error_code = 15; Access denied: user deactivated; id = 248308148
Error: error_code = 30; This profile is private; id = 117546779
Error: error_code = 15; Access denied: user deactivated; id = 270771205
Error: error_code = 30; This profile is private; id = 612613087
Error: error_code = 30; This profile is private; id = 572253713
Error: error_code = 15; Access denied: user deactivated; id = 171958301
Error: error_code = 30; This profile is private; id = 630929678
Error: error_code = 15; Access denied: user deactivated; id = 176423070
Error: error_code = 30; This profile is private; id = 532805662
Error: error_code = 15; Access denied: user deactivated; id = 169381475
Error: error_code = 15; Access denied: user deactivated; id = 29900657
Error: error_code = 30; This profile is private; id = 693994408
Error: error_code = 30; This profile is private; id = 474166085
Error: error_code = 30; This profile is private; id = 711510346
Error: error_code = 15; Access denied: user deactivated; id = 661835576
Error: error_code = 15; Access denied: user deactivated; id = 289088278
Error: error_code = 30; This profile is private; id = 691527065
Error: error_code = 30; This profile is private; id = 547513076
Error: error_code = 30; This profile is private; id = 428609901
Error: error_code = 15; Access denied: user deactivated; id = 21754898
Error: error_code = 30; This profile is private; id = 535451794
Error: error_code = 15; Access denied: user deactivated; id = 671089782
Error: error_code = 30; This profile is private; id = 367766613
Error: error_code = 15; Access denied: user deactivated; id = 382208763
Error: error_code = 15; Access denied: user deactivated; id = 180042923
Error: error_code = 15; Access denied: user deactivated; id = 440305241
Error: error_code = 15; Access denied: user deactivated; id = 544902658
Error: error_code = 15; Access denied: user deactivated; id = 536616159
Error: error_code = 15; Access denied: user deactivated; id = 220376861
Error: error_code = 30; This profile is private; id = 415823999
Error: error_code = 15; Access denied: user deactivated; id = 404028957
Error: error_code = 30; This profile is private; id = 370992920
Error: error_code = 15; Access denied: user deactivated; id = 353243598
Error: error_code = 30; This profile is private; id = 193667941
Error: error_code = 15; Access denied: user deactivated; id = 393327776
Error: error_code = 30; This profile is private; id = 713318177
Error: error_code = 30; This profile is private; id = 351702188
Error: error_code = 30; This profile is private; id = 658678125
Error: error_code = 15; Access denied: user deactivated; id = 416423836
Error: error_code = 30; This profile is private; id = 5314066
Error: error_code = 15; Access denied: user deactivated; id = 173383434
Error: error_code = 30; This profile is private; id = 170945585
Error: error_code = 15; Access denied: user deactivated; id = 239648700
Error: error_code = 15; Access denied: user deactivated; id = 445984641
Error: error_code = 15; Access denied: user deactivated; id = 165673779
Error: error_code = 30; This profile is private; id = 698817954
Error: error_code = 30; This profile is private; id = 554224492
Error: error_code = 15; Access denied: user deactivated; id = 617807935
Error: error_code = 30; This profile is private; id = 2875109
Error: error_code = 30; This profile is private; id = 403548773
Error: error_code = 15; Access denied: user deactivated; id = 131693851
Error: error_code = 15; Access denied: user deactivated; id = 269177666
Error: error_code = 30; This profile is private; id = 591565853
Error: error_code = 15; Access denied: user deactivated; id = 423932033
Error: error_code = 30; This profile is private; id = 289836510
Error: error_code = 30; This profile is private; id = 394681236
Error: error_code = 30; This profile is private; id = 137117383
Error: error_code = 30; This profile is private; id = 443737523
Error: error_code = 15; Access denied: user deactivated; id = 95554366
Error: error_code = 30; This profile is private; id = 56232432
Error: error_code = 30; This profile is private; id = 401807745
Error: error_code = 30; This profile is private; id = 629048492
Error: error_code = 30; This profile is private; id = 675106902
Error: error_code = 15; Access denied: user deactivated; id = 207688858
Error: error_code = 15; Access denied: user deactivated; id = 133836576
Error: error_code = 30; This profile is private; id = 232452799
Error: error_code = 30; This profile is private; id = 264848906
Error: error_code = 30; This profile is private; id = 178654936
Error: error_code = 15; Access denied: user deactivated; id = 370324622
Error: error_code = 30; This profile is private; id = 665456041
Error: error_code = 30; This profile is private; id = 14089125
Error: error_code = 30; This profile is private; id = 142748179
Error: error_code = 30; This profile is private; id = 586111913
Error: error_code = 30; This profile is private; id = 32670481
Error: error_code = 30; This profile is private; id = 18323888
Error: error_code = 30; This profile is private; id = 5195054
Error: error_code = 15; Access denied: user deactivated; id = 1467439
Error: error_code = 30; This profile is private; id = 620110859
Error: error_code = 30; This profile is private; id = 22424143
Error: error_code = 15; Access denied: user deactivated; id = 212956383
Error: error_code = 15; Access denied: user deactivated; id = 400715143
Error: error_code = 15; Access denied: user deactivated; id = 509328253
Error: error_code = 30; This profile is private; id = 619756311
Error: error_code = 15; Access denied: user deactivated; id = 400040511
Error: error_code = 30; This profile is private; id = 35996816
Error: error_code = 30; This profile is private; id = 401029275
Error: error_code = 30; This profile is private; id = 445786037
Error: error_code = 30; This profile is private; id = 90905084
Error: error_code = 30; This profile is private; id = 664390984
Error: error_code = 15; Access denied: user deactivated; id = 355734383
Error: error_code = 15; Access denied: user deactivated; id = 473958896
Error: error_code = 15; Access denied: user deactivated; id = 645547508
Error: error_code = 15; Access denied: user deactivated; id = 24298463
Error: error_code = 15; Access denied: user deactivated; id = 270391982
Error: error_code = 30; This profile is private; id = 286805838
Error: error_code = 30; This profile is private; id = 123041286
Error: error_code = 15; Access denied: user deactivated; id = 272293749
Error: error_code = 30; This profile is private; id = 269904396
Error: error_code = 30; This profile is private; id = 290117942
Error: error_code = 30; This profile is private; id = 558661421
Error: error_code = 15; Access denied: user deactivated; id = 562500669
Error: error_code = 30; This profile is private; id = 17582595
Error: error_code = 30; This profile is private; id = 6786704
Error: error_code = 30; This profile is private; id = 474382554
Error: error_code = 30; This profile is private; id = 219422022
Error: error_code = 30; This profile is private; id = 70497772
Error: error_code = 30; This profile is private; id = 653966532
Error: error_code = 15; Access denied: user deactivated; id = 226697360
Error: error_code = 30; This profile is private; id = 343756009
Error: error_code = 15; Access denied: user deactivated; id = 302394917
Error: error_code = 30; This profile is private; id = 20654610
Error: error_code = 15; Access denied: user deactivated; id = 408680221
Error: error_code = 30; This profile is private; id = 249827455
Error: error_code = 30; This profile is private; id = 302048891
Error: error_code = 30; This profile is private; id = 541443800
Error: error_code = 15; Access denied: user deactivated; id = 619786437
Error: error_code = 30; This profile is private; id = 190485980
Error: error_code = 15; Access denied: user deactivated; id = 151286931
Error: error_code = 15; Access denied: user deactivated; id = 194441497
Error: error_code = 30; This profile is private; id = 371834017
Error: error_code = 15; Access denied: user deactivated; id = 257123826
Error: error_code = 30; This profile is private; id = 224272788
Error: error_code = 15; Access denied: user deactivated; id = 221571073
Error: error_code = 15; Access denied: user deactivated; id = 361344951
Error: error_code = 30; This profile is private; id = 642475278
Error: error_code = 15; Access denied: user deactivated; id = 117475159
Error: error_code = 30; This profile is private; id = 2278293
Error: error_code = 30; This profile is private; id = 197978609
Error: error_code = 30; This profile is private; id = 155992313
Error: error_code = 15; Access denied: user deactivated; id = 75555505
Error: error_code = 30; This profile is private; id = 224679401
Error: error_code = 30; This profile is private; id = 193630269
Error: error_code = 30; This profile is private; id = 147886600
Error: error_code = 15; Access denied: user deactivated; id = 500010709
Error: error_code = 15; Access denied: user deactivated; id = 48924945
Error: error_code = 30; This profile is private; id = 530019345
Error: error_code = 30; This profile is private; id = 712566150
Error: error_code = 30; This profile is private; id = 631576339
Error: error_code = 30; This profile is private; id = 548979443
Error: error_code = 30; This profile is private; id = 556765330
Error: error_code = 30; This profile is private; id = 703458559
Error: error_code = 30; This profile is private; id = 249780148
Error: error_code = 30; This profile is private; id = 695958262
Error: error_code = 30; This profile is private; id = 673789648
Error: error_code = 30; This profile is private; id = 616983933
Error: error_code = 30; This profile is private; id = 568610981
Error: error_code = 30; This profile is private; id = 202807695
Error: error_code = 30; This profile is private; id = 656399573
Error: error_code = 30; This profile is private; id = 578694748
Error: error_code = 30; This profile is private; id = 596283294
Error: error_code = 15; Access denied: user deactivated; id = 668518681
Error: error_code = 15; Access denied: user deactivated; id = 561677716
Error: error_code = 30; This profile is private; id = 359506578
Error: error_code = 30; This profile is private; id = 711437796
Error: error_code = 15; Access denied: user deactivated; id = 267183203
Error: error_code = 30; This profile is private; id = 581780439
Error: error_code = 15; Access denied: user deactivated; id = 43863312
Error: error_code = 30; This profile is private; id = 688776867
Error: error_code = 30; This profile is private; id = 176185967
Error: error_code = 30; This profile is private; id = 517995625
Error: error_code = 30; This profile is private; id = 696290717
Error: error_code = 30; This profile is private; id = 459377579
Error: error_code = 30; This profile is private; id = 674811991
Error: error_code = 30; This profile is private; id = 576092445
Error: error_code = 15; Access denied: user deactivated; id = 644528853
Error: error_code = 30; This profile is private; id = 468181931
Error: error_code = 30; This profile is private; id = 615921722
Error: error_code = 30; This profile is private; id = 689927282
Error: error_code = 30; This profile is private; id = 619713062
Error: error_code = 30; This profile is private; id = 117535253
Error: error_code = 15; Access denied: user deactivated; id = 659802719
Error: error_code = 15; Access denied: user deactivated; id = 362274138
Error: error_code = 30; This profile is private; id = 363505014
Error: error_code = 30; This profile is private; id = 131545461
Error: error_code = 30; This profile is private; id = 541539182
Error: error_code = 30; This profile is private; id = 497660843
Error: error_code = 15; Access denied: user deactivated; id = 673568009
Error: error_code = 30; This profile is private; id = 154377848
Error: error_code = 30; This profile is private; id = 75180263
Error: error_code = 30; This profile is private; id = 535499475
Error: error_code = 30; This profile is private; id = 703386114
Error: error_code = 30; This profile is private; id = 656228782
Error: error_code = 30; This profile is private; id = 209549775
Error: error_code = 30; This profile is private; id = 117729498
Error: error_code = 30; This profile is private; id = 226511502
Error: error_code = 30; This profile is private; id = 409066180
Error: error_code = 15; Access denied: user deactivated; id = 131966665
Error: error_code = 15; Access denied: user deactivated; id = 142893805
Error: error_code = 15; Access denied: user deactivated; id = 586594519
Error: error_code = 15; Access denied: user deactivated; id = 647394300
Error: error_code = 15; Access denied: user deactivated; id = 259085394
Error: error_code = 30; This profile is private; id = 232785951
Error: error_code = 15; Access denied: user deactivated; id = 656771321
Error: error_code = 30; This profile is private; id = 354231598
Error: error_code = 30; This profile is private; id = 709735887
Error: error_code = 30; This profile is private; id = 410110315
Error: error_code = 30; This profile is private; id = 477074068
Error: error_code = 30; This profile is private; id = 563615973
Error: error_code = 15; Access denied: user deactivated; id = 665044218
Error: error_code = 30; This profile is private; id = 536612910
Error: error_code = 30; This profile is private; id = 550936084
Error: error_code = 30; This profile is private; id = 618849327
Error: error_code = 15; Access denied: user deactivated; id = 630942020
Error: error_code = 30; This profile is private; id = 698546692
Error: error_code = 30; This profile is private; id = 618833475
Error: error_code = 15; Access denied: user deactivated; id = 650858719
Error: error_code = 30; This profile is private; id = 239627679
Error: error_code = 30; This profile is private; id = 340294023
Error: error_code = 30; This profile is private; id = 431952804
Error: error_code = 30; This profile is private; id = 673957852
Error: error_code = 30; This profile is private; id = 315847871
Error: error_code = 30; This profile is private; id = 31597774
Error: error_code = 30; This profile is private; id = 45841334
Error: error_code = 30; This profile is private; id = 3162038
Error: error_code = 30; This profile is private; id = 249736405
Error: error_code = 30; This profile is private; id = 662743429
Error: error_code = 30; This profile is private; id = 591249814
Error: error_code = 30; This profile is private; id = 695836655
Error: error_code = 30; This profile is private; id = 696578996
Error: error_code = 15; Access denied: user deactivated; id = 711878792
Error: error_code = 30; This profile is private; id = 403211039
Error: error_code = 30; This profile is private; id = 545299738
Error: error_code = 30; This profile is private; id = 522416470
Error: error_code = 30; This profile is private; id = 663898507
Error: error_code = 30; This profile is private; id = 332055257
Error: error_code = 30; This profile is private; id = 480804733
Error: error_code = 30; This profile is private; id = 618285549
Error: error_code = 30; This profile is private; id = 611091761
Error: error_code = 30; This profile is private; id = 625828050
Error: error_code = 30; This profile is private; id = 528998445
Error: error_code = 30; This profile is private; id = 563600743
Error: error_code = 30; This profile is private; id = 446834314
Error: error_code = 15; Access denied: user deactivated; id = 499848712
Error: error_code = 15; Access denied: user deactivated; id = 703899987
Error: error_code = 30; This profile is private; id = 173120880
Error: error_code = 30; This profile is private; id = 367102311
Error: error_code = 30; This profile is private; id = 548520470
Error: error_code = 15; Access denied: user deactivated; id = 510313838
Error: error_code = 15; Access denied: user deactivated; id = 505361788
Error: error_code = 30; This profile is private; id = 310309477
Error: error_code = 30; This profile is private; id = 652980576
Error: error_code = 30; This profile is private; id = 524684132
Error: error_code = 30; This profile is private; id = 622333056
Error: error_code = 30; This profile is private; id = 621301893
Error: error_code = 30; This profile is private; id = 612373583
Error: error_code = 30; This profile is private; id = 248259385
Error: error_code = 30; This profile is private; id = 605949377
Error: error_code = 15; Access denied: user deactivated; id = 712087965
Error: error_code = 30; This profile is private; id = 552432504
Error: error_code = 15; Access denied: user deactivated; id = 396145186
Error: error_code = 30; This profile is private; id = 693315175
Error: error_code = 30; This profile is private; id = 469117335
Error: error_code = 30; This profile is private; id = 168457024
Error: error_code = 30; This profile is private; id = 39126713
Error: error_code = 30; This profile is private; id = 230418275
Error: error_code = 30; This profile is private; id = 611604280
Error: error_code = 30; This profile is private; id = 186564628
Error: error_code = 15; Access denied: user deactivated; id = 164488990
Error: error_code = 30; This profile is private; id = 605285406
Error: error_code = 30; This profile is private; id = 555622487
Error: error_code = 30; This profile is private; id = 657867065
Error: error_code = 15; Access denied: user deactivated; id = 73313186
Error: error_code = 30; This profile is private; id = 427714441
Error: error_code = 30; This profile is private; id = 439054602
Error: error_code = 30; This profile is private; id = 551677412
Error: error_code = 30; This profile is private; id = 96767384
Error: error_code = 30; This profile is private; id = 425154196
Error: error_code = 30; This profile is private; id = 100476073
Error: error_code = 30; This profile is private; id = 552281252
Error: error_code = 30; This profile is private; id = 645907022
Error: error_code = 30; This profile is private; id = 605267708
Error: error_code = 30; This profile is private; id = 518543489
Error: error_code = 30; This profile is private; id = 182520444
Error: error_code = 30; This profile is private; id = 676066121
Error: error_code = 15; Access denied: user deactivated; id = 405573461
Error: error_code = 30; This profile is private; id = 641850348
Error: error_code = 30; This profile is private; id = 707891283
Error: error_code = 30; This profile is private; id = 660846514
Error: error_code = 15; Access denied: user deactivated; id = 91210143
Error: error_code = 30; This profile is private; id = 51484155
Error: error_code = 30; This profile is private; id = 718027539
Error: error_code = 30; This profile is private; id = 710914611
Error: error_code = 30; This profile is private; id = 439959446
Error: error_code = 15; Access denied: user deactivated; id = 173017362
Error: error_code = 15; Access denied: user deactivated; id = 184035840
Error: error_code = 30; This profile is private; id = 452164698
Error: error_code = 30; This profile is private; id = 227143370
Error: error_code = 30; This profile is private; id = 436781797
Error: error_code = 30; This profile is private; id = 119211129
Error: error_code = 30; This profile is private; id = 524625509
Error: error_code = 30; This profile is private; id = 564145979
Error: error_code = 30; This profile is private; id = 415179850
Error: error_code = 30; This profile is private; id = 347262391
Error: error_code = 30; This profile is private; id = 552871050
Error: error_code = 30; This profile is private; id = 587301541
Error: error_code = 30; This profile is private; id = 123121715
Error: error_code = 30; This profile is private; id = 615356204
Error: error_code = 30; This profile is private; id = 667518936
Error: error_code = 30; This profile is private; id = 662959914
Error: error_code = 30; This profile is private; id = 568225691
Error: error_code = 30; This profile is private; id = 580670648
Error: error_code = 30; This profile is private; id = 596430401
Error: error_code = 30; This profile is private; id = 27551262
Error: error_code = 30; This profile is private; id = 26558393
Error: error_code = 30; This profile is private; id = 133353705
Error: error_code = 30; This profile is private; id = 571491535
Error: error_code = 30; This profile is private; id = 575971985
Error: error_code = 30; This profile is private; id = 645083383
Error: error_code = 30; This profile is private; id = 534587460
Error: error_code = 30; This profile is private; id = 69316476
Error: error_code = 15; Access denied: user deactivated; id = 707514673
Error: error_code = 30; This profile is private; id = 642543208
Error: error_code = 30; This profile is private; id = 6140491
Error: error_code = 30; This profile is private; id = 22934680
Error: error_code = 15; Access denied: user deactivated; id = 608784600
Error: error_code = 30; This profile is private; id = 269080548
Error: error_code = 30; This profile is private; id = 270736902
Error: error_code = 15; Access denied: user deactivated; id = 475299239
Error: error_code = 30; This profile is private; id = 626559885
Error: error_code = 30; This profile is private; id = 563769985
Error: error_code = 15; Access denied: user deactivated; id = 330107052
Error: error_code = 30; This profile is private; id = 697189993
Error: error_code = 30; This profile is private; id = 162152622
Error: error_code = 30; This profile is private; id = 501087508
Error: error_code = 15; Access denied: user deactivated; id = 699014720
Error: error_code = 30; This profile is private; id = 712586771
Error: error_code = 30; This profile is private; id = 712412773
Error: error_code = 30; This profile is private; id = 403560982
Error: error_code = 30; This profile is private; id = 615517984
Error: error_code = 30; This profile is private; id = 534066732
Error: error_code = 30; This profile is private; id = 652481500
Error: error_code = 30; This profile is private; id = 696921534
Error: error_code = 30; This profile is private; id = 665169220
Error: error_code = 30; This profile is private; id = 638060118
Error: error_code = 30; This profile is private; id = 61020817
Error: error_code = 15; Access denied: user deactivated; id = 461247530
Error: error_code = 30; This profile is private; id = 123535655
Error: error_code = 30; This profile is private; id = 280368357
Error: error_code = 15; Access denied: user deactivated; id = 669000418
Error: error_code = 30; This profile is private; id = 385696113
Error: error_code = 30; This profile is private; id = 590449650
Error: error_code = 30; This profile is private; id = 193345306
Error: error_code = 30; This profile is private; id = 615329589
Error: error_code = 30; This profile is private; id = 695129196
Error: error_code = 30; This profile is private; id = 513379002
Error: error_code = 30; This profile is private; id = 380716515
Error: error_code = 30; This profile is private; id = 309841099
Error: error_code = 30; This profile is private; id = 355828504
Error: error_code = 30; This profile is private; id = 679876994
Error: error_code = 30; This profile is private; id = 328311835
Error: error_code = 30; This profile is private; id = 371897587
Error: error_code = 30; This profile is private; id = 164451967
Error: error_code = 30; This profile is private; id = 640940159
Error: error_code = 30; This profile is private; id = 103707214
Error: error_code = 30; This profile is private; id = 653563662
Error: error_code = 30; This profile is private; id = 259071358
Error: error_code = 30; This profile is private; id = 691476984
Error: error_code = 30; This profile is private; id = 71849398
Error: error_code = 15; Access denied: user deactivated; id = 708665971
Error: error_code = 30; This profile is private; id = 473330727
Error: error_code = 30; This profile is private; id = 621532020
Error: error_code = 30; This profile is private; id = 573147020
Error: error_code = 30; This profile is private; id = 677121787
Error: error_code = 15; Access denied: user deactivated; id = 666846701
Error: error_code = 30; This profile is private; id = 423374604
Error: error_code = 30; This profile is private; id = 529032568
Error: error_code = 30; This profile is private; id = 507009366
Error: error_code = 30; This profile is private; id = 152632916
Error: error_code = 15; Access denied: user deactivated; id = 210881705
Error: error_code = 15; Access denied: user deactivated; id = 569230486
Error: error_code = 30; This profile is private; id = 226149136
Error: error_code = 30; This profile is private; id = 456652802
Error: error_code = 30; This profile is private; id = 474640817
Error: error_code = 30; This profile is private; id = 702274853
Error: error_code = 30; This profile is private; id = 692965827
Error: error_code = 30; This profile is private; id = 242280402
Error: error_code = 30; This profile is private; id = 706699031
Error: error_code = 30; This profile is private; id = 581536221
Error: error_code = 30; This profile is private; id = 685669683
Error: error_code = 30; This profile is private; id = 106594041
Error: error_code = 30; This profile is private; id = 617532059
Error: error_code = 30; This profile is private; id = 60659826
Error: error_code = 30; This profile is private; id = 716951799
Error: error_code = 15; Access denied: user deactivated; id = 552454377
Error: error_code = 30; This profile is private; id = 137733696
Error: error_code = 30; This profile is private; id = 171907622
Error: error_code = 30; This profile is private; id = 597660990
Error: error_code = 30; This profile is private; id = 555808468
Error: error_code = 30; This profile is private; id = 317762456
Error: error_code = 30; This profile is private; id = 97361182
Error: error_code = 30; This profile is private; id = 635460921
Error: error_code = 30; This profile is private; id = 602034936
Error: error_code = 15; Access denied: user deactivated; id = 620349558
Error: error_code = 15; Access denied: user deactivated; id = 711099244
Error: error_code = 30; This profile is private; id = 479768375
Error: error_code = 30; This profile is private; id = 158654651
Error: error_code = 30; This profile is private; id = 667095712
Error: error_code = 15; Access denied: user deactivated; id = 689017664
Error: error_code = 30; This profile is private; id = 326457004
Error: error_code = 30; This profile is private; id = 708067009
Error: error_code = 15; Access denied: user deactivated; id = 396692907
Error: error_code = 30; This profile is private; id = 276506517
Error: error_code = 30; This profile is private; id = 134254066
Error: error_code = 30; This profile is private; id = 213469858
Error: error_code = 15; Access denied: user deactivated; id = 699261527
Error: error_code = 30; This profile is private; id = 536976746
Error: error_code = 30; This profile is private; id = 562803017
Error: error_code = 30; This profile is private; id = 534904785
Error: error_code = 30; This profile is private; id = 290198191
Error: error_code = 30; This profile is private; id = 467528426
Error: error_code = 30; This profile is private; id = 695961456
Error: error_code = 30; This profile is private; id = 97709091
Error: error_code = 30; This profile is private; id = 544351199
Error: error_code = 30; This profile is private; id = 477555419
Error: error_code = 30; This profile is private; id = 203340724
Error: error_code = 30; This profile is private; id = 714446531
Error: error_code = 30; This profile is private; id = 652369076
